2026-04-07 13:00:45 [INFO] Logging directory: research/results/metaschedule/8020/iter_01/be6598108ed7b9e8/mlp_expand/M_16/logs
2026-04-07 13:00:45 [INFO] [task_scheduler.cc:165] Initializing Task #0: "main"
2026-04-07 13:00:45 [INFO] [task_scheduler.cc:326] 
 ID | Name |     FLOP | Weight | Speed (GFLOPS) | Latency (us) | Weighted Latency (us) | Trials | Done 
-------------------------------------------------------------------------------------------------------
  0 | main | 75497472 |      1 |            N/A |          N/A |                   N/A |      0 |      
-------------------------------------------------------------------------------------------------------
Total trials: 0
Total latency (us): 0

2026-04-07 13:00:45 [INFO] [task_scheduler.cc:186] TaskScheduler picks Task #0: "main"
2026-04-07 13:00:47 [INFO] [task_scheduler.cc:199] Sending 32 sample(s) to builder
2026-04-07 13:00:54 [INFO] [task_scheduler.cc:201] Sending 32 sample(s) to runner
2026-04-07 13:01:04 [DEBUG] XGB iter   0: tr-p-rmse: 0.402701	tr-a-peak@32: 1.000000	tr-rmse: 0.290253	tr-rmse: 0.290253
2026-04-07 13:01:04 [DEBUG] XGB iter  25: tr-p-rmse: 0.052017	tr-a-peak@32: 1.000000	tr-rmse: 0.335842	tr-rmse: 0.335842
2026-04-07 13:01:04 [DEBUG] XGB iter  50: tr-p-rmse: 0.051998	tr-a-peak@32: 1.000000	tr-rmse: 0.335869	tr-rmse: 0.335869
2026-04-07 13:01:04 [DEBUG] XGB iter  75: tr-p-rmse: 0.051998	tr-a-peak@32: 1.000000	tr-rmse: 0.335869	tr-rmse: 0.335869
2026-04-07 13:01:04 [DEBUG] XGB stopped. Best iteration: [37] tr-p-rmse:0.05200	tr-a-peak@32:1.00000	tr-rmse:0.33587	tr-rmse:0.33587 
2026-04-07 13:01:04 [INFO] [task_scheduler.cc:243] [Updated] Task #0: "main"
2026-04-07 13:01:04 [INFO] [task_scheduler.cc:326] 
 ID | Name |     FLOP | Weight | Speed (GFLOPS) | Latency (us) | Weighted Latency (us) | Trials | Done 
-------------------------------------------------------------------------------------------------------
  0 | main | 75497472 |      1 |        75.7044 |     997.2665 |              997.2665 |     32 |      
-------------------------------------------------------------------------------------------------------
Total trials: 32
Total latency (us): 997.267

2026-04-07 13:01:04 [INFO] [task_scheduler.cc:186] TaskScheduler picks Task #0: "main"
2026-04-07 13:01:06 [INFO] [task_scheduler.cc:199] Sending 32 sample(s) to builder
2026-04-07 13:01:14 [INFO] [task_scheduler.cc:201] Sending 32 sample(s) to runner
2026-04-07 13:01:23 [DEBUG] XGB validation: p-rmse: 0.250995	a-peak@32: 0.955507
2026-04-07 13:01:23 [DEBUG] XGB iter   0: tr-p-rmse: 0.409061	tr-a-peak@32: 0.998202	tr-rmse: 0.293730	tr-rmse: 0.293730
2026-04-07 13:01:23 [DEBUG] XGB iter  25: tr-p-rmse: 0.060671	tr-a-peak@32: 1.000000	tr-rmse: 0.325212	tr-rmse: 0.325212
2026-04-07 13:01:23 [DEBUG] XGB iter  50: tr-p-rmse: 0.060675	tr-a-peak@32: 1.000000	tr-rmse: 0.325205	tr-rmse: 0.325205
2026-04-07 13:01:23 [DEBUG] XGB stopped. Best iteration: [20] tr-p-rmse:0.06063	tr-a-peak@32:1.00000	tr-rmse:0.32527	tr-rmse:0.32527 
2026-04-07 13:01:23 [INFO] [task_scheduler.cc:243] [Updated] Task #0: "main"
2026-04-07 13:01:23 [INFO] [task_scheduler.cc:326] 
 ID | Name |     FLOP | Weight | Speed (GFLOPS) | Latency (us) | Weighted Latency (us) | Trials | Done 
-------------------------------------------------------------------------------------------------------
  0 | main | 75497472 |      1 |        75.7044 |     997.2665 |              997.2665 |     64 |      
-------------------------------------------------------------------------------------------------------
Total trials: 64
Total latency (us): 997.267

2026-04-07 13:01:23 [INFO] [task_scheduler.cc:186] TaskScheduler picks Task #0: "main"
2026-04-07 13:01:25 [INFO] [task_scheduler.cc:199] Sending 32 sample(s) to builder
2026-04-07 13:01:32 [INFO] [task_scheduler.cc:201] Sending 32 sample(s) to runner
2026-04-07 13:01:42 [DEBUG] XGB validation: p-rmse: 0.281917	a-peak@32: 0.973004
2026-04-07 13:01:42 [DEBUG] XGB iter   0: tr-p-rmse: 0.452988	tr-a-peak@32: 1.000000	tr-rmse: 0.205559	tr-rmse: 0.205559
2026-04-07 13:01:42 [DEBUG] XGB iter  25: tr-p-rmse: 0.063269	tr-a-peak@32: 1.000000	tr-rmse: 0.244920	tr-rmse: 0.244920
2026-04-07 13:01:42 [DEBUG] XGB iter  50: tr-p-rmse: 0.063255	tr-a-peak@32: 1.000000	tr-rmse: 0.244937	tr-rmse: 0.244937
2026-04-07 13:01:42 [DEBUG] XGB iter  75: tr-p-rmse: 0.063255	tr-a-peak@32: 1.000000	tr-rmse: 0.244937	tr-rmse: 0.244937
2026-04-07 13:01:42 [DEBUG] XGB stopped. Best iteration: [34] tr-p-rmse:0.06326	tr-a-peak@32:1.00000	tr-rmse:0.24494	tr-rmse:0.24494 
2026-04-07 13:01:42 [INFO] [task_scheduler.cc:243] [Updated] Task #0: "main"
2026-04-07 13:01:42 [INFO] [task_scheduler.cc:326] 
 ID | Name |     FLOP | Weight | Speed (GFLOPS) | Latency (us) | Weighted Latency (us) | Trials | Done 
-------------------------------------------------------------------------------------------------------
  0 | main | 75497472 |      1 |       105.8932 |     712.9587 |              712.9587 |     96 |      
-------------------------------------------------------------------------------------------------------
Total trials: 96
Total latency (us): 712.959

2026-04-07 13:01:42 [INFO] [task_scheduler.cc:186] TaskScheduler picks Task #0: "main"
2026-04-07 13:01:44 [INFO] [task_scheduler.cc:199] Sending 32 sample(s) to builder
2026-04-07 13:01:54 [INFO] [task_scheduler.cc:201] Sending 32 sample(s) to runner
2026-04-07 13:02:03 [DEBUG] XGB validation: p-rmse: 0.175526	a-peak@32: 0.945609
2026-04-07 13:02:03 [DEBUG] XGB iter   0: tr-p-rmse: 0.455026	tr-a-peak@32: 0.609357	tr-rmse: 0.201330	tr-rmse: 0.201330
2026-04-07 13:02:03 [DEBUG] XGB iter  25: tr-p-rmse: 0.058771	tr-a-peak@32: 1.000000	tr-rmse: 0.237560	tr-rmse: 0.237560
2026-04-07 13:02:03 [DEBUG] XGB iter  50: tr-p-rmse: 0.058708	tr-a-peak@32: 1.000000	tr-rmse: 0.237635	tr-rmse: 0.237635
2026-04-07 13:02:03 [DEBUG] XGB iter  75: tr-p-rmse: 0.058708	tr-a-peak@32: 1.000000	tr-rmse: 0.237635	tr-rmse: 0.237635
2026-04-07 13:02:03 [DEBUG] XGB stopped. Best iteration: [36] tr-p-rmse:0.05871	tr-a-peak@32:1.00000	tr-rmse:0.23763	tr-rmse:0.23763 
2026-04-07 13:02:03 [INFO] [task_scheduler.cc:243] [Updated] Task #0: "main"
2026-04-07 13:02:03 [INFO] [task_scheduler.cc:326] 
 ID | Name |     FLOP | Weight | Speed (GFLOPS) | Latency (us) | Weighted Latency (us) | Trials | Done 
-------------------------------------------------------------------------------------------------------
  0 | main | 75497472 |      1 |       105.8932 |     712.9587 |              712.9587 |    128 |      
-------------------------------------------------------------------------------------------------------
Total trials: 128
Total latency (us): 712.959

2026-04-07 13:02:03 [INFO] [task_scheduler.cc:186] TaskScheduler picks Task #0: "main"
2026-04-07 13:02:08 [INFO] [task_scheduler.cc:199] Sending 32 sample(s) to builder
2026-04-07 13:02:19 [INFO] [task_scheduler.cc:201] Sending 32 sample(s) to runner
2026-04-07 13:02:28 [DEBUG] XGB validation: p-rmse: 0.194012	a-peak@32: 0.975733
2026-04-07 13:02:28 [DEBUG] XGB iter   0: tr-p-rmse: 0.413372	tr-a-peak@32: 0.990830	tr-rmse: 0.241736	tr-rmse: 0.241736
2026-04-07 13:02:28 [DEBUG] XGB iter  25: tr-p-rmse: 0.054914	tr-a-peak@32: 1.000000	tr-rmse: 0.295954	tr-rmse: 0.295954
2026-04-07 13:02:28 [DEBUG] XGB iter  50: tr-p-rmse: 0.054489	tr-a-peak@32: 1.000000	tr-rmse: 0.295999	tr-rmse: 0.295999
2026-04-07 13:02:28 [DEBUG] XGB iter  75: tr-p-rmse: 0.054489	tr-a-peak@32: 1.000000	tr-rmse: 0.295999	tr-rmse: 0.295999
2026-04-07 13:02:28 [DEBUG] XGB stopped. Best iteration: [38] tr-p-rmse:0.05449	tr-a-peak@32:1.00000	tr-rmse:0.29600	tr-rmse:0.29600 
2026-04-07 13:02:28 [INFO] [task_scheduler.cc:243] [Updated] Task #0: "main"
2026-04-07 13:02:28 [INFO] [task_scheduler.cc:326] 
 ID | Name |     FLOP | Weight | Speed (GFLOPS) | Latency (us) | Weighted Latency (us) | Trials | Done 
-------------------------------------------------------------------------------------------------------
  0 | main | 75497472 |      1 |       105.8932 |     712.9587 |              712.9587 |    160 |      
-------------------------------------------------------------------------------------------------------
Total trials: 160
Total latency (us): 712.959

2026-04-07 13:02:28 [INFO] [task_scheduler.cc:186] TaskScheduler picks Task #0: "main"
2026-04-07 13:02:33 [INFO] [task_scheduler.cc:199] Sending 32 sample(s) to builder
2026-04-07 13:02:40 [INFO] [task_scheduler.cc:201] Sending 32 sample(s) to runner
2026-04-07 13:02:48 [DEBUG] XGB validation: p-rmse: 0.222874	a-peak@32: 0.984711
2026-04-07 13:02:48 [DEBUG] XGB iter   0: tr-p-rmse: 0.388156	tr-a-peak@32: 0.943716	tr-rmse: 0.260694	tr-rmse: 0.260694
2026-04-07 13:02:48 [DEBUG] XGB iter  25: tr-p-rmse: 0.059841	tr-a-peak@32: 1.000000	tr-rmse: 0.320242	tr-rmse: 0.320242
2026-04-07 13:02:48 [DEBUG] XGB iter  50: tr-p-rmse: 0.059829	tr-a-peak@32: 1.000000	tr-rmse: 0.320263	tr-rmse: 0.320263
2026-04-07 13:02:48 [DEBUG] XGB iter  75: tr-p-rmse: 0.059829	tr-a-peak@32: 1.000000	tr-rmse: 0.320263	tr-rmse: 0.320263
2026-04-07 13:02:48 [DEBUG] XGB stopped. Best iteration: [32] tr-p-rmse:0.05983	tr-a-peak@32:1.00000	tr-rmse:0.32026	tr-rmse:0.32026 
2026-04-07 13:02:48 [INFO] [task_scheduler.cc:243] [Updated] Task #0: "main"
2026-04-07 13:02:48 [INFO] [task_scheduler.cc:326] 
 ID | Name |     FLOP | Weight | Speed (GFLOPS) | Latency (us) | Weighted Latency (us) | Trials | Done 
-------------------------------------------------------------------------------------------------------
  0 | main | 75497472 |      1 |       105.8932 |     712.9587 |              712.9587 |    192 |      
-------------------------------------------------------------------------------------------------------
Total trials: 192
Total latency (us): 712.959

2026-04-07 13:02:48 [INFO] [task_scheduler.cc:186] TaskScheduler picks Task #0: "main"
2026-04-07 13:02:54 [INFO] [task_scheduler.cc:199] Sending 32 sample(s) to builder
2026-04-07 13:03:00 [INFO] [task_scheduler.cc:201] Sending 32 sample(s) to runner
2026-04-07 13:03:09 [DEBUG] XGB validation: p-rmse: 0.165855	a-peak@32: 1.000000
2026-04-07 13:03:09 [INFO] [task_scheduler.cc:243] [Updated] Task #0: "main"
2026-04-07 13:03:09 [INFO] [task_scheduler.cc:326] 
 ID | Name |     FLOP | Weight | Speed (GFLOPS) | Latency (us) | Weighted Latency (us) | Trials | Done 
-------------------------------------------------------------------------------------------------------
  0 | main | 75497472 |      1 |       117.5567 |     642.2220 |              642.2220 |    224 |      
-------------------------------------------------------------------------------------------------------
Total trials: 224
Total latency (us): 642.222

2026-04-07 13:03:09 [INFO] [task_scheduler.cc:186] TaskScheduler picks Task #0: "main"
2026-04-07 13:03:14 [INFO] [task_scheduler.cc:199] Sending 32 sample(s) to builder
2026-04-07 13:03:21 [INFO] [task_scheduler.cc:201] Sending 32 sample(s) to runner
2026-04-07 13:03:30 [DEBUG] XGB validation: p-rmse: 0.215477	a-peak@32: 1.000000
2026-04-07 13:03:30 [DEBUG] XGB iter   0: tr-p-rmse: 0.370257	tr-a-peak@32: 0.971225	tr-rmse: 0.248294	tr-rmse: 0.248294
2026-04-07 13:03:30 [DEBUG] XGB iter  25: tr-p-rmse: 0.064198	tr-a-peak@32: 1.000000	tr-rmse: 0.319537	tr-rmse: 0.319537
2026-04-07 13:03:30 [DEBUG] XGB iter  50: tr-p-rmse: 0.064193	tr-a-peak@32: 1.000000	tr-rmse: 0.319546	tr-rmse: 0.319546
2026-04-07 13:03:30 [DEBUG] XGB iter  75: tr-p-rmse: 0.064193	tr-a-peak@32: 1.000000	tr-rmse: 0.319546	tr-rmse: 0.319546
2026-04-07 13:03:30 [DEBUG] XGB stopped. Best iteration: [32] tr-p-rmse:0.06419	tr-a-peak@32:1.00000	tr-rmse:0.31955	tr-rmse:0.31955 
2026-04-07 13:03:30 [INFO] [task_scheduler.cc:243] [Updated] Task #0: "main"
2026-04-07 13:03:30 [INFO] [task_scheduler.cc:326] 
 ID | Name |     FLOP | Weight | Speed (GFLOPS) | Latency (us) | Weighted Latency (us) | Trials | Done 
-------------------------------------------------------------------------------------------------------
  0 | main | 75497472 |      1 |       117.5567 |     642.2220 |              642.2220 |    256 |      
-------------------------------------------------------------------------------------------------------
Total trials: 256
Total latency (us): 642.222

2026-04-07 13:03:30 [INFO] [task_scheduler.cc:186] TaskScheduler picks Task #0: "main"
2026-04-07 13:03:36 [INFO] [task_scheduler.cc:199] Sending 32 sample(s) to builder
2026-04-07 13:03:44 [INFO] [task_scheduler.cc:201] Sending 32 sample(s) to runner
2026-04-07 13:03:54 [DEBUG] XGB validation: p-rmse: 0.177730	a-peak@32: 0.967537
2026-04-07 13:03:54 [INFO] [task_scheduler.cc:243] [Updated] Task #0: "main"
2026-04-07 13:03:54 [INFO] [task_scheduler.cc:326] 
 ID | Name |     FLOP | Weight | Speed (GFLOPS) | Latency (us) | Weighted Latency (us) | Trials | Done 
-------------------------------------------------------------------------------------------------------
  0 | main | 75497472 |      1 |       117.5567 |     642.2220 |              642.2220 |    288 |      
-------------------------------------------------------------------------------------------------------
Total trials: 288
Total latency (us): 642.222

2026-04-07 13:03:54 [INFO] [task_scheduler.cc:186] TaskScheduler picks Task #0: "main"
2026-04-07 13:03:59 [INFO] [task_scheduler.cc:199] Sending 16 sample(s) to builder
2026-04-07 13:04:05 [INFO] [task_scheduler.cc:201] Sending 16 sample(s) to runner
2026-04-07 13:04:10 [DEBUG] XGB validation: p-rmse: 0.107019	a-peak@32: 0.993858
2026-04-07 13:04:10 [INFO] [task_scheduler.cc:243] [Updated] Task #0: "main"
2026-04-07 13:04:10 [INFO] [task_scheduler.cc:326] 
 ID | Name |     FLOP | Weight | Speed (GFLOPS) | Latency (us) | Weighted Latency (us) | Trials | Done 
-------------------------------------------------------------------------------------------------------
  0 | main | 75497472 |      1 |       117.5567 |     642.2220 |              642.2220 |    304 |      
-------------------------------------------------------------------------------------------------------
Total trials: 304
Total latency (us): 642.222

2026-04-07 13:04:10 [INFO] [task_scheduler.cc:266] Task #0 has finished. Remaining task(s): 0
2026-04-07 13:04:10 [INFO] [task_scheduler.cc:326] 
 ID | Name |     FLOP | Weight | Speed (GFLOPS) | Latency (us) | Weighted Latency (us) | Trials | Done 
-------------------------------------------------------------------------------------------------------
  0 | main | 75497472 |      1 |       117.5567 |     642.2220 |              642.2220 |    304 |    Y 
-------------------------------------------------------------------------------------------------------
Total trials: 304
Total latency (us): 642.222

2026-04-07 13:04:11 [INFO] LocalBuilder: max_workers = 12
2026-04-07 13:04:12 [INFO] LocalRunner: max_workers = 1
