2026-04-07 14:18:35 [INFO] Logging directory: research/results/metaschedule/8020/iter_01/77c14b1b25c2720e/mlp_expand/M_384/logs
2026-04-07 14:18:35 [INFO] [task_scheduler.cc:165] Initializing Task #0: "main"
2026-04-07 14:18:35 [INFO] [task_scheduler.cc:326] 
 ID | Name |       FLOP | Weight | Speed (GFLOPS) | Latency (us) | Weighted Latency (us) | Trials | Done 
---------------------------------------------------------------------------------------------------------
  0 | main | 1811939328 |      1 |            N/A |          N/A |                   N/A |      0 |      
---------------------------------------------------------------------------------------------------------
Total trials: 0
Total latency (us): 0

2026-04-07 14:18:35 [INFO] [task_scheduler.cc:186] TaskScheduler picks Task #0: "main"
2026-04-07 14:18:36 [INFO] [task_scheduler.cc:199] Sending 64 sample(s) to builder
2026-04-07 14:18:49 [INFO] [task_scheduler.cc:201] Sending 64 sample(s) to runner
2026-04-07 14:19:25 [DEBUG] XGB iter   0: tr-p-rmse: 0.396776	tr-a-peak@32: 1.000000	tr-rmse: 0.250736	tr-rmse: 0.250736
2026-04-07 14:19:25 [DEBUG] XGB iter  25: tr-p-rmse: 0.049394	tr-a-peak@32: 1.000000	tr-rmse: 0.292974	tr-rmse: 0.292974
2026-04-07 14:19:25 [DEBUG] XGB iter  50: tr-p-rmse: 0.049456	tr-a-peak@32: 1.000000	tr-rmse: 0.292881	tr-rmse: 0.292881
2026-04-07 14:19:26 [DEBUG] XGB stopped. Best iteration: [24] tr-p-rmse:0.04936	tr-a-peak@32:1.00000	tr-rmse:0.29303	tr-rmse:0.29303 
2026-04-07 14:19:26 [INFO] [task_scheduler.cc:243] [Updated] Task #0: "main"
2026-04-07 14:19:26 [INFO] [task_scheduler.cc:326] 
 ID | Name |       FLOP | Weight | Speed (GFLOPS) | Latency (us) | Weighted Latency (us) | Trials | Done 
---------------------------------------------------------------------------------------------------------
  0 | main | 1811939328 |      1 |       100.8157 |   17972.7839 |            17972.7839 |     64 |      
---------------------------------------------------------------------------------------------------------
Total trials: 64
Total latency (us): 17972.8

2026-04-07 14:19:26 [INFO] [task_scheduler.cc:186] TaskScheduler picks Task #0: "main"
2026-04-07 14:19:27 [INFO] [task_scheduler.cc:199] Sending 64 sample(s) to builder
2026-04-07 14:19:46 [INFO] [task_scheduler.cc:201] Sending 64 sample(s) to runner
2026-04-07 14:20:22 [DEBUG] XGB validation: p-rmse: 0.195777	a-peak@32: 0.966981
2026-04-07 14:20:22 [DEBUG] XGB iter   0: tr-p-rmse: 0.395749	tr-a-peak@32: 1.000000	tr-rmse: 0.262451	tr-rmse: 0.262451
2026-04-07 14:20:22 [DEBUG] XGB iter  25: tr-p-rmse: 0.046921	tr-a-peak@32: 1.000000	tr-rmse: 0.302525	tr-rmse: 0.302525
2026-04-07 14:20:22 [DEBUG] XGB iter  50: tr-p-rmse: 0.046920	tr-a-peak@32: 1.000000	tr-rmse: 0.302528	tr-rmse: 0.302528
2026-04-07 14:20:22 [DEBUG] XGB iter  75: tr-p-rmse: 0.046920	tr-a-peak@32: 1.000000	tr-rmse: 0.302528	tr-rmse: 0.302528
2026-04-07 14:20:22 [DEBUG] XGB stopped. Best iteration: [27] tr-p-rmse:0.04692	tr-a-peak@32:1.00000	tr-rmse:0.30253	tr-rmse:0.30253 
2026-04-07 14:20:22 [INFO] [task_scheduler.cc:243] [Updated] Task #0: "main"
2026-04-07 14:20:22 [INFO] [task_scheduler.cc:326] 
 ID | Name |       FLOP | Weight | Speed (GFLOPS) | Latency (us) | Weighted Latency (us) | Trials | Done 
---------------------------------------------------------------------------------------------------------
  0 | main | 1811939328 |      1 |       100.8157 |   17972.7839 |            17972.7839 |    128 |      
---------------------------------------------------------------------------------------------------------
Total trials: 128
Total latency (us): 17972.8

2026-04-07 14:20:22 [INFO] [task_scheduler.cc:186] TaskScheduler picks Task #0: "main"
2026-04-07 14:20:25 [INFO] [task_scheduler.cc:199] Sending 64 sample(s) to builder
2026-04-07 14:20:49 [INFO] [task_scheduler.cc:201] Sending 64 sample(s) to runner
2026-04-07 14:21:16 [DEBUG] XGB validation: p-rmse: 0.338718	a-peak@32: 0.890249
2026-04-07 14:21:16 [DEBUG] XGB iter   0: tr-p-rmse: 0.420983	tr-a-peak@32: 0.694611	tr-rmse: 0.214559	tr-rmse: 0.214559
2026-04-07 14:21:16 [DEBUG] XGB iter  25: tr-p-rmse: 0.057127	tr-a-peak@32: 1.000000	tr-rmse: 0.278408	tr-rmse: 0.278408
2026-04-07 14:21:16 [DEBUG] XGB iter  50: tr-p-rmse: 0.057120	tr-a-peak@32: 1.000000	tr-rmse: 0.278420	tr-rmse: 0.278420
2026-04-07 14:21:16 [DEBUG] XGB iter  75: tr-p-rmse: 0.057120	tr-a-peak@32: 1.000000	tr-rmse: 0.278420	tr-rmse: 0.278420
2026-04-07 14:21:16 [DEBUG] XGB stopped. Best iteration: [30] tr-p-rmse:0.05712	tr-a-peak@32:1.00000	tr-rmse:0.27842	tr-rmse:0.27842 
2026-04-07 14:21:16 [INFO] [task_scheduler.cc:243] [Updated] Task #0: "main"
2026-04-07 14:21:16 [INFO] [task_scheduler.cc:326] 
 ID | Name |       FLOP | Weight | Speed (GFLOPS) | Latency (us) | Weighted Latency (us) | Trials | Done 
---------------------------------------------------------------------------------------------------------
  0 | main | 1811939328 |      1 |       126.3382 |   14341.9741 |            14341.9741 |    192 |      
---------------------------------------------------------------------------------------------------------
Total trials: 192
Total latency (us): 14342

2026-04-07 14:21:16 [INFO] [task_scheduler.cc:186] TaskScheduler picks Task #0: "main"
2026-04-07 14:21:20 [INFO] [task_scheduler.cc:199] Sending 36 sample(s) to builder
2026-04-07 14:21:33 [INFO] [task_scheduler.cc:201] Sending 36 sample(s) to runner
2026-04-07 14:21:45 [DEBUG] XGB validation: p-rmse: 0.202122	a-peak@32: 0.958847
2026-04-07 14:21:45 [INFO] [task_scheduler.cc:243] [Updated] Task #0: "main"
2026-04-07 14:21:45 [INFO] [task_scheduler.cc:326] 
 ID | Name |       FLOP | Weight | Speed (GFLOPS) | Latency (us) | Weighted Latency (us) | Trials | Done 
---------------------------------------------------------------------------------------------------------
  0 | main | 1811939328 |      1 |       126.3382 |   14341.9741 |            14341.9741 |    228 |      
---------------------------------------------------------------------------------------------------------
Total trials: 228
Total latency (us): 14342

2026-04-07 14:21:45 [INFO] [task_scheduler.cc:266] Task #0 has finished. Remaining task(s): 0
2026-04-07 14:21:45 [INFO] [task_scheduler.cc:326] 
 ID | Name |       FLOP | Weight | Speed (GFLOPS) | Latency (us) | Weighted Latency (us) | Trials | Done 
---------------------------------------------------------------------------------------------------------
  0 | main | 1811939328 |      1 |       126.3382 |   14341.9741 |            14341.9741 |    228 |    Y 
---------------------------------------------------------------------------------------------------------
Total trials: 228
Total latency (us): 14342

2026-04-07 14:21:49 [INFO] LocalBuilder: max_workers = 12
2026-04-07 14:21:50 [INFO] LocalRunner: max_workers = 1
