2026-04-07 17:35:11 [INFO] Logging directory: research/results/metaschedule/8020/iter_01/71ab320bd6c3e12a/mlp_reduce/M_384/logs
2026-04-07 17:35:11 [INFO] [task_scheduler.cc:165] Initializing Task #0: "main"
2026-04-07 17:35:11 [INFO] [task_scheduler.cc:326] 
 ID | Name |       FLOP | Weight | Speed (GFLOPS) | Latency (us) | Weighted Latency (us) | Trials | Done 
---------------------------------------------------------------------------------------------------------
  0 | main | 1811939328 |      1 |            N/A |          N/A |                   N/A |      0 |      
---------------------------------------------------------------------------------------------------------
Total trials: 0
Total latency (us): 0

2026-04-07 17:35:11 [INFO] [task_scheduler.cc:186] TaskScheduler picks Task #0: "main"
2026-04-07 17:35:12 [INFO] [task_scheduler.cc:199] Sending 64 sample(s) to builder
2026-04-07 17:35:22 [INFO] [task_scheduler.cc:201] Sending 64 sample(s) to runner
2026-04-07 17:35:54 [DEBUG] XGB iter   0: tr-p-rmse: 0.456345	tr-a-peak@32: 0.942433	tr-rmse: 0.259600	tr-rmse: 0.259600
2026-04-07 17:35:54 [DEBUG] XGB iter  25: tr-p-rmse: 0.044003	tr-a-peak@32: 0.998201	tr-rmse: 0.264515	tr-rmse: 0.264515
2026-04-07 17:35:54 [DEBUG] XGB iter  50: tr-p-rmse: 0.043992	tr-a-peak@32: 0.998201	tr-rmse: 0.264530	tr-rmse: 0.264530
2026-04-07 17:35:54 [DEBUG] XGB iter  75: tr-p-rmse: 0.043992	tr-a-peak@32: 0.998201	tr-rmse: 0.264530	tr-rmse: 0.264530
2026-04-07 17:35:54 [DEBUG] XGB stopped. Best iteration: [34] tr-p-rmse:0.04399	tr-a-peak@32:0.99820	tr-rmse:0.26453	tr-rmse:0.26453 
2026-04-07 17:35:54 [INFO] [task_scheduler.cc:243] [Updated] Task #0: "main"
2026-04-07 17:35:54 [INFO] [task_scheduler.cc:326] 
 ID | Name |       FLOP | Weight | Speed (GFLOPS) | Latency (us) | Weighted Latency (us) | Trials | Done 
---------------------------------------------------------------------------------------------------------
  0 | main | 1811939328 |      1 |        98.5293 |   18389.8597 |            18389.8597 |     64 |      
---------------------------------------------------------------------------------------------------------
Total trials: 64
Total latency (us): 18389.9

2026-04-07 17:35:54 [INFO] [task_scheduler.cc:186] TaskScheduler picks Task #0: "main"
2026-04-07 17:35:55 [INFO] [task_scheduler.cc:199] Sending 64 sample(s) to builder
2026-04-07 17:36:07 [INFO] [task_scheduler.cc:201] Sending 64 sample(s) to runner
2026-04-07 17:36:35 [DEBUG] XGB validation: p-rmse: 0.244988	a-peak@32: 0.889893
2026-04-07 17:36:35 [DEBUG] XGB iter   0: tr-p-rmse: 0.452909	tr-a-peak@32: 0.999564	tr-rmse: 0.248361	tr-rmse: 0.248361
2026-04-07 17:36:35 [DEBUG] XGB iter  25: tr-p-rmse: 0.046984	tr-a-peak@32: 1.000000	tr-rmse: 0.253390	tr-rmse: 0.253390
2026-04-07 17:36:35 [DEBUG] XGB iter  50: tr-p-rmse: 0.046955	tr-a-peak@32: 1.000000	tr-rmse: 0.253426	tr-rmse: 0.253426
2026-04-07 17:36:35 [DEBUG] XGB iter  75: tr-p-rmse: 0.046955	tr-a-peak@32: 1.000000	tr-rmse: 0.253426	tr-rmse: 0.253426
2026-04-07 17:36:35 [DEBUG] XGB stopped. Best iteration: [38] tr-p-rmse:0.04695	tr-a-peak@32:1.00000	tr-rmse:0.25343	tr-rmse:0.25343 
2026-04-07 17:36:35 [INFO] [task_scheduler.cc:243] [Updated] Task #0: "main"
2026-04-07 17:36:35 [INFO] [task_scheduler.cc:326] 
 ID | Name |       FLOP | Weight | Speed (GFLOPS) | Latency (us) | Weighted Latency (us) | Trials | Done 
---------------------------------------------------------------------------------------------------------
  0 | main | 1811939328 |      1 |       107.1278 |   16913.8050 |            16913.8050 |    128 |      
---------------------------------------------------------------------------------------------------------
Total trials: 128
Total latency (us): 16913.8

2026-04-07 17:36:35 [INFO] [task_scheduler.cc:186] TaskScheduler picks Task #0: "main"
2026-04-07 17:36:38 [INFO] [task_scheduler.cc:199] Sending 25 sample(s) to builder
2026-04-07 17:36:46 [INFO] [task_scheduler.cc:201] Sending 25 sample(s) to runner
2026-04-07 17:36:53 [DEBUG] XGB validation: p-rmse: 0.293808	a-peak@32: 0.997235
2026-04-07 17:36:53 [INFO] [task_scheduler.cc:243] [Updated] Task #0: "main"
2026-04-07 17:36:53 [INFO] [task_scheduler.cc:326] 
 ID | Name |       FLOP | Weight | Speed (GFLOPS) | Latency (us) | Weighted Latency (us) | Trials | Done 
---------------------------------------------------------------------------------------------------------
  0 | main | 1811939328 |      1 |       111.4740 |   16254.3665 |            16254.3665 |    153 |      
---------------------------------------------------------------------------------------------------------
Total trials: 153
Total latency (us): 16254.4

2026-04-07 17:36:53 [INFO] [task_scheduler.cc:266] Task #0 has finished. Remaining task(s): 0
2026-04-07 17:36:53 [INFO] [task_scheduler.cc:326] 
 ID | Name |       FLOP | Weight | Speed (GFLOPS) | Latency (us) | Weighted Latency (us) | Trials | Done 
---------------------------------------------------------------------------------------------------------
  0 | main | 1811939328 |      1 |       111.4740 |   16254.3665 |            16254.3665 |    153 |    Y 
---------------------------------------------------------------------------------------------------------
Total trials: 153
Total latency (us): 16254.4

2026-04-07 17:36:55 [INFO] LocalBuilder: max_workers = 12
2026-04-07 17:36:56 [INFO] LocalRunner: max_workers = 1
