2026-04-07 18:31:06 [INFO] Logging directory: research/results/metaschedule/8020/iter_01/9feb9791ecf4015b/mlp_reduce/M_128/logs
2026-04-07 18:31:06 [INFO] [task_scheduler.cc:165] Initializing Task #0: "main"
2026-04-07 18:31:06 [INFO] [task_scheduler.cc:326] 
 ID | Name |      FLOP | Weight | Speed (GFLOPS) | Latency (us) | Weighted Latency (us) | Trials | Done 
--------------------------------------------------------------------------------------------------------
  0 | main | 603979776 |      1 |            N/A |          N/A |                   N/A |      0 |      
--------------------------------------------------------------------------------------------------------
Total trials: 0
Total latency (us): 0

2026-04-07 18:31:06 [INFO] [task_scheduler.cc:186] TaskScheduler picks Task #0: "main"
2026-04-07 18:31:07 [INFO] [task_scheduler.cc:199] Sending 63 sample(s) to builder
2026-04-07 18:31:17 [INFO] [task_scheduler.cc:201] Sending 63 sample(s) to runner
2026-04-07 18:31:38 [DEBUG] XGB iter   0: tr-p-rmse: 0.436356	tr-a-peak@32: 0.997558	tr-rmse: 0.225405	tr-rmse: 0.225405
2026-04-07 18:31:38 [DEBUG] XGB iter  25: tr-p-rmse: 0.052921	tr-a-peak@32: 1.000000	tr-rmse: 0.255042	tr-rmse: 0.255042
2026-04-07 18:31:38 [DEBUG] XGB iter  50: tr-p-rmse: 0.052799	tr-a-peak@32: 1.000000	tr-rmse: 0.255182	tr-rmse: 0.255182
2026-04-07 18:31:38 [DEBUG] XGB iter  75: tr-p-rmse: 0.052799	tr-a-peak@32: 1.000000	tr-rmse: 0.255182	tr-rmse: 0.255182
2026-04-07 18:31:38 [DEBUG] XGB stopped. Best iteration: [39] tr-p-rmse:0.05280	tr-a-peak@32:1.00000	tr-rmse:0.25518	tr-rmse:0.25518 
2026-04-07 18:31:38 [INFO] [task_scheduler.cc:243] [Updated] Task #0: "main"
2026-04-07 18:31:38 [INFO] [task_scheduler.cc:326] 
 ID | Name |      FLOP | Weight | Speed (GFLOPS) | Latency (us) | Weighted Latency (us) | Trials | Done 
--------------------------------------------------------------------------------------------------------
  0 | main | 603979776 |      1 |        89.6396 |    6737.8690 |             6737.8690 |     63 |      
--------------------------------------------------------------------------------------------------------
Total trials: 63
Total latency (us): 6737.87

2026-04-07 18:31:38 [INFO] [task_scheduler.cc:186] TaskScheduler picks Task #0: "main"
2026-04-07 18:31:39 [INFO] [task_scheduler.cc:199] Sending 52 sample(s) to builder
2026-04-07 18:31:47 [INFO] [task_scheduler.cc:201] Sending 52 sample(s) to runner
2026-04-07 18:32:03 [DEBUG] XGB validation: p-rmse: 0.244880	a-peak@32: 0.978385
2026-04-07 18:32:03 [DEBUG] XGB iter   0: tr-p-rmse: 0.444440	tr-a-peak@32: 1.000000	tr-rmse: 0.209072	tr-rmse: 0.209072
2026-04-07 18:32:03 [DEBUG] XGB iter  25: tr-p-rmse: 0.060032	tr-a-peak@32: 1.000000	tr-rmse: 0.233627	tr-rmse: 0.233627
2026-04-07 18:32:03 [DEBUG] XGB iter  50: tr-p-rmse: 0.059975	tr-a-peak@32: 1.000000	tr-rmse: 0.233542	tr-rmse: 0.233542
2026-04-07 18:32:03 [DEBUG] XGB iter  75: tr-p-rmse: 0.059975	tr-a-peak@32: 1.000000	tr-rmse: 0.233542	tr-rmse: 0.233542
2026-04-07 18:32:03 [DEBUG] XGB stopped. Best iteration: [38] tr-p-rmse:0.05998	tr-a-peak@32:1.00000	tr-rmse:0.23354	tr-rmse:0.23354 
2026-04-07 18:32:03 [INFO] [task_scheduler.cc:243] [Updated] Task #0: "main"
2026-04-07 18:32:03 [INFO] [task_scheduler.cc:326] 
 ID | Name |      FLOP | Weight | Speed (GFLOPS) | Latency (us) | Weighted Latency (us) | Trials | Done 
--------------------------------------------------------------------------------------------------------
  0 | main | 603979776 |      1 |       105.0848 |    5747.5450 |             5747.5450 |    115 |      
--------------------------------------------------------------------------------------------------------
Total trials: 115
Total latency (us): 5747.55

2026-04-07 18:32:03 [INFO] [task_scheduler.cc:266] Task #0 has finished. Remaining task(s): 0
2026-04-07 18:32:03 [INFO] [task_scheduler.cc:326] 
 ID | Name |      FLOP | Weight | Speed (GFLOPS) | Latency (us) | Weighted Latency (us) | Trials | Done 
--------------------------------------------------------------------------------------------------------
  0 | main | 603979776 |      1 |       105.0848 |    5747.5450 |             5747.5450 |    115 |    Y 
--------------------------------------------------------------------------------------------------------
Total trials: 115
Total latency (us): 5747.55

2026-04-07 18:32:04 [INFO] LocalBuilder: max_workers = 12
2026-04-07 18:32:06 [INFO] LocalRunner: max_workers = 1
