2026-04-10 14:04:05 [INFO] Logging directory: research/results/metaschedule/best_config/mlp_expand/M_16/logs
2026-04-10 14:04:05 [INFO] [task_scheduler.cc:165] Initializing Task #0: "main"
2026-04-10 14:04:05 [INFO] [task_scheduler.cc:326] 
 ID | Name |     FLOP | Weight | Speed (GFLOPS) | Latency (us) | Weighted Latency (us) | Trials | Done 
-------------------------------------------------------------------------------------------------------
  0 | main | 75497472 |      1 |            N/A |          N/A |                   N/A |      0 |      
-------------------------------------------------------------------------------------------------------
Total trials: 0
Total latency (us): 0

2026-04-10 14:04:05 [INFO] [task_scheduler.cc:186] TaskScheduler picks Task #0: "main"
2026-04-10 14:04:06 [INFO] [task_scheduler.cc:199] Sending 64 sample(s) to builder
2026-04-10 14:04:18 [INFO] [task_scheduler.cc:201] Sending 64 sample(s) to runner
2026-04-10 14:04:31 [DEBUG] XGB iter   0: tr-p-rmse: 0.433661	tr-a-peak@32: 0.793389	tr-rmse: 0.194814	tr-rmse: 0.194814
2026-04-10 14:04:31 [DEBUG] XGB iter  25: tr-p-rmse: 0.059671	tr-a-peak@32: 1.000000	tr-rmse: 0.211538	tr-rmse: 0.211538
2026-04-10 14:04:31 [DEBUG] XGB iter  50: tr-p-rmse: 0.059736	tr-a-peak@32: 1.000000	tr-rmse: 0.211439	tr-rmse: 0.211439
2026-04-10 14:04:31 [DEBUG] XGB stopped. Best iteration: [23] tr-p-rmse:0.05959	tr-a-peak@32:1.00000	tr-rmse:0.21166	tr-rmse:0.21166 
2026-04-10 14:04:31 [INFO] [task_scheduler.cc:243] [Updated] Task #0: "main"
2026-04-10 14:04:31 [INFO] [task_scheduler.cc:326] 
 ID | Name |     FLOP | Weight | Speed (GFLOPS) | Latency (us) | Weighted Latency (us) | Trials | Done 
-------------------------------------------------------------------------------------------------------
  0 | main | 75497472 |      1 |        84.8051 |     890.2465 |              890.2465 |     64 |      
-------------------------------------------------------------------------------------------------------
Total trials: 64
Total latency (us): 890.247

2026-04-10 14:04:31 [INFO] [task_scheduler.cc:266] Task #0 has finished. Remaining task(s): 0
2026-04-10 14:04:31 [INFO] [task_scheduler.cc:326] 
 ID | Name |     FLOP | Weight | Speed (GFLOPS) | Latency (us) | Weighted Latency (us) | Trials | Done 
-------------------------------------------------------------------------------------------------------
  0 | main | 75497472 |      1 |        84.8051 |     890.2465 |              890.2465 |     64 |    Y 
-------------------------------------------------------------------------------------------------------
Total trials: 64
Total latency (us): 890.247

2026-04-10 14:04:31 [INFO] LocalBuilder: max_workers = 12
2026-04-10 14:04:33 [INFO] LocalRunner: max_workers = 1
2026-04-10 15:10:18 [INFO] Logging directory: research/results/metaschedule/best_config/mlp_expand/M_16/logs
2026-04-10 15:10:18 [INFO] [task_scheduler.cc:165] Initializing Task #0: "main"
2026-04-10 15:10:18 [INFO] [task_scheduler.cc:326] 
 ID | Name |     FLOP | Weight | Speed (GFLOPS) | Latency (us) | Weighted Latency (us) | Trials | Done 
-------------------------------------------------------------------------------------------------------
  0 | main | 75497472 |      1 |            N/A |          N/A |                   N/A |      0 |      
-------------------------------------------------------------------------------------------------------
Total trials: 0
Total latency (us): 0

2026-04-10 15:10:18 [INFO] [task_scheduler.cc:186] TaskScheduler picks Task #0: "main"
2026-04-10 15:10:19 [INFO] [task_scheduler.cc:199] Sending 64 sample(s) to builder
2026-04-10 15:10:31 [INFO] [task_scheduler.cc:201] Sending 64 sample(s) to runner
2026-04-10 15:10:45 [DEBUG] XGB iter   0: tr-p-rmse: 0.400241	tr-a-peak@32: 0.998087	tr-rmse: 0.284563	tr-rmse: 0.284563
2026-04-10 15:10:45 [DEBUG] XGB iter  25: tr-p-rmse: 0.055715	tr-a-peak@32: 1.000000	tr-rmse: 0.312806	tr-rmse: 0.312806
2026-04-10 15:10:45 [DEBUG] XGB iter  50: tr-p-rmse: 0.055704	tr-a-peak@32: 1.000000	tr-rmse: 0.312819	tr-rmse: 0.312819
2026-04-10 15:10:45 [DEBUG] XGB iter  75: tr-p-rmse: 0.055704	tr-a-peak@32: 1.000000	tr-rmse: 0.312819	tr-rmse: 0.312819
2026-04-10 15:10:45 [DEBUG] XGB stopped. Best iteration: [40] tr-p-rmse:0.05570	tr-a-peak@32:1.00000	tr-rmse:0.31282	tr-rmse:0.31282 
2026-04-10 15:10:45 [INFO] [task_scheduler.cc:243] [Updated] Task #0: "main"
2026-04-10 15:10:45 [INFO] [task_scheduler.cc:326] 
 ID | Name |     FLOP | Weight | Speed (GFLOPS) | Latency (us) | Weighted Latency (us) | Trials | Done 
-------------------------------------------------------------------------------------------------------
  0 | main | 75497472 |      1 |        49.7882 |    1516.3718 |             1516.3718 |     64 |      
-------------------------------------------------------------------------------------------------------
Total trials: 64
Total latency (us): 1516.37

2026-04-10 15:10:45 [INFO] [task_scheduler.cc:186] TaskScheduler picks Task #0: "main"
2026-04-10 15:10:47 [INFO] [task_scheduler.cc:199] Sending 13 sample(s) to builder
2026-04-10 15:10:55 [INFO] [task_scheduler.cc:201] Sending 13 sample(s) to runner
2026-04-10 15:10:58 [DEBUG] XGB validation: p-rmse: 0.225663	a-peak@32: 0.895454
2026-04-10 15:10:58 [DEBUG] XGB iter   0: tr-p-rmse: 0.405284	tr-a-peak@32: 0.997764	tr-rmse: 0.258448	tr-rmse: 0.258448
2026-04-10 15:10:58 [DEBUG] XGB iter  25: tr-p-rmse: 0.048165	tr-a-peak@32: 1.000000	tr-rmse: 0.295755	tr-rmse: 0.295755
2026-04-10 15:10:58 [DEBUG] XGB iter  50: tr-p-rmse: 0.048156	tr-a-peak@32: 1.000000	tr-rmse: 0.295767	tr-rmse: 0.295767
2026-04-10 15:10:58 [DEBUG] XGB iter  75: tr-p-rmse: 0.048156	tr-a-peak@32: 1.000000	tr-rmse: 0.295767	tr-rmse: 0.295767
2026-04-10 15:10:58 [DEBUG] XGB stopped. Best iteration: [31] tr-p-rmse:0.04816	tr-a-peak@32:1.00000	tr-rmse:0.29577	tr-rmse:0.29577 
2026-04-10 15:10:58 [INFO] [task_scheduler.cc:243] [Updated] Task #0: "main"
2026-04-10 15:10:58 [INFO] [task_scheduler.cc:326] 
 ID | Name |     FLOP | Weight | Speed (GFLOPS) | Latency (us) | Weighted Latency (us) | Trials | Done 
-------------------------------------------------------------------------------------------------------
  0 | main | 75497472 |      1 |        53.6246 |    1407.8887 |             1407.8887 |     77 |      
-------------------------------------------------------------------------------------------------------
Total trials: 77
Total latency (us): 1407.89

2026-04-10 15:10:58 [INFO] [task_scheduler.cc:266] Task #0 has finished. Remaining task(s): 0
2026-04-10 15:10:58 [INFO] [task_scheduler.cc:326] 
 ID | Name |     FLOP | Weight | Speed (GFLOPS) | Latency (us) | Weighted Latency (us) | Trials | Done 
-------------------------------------------------------------------------------------------------------
  0 | main | 75497472 |      1 |        53.6246 |    1407.8887 |             1407.8887 |     77 |    Y 
-------------------------------------------------------------------------------------------------------
Total trials: 77
Total latency (us): 1407.89

2026-04-10 15:10:59 [INFO] LocalBuilder: max_workers = 12
2026-04-10 15:11:01 [INFO] LocalRunner: max_workers = 1
2026-04-14 01:02:34 [INFO] Logging directory: research/results/metaschedule/best_config/mlp_expand/M_16/logs
2026-04-14 01:02:34 [INFO] [task_scheduler.cc:165] Initializing Task #0: "main"
2026-04-14 01:02:34 [INFO] [task_scheduler.cc:326] 
 ID | Name |     FLOP | Weight | Speed (GFLOPS) | Latency (us) | Weighted Latency (us) | Trials | Done 
-------------------------------------------------------------------------------------------------------
  0 | main | 75497472 |      1 |            N/A |          N/A |                   N/A |      0 |      
-------------------------------------------------------------------------------------------------------
Total trials: 0
Total latency (us): 0

2026-04-14 01:02:34 [INFO] [task_scheduler.cc:186] TaskScheduler picks Task #0: "main"
2026-04-14 01:02:36 [INFO] [task_scheduler.cc:199] Sending 64 sample(s) to builder
2026-04-14 01:02:51 [INFO] [task_scheduler.cc:201] Sending 64 sample(s) to runner
2026-04-14 01:03:08 [DEBUG] XGB iter   0: tr-p-rmse: 0.427968	tr-a-peak@32: 0.979057	tr-rmse: 0.269465	tr-rmse: 0.269465
2026-04-14 01:03:08 [DEBUG] XGB iter  25: tr-p-rmse: 0.057881	tr-a-peak@32: 0.998675	tr-rmse: 0.285065	tr-rmse: 0.285065
2026-04-14 01:03:09 [DEBUG] XGB iter  50: tr-p-rmse: 0.057926	tr-a-peak@32: 0.998675	tr-rmse: 0.285005	tr-rmse: 0.285005
2026-04-14 01:03:09 [DEBUG] XGB stopped. Best iteration: [22] tr-p-rmse:0.05776	tr-a-peak@32:0.99867	tr-rmse:0.28522	tr-rmse:0.28522 
2026-04-14 01:03:09 [INFO] [task_scheduler.cc:243] [Updated] Task #0: "main"
2026-04-14 01:03:09 [INFO] [task_scheduler.cc:326] 
 ID | Name |     FLOP | Weight | Speed (GFLOPS) | Latency (us) | Weighted Latency (us) | Trials | Done 
-------------------------------------------------------------------------------------------------------
  0 | main | 75497472 |      1 |        42.2417 |    1787.2741 |             1787.2741 |     64 |      
-------------------------------------------------------------------------------------------------------
Total trials: 64
Total latency (us): 1787.27

2026-04-14 01:03:09 [INFO] [task_scheduler.cc:186] TaskScheduler picks Task #0: "main"
2026-04-14 01:03:10 [INFO] [task_scheduler.cc:199] Sending 13 sample(s) to builder
2026-04-14 01:03:20 [INFO] [task_scheduler.cc:201] Sending 13 sample(s) to runner
2026-04-14 01:03:24 [DEBUG] XGB validation: p-rmse: 0.219694	a-peak@32: 1.000000
2026-04-14 01:03:24 [DEBUG] XGB iter   0: tr-p-rmse: 0.428753	tr-a-peak@32: 0.996721	tr-rmse: 0.244712	tr-rmse: 0.244712
2026-04-14 01:03:24 [DEBUG] XGB iter  25: tr-p-rmse: 0.055361	tr-a-peak@32: 1.000000	tr-rmse: 0.266569	tr-rmse: 0.266569
2026-04-14 01:03:24 [DEBUG] XGB iter  50: tr-p-rmse: 0.055385	tr-a-peak@32: 1.000000	tr-rmse: 0.266533	tr-rmse: 0.266533
2026-04-14 01:03:24 [DEBUG] XGB stopped. Best iteration: [23] tr-p-rmse:0.05533	tr-a-peak@32:1.00000	tr-rmse:0.26662	tr-rmse:0.26662 
2026-04-14 01:03:24 [INFO] [task_scheduler.cc:243] [Updated] Task #0: "main"
2026-04-14 01:03:24 [INFO] [task_scheduler.cc:326] 
 ID | Name |     FLOP | Weight | Speed (GFLOPS) | Latency (us) | Weighted Latency (us) | Trials | Done 
-------------------------------------------------------------------------------------------------------
  0 | main | 75497472 |      1 |        46.1781 |    1634.9194 |             1634.9194 |     77 |      
-------------------------------------------------------------------------------------------------------
Total trials: 77
Total latency (us): 1634.92

2026-04-14 01:03:24 [INFO] [task_scheduler.cc:266] Task #0 has finished. Remaining task(s): 0
2026-04-14 01:03:24 [INFO] [task_scheduler.cc:326] 
 ID | Name |     FLOP | Weight | Speed (GFLOPS) | Latency (us) | Weighted Latency (us) | Trials | Done 
-------------------------------------------------------------------------------------------------------
  0 | main | 75497472 |      1 |        46.1781 |    1634.9194 |             1634.9194 |     77 |    Y 
-------------------------------------------------------------------------------------------------------
Total trials: 77
Total latency (us): 1634.92

2026-04-14 01:03:25 [INFO] LocalBuilder: max_workers = 12
2026-04-14 01:03:27 [INFO] LocalRunner: max_workers = 1
2026-04-14 01:41:44 [INFO] Logging directory: research/results/metaschedule/best_config/mlp_expand/M_16/logs
2026-04-14 01:41:44 [INFO] [task_scheduler.cc:165] Initializing Task #0: "main"
2026-04-14 01:41:44 [INFO] [task_scheduler.cc:326] 
 ID | Name |     FLOP | Weight | Speed (GFLOPS) | Latency (us) | Weighted Latency (us) | Trials | Done 
-------------------------------------------------------------------------------------------------------
  0 | main | 75497472 |      1 |            N/A |          N/A |                   N/A |      0 |      
-------------------------------------------------------------------------------------------------------
Total trials: 0
Total latency (us): 0

2026-04-14 01:41:44 [INFO] [task_scheduler.cc:186] TaskScheduler picks Task #0: "main"
2026-04-14 01:41:46 [INFO] [task_scheduler.cc:199] Sending 63 sample(s) to builder
2026-04-14 01:42:02 [INFO] [task_scheduler.cc:201] Sending 63 sample(s) to runner
2026-04-14 01:42:18 [DEBUG] XGB iter   0: tr-p-rmse: 0.454239	tr-a-peak@32: 0.995504	tr-rmse: 0.252747	tr-rmse: 0.252747
2026-04-14 01:42:18 [DEBUG] XGB iter  25: tr-p-rmse: 0.077062	tr-a-peak@32: 1.000000	tr-rmse: 0.279274	tr-rmse: 0.279274
2026-04-14 01:42:18 [DEBUG] XGB iter  50: tr-p-rmse: 0.077020	tr-a-peak@32: 1.000000	tr-rmse: 0.279324	tr-rmse: 0.279324
2026-04-14 01:42:18 [DEBUG] XGB iter  75: tr-p-rmse: 0.077020	tr-a-peak@32: 1.000000	tr-rmse: 0.279324	tr-rmse: 0.279324
2026-04-14 01:42:18 [DEBUG] XGB stopped. Best iteration: [35] tr-p-rmse:0.07702	tr-a-peak@32:1.00000	tr-rmse:0.27932	tr-rmse:0.27932 
2026-04-14 01:42:18 [INFO] [task_scheduler.cc:243] [Updated] Task #0: "main"
2026-04-14 01:42:18 [INFO] [task_scheduler.cc:326] 
 ID | Name |     FLOP | Weight | Speed (GFLOPS) | Latency (us) | Weighted Latency (us) | Trials | Done 
-------------------------------------------------------------------------------------------------------
  0 | main | 75497472 |      1 |        54.1598 |    1393.9763 |             1393.9763 |     63 |      
-------------------------------------------------------------------------------------------------------
Total trials: 63
Total latency (us): 1393.98

2026-04-14 01:42:18 [INFO] [task_scheduler.cc:186] TaskScheduler picks Task #0: "main"
2026-04-14 01:42:20 [INFO] [task_scheduler.cc:199] Sending 14 sample(s) to builder
2026-04-14 01:42:28 [INFO] [task_scheduler.cc:201] Sending 14 sample(s) to runner
2026-04-14 01:42:32 [DEBUG] XGB validation: p-rmse: 0.158578	a-peak@32: 1.000000
2026-04-14 01:42:32 [DEBUG] XGB iter   0: tr-p-rmse: 0.450808	tr-a-peak@32: 0.995504	tr-rmse: 0.243449	tr-rmse: 0.243449
2026-04-14 01:42:32 [DEBUG] XGB iter  25: tr-p-rmse: 0.078601	tr-a-peak@32: 1.000000	tr-rmse: 0.265328	tr-rmse: 0.265328
2026-04-14 01:42:33 [DEBUG] XGB iter  50: tr-p-rmse: 0.078581	tr-a-peak@32: 1.000000	tr-rmse: 0.265353	tr-rmse: 0.265353
2026-04-14 01:42:33 [DEBUG] XGB iter  75: tr-p-rmse: 0.078581	tr-a-peak@32: 1.000000	tr-rmse: 0.265353	tr-rmse: 0.265353
2026-04-14 01:42:33 [DEBUG] XGB stopped. Best iteration: [40] tr-p-rmse:0.07858	tr-a-peak@32:1.00000	tr-rmse:0.26535	tr-rmse:0.26535 
2026-04-14 01:42:33 [INFO] [task_scheduler.cc:243] [Updated] Task #0: "main"
2026-04-14 01:42:33 [INFO] [task_scheduler.cc:326] 
 ID | Name |     FLOP | Weight | Speed (GFLOPS) | Latency (us) | Weighted Latency (us) | Trials | Done 
-------------------------------------------------------------------------------------------------------
  0 | main | 75497472 |      1 |        54.1598 |    1393.9763 |             1393.9763 |     77 |      
-------------------------------------------------------------------------------------------------------
Total trials: 77
Total latency (us): 1393.98

2026-04-14 01:42:33 [INFO] [task_scheduler.cc:266] Task #0 has finished. Remaining task(s): 0
2026-04-14 01:42:33 [INFO] [task_scheduler.cc:326] 
 ID | Name |     FLOP | Weight | Speed (GFLOPS) | Latency (us) | Weighted Latency (us) | Trials | Done 
-------------------------------------------------------------------------------------------------------
  0 | main | 75497472 |      1 |        54.1598 |    1393.9763 |             1393.9763 |     77 |    Y 
-------------------------------------------------------------------------------------------------------
Total trials: 77
Total latency (us): 1393.98

2026-04-14 01:42:33 [INFO] LocalBuilder: max_workers = 12
2026-04-14 01:42:35 [INFO] LocalRunner: max_workers = 1
