2026-04-07 17:22:39 [INFO] Logging directory: research/results/metaschedule/8020/iter_01/e8e4b89ced1f8de0/mlp_reduce/M_384/logs
2026-04-07 17:22:39 [INFO] [task_scheduler.cc:165] Initializing Task #0: "main"
2026-04-07 17:22:39 [INFO] [task_scheduler.cc:326] 
 ID | Name |       FLOP | Weight | Speed (GFLOPS) | Latency (us) | Weighted Latency (us) | Trials | Done 
---------------------------------------------------------------------------------------------------------
  0 | main | 1811939328 |      1 |            N/A |          N/A |                   N/A |      0 |      
---------------------------------------------------------------------------------------------------------
Total trials: 0
Total latency (us): 0

2026-04-07 17:22:39 [INFO] [task_scheduler.cc:186] TaskScheduler picks Task #0: "main"
2026-04-07 17:22:41 [INFO] [task_scheduler.cc:199] Sending 32 sample(s) to builder
2026-04-07 17:22:50 [INFO] [task_scheduler.cc:201] Sending 32 sample(s) to runner
2026-04-07 17:23:06 [DEBUG] XGB iter   0: tr-p-rmse: 0.415963	tr-a-peak@32: 1.000000	tr-rmse: 0.276499	tr-rmse: 0.276499
2026-04-07 17:23:07 [DEBUG] XGB iter  25: tr-p-rmse: 0.065048	tr-a-peak@32: 1.000000	tr-rmse: 0.317412	tr-rmse: 0.317412
2026-04-07 17:23:07 [DEBUG] XGB iter  50: tr-p-rmse: 0.065089	tr-a-peak@32: 1.000000	tr-rmse: 0.317357	tr-rmse: 0.317357
2026-04-07 17:23:07 [DEBUG] XGB stopped. Best iteration: [22] tr-p-rmse:0.06494	tr-a-peak@32:1.00000	tr-rmse:0.31756	tr-rmse:0.31756 
2026-04-07 17:23:07 [INFO] [task_scheduler.cc:243] [Updated] Task #0: "main"
2026-04-07 17:23:07 [INFO] [task_scheduler.cc:326] 
 ID | Name |       FLOP | Weight | Speed (GFLOPS) | Latency (us) | Weighted Latency (us) | Trials | Done 
---------------------------------------------------------------------------------------------------------
  0 | main | 1811939328 |      1 |        94.5277 |   19168.3513 |            19168.3513 |     32 |      
---------------------------------------------------------------------------------------------------------
Total trials: 32
Total latency (us): 19168.4

2026-04-07 17:23:07 [INFO] [task_scheduler.cc:186] TaskScheduler picks Task #0: "main"
2026-04-07 17:23:09 [INFO] [task_scheduler.cc:199] Sending 32 sample(s) to builder
2026-04-07 17:23:17 [INFO] [task_scheduler.cc:201] Sending 32 sample(s) to runner
2026-04-07 17:23:32 [DEBUG] XGB validation: p-rmse: 0.286239	a-peak@32: 0.877393
2026-04-07 17:23:32 [DEBUG] XGB iter   0: tr-p-rmse: 0.443457	tr-a-peak@32: 1.000000	tr-rmse: 0.253217	tr-rmse: 0.253217
2026-04-07 17:23:32 [DEBUG] XGB iter  25: tr-p-rmse: 0.063813	tr-a-peak@32: 1.000000	tr-rmse: 0.283447	tr-rmse: 0.283447
2026-04-07 17:23:32 [DEBUG] XGB iter  50: tr-p-rmse: 0.063755	tr-a-peak@32: 1.000000	tr-rmse: 0.283525	tr-rmse: 0.283525
2026-04-07 17:23:32 [DEBUG] XGB iter  75: tr-p-rmse: 0.063755	tr-a-peak@32: 1.000000	tr-rmse: 0.283525	tr-rmse: 0.283525
2026-04-07 17:23:32 [DEBUG] XGB stopped. Best iteration: [36] tr-p-rmse:0.06376	tr-a-peak@32:1.00000	tr-rmse:0.28352	tr-rmse:0.28352 
2026-04-07 17:23:32 [INFO] [task_scheduler.cc:243] [Updated] Task #0: "main"
2026-04-07 17:23:32 [INFO] [task_scheduler.cc:326] 
 ID | Name |       FLOP | Weight | Speed (GFLOPS) | Latency (us) | Weighted Latency (us) | Trials | Done 
---------------------------------------------------------------------------------------------------------
  0 | main | 1811939328 |      1 |       105.3723 |   17195.5942 |            17195.5942 |     64 |      
---------------------------------------------------------------------------------------------------------
Total trials: 64
Total latency (us): 17195.6

2026-04-07 17:23:32 [INFO] [task_scheduler.cc:186] TaskScheduler picks Task #0: "main"
2026-04-07 17:23:34 [INFO] [task_scheduler.cc:199] Sending 32 sample(s) to builder
2026-04-07 17:23:41 [INFO] [task_scheduler.cc:201] Sending 32 sample(s) to runner
2026-04-07 17:23:59 [DEBUG] XGB validation: p-rmse: 0.222660	a-peak@32: 1.000000
2026-04-07 17:23:59 [DEBUG] XGB iter   0: tr-p-rmse: 0.456074	tr-a-peak@32: 1.000000	tr-rmse: 0.255828	tr-rmse: 0.255828
2026-04-07 17:23:59 [DEBUG] XGB iter  25: tr-p-rmse: 0.061342	tr-a-peak@32: 1.000000	tr-rmse: 0.283031	tr-rmse: 0.283031
2026-04-07 17:23:59 [DEBUG] XGB iter  50: tr-p-rmse: 0.059478	tr-a-peak@32: 1.000000	tr-rmse: 0.283184	tr-rmse: 0.283184
2026-04-07 17:23:59 [DEBUG] XGB iter  75: tr-p-rmse: 0.059478	tr-a-peak@32: 1.000000	tr-rmse: 0.283184	tr-rmse: 0.283184
2026-04-07 17:23:59 [DEBUG] XGB stopped. Best iteration: [42] tr-p-rmse:0.05948	tr-a-peak@32:1.00000	tr-rmse:0.28318	tr-rmse:0.28318 
2026-04-07 17:23:59 [INFO] [task_scheduler.cc:243] [Updated] Task #0: "main"
2026-04-07 17:23:59 [INFO] [task_scheduler.cc:326] 
 ID | Name |       FLOP | Weight | Speed (GFLOPS) | Latency (us) | Weighted Latency (us) | Trials | Done 
---------------------------------------------------------------------------------------------------------
  0 | main | 1811939328 |      1 |       106.2107 |   17059.8548 |            17059.8548 |     96 |      
---------------------------------------------------------------------------------------------------------
Total trials: 96
Total latency (us): 17059.9

2026-04-07 17:23:59 [INFO] [task_scheduler.cc:186] TaskScheduler picks Task #0: "main"
2026-04-07 17:24:01 [INFO] [task_scheduler.cc:199] Sending 32 sample(s) to builder
2026-04-07 17:24:09 [INFO] [task_scheduler.cc:201] Sending 32 sample(s) to runner
2026-04-07 17:24:25 [DEBUG] XGB validation: p-rmse: 0.259562	a-peak@32: 0.968424
2026-04-07 17:24:25 [DEBUG] XGB iter   0: tr-p-rmse: 0.453673	tr-a-peak@32: 0.991614	tr-rmse: 0.262221	tr-rmse: 0.262221
2026-04-07 17:24:25 [DEBUG] XGB iter  25: tr-p-rmse: 0.059206	tr-a-peak@32: 1.000000	tr-rmse: 0.288009	tr-rmse: 0.288009
2026-04-07 17:24:25 [DEBUG] XGB iter  50: tr-p-rmse: 0.059131	tr-a-peak@32: 1.000000	tr-rmse: 0.288108	tr-rmse: 0.288108
2026-04-07 17:24:25 [DEBUG] XGB iter  75: tr-p-rmse: 0.059130	tr-a-peak@32: 1.000000	tr-rmse: 0.288108	tr-rmse: 0.288108
2026-04-07 17:24:26 [DEBUG] XGB iter 100: tr-p-rmse: 0.059130	tr-a-peak@32: 1.000000	tr-rmse: 0.288108	tr-rmse: 0.288108
2026-04-07 17:24:26 [DEBUG] XGB stopped. Best iteration: [70] tr-p-rmse:0.05913	tr-a-peak@32:1.00000	tr-rmse:0.28811	tr-rmse:0.28811 
2026-04-07 17:24:26 [INFO] [task_scheduler.cc:243] [Updated] Task #0: "main"
2026-04-07 17:24:26 [INFO] [task_scheduler.cc:326] 
 ID | Name |       FLOP | Weight | Speed (GFLOPS) | Latency (us) | Weighted Latency (us) | Trials | Done 
---------------------------------------------------------------------------------------------------------
  0 | main | 1811939328 |      1 |       106.2107 |   17059.8548 |            17059.8548 |    128 |      
---------------------------------------------------------------------------------------------------------
Total trials: 128
Total latency (us): 17059.9

2026-04-07 17:24:26 [INFO] [task_scheduler.cc:186] TaskScheduler picks Task #0: "main"
2026-04-07 17:24:31 [INFO] [task_scheduler.cc:199] Sending 25 sample(s) to builder
2026-04-07 17:24:38 [INFO] [task_scheduler.cc:201] Sending 25 sample(s) to runner
2026-04-07 17:24:46 [DEBUG] XGB validation: p-rmse: 0.333445	a-peak@32: 0.992795
2026-04-07 17:24:46 [INFO] [task_scheduler.cc:243] [Updated] Task #0: "main"
2026-04-07 17:24:46 [INFO] [task_scheduler.cc:326] 
 ID | Name |       FLOP | Weight | Speed (GFLOPS) | Latency (us) | Weighted Latency (us) | Trials | Done 
---------------------------------------------------------------------------------------------------------
  0 | main | 1811939328 |      1 |       122.7908 |   14756.3168 |            14756.3168 |    153 |      
---------------------------------------------------------------------------------------------------------
Total trials: 153
Total latency (us): 14756.3

2026-04-07 17:24:46 [INFO] [task_scheduler.cc:266] Task #0 has finished. Remaining task(s): 0
2026-04-07 17:24:46 [INFO] [task_scheduler.cc:326] 
 ID | Name |       FLOP | Weight | Speed (GFLOPS) | Latency (us) | Weighted Latency (us) | Trials | Done 
---------------------------------------------------------------------------------------------------------
  0 | main | 1811939328 |      1 |       122.7908 |   14756.3168 |            14756.3168 |    153 |    Y 
---------------------------------------------------------------------------------------------------------
Total trials: 153
Total latency (us): 14756.3

2026-04-07 17:24:48 [INFO] LocalBuilder: max_workers = 12
2026-04-07 17:24:49 [INFO] LocalRunner: max_workers = 1
