2026-04-07 19:28:45 [INFO] Logging directory: research/results/metaschedule/8020/iter_01/a09d8a8e6faa5974/mlp_reduce/M_16/logs
2026-04-07 19:28:45 [INFO] [task_scheduler.cc:165] Initializing Task #0: "main"
2026-04-07 19:28:45 [INFO] [task_scheduler.cc:326] 
 ID | Name |     FLOP | Weight | Speed (GFLOPS) | Latency (us) | Weighted Latency (us) | Trials | Done 
-------------------------------------------------------------------------------------------------------
  0 | main | 75497472 |      1 |            N/A |          N/A |                   N/A |      0 |      
-------------------------------------------------------------------------------------------------------
Total trials: 0
Total latency (us): 0

2026-04-07 19:28:45 [INFO] [task_scheduler.cc:186] TaskScheduler picks Task #0: "main"
2026-04-07 19:28:45 [INFO] [task_scheduler.cc:199] Sending 64 sample(s) to builder
2026-04-07 19:28:55 [INFO] [task_scheduler.cc:201] Sending 64 sample(s) to runner
2026-04-07 19:29:09 [DEBUG] XGB iter   0: tr-p-rmse: 0.466058	tr-a-peak@32: 1.000000	tr-rmse: 0.280841	tr-rmse: 0.280841
2026-04-07 19:29:09 [DEBUG] XGB iter  25: tr-p-rmse: 0.076877	tr-a-peak@32: 1.000000	tr-rmse: 0.294205	tr-rmse: 0.294205
2026-04-07 19:29:09 [DEBUG] XGB iter  50: tr-p-rmse: 0.076829	tr-a-peak@32: 1.000000	tr-rmse: 0.294256	tr-rmse: 0.294256
2026-04-07 19:29:09 [DEBUG] XGB iter  75: tr-p-rmse: 0.076829	tr-a-peak@32: 1.000000	tr-rmse: 0.294256	tr-rmse: 0.294256
2026-04-07 19:29:09 [DEBUG] XGB stopped. Best iteration: [38] tr-p-rmse:0.07683	tr-a-peak@32:1.00000	tr-rmse:0.29426	tr-rmse:0.29426 
2026-04-07 19:29:09 [INFO] [task_scheduler.cc:243] [Updated] Task #0: "main"
2026-04-07 19:29:09 [INFO] [task_scheduler.cc:326] 
 ID | Name |     FLOP | Weight | Speed (GFLOPS) | Latency (us) | Weighted Latency (us) | Trials | Done 
-------------------------------------------------------------------------------------------------------
  0 | main | 75497472 |      1 |        81.8774 |     922.0794 |              922.0794 |     64 |      
-------------------------------------------------------------------------------------------------------
Total trials: 64
Total latency (us): 922.079

2026-04-07 19:29:09 [INFO] [task_scheduler.cc:186] TaskScheduler picks Task #0: "main"
2026-04-07 19:29:09 [INFO] [task_scheduler.cc:199] Sending 13 sample(s) to builder
2026-04-07 19:29:15 [INFO] [task_scheduler.cc:201] Sending 13 sample(s) to runner
2026-04-07 19:29:18 [DEBUG] XGB validation: p-rmse: 0.119644	a-peak@32: 0.999173
2026-04-07 19:29:18 [DEBUG] XGB iter   0: tr-p-rmse: 0.460402	tr-a-peak@32: 0.996661	tr-rmse: 0.269713	tr-rmse: 0.269713
2026-04-07 19:29:18 [DEBUG] XGB iter  25: tr-p-rmse: 0.063322	tr-a-peak@32: 1.000000	tr-rmse: 0.279965	tr-rmse: 0.279965
2026-04-07 19:29:18 [DEBUG] XGB iter  50: tr-p-rmse: 0.063143	tr-a-peak@32: 1.000000	tr-rmse: 0.280166	tr-rmse: 0.280166
2026-04-07 19:29:18 [DEBUG] XGB iter  75: tr-p-rmse: 0.063143	tr-a-peak@32: 1.000000	tr-rmse: 0.280167	tr-rmse: 0.280167
2026-04-07 19:29:18 [DEBUG] XGB stopped. Best iteration: [38] tr-p-rmse:0.06314	tr-a-peak@32:1.00000	tr-rmse:0.28017	tr-rmse:0.28017 
2026-04-07 19:29:18 [INFO] [task_scheduler.cc:243] [Updated] Task #0: "main"
2026-04-07 19:29:18 [INFO] [task_scheduler.cc:326] 
 ID | Name |     FLOP | Weight | Speed (GFLOPS) | Latency (us) | Weighted Latency (us) | Trials | Done 
-------------------------------------------------------------------------------------------------------
  0 | main | 75497472 |      1 |        81.8774 |     922.0794 |              922.0794 |     77 |      
-------------------------------------------------------------------------------------------------------
Total trials: 77
Total latency (us): 922.079

2026-04-07 19:29:18 [INFO] [task_scheduler.cc:266] Task #0 has finished. Remaining task(s): 0
2026-04-07 19:29:18 [INFO] [task_scheduler.cc:326] 
 ID | Name |     FLOP | Weight | Speed (GFLOPS) | Latency (us) | Weighted Latency (us) | Trials | Done 
-------------------------------------------------------------------------------------------------------
  0 | main | 75497472 |      1 |        81.8774 |     922.0794 |              922.0794 |     77 |    Y 
-------------------------------------------------------------------------------------------------------
Total trials: 77
Total latency (us): 922.079

2026-04-07 19:29:19 [INFO] LocalBuilder: max_workers = 12
2026-04-07 19:29:20 [INFO] LocalRunner: max_workers = 1
