2026-04-07 15:01:58 [INFO] [task_scheduler.cc:166] Initializing Task #0: "main"
2026-04-07 15:01:58 [INFO] [task_scheduler.cc:41] 
# from tvm.script import ir as I
# from tvm.script import tir as T

@I.ir_module
class Module:
    @T.prim_func
    def main(A: T.Buffer((384, 768), "float32"), B: T.Buffer((768, 768), "float32"), C: T.Buffer((384, 768), "float32")):
        T.func_attr({"tir.noalias": True})
        # with T.block("root"):
        for i, j, k in T.grid(384, 768, 768):
            with T.block("C"):
                vi, vj, vk = T.axis.remap("SSR", [i, j, k])
                T.reads(A[vi, vk], B[vk, vj])
                T.writes(C[vi, vj])
                with T.init():
                    C[vi, vj] = T.float32(0.0)
                C[vi, vj] = C[vi, vj] + A[vi, vk] * B[vk, vj]
2026-04-07 15:01:58 [INFO] [task_scheduler.cc:170] Total 3 design space(s) generated
2026-04-07 15:01:58 [INFO] [task_scheduler.cc:176] Design space #0:
# from tvm.script import ir as I
# from tvm.script import tir as T

@I.ir_module
class Module:
    @T.prim_func
    def main(A: T.Buffer((384, 768), "float32"), B: T.Buffer((768, 768), "float32"), C: T.Buffer((384, 768), "float32")):
        T.func_attr({"tir.noalias": True})
        with T.block("root"):
            T.reads()
            T.writes()
            T.block_attr({"meta_schedule.parallel": 128, "meta_schedule.unroll_explicit": 16, "meta_schedule.vectorize": 64})
            C_global = T.alloc_buffer((384, 768))
            for i_0, j_0, i_1, j_1 in T.grid(2, 1, 1, 4):
                for k_0, i_2, j_2, k_1, i_3, j_3 in T.grid(48, 3, 24, 16, 64, 8):
                    with T.block("C"):
                        vi = T.axis.spatial(384, i_0 * 192 + i_1 * 192 + i_2 * 64 + i_3)
                        vj = T.axis.spatial(768, j_0 * 768 + j_1 * 192 + j_2 * 8 + j_3)
                        vk = T.axis.reduce(768, k_0 * 16 + k_1)
                        T.reads(A[vi, vk], B[vk, vj])
                        T.writes(C_global[vi, vj])
                        T.block_attr({"meta_schedule.tiling_structure": "SSRSRS"})
                        with T.init():
                            C_global[vi, vj] = T.float32(0.0)
                        C_global[vi, vj] = C_global[vi, vj] + A[vi, vk] * B[vk, vj]
                for ax0, ax1 in T.grid(192, 192):
                    with T.block("C_global"):
                        v0 = T.axis.spatial(384, i_0 * 192 + ax0)
                        v1 = T.axis.spatial(768, j_1 * 192 + ax1)
                        T.reads(C_global[v0, v1])
                        T.writes(C[v0, v1])
                        C[v0, v1] = C_global[v0, v1]
b0 = sch.get_block(name="C", func_name="main")
b1 = sch.get_block(name="root", func_name="main")
sch.annotate(block_or_loop=b0, ann_key="meta_schedule.tiling_structure", ann_val="SSRSRS")
l2, l3, l4 = sch.get_loops(block=b0)
v5, v6, v7, v8 = sch.sample_perfect_tile(loop=l2, n=4, max_innermost_factor=64, decision=[2, 1, 3, 64])
l9, l10, l11, l12 = sch.split(loop=l2, factors=[v5, v6, v7, v8], preserve_unit_iters=True, disable_predication=False)
v13, v14, v15, v16 = sch.sample_perfect_tile(loop=l3, n=4, max_innermost_factor=64, decision=[1, 4, 24, 8])
l17, l18, l19, l20 = sch.split(loop=l3, factors=[v13, v14, v15, v16], preserve_unit_iters=True, disable_predication=False)
v21, v22 = sch.sample_perfect_tile(loop=l4, n=2, max_innermost_factor=64, decision=[48, 16])
l23, l24 = sch.split(loop=l4, factors=[v21, v22], preserve_unit_iters=True, disable_predication=False)
sch.reorder(l9, l17, l10, l18, l23, l11, l19, l24, l12, l20)
b25 = sch.cache_write(block=b0, write_buffer_index=0, storage_scope="global")
sch.reverse_compute_at(block=b25, loop=l18, preserve_unit_loops=True, index=-1)
sch.annotate(block_or_loop=b1, ann_key="meta_schedule.parallel", ann_val=128)
sch.annotate(block_or_loop=b1, ann_key="meta_schedule.vectorize", ann_val=64)
v26 = sch.sample_categorical(candidates=[0, 16, 64, 512], probs=[0.25, 0.25, 0.25, 0.25], decision=1)
sch.annotate(block_or_loop=b1, ann_key="meta_schedule.unroll_explicit", ann_val=v26)
2026-04-07 15:01:58 [INFO] [task_scheduler.cc:176] Design space #1:
# from tvm.script import ir as I
# from tvm.script import tir as T

@I.ir_module
class Module:
    @T.prim_func
    def main(A: T.Buffer((384, 768), "float32"), B: T.Buffer((768, 768), "float32"), C: T.Buffer((384, 768), "float32")):
        T.func_attr({"tir.noalias": True})
        with T.block("root"):
            T.reads()
            T.writes()
            T.block_attr({"meta_schedule.parallel": 128, "meta_schedule.unroll_explicit": 16, "meta_schedule.vectorize": 64})
            C_global = T.alloc_buffer((384, 768))
            for i_0, j_0 in T.grid(2, 1):
                for i_1, j_1, k_0, i_2, j_2, k_1, i_3, j_3 in T.grid(1, 4, 48, 3, 24, 16, 64, 8):
                    with T.block("C"):
                        vi = T.axis.spatial(384, i_0 * 192 + i_1 * 192 + i_2 * 64 + i_3)
                        vj = T.axis.spatial(768, j_0 * 768 + j_1 * 192 + j_2 * 8 + j_3)
                        vk = T.axis.reduce(768, k_0 * 16 + k_1)
                        T.reads(A[vi, vk], B[vk, vj])
                        T.writes(C_global[vi, vj])
                        T.block_attr({"meta_schedule.tiling_structure": "SSRSRS"})
                        with T.init():
                            C_global[vi, vj] = T.float32(0.0)
                        C_global[vi, vj] = C_global[vi, vj] + A[vi, vk] * B[vk, vj]
                for ax0, ax1 in T.grid(192, 768):
                    with T.block("C_global"):
                        v0 = T.axis.spatial(384, i_0 * 192 + ax0)
                        v1 = T.axis.spatial(768, ax1)
                        T.reads(C_global[v0, v1])
                        T.writes(C[v0, v1])
                        C[v0, v1] = C_global[v0, v1]
b0 = sch.get_block(name="C", func_name="main")
b1 = sch.get_block(name="root", func_name="main")
sch.annotate(block_or_loop=b0, ann_key="meta_schedule.tiling_structure", ann_val="SSRSRS")
l2, l3, l4 = sch.get_loops(block=b0)
v5, v6, v7, v8 = sch.sample_perfect_tile(loop=l2, n=4, max_innermost_factor=64, decision=[2, 1, 3, 64])
l9, l10, l11, l12 = sch.split(loop=l2, factors=[v5, v6, v7, v8], preserve_unit_iters=True, disable_predication=False)
v13, v14, v15, v16 = sch.sample_perfect_tile(loop=l3, n=4, max_innermost_factor=64, decision=[1, 4, 24, 8])
l17, l18, l19, l20 = sch.split(loop=l3, factors=[v13, v14, v15, v16], preserve_unit_iters=True, disable_predication=False)
v21, v22 = sch.sample_perfect_tile(loop=l4, n=2, max_innermost_factor=64, decision=[48, 16])
l23, l24 = sch.split(loop=l4, factors=[v21, v22], preserve_unit_iters=True, disable_predication=False)
sch.reorder(l9, l17, l10, l18, l23, l11, l19, l24, l12, l20)
b25 = sch.cache_write(block=b0, write_buffer_index=0, storage_scope="global")
sch.reverse_compute_at(block=b25, loop=l17, preserve_unit_loops=True, index=-1)
sch.annotate(block_or_loop=b1, ann_key="meta_schedule.parallel", ann_val=128)
sch.annotate(block_or_loop=b1, ann_key="meta_schedule.vectorize", ann_val=64)
v26 = sch.sample_categorical(candidates=[0, 16, 64, 512], probs=[0.25, 0.25, 0.25, 0.25], decision=1)
sch.annotate(block_or_loop=b1, ann_key="meta_schedule.unroll_explicit", ann_val=v26)
2026-04-07 15:01:58 [INFO] [task_scheduler.cc:176] Design space #2:
# from tvm.script import ir as I
# from tvm.script import tir as T

@I.ir_module
class Module:
    @T.prim_func
    def main(A: T.Buffer((384, 768), "float32"), B: T.Buffer((768, 768), "float32"), C: T.Buffer((384, 768), "float32")):
        T.func_attr({"tir.noalias": True})
        with T.block("root"):
            T.reads()
            T.writes()
            T.block_attr({"meta_schedule.parallel": 128, "meta_schedule.unroll_explicit": 64, "meta_schedule.vectorize": 64})
            for i_0, j_0, i_1, j_1, k_0, i_2, j_2, k_1, i_3, j_3 in T.grid(2, 1, 1, 4, 48, 3, 24, 16, 64, 8):
                with T.block("C"):
                    vi = T.axis.spatial(384, i_0 * 192 + i_1 * 192 + i_2 * 64 + i_3)
                    vj = T.axis.spatial(768, j_0 * 768 + j_1 * 192 + j_2 * 8 + j_3)
                    vk = T.axis.reduce(768, k_0 * 16 + k_1)
                    T.reads(A[vi, vk], B[vk, vj])
                    T.writes(C[vi, vj])
                    T.block_attr({"meta_schedule.tiling_structure": "SSRSRS"})
                    with T.init():
                        C[vi, vj] = T.float32(0.0)
                    C[vi, vj] = C[vi, vj] + A[vi, vk] * B[vk, vj]
b0 = sch.get_block(name="C", func_name="main")
b1 = sch.get_block(name="root", func_name="main")
sch.annotate(block_or_loop=b0, ann_key="meta_schedule.tiling_structure", ann_val="SSRSRS")
l2, l3, l4 = sch.get_loops(block=b0)
v5, v6, v7, v8 = sch.sample_perfect_tile(loop=l2, n=4, max_innermost_factor=64, decision=[2, 1, 3, 64])
l9, l10, l11, l12 = sch.split(loop=l2, factors=[v5, v6, v7, v8], preserve_unit_iters=True, disable_predication=False)
v13, v14, v15, v16 = sch.sample_perfect_tile(loop=l3, n=4, max_innermost_factor=64, decision=[1, 4, 24, 8])
l17, l18, l19, l20 = sch.split(loop=l3, factors=[v13, v14, v15, v16], preserve_unit_iters=True, disable_predication=False)
v21, v22 = sch.sample_perfect_tile(loop=l4, n=2, max_innermost_factor=64, decision=[48, 16])
l23, l24 = sch.split(loop=l4, factors=[v21, v22], preserve_unit_iters=True, disable_predication=False)
sch.reorder(l9, l17, l10, l18, l23, l11, l19, l24, l12, l20)
sch.annotate(block_or_loop=b1, ann_key="meta_schedule.parallel", ann_val=128)
sch.annotate(block_or_loop=b1, ann_key="meta_schedule.vectorize", ann_val=64)
v25 = sch.sample_categorical(candidates=[0, 16, 64, 512], probs=[0.25, 0.25, 0.25, 0.25], decision=2)
sch.annotate(block_or_loop=b1, ann_key="meta_schedule.unroll_explicit", ann_val=v25)
2026-04-07 15:01:58 [INFO] [evolutionary_search.cc:711] Generating candidates......
2026-04-07 15:01:58 [INFO] [evolutionary_search.cc:713] Picked top 0 candidate(s) from database
2026-04-07 15:01:58 [INFO] [evolutionary_search.cc:530] Sample-Init-Population summary:
Postproc #0 [meta_schedule.DisallowDynamicLoop(0x5bdf3fc80b08)]: 0 failure(s)
Postproc #1 [meta_schedule.RewriteParallelVectorizeUnroll(0x5bdf3f7e9898)]: 0 failure(s)
Postproc #2 [meta_schedule.RewriteReductionBlock(0x5bdf3f713b08)]: 0 failure(s)
Postproc #3 [meta_schedule.RewriteLayout(0x5bdf3f9be378)]: 0 failure(s)
2026-04-07 15:01:58 [INFO] [evolutionary_search.cc:721] Sampled 614 candidate(s)
2026-04-07 15:01:59 [INFO] [evolutionary_search.cc:619] Evolve iter #0 done. Summary:
Postproc #0 [meta_schedule.DisallowDynamicLoop(0x5bdf3fc80b08)]: 0 failure(s)
Postproc #1 [meta_schedule.RewriteParallelVectorizeUnroll(0x5bdf3f7e9898)]: 0 failure(s)
Postproc #2 [meta_schedule.RewriteReductionBlock(0x5bdf3f713b08)]: 0 failure(s)
Postproc #3 [meta_schedule.RewriteLayout(0x5bdf3f9be378)]: 0 failure(s)
2026-04-07 15:01:59 [INFO] [evolutionary_search.cc:619] Evolve iter #1 done. Summary:
Postproc #0 [meta_schedule.DisallowDynamicLoop(0x5bdf3fc80b08)]: 0 failure(s)
Postproc #1 [meta_schedule.RewriteParallelVectorizeUnroll(0x5bdf3f7e9898)]: 0 failure(s)
Postproc #2 [meta_schedule.RewriteReductionBlock(0x5bdf3f713b08)]: 0 failure(s)
Postproc #3 [meta_schedule.RewriteLayout(0x5bdf3f9be378)]: 0 failure(s)
2026-04-07 15:01:59 [INFO] [evolutionary_search.cc:619] Evolve iter #2 done. Summary:
Postproc #0 [meta_schedule.DisallowDynamicLoop(0x5bdf3fc80b08)]: 0 failure(s)
Postproc #1 [meta_schedule.RewriteParallelVectorizeUnroll(0x5bdf3f7e9898)]: 0 failure(s)
Postproc #2 [meta_schedule.RewriteReductionBlock(0x5bdf3f713b08)]: 0 failure(s)
Postproc #3 [meta_schedule.RewriteLayout(0x5bdf3f9be378)]: 0 failure(s)
2026-04-07 15:02:00 [INFO] [evolutionary_search.cc:619] Evolve iter #3 done. Summary:
Postproc #0 [meta_schedule.DisallowDynamicLoop(0x5bdf3fc80b08)]: 0 failure(s)
Postproc #1 [meta_schedule.RewriteParallelVectorizeUnroll(0x5bdf3f7e9898)]: 0 failure(s)
Postproc #2 [meta_schedule.RewriteReductionBlock(0x5bdf3f713b08)]: 0 failure(s)
Postproc #3 [meta_schedule.RewriteLayout(0x5bdf3f9be378)]: 0 failure(s)
2026-04-07 15:02:00 [INFO] [evolutionary_search.cc:647] Scores of the best 64 candidates:
[1 : 16]:	1.0000  0.9994  0.9993  0.9991  0.9989  0.9987  0.9985  0.9981  0.9976  0.9976  0.9974  0.9971  0.9969  0.9967  0.9966  0.9966
[17 : 32]:	0.9965  0.9964  0.9961  0.9960  0.9960  0.9959  0.9954  0.9949  0.9948  0.9941  0.9935  0.9930  0.9929  0.9929  0.9927  0.9926
[33 : 48]:	0.9916  0.9906  0.9903  0.9900  0.9899  0.9899  0.9898  0.9897  0.9891  0.9888  0.9887  0.9886  0.9877  0.9871  0.9869  0.9869
[49 : 64]:	0.9868  0.9868  0.9863  0.9860  0.9858  0.9856  0.9853  0.9850  0.9848  0.9846  0.9839  0.9835  0.9829  0.9806  0.9806  0.9804
2026-04-07 15:02:00 [INFO] [evolutionary_search.cc:725] Got 64 candidate(s) with evolutionary search
2026-04-07 15:02:00 [INFO] [evolutionary_search.cc:728] Sending 64 candidates(s) for measurement
2026-04-07 15:02:25 [INFO] [task_scheduler.cc:137] [Task #0: main] Trial #1: GFLOPs: 26.9895. Time: 16783.7643 us. Best GFLOPs: 26.9895
2026-04-07 15:02:25 [INFO] [task_scheduler.cc:137] [Task #0: main] Trial #2: GFLOPs: 11.6338. Time: 38936.8923 us. Best GFLOPs: 26.9895
2026-04-07 15:02:25 [INFO] [task_scheduler.cc:137] [Task #0: main] Trial #3: GFLOPs: 28.4004. Time: 15949.9445 us. Best GFLOPs: 28.4004
2026-04-07 15:02:25 [INFO] [task_scheduler.cc:137] [Task #0: main] Trial #4: GFLOPs: 102.2513. Time: 4430.1141 us. Best GFLOPs: 102.2513
2026-04-07 15:02:25 [INFO] [task_scheduler.cc:137] [Task #0: main] Trial #5: GFLOPs: 27.2046. Time: 16651.0115 us. Best GFLOPs: 102.2513
2026-04-07 15:02:25 [INFO] [task_scheduler.cc:137] [Task #0: main] Trial #6: GFLOPs: 11.4012. Time: 39731.4950 us. Best GFLOPs: 102.2513
2026-04-07 15:02:25 [INFO] [task_scheduler.cc:137] [Task #0: main] Trial #7: GFLOPs: 17.1325. Time: 26440.1233 us. Best GFLOPs: 102.2513
2026-04-07 15:02:25 [INFO] [task_scheduler.cc:137] [Task #0: main] Trial #8: GFLOPs: 67.6299. Time: 6697.9925 us. Best GFLOPs: 102.2513
2026-04-07 15:02:25 [INFO] [task_scheduler.cc:137] [Task #0: main] Trial #9: GFLOPs: 90.3940. Time: 5011.2259 us. Best GFLOPs: 102.2513
2026-04-07 15:02:25 [INFO] [task_scheduler.cc:137] [Task #0: main] Trial #10: GFLOPs: 31.2479. Time: 14496.4854 us. Best GFLOPs: 102.2513
2026-04-07 15:02:25 [INFO] [task_scheduler.cc:137] [Task #0: main] Trial #11: GFLOPs: 34.6217. Time: 13083.8512 us. Best GFLOPs: 102.2513
2026-04-07 15:02:25 [INFO] [task_scheduler.cc:137] [Task #0: main] Trial #12: GFLOPs: 35.8709. Time: 12628.2100 us. Best GFLOPs: 102.2513
2026-04-07 15:02:25 [INFO] [task_scheduler.cc:137] [Task #0: main] Trial #13: GFLOPs: 27.1792. Time: 16666.5902 us. Best GFLOPs: 102.2513
2026-04-07 15:02:25 [INFO] [task_scheduler.cc:137] [Task #0: main] Trial #14: GFLOPs: 57.9563. Time: 7815.9736 us. Best GFLOPs: 102.2513
2026-04-07 15:02:25 [INFO] [task_scheduler.cc:137] [Task #0: main] Trial #15: GFLOPs: 81.4465. Time: 5561.7472 us. Best GFLOPs: 102.2513
2026-04-07 15:02:25 [INFO] [task_scheduler.cc:137] [Task #0: main] Trial #16: GFLOPs: 10.2786. Time: 44070.4730 us. Best GFLOPs: 102.2513
2026-04-07 15:02:25 [INFO] [task_scheduler.cc:137] [Task #0: main] Trial #17: GFLOPs: 24.2336. Time: 18692.4105 us. Best GFLOPs: 102.2513
2026-04-07 15:02:25 [INFO] [task_scheduler.cc:137] [Task #0: main] Trial #18: GFLOPs: 21.6026. Time: 20968.9580 us. Best GFLOPs: 102.2513
2026-04-07 15:02:25 [INFO] [task_scheduler.cc:137] [Task #0: main] Trial #19: GFLOPs: 50.1031. Time: 9041.0600 us. Best GFLOPs: 102.2513
2026-04-07 15:02:25 [INFO] [task_scheduler.cc:137] [Task #0: main] Trial #20: GFLOPs: 29.7040. Time: 15249.9634 us. Best GFLOPs: 102.2513
2026-04-07 15:02:25 [INFO] [task_scheduler.cc:137] [Task #0: main] Trial #21: GFLOPs: 14.7425. Time: 30726.4523 us. Best GFLOPs: 102.2513
2026-04-07 15:02:25 [INFO] [task_scheduler.cc:137] [Task #0: main] Trial #22: GFLOPs: 19.5588. Time: 23160.1203 us. Best GFLOPs: 102.2513
2026-04-07 15:02:25 [INFO] [task_scheduler.cc:137] [Task #0: main] Trial #23: GFLOPs: 32.5392. Time: 13921.2166 us. Best GFLOPs: 102.2513
2026-04-07 15:02:25 [INFO] [task_scheduler.cc:137] [Task #0: main] Trial #24: GFLOPs: 81.9431. Time: 5528.0390 us. Best GFLOPs: 102.2513
2026-04-07 15:02:25 [INFO] [task_scheduler.cc:137] [Task #0: main] Trial #25: GFLOPs: 21.0783. Time: 21490.5537 us. Best GFLOPs: 102.2513
2026-04-07 15:02:25 [INFO] [task_scheduler.cc:137] [Task #0: main] Trial #26: GFLOPs: 39.4183. Time: 11491.7503 us. Best GFLOPs: 102.2513
2026-04-07 15:02:25 [INFO] [task_scheduler.cc:137] [Task #0: main] Trial #27: GFLOPs: 41.5402. Time: 10904.7392 us. Best GFLOPs: 102.2513
2026-04-07 15:02:25 [INFO] [task_scheduler.cc:137] [Task #0: main] Trial #28: GFLOPs: 49.6913. Time: 9115.9739 us. Best GFLOPs: 102.2513
2026-04-07 15:02:25 [INFO] [task_scheduler.cc:137] [Task #0: main] Trial #29: GFLOPs: 26.6891. Time: 16972.6780 us. Best GFLOPs: 102.2513
2026-04-07 15:02:25 [INFO] [task_scheduler.cc:137] [Task #0: main] Trial #30: GFLOPs: 49.7587. Time: 9103.6275 us. Best GFLOPs: 102.2513
2026-04-07 15:02:25 [INFO] [task_scheduler.cc:137] [Task #0: main] Trial #31: GFLOPs: 77.4711. Time: 5847.1495 us. Best GFLOPs: 102.2513
2026-04-07 15:02:25 [INFO] [task_scheduler.cc:137] [Task #0: main] Trial #32: GFLOPs: 22.4366. Time: 20189.5667 us. Best GFLOPs: 102.2513
2026-04-07 15:02:25 [INFO] [task_scheduler.cc:137] [Task #0: main] Trial #33: GFLOPs: 41.6945. Time: 10864.3700 us. Best GFLOPs: 102.2513
2026-04-07 15:02:25 [INFO] [task_scheduler.cc:137] [Task #0: main] Trial #34: GFLOPs: 84.2936. Time: 5373.8933 us. Best GFLOPs: 102.2513
2026-04-07 15:02:25 [INFO] [task_scheduler.cc:137] [Task #0: main] Trial #35: GFLOPs: 60.2433. Time: 7519.2571 us. Best GFLOPs: 102.2513
2026-04-07 15:02:25 [INFO] [task_scheduler.cc:137] [Task #0: main] Trial #36: GFLOPs: 17.4604. Time: 25943.5890 us. Best GFLOPs: 102.2513
2026-04-07 15:02:25 [INFO] [task_scheduler.cc:137] [Task #0: main] Trial #37: GFLOPs: 68.7326. Time: 6590.5354 us. Best GFLOPs: 102.2513
2026-04-07 15:02:25 [INFO] [task_scheduler.cc:137] [Task #0: main] Trial #38: GFLOPs: 26.3907. Time: 17164.5397 us. Best GFLOPs: 102.2513
2026-04-07 15:02:25 [INFO] [task_scheduler.cc:137] [Task #0: main] Trial #39: GFLOPs: 66.4837. Time: 6813.4720 us. Best GFLOPs: 102.2513
2026-04-07 15:02:25 [INFO] [task_scheduler.cc:137] [Task #0: main] Trial #40: GFLOPs: 45.6407. Time: 9925.0219 us. Best GFLOPs: 102.2513
2026-04-07 15:02:25 [INFO] [task_scheduler.cc:137] [Task #0: main] Trial #41: GFLOPs: 54.5446. Time: 8304.8525 us. Best GFLOPs: 102.2513
2026-04-07 15:02:25 [INFO] [task_scheduler.cc:137] [Task #0: main] Trial #42: GFLOPs: 87.6489. Time: 5168.1722 us. Best GFLOPs: 102.2513
2026-04-07 15:02:25 [INFO] [task_scheduler.cc:137] [Task #0: main] Trial #43: GFLOPs: 26.8022. Time: 16901.0112 us. Best GFLOPs: 102.2513
2026-04-07 15:02:25 [INFO] [task_scheduler.cc:137] [Task #0: main] Trial #44: GFLOPs: 31.5814. Time: 14343.3948 us. Best GFLOPs: 102.2513
2026-04-07 15:02:25 [INFO] [task_scheduler.cc:137] [Task #0: main] Trial #45: GFLOPs: 73.2701. Time: 6182.3979 us. Best GFLOPs: 102.2513
2026-04-07 15:02:25 [INFO] [task_scheduler.cc:137] [Task #0: main] Trial #46: GFLOPs: 72.7846. Time: 6223.6381 us. Best GFLOPs: 102.2513
2026-04-07 15:02:25 [INFO] [task_scheduler.cc:137] [Task #0: main] Trial #47: GFLOPs: 16.0519. Time: 28220.0417 us. Best GFLOPs: 102.2513
2026-04-07 15:02:25 [INFO] [task_scheduler.cc:137] [Task #0: main] Trial #48: GFLOPs: 27.5483. Time: 16443.2928 us. Best GFLOPs: 102.2513
2026-04-07 15:02:25 [INFO] [task_scheduler.cc:137] [Task #0: main] Trial #49: GFLOPs: 73.4496. Time: 6167.2860 us. Best GFLOPs: 102.2513
2026-04-07 15:02:25 [INFO] [task_scheduler.cc:137] [Task #0: main] Trial #50: GFLOPs: 84.1503. Time: 5383.0435 us. Best GFLOPs: 102.2513
2026-04-07 15:02:25 [INFO] [task_scheduler.cc:137] [Task #0: main] Trial #51: GFLOPs: 60.9131. Time: 7436.5770 us. Best GFLOPs: 102.2513
2026-04-07 15:02:25 [INFO] [task_scheduler.cc:137] [Task #0: main] Trial #52: GFLOPs: 56.7870. Time: 7976.9049 us. Best GFLOPs: 102.2513
2026-04-07 15:02:25 [INFO] [task_scheduler.cc:137] [Task #0: main] Trial #53: GFLOPs: 25.6687. Time: 17647.3580 us. Best GFLOPs: 102.2513
2026-04-07 15:02:25 [INFO] [task_scheduler.cc:137] [Task #0: main] Trial #54: GFLOPs: 100.9381. Time: 4487.7499 us. Best GFLOPs: 102.2513
2026-04-07 15:02:25 [INFO] [task_scheduler.cc:137] [Task #0: main] Trial #55: GFLOPs: 105.5695. Time: 4290.8701 us. Best GFLOPs: 105.5695
2026-04-07 15:02:25 [INFO] [task_scheduler.cc:137] [Task #0: main] Trial #56: GFLOPs: 74.7688. Time: 6058.4721 us. Best GFLOPs: 105.5695
2026-04-07 15:02:25 [INFO] [task_scheduler.cc:137] [Task #0: main] Trial #57: GFLOPs: 42.5094. Time: 10656.1091 us. Best GFLOPs: 105.5695
2026-04-07 15:02:25 [INFO] [task_scheduler.cc:137] [Task #0: main] Trial #58: GFLOPs: 68.3559. Time: 6626.8622 us. Best GFLOPs: 105.5695
2026-04-07 15:02:25 [INFO] [task_scheduler.cc:137] [Task #0: main] Trial #59: GFLOPs: 69.7454. Time: 6494.8332 us. Best GFLOPs: 105.5695
2026-04-07 15:02:25 [INFO] [task_scheduler.cc:137] [Task #0: main] Trial #60: GFLOPs: 23.6182. Time: 19179.5058 us. Best GFLOPs: 105.5695
2026-04-07 15:02:25 [INFO] [task_scheduler.cc:137] [Task #0: main] Trial #61: GFLOPs: 22.0268. Time: 20565.1450 us. Best GFLOPs: 105.5695
2026-04-07 15:02:25 [INFO] [task_scheduler.cc:137] [Task #0: main] Trial #62: GFLOPs: 8.0271. Time: 56432.0813 us. Best GFLOPs: 105.5695
2026-04-07 15:02:25 [INFO] [task_scheduler.cc:137] [Task #0: main] Trial #63: GFLOPs: 77.4849. Time: 5846.1016 us. Best GFLOPs: 105.5695
2026-04-07 15:02:25 [INFO] [task_scheduler.cc:137] [Task #0: main] Trial #64: GFLOPs: 28.3752. Time: 15964.0912 us. Best GFLOPs: 105.5695
2026-04-07 15:02:25 [INFO] [evolutionary_search.cc:711] Generating candidates......
2026-04-07 15:02:25 [INFO] [evolutionary_search.cc:713] Picked top 64 candidate(s) from database
2026-04-07 15:02:26 [INFO] [evolutionary_search.cc:530] Sample-Init-Population summary:
Postproc #0 [meta_schedule.DisallowDynamicLoop(0x5bdf3fc80b08)]: 0 failure(s)
Postproc #1 [meta_schedule.RewriteParallelVectorizeUnroll(0x5bdf3f7e9898)]: 0 failure(s)
Postproc #2 [meta_schedule.RewriteReductionBlock(0x5bdf3f713b08)]: 0 failure(s)
Postproc #3 [meta_schedule.RewriteLayout(0x5bdf3f9be378)]: 0 failure(s)
2026-04-07 15:02:26 [INFO] [evolutionary_search.cc:721] Sampled 550 candidate(s)
2026-04-07 15:02:26 [INFO] [evolutionary_search.cc:619] Evolve iter #0 done. Summary:
Postproc #0 [meta_schedule.DisallowDynamicLoop(0x5bdf3fc80b08)]: 0 failure(s)
Postproc #1 [meta_schedule.RewriteParallelVectorizeUnroll(0x5bdf3f7e9898)]: 0 failure(s)
Postproc #2 [meta_schedule.RewriteReductionBlock(0x5bdf3f713b08)]: 0 failure(s)
Postproc #3 [meta_schedule.RewriteLayout(0x5bdf3f9be378)]: 0 failure(s)
2026-04-07 15:02:26 [INFO] [evolutionary_search.cc:619] Evolve iter #1 done. Summary:
Postproc #0 [meta_schedule.DisallowDynamicLoop(0x5bdf3fc80b08)]: 0 failure(s)
Postproc #1 [meta_schedule.RewriteParallelVectorizeUnroll(0x5bdf3f7e9898)]: 0 failure(s)
Postproc #2 [meta_schedule.RewriteReductionBlock(0x5bdf3f713b08)]: 0 failure(s)
Postproc #3 [meta_schedule.RewriteLayout(0x5bdf3f9be378)]: 0 failure(s)
2026-04-07 15:02:27 [INFO] [evolutionary_search.cc:619] Evolve iter #2 done. Summary:
Postproc #0 [meta_schedule.DisallowDynamicLoop(0x5bdf3fc80b08)]: 0 failure(s)
Postproc #1 [meta_schedule.RewriteParallelVectorizeUnroll(0x5bdf3f7e9898)]: 0 failure(s)
Postproc #2 [meta_schedule.RewriteReductionBlock(0x5bdf3f713b08)]: 0 failure(s)
Postproc #3 [meta_schedule.RewriteLayout(0x5bdf3f9be378)]: 0 failure(s)
2026-04-07 15:02:27 [INFO] [evolutionary_search.cc:619] Evolve iter #3 done. Summary:
Postproc #0 [meta_schedule.DisallowDynamicLoop(0x5bdf3fc80b08)]: 0 failure(s)
Postproc #1 [meta_schedule.RewriteParallelVectorizeUnroll(0x5bdf3f7e9898)]: 0 failure(s)
Postproc #2 [meta_schedule.RewriteReductionBlock(0x5bdf3f713b08)]: 0 failure(s)
Postproc #3 [meta_schedule.RewriteLayout(0x5bdf3f9be378)]: 0 failure(s)
2026-04-07 15:02:27 [INFO] [evolutionary_search.cc:647] Scores of the best 64 candidates:
[1 : 16]:	0.9990  0.9986  0.9984  0.9982  0.9978  0.9978  0.9977  0.9967  0.9966  0.9961  0.9960  0.9959  0.9959  0.9957  0.9951  0.9951
[17 : 32]:	0.9942  0.9941  0.9929  0.9927  0.9924  0.9922  0.9915  0.9909  0.9908  0.9908  0.9906  0.9905  0.9903  0.9901  0.9898  0.9898
[33 : 48]:	0.9897  0.9895  0.9894  0.9890  0.9876  0.9875  0.9872  0.9867  0.9853  0.9852  0.9851  0.9846  0.9833  0.9833  0.9829  0.9829
[49 : 64]:	0.9826  0.9823  0.9822  0.9821  0.9819  0.9819  0.9814  0.9797  0.9792  0.9791  0.9773  0.9771  0.9767  0.9760  0.9739  0.9737
2026-04-07 15:02:27 [INFO] [evolutionary_search.cc:725] Got 64 candidate(s) with evolutionary search
2026-04-07 15:02:27 [INFO] [evolutionary_search.cc:728] Sending 63 candidates(s) for measurement
2026-04-07 15:02:52 [INFO] [task_scheduler.cc:137] [Task #0: main] Trial #65: GFLOPs: 105.3775. Time: 4298.6879 us. Best GFLOPs: 105.5695
2026-04-07 15:02:52 [INFO] [task_scheduler.cc:137] [Task #0: main] Trial #66: GFLOPs: 21.9795. Time: 20609.3872 us. Best GFLOPs: 105.5695
2026-04-07 15:02:52 [INFO] [task_scheduler.cc:137] [Task #0: main] Trial #67: GFLOPs: 89.8680. Time: 5040.5577 us. Best GFLOPs: 105.5695
2026-04-07 15:02:52 [INFO] [task_scheduler.cc:137] [Task #0: main] Trial #68: GFLOPs: 51.4995. Time: 8795.9039 us. Best GFLOPs: 105.5695
2026-04-07 15:02:52 [INFO] [task_scheduler.cc:137] [Task #0: main] Trial #69: GFLOPs: 97.5751. Time: 4642.4213 us. Best GFLOPs: 105.5695
2026-04-07 15:02:52 [INFO] [task_scheduler.cc:137] [Task #0: main] Trial #70: GFLOPs: 52.2840. Time: 8663.9229 us. Best GFLOPs: 105.5695
2026-04-07 15:02:52 [INFO] [task_scheduler.cc:137] [Task #0: main] Trial #71: GFLOPs: 44.8036. Time: 10110.4561 us. Best GFLOPs: 105.5695
2026-04-07 15:02:52 [INFO] [task_scheduler.cc:137] [Task #0: main] Trial #72: GFLOPs: 80.5650. Time: 5622.5975 us. Best GFLOPs: 105.5695
2026-04-07 15:02:52 [INFO] [task_scheduler.cc:137] [Task #0: main] Trial #73: GFLOPs: 19.0480. Time: 23781.2000 us. Best GFLOPs: 105.5695
2026-04-07 15:02:52 [INFO] [task_scheduler.cc:137] [Task #0: main] Trial #74: GFLOPs: 64.5753. Time: 7014.8276 us. Best GFLOPs: 105.5695
2026-04-07 15:02:52 [INFO] [task_scheduler.cc:137] [Task #0: main] Trial #75: GFLOPs: 7.7204. Time: 58673.5290 us. Best GFLOPs: 105.5695
2026-04-07 15:02:52 [INFO] [task_scheduler.cc:137] [Task #0: main] Trial #76: GFLOPs: 8.9387. Time: 50676.9237 us. Best GFLOPs: 105.5695
2026-04-07 15:02:52 [INFO] [task_scheduler.cc:137] [Task #0: main] Trial #77: GFLOPs: 24.5146. Time: 18478.1833 us. Best GFLOPs: 105.5695
2026-04-07 15:02:52 [INFO] [task_scheduler.cc:137] [Task #0: main] Trial #78: GFLOPs: 17.7718. Time: 25489.0090 us. Best GFLOPs: 105.5695
2026-04-07 15:02:52 [INFO] [task_scheduler.cc:137] [Task #0: main] Trial #79: GFLOPs: 39.2300. Time: 11546.8863 us. Best GFLOPs: 105.5695
2026-04-07 15:02:52 [INFO] [task_scheduler.cc:137] [Task #0: main] Trial #80: GFLOPs: 21.7564. Time: 20820.7610 us. Best GFLOPs: 105.5695
2026-04-07 15:02:52 [INFO] [task_scheduler.cc:137] [Task #0: main] Trial #81: GFLOPs: 85.5181. Time: 5296.9495 us. Best GFLOPs: 105.5695
2026-04-07 15:02:52 [INFO] [task_scheduler.cc:137] [Task #0: main] Trial #82: GFLOPs: 94.7234. Time: 4782.1836 us. Best GFLOPs: 105.5695
2026-04-07 15:02:52 [INFO] [task_scheduler.cc:137] [Task #0: main] Trial #83: GFLOPs: 68.3923. Time: 6623.3330 us. Best GFLOPs: 105.5695
2026-04-07 15:02:52 [INFO] [task_scheduler.cc:137] [Task #0: main] Trial #84: GFLOPs: 42.4803. Time: 10663.3990 us. Best GFLOPs: 105.5695
2026-04-07 15:02:52 [INFO] [task_scheduler.cc:137] [Task #0: main] Trial #85: GFLOPs: 73.9400. Time: 6126.3838 us. Best GFLOPs: 105.5695
2026-04-07 15:02:52 [INFO] [task_scheduler.cc:137] [Task #0: main] Trial #86: GFLOPs: 80.4038. Time: 5633.8718 us. Best GFLOPs: 105.5695
2026-04-07 15:02:52 [INFO] [task_scheduler.cc:137] [Task #0: main] Trial #87: GFLOPs: 27.1765. Time: 16668.2333 us. Best GFLOPs: 105.5695
2026-04-07 15:02:52 [INFO] [task_scheduler.cc:137] [Task #0: main] Trial #88: GFLOPs: 19.4333. Time: 23309.7063 us. Best GFLOPs: 105.5695
2026-04-07 15:02:52 [INFO] [task_scheduler.cc:137] [Task #0: main] Trial #89: GFLOPs: 6.8319. Time: 66304.4337 us. Best GFLOPs: 105.5695
2026-04-07 15:02:52 [INFO] [task_scheduler.cc:137] [Task #0: main] Trial #90: GFLOPs: 47.3763. Time: 9561.4260 us. Best GFLOPs: 105.5695
2026-04-07 15:02:52 [INFO] [task_scheduler.cc:137] [Task #0: main] Trial #91: GFLOPs: 40.5119. Time: 11181.5365 us. Best GFLOPs: 105.5695
2026-04-07 15:02:52 [INFO] [task_scheduler.cc:137] [Task #0: main] Trial #92: GFLOPs: 90.1548. Time: 5024.5209 us. Best GFLOPs: 105.5695
2026-04-07 15:02:52 [INFO] [task_scheduler.cc:137] [Task #0: main] Trial #93: GFLOPs: 29.2213. Time: 15501.8695 us. Best GFLOPs: 105.5695
2026-04-07 15:02:52 [INFO] [task_scheduler.cc:137] [Task #0: main] Trial #94: GFLOPs: 57.3344. Time: 7900.7497 us. Best GFLOPs: 105.5695
2026-04-07 15:02:52 [INFO] [task_scheduler.cc:137] [Task #0: main] Trial #95: GFLOPs: 49.1655. Time: 9213.4606 us. Best GFLOPs: 105.5695
2026-04-07 15:02:52 [INFO] [task_scheduler.cc:137] [Task #0: main] Trial #96: GFLOPs: 37.5176. Time: 12073.9155 us. Best GFLOPs: 105.5695
2026-04-07 15:02:52 [INFO] [task_scheduler.cc:137] [Task #0: main] Trial #97: GFLOPs: 57.8076. Time: 7836.0814 us. Best GFLOPs: 105.5695
2026-04-07 15:02:52 [INFO] [task_scheduler.cc:137] [Task #0: main] Trial #98: GFLOPs: 17.7041. Time: 25586.3853 us. Best GFLOPs: 105.5695
2026-04-07 15:02:52 [INFO] [task_scheduler.cc:137] [Task #0: main] Trial #99: GFLOPs: 43.0384. Time: 10525.1433 us. Best GFLOPs: 105.5695
2026-04-07 15:02:52 [INFO] [task_scheduler.cc:137] [Task #0: main] Trial #100: GFLOPs: 71.3410. Time: 6349.5684 us. Best GFLOPs: 105.5695
2026-04-07 15:02:52 [INFO] [task_scheduler.cc:137] [Task #0: main] Trial #101: GFLOPs: 15.5327. Time: 29163.2317 us. Best GFLOPs: 105.5695
2026-04-07 15:02:52 [INFO] [task_scheduler.cc:137] [Task #0: main] Trial #102: GFLOPs: 19.0304. Time: 23803.2307 us. Best GFLOPs: 105.5695
2026-04-07 15:02:52 [INFO] [task_scheduler.cc:137] [Task #0: main] Trial #103: GFLOPs: 14.9109. Time: 30379.4833 us. Best GFLOPs: 105.5695
2026-04-07 15:02:52 [INFO] [task_scheduler.cc:137] [Task #0: main] Trial #104: GFLOPs: 48.3941. Time: 9360.3342 us. Best GFLOPs: 105.5695
2026-04-07 15:02:52 [INFO] [task_scheduler.cc:137] [Task #0: main] Trial #105: GFLOPs: 42.4518. Time: 10670.5698 us. Best GFLOPs: 105.5695
2026-04-07 15:02:52 [INFO] [task_scheduler.cc:137] [Task #0: main] Trial #106: GFLOPs: 21.2538. Time: 21313.1667 us. Best GFLOPs: 105.5695
2026-04-07 15:02:52 [INFO] [task_scheduler.cc:137] [Task #0: main] Trial #107: GFLOPs: 74.1446. Time: 6109.4797 us. Best GFLOPs: 105.5695
2026-04-07 15:02:52 [INFO] [task_scheduler.cc:137] [Task #0: main] Trial #108: GFLOPs: 108.4946. Time: 4175.1836 us. Best GFLOPs: 108.4946
2026-04-07 15:02:52 [INFO] [task_scheduler.cc:137] [Task #0: main] Trial #109: GFLOPs: 72.1054. Time: 6282.2556 us. Best GFLOPs: 108.4946
2026-04-07 15:02:52 [INFO] [task_scheduler.cc:137] [Task #0: main] Trial #110: GFLOPs: 43.1050. Time: 10508.8654 us. Best GFLOPs: 108.4946
2026-04-07 15:02:52 [INFO] [task_scheduler.cc:137] [Task #0: main] Trial #111: GFLOPs: 44.1372. Time: 10263.1067 us. Best GFLOPs: 108.4946
2026-04-07 15:02:52 [INFO] [task_scheduler.cc:137] [Task #0: main] Trial #112: GFLOPs: 3.8674. Time: 117128.3117 us. Best GFLOPs: 108.4946
2026-04-07 15:02:52 [INFO] [task_scheduler.cc:137] [Task #0: main] Trial #113: GFLOPs: 37.4062. Time: 12109.8860 us. Best GFLOPs: 108.4946
2026-04-07 15:02:52 [INFO] [task_scheduler.cc:137] [Task #0: main] Trial #114: GFLOPs: 19.9147. Time: 22746.2047 us. Best GFLOPs: 108.4946
2026-04-07 15:02:52 [INFO] [task_scheduler.cc:137] [Task #0: main] Trial #115: GFLOPs: 46.7735. Time: 9684.6503 us. Best GFLOPs: 108.4946
2026-04-07 15:02:52 [INFO] [task_scheduler.cc:137] [Task #0: main] Trial #116: GFLOPs: 26.8326. Time: 16881.8890 us. Best GFLOPs: 108.4946
2026-04-07 15:02:52 [INFO] [task_scheduler.cc:137] [Task #0: main] Trial #117: GFLOPs: 48.6728. Time: 9306.7255 us. Best GFLOPs: 108.4946
2026-04-07 15:02:52 [INFO] [task_scheduler.cc:137] [Task #0: main] Trial #118: GFLOPs: 29.6688. Time: 15268.0642 us. Best GFLOPs: 108.4946
2026-04-07 15:02:52 [INFO] [task_scheduler.cc:137] [Task #0: main] Trial #119: GFLOPs: 113.4307. Time: 3993.4958 us. Best GFLOPs: 113.4307
2026-04-07 15:02:52 [INFO] [task_scheduler.cc:137] [Task #0: main] Trial #120: GFLOPs: 44.3321. Time: 10217.9832 us. Best GFLOPs: 113.4307
2026-04-07 15:02:52 [INFO] [task_scheduler.cc:137] [Task #0: main] Trial #121: GFLOPs: 70.6757. Time: 6409.3395 us. Best GFLOPs: 113.4307
2026-04-07 15:02:52 [INFO] [task_scheduler.cc:137] [Task #0: main] Trial #122: GFLOPs: 42.1101. Time: 10757.1535 us. Best GFLOPs: 113.4307
2026-04-07 15:02:52 [INFO] [task_scheduler.cc:137] [Task #0: main] Trial #123: GFLOPs: 48.9478. Time: 9254.4534 us. Best GFLOPs: 113.4307
2026-04-07 15:02:52 [INFO] [task_scheduler.cc:137] [Task #0: main] Trial #124: GFLOPs: 112.0358. Time: 4043.2144 us. Best GFLOPs: 113.4307
2026-04-07 15:02:52 [INFO] [task_scheduler.cc:137] [Task #0: main] Trial #125: GFLOPs: 14.5505. Time: 31131.9110 us. Best GFLOPs: 113.4307
2026-04-07 15:02:52 [INFO] [task_scheduler.cc:137] [Task #0: main] Trial #126: GFLOPs: 89.2049. Time: 5078.0245 us. Best GFLOPs: 113.4307
2026-04-07 15:02:52 [INFO] [task_scheduler.cc:137] [Task #0: main] Trial #127: GFLOPs: 33.8130. Time: 13396.7604 us. Best GFLOPs: 113.4307
2026-04-07 15:02:52 [INFO] [evolutionary_search.cc:711] Generating candidates......
2026-04-07 15:02:52 [INFO] [evolutionary_search.cc:713] Picked top 122 candidate(s) from database
2026-04-07 15:02:52 [INFO] [evolutionary_search.cc:530] Sample-Init-Population summary:
Postproc #0 [meta_schedule.DisallowDynamicLoop(0x5bdf3fc80b08)]: 0 failure(s)
Postproc #1 [meta_schedule.RewriteParallelVectorizeUnroll(0x5bdf3f7e9898)]: 0 failure(s)
Postproc #2 [meta_schedule.RewriteReductionBlock(0x5bdf3f713b08)]: 0 failure(s)
Postproc #3 [meta_schedule.RewriteLayout(0x5bdf3f9be378)]: 0 failure(s)
2026-04-07 15:02:52 [INFO] [evolutionary_search.cc:721] Sampled 492 candidate(s)
2026-04-07 15:02:53 [INFO] [evolutionary_search.cc:619] Evolve iter #0 done. Summary:
Postproc #0 [meta_schedule.DisallowDynamicLoop(0x5bdf3fc80b08)]: 0 failure(s)
Postproc #1 [meta_schedule.RewriteParallelVectorizeUnroll(0x5bdf3f7e9898)]: 0 failure(s)
Postproc #2 [meta_schedule.RewriteReductionBlock(0x5bdf3f713b08)]: 0 failure(s)
Postproc #3 [meta_schedule.RewriteLayout(0x5bdf3f9be378)]: 0 failure(s)
2026-04-07 15:02:54 [INFO] [evolutionary_search.cc:619] Evolve iter #1 done. Summary:
Postproc #0 [meta_schedule.DisallowDynamicLoop(0x5bdf3fc80b08)]: 0 failure(s)
Postproc #1 [meta_schedule.RewriteParallelVectorizeUnroll(0x5bdf3f7e9898)]: 0 failure(s)
Postproc #2 [meta_schedule.RewriteReductionBlock(0x5bdf3f713b08)]: 0 failure(s)
Postproc #3 [meta_schedule.RewriteLayout(0x5bdf3f9be378)]: 0 failure(s)
2026-04-07 15:02:55 [INFO] [evolutionary_search.cc:619] Evolve iter #2 done. Summary:
Postproc #0 [meta_schedule.DisallowDynamicLoop(0x5bdf3fc80b08)]: 0 failure(s)
Postproc #1 [meta_schedule.RewriteParallelVectorizeUnroll(0x5bdf3f7e9898)]: 0 failure(s)
Postproc #2 [meta_schedule.RewriteReductionBlock(0x5bdf3f713b08)]: 0 failure(s)
Postproc #3 [meta_schedule.RewriteLayout(0x5bdf3f9be378)]: 0 failure(s)
2026-04-07 15:02:56 [INFO] [evolutionary_search.cc:619] Evolve iter #3 done. Summary:
Postproc #0 [meta_schedule.DisallowDynamicLoop(0x5bdf3fc80b08)]: 0 failure(s)
Postproc #1 [meta_schedule.RewriteParallelVectorizeUnroll(0x5bdf3f7e9898)]: 0 failure(s)
Postproc #2 [meta_schedule.RewriteReductionBlock(0x5bdf3f713b08)]: 0 failure(s)
Postproc #3 [meta_schedule.RewriteLayout(0x5bdf3f9be378)]: 0 failure(s)
2026-04-07 15:02:57 [INFO] [evolutionary_search.cc:647] Scores of the best 64 candidates:
[1 : 16]:	0.9915  0.9840  0.9378  0.9341  0.9340  0.9201  0.9201  0.9107  0.9030  0.9021  0.8966  0.8939  0.8843  0.8788  0.8768  0.8741
[17 : 32]:	0.8717  0.8684  0.8561  0.8534  0.8494  0.8465  0.8446  0.8445  0.8392  0.8359  0.8340  0.8334  0.8324  0.8324  0.8324  0.8324
[33 : 48]:	0.8315  0.8315  0.8315  0.8307  0.8305  0.8305  0.8291  0.8291  0.8285  0.8275  0.8259  0.8254  0.8254  0.8238  0.8238  0.8210
[49 : 64]:	0.8210  0.8210  0.8210  0.8210  0.8206  0.8206  0.8194  0.8187  0.8186  0.8186  0.8178  0.8152  0.8152  0.8143  0.8137  0.8132
2026-04-07 15:02:57 [INFO] [evolutionary_search.cc:725] Got 64 candidate(s) with evolutionary search
2026-04-07 15:02:57 [INFO] [evolutionary_search.cc:728] Sending 64 candidates(s) for measurement
2026-04-07 15:03:20 [INFO] [task_scheduler.cc:137] [Task #0: main] Trial #128: GFLOPs: 132.9497. Time: 3407.1894 us. Best GFLOPs: 132.9497
2026-04-07 15:03:20 [INFO] [task_scheduler.cc:137] [Task #0: main] Trial #129: GFLOPs: 102.0352. Time: 4439.4964 us. Best GFLOPs: 132.9497
2026-04-07 15:03:20 [INFO] [task_scheduler.cc:137] [Task #0: main] Trial #130: GFLOPs: 124.8838. Time: 3627.2505 us. Best GFLOPs: 132.9497
2026-04-07 15:03:20 [INFO] [task_scheduler.cc:137] [Task #0: main] Trial #131: GFLOPs: 127.9752. Time: 3539.6285 us. Best GFLOPs: 132.9497
2026-04-07 15:03:20 [INFO] [task_scheduler.cc:137] [Task #0: main] Trial #132: GFLOPs: 85.4333. Time: 5302.2031 us. Best GFLOPs: 132.9497
2026-04-07 15:03:20 [INFO] [task_scheduler.cc:137] [Task #0: main] Trial #133: GFLOPs: 101.8239. Time: 4448.7096 us. Best GFLOPs: 132.9497
2026-04-07 15:03:20 [INFO] [task_scheduler.cc:137] [Task #0: main] Trial #134: GFLOPs: 74.6720. Time: 6066.3298 us. Best GFLOPs: 132.9497
2026-04-07 15:03:20 [INFO] [task_scheduler.cc:137] [Task #0: main] Trial #135: GFLOPs: 103.2754. Time: 4386.1818 us. Best GFLOPs: 132.9497
2026-04-07 15:03:20 [INFO] [task_scheduler.cc:137] [Task #0: main] Trial #136: GFLOPs: 71.8411. Time: 6305.3702 us. Best GFLOPs: 132.9497
2026-04-07 15:03:20 [INFO] [task_scheduler.cc:137] [Task #0: main] Trial #137: GFLOPs: 24.4753. Time: 18507.8035 us. Best GFLOPs: 132.9497
2026-04-07 15:03:20 [INFO] [task_scheduler.cc:137] [Task #0: main] Trial #138: GFLOPs: 109.5132. Time: 4136.3487 us. Best GFLOPs: 132.9497
2026-04-07 15:03:20 [INFO] [task_scheduler.cc:137] [Task #0: main] Trial #139: GFLOPs: 98.1780. Time: 4613.9146 us. Best GFLOPs: 132.9497
2026-04-07 15:03:20 [INFO] [task_scheduler.cc:137] [Task #0: main] Trial #140: GFLOPs: 29.4525. Time: 15380.1928 us. Best GFLOPs: 132.9497
2026-04-07 15:03:20 [INFO] [task_scheduler.cc:137] [Task #0: main] Trial #141: GFLOPs: 19.1909. Time: 23604.0980 us. Best GFLOPs: 132.9497
2026-04-07 15:03:20 [INFO] [task_scheduler.cc:137] [Task #0: main] Trial #142: GFLOPs: 21.4041. Time: 21163.4683 us. Best GFLOPs: 132.9497
2026-04-07 15:03:20 [INFO] [task_scheduler.cc:137] [Task #0: main] Trial #143: GFLOPs: 81.0620. Time: 5588.1256 us. Best GFLOPs: 132.9497
2026-04-07 15:03:20 [INFO] [task_scheduler.cc:137] [Task #0: main] Trial #144: GFLOPs: 87.3315. Time: 5186.9589 us. Best GFLOPs: 132.9497
2026-04-07 15:03:20 [INFO] [task_scheduler.cc:137] [Task #0: main] Trial #145: GFLOPs: 106.1315. Time: 4268.1475 us. Best GFLOPs: 132.9497
2026-04-07 15:03:20 [INFO] [task_scheduler.cc:137] [Task #0: main] Trial #146: GFLOPs: 62.2393. Time: 7278.1138 us. Best GFLOPs: 132.9497
2026-04-07 15:03:20 [INFO] [task_scheduler.cc:137] [Task #0: main] Trial #147: GFLOPs: 100.6712. Time: 4499.6485 us. Best GFLOPs: 132.9497
2026-04-07 15:03:20 [INFO] [task_scheduler.cc:137] [Task #0: main] Trial #148: GFLOPs: 11.0924. Time: 40837.4587 us. Best GFLOPs: 132.9497
2026-04-07 15:03:20 [INFO] [task_scheduler.cc:137] [Task #0: main] Trial #149: GFLOPs: 94.3282. Time: 4802.2204 us. Best GFLOPs: 132.9497
2026-04-07 15:03:20 [INFO] [task_scheduler.cc:137] [Task #0: main] Trial #150: GFLOPs: 99.0424. Time: 4573.6461 us. Best GFLOPs: 132.9497
2026-04-07 15:03:20 [INFO] [task_scheduler.cc:137] [Task #0: main] Trial #151: GFLOPs: 105.8737. Time: 4278.5415 us. Best GFLOPs: 132.9497
2026-04-07 15:03:20 [INFO] [task_scheduler.cc:137] [Task #0: main] Trial #152: GFLOPs: 102.5271. Time: 4418.1953 us. Best GFLOPs: 132.9497
2026-04-07 15:03:20 [INFO] [task_scheduler.cc:137] [Task #0: main] Trial #153: GFLOPs: 101.2156. Time: 4475.4448 us. Best GFLOPs: 132.9497
2026-04-07 15:03:20 [INFO] [task_scheduler.cc:137] [Task #0: main] Trial #154: GFLOPs: 94.8742. Time: 4774.5823 us. Best GFLOPs: 132.9497
2026-04-07 15:03:20 [INFO] [task_scheduler.cc:137] [Task #0: main] Trial #155: GFLOPs: 86.3941. Time: 5243.2404 us. Best GFLOPs: 132.9497
2026-04-07 15:03:20 [INFO] [task_scheduler.cc:137] [Task #0: main] Trial #156: GFLOPs: 91.0389. Time: 4975.7285 us. Best GFLOPs: 132.9497
2026-04-07 15:03:20 [INFO] [task_scheduler.cc:137] [Task #0: main] Trial #157: GFLOPs: 87.4737. Time: 5178.5249 us. Best GFLOPs: 132.9497
2026-04-07 15:03:20 [INFO] [task_scheduler.cc:137] [Task #0: main] Trial #158: GFLOPs: 95.4852. Time: 4744.0336 us. Best GFLOPs: 132.9497
2026-04-07 15:03:20 [INFO] [task_scheduler.cc:137] [Task #0: main] Trial #159: GFLOPs: 95.0171. Time: 4767.4046 us. Best GFLOPs: 132.9497
2026-04-07 15:03:20 [INFO] [task_scheduler.cc:137] [Task #0: main] Trial #160: GFLOPs: 96.0982. Time: 4713.7722 us. Best GFLOPs: 132.9497
2026-04-07 15:03:20 [INFO] [task_scheduler.cc:137] [Task #0: main] Trial #161: GFLOPs: 86.0045. Time: 5266.9887 us. Best GFLOPs: 132.9497
2026-04-07 15:03:20 [INFO] [task_scheduler.cc:137] [Task #0: main] Trial #162: GFLOPs: 98.4537. Time: 4600.9931 us. Best GFLOPs: 132.9497
2026-04-07 15:03:20 [INFO] [task_scheduler.cc:137] [Task #0: main] Trial #163: GFLOPs: 79.9680. Time: 5664.5739 us. Best GFLOPs: 132.9497
2026-04-07 15:03:20 [INFO] [task_scheduler.cc:137] [Task #0: main] Trial #164: GFLOPs: 79.8824. Time: 5670.6457 us. Best GFLOPs: 132.9497
2026-04-07 15:03:20 [INFO] [task_scheduler.cc:137] [Task #0: main] Trial #165: GFLOPs: 27.7591. Time: 16318.4320 us. Best GFLOPs: 132.9497
2026-04-07 15:03:20 [INFO] [task_scheduler.cc:137] [Task #0: main] Trial #166: GFLOPs: 8.2049. Time: 55208.9383 us. Best GFLOPs: 132.9497
2026-04-07 15:03:20 [INFO] [task_scheduler.cc:137] [Task #0: main] Trial #167: GFLOPs: 8.7916. Time: 51524.5563 us. Best GFLOPs: 132.9497
2026-04-07 15:03:20 [INFO] [task_scheduler.cc:137] [Task #0: main] Trial #168: GFLOPs: 103.3604. Time: 4382.5752 us. Best GFLOPs: 132.9497
2026-04-07 15:03:20 [INFO] [task_scheduler.cc:137] [Task #0: main] Trial #169: GFLOPs: 107.3130. Time: 4221.1537 us. Best GFLOPs: 132.9497
2026-04-07 15:03:20 [INFO] [task_scheduler.cc:137] [Task #0: main] Trial #170: GFLOPs: 37.7395. Time: 12002.9284 us. Best GFLOPs: 132.9497
2026-04-07 15:03:20 [INFO] [task_scheduler.cc:137] [Task #0: main] Trial #171: GFLOPs: 118.1009. Time: 3835.5744 us. Best GFLOPs: 132.9497
2026-04-07 15:03:20 [INFO] [task_scheduler.cc:137] [Task #0: main] Trial #172: GFLOPs: 104.6560. Time: 4328.3219 us. Best GFLOPs: 132.9497
2026-04-07 15:03:20 [INFO] [task_scheduler.cc:137] [Task #0: main] Trial #173: GFLOPs: 85.6144. Time: 5290.9907 us. Best GFLOPs: 132.9497
2026-04-07 15:03:20 [INFO] [task_scheduler.cc:137] [Task #0: main] Trial #174: GFLOPs: 73.2704. Time: 6182.3733 us. Best GFLOPs: 132.9497
2026-04-07 15:03:20 [INFO] [task_scheduler.cc:137] [Task #0: main] Trial #175: GFLOPs: 78.3735. Time: 5779.8211 us. Best GFLOPs: 132.9497
2026-04-07 15:03:20 [INFO] [task_scheduler.cc:137] [Task #0: main] Trial #176: GFLOPs: 89.7240. Time: 5048.6454 us. Best GFLOPs: 132.9497
2026-04-07 15:03:20 [INFO] [task_scheduler.cc:137] [Task #0: main] Trial #177: GFLOPs: 56.0770. Time: 8077.9055 us. Best GFLOPs: 132.9497
2026-04-07 15:03:20 [INFO] [task_scheduler.cc:137] [Task #0: main] Trial #178: GFLOPs: 79.1944. Time: 5719.9079 us. Best GFLOPs: 132.9497
2026-04-07 15:03:20 [INFO] [task_scheduler.cc:137] [Task #0: main] Trial #179: GFLOPs: 78.4104. Time: 5777.0987 us. Best GFLOPs: 132.9497
2026-04-07 15:03:20 [INFO] [task_scheduler.cc:137] [Task #0: main] Trial #180: GFLOPs: 66.0140. Time: 6861.9494 us. Best GFLOPs: 132.9497
2026-04-07 15:03:20 [INFO] [task_scheduler.cc:137] [Task #0: main] Trial #181: GFLOPs: 71.7606. Time: 6312.4439 us. Best GFLOPs: 132.9497
2026-04-07 15:03:20 [INFO] [task_scheduler.cc:137] [Task #0: main] Trial #182: GFLOPs: 96.1212. Time: 4712.6424 us. Best GFLOPs: 132.9497
2026-04-07 15:03:20 [INFO] [task_scheduler.cc:137] [Task #0: main] Trial #183: GFLOPs: 68.6845. Time: 6595.1536 us. Best GFLOPs: 132.9497
2026-04-07 15:03:20 [INFO] [task_scheduler.cc:137] [Task #0: main] Trial #184: GFLOPs: 90.7179. Time: 4993.3357 us. Best GFLOPs: 132.9497
2026-04-07 15:03:20 [INFO] [task_scheduler.cc:137] [Task #0: main] Trial #185: GFLOPs: 42.0579. Time: 10770.5037 us. Best GFLOPs: 132.9497
2026-04-07 15:03:20 [INFO] [task_scheduler.cc:137] [Task #0: main] Trial #186: GFLOPs: 74.4210. Time: 6086.7863 us. Best GFLOPs: 132.9497
2026-04-07 15:03:20 [INFO] [task_scheduler.cc:137] [Task #0: main] Trial #187: GFLOPs: 81.4219. Time: 5563.4301 us. Best GFLOPs: 132.9497
2026-04-07 15:03:20 [INFO] [task_scheduler.cc:137] [Task #0: main] Trial #188: GFLOPs: 91.4330. Time: 4954.2811 us. Best GFLOPs: 132.9497
2026-04-07 15:03:20 [INFO] [task_scheduler.cc:137] [Task #0: main] Trial #189: GFLOPs: 61.2081. Time: 7400.7300 us. Best GFLOPs: 132.9497
2026-04-07 15:03:20 [INFO] [task_scheduler.cc:137] [Task #0: main] Trial #190: GFLOPs: 75.9757. Time: 5962.2370 us. Best GFLOPs: 132.9497
2026-04-07 15:03:20 [INFO] [task_scheduler.cc:137] [Task #0: main] Trial #191: GFLOPs: 53.6502. Time: 8443.3048 us. Best GFLOPs: 132.9497
2026-04-07 15:03:20 [INFO] [evolutionary_search.cc:711] Generating candidates......
2026-04-07 15:03:20 [INFO] [evolutionary_search.cc:713] Picked top 122 candidate(s) from database
2026-04-07 15:03:20 [INFO] [evolutionary_search.cc:530] Sample-Init-Population summary:
Postproc #0 [meta_schedule.DisallowDynamicLoop(0x5bdf3fc80b08)]: 0 failure(s)
Postproc #1 [meta_schedule.RewriteParallelVectorizeUnroll(0x5bdf3f7e9898)]: 0 failure(s)
Postproc #2 [meta_schedule.RewriteReductionBlock(0x5bdf3f713b08)]: 0 failure(s)
Postproc #3 [meta_schedule.RewriteLayout(0x5bdf3f9be378)]: 0 failure(s)
2026-04-07 15:03:20 [INFO] [evolutionary_search.cc:721] Sampled 492 candidate(s)
2026-04-07 15:03:21 [INFO] [evolutionary_search.cc:619] Evolve iter #0 done. Summary:
Postproc #0 [meta_schedule.DisallowDynamicLoop(0x5bdf3fc80b08)]: 0 failure(s)
Postproc #1 [meta_schedule.RewriteParallelVectorizeUnroll(0x5bdf3f7e9898)]: 0 failure(s)
Postproc #2 [meta_schedule.RewriteReductionBlock(0x5bdf3f713b08)]: 0 failure(s)
Postproc #3 [meta_schedule.RewriteLayout(0x5bdf3f9be378)]: 0 failure(s)
2026-04-07 15:03:22 [INFO] [evolutionary_search.cc:619] Evolve iter #1 done. Summary:
Postproc #0 [meta_schedule.DisallowDynamicLoop(0x5bdf3fc80b08)]: 0 failure(s)
Postproc #1 [meta_schedule.RewriteParallelVectorizeUnroll(0x5bdf3f7e9898)]: 0 failure(s)
Postproc #2 [meta_schedule.RewriteReductionBlock(0x5bdf3f713b08)]: 0 failure(s)
Postproc #3 [meta_schedule.RewriteLayout(0x5bdf3f9be378)]: 0 failure(s)
2026-04-07 15:03:23 [INFO] [evolutionary_search.cc:619] Evolve iter #2 done. Summary:
Postproc #0 [meta_schedule.DisallowDynamicLoop(0x5bdf3fc80b08)]: 0 failure(s)
Postproc #1 [meta_schedule.RewriteParallelVectorizeUnroll(0x5bdf3f7e9898)]: 0 failure(s)
Postproc #2 [meta_schedule.RewriteReductionBlock(0x5bdf3f713b08)]: 0 failure(s)
Postproc #3 [meta_schedule.RewriteLayout(0x5bdf3f9be378)]: 0 failure(s)
2026-04-07 15:03:24 [INFO] [evolutionary_search.cc:619] Evolve iter #3 done. Summary:
Postproc #0 [meta_schedule.DisallowDynamicLoop(0x5bdf3fc80b08)]: 0 failure(s)
Postproc #1 [meta_schedule.RewriteParallelVectorizeUnroll(0x5bdf3f7e9898)]: 0 failure(s)
Postproc #2 [meta_schedule.RewriteReductionBlock(0x5bdf3f713b08)]: 0 failure(s)
Postproc #3 [meta_schedule.RewriteLayout(0x5bdf3f9be378)]: 0 failure(s)
2026-04-07 15:03:25 [INFO] [evolutionary_search.cc:647] Scores of the best 39 candidates:
[1 : 16]:	0.9066  0.8651  0.8489  0.8403  0.8336  0.8248  0.8157  0.8142  0.8029  0.8029  0.8029  0.8029  0.7953  0.7829  0.7810  0.7741
[17 : 32]:	0.7716  0.7711  0.7696  0.7695  0.7658  0.7654  0.7644  0.7583  0.7577  0.7561  0.7540  0.7529  0.7497  0.7488  0.7481  0.7473
[33 : 39]:	0.7466  0.7434  0.7422  0.7421  0.7418  0.7408  0.7405
2026-04-07 15:03:25 [INFO] [evolutionary_search.cc:725] Got 39 candidate(s) with evolutionary search
2026-04-07 15:03:25 [INFO] [evolutionary_search.cc:728] Sending 39 candidates(s) for measurement
2026-04-07 15:03:43 [INFO] [task_scheduler.cc:137] [Task #0: main] Trial #192: GFLOPs: 103.6599. Time: 4369.9129 us. Best GFLOPs: 132.9497
2026-04-07 15:03:43 [INFO] [task_scheduler.cc:137] [Task #0: main] Trial #193: GFLOPs: 79.3974. Time: 5705.2888 us. Best GFLOPs: 132.9497
2026-04-07 15:03:43 [INFO] [task_scheduler.cc:137] [Task #0: main] Trial #194: GFLOPs: 98.6418. Time: 4592.2186 us. Best GFLOPs: 132.9497
2026-04-07 15:03:43 [INFO] [task_scheduler.cc:137] [Task #0: main] Trial #195: GFLOPs: 127.3304. Time: 3557.5557 us. Best GFLOPs: 132.9497
2026-04-07 15:03:43 [INFO] [task_scheduler.cc:137] [Task #0: main] Trial #196: GFLOPs: 100.5625. Time: 4504.5095 us. Best GFLOPs: 132.9497
2026-04-07 15:03:43 [INFO] [task_scheduler.cc:137] [Task #0: main] Trial #197: GFLOPs: 128.0430. Time: 3537.7564 us. Best GFLOPs: 132.9497
2026-04-07 15:03:43 [INFO] [task_scheduler.cc:137] [Task #0: main] Trial #198: GFLOPs: 94.2316. Time: 4807.1447 us. Best GFLOPs: 132.9497
2026-04-07 15:03:43 [INFO] [task_scheduler.cc:137] [Task #0: main] Trial #199: GFLOPs: 100.9941. Time: 4485.2611 us. Best GFLOPs: 132.9497
2026-04-07 15:03:43 [INFO] [task_scheduler.cc:137] [Task #0: main] Trial #200: GFLOPs: 114.5808. Time: 3953.4079 us. Best GFLOPs: 132.9497
2026-04-07 15:03:43 [INFO] [task_scheduler.cc:137] [Task #0: main] Trial #201: GFLOPs: 68.3161. Time: 6630.7226 us. Best GFLOPs: 132.9497
2026-04-07 15:03:43 [INFO] [task_scheduler.cc:137] [Task #0: main] Trial #202: GFLOPs: 93.7570. Time: 4831.4768 us. Best GFLOPs: 132.9497
2026-04-07 15:03:43 [INFO] [task_scheduler.cc:137] [Task #0: main] Trial #203: GFLOPs: 106.1287. Time: 4268.2583 us. Best GFLOPs: 132.9497
2026-04-07 15:03:43 [INFO] [task_scheduler.cc:137] [Task #0: main] Trial #204: GFLOPs: 98.3050. Time: 4607.9526 us. Best GFLOPs: 132.9497
2026-04-07 15:03:43 [INFO] [task_scheduler.cc:137] [Task #0: main] Trial #205: GFLOPs: 39.6763. Time: 11417.0121 us. Best GFLOPs: 132.9497
2026-04-07 15:03:43 [INFO] [task_scheduler.cc:137] [Task #0: main] Trial #206: GFLOPs: 107.3245. Time: 4220.7011 us. Best GFLOPs: 132.9497
2026-04-07 15:03:43 [INFO] [task_scheduler.cc:137] [Task #0: main] Trial #207: GFLOPs: 109.5174. Time: 4136.1896 us. Best GFLOPs: 132.9497
2026-04-07 15:03:43 [INFO] [task_scheduler.cc:137] [Task #0: main] Trial #208: GFLOPs: 110.7991. Time: 4088.3423 us. Best GFLOPs: 132.9497
2026-04-07 15:03:43 [INFO] [task_scheduler.cc:137] [Task #0: main] Trial #209: GFLOPs: 93.2366. Time: 4858.4440 us. Best GFLOPs: 132.9497
2026-04-07 15:03:43 [INFO] [task_scheduler.cc:137] [Task #0: main] Trial #210: GFLOPs: 88.7398. Time: 5104.6386 us. Best GFLOPs: 132.9497
2026-04-07 15:03:43 [INFO] [task_scheduler.cc:137] [Task #0: main] Trial #211: GFLOPs: 77.6171. Time: 5836.1438 us. Best GFLOPs: 132.9497
2026-04-07 15:03:43 [INFO] [task_scheduler.cc:137] [Task #0: main] Trial #212: GFLOPs: 55.9280. Time: 8099.4280 us. Best GFLOPs: 132.9497
2026-04-07 15:03:43 [INFO] [task_scheduler.cc:137] [Task #0: main] Trial #213: GFLOPs: 39.6257. Time: 11431.5923 us. Best GFLOPs: 132.9497
2026-04-07 15:03:43 [INFO] [task_scheduler.cc:137] [Task #0: main] Trial #214: GFLOPs: 95.4096. Time: 4747.7908 us. Best GFLOPs: 132.9497
2026-04-07 15:03:43 [INFO] [task_scheduler.cc:137] [Task #0: main] Trial #215: GFLOPs: 83.5757. Time: 5420.0546 us. Best GFLOPs: 132.9497
2026-04-07 15:03:43 [INFO] [task_scheduler.cc:137] [Task #0: main] Trial #216: GFLOPs: 8.9509. Time: 50607.9673 us. Best GFLOPs: 132.9497
2026-04-07 15:03:43 [INFO] [task_scheduler.cc:137] [Task #0: main] Trial #217: GFLOPs: 70.8967. Time: 6389.3600 us. Best GFLOPs: 132.9497
2026-04-07 15:03:43 [INFO] [task_scheduler.cc:137] [Task #0: main] Trial #218: GFLOPs: 32.8787. Time: 13777.4379 us. Best GFLOPs: 132.9497
2026-04-07 15:03:43 [INFO] [task_scheduler.cc:137] [Task #0: main] Trial #219: GFLOPs: 85.2592. Time: 5313.0290 us. Best GFLOPs: 132.9497
2026-04-07 15:03:43 [INFO] [task_scheduler.cc:137] [Task #0: main] Trial #220: GFLOPs: 78.0936. Time: 5800.5362 us. Best GFLOPs: 132.9497
2026-04-07 15:03:43 [INFO] [task_scheduler.cc:137] [Task #0: main] Trial #221: GFLOPs: 111.0281. Time: 4079.9107 us. Best GFLOPs: 132.9497
2026-04-07 15:03:43 [INFO] [task_scheduler.cc:137] [Task #0: main] Trial #222: GFLOPs: 113.3385. Time: 3996.7418 us. Best GFLOPs: 132.9497
2026-04-07 15:03:43 [INFO] [task_scheduler.cc:137] [Task #0: main] Trial #223: GFLOPs: 89.4192. Time: 5065.8585 us. Best GFLOPs: 132.9497
2026-04-07 15:03:43 [INFO] [task_scheduler.cc:137] [Task #0: main] Trial #224: GFLOPs: 78.4676. Time: 5772.8921 us. Best GFLOPs: 132.9497
2026-04-07 15:03:43 [INFO] [task_scheduler.cc:137] [Task #0: main] Trial #225: GFLOPs: 35.8027. Time: 12652.2677 us. Best GFLOPs: 132.9497
2026-04-07 15:03:43 [INFO] [task_scheduler.cc:137] [Task #0: main] Trial #226: GFLOPs: 117.4093. Time: 3858.1677 us. Best GFLOPs: 132.9497
2026-04-07 15:03:43 [INFO] [task_scheduler.cc:137] [Task #0: main] Trial #227: GFLOPs: 8.6551. Time: 52337.5750 us. Best GFLOPs: 132.9497
2026-04-07 15:03:43 [INFO] [task_scheduler.cc:137] [Task #0: main] Trial #228: GFLOPs: 105.3526. Time: 4299.7037 us. Best GFLOPs: 132.9497
2026-04-07 15:03:43 [INFO] [task_scheduler.cc:137] [Task #0: main] Trial #229: GFLOPs: 94.7119. Time: 4782.7659 us. Best GFLOPs: 132.9497
2026-04-07 15:03:43 [INFO] [task_scheduler.cc:137] [Task #0: main] Trial #230: GFLOPs: 41.6727. Time: 10870.0593 us. Best GFLOPs: 132.9497
