2026-04-10 14:00:45 [INFO] Logging directory: research/results/metaschedule/best_config/qkv/M_32/logs
2026-04-10 14:00:45 [INFO] [task_scheduler.cc:165] Initializing Task #0: "main"
2026-04-10 14:00:45 [INFO] [task_scheduler.cc:326] 
 ID | Name |     FLOP | Weight | Speed (GFLOPS) | Latency (us) | Weighted Latency (us) | Trials | Done 
-------------------------------------------------------------------------------------------------------
  0 | main | 37748736 |      1 |            N/A |          N/A |                   N/A |      0 |      
-------------------------------------------------------------------------------------------------------
Total trials: 0
Total latency (us): 0

2026-04-10 14:00:45 [INFO] [task_scheduler.cc:186] TaskScheduler picks Task #0: "main"
2026-04-10 14:00:47 [INFO] [task_scheduler.cc:199] Sending 64 sample(s) to builder
2026-04-10 14:00:56 [INFO] [task_scheduler.cc:201] Sending 64 sample(s) to runner
2026-04-10 14:01:07 [DEBUG] XGB iter   0: tr-p-rmse: 0.340608	tr-a-peak@32: 1.000000	tr-rmse: 0.287317	tr-rmse: 0.287317
2026-04-10 14:01:07 [DEBUG] XGB iter  25: tr-p-rmse: 0.052615	tr-a-peak@32: 1.000000	tr-rmse: 0.327535	tr-rmse: 0.327535
2026-04-10 14:01:07 [DEBUG] XGB iter  50: tr-p-rmse: 0.052611	tr-a-peak@32: 1.000000	tr-rmse: 0.327542	tr-rmse: 0.327542
2026-04-10 14:01:07 [DEBUG] XGB iter  75: tr-p-rmse: 0.052611	tr-a-peak@32: 1.000000	tr-rmse: 0.327542	tr-rmse: 0.327542
2026-04-10 14:01:07 [DEBUG] XGB stopped. Best iteration: [31] tr-p-rmse:0.05261	tr-a-peak@32:1.00000	tr-rmse:0.32754	tr-rmse:0.32754 
2026-04-10 14:01:07 [INFO] [task_scheduler.cc:243] [Updated] Task #0: "main"
2026-04-10 14:01:07 [INFO] [task_scheduler.cc:326] 
 ID | Name |     FLOP | Weight | Speed (GFLOPS) | Latency (us) | Weighted Latency (us) | Trials | Done 
-------------------------------------------------------------------------------------------------------
  0 | main | 37748736 |      1 |        86.7876 |     434.9552 |              434.9552 |     64 |      
-------------------------------------------------------------------------------------------------------
Total trials: 64
Total latency (us): 434.955

2026-04-10 14:01:07 [INFO] [task_scheduler.cc:266] Task #0 has finished. Remaining task(s): 0
2026-04-10 14:01:07 [INFO] [task_scheduler.cc:326] 
 ID | Name |     FLOP | Weight | Speed (GFLOPS) | Latency (us) | Weighted Latency (us) | Trials | Done 
-------------------------------------------------------------------------------------------------------
  0 | main | 37748736 |      1 |        86.7876 |     434.9552 |              434.9552 |     64 |    Y 
-------------------------------------------------------------------------------------------------------
Total trials: 64
Total latency (us): 434.955

2026-04-10 14:01:07 [INFO] LocalBuilder: max_workers = 12
2026-04-10 14:01:08 [INFO] LocalRunner: max_workers = 1
2026-04-10 15:05:02 [INFO] Logging directory: research/results/metaschedule/best_config/qkv/M_32/logs
2026-04-10 15:05:02 [INFO] [task_scheduler.cc:165] Initializing Task #0: "main"
2026-04-10 15:05:02 [INFO] [task_scheduler.cc:326] 
 ID | Name |     FLOP | Weight | Speed (GFLOPS) | Latency (us) | Weighted Latency (us) | Trials | Done 
-------------------------------------------------------------------------------------------------------
  0 | main | 37748736 |      1 |            N/A |          N/A |                   N/A |      0 |      
-------------------------------------------------------------------------------------------------------
Total trials: 0
Total latency (us): 0

2026-04-10 15:05:02 [INFO] [task_scheduler.cc:186] TaskScheduler picks Task #0: "main"
2026-04-10 15:05:03 [INFO] [task_scheduler.cc:199] Sending 64 sample(s) to builder
2026-04-10 15:05:20 [INFO] [task_scheduler.cc:201] Sending 64 sample(s) to runner
2026-04-10 15:05:31 [DEBUG] XGB iter   0: tr-p-rmse: 0.395997	tr-a-peak@32: 0.998738	tr-rmse: 0.287489	tr-rmse: 0.287489
2026-04-10 15:05:31 [DEBUG] XGB iter  25: tr-p-rmse: 0.050075	tr-a-peak@32: 1.000000	tr-rmse: 0.305455	tr-rmse: 0.305455
2026-04-10 15:05:32 [DEBUG] XGB iter  50: tr-p-rmse: 0.049253	tr-a-peak@32: 1.000000	tr-rmse: 0.305465	tr-rmse: 0.305465
2026-04-10 15:05:32 [DEBUG] XGB iter  75: tr-p-rmse: 0.049253	tr-a-peak@32: 1.000000	tr-rmse: 0.305465	tr-rmse: 0.305465
2026-04-10 15:05:32 [DEBUG] XGB stopped. Best iteration: [40] tr-p-rmse:0.04925	tr-a-peak@32:1.00000	tr-rmse:0.30546	tr-rmse:0.30546 
2026-04-10 15:05:32 [INFO] [task_scheduler.cc:243] [Updated] Task #0: "main"
2026-04-10 15:05:32 [INFO] [task_scheduler.cc:326] 
 ID | Name |     FLOP | Weight | Speed (GFLOPS) | Latency (us) | Weighted Latency (us) | Trials | Done 
-------------------------------------------------------------------------------------------------------
  0 | main | 37748736 |      1 |        74.7176 |     505.2191 |              505.2191 |     64 |      
-------------------------------------------------------------------------------------------------------
Total trials: 64
Total latency (us): 505.219

2026-04-10 15:05:32 [INFO] [task_scheduler.cc:186] TaskScheduler picks Task #0: "main"
2026-04-10 15:05:33 [INFO] [task_scheduler.cc:199] Sending 13 sample(s) to builder
2026-04-10 15:05:43 [INFO] [task_scheduler.cc:201] Sending 13 sample(s) to runner
2026-04-10 15:05:45 [DEBUG] XGB validation: p-rmse: 0.354405	a-peak@32: 0.800952
2026-04-10 15:05:45 [DEBUG] XGB iter   0: tr-p-rmse: 0.394424	tr-a-peak@32: 1.000000	tr-rmse: 0.285158	tr-rmse: 0.285158
2026-04-10 15:05:46 [DEBUG] XGB iter  25: tr-p-rmse: 0.049573	tr-a-peak@32: 1.000000	tr-rmse: 0.310966	tr-rmse: 0.310966
2026-04-10 15:05:46 [DEBUG] XGB iter  50: tr-p-rmse: 0.049558	tr-a-peak@32: 1.000000	tr-rmse: 0.310986	tr-rmse: 0.310986
2026-04-10 15:05:46 [DEBUG] XGB iter  75: tr-p-rmse: 0.049558	tr-a-peak@32: 1.000000	tr-rmse: 0.310986	tr-rmse: 0.310986
2026-04-10 15:05:46 [DEBUG] XGB stopped. Best iteration: [48] tr-p-rmse:0.04956	tr-a-peak@32:1.00000	tr-rmse:0.31099	tr-rmse:0.31099 
2026-04-10 15:05:46 [INFO] [task_scheduler.cc:243] [Updated] Task #0: "main"
2026-04-10 15:05:46 [INFO] [task_scheduler.cc:326] 
 ID | Name |     FLOP | Weight | Speed (GFLOPS) | Latency (us) | Weighted Latency (us) | Trials | Done 
-------------------------------------------------------------------------------------------------------
  0 | main | 37748736 |      1 |        76.6002 |     492.8022 |              492.8022 |     77 |      
-------------------------------------------------------------------------------------------------------
Total trials: 77
Total latency (us): 492.802

2026-04-10 15:05:46 [INFO] [task_scheduler.cc:266] Task #0 has finished. Remaining task(s): 0
2026-04-10 15:05:46 [INFO] [task_scheduler.cc:326] 
 ID | Name |     FLOP | Weight | Speed (GFLOPS) | Latency (us) | Weighted Latency (us) | Trials | Done 
-------------------------------------------------------------------------------------------------------
  0 | main | 37748736 |      1 |        76.6002 |     492.8022 |              492.8022 |     77 |    Y 
-------------------------------------------------------------------------------------------------------
Total trials: 77
Total latency (us): 492.802

2026-04-10 15:05:46 [INFO] LocalBuilder: max_workers = 12
2026-04-10 15:05:48 [INFO] LocalRunner: max_workers = 1
2026-04-14 00:55:44 [INFO] Logging directory: research/results/metaschedule/best_config/qkv/M_32/logs
2026-04-14 00:55:44 [INFO] [task_scheduler.cc:165] Initializing Task #0: "main"
2026-04-14 00:55:44 [INFO] [task_scheduler.cc:326] 
 ID | Name |     FLOP | Weight | Speed (GFLOPS) | Latency (us) | Weighted Latency (us) | Trials | Done 
-------------------------------------------------------------------------------------------------------
  0 | main | 37748736 |      1 |            N/A |          N/A |                   N/A |      0 |      
-------------------------------------------------------------------------------------------------------
Total trials: 0
Total latency (us): 0

2026-04-14 00:55:44 [INFO] [task_scheduler.cc:186] TaskScheduler picks Task #0: "main"
2026-04-14 00:55:46 [INFO] [task_scheduler.cc:199] Sending 64 sample(s) to builder
2026-04-14 00:56:06 [INFO] [task_scheduler.cc:201] Sending 64 sample(s) to runner
2026-04-14 00:56:21 [DEBUG] XGB iter   0: tr-p-rmse: 0.401584	tr-a-peak@32: 0.996141	tr-rmse: 0.239452	tr-rmse: 0.239452
2026-04-14 00:56:22 [DEBUG] XGB iter  25: tr-p-rmse: 0.059598	tr-a-peak@32: 1.000000	tr-rmse: 0.283539	tr-rmse: 0.283539
2026-04-14 00:56:22 [DEBUG] XGB iter  50: tr-p-rmse: 0.058977	tr-a-peak@32: 1.000000	tr-rmse: 0.283650	tr-rmse: 0.283650
2026-04-14 00:56:22 [DEBUG] XGB iter  75: tr-p-rmse: 0.058977	tr-a-peak@32: 1.000000	tr-rmse: 0.283650	tr-rmse: 0.283650
2026-04-14 00:56:22 [DEBUG] XGB stopped. Best iteration: [42] tr-p-rmse:0.05898	tr-a-peak@32:1.00000	tr-rmse:0.28365	tr-rmse:0.28365 
2026-04-14 00:56:22 [INFO] [task_scheduler.cc:243] [Updated] Task #0: "main"
2026-04-14 00:56:22 [INFO] [task_scheduler.cc:326] 
 ID | Name |     FLOP | Weight | Speed (GFLOPS) | Latency (us) | Weighted Latency (us) | Trials | Done 
-------------------------------------------------------------------------------------------------------
  0 | main | 37748736 |      1 |        66.4667 |     567.9347 |              567.9347 |     64 |      
-------------------------------------------------------------------------------------------------------
Total trials: 64
Total latency (us): 567.935

2026-04-14 00:56:22 [INFO] [task_scheduler.cc:186] TaskScheduler picks Task #0: "main"
2026-04-14 00:56:23 [INFO] [task_scheduler.cc:199] Sending 13 sample(s) to builder
2026-04-14 00:56:33 [INFO] [task_scheduler.cc:201] Sending 13 sample(s) to runner
2026-04-14 00:56:36 [DEBUG] XGB validation: p-rmse: 0.204701	a-peak@32: 0.981864
2026-04-14 00:56:36 [DEBUG] XGB iter   0: tr-p-rmse: 0.393935	tr-a-peak@32: 0.997531	tr-rmse: 0.242580	tr-rmse: 0.242580
2026-04-14 00:56:36 [DEBUG] XGB iter  25: tr-p-rmse: 0.061320	tr-a-peak@32: 1.000000	tr-rmse: 0.282473	tr-rmse: 0.282473
2026-04-14 00:56:37 [DEBUG] XGB iter  50: tr-p-rmse: 0.061308	tr-a-peak@32: 1.000000	tr-rmse: 0.282490	tr-rmse: 0.282490
2026-04-14 00:56:37 [DEBUG] XGB iter  75: tr-p-rmse: 0.061308	tr-a-peak@32: 1.000000	tr-rmse: 0.282490	tr-rmse: 0.282490
2026-04-14 00:56:37 [DEBUG] XGB stopped. Best iteration: [33] tr-p-rmse:0.06131	tr-a-peak@32:1.00000	tr-rmse:0.28249	tr-rmse:0.28249 
2026-04-14 00:56:37 [INFO] [task_scheduler.cc:243] [Updated] Task #0: "main"
2026-04-14 00:56:37 [INFO] [task_scheduler.cc:326] 
 ID | Name |     FLOP | Weight | Speed (GFLOPS) | Latency (us) | Weighted Latency (us) | Trials | Done 
-------------------------------------------------------------------------------------------------------
  0 | main | 37748736 |      1 |        66.4667 |     567.9347 |              567.9347 |     77 |      
-------------------------------------------------------------------------------------------------------
Total trials: 77
Total latency (us): 567.935

2026-04-14 00:56:37 [INFO] [task_scheduler.cc:266] Task #0 has finished. Remaining task(s): 0
2026-04-14 00:56:37 [INFO] [task_scheduler.cc:326] 
 ID | Name |     FLOP | Weight | Speed (GFLOPS) | Latency (us) | Weighted Latency (us) | Trials | Done 
-------------------------------------------------------------------------------------------------------
  0 | main | 37748736 |      1 |        66.4667 |     567.9347 |              567.9347 |     77 |    Y 
-------------------------------------------------------------------------------------------------------
Total trials: 77
Total latency (us): 567.935

2026-04-14 00:56:37 [INFO] LocalBuilder: max_workers = 12
2026-04-14 00:56:40 [INFO] LocalRunner: max_workers = 1
2026-04-14 01:35:39 [INFO] Logging directory: research/results/metaschedule/best_config/qkv/M_32/logs
2026-04-14 01:35:39 [INFO] [task_scheduler.cc:165] Initializing Task #0: "main"
2026-04-14 01:35:39 [INFO] [task_scheduler.cc:326] 
 ID | Name |     FLOP | Weight | Speed (GFLOPS) | Latency (us) | Weighted Latency (us) | Trials | Done 
-------------------------------------------------------------------------------------------------------
  0 | main | 37748736 |      1 |            N/A |          N/A |                   N/A |      0 |      
-------------------------------------------------------------------------------------------------------
Total trials: 0
Total latency (us): 0

2026-04-14 01:35:39 [INFO] [task_scheduler.cc:186] TaskScheduler picks Task #0: "main"
2026-04-14 01:35:41 [INFO] [task_scheduler.cc:199] Sending 63 sample(s) to builder
2026-04-14 01:35:56 [INFO] [task_scheduler.cc:201] Sending 63 sample(s) to runner
2026-04-14 01:36:09 [DEBUG] XGB iter   0: tr-p-rmse: 0.437092	tr-a-peak@32: 1.000000	tr-rmse: 0.242846	tr-rmse: 0.242846
2026-04-14 01:36:09 [DEBUG] XGB iter  25: tr-p-rmse: 0.066280	tr-a-peak@32: 1.000000	tr-rmse: 0.280663	tr-rmse: 0.280663
2026-04-14 01:36:09 [DEBUG] XGB iter  50: tr-p-rmse: 0.066173	tr-a-peak@32: 1.000000	tr-rmse: 0.280806	tr-rmse: 0.280806
2026-04-14 01:36:09 [DEBUG] XGB iter  75: tr-p-rmse: 0.066173	tr-a-peak@32: 1.000000	tr-rmse: 0.280806	tr-rmse: 0.280806
2026-04-14 01:36:09 [DEBUG] XGB stopped. Best iteration: [36] tr-p-rmse:0.06617	tr-a-peak@32:1.00000	tr-rmse:0.28080	tr-rmse:0.28080 
2026-04-14 01:36:09 [INFO] [task_scheduler.cc:243] [Updated] Task #0: "main"
2026-04-14 01:36:09 [INFO] [task_scheduler.cc:326] 
 ID | Name |     FLOP | Weight | Speed (GFLOPS) | Latency (us) | Weighted Latency (us) | Trials | Done 
-------------------------------------------------------------------------------------------------------
  0 | main | 37748736 |      1 |        80.7315 |     467.5837 |              467.5837 |     63 |      
-------------------------------------------------------------------------------------------------------
Total trials: 63
Total latency (us): 467.584

2026-04-14 01:36:09 [INFO] [task_scheduler.cc:186] TaskScheduler picks Task #0: "main"
2026-04-14 01:36:11 [INFO] [task_scheduler.cc:199] Sending 14 sample(s) to builder
2026-04-14 01:36:21 [INFO] [task_scheduler.cc:201] Sending 14 sample(s) to runner
2026-04-14 01:36:24 [DEBUG] XGB validation: p-rmse: 0.206005	a-peak@32: 0.852360
2026-04-14 01:36:24 [DEBUG] XGB iter   0: tr-p-rmse: 0.430994	tr-a-peak@32: 1.000000	tr-rmse: 0.230070	tr-rmse: 0.230070
2026-04-14 01:36:24 [DEBUG] XGB iter  25: tr-p-rmse: 0.061846	tr-a-peak@32: 1.000000	tr-rmse: 0.266765	tr-rmse: 0.266765
2026-04-14 01:36:24 [DEBUG] XGB iter  50: tr-p-rmse: 0.061759	tr-a-peak@32: 1.000000	tr-rmse: 0.266878	tr-rmse: 0.266878
2026-04-14 01:36:24 [DEBUG] XGB iter  75: tr-p-rmse: 0.061759	tr-a-peak@32: 1.000000	tr-rmse: 0.266878	tr-rmse: 0.266878
2026-04-14 01:36:24 [DEBUG] XGB stopped. Best iteration: [37] tr-p-rmse:0.06176	tr-a-peak@32:1.00000	tr-rmse:0.26688	tr-rmse:0.26688 
2026-04-14 01:36:24 [INFO] [task_scheduler.cc:243] [Updated] Task #0: "main"
2026-04-14 01:36:24 [INFO] [task_scheduler.cc:326] 
 ID | Name |     FLOP | Weight | Speed (GFLOPS) | Latency (us) | Weighted Latency (us) | Trials | Done 
-------------------------------------------------------------------------------------------------------
  0 | main | 37748736 |      1 |        80.7315 |     467.5837 |              467.5837 |     77 |      
-------------------------------------------------------------------------------------------------------
Total trials: 77
Total latency (us): 467.584

2026-04-14 01:36:24 [INFO] [task_scheduler.cc:266] Task #0 has finished. Remaining task(s): 0
2026-04-14 01:36:24 [INFO] [task_scheduler.cc:326] 
 ID | Name |     FLOP | Weight | Speed (GFLOPS) | Latency (us) | Weighted Latency (us) | Trials | Done 
-------------------------------------------------------------------------------------------------------
  0 | main | 37748736 |      1 |        80.7315 |     467.5837 |              467.5837 |     77 |    Y 
-------------------------------------------------------------------------------------------------------
Total trials: 77
Total latency (us): 467.584

2026-04-14 01:36:24 [INFO] LocalBuilder: max_workers = 12
2026-04-14 01:36:27 [INFO] LocalRunner: max_workers = 1
