2026-04-07 19:37:06 [INFO] [task_scheduler.cc:166] Initializing Task #0: "main"
2026-04-07 19:37:06 [INFO] [task_scheduler.cc:41] 
# from tvm.script import ir as I
# from tvm.script import tir as T

@I.ir_module
class Module:
    @T.prim_func
    def main(A: T.Buffer((128, 3072), "float32"), B: T.Buffer((3072, 768), "float32"), C: T.Buffer((128, 768), "float32")):
        T.func_attr({"tir.noalias": True})
        # with T.block("root"):
        for i, j, k in T.grid(128, 768, 3072):
            with T.block("C"):
                vi, vj, vk = T.axis.remap("SSR", [i, j, k])
                T.reads(A[vi, vk], B[vk, vj])
                T.writes(C[vi, vj])
                with T.init():
                    C[vi, vj] = T.float32(0.0)
                C[vi, vj] = C[vi, vj] + A[vi, vk] * B[vk, vj]
2026-04-07 19:37:06 [INFO] [task_scheduler.cc:170] Total 3 design space(s) generated
2026-04-07 19:37:06 [INFO] [task_scheduler.cc:176] Design space #0:
# from tvm.script import ir as I
# from tvm.script import tir as T

@I.ir_module
class Module:
    @T.prim_func
    def main(A: T.Buffer((128, 3072), "float32"), B: T.Buffer((3072, 768), "float32"), C: T.Buffer((128, 768), "float32")):
        T.func_attr({"tir.noalias": True})
        with T.block("root"):
            T.reads()
            T.writes()
            T.block_attr({"meta_schedule.parallel": 128, "meta_schedule.unroll_explicit": 512, "meta_schedule.vectorize": 64})
            C_global = T.alloc_buffer((128, 768))
            for i_0, j_0, i_1, j_1 in T.grid(2, 16, 1, 1):
                for k_0, i_2, j_2, k_1, i_3, j_3 in T.grid(1536, 4, 6, 2, 16, 8):
                    with T.block("C"):
                        vi = T.axis.spatial(128, i_0 * 64 + i_1 * 64 + i_2 * 16 + i_3)
                        vj = T.axis.spatial(768, j_0 * 48 + j_1 * 48 + j_2 * 8 + j_3)
                        vk = T.axis.reduce(3072, k_0 * 2 + k_1)
                        T.reads(A[vi, vk], B[vk, vj])
                        T.writes(C_global[vi, vj])
                        T.block_attr({"meta_schedule.tiling_structure": "SSRSRS"})
                        with T.init():
                            C_global[vi, vj] = T.float32(0.0)
                        C_global[vi, vj] = C_global[vi, vj] + A[vi, vk] * B[vk, vj]
                for ax0, ax1 in T.grid(64, 48):
                    with T.block("C_global"):
                        v0 = T.axis.spatial(128, i_0 * 64 + ax0)
                        v1 = T.axis.spatial(768, j_0 * 48 + ax1)
                        T.reads(C_global[v0, v1])
                        T.writes(C[v0, v1])
                        C[v0, v1] = C_global[v0, v1]
b0 = sch.get_block(name="C", func_name="main")
b1 = sch.get_block(name="root", func_name="main")
sch.annotate(block_or_loop=b0, ann_key="meta_schedule.tiling_structure", ann_val="SSRSRS")
l2, l3, l4 = sch.get_loops(block=b0)
v5, v6, v7, v8 = sch.sample_perfect_tile(loop=l2, n=4, max_innermost_factor=64, decision=[2, 1, 4, 16])
l9, l10, l11, l12 = sch.split(loop=l2, factors=[v5, v6, v7, v8], preserve_unit_iters=True, disable_predication=False)
v13, v14, v15, v16 = sch.sample_perfect_tile(loop=l3, n=4, max_innermost_factor=64, decision=[16, 1, 6, 8])
l17, l18, l19, l20 = sch.split(loop=l3, factors=[v13, v14, v15, v16], preserve_unit_iters=True, disable_predication=False)
v21, v22 = sch.sample_perfect_tile(loop=l4, n=2, max_innermost_factor=64, decision=[1536, 2])
l23, l24 = sch.split(loop=l4, factors=[v21, v22], preserve_unit_iters=True, disable_predication=False)
sch.reorder(l9, l17, l10, l18, l23, l11, l19, l24, l12, l20)
b25 = sch.cache_write(block=b0, write_buffer_index=0, storage_scope="global")
sch.reverse_compute_at(block=b25, loop=l18, preserve_unit_loops=True, index=-1)
sch.annotate(block_or_loop=b1, ann_key="meta_schedule.parallel", ann_val=128)
sch.annotate(block_or_loop=b1, ann_key="meta_schedule.vectorize", ann_val=64)
v26 = sch.sample_categorical(candidates=[0, 16, 64, 512], probs=[0.25, 0.25, 0.25, 0.25], decision=3)
sch.annotate(block_or_loop=b1, ann_key="meta_schedule.unroll_explicit", ann_val=v26)
2026-04-07 19:37:06 [INFO] [task_scheduler.cc:176] Design space #1:
# from tvm.script import ir as I
# from tvm.script import tir as T

@I.ir_module
class Module:
    @T.prim_func
    def main(A: T.Buffer((128, 3072), "float32"), B: T.Buffer((3072, 768), "float32"), C: T.Buffer((128, 768), "float32")):
        T.func_attr({"tir.noalias": True})
        with T.block("root"):
            T.reads()
            T.writes()
            T.block_attr({"meta_schedule.parallel": 128, "meta_schedule.unroll_explicit": 512, "meta_schedule.vectorize": 64})
            C_global = T.alloc_buffer((128, 768))
            for i_0, j_0 in T.grid(2, 16):
                for i_1, j_1, k_0, i_2, j_2, k_1, i_3, j_3 in T.grid(1, 1, 1536, 4, 6, 2, 16, 8):
                    with T.block("C"):
                        vi = T.axis.spatial(128, i_0 * 64 + i_1 * 64 + i_2 * 16 + i_3)
                        vj = T.axis.spatial(768, j_0 * 48 + j_1 * 48 + j_2 * 8 + j_3)
                        vk = T.axis.reduce(3072, k_0 * 2 + k_1)
                        T.reads(A[vi, vk], B[vk, vj])
                        T.writes(C_global[vi, vj])
                        T.block_attr({"meta_schedule.tiling_structure": "SSRSRS"})
                        with T.init():
                            C_global[vi, vj] = T.float32(0.0)
                        C_global[vi, vj] = C_global[vi, vj] + A[vi, vk] * B[vk, vj]
                for ax0, ax1 in T.grid(64, 48):
                    with T.block("C_global"):
                        v0 = T.axis.spatial(128, i_0 * 64 + ax0)
                        v1 = T.axis.spatial(768, j_0 * 48 + ax1)
                        T.reads(C_global[v0, v1])
                        T.writes(C[v0, v1])
                        C[v0, v1] = C_global[v0, v1]
b0 = sch.get_block(name="C", func_name="main")
b1 = sch.get_block(name="root", func_name="main")
sch.annotate(block_or_loop=b0, ann_key="meta_schedule.tiling_structure", ann_val="SSRSRS")
l2, l3, l4 = sch.get_loops(block=b0)
v5, v6, v7, v8 = sch.sample_perfect_tile(loop=l2, n=4, max_innermost_factor=64, decision=[2, 1, 4, 16])
l9, l10, l11, l12 = sch.split(loop=l2, factors=[v5, v6, v7, v8], preserve_unit_iters=True, disable_predication=False)
v13, v14, v15, v16 = sch.sample_perfect_tile(loop=l3, n=4, max_innermost_factor=64, decision=[16, 1, 6, 8])
l17, l18, l19, l20 = sch.split(loop=l3, factors=[v13, v14, v15, v16], preserve_unit_iters=True, disable_predication=False)
v21, v22 = sch.sample_perfect_tile(loop=l4, n=2, max_innermost_factor=64, decision=[1536, 2])
l23, l24 = sch.split(loop=l4, factors=[v21, v22], preserve_unit_iters=True, disable_predication=False)
sch.reorder(l9, l17, l10, l18, l23, l11, l19, l24, l12, l20)
b25 = sch.cache_write(block=b0, write_buffer_index=0, storage_scope="global")
sch.reverse_compute_at(block=b25, loop=l17, preserve_unit_loops=True, index=-1)
sch.annotate(block_or_loop=b1, ann_key="meta_schedule.parallel", ann_val=128)
sch.annotate(block_or_loop=b1, ann_key="meta_schedule.vectorize", ann_val=64)
v26 = sch.sample_categorical(candidates=[0, 16, 64, 512], probs=[0.25, 0.25, 0.25, 0.25], decision=3)
sch.annotate(block_or_loop=b1, ann_key="meta_schedule.unroll_explicit", ann_val=v26)
2026-04-07 19:37:06 [INFO] [task_scheduler.cc:176] Design space #2:
# from tvm.script import ir as I
# from tvm.script import tir as T

@I.ir_module
class Module:
    @T.prim_func
    def main(A: T.Buffer((128, 3072), "float32"), B: T.Buffer((3072, 768), "float32"), C: T.Buffer((128, 768), "float32")):
        T.func_attr({"tir.noalias": True})
        with T.block("root"):
            T.reads()
            T.writes()
            T.block_attr({"meta_schedule.parallel": 128, "meta_schedule.unroll_explicit": 16, "meta_schedule.vectorize": 64})
            for i_0, j_0, i_1, j_1, k_0, i_2, j_2, k_1, i_3, j_3 in T.grid(2, 16, 1, 1, 1536, 4, 6, 2, 16, 8):
                with T.block("C"):
                    vi = T.axis.spatial(128, i_0 * 64 + i_1 * 64 + i_2 * 16 + i_3)
                    vj = T.axis.spatial(768, j_0 * 48 + j_1 * 48 + j_2 * 8 + j_3)
                    vk = T.axis.reduce(3072, k_0 * 2 + k_1)
                    T.reads(A[vi, vk], B[vk, vj])
                    T.writes(C[vi, vj])
                    T.block_attr({"meta_schedule.tiling_structure": "SSRSRS"})
                    with T.init():
                        C[vi, vj] = T.float32(0.0)
                    C[vi, vj] = C[vi, vj] + A[vi, vk] * B[vk, vj]
b0 = sch.get_block(name="C", func_name="main")
b1 = sch.get_block(name="root", func_name="main")
sch.annotate(block_or_loop=b0, ann_key="meta_schedule.tiling_structure", ann_val="SSRSRS")
l2, l3, l4 = sch.get_loops(block=b0)
v5, v6, v7, v8 = sch.sample_perfect_tile(loop=l2, n=4, max_innermost_factor=64, decision=[2, 1, 4, 16])
l9, l10, l11, l12 = sch.split(loop=l2, factors=[v5, v6, v7, v8], preserve_unit_iters=True, disable_predication=False)
v13, v14, v15, v16 = sch.sample_perfect_tile(loop=l3, n=4, max_innermost_factor=64, decision=[16, 1, 6, 8])
l17, l18, l19, l20 = sch.split(loop=l3, factors=[v13, v14, v15, v16], preserve_unit_iters=True, disable_predication=False)
v21, v22 = sch.sample_perfect_tile(loop=l4, n=2, max_innermost_factor=64, decision=[1536, 2])
l23, l24 = sch.split(loop=l4, factors=[v21, v22], preserve_unit_iters=True, disable_predication=False)
sch.reorder(l9, l17, l10, l18, l23, l11, l19, l24, l12, l20)
sch.annotate(block_or_loop=b1, ann_key="meta_schedule.parallel", ann_val=128)
sch.annotate(block_or_loop=b1, ann_key="meta_schedule.vectorize", ann_val=64)
v25 = sch.sample_categorical(candidates=[0, 16, 64, 512], probs=[0.25, 0.25, 0.25, 0.25], decision=1)
sch.annotate(block_or_loop=b1, ann_key="meta_schedule.unroll_explicit", ann_val=v25)
2026-04-07 19:37:06 [INFO] [evolutionary_search.cc:711] Generating candidates......
2026-04-07 19:37:06 [INFO] [evolutionary_search.cc:713] Picked top 0 candidate(s) from database
2026-04-07 19:37:07 [INFO] [evolutionary_search.cc:530] Sample-Init-Population summary:
Postproc #0 [meta_schedule.DisallowDynamicLoop(0x5bdf4c1b1758)]: 0 failure(s)
Postproc #1 [meta_schedule.RewriteParallelVectorizeUnroll(0x5bdf4c23f338)]: 0 failure(s)
Postproc #2 [meta_schedule.RewriteReductionBlock(0x5bdf4b735318)]: 0 failure(s)
Postproc #3 [meta_schedule.RewriteLayout(0x5bdf4d1ef4c8)]: 0 failure(s)
2026-04-07 19:37:07 [INFO] [evolutionary_search.cc:721] Sampled 460 candidate(s)
2026-04-07 19:37:07 [INFO] [evolutionary_search.cc:619] Evolve iter #0 done. Summary:
Postproc #0 [meta_schedule.DisallowDynamicLoop(0x5bdf4c1b1758)]: 0 failure(s)
Postproc #1 [meta_schedule.RewriteParallelVectorizeUnroll(0x5bdf4c23f338)]: 0 failure(s)
Postproc #2 [meta_schedule.RewriteReductionBlock(0x5bdf4b735318)]: 0 failure(s)
Postproc #3 [meta_schedule.RewriteLayout(0x5bdf4d1ef4c8)]: 0 failure(s)
2026-04-07 19:37:07 [INFO] [evolutionary_search.cc:619] Evolve iter #1 done. Summary:
Postproc #0 [meta_schedule.DisallowDynamicLoop(0x5bdf4c1b1758)]: 0 failure(s)
Postproc #1 [meta_schedule.RewriteParallelVectorizeUnroll(0x5bdf4c23f338)]: 0 failure(s)
Postproc #2 [meta_schedule.RewriteReductionBlock(0x5bdf4b735318)]: 0 failure(s)
Postproc #3 [meta_schedule.RewriteLayout(0x5bdf4d1ef4c8)]: 0 failure(s)
2026-04-07 19:37:07 [INFO] [evolutionary_search.cc:619] Evolve iter #2 done. Summary:
Postproc #0 [meta_schedule.DisallowDynamicLoop(0x5bdf4c1b1758)]: 0 failure(s)
Postproc #1 [meta_schedule.RewriteParallelVectorizeUnroll(0x5bdf4c23f338)]: 0 failure(s)
Postproc #2 [meta_schedule.RewriteReductionBlock(0x5bdf4b735318)]: 0 failure(s)
Postproc #3 [meta_schedule.RewriteLayout(0x5bdf4d1ef4c8)]: 0 failure(s)
2026-04-07 19:37:07 [INFO] [evolutionary_search.cc:647] Scores of the best 32 candidates:
[1 : 16]:	0.9980  0.9959  0.9948  0.9939  0.9930  0.9930  0.9923  0.9916  0.9910  0.9906  0.9900  0.9888  0.9887  0.9883  0.9880  0.9877
[17 : 32]:	0.9872  0.9852  0.9846  0.9844  0.9825  0.9815  0.9810  0.9792  0.9789  0.9783  0.9777  0.9768  0.9760  0.9758  0.9751  0.9731
2026-04-07 19:37:07 [INFO] [evolutionary_search.cc:725] Got 32 candidate(s) with evolutionary search
2026-04-07 19:37:07 [INFO] [evolutionary_search.cc:728] Sending 32 candidates(s) for measurement
2026-04-07 19:37:25 [INFO] [task_scheduler.cc:137] [Task #0: main] Trial #1: GFLOPs: 27.2684. Time: 22149.4783 us. Best GFLOPs: 27.2684
2026-04-07 19:37:25 [INFO] [task_scheduler.cc:137] [Task #0: main] Trial #2: GFLOPs: 104.2158. Time: 5795.4724 us. Best GFLOPs: 104.2158
2026-04-07 19:37:25 [INFO] [task_scheduler.cc:137] [Task #0: main] Trial #3: GFLOPs: 68.3797. Time: 8832.7316 us. Best GFLOPs: 104.2158
2026-04-07 19:37:25 [INFO] [task_scheduler.cc:137] [Task #0: main] Trial #4: GFLOPs: 27.2755. Time: 22143.6510 us. Best GFLOPs: 104.2158
2026-04-07 19:37:25 [INFO] [task_scheduler.cc:137] [Task #0: main] Trial #5: GFLOPs: 39.3702. Time: 15341.0572 us. Best GFLOPs: 104.2158
2026-04-07 19:37:25 [INFO] [task_scheduler.cc:137] [Task #0: main] Trial #6: GFLOPs: 7.4147. Time: 81457.1807 us. Best GFLOPs: 104.2158
2026-04-07 19:37:25 [INFO] [task_scheduler.cc:137] [Task #0: main] Trial #7: GFLOPs: 6.3275. Time: 95453.2420 us. Best GFLOPs: 104.2158
2026-04-07 19:37:25 [INFO] [task_scheduler.cc:137] [Task #0: main] Trial #8: GFLOPs: 58.4022. Time: 10341.7386 us. Best GFLOPs: 104.2158
2026-04-07 19:37:25 [INFO] [task_scheduler.cc:137] [Task #0: main] Trial #9: GFLOPs: 21.0930. Time: 28634.0913 us. Best GFLOPs: 104.2158
2026-04-07 19:37:25 [INFO] [task_scheduler.cc:137] [Task #0: main] Trial #10: GFLOPs: 14.8199. Time: 40754.7373 us. Best GFLOPs: 104.2158
2026-04-07 19:37:25 [INFO] [task_scheduler.cc:137] [Task #0: main] Trial #11: GFLOPs: 35.5930. Time: 16969.0615 us. Best GFLOPs: 104.2158
2026-04-07 19:37:25 [INFO] [task_scheduler.cc:137] [Task #0: main] Trial #12: GFLOPs: 18.6581. Time: 32370.8793 us. Best GFLOPs: 104.2158
2026-04-07 19:37:25 [INFO] [task_scheduler.cc:137] [Task #0: main] Trial #13: GFLOPs: 36.3585. Time: 16611.8120 us. Best GFLOPs: 104.2158
2026-04-07 19:37:25 [INFO] [task_scheduler.cc:137] [Task #0: main] Trial #14: GFLOPs: 38.6595. Time: 15623.0625 us. Best GFLOPs: 104.2158
2026-04-07 19:37:25 [INFO] [task_scheduler.cc:137] [Task #0: main] Trial #15: GFLOPs: 64.4494. Time: 9371.3781 us. Best GFLOPs: 104.2158
2026-04-07 19:37:25 [INFO] [task_scheduler.cc:137] [Task #0: main] Trial #16: GFLOPs: 5.1106. Time: 118181.3877 us. Best GFLOPs: 104.2158
2026-04-07 19:37:25 [INFO] [task_scheduler.cc:137] [Task #0: main] Trial #17: GFLOPs: 33.6416. Time: 17953.3592 us. Best GFLOPs: 104.2158
2026-04-07 19:37:25 [INFO] [task_scheduler.cc:137] [Task #0: main] Trial #18: GFLOPs: 68.6577. Time: 8796.9744 us. Best GFLOPs: 104.2158
2026-04-07 19:37:25 [INFO] [task_scheduler.cc:137] [Task #0: main] Trial #19: GFLOPs: 14.8825. Time: 40583.2063 us. Best GFLOPs: 104.2158
2026-04-07 19:37:25 [INFO] [task_scheduler.cc:137] [Task #0: main] Trial #20: GFLOPs: 80.2892. Time: 7522.5517 us. Best GFLOPs: 104.2158
2026-04-07 19:37:25 [INFO] [task_scheduler.cc:137] [Task #0: main] Trial #21: GFLOPs: 34.9395. Time: 17286.4300 us. Best GFLOPs: 104.2158
2026-04-07 19:37:25 [INFO] [task_scheduler.cc:137] [Task #0: main] Trial #22: GFLOPs: 16.3262. Time: 36994.5903 us. Best GFLOPs: 104.2158
2026-04-07 19:37:25 [INFO] [task_scheduler.cc:137] [Task #0: main] Trial #23: GFLOPs: 9.4661. Time: 63804.3243 us. Best GFLOPs: 104.2158
2026-04-07 19:37:25 [INFO] [task_scheduler.cc:137] [Task #0: main] Trial #24: GFLOPs: 39.9161. Time: 15131.2318 us. Best GFLOPs: 104.2158
2026-04-07 19:37:25 [INFO] [task_scheduler.cc:137] [Task #0: main] Trial #25: GFLOPs: 28.2405. Time: 21387.0280 us. Best GFLOPs: 104.2158
2026-04-07 19:37:25 [INFO] [task_scheduler.cc:137] [Task #0: main] Trial #26: GFLOPs: 4.8855. Time: 123627.7960 us. Best GFLOPs: 104.2158
2026-04-07 19:37:25 [INFO] [task_scheduler.cc:137] [Task #0: main] Trial #27: GFLOPs: 9.6027. Time: 62896.6267 us. Best GFLOPs: 104.2158
2026-04-07 19:37:25 [INFO] [task_scheduler.cc:137] [Task #0: main] Trial #28: GFLOPs: 15.5253. Time: 38902.8763 us. Best GFLOPs: 104.2158
2026-04-07 19:37:25 [INFO] [task_scheduler.cc:137] [Task #0: main] Trial #29: GFLOPs: 53.3547. Time: 11320.0897 us. Best GFLOPs: 104.2158
2026-04-07 19:37:25 [INFO] [task_scheduler.cc:137] [Task #0: main] Trial #30: GFLOPs: 21.8295. Time: 27668.0573 us. Best GFLOPs: 104.2158
2026-04-07 19:37:25 [INFO] [task_scheduler.cc:137] [Task #0: main] Trial #31: GFLOPs: 99.2275. Time: 6086.8155 us. Best GFLOPs: 104.2158
2026-04-07 19:37:25 [INFO] [task_scheduler.cc:137] [Task #0: main] Trial #32: GFLOPs: 9.1956. Time: 65681.3723 us. Best GFLOPs: 104.2158
2026-04-07 19:37:25 [INFO] [evolutionary_search.cc:711] Generating candidates......
2026-04-07 19:37:25 [INFO] [evolutionary_search.cc:713] Picked top 32 candidate(s) from database
2026-04-07 19:37:25 [INFO] [evolutionary_search.cc:530] Sample-Init-Population summary:
Postproc #0 [meta_schedule.DisallowDynamicLoop(0x5bdf4c1b1758)]: 0 failure(s)
Postproc #1 [meta_schedule.RewriteParallelVectorizeUnroll(0x5bdf4c23f338)]: 0 failure(s)
Postproc #2 [meta_schedule.RewriteReductionBlock(0x5bdf4b735318)]: 0 failure(s)
Postproc #3 [meta_schedule.RewriteLayout(0x5bdf4d1ef4c8)]: 0 failure(s)
2026-04-07 19:37:25 [INFO] [evolutionary_search.cc:721] Sampled 428 candidate(s)
2026-04-07 19:37:25 [INFO] [evolutionary_search.cc:619] Evolve iter #0 done. Summary:
Postproc #0 [meta_schedule.DisallowDynamicLoop(0x5bdf4c1b1758)]: 0 failure(s)
Postproc #1 [meta_schedule.RewriteParallelVectorizeUnroll(0x5bdf4c23f338)]: 0 failure(s)
Postproc #2 [meta_schedule.RewriteReductionBlock(0x5bdf4b735318)]: 0 failure(s)
Postproc #3 [meta_schedule.RewriteLayout(0x5bdf4d1ef4c8)]: 0 failure(s)
2026-04-07 19:37:26 [INFO] [evolutionary_search.cc:619] Evolve iter #1 done. Summary:
Postproc #0 [meta_schedule.DisallowDynamicLoop(0x5bdf4c1b1758)]: 0 failure(s)
Postproc #1 [meta_schedule.RewriteParallelVectorizeUnroll(0x5bdf4c23f338)]: 0 failure(s)
Postproc #2 [meta_schedule.RewriteReductionBlock(0x5bdf4b735318)]: 0 failure(s)
Postproc #3 [meta_schedule.RewriteLayout(0x5bdf4d1ef4c8)]: 0 failure(s)
2026-04-07 19:37:26 [INFO] [evolutionary_search.cc:619] Evolve iter #2 done. Summary:
Postproc #0 [meta_schedule.DisallowDynamicLoop(0x5bdf4c1b1758)]: 0 failure(s)
Postproc #1 [meta_schedule.RewriteParallelVectorizeUnroll(0x5bdf4c23f338)]: 0 failure(s)
Postproc #2 [meta_schedule.RewriteReductionBlock(0x5bdf4b735318)]: 0 failure(s)
Postproc #3 [meta_schedule.RewriteLayout(0x5bdf4d1ef4c8)]: 0 failure(s)
2026-04-07 19:37:26 [INFO] [evolutionary_search.cc:647] Scores of the best 32 candidates:
[1 : 16]:	0.9970  0.9970  0.9967  0.9963  0.9947  0.9934  0.9933  0.9932  0.9926  0.9924  0.9911  0.9911  0.9911  0.9901  0.9898  0.9889
[17 : 32]:	0.9883  0.9878  0.9863  0.9857  0.9856  0.9854  0.9843  0.9841  0.9832  0.9831  0.9830  0.9827  0.9826  0.9822  0.9821  0.9816
2026-04-07 19:37:26 [INFO] [evolutionary_search.cc:725] Got 32 candidate(s) with evolutionary search
2026-04-07 19:37:26 [INFO] [evolutionary_search.cc:728] Sending 32 candidates(s) for measurement
2026-04-07 19:37:43 [INFO] [task_scheduler.cc:137] [Task #0: main] Trial #33: GFLOPs: 23.8210. Time: 25354.9630 us. Best GFLOPs: 104.2158
2026-04-07 19:37:43 [INFO] [task_scheduler.cc:137] [Task #0: main] Trial #34: GFLOPs: 3.6507. Time: 165443.5447 us. Best GFLOPs: 104.2158
2026-04-07 19:37:43 [INFO] [task_scheduler.cc:137] [Task #0: main] Trial #35: GFLOPs: 25.2716. Time: 23899.5117 us. Best GFLOPs: 104.2158
2026-04-07 19:37:43 [INFO] [task_scheduler.cc:137] [Task #0: main] Trial #36: GFLOPs: 16.8766. Time: 35787.9120 us. Best GFLOPs: 104.2158
2026-04-07 19:37:43 [INFO] [task_scheduler.cc:137] [Task #0: main] Trial #37: GFLOPs: 11.2239. Time: 53811.8193 us. Best GFLOPs: 104.2158
2026-04-07 19:37:43 [INFO] [task_scheduler.cc:137] [Task #0: main] Trial #38: GFLOPs: 13.3210. Time: 45340.5273 us. Best GFLOPs: 104.2158
2026-04-07 19:37:43 [INFO] [task_scheduler.cc:137] [Task #0: main] Trial #39: GFLOPs: 32.9121. Time: 18351.3105 us. Best GFLOPs: 104.2158
2026-04-07 19:37:43 [INFO] [task_scheduler.cc:137] [Task #0: main] Trial #40: GFLOPs: 22.4125. Time: 26948.3273 us. Best GFLOPs: 104.2158
2026-04-07 19:37:43 [INFO] [task_scheduler.cc:137] [Task #0: main] Trial #41: GFLOPs: 26.2126. Time: 23041.6243 us. Best GFLOPs: 104.2158
2026-04-07 19:37:43 [INFO] [task_scheduler.cc:137] [Task #0: main] Trial #42: GFLOPs: 23.0440. Time: 26209.8013 us. Best GFLOPs: 104.2158
2026-04-07 19:37:43 [INFO] [task_scheduler.cc:137] [Task #0: main] Trial #43: GFLOPs: 25.6141. Time: 23580.0053 us. Best GFLOPs: 104.2158
2026-04-07 19:37:43 [INFO] [task_scheduler.cc:137] [Task #0: main] Trial #44: GFLOPs: 5.7974. Time: 104182.0047 us. Best GFLOPs: 104.2158
2026-04-07 19:37:43 [INFO] [task_scheduler.cc:137] [Task #0: main] Trial #45: GFLOPs: 31.7442. Time: 19026.4793 us. Best GFLOPs: 104.2158
2026-04-07 19:37:43 [INFO] [task_scheduler.cc:137] [Task #0: main] Trial #46: GFLOPs: 23.3548. Time: 25861.0653 us. Best GFLOPs: 104.2158
2026-04-07 19:37:43 [INFO] [task_scheduler.cc:137] [Task #0: main] Trial #47: GFLOPs: 28.8244. Time: 20953.7763 us. Best GFLOPs: 104.2158
2026-04-07 19:37:43 [INFO] [task_scheduler.cc:137] [Task #0: main] Trial #48: GFLOPs: 7.8363. Time: 77074.3500 us. Best GFLOPs: 104.2158
2026-04-07 19:37:43 [INFO] [task_scheduler.cc:137] [Task #0: main] Trial #49: GFLOPs: 28.1276. Time: 21472.8470 us. Best GFLOPs: 104.2158
2026-04-07 19:37:43 [INFO] [task_scheduler.cc:137] [Task #0: main] Trial #50: GFLOPs: 22.1180. Time: 27307.1273 us. Best GFLOPs: 104.2158
2026-04-07 19:37:43 [INFO] [task_scheduler.cc:137] [Task #0: main] Trial #51: GFLOPs: 64.5834. Time: 9351.9331 us. Best GFLOPs: 104.2158
2026-04-07 19:37:43 [INFO] [task_scheduler.cc:137] [Task #0: main] Trial #52: GFLOPs: 74.5694. Time: 8099.5617 us. Best GFLOPs: 104.2158
2026-04-07 19:37:43 [INFO] [task_scheduler.cc:137] [Task #0: main] Trial #53: GFLOPs: 2.7034. Time: 223414.6367 us. Best GFLOPs: 104.2158
2026-04-07 19:37:43 [INFO] [task_scheduler.cc:137] [Task #0: main] Trial #54: GFLOPs: 25.7428. Time: 23462.0687 us. Best GFLOPs: 104.2158
2026-04-07 19:37:43 [INFO] [task_scheduler.cc:137] [Task #0: main] Trial #55: GFLOPs: 5.1387. Time: 117535.9023 us. Best GFLOPs: 104.2158
2026-04-07 19:37:43 [INFO] [task_scheduler.cc:137] [Task #0: main] Trial #56: GFLOPs: 27.8482. Time: 21688.2917 us. Best GFLOPs: 104.2158
2026-04-07 19:37:43 [INFO] [task_scheduler.cc:137] [Task #0: main] Trial #57: GFLOPs: 81.1916. Time: 7438.9422 us. Best GFLOPs: 104.2158
2026-04-07 19:37:43 [INFO] [task_scheduler.cc:137] [Task #0: main] Trial #58: GFLOPs: 52.4582. Time: 11513.5507 us. Best GFLOPs: 104.2158
2026-04-07 19:37:43 [INFO] [task_scheduler.cc:137] [Task #0: main] Trial #59: GFLOPs: 79.5898. Time: 7588.6582 us. Best GFLOPs: 104.2158
2026-04-07 19:37:43 [INFO] [task_scheduler.cc:137] [Task #0: main] Trial #60: GFLOPs: 47.3715. Time: 12749.8462 us. Best GFLOPs: 104.2158
2026-04-07 19:37:43 [INFO] [task_scheduler.cc:137] [Task #0: main] Trial #61: GFLOPs: 31.8399. Time: 18969.2812 us. Best GFLOPs: 104.2158
2026-04-07 19:37:43 [INFO] [task_scheduler.cc:137] [Task #0: main] Trial #62: GFLOPs: 66.7752. Time: 9044.9754 us. Best GFLOPs: 104.2158
2026-04-07 19:37:43 [INFO] [task_scheduler.cc:137] [Task #0: main] Trial #63: GFLOPs: 11.7852. Time: 51249.1167 us. Best GFLOPs: 104.2158
2026-04-07 19:37:43 [INFO] [task_scheduler.cc:137] [Task #0: main] Trial #64: GFLOPs: 39.7921. Time: 15178.3738 us. Best GFLOPs: 104.2158
2026-04-07 19:37:43 [INFO] [evolutionary_search.cc:711] Generating candidates......
2026-04-07 19:37:43 [INFO] [evolutionary_search.cc:713] Picked top 64 candidate(s) from database
2026-04-07 19:37:43 [INFO] [evolutionary_search.cc:530] Sample-Init-Population summary:
Postproc #0 [meta_schedule.DisallowDynamicLoop(0x5bdf4c1b1758)]: 0 failure(s)
Postproc #1 [meta_schedule.RewriteParallelVectorizeUnroll(0x5bdf4c23f338)]: 0 failure(s)
Postproc #2 [meta_schedule.RewriteReductionBlock(0x5bdf4b735318)]: 0 failure(s)
Postproc #3 [meta_schedule.RewriteLayout(0x5bdf4d1ef4c8)]: 0 failure(s)
2026-04-07 19:37:43 [INFO] [evolutionary_search.cc:721] Sampled 396 candidate(s)
2026-04-07 19:37:44 [INFO] [evolutionary_search.cc:619] Evolve iter #0 done. Summary:
Postproc #0 [meta_schedule.DisallowDynamicLoop(0x5bdf4c1b1758)]: 0 failure(s)
Postproc #1 [meta_schedule.RewriteParallelVectorizeUnroll(0x5bdf4c23f338)]: 0 failure(s)
Postproc #2 [meta_schedule.RewriteReductionBlock(0x5bdf4b735318)]: 0 failure(s)
Postproc #3 [meta_schedule.RewriteLayout(0x5bdf4d1ef4c8)]: 0 failure(s)
2026-04-07 19:37:44 [INFO] [evolutionary_search.cc:619] Evolve iter #1 done. Summary:
Postproc #0 [meta_schedule.DisallowDynamicLoop(0x5bdf4c1b1758)]: 0 failure(s)
Postproc #1 [meta_schedule.RewriteParallelVectorizeUnroll(0x5bdf4c23f338)]: 0 failure(s)
Postproc #2 [meta_schedule.RewriteReductionBlock(0x5bdf4b735318)]: 0 failure(s)
Postproc #3 [meta_schedule.RewriteLayout(0x5bdf4d1ef4c8)]: 0 failure(s)
2026-04-07 19:37:44 [INFO] [evolutionary_search.cc:619] Evolve iter #2 done. Summary:
Postproc #0 [meta_schedule.DisallowDynamicLoop(0x5bdf4c1b1758)]: 0 failure(s)
Postproc #1 [meta_schedule.RewriteParallelVectorizeUnroll(0x5bdf4c23f338)]: 0 failure(s)
Postproc #2 [meta_schedule.RewriteReductionBlock(0x5bdf4b735318)]: 0 failure(s)
Postproc #3 [meta_schedule.RewriteLayout(0x5bdf4d1ef4c8)]: 0 failure(s)
2026-04-07 19:37:44 [INFO] [evolutionary_search.cc:647] Scores of the best 13 candidates:
[1 : 13]:	0.9992  0.9990  0.9975  0.9973  0.9973  0.9958  0.9954  0.9946  0.9944  0.9936  0.9933  0.9928  0.9925
2026-04-07 19:37:44 [INFO] [evolutionary_search.cc:725] Got 13 candidate(s) with evolutionary search
2026-04-07 19:37:44 [INFO] [evolutionary_search.cc:728] Sending 13 candidates(s) for measurement
2026-04-07 19:37:53 [INFO] [task_scheduler.cc:137] [Task #0: main] Trial #65: GFLOPs: 56.8191. Time: 10629.8703 us. Best GFLOPs: 104.2158
2026-04-07 19:37:53 [INFO] [task_scheduler.cc:137] [Task #0: main] Trial #66: GFLOPs: 49.7886. Time: 12130.8870 us. Best GFLOPs: 104.2158
2026-04-07 19:37:53 [INFO] [task_scheduler.cc:137] [Task #0: main] Trial #67: GFLOPs: 91.8857. Time: 6573.1614 us. Best GFLOPs: 104.2158
2026-04-07 19:37:53 [INFO] [task_scheduler.cc:137] [Task #0: main] Trial #68: GFLOPs: 14.5734. Time: 41444.0720 us. Best GFLOPs: 104.2158
2026-04-07 19:37:53 [INFO] [task_scheduler.cc:137] [Task #0: main] Trial #69: GFLOPs: 88.2710. Time: 6842.3370 us. Best GFLOPs: 104.2158
2026-04-07 19:37:53 [INFO] [task_scheduler.cc:137] [Task #0: main] Trial #70: GFLOPs: 14.3000. Time: 42236.2110 us. Best GFLOPs: 104.2158
2026-04-07 19:37:53 [INFO] [task_scheduler.cc:137] [Task #0: main] Trial #71: GFLOPs: 12.0299. Time: 50206.6173 us. Best GFLOPs: 104.2158
2026-04-07 19:37:53 [INFO] [task_scheduler.cc:137] [Task #0: main] Trial #72: GFLOPs: 113.4362. Time: 5324.3991 us. Best GFLOPs: 113.4362
2026-04-07 19:37:53 [INFO] [task_scheduler.cc:137] [Task #0: main] Trial #73: GFLOPs: 53.9625. Time: 11192.5805 us. Best GFLOPs: 113.4362
2026-04-07 19:37:53 [INFO] [task_scheduler.cc:137] [Task #0: main] Trial #74: GFLOPs: 30.4177. Time: 19856.2122 us. Best GFLOPs: 113.4362
2026-04-07 19:37:53 [INFO] [task_scheduler.cc:137] [Task #0: main] Trial #75: GFLOPs: 35.0050. Time: 17254.1202 us. Best GFLOPs: 113.4362
2026-04-07 19:37:53 [INFO] [task_scheduler.cc:137] [Task #0: main] Trial #76: GFLOPs: 25.5082. Time: 23677.8620 us. Best GFLOPs: 113.4362
2026-04-07 19:37:53 [INFO] [task_scheduler.cc:137] [Task #0: main] Trial #77: GFLOPs: 10.2872. Time: 58711.7160 us. Best GFLOPs: 113.4362
