2026-04-07 19:37:06 [INFO] Logging directory: research/results/metaschedule/8020/iter_01/7470aa297c18c9cf/mlp_reduce/M_128/logs
2026-04-07 19:37:06 [INFO] [task_scheduler.cc:165] Initializing Task #0: "main"
2026-04-07 19:37:06 [INFO] [task_scheduler.cc:326] 
 ID | Name |      FLOP | Weight | Speed (GFLOPS) | Latency (us) | Weighted Latency (us) | Trials | Done 
--------------------------------------------------------------------------------------------------------
  0 | main | 603979776 |      1 |            N/A |          N/A |                   N/A |      0 |      
--------------------------------------------------------------------------------------------------------
Total trials: 0
Total latency (us): 0

2026-04-07 19:37:06 [INFO] [task_scheduler.cc:186] TaskScheduler picks Task #0: "main"
2026-04-07 19:37:07 [INFO] [task_scheduler.cc:199] Sending 32 sample(s) to builder
2026-04-07 19:37:16 [INFO] [task_scheduler.cc:201] Sending 32 sample(s) to runner
2026-04-07 19:37:25 [DEBUG] XGB iter   0: tr-p-rmse: 0.464296	tr-a-peak@32: 0.998504	tr-rmse: 0.286804	tr-rmse: 0.286804
2026-04-07 19:37:25 [DEBUG] XGB iter  25: tr-p-rmse: 0.055145	tr-a-peak@32: 1.000000	tr-rmse: 0.309125	tr-rmse: 0.309125
2026-04-07 19:37:25 [DEBUG] XGB iter  50: tr-p-rmse: 0.055100	tr-a-peak@32: 1.000000	tr-rmse: 0.309176	tr-rmse: 0.309176
2026-04-07 19:37:25 [DEBUG] XGB iter  75: tr-p-rmse: 0.055100	tr-a-peak@32: 1.000000	tr-rmse: 0.309176	tr-rmse: 0.309176
2026-04-07 19:37:25 [DEBUG] XGB stopped. Best iteration: [34] tr-p-rmse:0.05510	tr-a-peak@32:1.00000	tr-rmse:0.30918	tr-rmse:0.30918 
2026-04-07 19:37:25 [INFO] [task_scheduler.cc:243] [Updated] Task #0: "main"
2026-04-07 19:37:25 [INFO] [task_scheduler.cc:326] 
 ID | Name |      FLOP | Weight | Speed (GFLOPS) | Latency (us) | Weighted Latency (us) | Trials | Done 
--------------------------------------------------------------------------------------------------------
  0 | main | 603979776 |      1 |       104.2158 |    5795.4724 |             5795.4724 |     32 |      
--------------------------------------------------------------------------------------------------------
Total trials: 32
Total latency (us): 5795.47

2026-04-07 19:37:25 [INFO] [task_scheduler.cc:186] TaskScheduler picks Task #0: "main"
2026-04-07 19:37:26 [INFO] [task_scheduler.cc:199] Sending 32 sample(s) to builder
2026-04-07 19:37:33 [INFO] [task_scheduler.cc:201] Sending 32 sample(s) to runner
2026-04-07 19:37:43 [DEBUG] XGB validation: p-rmse: 0.311729	a-peak@32: 0.963625
2026-04-07 19:37:43 [DEBUG] XGB iter   0: tr-p-rmse: 0.483287	tr-a-peak@32: 0.995513	tr-rmse: 0.260273	tr-rmse: 0.260273
2026-04-07 19:37:43 [DEBUG] XGB iter  25: tr-p-rmse: 0.059739	tr-a-peak@32: 1.000000	tr-rmse: 0.277745	tr-rmse: 0.277745
2026-04-07 19:37:43 [DEBUG] XGB iter  50: tr-p-rmse: 0.059721	tr-a-peak@32: 1.000000	tr-rmse: 0.277765	tr-rmse: 0.277765
2026-04-07 19:37:43 [DEBUG] XGB iter  75: tr-p-rmse: 0.059721	tr-a-peak@32: 1.000000	tr-rmse: 0.277765	tr-rmse: 0.277765
2026-04-07 19:37:43 [DEBUG] XGB stopped. Best iteration: [33] tr-p-rmse:0.05972	tr-a-peak@32:1.00000	tr-rmse:0.27776	tr-rmse:0.27776 
2026-04-07 19:37:43 [INFO] [task_scheduler.cc:243] [Updated] Task #0: "main"
2026-04-07 19:37:43 [INFO] [task_scheduler.cc:326] 
 ID | Name |      FLOP | Weight | Speed (GFLOPS) | Latency (us) | Weighted Latency (us) | Trials | Done 
--------------------------------------------------------------------------------------------------------
  0 | main | 603979776 |      1 |       104.2158 |    5795.4724 |             5795.4724 |     64 |      
--------------------------------------------------------------------------------------------------------
Total trials: 64
Total latency (us): 5795.47

2026-04-07 19:37:43 [INFO] [task_scheduler.cc:186] TaskScheduler picks Task #0: "main"
2026-04-07 19:37:44 [INFO] [task_scheduler.cc:199] Sending 13 sample(s) to builder
2026-04-07 19:37:50 [INFO] [task_scheduler.cc:201] Sending 13 sample(s) to runner
2026-04-07 19:37:53 [DEBUG] XGB validation: p-rmse: 0.368965	a-peak@32: 0.887407
2026-04-07 19:37:53 [DEBUG] XGB iter   0: tr-p-rmse: 0.500203	tr-a-peak@32: 1.000000	tr-rmse: 0.265605	tr-rmse: 0.265605
2026-04-07 19:37:53 [DEBUG] XGB iter  25: tr-p-rmse: 0.054235	tr-a-peak@32: 1.000000	tr-rmse: 0.274852	tr-rmse: 0.274852
2026-04-07 19:37:53 [DEBUG] XGB iter  50: tr-p-rmse: 0.054133	tr-a-peak@32: 1.000000	tr-rmse: 0.274981	tr-rmse: 0.274981
2026-04-07 19:37:53 [DEBUG] XGB iter  75: tr-p-rmse: 0.054133	tr-a-peak@32: 1.000000	tr-rmse: 0.274981	tr-rmse: 0.274981
2026-04-07 19:37:53 [DEBUG] XGB stopped. Best iteration: [37] tr-p-rmse:0.05413	tr-a-peak@32:1.00000	tr-rmse:0.27498	tr-rmse:0.27498 
2026-04-07 19:37:53 [INFO] [task_scheduler.cc:243] [Updated] Task #0: "main"
2026-04-07 19:37:53 [INFO] [task_scheduler.cc:326] 
 ID | Name |      FLOP | Weight | Speed (GFLOPS) | Latency (us) | Weighted Latency (us) | Trials | Done 
--------------------------------------------------------------------------------------------------------
  0 | main | 603979776 |      1 |       113.4362 |    5324.3991 |             5324.3991 |     77 |      
--------------------------------------------------------------------------------------------------------
Total trials: 77
Total latency (us): 5324.4

2026-04-07 19:37:53 [INFO] [task_scheduler.cc:266] Task #0 has finished. Remaining task(s): 0
2026-04-07 19:37:53 [INFO] [task_scheduler.cc:326] 
 ID | Name |      FLOP | Weight | Speed (GFLOPS) | Latency (us) | Weighted Latency (us) | Trials | Done 
--------------------------------------------------------------------------------------------------------
  0 | main | 603979776 |      1 |       113.4362 |    5324.3991 |             5324.3991 |     77 |    Y 
--------------------------------------------------------------------------------------------------------
Total trials: 77
Total latency (us): 5324.4

2026-04-07 19:37:54 [INFO] LocalBuilder: max_workers = 12
2026-04-07 19:37:55 [INFO] LocalRunner: max_workers = 1
