2026-04-07 17:09:05 [INFO] Logging directory: research/results/metaschedule/8020/iter_01/e8e4b89ced1f8de0/qkv/M_16/logs
2026-04-07 17:09:05 [INFO] [task_scheduler.cc:165] Initializing Task #0: "main"
2026-04-07 17:09:05 [INFO] [task_scheduler.cc:326] 
 ID | Name |     FLOP | Weight | Speed (GFLOPS) | Latency (us) | Weighted Latency (us) | Trials | Done 
-------------------------------------------------------------------------------------------------------
  0 | main | 18874368 |      1 |            N/A |          N/A |                   N/A |      0 |      
-------------------------------------------------------------------------------------------------------
Total trials: 0
Total latency (us): 0

2026-04-07 17:09:05 [INFO] [task_scheduler.cc:186] TaskScheduler picks Task #0: "main"
2026-04-07 17:09:07 [INFO] [task_scheduler.cc:199] Sending 32 sample(s) to builder
2026-04-07 17:09:15 [INFO] [task_scheduler.cc:201] Sending 32 sample(s) to runner
2026-04-07 17:09:23 [DEBUG] XGB iter   0: tr-p-rmse: 0.430315	tr-a-peak@32: 1.000000	tr-rmse: 0.263248	tr-rmse: 0.263248
2026-04-07 17:09:23 [DEBUG] XGB iter  25: tr-p-rmse: 0.057441	tr-a-peak@32: 1.000000	tr-rmse: 0.258056	tr-rmse: 0.258056
2026-04-07 17:09:23 [DEBUG] XGB iter  50: tr-p-rmse: 0.055963	tr-a-peak@32: 1.000000	tr-rmse: 0.258634	tr-rmse: 0.258634
2026-04-07 17:09:23 [DEBUG] XGB iter  75: tr-p-rmse: 0.055963	tr-a-peak@32: 1.000000	tr-rmse: 0.258634	tr-rmse: 0.258634
2026-04-07 17:09:23 [DEBUG] XGB stopped. Best iteration: [48] tr-p-rmse:0.05596	tr-a-peak@32:1.00000	tr-rmse:0.25863	tr-rmse:0.25863 
2026-04-07 17:09:23 [INFO] [task_scheduler.cc:243] [Updated] Task #0: "main"
2026-04-07 17:09:23 [INFO] [task_scheduler.cc:326] 
 ID | Name |     FLOP | Weight | Speed (GFLOPS) | Latency (us) | Weighted Latency (us) | Trials | Done 
-------------------------------------------------------------------------------------------------------
  0 | main | 18874368 |      1 |       102.7115 |     183.7610 |              183.7610 |     32 |      
-------------------------------------------------------------------------------------------------------
Total trials: 32
Total latency (us): 183.761

2026-04-07 17:09:23 [INFO] [task_scheduler.cc:186] TaskScheduler picks Task #0: "main"
2026-04-07 17:09:25 [INFO] [task_scheduler.cc:199] Sending 32 sample(s) to builder
2026-04-07 17:09:33 [INFO] [task_scheduler.cc:201] Sending 32 sample(s) to runner
2026-04-07 17:09:40 [DEBUG] XGB validation: p-rmse: 0.268737	a-peak@32: 0.950815
2026-04-07 17:09:40 [DEBUG] XGB iter   0: tr-p-rmse: 0.431315	tr-a-peak@32: 0.998207	tr-rmse: 0.261541	tr-rmse: 0.261541
2026-04-07 17:09:40 [DEBUG] XGB iter  25: tr-p-rmse: 0.049742	tr-a-peak@32: 1.000000	tr-rmse: 0.264795	tr-rmse: 0.264795
2026-04-07 17:09:40 [DEBUG] XGB iter  50: tr-p-rmse: 0.049715	tr-a-peak@32: 1.000000	tr-rmse: 0.264829	tr-rmse: 0.264829
2026-04-07 17:09:40 [DEBUG] XGB iter  75: tr-p-rmse: 0.049715	tr-a-peak@32: 1.000000	tr-rmse: 0.264829	tr-rmse: 0.264829
2026-04-07 17:09:40 [DEBUG] XGB stopped. Best iteration: [43] tr-p-rmse:0.04972	tr-a-peak@32:1.00000	tr-rmse:0.26483	tr-rmse:0.26483 
2026-04-07 17:09:40 [INFO] [task_scheduler.cc:243] [Updated] Task #0: "main"
2026-04-07 17:09:40 [INFO] [task_scheduler.cc:326] 
 ID | Name |     FLOP | Weight | Speed (GFLOPS) | Latency (us) | Weighted Latency (us) | Trials | Done 
-------------------------------------------------------------------------------------------------------
  0 | main | 18874368 |      1 |       102.7115 |     183.7610 |              183.7610 |     64 |      
-------------------------------------------------------------------------------------------------------
Total trials: 64
Total latency (us): 183.761

2026-04-07 17:09:40 [INFO] [task_scheduler.cc:186] TaskScheduler picks Task #0: "main"
2026-04-07 17:09:42 [INFO] [task_scheduler.cc:199] Sending 32 sample(s) to builder
2026-04-07 17:09:48 [INFO] [task_scheduler.cc:201] Sending 32 sample(s) to runner
2026-04-07 17:09:56 [DEBUG] XGB validation: p-rmse: 0.215875	a-peak@32: 0.970709
2026-04-07 17:09:56 [DEBUG] XGB iter   0: tr-p-rmse: 0.424409	tr-a-peak@32: 1.000000	tr-rmse: 0.242459	tr-rmse: 0.242459
2026-04-07 17:09:56 [DEBUG] XGB iter  25: tr-p-rmse: 0.043720	tr-a-peak@32: 1.000000	tr-rmse: 0.255594	tr-rmse: 0.255594
2026-04-07 17:09:56 [DEBUG] XGB iter  50: tr-p-rmse: 0.043697	tr-a-peak@32: 1.000000	tr-rmse: 0.255624	tr-rmse: 0.255624
2026-04-07 17:09:56 [DEBUG] XGB iter  75: tr-p-rmse: 0.043697	tr-a-peak@32: 1.000000	tr-rmse: 0.255624	tr-rmse: 0.255624
2026-04-07 17:09:56 [DEBUG] XGB stopped. Best iteration: [39] tr-p-rmse:0.04370	tr-a-peak@32:1.00000	tr-rmse:0.25562	tr-rmse:0.25562 
2026-04-07 17:09:56 [INFO] [task_scheduler.cc:243] [Updated] Task #0: "main"
2026-04-07 17:09:56 [INFO] [task_scheduler.cc:326] 
 ID | Name |     FLOP | Weight | Speed (GFLOPS) | Latency (us) | Weighted Latency (us) | Trials | Done 
-------------------------------------------------------------------------------------------------------
  0 | main | 18874368 |      1 |       106.5675 |     177.1119 |              177.1119 |     96 |      
-------------------------------------------------------------------------------------------------------
Total trials: 96
Total latency (us): 177.112

2026-04-07 17:09:56 [INFO] [task_scheduler.cc:186] TaskScheduler picks Task #0: "main"
2026-04-07 17:09:58 [INFO] [task_scheduler.cc:199] Sending 32 sample(s) to builder
2026-04-07 17:10:05 [INFO] [task_scheduler.cc:201] Sending 32 sample(s) to runner
2026-04-07 17:10:13 [DEBUG] XGB validation: p-rmse: 0.174672	a-peak@32: 1.000000
2026-04-07 17:10:13 [DEBUG] XGB iter   0: tr-p-rmse: 0.418568	tr-a-peak@32: 1.000000	tr-rmse: 0.241267	tr-rmse: 0.241267
2026-04-07 17:10:13 [DEBUG] XGB iter  25: tr-p-rmse: 0.045939	tr-a-peak@32: 1.000000	tr-rmse: 0.250686	tr-rmse: 0.250686
2026-04-07 17:10:13 [DEBUG] XGB iter  50: tr-p-rmse: 0.045927	tr-a-peak@32: 1.000000	tr-rmse: 0.250700	tr-rmse: 0.250700
2026-04-07 17:10:13 [DEBUG] XGB iter  75: tr-p-rmse: 0.045927	tr-a-peak@32: 1.000000	tr-rmse: 0.250700	tr-rmse: 0.250700
2026-04-07 17:10:13 [DEBUG] XGB stopped. Best iteration: [41] tr-p-rmse:0.04593	tr-a-peak@32:1.00000	tr-rmse:0.25070	tr-rmse:0.25070 
2026-04-07 17:10:13 [INFO] [task_scheduler.cc:243] [Updated] Task #0: "main"
2026-04-07 17:10:13 [INFO] [task_scheduler.cc:326] 
 ID | Name |     FLOP | Weight | Speed (GFLOPS) | Latency (us) | Weighted Latency (us) | Trials | Done 
-------------------------------------------------------------------------------------------------------
  0 | main | 18874368 |      1 |       106.5675 |     177.1119 |              177.1119 |    128 |      
-------------------------------------------------------------------------------------------------------
Total trials: 128
Total latency (us): 177.112

2026-04-07 17:10:13 [INFO] [task_scheduler.cc:186] TaskScheduler picks Task #0: "main"
2026-04-07 17:10:18 [INFO] [task_scheduler.cc:199] Sending 26 sample(s) to builder
2026-04-07 17:10:26 [INFO] [task_scheduler.cc:201] Sending 26 sample(s) to runner
2026-04-07 17:10:32 [DEBUG] XGB validation: p-rmse: 0.289815	a-peak@32: 0.987699
2026-04-07 17:10:32 [DEBUG] XGB iter   0: tr-p-rmse: 0.414156	tr-a-peak@32: 1.000000	tr-rmse: 0.241390	tr-rmse: 0.241390
2026-04-07 17:10:32 [DEBUG] XGB iter  25: tr-p-rmse: 0.043639	tr-a-peak@32: 1.000000	tr-rmse: 0.268126	tr-rmse: 0.268126
2026-04-07 17:10:32 [DEBUG] XGB iter  50: tr-p-rmse: 0.043628	tr-a-peak@32: 1.000000	tr-rmse: 0.268140	tr-rmse: 0.268140
2026-04-07 17:10:32 [DEBUG] XGB iter  75: tr-p-rmse: 0.043628	tr-a-peak@32: 1.000000	tr-rmse: 0.268140	tr-rmse: 0.268140
2026-04-07 17:10:32 [DEBUG] XGB stopped. Best iteration: [36] tr-p-rmse:0.04363	tr-a-peak@32:1.00000	tr-rmse:0.26814	tr-rmse:0.26814 
2026-04-07 17:10:32 [INFO] [task_scheduler.cc:243] [Updated] Task #0: "main"
2026-04-07 17:10:32 [INFO] [task_scheduler.cc:326] 
 ID | Name |     FLOP | Weight | Speed (GFLOPS) | Latency (us) | Weighted Latency (us) | Trials | Done 
-------------------------------------------------------------------------------------------------------
  0 | main | 18874368 |      1 |       119.7513 |     157.6131 |              157.6131 |    154 |      
-------------------------------------------------------------------------------------------------------
Total trials: 154
Total latency (us): 157.613

2026-04-07 17:10:32 [INFO] [task_scheduler.cc:266] Task #0 has finished. Remaining task(s): 0
2026-04-07 17:10:32 [INFO] [task_scheduler.cc:326] 
 ID | Name |     FLOP | Weight | Speed (GFLOPS) | Latency (us) | Weighted Latency (us) | Trials | Done 
-------------------------------------------------------------------------------------------------------
  0 | main | 18874368 |      1 |       119.7513 |     157.6131 |              157.6131 |    154 |    Y 
-------------------------------------------------------------------------------------------------------
Total trials: 154
Total latency (us): 157.613

2026-04-07 17:10:32 [INFO] LocalBuilder: max_workers = 12
2026-04-07 17:10:34 [INFO] LocalRunner: max_workers = 1
