2026-04-07 17:12:16 [INFO] [task_scheduler.cc:166] Initializing Task #0: "main"
2026-04-07 17:12:16 [INFO] [task_scheduler.cc:41] 
# from tvm.script import ir as I
# from tvm.script import tir as T

@I.ir_module
class Module:
    @T.prim_func
    def main(A: T.Buffer((384, 768), "float32"), B: T.Buffer((768, 768), "float32"), C: T.Buffer((384, 768), "float32")):
        T.func_attr({"tir.noalias": True})
        # with T.block("root"):
        for i, j, k in T.grid(384, 768, 768):
            with T.block("C"):
                vi, vj, vk = T.axis.remap("SSR", [i, j, k])
                T.reads(A[vi, vk], B[vk, vj])
                T.writes(C[vi, vj])
                with T.init():
                    C[vi, vj] = T.float32(0.0)
                C[vi, vj] = C[vi, vj] + A[vi, vk] * B[vk, vj]
2026-04-07 17:12:16 [INFO] [task_scheduler.cc:170] Total 3 design space(s) generated
2026-04-07 17:12:16 [INFO] [task_scheduler.cc:176] Design space #0:
# from tvm.script import ir as I
# from tvm.script import tir as T

@I.ir_module
class Module:
    @T.prim_func
    def main(A: T.Buffer((384, 768), "float32"), B: T.Buffer((768, 768), "float32"), C: T.Buffer((384, 768), "float32")):
        T.func_attr({"tir.noalias": True})
        with T.block("root"):
            T.reads()
            T.writes()
            T.block_attr({"meta_schedule.parallel": 128, "meta_schedule.unroll_explicit": 0, "meta_schedule.vectorize": 64})
            C_global = T.alloc_buffer((384, 768))
            for i_0, j_0, i_1, j_1 in T.grid(1, 1, 6, 2):
                for k_0, i_2, j_2, k_1, i_3, j_3 in T.grid(48, 32, 32, 16, 2, 12):
                    with T.block("C"):
                        vi = T.axis.spatial(384, i_0 * 384 + i_1 * 64 + i_2 * 2 + i_3)
                        vj = T.axis.spatial(768, j_0 * 768 + j_1 * 384 + j_2 * 12 + j_3)
                        vk = T.axis.reduce(768, k_0 * 16 + k_1)
                        T.reads(A[vi, vk], B[vk, vj])
                        T.writes(C_global[vi, vj])
                        T.block_attr({"meta_schedule.tiling_structure": "SSRSRS"})
                        with T.init():
                            C_global[vi, vj] = T.float32(0.0)
                        C_global[vi, vj] = C_global[vi, vj] + A[vi, vk] * B[vk, vj]
                for ax0, ax1 in T.grid(64, 384):
                    with T.block("C_global"):
                        v0 = T.axis.spatial(384, i_1 * 64 + ax0)
                        v1 = T.axis.spatial(768, j_1 * 384 + ax1)
                        T.reads(C_global[v0, v1])
                        T.writes(C[v0, v1])
                        C[v0, v1] = C_global[v0, v1]
b0 = sch.get_block(name="C", func_name="main")
b1 = sch.get_block(name="root", func_name="main")
sch.annotate(block_or_loop=b0, ann_key="meta_schedule.tiling_structure", ann_val="SSRSRS")
l2, l3, l4 = sch.get_loops(block=b0)
v5, v6, v7, v8 = sch.sample_perfect_tile(loop=l2, n=4, max_innermost_factor=64, decision=[1, 6, 32, 2])
l9, l10, l11, l12 = sch.split(loop=l2, factors=[v5, v6, v7, v8], preserve_unit_iters=True, disable_predication=False)
v13, v14, v15, v16 = sch.sample_perfect_tile(loop=l3, n=4, max_innermost_factor=64, decision=[1, 2, 32, 12])
l17, l18, l19, l20 = sch.split(loop=l3, factors=[v13, v14, v15, v16], preserve_unit_iters=True, disable_predication=False)
v21, v22 = sch.sample_perfect_tile(loop=l4, n=2, max_innermost_factor=64, decision=[48, 16])
l23, l24 = sch.split(loop=l4, factors=[v21, v22], preserve_unit_iters=True, disable_predication=False)
sch.reorder(l9, l17, l10, l18, l23, l11, l19, l24, l12, l20)
b25 = sch.cache_write(block=b0, write_buffer_index=0, storage_scope="global")
sch.reverse_compute_at(block=b25, loop=l18, preserve_unit_loops=True, index=-1)
sch.annotate(block_or_loop=b1, ann_key="meta_schedule.parallel", ann_val=128)
sch.annotate(block_or_loop=b1, ann_key="meta_schedule.vectorize", ann_val=64)
v26 = sch.sample_categorical(candidates=[0, 16, 64, 512], probs=[0.25, 0.25, 0.25, 0.25], decision=0)
sch.annotate(block_or_loop=b1, ann_key="meta_schedule.unroll_explicit", ann_val=v26)
2026-04-07 17:12:16 [INFO] [task_scheduler.cc:176] Design space #1:
# from tvm.script import ir as I
# from tvm.script import tir as T

@I.ir_module
class Module:
    @T.prim_func
    def main(A: T.Buffer((384, 768), "float32"), B: T.Buffer((768, 768), "float32"), C: T.Buffer((384, 768), "float32")):
        T.func_attr({"tir.noalias": True})
        with T.block("root"):
            T.reads()
            T.writes()
            T.block_attr({"meta_schedule.parallel": 128, "meta_schedule.unroll_explicit": 16, "meta_schedule.vectorize": 64})
            C_global = T.alloc_buffer((384, 768))
            for i_0, j_0 in T.grid(1, 1):
                for i_1, j_1, k_0, i_2, j_2, k_1, i_3, j_3 in T.grid(6, 2, 48, 32, 32, 16, 2, 12):
                    with T.block("C"):
                        vi = T.axis.spatial(384, i_0 * 384 + i_1 * 64 + i_2 * 2 + i_3)
                        vj = T.axis.spatial(768, j_0 * 768 + j_1 * 384 + j_2 * 12 + j_3)
                        vk = T.axis.reduce(768, k_0 * 16 + k_1)
                        T.reads(A[vi, vk], B[vk, vj])
                        T.writes(C_global[vi, vj])
                        T.block_attr({"meta_schedule.tiling_structure": "SSRSRS"})
                        with T.init():
                            C_global[vi, vj] = T.float32(0.0)
                        C_global[vi, vj] = C_global[vi, vj] + A[vi, vk] * B[vk, vj]
                for ax0, ax1 in T.grid(384, 768):
                    with T.block("C_global"):
                        v0, v1 = T.axis.remap("SS", [ax0, ax1])
                        T.reads(C_global[v0, v1])
                        T.writes(C[v0, v1])
                        C[v0, v1] = C_global[v0, v1]
b0 = sch.get_block(name="C", func_name="main")
b1 = sch.get_block(name="root", func_name="main")
sch.annotate(block_or_loop=b0, ann_key="meta_schedule.tiling_structure", ann_val="SSRSRS")
l2, l3, l4 = sch.get_loops(block=b0)
v5, v6, v7, v8 = sch.sample_perfect_tile(loop=l2, n=4, max_innermost_factor=64, decision=[1, 6, 32, 2])
l9, l10, l11, l12 = sch.split(loop=l2, factors=[v5, v6, v7, v8], preserve_unit_iters=True, disable_predication=False)
v13, v14, v15, v16 = sch.sample_perfect_tile(loop=l3, n=4, max_innermost_factor=64, decision=[1, 2, 32, 12])
l17, l18, l19, l20 = sch.split(loop=l3, factors=[v13, v14, v15, v16], preserve_unit_iters=True, disable_predication=False)
v21, v22 = sch.sample_perfect_tile(loop=l4, n=2, max_innermost_factor=64, decision=[48, 16])
l23, l24 = sch.split(loop=l4, factors=[v21, v22], preserve_unit_iters=True, disable_predication=False)
sch.reorder(l9, l17, l10, l18, l23, l11, l19, l24, l12, l20)
b25 = sch.cache_write(block=b0, write_buffer_index=0, storage_scope="global")
sch.reverse_compute_at(block=b25, loop=l17, preserve_unit_loops=True, index=-1)
sch.annotate(block_or_loop=b1, ann_key="meta_schedule.parallel", ann_val=128)
sch.annotate(block_or_loop=b1, ann_key="meta_schedule.vectorize", ann_val=64)
v26 = sch.sample_categorical(candidates=[0, 16, 64, 512], probs=[0.25, 0.25, 0.25, 0.25], decision=1)
sch.annotate(block_or_loop=b1, ann_key="meta_schedule.unroll_explicit", ann_val=v26)
2026-04-07 17:12:16 [INFO] [task_scheduler.cc:176] Design space #2:
# from tvm.script import ir as I
# from tvm.script import tir as T

@I.ir_module
class Module:
    @T.prim_func
    def main(A: T.Buffer((384, 768), "float32"), B: T.Buffer((768, 768), "float32"), C: T.Buffer((384, 768), "float32")):
        T.func_attr({"tir.noalias": True})
        with T.block("root"):
            T.reads()
            T.writes()
            T.block_attr({"meta_schedule.parallel": 128, "meta_schedule.unroll_explicit": 0, "meta_schedule.vectorize": 64})
            for i_0, j_0, i_1, j_1, k_0, i_2, j_2, k_1, i_3, j_3 in T.grid(1, 1, 6, 2, 48, 32, 32, 16, 2, 12):
                with T.block("C"):
                    vi = T.axis.spatial(384, i_0 * 384 + i_1 * 64 + i_2 * 2 + i_3)
                    vj = T.axis.spatial(768, j_0 * 768 + j_1 * 384 + j_2 * 12 + j_3)
                    vk = T.axis.reduce(768, k_0 * 16 + k_1)
                    T.reads(A[vi, vk], B[vk, vj])
                    T.writes(C[vi, vj])
                    T.block_attr({"meta_schedule.tiling_structure": "SSRSRS"})
                    with T.init():
                        C[vi, vj] = T.float32(0.0)
                    C[vi, vj] = C[vi, vj] + A[vi, vk] * B[vk, vj]
b0 = sch.get_block(name="C", func_name="main")
b1 = sch.get_block(name="root", func_name="main")
sch.annotate(block_or_loop=b0, ann_key="meta_schedule.tiling_structure", ann_val="SSRSRS")
l2, l3, l4 = sch.get_loops(block=b0)
v5, v6, v7, v8 = sch.sample_perfect_tile(loop=l2, n=4, max_innermost_factor=64, decision=[1, 6, 32, 2])
l9, l10, l11, l12 = sch.split(loop=l2, factors=[v5, v6, v7, v8], preserve_unit_iters=True, disable_predication=False)
v13, v14, v15, v16 = sch.sample_perfect_tile(loop=l3, n=4, max_innermost_factor=64, decision=[1, 2, 32, 12])
l17, l18, l19, l20 = sch.split(loop=l3, factors=[v13, v14, v15, v16], preserve_unit_iters=True, disable_predication=False)
v21, v22 = sch.sample_perfect_tile(loop=l4, n=2, max_innermost_factor=64, decision=[48, 16])
l23, l24 = sch.split(loop=l4, factors=[v21, v22], preserve_unit_iters=True, disable_predication=False)
sch.reorder(l9, l17, l10, l18, l23, l11, l19, l24, l12, l20)
sch.annotate(block_or_loop=b1, ann_key="meta_schedule.parallel", ann_val=128)
sch.annotate(block_or_loop=b1, ann_key="meta_schedule.vectorize", ann_val=64)
v25 = sch.sample_categorical(candidates=[0, 16, 64, 512], probs=[0.25, 0.25, 0.25, 0.25], decision=0)
sch.annotate(block_or_loop=b1, ann_key="meta_schedule.unroll_explicit", ann_val=v25)
2026-04-07 17:12:16 [INFO] [evolutionary_search.cc:711] Generating candidates......
2026-04-07 17:12:16 [INFO] [evolutionary_search.cc:713] Picked top 0 candidate(s) from database
2026-04-07 17:12:17 [INFO] [evolutionary_search.cc:530] Sample-Init-Population summary:
Postproc #0 [meta_schedule.DisallowDynamicLoop(0x5bdf3e587958)]: 0 failure(s)
Postproc #1 [meta_schedule.RewriteParallelVectorizeUnroll(0x5bdf432698b8)]: 0 failure(s)
Postproc #2 [meta_schedule.RewriteReductionBlock(0x5bdf444d3ad8)]: 0 failure(s)
Postproc #3 [meta_schedule.RewriteLayout(0x5bdf42db7f58)]: 0 failure(s)
2026-04-07 17:12:17 [INFO] [evolutionary_search.cc:721] Sampled 614 candidate(s)
2026-04-07 17:12:17 [INFO] [evolutionary_search.cc:619] Evolve iter #0 done. Summary:
Postproc #0 [meta_schedule.DisallowDynamicLoop(0x5bdf3e587958)]: 0 failure(s)
Postproc #1 [meta_schedule.RewriteParallelVectorizeUnroll(0x5bdf432698b8)]: 0 failure(s)
Postproc #2 [meta_schedule.RewriteReductionBlock(0x5bdf444d3ad8)]: 0 failure(s)
Postproc #3 [meta_schedule.RewriteLayout(0x5bdf42db7f58)]: 0 failure(s)
2026-04-07 17:12:17 [INFO] [evolutionary_search.cc:619] Evolve iter #1 done. Summary:
Postproc #0 [meta_schedule.DisallowDynamicLoop(0x5bdf3e587958)]: 0 failure(s)
Postproc #1 [meta_schedule.RewriteParallelVectorizeUnroll(0x5bdf432698b8)]: 0 failure(s)
Postproc #2 [meta_schedule.RewriteReductionBlock(0x5bdf444d3ad8)]: 0 failure(s)
Postproc #3 [meta_schedule.RewriteLayout(0x5bdf42db7f58)]: 0 failure(s)
2026-04-07 17:12:18 [INFO] [evolutionary_search.cc:619] Evolve iter #2 done. Summary:
Postproc #0 [meta_schedule.DisallowDynamicLoop(0x5bdf3e587958)]: 0 failure(s)
Postproc #1 [meta_schedule.RewriteParallelVectorizeUnroll(0x5bdf432698b8)]: 0 failure(s)
Postproc #2 [meta_schedule.RewriteReductionBlock(0x5bdf444d3ad8)]: 0 failure(s)
Postproc #3 [meta_schedule.RewriteLayout(0x5bdf42db7f58)]: 0 failure(s)
2026-04-07 17:12:18 [INFO] [evolutionary_search.cc:619] Evolve iter #3 done. Summary:
Postproc #0 [meta_schedule.DisallowDynamicLoop(0x5bdf3e587958)]: 0 failure(s)
Postproc #1 [meta_schedule.RewriteParallelVectorizeUnroll(0x5bdf432698b8)]: 0 failure(s)
Postproc #2 [meta_schedule.RewriteReductionBlock(0x5bdf444d3ad8)]: 0 failure(s)
Postproc #3 [meta_schedule.RewriteLayout(0x5bdf42db7f58)]: 0 failure(s)
2026-04-07 17:12:18 [INFO] [evolutionary_search.cc:647] Scores of the best 32 candidates:
[1 : 16]:	0.9994  0.9994  0.9992  0.9985  0.9974  0.9974  0.9972  0.9966  0.9963  0.9953  0.9952  0.9952  0.9949  0.9946  0.9946  0.9946
[17 : 32]:	0.9944  0.9942  0.9937  0.9932  0.9932  0.9928  0.9928  0.9928  0.9925  0.9922  0.9913  0.9911  0.9907  0.9906  0.9905  0.9888
2026-04-07 17:12:18 [INFO] [evolutionary_search.cc:725] Got 32 candidate(s) with evolutionary search
2026-04-07 17:12:18 [INFO] [evolutionary_search.cc:728] Sending 32 candidates(s) for measurement
2026-04-07 17:12:37 [INFO] [task_scheduler.cc:137] [Task #0: main] Trial #1: GFLOPs: 32.6766. Time: 13862.6861 us. Best GFLOPs: 32.6766
2026-04-07 17:12:37 [INFO] [task_scheduler.cc:137] [Task #0: main] Trial #2: GFLOPs: 57.6777. Time: 7853.7249 us. Best GFLOPs: 57.6777
2026-04-07 17:12:37 [INFO] [task_scheduler.cc:137] [Task #0: main] Trial #3: GFLOPs: 24.5436. Time: 18456.3098 us. Best GFLOPs: 57.6777
2026-04-07 17:12:37 [INFO] [task_scheduler.cc:137] [Task #0: main] Trial #4: GFLOPs: 84.2234. Time: 5378.3699 us. Best GFLOPs: 84.2234
2026-04-07 17:12:37 [INFO] [task_scheduler.cc:137] [Task #0: main] Trial #5: GFLOPs: 31.9683. Time: 14169.7927 us. Best GFLOPs: 84.2234
2026-04-07 17:12:37 [INFO] [task_scheduler.cc:137] [Task #0: main] Trial #6: GFLOPs: 45.0528. Time: 10054.5243 us. Best GFLOPs: 84.2234
2026-04-07 17:12:37 [INFO] [task_scheduler.cc:137] [Task #0: main] Trial #7: GFLOPs: 84.4931. Time: 5361.2071 us. Best GFLOPs: 84.4931
2026-04-07 17:12:37 [INFO] [task_scheduler.cc:137] [Task #0: main] Trial #8: GFLOPs: 27.4378. Time: 16509.5090 us. Best GFLOPs: 84.4931
2026-04-07 17:12:37 [INFO] [task_scheduler.cc:137] [Task #0: main] Trial #9: GFLOPs: 43.3157. Time: 10457.7481 us. Best GFLOPs: 84.4931
2026-04-07 17:12:37 [INFO] [task_scheduler.cc:137] [Task #0: main] Trial #10: GFLOPs: 32.9945. Time: 13729.0831 us. Best GFLOPs: 84.4931
2026-04-07 17:12:37 [INFO] [task_scheduler.cc:137] [Task #0: main] Trial #11: GFLOPs: 32.6330. Time: 13881.1913 us. Best GFLOPs: 84.4931
2026-04-07 17:12:37 [INFO] [task_scheduler.cc:137] [Task #0: main] Trial #12: GFLOPs: 28.1413. Time: 16096.8158 us. Best GFLOPs: 84.4931
2026-04-07 17:12:37 [INFO] [task_scheduler.cc:137] [Task #0: main] Trial #13: GFLOPs: 106.6053. Time: 4249.1777 us. Best GFLOPs: 106.6053
2026-04-07 17:12:37 [INFO] [task_scheduler.cc:137] [Task #0: main] Trial #14: GFLOPs: 21.4449. Time: 21123.1705 us. Best GFLOPs: 106.6053
2026-04-07 17:12:37 [INFO] [task_scheduler.cc:137] [Task #0: main] Trial #15: GFLOPs: 81.3944. Time: 5565.3095 us. Best GFLOPs: 106.6053
2026-04-07 17:12:37 [INFO] [task_scheduler.cc:137] [Task #0: main] Trial #16: GFLOPs: 83.8157. Time: 5404.5337 us. Best GFLOPs: 106.6053
2026-04-07 17:12:37 [INFO] [task_scheduler.cc:137] [Task #0: main] Trial #17: GFLOPs: 40.4936. Time: 11186.5769 us. Best GFLOPs: 106.6053
2026-04-07 17:12:37 [INFO] [task_scheduler.cc:137] [Task #0: main] Trial #18: GFLOPs: 25.7518. Time: 17590.4002 us. Best GFLOPs: 106.6053
2026-04-07 17:12:37 [INFO] [task_scheduler.cc:137] [Task #0: main] Trial #19: GFLOPs: 17.3732. Time: 26073.7577 us. Best GFLOPs: 106.6053
2026-04-07 17:12:37 [INFO] [task_scheduler.cc:137] [Task #0: main] Trial #20: GFLOPs: 7.3257. Time: 61835.4290 us. Best GFLOPs: 106.6053
2026-04-07 17:12:37 [INFO] [task_scheduler.cc:137] [Task #0: main] Trial #21: GFLOPs: 26.5016. Time: 17092.7550 us. Best GFLOPs: 106.6053
2026-04-07 17:12:37 [INFO] [task_scheduler.cc:137] [Task #0: main] Trial #22: GFLOPs: 76.0164. Time: 5959.0422 us. Best GFLOPs: 106.6053
2026-04-07 17:12:37 [INFO] [task_scheduler.cc:137] [Task #0: main] Trial #23: GFLOPs: 110.0124. Time: 4117.5791 us. Best GFLOPs: 110.0124
2026-04-07 17:12:37 [INFO] [task_scheduler.cc:137] [Task #0: main] Trial #24: GFLOPs: 26.0833. Time: 17366.8438 us. Best GFLOPs: 110.0124
2026-04-07 17:12:37 [INFO] [task_scheduler.cc:137] [Task #0: main] Trial #25: GFLOPs: 17.5908. Time: 25751.1905 us. Best GFLOPs: 110.0124
2026-04-07 17:12:37 [INFO] [task_scheduler.cc:137] [Task #0: main] Trial #26: GFLOPs: 16.7525. Time: 27039.8832 us. Best GFLOPs: 110.0124
2026-04-07 17:12:37 [INFO] [task_scheduler.cc:137] [Task #0: main] Trial #27: GFLOPs: 52.4303. Time: 8639.7598 us. Best GFLOPs: 110.0124
2026-04-07 17:12:37 [INFO] [task_scheduler.cc:137] [Task #0: main] Trial #28: GFLOPs: 34.1881. Time: 13249.7751 us. Best GFLOPs: 110.0124
2026-04-07 17:12:37 [INFO] [task_scheduler.cc:137] [Task #0: main] Trial #29: GFLOPs: 37.8618. Time: 11964.1737 us. Best GFLOPs: 110.0124
2026-04-07 17:12:37 [INFO] [task_scheduler.cc:137] [Task #0: main] Trial #30: GFLOPs: 118.5312. Time: 3821.6509 us. Best GFLOPs: 118.5312
2026-04-07 17:12:37 [INFO] [task_scheduler.cc:137] [Task #0: main] Trial #31: GFLOPs: 46.7617. Time: 9687.0981 us. Best GFLOPs: 118.5312
2026-04-07 17:12:37 [INFO] [task_scheduler.cc:137] [Task #0: main] Trial #32: GFLOPs: 38.7088. Time: 11702.3756 us. Best GFLOPs: 118.5312
2026-04-07 17:12:37 [INFO] [evolutionary_search.cc:711] Generating candidates......
2026-04-07 17:12:37 [INFO] [evolutionary_search.cc:713] Picked top 32 candidate(s) from database
2026-04-07 17:12:37 [INFO] [evolutionary_search.cc:530] Sample-Init-Population summary:
Postproc #0 [meta_schedule.DisallowDynamicLoop(0x5bdf3e587958)]: 0 failure(s)
Postproc #1 [meta_schedule.RewriteParallelVectorizeUnroll(0x5bdf432698b8)]: 0 failure(s)
Postproc #2 [meta_schedule.RewriteReductionBlock(0x5bdf444d3ad8)]: 0 failure(s)
Postproc #3 [meta_schedule.RewriteLayout(0x5bdf42db7f58)]: 0 failure(s)
2026-04-07 17:12:37 [INFO] [evolutionary_search.cc:721] Sampled 582 candidate(s)
2026-04-07 17:12:37 [INFO] [evolutionary_search.cc:619] Evolve iter #0 done. Summary:
Postproc #0 [meta_schedule.DisallowDynamicLoop(0x5bdf3e587958)]: 0 failure(s)
Postproc #1 [meta_schedule.RewriteParallelVectorizeUnroll(0x5bdf432698b8)]: 0 failure(s)
Postproc #2 [meta_schedule.RewriteReductionBlock(0x5bdf444d3ad8)]: 0 failure(s)
Postproc #3 [meta_schedule.RewriteLayout(0x5bdf42db7f58)]: 0 failure(s)
2026-04-07 17:12:38 [INFO] [evolutionary_search.cc:619] Evolve iter #1 done. Summary:
Postproc #0 [meta_schedule.DisallowDynamicLoop(0x5bdf3e587958)]: 0 failure(s)
Postproc #1 [meta_schedule.RewriteParallelVectorizeUnroll(0x5bdf432698b8)]: 0 failure(s)
Postproc #2 [meta_schedule.RewriteReductionBlock(0x5bdf444d3ad8)]: 0 failure(s)
Postproc #3 [meta_schedule.RewriteLayout(0x5bdf42db7f58)]: 0 failure(s)
2026-04-07 17:12:38 [INFO] [evolutionary_search.cc:619] Evolve iter #2 done. Summary:
Postproc #0 [meta_schedule.DisallowDynamicLoop(0x5bdf3e587958)]: 0 failure(s)
Postproc #1 [meta_schedule.RewriteParallelVectorizeUnroll(0x5bdf432698b8)]: 0 failure(s)
Postproc #2 [meta_schedule.RewriteReductionBlock(0x5bdf444d3ad8)]: 0 failure(s)
Postproc #3 [meta_schedule.RewriteLayout(0x5bdf42db7f58)]: 0 failure(s)
2026-04-07 17:12:38 [INFO] [evolutionary_search.cc:619] Evolve iter #3 done. Summary:
Postproc #0 [meta_schedule.DisallowDynamicLoop(0x5bdf3e587958)]: 0 failure(s)
Postproc #1 [meta_schedule.RewriteParallelVectorizeUnroll(0x5bdf432698b8)]: 0 failure(s)
Postproc #2 [meta_schedule.RewriteReductionBlock(0x5bdf444d3ad8)]: 0 failure(s)
Postproc #3 [meta_schedule.RewriteLayout(0x5bdf42db7f58)]: 0 failure(s)
2026-04-07 17:12:38 [INFO] [evolutionary_search.cc:647] Scores of the best 32 candidates:
[1 : 16]:	0.9999  0.9997  0.9985  0.9981  0.9976  0.9973  0.9969  0.9968  0.9966  0.9965  0.9957  0.9954  0.9954  0.9944  0.9943  0.9942
[17 : 32]:	0.9935  0.9934  0.9934  0.9934  0.9933  0.9922  0.9915  0.9907  0.9906  0.9905  0.9902  0.9901  0.9898  0.9898  0.9892  0.9888
2026-04-07 17:12:39 [INFO] [evolutionary_search.cc:725] Got 32 candidate(s) with evolutionary search
2026-04-07 17:12:39 [INFO] [evolutionary_search.cc:728] Sending 32 candidates(s) for measurement
2026-04-07 17:12:54 [INFO] [task_scheduler.cc:137] [Task #0: main] Trial #33: GFLOPs: 97.0802. Time: 4666.0902 us. Best GFLOPs: 118.5312
2026-04-07 17:12:54 [INFO] [task_scheduler.cc:137] [Task #0: main] Trial #34: GFLOPs: 14.1189. Time: 32083.4660 us. Best GFLOPs: 118.5312
2026-04-07 17:12:54 [INFO] [task_scheduler.cc:137] [Task #0: main] Trial #35: GFLOPs: 105.5198. Time: 4292.8911 us. Best GFLOPs: 118.5312
2026-04-07 17:12:54 [INFO] [task_scheduler.cc:137] [Task #0: main] Trial #36: GFLOPs: 132.9616. Time: 3406.8840 us. Best GFLOPs: 132.9616
2026-04-07 17:12:54 [INFO] [task_scheduler.cc:137] [Task #0: main] Trial #37: GFLOPs: 22.2200. Time: 20386.3110 us. Best GFLOPs: 132.9616
2026-04-07 17:12:54 [INFO] [task_scheduler.cc:137] [Task #0: main] Trial #38: GFLOPs: 18.2546. Time: 24814.8973 us. Best GFLOPs: 132.9616
2026-04-07 17:12:54 [INFO] [task_scheduler.cc:137] [Task #0: main] Trial #39: GFLOPs: 15.1286. Time: 29942.2598 us. Best GFLOPs: 132.9616
2026-04-07 17:12:54 [INFO] [task_scheduler.cc:137] [Task #0: main] Trial #40: GFLOPs: 20.2833. Time: 22332.8793 us. Best GFLOPs: 132.9616
2026-04-07 17:12:54 [INFO] [task_scheduler.cc:137] [Task #0: main] Trial #41: GFLOPs: 84.7646. Time: 5344.0320 us. Best GFLOPs: 132.9616
2026-04-07 17:12:54 [INFO] [task_scheduler.cc:137] [Task #0: main] Trial #42: GFLOPs: 65.4448. Time: 6921.6294 us. Best GFLOPs: 132.9616
2026-04-07 17:12:54 [INFO] [task_scheduler.cc:137] [Task #0: main] Trial #43: GFLOPs: 68.0680. Time: 6654.8860 us. Best GFLOPs: 132.9616
2026-04-07 17:12:54 [INFO] [task_scheduler.cc:137] [Task #0: main] Trial #44: GFLOPs: 95.3961. Time: 4748.4652 us. Best GFLOPs: 132.9616
2026-04-07 17:12:54 [INFO] [task_scheduler.cc:137] [Task #0: main] Trial #45: GFLOPs: 33.4730. Time: 13532.8621 us. Best GFLOPs: 132.9616
2026-04-07 17:12:54 [INFO] [task_scheduler.cc:137] [Task #0: main] Trial #46: GFLOPs: 24.4330. Time: 18539.8823 us. Best GFLOPs: 132.9616
2026-04-07 17:12:54 [INFO] [task_scheduler.cc:137] [Task #0: main] Trial #47: GFLOPs: 8.9131. Time: 50822.0992 us. Best GFLOPs: 132.9616
2026-04-07 17:12:54 [INFO] [task_scheduler.cc:137] [Task #0: main] Trial #48: GFLOPs: 37.6105. Time: 12044.1097 us. Best GFLOPs: 132.9616
2026-04-07 17:12:54 [INFO] [task_scheduler.cc:137] [Task #0: main] Trial #49: GFLOPs: 30.9436. Time: 14639.0647 us. Best GFLOPs: 132.9616
2026-04-07 17:12:54 [INFO] [task_scheduler.cc:137] [Task #0: main] Trial #50: GFLOPs: 99.2757. Time: 4562.8990 us. Best GFLOPs: 132.9616
2026-04-07 17:12:54 [INFO] [task_scheduler.cc:137] [Task #0: main] Trial #51: GFLOPs: 96.2365. Time: 4706.9956 us. Best GFLOPs: 132.9616
2026-04-07 17:12:54 [INFO] [task_scheduler.cc:137] [Task #0: main] Trial #52: GFLOPs: 69.4656. Time: 6520.9916 us. Best GFLOPs: 132.9616
2026-04-07 17:12:54 [INFO] [task_scheduler.cc:137] [Task #0: main] Trial #53: GFLOPs: 89.0750. Time: 5085.4315 us. Best GFLOPs: 132.9616
2026-04-07 17:12:54 [INFO] [task_scheduler.cc:137] [Task #0: main] Trial #54: GFLOPs: 27.7309. Time: 16334.9938 us. Best GFLOPs: 132.9616
2026-04-07 17:12:54 [INFO] [task_scheduler.cc:137] [Task #0: main] Trial #55: GFLOPs: 46.7203. Time: 9695.6767 us. Best GFLOPs: 132.9616
2026-04-07 17:12:54 [INFO] [task_scheduler.cc:137] [Task #0: main] Trial #56: GFLOPs: 75.7890. Time: 5976.9175 us. Best GFLOPs: 132.9616
2026-04-07 17:12:54 [INFO] [task_scheduler.cc:137] [Task #0: main] Trial #57: GFLOPs: 41.5361. Time: 10905.7984 us. Best GFLOPs: 132.9616
2026-04-07 17:12:54 [INFO] [task_scheduler.cc:137] [Task #0: main] Trial #58: GFLOPs: 49.7263. Time: 9109.5554 us. Best GFLOPs: 132.9616
2026-04-07 17:12:54 [INFO] [task_scheduler.cc:137] [Task #0: main] Trial #59: GFLOPs: 17.5756. Time: 25773.5337 us. Best GFLOPs: 132.9616
2026-04-07 17:12:54 [INFO] [task_scheduler.cc:137] [Task #0: main] Trial #60: GFLOPs: 106.1771. Time: 4266.3136 us. Best GFLOPs: 132.9616
2026-04-07 17:12:54 [INFO] [task_scheduler.cc:137] [Task #0: main] Trial #61: GFLOPs: 22.9532. Time: 19735.1268 us. Best GFLOPs: 132.9616
2026-04-07 17:12:54 [INFO] [task_scheduler.cc:137] [Task #0: main] Trial #62: GFLOPs: 32.3362. Time: 14008.5902 us. Best GFLOPs: 132.9616
2026-04-07 17:12:54 [INFO] [task_scheduler.cc:137] [Task #0: main] Trial #63: GFLOPs: 78.8390. Time: 5745.6961 us. Best GFLOPs: 132.9616
2026-04-07 17:12:54 [INFO] [task_scheduler.cc:137] [Task #0: main] Trial #64: GFLOPs: 55.0628. Time: 8226.6896 us. Best GFLOPs: 132.9616
2026-04-07 17:12:54 [INFO] [evolutionary_search.cc:711] Generating candidates......
2026-04-07 17:12:54 [INFO] [evolutionary_search.cc:713] Picked top 64 candidate(s) from database
2026-04-07 17:12:55 [INFO] [evolutionary_search.cc:530] Sample-Init-Population summary:
Postproc #0 [meta_schedule.DisallowDynamicLoop(0x5bdf3e587958)]: 0 failure(s)
Postproc #1 [meta_schedule.RewriteParallelVectorizeUnroll(0x5bdf432698b8)]: 0 failure(s)
Postproc #2 [meta_schedule.RewriteReductionBlock(0x5bdf444d3ad8)]: 0 failure(s)
Postproc #3 [meta_schedule.RewriteLayout(0x5bdf42db7f58)]: 0 failure(s)
2026-04-07 17:12:55 [INFO] [evolutionary_search.cc:721] Sampled 550 candidate(s)
2026-04-07 17:12:55 [INFO] [evolutionary_search.cc:619] Evolve iter #0 done. Summary:
Postproc #0 [meta_schedule.DisallowDynamicLoop(0x5bdf3e587958)]: 0 failure(s)
Postproc #1 [meta_schedule.RewriteParallelVectorizeUnroll(0x5bdf432698b8)]: 0 failure(s)
Postproc #2 [meta_schedule.RewriteReductionBlock(0x5bdf444d3ad8)]: 0 failure(s)
Postproc #3 [meta_schedule.RewriteLayout(0x5bdf42db7f58)]: 0 failure(s)
2026-04-07 17:12:55 [INFO] [evolutionary_search.cc:619] Evolve iter #1 done. Summary:
Postproc #0 [meta_schedule.DisallowDynamicLoop(0x5bdf3e587958)]: 0 failure(s)
Postproc #1 [meta_schedule.RewriteParallelVectorizeUnroll(0x5bdf432698b8)]: 0 failure(s)
Postproc #2 [meta_schedule.RewriteReductionBlock(0x5bdf444d3ad8)]: 0 failure(s)
Postproc #3 [meta_schedule.RewriteLayout(0x5bdf42db7f58)]: 0 failure(s)
2026-04-07 17:12:56 [INFO] [evolutionary_search.cc:619] Evolve iter #2 done. Summary:
Postproc #0 [meta_schedule.DisallowDynamicLoop(0x5bdf3e587958)]: 0 failure(s)
Postproc #1 [meta_schedule.RewriteParallelVectorizeUnroll(0x5bdf432698b8)]: 0 failure(s)
Postproc #2 [meta_schedule.RewriteReductionBlock(0x5bdf444d3ad8)]: 0 failure(s)
Postproc #3 [meta_schedule.RewriteLayout(0x5bdf42db7f58)]: 0 failure(s)
2026-04-07 17:12:56 [INFO] [evolutionary_search.cc:619] Evolve iter #3 done. Summary:
Postproc #0 [meta_schedule.DisallowDynamicLoop(0x5bdf3e587958)]: 0 failure(s)
Postproc #1 [meta_schedule.RewriteParallelVectorizeUnroll(0x5bdf432698b8)]: 0 failure(s)
Postproc #2 [meta_schedule.RewriteReductionBlock(0x5bdf444d3ad8)]: 0 failure(s)
Postproc #3 [meta_schedule.RewriteLayout(0x5bdf42db7f58)]: 0 failure(s)
2026-04-07 17:12:56 [INFO] [evolutionary_search.cc:647] Scores of the best 32 candidates:
[1 : 16]:	0.9998  0.9998  0.9996  0.9987  0.9975  0.9973  0.9969  0.9967  0.9957  0.9951  0.9944  0.9943  0.9938  0.9929  0.9921  0.9920
[17 : 32]:	0.9919  0.9907  0.9905  0.9905  0.9893  0.9892  0.9890  0.9885  0.9882  0.9881  0.9878  0.9877  0.9875  0.9874  0.9873  0.9871
2026-04-07 17:12:56 [INFO] [evolutionary_search.cc:725] Got 32 candidate(s) with evolutionary search
2026-04-07 17:12:56 [INFO] [evolutionary_search.cc:728] Sending 32 candidates(s) for measurement
2026-04-07 17:13:13 [INFO] [task_scheduler.cc:137] [Task #0: main] Trial #65: GFLOPs: 54.2084. Time: 8356.3562 us. Best GFLOPs: 132.9616
2026-04-07 17:13:13 [INFO] [task_scheduler.cc:137] [Task #0: main] Trial #66: GFLOPs: 100.8877. Time: 4489.9885 us. Best GFLOPs: 132.9616
2026-04-07 17:13:13 [INFO] [task_scheduler.cc:137] [Task #0: main] Trial #67: GFLOPs: 52.3998. Time: 8644.7897 us. Best GFLOPs: 132.9616
2026-04-07 17:13:13 [INFO] [task_scheduler.cc:137] [Task #0: main] Trial #68: GFLOPs: 110.0070. Time: 4117.7817 us. Best GFLOPs: 132.9616
2026-04-07 17:13:13 [INFO] [task_scheduler.cc:137] [Task #0: main] Trial #69: GFLOPs: 106.7642. Time: 4242.8525 us. Best GFLOPs: 132.9616
2026-04-07 17:13:13 [INFO] [task_scheduler.cc:137] [Task #0: main] Trial #70: GFLOPs: 71.9734. Time: 6293.7802 us. Best GFLOPs: 132.9616
2026-04-07 17:13:13 [INFO] [task_scheduler.cc:137] [Task #0: main] Trial #71: GFLOPs: 80.3987. Time: 5634.2285 us. Best GFLOPs: 132.9616
2026-04-07 17:13:13 [INFO] [task_scheduler.cc:137] [Task #0: main] Trial #72: GFLOPs: 73.7130. Time: 6145.2542 us. Best GFLOPs: 132.9616
2026-04-07 17:13:13 [INFO] [task_scheduler.cc:137] [Task #0: main] Trial #73: GFLOPs: 47.1692. Time: 9603.4078 us. Best GFLOPs: 132.9616
2026-04-07 17:13:13 [INFO] [task_scheduler.cc:137] [Task #0: main] Trial #74: GFLOPs: 7.8641. Time: 57601.7965 us. Best GFLOPs: 132.9616
2026-04-07 17:13:13 [INFO] [task_scheduler.cc:137] [Task #0: main] Trial #75: GFLOPs: 10.9693. Time: 41295.8585 us. Best GFLOPs: 132.9616
2026-04-07 17:13:13 [INFO] [task_scheduler.cc:137] [Task #0: main] Trial #76: GFLOPs: 9.6225. Time: 47075.7105 us. Best GFLOPs: 132.9616
2026-04-07 17:13:13 [INFO] [task_scheduler.cc:137] [Task #0: main] Trial #77: GFLOPs: 26.5814. Time: 17041.4057 us. Best GFLOPs: 132.9616
2026-04-07 17:13:13 [INFO] [task_scheduler.cc:137] [Task #0: main] Trial #78: GFLOPs: 8.8738. Time: 51047.6680 us. Best GFLOPs: 132.9616
2026-04-07 17:13:13 [INFO] [task_scheduler.cc:137] [Task #0: main] Trial #79: GFLOPs: 40.3575. Time: 11224.3031 us. Best GFLOPs: 132.9616
2026-04-07 17:13:13 [INFO] [task_scheduler.cc:137] [Task #0: main] Trial #80: GFLOPs: 10.0692. Time: 44987.0500 us. Best GFLOPs: 132.9616
2026-04-07 17:13:13 [INFO] [task_scheduler.cc:137] [Task #0: main] Trial #81: GFLOPs: 14.5830. Time: 31062.4265 us. Best GFLOPs: 132.9616
2026-04-07 17:13:13 [INFO] [task_scheduler.cc:137] [Task #0: main] Trial #82: GFLOPs: 17.3992. Time: 26034.8567 us. Best GFLOPs: 132.9616
2026-04-07 17:13:13 [INFO] [task_scheduler.cc:137] [Task #0: main] Trial #83: GFLOPs: 24.3938. Time: 18569.6758 us. Best GFLOPs: 132.9616
2026-04-07 17:13:13 [INFO] [task_scheduler.cc:137] [Task #0: main] Trial #84: GFLOPs: 82.6522. Time: 5480.6165 us. Best GFLOPs: 132.9616
2026-04-07 17:13:13 [INFO] [task_scheduler.cc:137] [Task #0: main] Trial #85: GFLOPs: 30.1889. Time: 15005.0308 us. Best GFLOPs: 132.9616
2026-04-07 17:13:13 [INFO] [task_scheduler.cc:137] [Task #0: main] Trial #86: GFLOPs: 87.7578. Time: 5161.7588 us. Best GFLOPs: 132.9616
2026-04-07 17:13:13 [INFO] [task_scheduler.cc:137] [Task #0: main] Trial #87: GFLOPs: 54.6446. Time: 8289.6576 us. Best GFLOPs: 132.9616
2026-04-07 17:13:13 [INFO] [task_scheduler.cc:137] [Task #0: main] Trial #88: GFLOPs: 37.3384. Time: 12131.8738 us. Best GFLOPs: 132.9616
2026-04-07 17:13:13 [INFO] [task_scheduler.cc:137] [Task #0: main] Trial #89: GFLOPs: 80.3495. Time: 5637.6802 us. Best GFLOPs: 132.9616
2026-04-07 17:13:13 [INFO] [task_scheduler.cc:137] [Task #0: main] Trial #90: GFLOPs: 43.3450. Time: 10450.6746 us. Best GFLOPs: 132.9616
2026-04-07 17:13:13 [INFO] [task_scheduler.cc:137] [Task #0: main] Trial #91: GFLOPs: 87.8155. Time: 5158.3701 us. Best GFLOPs: 132.9616
2026-04-07 17:13:13 [INFO] [task_scheduler.cc:137] [Task #0: main] Trial #92: GFLOPs: 109.7322. Time: 4128.0936 us. Best GFLOPs: 132.9616
2026-04-07 17:13:13 [INFO] [task_scheduler.cc:137] [Task #0: main] Trial #93: GFLOPs: 65.5227. Time: 6913.4027 us. Best GFLOPs: 132.9616
2026-04-07 17:13:13 [INFO] [task_scheduler.cc:137] [Task #0: main] Trial #94: GFLOPs: 17.9290. Time: 25265.4790 us. Best GFLOPs: 132.9616
2026-04-07 17:13:13 [INFO] [task_scheduler.cc:137] [Task #0: main] Trial #95: GFLOPs: 27.4284. Time: 16515.1648 us. Best GFLOPs: 132.9616
2026-04-07 17:13:13 [INFO] [task_scheduler.cc:137] [Task #0: main] Trial #96: GFLOPs: 30.2144. Time: 14992.3437 us. Best GFLOPs: 132.9616
2026-04-07 17:13:13 [INFO] [evolutionary_search.cc:711] Generating candidates......
2026-04-07 17:13:13 [INFO] [evolutionary_search.cc:713] Picked top 96 candidate(s) from database
2026-04-07 17:13:14 [INFO] [evolutionary_search.cc:530] Sample-Init-Population summary:
Postproc #0 [meta_schedule.DisallowDynamicLoop(0x5bdf3e587958)]: 0 failure(s)
Postproc #1 [meta_schedule.RewriteParallelVectorizeUnroll(0x5bdf432698b8)]: 0 failure(s)
Postproc #2 [meta_schedule.RewriteReductionBlock(0x5bdf444d3ad8)]: 0 failure(s)
Postproc #3 [meta_schedule.RewriteLayout(0x5bdf42db7f58)]: 0 failure(s)
2026-04-07 17:13:14 [INFO] [evolutionary_search.cc:721] Sampled 518 candidate(s)
2026-04-07 17:13:14 [INFO] [evolutionary_search.cc:619] Evolve iter #0 done. Summary:
Postproc #0 [meta_schedule.DisallowDynamicLoop(0x5bdf3e587958)]: 0 failure(s)
Postproc #1 [meta_schedule.RewriteParallelVectorizeUnroll(0x5bdf432698b8)]: 0 failure(s)
Postproc #2 [meta_schedule.RewriteReductionBlock(0x5bdf444d3ad8)]: 0 failure(s)
Postproc #3 [meta_schedule.RewriteLayout(0x5bdf42db7f58)]: 0 failure(s)
2026-04-07 17:13:14 [INFO] [evolutionary_search.cc:619] Evolve iter #1 done. Summary:
Postproc #0 [meta_schedule.DisallowDynamicLoop(0x5bdf3e587958)]: 0 failure(s)
Postproc #1 [meta_schedule.RewriteParallelVectorizeUnroll(0x5bdf432698b8)]: 0 failure(s)
Postproc #2 [meta_schedule.RewriteReductionBlock(0x5bdf444d3ad8)]: 0 failure(s)
Postproc #3 [meta_schedule.RewriteLayout(0x5bdf42db7f58)]: 0 failure(s)
2026-04-07 17:13:15 [INFO] [evolutionary_search.cc:619] Evolve iter #2 done. Summary:
Postproc #0 [meta_schedule.DisallowDynamicLoop(0x5bdf3e587958)]: 0 failure(s)
Postproc #1 [meta_schedule.RewriteParallelVectorizeUnroll(0x5bdf432698b8)]: 0 failure(s)
Postproc #2 [meta_schedule.RewriteReductionBlock(0x5bdf444d3ad8)]: 0 failure(s)
Postproc #3 [meta_schedule.RewriteLayout(0x5bdf42db7f58)]: 0 failure(s)
2026-04-07 17:13:15 [INFO] [evolutionary_search.cc:619] Evolve iter #3 done. Summary:
Postproc #0 [meta_schedule.DisallowDynamicLoop(0x5bdf3e587958)]: 0 failure(s)
Postproc #1 [meta_schedule.RewriteParallelVectorizeUnroll(0x5bdf432698b8)]: 0 failure(s)
Postproc #2 [meta_schedule.RewriteReductionBlock(0x5bdf444d3ad8)]: 0 failure(s)
Postproc #3 [meta_schedule.RewriteLayout(0x5bdf42db7f58)]: 0 failure(s)
2026-04-07 17:13:15 [INFO] [evolutionary_search.cc:647] Scores of the best 32 candidates:
[1 : 16]:	0.9999  0.9997  0.9994  0.9994  0.9994  0.9993  0.9988  0.9987  0.9985  0.9983  0.9982  0.9982  0.9980  0.9978  0.9978  0.9976
[17 : 32]:	0.9975  0.9974  0.9969  0.9968  0.9968  0.9963  0.9960  0.9959  0.9958  0.9957  0.9956  0.9951  0.9946  0.9937  0.9932  0.9928
2026-04-07 17:13:15 [INFO] [evolutionary_search.cc:725] Got 32 candidate(s) with evolutionary search
2026-04-07 17:13:15 [INFO] [evolutionary_search.cc:728] Sending 32 candidates(s) for measurement
2026-04-07 17:13:35 [INFO] [task_scheduler.cc:137] [Task #0: main] Trial #97: GFLOPs: 44.0254. Time: 10289.1754 us. Best GFLOPs: 132.9616
2026-04-07 17:13:35 [INFO] [task_scheduler.cc:137] [Task #0: main] Trial #98: GFLOPs: 64.6364. Time: 7008.1981 us. Best GFLOPs: 132.9616
2026-04-07 17:13:35 [INFO] [task_scheduler.cc:137] [Task #0: main] Trial #99: GFLOPs: 50.0919. Time: 9043.0830 us. Best GFLOPs: 132.9616
2026-04-07 17:13:35 [INFO] [task_scheduler.cc:137] [Task #0: main] Trial #100: GFLOPs: 36.1617. Time: 12526.6431 us. Best GFLOPs: 132.9616
2026-04-07 17:13:35 [INFO] [task_scheduler.cc:137] [Task #0: main] Trial #101: GFLOPs: 39.5295. Time: 11459.4226 us. Best GFLOPs: 132.9616
2026-04-07 17:13:35 [INFO] [task_scheduler.cc:137] [Task #0: main] Trial #102: GFLOPs: 24.6256. Time: 18394.8538 us. Best GFLOPs: 132.9616
2026-04-07 17:13:35 [INFO] [task_scheduler.cc:137] [Task #0: main] Trial #103: GFLOPs: 38.0659. Time: 11900.0123 us. Best GFLOPs: 132.9616
2026-04-07 17:13:35 [INFO] [task_scheduler.cc:137] [Task #0: main] Trial #104: GFLOPs: 26.1335. Time: 17333.4868 us. Best GFLOPs: 132.9616
2026-04-07 17:13:35 [INFO] [task_scheduler.cc:137] [Task #0: main] Trial #105: GFLOPs: 85.9375. Time: 5271.0949 us. Best GFLOPs: 132.9616
2026-04-07 17:13:35 [INFO] [task_scheduler.cc:137] [Task #0: main] Trial #106: GFLOPs: 21.8535. Time: 20728.2247 us. Best GFLOPs: 132.9616
2026-04-07 17:13:35 [INFO] [task_scheduler.cc:137] [Task #0: main] Trial #107: GFLOPs: 89.0887. Time: 5084.6500 us. Best GFLOPs: 132.9616
2026-04-07 17:13:35 [INFO] [task_scheduler.cc:137] [Task #0: main] Trial #108: GFLOPs: 19.9235. Time: 22736.1870 us. Best GFLOPs: 132.9616
2026-04-07 17:13:35 [INFO] [task_scheduler.cc:137] [Task #0: main] Trial #109: GFLOPs: 72.7276. Time: 6228.5091 us. Best GFLOPs: 132.9616
2026-04-07 17:13:35 [INFO] [task_scheduler.cc:137] [Task #0: main] Trial #110: GFLOPs: 72.3790. Time: 6258.5108 us. Best GFLOPs: 132.9616
2026-04-07 17:13:35 [INFO] [task_scheduler.cc:137] [Task #0: main] Trial #111: GFLOPs: 18.7383. Time: 24174.3072 us. Best GFLOPs: 132.9616
2026-04-07 17:13:35 [INFO] [task_scheduler.cc:137] [Task #0: main] Trial #112: GFLOPs: 89.1785. Time: 5079.5293 us. Best GFLOPs: 132.9616
2026-04-07 17:13:35 [INFO] [task_scheduler.cc:137] [Task #0: main] Trial #113: GFLOPs: 19.0829. Time: 23737.7337 us. Best GFLOPs: 132.9616
2026-04-07 17:13:35 [INFO] [task_scheduler.cc:137] [Task #0: main] Trial #114: GFLOPs: 39.1300. Time: 11576.3930 us. Best GFLOPs: 132.9616
2026-04-07 17:13:35 [INFO] [task_scheduler.cc:137] [Task #0: main] Trial #115: GFLOPs: 41.4562. Time: 10926.8415 us. Best GFLOPs: 132.9616
2026-04-07 17:13:35 [INFO] [task_scheduler.cc:137] [Task #0: main] Trial #116: GFLOPs: 22.8771. Time: 19800.7700 us. Best GFLOPs: 132.9616
2026-04-07 17:13:35 [INFO] [task_scheduler.cc:137] [Task #0: main] Trial #117: GFLOPs: 60.8020. Time: 7450.1617 us. Best GFLOPs: 132.9616
2026-04-07 17:13:35 [INFO] [task_scheduler.cc:137] [Task #0: main] Trial #118: GFLOPs: 31.6458. Time: 14314.2153 us. Best GFLOPs: 132.9616
2026-04-07 17:13:35 [INFO] [task_scheduler.cc:137] [Task #0: main] Trial #119: GFLOPs: 84.2110. Time: 5379.1636 us. Best GFLOPs: 132.9616
2026-04-07 17:13:35 [INFO] [task_scheduler.cc:137] [Task #0: main] Trial #120: GFLOPs: 20.0836. Time: 22554.9902 us. Best GFLOPs: 132.9616
2026-04-07 17:13:35 [INFO] [task_scheduler.cc:137] [Task #0: main] Trial #121: GFLOPs: 59.5901. Time: 7601.6751 us. Best GFLOPs: 132.9616
2026-04-07 17:13:35 [INFO] [task_scheduler.cc:137] [Task #0: main] Trial #122: GFLOPs: 81.3132. Time: 5570.8662 us. Best GFLOPs: 132.9616
2026-04-07 17:13:35 [INFO] [task_scheduler.cc:137] [Task #0: main] Trial #123: GFLOPs: 65.2527. Time: 6942.0044 us. Best GFLOPs: 132.9616
2026-04-07 17:13:35 [INFO] [task_scheduler.cc:137] [Task #0: main] Trial #124: GFLOPs: 19.9012. Time: 22761.6958 us. Best GFLOPs: 132.9616
2026-04-07 17:13:35 [INFO] [task_scheduler.cc:137] [Task #0: main] Trial #125: GFLOPs: 29.0252. Time: 15606.5808 us. Best GFLOPs: 132.9616
2026-04-07 17:13:35 [INFO] [task_scheduler.cc:137] [Task #0: main] Trial #126: GFLOPs: 9.8103. Time: 46174.3213 us. Best GFLOPs: 132.9616
2026-04-07 17:13:35 [INFO] [task_scheduler.cc:137] [Task #0: main] Trial #127: GFLOPs: 46.6717. Time: 9705.7616 us. Best GFLOPs: 132.9616
2026-04-07 17:13:35 [INFO] [task_scheduler.cc:137] [Task #0: main] Trial #128: GFLOPs: 99.3731. Time: 4558.4229 us. Best GFLOPs: 132.9616
2026-04-07 17:13:35 [INFO] [evolutionary_search.cc:711] Generating candidates......
2026-04-07 17:13:35 [INFO] [evolutionary_search.cc:713] Picked top 122 candidate(s) from database
2026-04-07 17:13:35 [INFO] [evolutionary_search.cc:530] Sample-Init-Population summary:
Postproc #0 [meta_schedule.DisallowDynamicLoop(0x5bdf3e587958)]: 0 failure(s)
Postproc #1 [meta_schedule.RewriteParallelVectorizeUnroll(0x5bdf432698b8)]: 0 failure(s)
Postproc #2 [meta_schedule.RewriteReductionBlock(0x5bdf444d3ad8)]: 0 failure(s)
Postproc #3 [meta_schedule.RewriteLayout(0x5bdf42db7f58)]: 0 failure(s)
2026-04-07 17:13:35 [INFO] [evolutionary_search.cc:721] Sampled 492 candidate(s)
2026-04-07 17:13:36 [INFO] [evolutionary_search.cc:619] Evolve iter #0 done. Summary:
Postproc #0 [meta_schedule.DisallowDynamicLoop(0x5bdf3e587958)]: 0 failure(s)
Postproc #1 [meta_schedule.RewriteParallelVectorizeUnroll(0x5bdf432698b8)]: 0 failure(s)
Postproc #2 [meta_schedule.RewriteReductionBlock(0x5bdf444d3ad8)]: 0 failure(s)
Postproc #3 [meta_schedule.RewriteLayout(0x5bdf42db7f58)]: 0 failure(s)
2026-04-07 17:13:37 [INFO] [evolutionary_search.cc:619] Evolve iter #1 done. Summary:
Postproc #0 [meta_schedule.DisallowDynamicLoop(0x5bdf3e587958)]: 0 failure(s)
Postproc #1 [meta_schedule.RewriteParallelVectorizeUnroll(0x5bdf432698b8)]: 0 failure(s)
Postproc #2 [meta_schedule.RewriteReductionBlock(0x5bdf444d3ad8)]: 0 failure(s)
Postproc #3 [meta_schedule.RewriteLayout(0x5bdf42db7f58)]: 0 failure(s)
2026-04-07 17:13:38 [INFO] [evolutionary_search.cc:619] Evolve iter #2 done. Summary:
Postproc #0 [meta_schedule.DisallowDynamicLoop(0x5bdf3e587958)]: 0 failure(s)
Postproc #1 [meta_schedule.RewriteParallelVectorizeUnroll(0x5bdf432698b8)]: 0 failure(s)
Postproc #2 [meta_schedule.RewriteReductionBlock(0x5bdf444d3ad8)]: 0 failure(s)
Postproc #3 [meta_schedule.RewriteLayout(0x5bdf42db7f58)]: 0 failure(s)
2026-04-07 17:13:39 [INFO] [evolutionary_search.cc:619] Evolve iter #3 done. Summary:
Postproc #0 [meta_schedule.DisallowDynamicLoop(0x5bdf3e587958)]: 0 failure(s)
Postproc #1 [meta_schedule.RewriteParallelVectorizeUnroll(0x5bdf432698b8)]: 0 failure(s)
Postproc #2 [meta_schedule.RewriteReductionBlock(0x5bdf444d3ad8)]: 0 failure(s)
Postproc #3 [meta_schedule.RewriteLayout(0x5bdf42db7f58)]: 0 failure(s)
2026-04-07 17:13:40 [INFO] [evolutionary_search.cc:647] Scores of the best 26 candidates:
[1 : 16]:	0.9425  0.9336  0.9204  0.9204  0.9141  0.9141  0.9141  0.9141  0.9138  0.9099  0.9064  0.8968  0.8839  0.8839  0.8817  0.8653
[17 : 26]:	0.8623  0.8571  0.8544  0.8526  0.8516  0.8482  0.8471  0.8447  0.8424  0.8372
2026-04-07 17:13:40 [INFO] [evolutionary_search.cc:725] Got 26 candidate(s) with evolutionary search
2026-04-07 17:13:40 [INFO] [evolutionary_search.cc:728] Sending 26 candidates(s) for measurement
2026-04-07 17:13:53 [INFO] [task_scheduler.cc:137] [Task #0: main] Trial #129: GFLOPs: 38.8203. Time: 11668.7502 us. Best GFLOPs: 132.9616
2026-04-07 17:13:53 [INFO] [task_scheduler.cc:137] [Task #0: main] Trial #130: GFLOPs: 123.0902. Time: 3680.1040 us. Best GFLOPs: 132.9616
2026-04-07 17:13:53 [INFO] [task_scheduler.cc:137] [Task #0: main] Trial #131: GFLOPs: 35.0373. Time: 12928.6464 us. Best GFLOPs: 132.9616
2026-04-07 17:13:53 [INFO] [task_scheduler.cc:137] [Task #0: main] Trial #132: GFLOPs: 36.7085. Time: 12340.0536 us. Best GFLOPs: 132.9616
2026-04-07 17:13:53 [INFO] [task_scheduler.cc:137] [Task #0: main] Trial #133: GFLOPs: 131.0280. Time: 3457.1593 us. Best GFLOPs: 132.9616
2026-04-07 17:13:53 [INFO] [task_scheduler.cc:137] [Task #0: main] Trial #134: GFLOPs: 80.0838. Time: 5656.3844 us. Best GFLOPs: 132.9616
2026-04-07 17:13:53 [INFO] [task_scheduler.cc:137] [Task #0: main] Trial #135: GFLOPs: 110.7220. Time: 4091.1898 us. Best GFLOPs: 132.9616
2026-04-07 17:13:53 [INFO] [task_scheduler.cc:137] [Task #0: main] Trial #136: GFLOPs: 123.9098. Time: 3655.7628 us. Best GFLOPs: 132.9616
2026-04-07 17:13:53 [INFO] [task_scheduler.cc:137] [Task #0: main] Trial #137: GFLOPs: 88.4582. Time: 5120.8889 us. Best GFLOPs: 132.9616
2026-04-07 17:13:53 [INFO] [task_scheduler.cc:137] [Task #0: main] Trial #138: GFLOPs: 64.3974. Time: 7034.2104 us. Best GFLOPs: 132.9616
2026-04-07 17:13:53 [INFO] [task_scheduler.cc:137] [Task #0: main] Trial #139: GFLOPs: 107.1536. Time: 4227.4327 us. Best GFLOPs: 132.9616
2026-04-07 17:13:53 [INFO] [task_scheduler.cc:137] [Task #0: main] Trial #140: GFLOPs: 34.2510. Time: 13225.4651 us. Best GFLOPs: 132.9616
2026-04-07 17:13:53 [INFO] [task_scheduler.cc:137] [Task #0: main] Trial #141: GFLOPs: 36.7981. Time: 12310.0114 us. Best GFLOPs: 132.9616
2026-04-07 17:13:53 [INFO] [task_scheduler.cc:137] [Task #0: main] Trial #142: GFLOPs: 41.4506. Time: 10928.2939 us. Best GFLOPs: 132.9616
2026-04-07 17:13:53 [INFO] [task_scheduler.cc:137] [Task #0: main] Trial #143: GFLOPs: 67.2956. Time: 6731.2652 us. Best GFLOPs: 132.9616
2026-04-07 17:13:53 [INFO] [task_scheduler.cc:137] [Task #0: main] Trial #144: GFLOPs: 32.8088. Time: 13806.8206 us. Best GFLOPs: 132.9616
2026-04-07 17:13:53 [INFO] [task_scheduler.cc:137] [Task #0: main] Trial #145: GFLOPs: 78.9086. Time: 5740.6289 us. Best GFLOPs: 132.9616
2026-04-07 17:13:53 [INFO] [task_scheduler.cc:137] [Task #0: main] Trial #146: GFLOPs: 71.9385. Time: 6296.8328 us. Best GFLOPs: 132.9616
2026-04-07 17:13:53 [INFO] [task_scheduler.cc:137] [Task #0: main] Trial #147: GFLOPs: 47.7509. Time: 9486.4057 us. Best GFLOPs: 132.9616
2026-04-07 17:13:53 [INFO] [task_scheduler.cc:137] [Task #0: main] Trial #148: GFLOPs: 86.6372. Time: 5228.5272 us. Best GFLOPs: 132.9616
2026-04-07 17:13:53 [INFO] [task_scheduler.cc:137] [Task #0: main] Trial #149: GFLOPs: 89.3575. Time: 5069.3531 us. Best GFLOPs: 132.9616
2026-04-07 17:13:53 [INFO] [task_scheduler.cc:137] [Task #0: main] Trial #150: GFLOPs: 76.0843. Time: 5953.7263 us. Best GFLOPs: 132.9616
2026-04-07 17:13:53 [INFO] [task_scheduler.cc:137] [Task #0: main] Trial #151: GFLOPs: 98.9939. Time: 4575.8884 us. Best GFLOPs: 132.9616
2026-04-07 17:13:53 [INFO] [task_scheduler.cc:137] [Task #0: main] Trial #152: GFLOPs: 20.2613. Time: 22357.1820 us. Best GFLOPs: 132.9616
2026-04-07 17:13:53 [INFO] [task_scheduler.cc:137] [Task #0: main] Trial #153: GFLOPs: 88.2693. Time: 5131.8523 us. Best GFLOPs: 132.9616
2026-04-07 17:13:53 [INFO] [task_scheduler.cc:137] [Task #0: main] Trial #154: GFLOPs: 48.8968. Time: 9264.1082 us. Best GFLOPs: 132.9616
