2026-04-07 18:54:37 [INFO] Logging directory: research/results/metaschedule/8020/iter_01/5cc8e543e5c32094/qkv/M_384/logs
2026-04-07 18:54:37 [INFO] [task_scheduler.cc:165] Initializing Task #0: "main"
2026-04-07 18:54:37 [INFO] [task_scheduler.cc:326] 
 ID | Name |      FLOP | Weight | Speed (GFLOPS) | Latency (us) | Weighted Latency (us) | Trials | Done 
--------------------------------------------------------------------------------------------------------
  0 | main | 452984832 |      1 |            N/A |          N/A |                   N/A |      0 |      
--------------------------------------------------------------------------------------------------------
Total trials: 0
Total latency (us): 0

2026-04-07 18:54:37 [INFO] [task_scheduler.cc:186] TaskScheduler picks Task #0: "main"
2026-04-07 18:54:37 [INFO] [task_scheduler.cc:199] Sending 64 sample(s) to builder
2026-04-07 18:54:49 [INFO] [task_scheduler.cc:201] Sending 64 sample(s) to runner
2026-04-07 18:55:02 [DEBUG] XGB iter   0: tr-p-rmse: 0.434710	tr-a-peak@32: 0.999265	tr-rmse: 0.297098	tr-rmse: 0.297098
2026-04-07 18:55:02 [DEBUG] XGB iter  25: tr-p-rmse: 0.037979	tr-a-peak@32: 0.999504	tr-rmse: 0.307370	tr-rmse: 0.307370
2026-04-07 18:55:02 [DEBUG] XGB iter  50: tr-p-rmse: 0.037977	tr-a-peak@32: 0.999504	tr-rmse: 0.307373	tr-rmse: 0.307373
2026-04-07 18:55:02 [DEBUG] XGB iter  75: tr-p-rmse: 0.037977	tr-a-peak@32: 0.999504	tr-rmse: 0.307373	tr-rmse: 0.307373
2026-04-07 18:55:02 [DEBUG] XGB stopped. Best iteration: [28] tr-p-rmse:0.03798	tr-a-peak@32:0.99950	tr-rmse:0.30737	tr-rmse:0.30737 
2026-04-07 18:55:02 [INFO] [task_scheduler.cc:243] [Updated] Task #0: "main"
2026-04-07 18:55:02 [INFO] [task_scheduler.cc:326] 
 ID | Name |      FLOP | Weight | Speed (GFLOPS) | Latency (us) | Weighted Latency (us) | Trials | Done 
--------------------------------------------------------------------------------------------------------
  0 | main | 452984832 |      1 |       118.9520 |    3808.1319 |             3808.1319 |     64 |      
--------------------------------------------------------------------------------------------------------
Total trials: 64
Total latency (us): 3808.13

2026-04-07 18:55:02 [INFO] [task_scheduler.cc:186] TaskScheduler picks Task #0: "main"
2026-04-07 18:55:03 [INFO] [task_scheduler.cc:199] Sending 51 sample(s) to builder
2026-04-07 18:55:11 [INFO] [task_scheduler.cc:201] Sending 51 sample(s) to runner
2026-04-07 18:55:23 [DEBUG] XGB validation: p-rmse: 0.232420	a-peak@32: 0.878513
2026-04-07 18:55:23 [DEBUG] XGB iter   0: tr-p-rmse: 0.435599	tr-a-peak@32: 0.964671	tr-rmse: 0.261245	tr-rmse: 0.261245
2026-04-07 18:55:23 [DEBUG] XGB iter  25: tr-p-rmse: 0.044718	tr-a-peak@32: 0.997359	tr-rmse: 0.274622	tr-rmse: 0.274622
2026-04-07 18:55:23 [DEBUG] XGB iter  50: tr-p-rmse: 0.044713	tr-a-peak@32: 0.997359	tr-rmse: 0.274629	tr-rmse: 0.274629
2026-04-07 18:55:23 [DEBUG] XGB iter  75: tr-p-rmse: 0.044713	tr-a-peak@32: 0.997359	tr-rmse: 0.274629	tr-rmse: 0.274629
2026-04-07 18:55:23 [DEBUG] XGB stopped. Best iteration: [31] tr-p-rmse:0.04471	tr-a-peak@32:0.99736	tr-rmse:0.27463	tr-rmse:0.27463 
2026-04-07 18:55:23 [INFO] [task_scheduler.cc:243] [Updated] Task #0: "main"
2026-04-07 18:55:23 [INFO] [task_scheduler.cc:326] 
 ID | Name |      FLOP | Weight | Speed (GFLOPS) | Latency (us) | Weighted Latency (us) | Trials | Done 
--------------------------------------------------------------------------------------------------------
  0 | main | 452984832 |      1 |       123.2157 |    3676.3563 |             3676.3563 |    115 |      
--------------------------------------------------------------------------------------------------------
Total trials: 115
Total latency (us): 3676.36

2026-04-07 18:55:23 [INFO] [task_scheduler.cc:266] Task #0 has finished. Remaining task(s): 0
2026-04-07 18:55:23 [INFO] [task_scheduler.cc:326] 
 ID | Name |      FLOP | Weight | Speed (GFLOPS) | Latency (us) | Weighted Latency (us) | Trials | Done 
--------------------------------------------------------------------------------------------------------
  0 | main | 452984832 |      1 |       123.2157 |    3676.3563 |             3676.3563 |    115 |    Y 
--------------------------------------------------------------------------------------------------------
Total trials: 115
Total latency (us): 3676.36

2026-04-07 18:55:23 [INFO] LocalBuilder: max_workers = 12
2026-04-07 18:55:24 [INFO] LocalRunner: max_workers = 1
