2026-04-07 18:25:37 [INFO] Logging directory: research/results/metaschedule/8020/iter_01/9feb9791ecf4015b/qkv/M_384/logs
2026-04-07 18:25:37 [INFO] [task_scheduler.cc:165] Initializing Task #0: "main"
2026-04-07 18:25:37 [INFO] [task_scheduler.cc:326] 
 ID | Name |      FLOP | Weight | Speed (GFLOPS) | Latency (us) | Weighted Latency (us) | Trials | Done 
--------------------------------------------------------------------------------------------------------
  0 | main | 452984832 |      1 |            N/A |          N/A |                   N/A |      0 |      
--------------------------------------------------------------------------------------------------------
Total trials: 0
Total latency (us): 0

2026-04-07 18:25:37 [INFO] [task_scheduler.cc:186] TaskScheduler picks Task #0: "main"
2026-04-07 18:25:37 [INFO] [task_scheduler.cc:199] Sending 64 sample(s) to builder
2026-04-07 18:25:49 [INFO] [task_scheduler.cc:201] Sending 64 sample(s) to runner
2026-04-07 18:26:06 [DEBUG] XGB iter   0: tr-p-rmse: 0.420399	tr-a-peak@32: 0.998349	tr-rmse: 0.275027	tr-rmse: 0.275027
2026-04-07 18:26:06 [DEBUG] XGB iter  25: tr-p-rmse: 0.064377	tr-a-peak@32: 1.000000	tr-rmse: 0.302684	tr-rmse: 0.302684
2026-04-07 18:26:06 [DEBUG] XGB iter  50: tr-p-rmse: 0.064355	tr-a-peak@32: 1.000000	tr-rmse: 0.302717	tr-rmse: 0.302717
2026-04-07 18:26:06 [DEBUG] XGB iter  75: tr-p-rmse: 0.064355	tr-a-peak@32: 1.000000	tr-rmse: 0.302717	tr-rmse: 0.302717
2026-04-07 18:26:06 [DEBUG] XGB stopped. Best iteration: [38] tr-p-rmse:0.06435	tr-a-peak@32:1.00000	tr-rmse:0.30272	tr-rmse:0.30272 
2026-04-07 18:26:06 [INFO] [task_scheduler.cc:243] [Updated] Task #0: "main"
2026-04-07 18:26:06 [INFO] [task_scheduler.cc:326] 
 ID | Name |      FLOP | Weight | Speed (GFLOPS) | Latency (us) | Weighted Latency (us) | Trials | Done 
--------------------------------------------------------------------------------------------------------
  0 | main | 452984832 |      1 |       121.0322 |    3742.6813 |             3742.6813 |     64 |      
--------------------------------------------------------------------------------------------------------
Total trials: 64
Total latency (us): 3742.68

2026-04-07 18:26:06 [INFO] [task_scheduler.cc:186] TaskScheduler picks Task #0: "main"
2026-04-07 18:26:06 [INFO] [task_scheduler.cc:199] Sending 51 sample(s) to builder
2026-04-07 18:26:14 [INFO] [task_scheduler.cc:201] Sending 51 sample(s) to runner
2026-04-07 18:26:27 [DEBUG] XGB validation: p-rmse: 0.219436	a-peak@32: 0.922648
2026-04-07 18:26:27 [DEBUG] XGB iter   0: tr-p-rmse: 0.416320	tr-a-peak@32: 0.971121	tr-rmse: 0.256957	tr-rmse: 0.256957
2026-04-07 18:26:27 [DEBUG] XGB iter  25: tr-p-rmse: 0.057335	tr-a-peak@32: 1.000000	tr-rmse: 0.288210	tr-rmse: 0.288210
2026-04-07 18:26:27 [DEBUG] XGB iter  50: tr-p-rmse: 0.057310	tr-a-peak@32: 1.000000	tr-rmse: 0.288245	tr-rmse: 0.288245
2026-04-07 18:26:27 [DEBUG] XGB iter  75: tr-p-rmse: 0.057310	tr-a-peak@32: 1.000000	tr-rmse: 0.288245	tr-rmse: 0.288245
2026-04-07 18:26:27 [DEBUG] XGB stopped. Best iteration: [35] tr-p-rmse:0.05731	tr-a-peak@32:1.00000	tr-rmse:0.28824	tr-rmse:0.28824 
2026-04-07 18:26:27 [INFO] [task_scheduler.cc:243] [Updated] Task #0: "main"
2026-04-07 18:26:27 [INFO] [task_scheduler.cc:326] 
 ID | Name |      FLOP | Weight | Speed (GFLOPS) | Latency (us) | Weighted Latency (us) | Trials | Done 
--------------------------------------------------------------------------------------------------------
  0 | main | 452984832 |      1 |       121.0322 |    3742.6813 |             3742.6813 |    115 |      
--------------------------------------------------------------------------------------------------------
Total trials: 115
Total latency (us): 3742.68

2026-04-07 18:26:27 [INFO] [task_scheduler.cc:266] Task #0 has finished. Remaining task(s): 0
2026-04-07 18:26:27 [INFO] [task_scheduler.cc:326] 
 ID | Name |      FLOP | Weight | Speed (GFLOPS) | Latency (us) | Weighted Latency (us) | Trials | Done 
--------------------------------------------------------------------------------------------------------
  0 | main | 452984832 |      1 |       121.0322 |    3742.6813 |             3742.6813 |    115 |    Y 
--------------------------------------------------------------------------------------------------------
Total trials: 115
Total latency (us): 3742.68

2026-04-07 18:26:28 [INFO] LocalBuilder: max_workers = 12
2026-04-07 18:26:29 [INFO] LocalRunner: max_workers = 1
