2026-04-07 15:37:26 [INFO] Logging directory: research/results/metaschedule/8020/iter_01/9bdcb64c25f472a5/qkv/M_16/logs
2026-04-07 15:37:26 [INFO] [task_scheduler.cc:165] Initializing Task #0: "main"
2026-04-07 15:37:26 [INFO] [task_scheduler.cc:326] 
 ID | Name |     FLOP | Weight | Speed (GFLOPS) | Latency (us) | Weighted Latency (us) | Trials | Done 
-------------------------------------------------------------------------------------------------------
  0 | main | 18874368 |      1 |            N/A |          N/A |                   N/A |      0 |      
-------------------------------------------------------------------------------------------------------
Total trials: 0
Total latency (us): 0

2026-04-07 15:37:26 [INFO] [task_scheduler.cc:186] TaskScheduler picks Task #0: "main"
2026-04-07 15:37:28 [INFO] [task_scheduler.cc:199] Sending 32 sample(s) to builder
2026-04-07 15:37:35 [INFO] [task_scheduler.cc:201] Sending 32 sample(s) to runner
2026-04-07 15:37:42 [DEBUG] XGB iter   0: tr-p-rmse: 0.424705	tr-a-peak@32: 1.000000	tr-rmse: 0.259953	tr-rmse: 0.259953
2026-04-07 15:37:43 [DEBUG] XGB iter  25: tr-p-rmse: 0.038322	tr-a-peak@32: 1.000000	tr-rmse: 0.286006	tr-rmse: 0.286006
2026-04-07 15:37:43 [DEBUG] XGB iter  50: tr-p-rmse: 0.038399	tr-a-peak@32: 1.000000	tr-rmse: 0.285896	tr-rmse: 0.285896
2026-04-07 15:37:43 [DEBUG] XGB stopped. Best iteration: [23] tr-p-rmse:0.03822	tr-a-peak@32:1.00000	tr-rmse:0.28615	tr-rmse:0.28615 
2026-04-07 15:37:43 [INFO] [task_scheduler.cc:243] [Updated] Task #0: "main"
2026-04-07 15:37:43 [INFO] [task_scheduler.cc:326] 
 ID | Name |     FLOP | Weight | Speed (GFLOPS) | Latency (us) | Weighted Latency (us) | Trials | Done 
-------------------------------------------------------------------------------------------------------
  0 | main | 18874368 |      1 |       109.9767 |     171.6215 |              171.6215 |     32 |      
-------------------------------------------------------------------------------------------------------
Total trials: 32
Total latency (us): 171.621

2026-04-07 15:37:43 [INFO] [task_scheduler.cc:186] TaskScheduler picks Task #0: "main"
2026-04-07 15:37:44 [INFO] [task_scheduler.cc:199] Sending 32 sample(s) to builder
2026-04-07 15:37:54 [INFO] [task_scheduler.cc:201] Sending 32 sample(s) to runner
2026-04-07 15:38:01 [DEBUG] XGB validation: p-rmse: 0.264641	a-peak@32: 0.991263
2026-04-07 15:38:01 [DEBUG] XGB iter   0: tr-p-rmse: 0.422833	tr-a-peak@32: 1.000000	tr-rmse: 0.262425	tr-rmse: 0.262425
2026-04-07 15:38:01 [DEBUG] XGB iter  25: tr-p-rmse: 0.058276	tr-a-peak@32: 1.000000	tr-rmse: 0.294948	tr-rmse: 0.294948
2026-04-07 15:38:01 [DEBUG] XGB iter  50: tr-p-rmse: 0.058265	tr-a-peak@32: 1.000000	tr-rmse: 0.294965	tr-rmse: 0.294965
2026-04-07 15:38:01 [DEBUG] XGB iter  75: tr-p-rmse: 0.058265	tr-a-peak@32: 1.000000	tr-rmse: 0.294965	tr-rmse: 0.294965
2026-04-07 15:38:01 [DEBUG] XGB stopped. Best iteration: [32] tr-p-rmse:0.05826	tr-a-peak@32:1.00000	tr-rmse:0.29496	tr-rmse:0.29496 
2026-04-07 15:38:01 [INFO] [task_scheduler.cc:243] [Updated] Task #0: "main"
2026-04-07 15:38:01 [INFO] [task_scheduler.cc:326] 
 ID | Name |     FLOP | Weight | Speed (GFLOPS) | Latency (us) | Weighted Latency (us) | Trials | Done 
-------------------------------------------------------------------------------------------------------
  0 | main | 18874368 |      1 |       109.9767 |     171.6215 |              171.6215 |     64 |      
-------------------------------------------------------------------------------------------------------
Total trials: 64
Total latency (us): 171.621

2026-04-07 15:38:01 [INFO] [task_scheduler.cc:186] TaskScheduler picks Task #0: "main"
2026-04-07 15:38:03 [INFO] [task_scheduler.cc:199] Sending 32 sample(s) to builder
2026-04-07 15:38:10 [INFO] [task_scheduler.cc:201] Sending 32 sample(s) to runner
2026-04-07 15:38:17 [DEBUG] XGB validation: p-rmse: 0.242662	a-peak@32: 0.977669
2026-04-07 15:38:17 [DEBUG] XGB iter   0: tr-p-rmse: 0.414553	tr-a-peak@32: 0.999173	tr-rmse: 0.254872	tr-rmse: 0.254872
2026-04-07 15:38:17 [DEBUG] XGB iter  25: tr-p-rmse: 0.048452	tr-a-peak@32: 1.000000	tr-rmse: 0.293065	tr-rmse: 0.293065
2026-04-07 15:38:17 [DEBUG] XGB iter  50: tr-p-rmse: 0.048423	tr-a-peak@32: 1.000000	tr-rmse: 0.293109	tr-rmse: 0.293109
2026-04-07 15:38:17 [DEBUG] XGB iter  75: tr-p-rmse: 0.048423	tr-a-peak@32: 1.000000	tr-rmse: 0.293109	tr-rmse: 0.293109
2026-04-07 15:38:17 [DEBUG] XGB stopped. Best iteration: [36] tr-p-rmse:0.04842	tr-a-peak@32:1.00000	tr-rmse:0.29311	tr-rmse:0.29311 
2026-04-07 15:38:17 [INFO] [task_scheduler.cc:243] [Updated] Task #0: "main"
2026-04-07 15:38:17 [INFO] [task_scheduler.cc:326] 
 ID | Name |     FLOP | Weight | Speed (GFLOPS) | Latency (us) | Weighted Latency (us) | Trials | Done 
-------------------------------------------------------------------------------------------------------
  0 | main | 18874368 |      1 |       109.9767 |     171.6215 |              171.6215 |     96 |      
-------------------------------------------------------------------------------------------------------
Total trials: 96
Total latency (us): 171.621

2026-04-07 15:38:17 [INFO] [task_scheduler.cc:186] TaskScheduler picks Task #0: "main"
2026-04-07 15:38:19 [INFO] [task_scheduler.cc:199] Sending 32 sample(s) to builder
2026-04-07 15:38:27 [INFO] [task_scheduler.cc:201] Sending 32 sample(s) to runner
2026-04-07 15:38:35 [DEBUG] XGB validation: p-rmse: 0.185242	a-peak@32: 0.955375
2026-04-07 15:38:35 [DEBUG] XGB iter   0: tr-p-rmse: 0.416839	tr-a-peak@32: 1.000000	tr-rmse: 0.243568	tr-rmse: 0.243568
2026-04-07 15:38:35 [DEBUG] XGB iter  25: tr-p-rmse: 0.051647	tr-a-peak@32: 0.999173	tr-rmse: 0.286059	tr-rmse: 0.286059
2026-04-07 15:38:35 [DEBUG] XGB iter  50: tr-p-rmse: 0.051637	tr-a-peak@32: 0.999173	tr-rmse: 0.286073	tr-rmse: 0.286073
2026-04-07 15:38:35 [DEBUG] XGB iter  75: tr-p-rmse: 0.051637	tr-a-peak@32: 0.999173	tr-rmse: 0.286073	tr-rmse: 0.286073
2026-04-07 15:38:35 [DEBUG] XGB stopped. Best iteration: [33] tr-p-rmse:0.05164	tr-a-peak@32:0.99917	tr-rmse:0.28607	tr-rmse:0.28607 
2026-04-07 15:38:35 [INFO] [task_scheduler.cc:243] [Updated] Task #0: "main"
2026-04-07 15:38:35 [INFO] [task_scheduler.cc:326] 
 ID | Name |     FLOP | Weight | Speed (GFLOPS) | Latency (us) | Weighted Latency (us) | Trials | Done 
-------------------------------------------------------------------------------------------------------
  0 | main | 18874368 |      1 |       109.9767 |     171.6215 |              171.6215 |    128 |      
-------------------------------------------------------------------------------------------------------
Total trials: 128
Total latency (us): 171.621

2026-04-07 15:38:35 [INFO] [task_scheduler.cc:186] TaskScheduler picks Task #0: "main"
2026-04-07 15:38:41 [INFO] [task_scheduler.cc:199] Sending 32 sample(s) to builder
2026-04-07 15:38:48 [INFO] [task_scheduler.cc:201] Sending 32 sample(s) to runner
2026-04-07 15:38:55 [DEBUG] XGB validation: p-rmse: 0.160799	a-peak@32: 0.999763
2026-04-07 15:38:55 [DEBUG] XGB iter   0: tr-p-rmse: 0.383095	tr-a-peak@32: 1.000000	tr-rmse: 0.280139	tr-rmse: 0.280139
2026-04-07 15:38:55 [DEBUG] XGB iter  25: tr-p-rmse: 0.050477	tr-a-peak@32: 1.000000	tr-rmse: 0.328835	tr-rmse: 0.328835
2026-04-07 15:38:55 [DEBUG] XGB iter  50: tr-p-rmse: 0.050466	tr-a-peak@32: 1.000000	tr-rmse: 0.328854	tr-rmse: 0.328854
2026-04-07 15:38:55 [DEBUG] XGB iter  75: tr-p-rmse: 0.050466	tr-a-peak@32: 1.000000	tr-rmse: 0.328854	tr-rmse: 0.328854
2026-04-07 15:38:55 [DEBUG] XGB stopped. Best iteration: [33] tr-p-rmse:0.05047	tr-a-peak@32:1.00000	tr-rmse:0.32885	tr-rmse:0.32885 
2026-04-07 15:38:55 [INFO] [task_scheduler.cc:243] [Updated] Task #0: "main"
2026-04-07 15:38:55 [INFO] [task_scheduler.cc:326] 
 ID | Name |     FLOP | Weight | Speed (GFLOPS) | Latency (us) | Weighted Latency (us) | Trials | Done 
-------------------------------------------------------------------------------------------------------
  0 | main | 18874368 |      1 |       112.5161 |     167.7481 |              167.7481 |    160 |      
-------------------------------------------------------------------------------------------------------
Total trials: 160
Total latency (us): 167.748

2026-04-07 15:38:55 [INFO] [task_scheduler.cc:186] TaskScheduler picks Task #0: "main"
2026-04-07 15:39:01 [INFO] [task_scheduler.cc:199] Sending 32 sample(s) to builder
2026-04-07 15:39:08 [INFO] [task_scheduler.cc:201] Sending 32 sample(s) to runner
2026-04-07 15:39:16 [DEBUG] XGB validation: p-rmse: 0.201246	a-peak@32: 1.000000
2026-04-07 15:39:16 [DEBUG] XGB iter   0: tr-p-rmse: 0.367766	tr-a-peak@32: 0.998589	tr-rmse: 0.274006	tr-rmse: 0.274006
2026-04-07 15:39:16 [DEBUG] XGB iter  25: tr-p-rmse: 0.055289	tr-a-peak@32: 1.000000	tr-rmse: 0.332081	tr-rmse: 0.332081
2026-04-07 15:39:16 [DEBUG] XGB iter  50: tr-p-rmse: 0.054487	tr-a-peak@32: 1.000000	tr-rmse: 0.332171	tr-rmse: 0.332171
2026-04-07 15:39:16 [DEBUG] XGB iter  75: tr-p-rmse: 0.054487	tr-a-peak@32: 1.000000	tr-rmse: 0.332171	tr-rmse: 0.332171
2026-04-07 15:39:16 [DEBUG] XGB stopped. Best iteration: [44] tr-p-rmse:0.05449	tr-a-peak@32:1.00000	tr-rmse:0.33217	tr-rmse:0.33217 
2026-04-07 15:39:16 [INFO] [task_scheduler.cc:243] [Updated] Task #0: "main"
2026-04-07 15:39:16 [INFO] [task_scheduler.cc:326] 
 ID | Name |     FLOP | Weight | Speed (GFLOPS) | Latency (us) | Weighted Latency (us) | Trials | Done 
-------------------------------------------------------------------------------------------------------
  0 | main | 18874368 |      1 |       118.9368 |     158.6925 |              158.6925 |    192 |      
-------------------------------------------------------------------------------------------------------
Total trials: 192
Total latency (us): 158.692

2026-04-07 15:39:16 [INFO] [task_scheduler.cc:186] TaskScheduler picks Task #0: "main"
2026-04-07 15:39:22 [INFO] [task_scheduler.cc:199] Sending 32 sample(s) to builder
2026-04-07 15:39:29 [INFO] [task_scheduler.cc:201] Sending 32 sample(s) to runner
2026-04-07 15:39:36 [DEBUG] XGB validation: p-rmse: 0.233015	a-peak@32: 0.963668
2026-04-07 15:39:36 [INFO] [task_scheduler.cc:243] [Updated] Task #0: "main"
2026-04-07 15:39:36 [INFO] [task_scheduler.cc:326] 
 ID | Name |     FLOP | Weight | Speed (GFLOPS) | Latency (us) | Weighted Latency (us) | Trials | Done 
-------------------------------------------------------------------------------------------------------
  0 | main | 18874368 |      1 |       118.9368 |     158.6925 |              158.6925 |    224 |      
-------------------------------------------------------------------------------------------------------
Total trials: 224
Total latency (us): 158.692

2026-04-07 15:39:36 [INFO] [task_scheduler.cc:186] TaskScheduler picks Task #0: "main"
2026-04-07 15:39:42 [INFO] [task_scheduler.cc:199] Sending 6 sample(s) to builder
2026-04-07 15:39:45 [INFO] [task_scheduler.cc:201] Sending 6 sample(s) to runner
2026-04-07 15:39:46 [DEBUG] XGB validation: p-rmse: 0.277670	a-peak@32: 0.980009
2026-04-07 15:39:46 [INFO] [task_scheduler.cc:243] [Updated] Task #0: "main"
2026-04-07 15:39:46 [INFO] [task_scheduler.cc:326] 
 ID | Name |     FLOP | Weight | Speed (GFLOPS) | Latency (us) | Weighted Latency (us) | Trials | Done 
-------------------------------------------------------------------------------------------------------
  0 | main | 18874368 |      1 |       118.9368 |     158.6925 |              158.6925 |    230 |      
-------------------------------------------------------------------------------------------------------
Total trials: 230
Total latency (us): 158.692

2026-04-07 15:39:46 [INFO] [task_scheduler.cc:266] Task #0 has finished. Remaining task(s): 0
2026-04-07 15:39:46 [INFO] [task_scheduler.cc:326] 
 ID | Name |     FLOP | Weight | Speed (GFLOPS) | Latency (us) | Weighted Latency (us) | Trials | Done 
-------------------------------------------------------------------------------------------------------
  0 | main | 18874368 |      1 |       118.9368 |     158.6925 |              158.6925 |    230 |    Y 
-------------------------------------------------------------------------------------------------------
Total trials: 230
Total latency (us): 158.692

2026-04-07 15:39:47 [INFO] LocalBuilder: max_workers = 12
2026-04-07 15:39:48 [INFO] LocalRunner: max_workers = 1
