2026-04-07 19:04:51 [INFO] Logging directory: research/results/metaschedule/8020/iter_01/0cdd793b1a90e410/mlp_expand/M_16/logs
2026-04-07 19:04:51 [INFO] [task_scheduler.cc:165] Initializing Task #0: "main"
2026-04-07 19:04:51 [INFO] [task_scheduler.cc:326] 
 ID | Name |     FLOP | Weight | Speed (GFLOPS) | Latency (us) | Weighted Latency (us) | Trials | Done 
-------------------------------------------------------------------------------------------------------
  0 | main | 75497472 |      1 |            N/A |          N/A |                   N/A |      0 |      
-------------------------------------------------------------------------------------------------------
Total trials: 0
Total latency (us): 0

2026-04-07 19:04:51 [INFO] [task_scheduler.cc:186] TaskScheduler picks Task #0: "main"
2026-04-07 19:04:52 [INFO] [task_scheduler.cc:199] Sending 32 sample(s) to builder
2026-04-07 19:04:59 [INFO] [task_scheduler.cc:201] Sending 32 sample(s) to runner
2026-04-07 19:05:06 [DEBUG] XGB iter   0: tr-p-rmse: 0.434200	tr-a-peak@32: 0.996048	tr-rmse: 0.263167	tr-rmse: 0.263167
2026-04-07 19:05:06 [DEBUG] XGB iter  25: tr-p-rmse: 0.073251	tr-a-peak@32: 1.000000	tr-rmse: 0.281900	tr-rmse: 0.281900
2026-04-07 19:05:06 [DEBUG] XGB iter  50: tr-p-rmse: 0.073222	tr-a-peak@32: 1.000000	tr-rmse: 0.281939	tr-rmse: 0.281939
2026-04-07 19:05:06 [DEBUG] XGB iter  75: tr-p-rmse: 0.073222	tr-a-peak@32: 1.000000	tr-rmse: 0.281939	tr-rmse: 0.281939
2026-04-07 19:05:06 [DEBUG] XGB stopped. Best iteration: [34] tr-p-rmse:0.07322	tr-a-peak@32:1.00000	tr-rmse:0.28194	tr-rmse:0.28194 
2026-04-07 19:05:06 [INFO] [task_scheduler.cc:243] [Updated] Task #0: "main"
2026-04-07 19:05:06 [INFO] [task_scheduler.cc:326] 
 ID | Name |     FLOP | Weight | Speed (GFLOPS) | Latency (us) | Weighted Latency (us) | Trials | Done 
-------------------------------------------------------------------------------------------------------
  0 | main | 75497472 |      1 |        86.0083 |     877.7930 |              877.7930 |     32 |      
-------------------------------------------------------------------------------------------------------
Total trials: 32
Total latency (us): 877.793

2026-04-07 19:05:06 [INFO] [task_scheduler.cc:186] TaskScheduler picks Task #0: "main"
2026-04-07 19:05:07 [INFO] [task_scheduler.cc:199] Sending 32 sample(s) to builder
2026-04-07 19:05:14 [INFO] [task_scheduler.cc:201] Sending 32 sample(s) to runner
2026-04-07 19:05:21 [DEBUG] XGB validation: p-rmse: 0.264114	a-peak@32: 0.981630
2026-04-07 19:05:21 [DEBUG] XGB iter   0: tr-p-rmse: 0.450351	tr-a-peak@32: 0.996048	tr-rmse: 0.240514	tr-rmse: 0.240514
2026-04-07 19:05:21 [DEBUG] XGB iter  25: tr-p-rmse: 0.060422	tr-a-peak@32: 1.000000	tr-rmse: 0.250974	tr-rmse: 0.250974
2026-04-07 19:05:21 [DEBUG] XGB iter  50: tr-p-rmse: 0.060421	tr-a-peak@32: 1.000000	tr-rmse: 0.250977	tr-rmse: 0.250977
2026-04-07 19:05:21 [DEBUG] XGB iter  75: tr-p-rmse: 0.060421	tr-a-peak@32: 1.000000	tr-rmse: 0.250977	tr-rmse: 0.250977
2026-04-07 19:05:21 [DEBUG] XGB stopped. Best iteration: [27] tr-p-rmse:0.06042	tr-a-peak@32:1.00000	tr-rmse:0.25098	tr-rmse:0.25098 
2026-04-07 19:05:21 [INFO] [task_scheduler.cc:243] [Updated] Task #0: "main"
2026-04-07 19:05:21 [INFO] [task_scheduler.cc:326] 
 ID | Name |     FLOP | Weight | Speed (GFLOPS) | Latency (us) | Weighted Latency (us) | Trials | Done 
-------------------------------------------------------------------------------------------------------
  0 | main | 75497472 |      1 |        86.0083 |     877.7930 |              877.7930 |     64 |      
-------------------------------------------------------------------------------------------------------
Total trials: 64
Total latency (us): 877.793

2026-04-07 19:05:21 [INFO] [task_scheduler.cc:186] TaskScheduler picks Task #0: "main"
2026-04-07 19:05:22 [INFO] [task_scheduler.cc:199] Sending 32 sample(s) to builder
2026-04-07 19:05:30 [INFO] [task_scheduler.cc:201] Sending 32 sample(s) to runner
2026-04-07 19:05:37 [DEBUG] XGB validation: p-rmse: 0.257252	a-peak@32: 0.972803
2026-04-07 19:05:37 [DEBUG] XGB iter   0: tr-p-rmse: 0.436098	tr-a-peak@32: 1.000000	tr-rmse: 0.263629	tr-rmse: 0.263629
2026-04-07 19:05:37 [DEBUG] XGB iter  25: tr-p-rmse: 0.054149	tr-a-peak@32: 1.000000	tr-rmse: 0.282755	tr-rmse: 0.282755
2026-04-07 19:05:37 [DEBUG] XGB iter  50: tr-p-rmse: 0.054127	tr-a-peak@32: 1.000000	tr-rmse: 0.282785	tr-rmse: 0.282785
2026-04-07 19:05:37 [DEBUG] XGB iter  75: tr-p-rmse: 0.054127	tr-a-peak@32: 1.000000	tr-rmse: 0.282785	tr-rmse: 0.282785
2026-04-07 19:05:38 [DEBUG] XGB stopped. Best iteration: [36] tr-p-rmse:0.05413	tr-a-peak@32:1.00000	tr-rmse:0.28279	tr-rmse:0.28279 
2026-04-07 19:05:38 [INFO] [task_scheduler.cc:243] [Updated] Task #0: "main"
2026-04-07 19:05:38 [INFO] [task_scheduler.cc:326] 
 ID | Name |     FLOP | Weight | Speed (GFLOPS) | Latency (us) | Weighted Latency (us) | Trials | Done 
-------------------------------------------------------------------------------------------------------
  0 | main | 75497472 |      1 |        86.0083 |     877.7930 |              877.7930 |     96 |      
-------------------------------------------------------------------------------------------------------
Total trials: 96
Total latency (us): 877.793

2026-04-07 19:05:38 [INFO] [task_scheduler.cc:186] TaskScheduler picks Task #0: "main"
2026-04-07 19:05:39 [INFO] [task_scheduler.cc:199] Sending 18 sample(s) to builder
2026-04-07 19:05:44 [INFO] [task_scheduler.cc:201] Sending 18 sample(s) to runner
2026-04-07 19:05:49 [DEBUG] XGB validation: p-rmse: 0.195197	a-peak@32: 1.000000
2026-04-07 19:05:49 [INFO] [task_scheduler.cc:243] [Updated] Task #0: "main"
2026-04-07 19:05:49 [INFO] [task_scheduler.cc:326] 
 ID | Name |     FLOP | Weight | Speed (GFLOPS) | Latency (us) | Weighted Latency (us) | Trials | Done 
-------------------------------------------------------------------------------------------------------
  0 | main | 75497472 |      1 |        87.8213 |     859.6718 |              859.6718 |    114 |      
-------------------------------------------------------------------------------------------------------
Total trials: 114
Total latency (us): 859.672

2026-04-07 19:05:49 [INFO] [task_scheduler.cc:266] Task #0 has finished. Remaining task(s): 0
2026-04-07 19:05:49 [INFO] [task_scheduler.cc:326] 
 ID | Name |     FLOP | Weight | Speed (GFLOPS) | Latency (us) | Weighted Latency (us) | Trials | Done 
-------------------------------------------------------------------------------------------------------
  0 | main | 75497472 |      1 |        87.8213 |     859.6718 |              859.6718 |    114 |    Y 
-------------------------------------------------------------------------------------------------------
Total trials: 114
Total latency (us): 859.672

2026-04-07 19:05:49 [INFO] LocalBuilder: max_workers = 12
2026-04-07 19:05:50 [INFO] LocalRunner: max_workers = 1
