2026-04-07 11:29:07 [INFO] Logging directory: research/results/metaschedule/8020/iter_01/00f2915d00a23c49/qkv/M_128/logs
2026-04-07 11:29:07 [INFO] [task_scheduler.cc:165] Initializing Task #0: "main"
2026-04-07 11:29:07 [INFO] [task_scheduler.cc:326] 
 ID | Name |      FLOP | Weight | Speed (GFLOPS) | Latency (us) | Weighted Latency (us) | Trials | Done 
--------------------------------------------------------------------------------------------------------
  0 | main | 150994944 |      1 |            N/A |          N/A |                   N/A |      0 |      
--------------------------------------------------------------------------------------------------------
Total trials: 0
Total latency (us): 0

2026-04-07 11:29:07 [INFO] [task_scheduler.cc:186] TaskScheduler picks Task #0: "main"
2026-04-07 11:29:09 [INFO] [task_scheduler.cc:199] Sending 63 sample(s) to builder
2026-04-07 11:29:20 [INFO] [task_scheduler.cc:201] Sending 63 sample(s) to runner
2026-04-07 11:29:38 [DEBUG] XGB iter   0: tr-p-rmse: 0.352612	tr-a-peak@32: 0.995967	tr-rmse: 0.290030	tr-rmse: 0.290030
2026-04-07 11:29:38 [DEBUG] XGB iter  25: tr-p-rmse: 0.058891	tr-a-peak@32: 0.999874	tr-rmse: 0.307081	tr-rmse: 0.307081
2026-04-07 11:29:38 [DEBUG] XGB iter  50: tr-p-rmse: 0.058893	tr-a-peak@32: 0.999874	tr-rmse: 0.307078	tr-rmse: 0.307078
2026-04-07 11:29:38 [DEBUG] XGB stopped. Best iteration: [21] tr-p-rmse:0.05888	tr-a-peak@32:0.99987	tr-rmse:0.30709	tr-rmse:0.30709 
2026-04-07 11:29:38 [INFO] [task_scheduler.cc:243] [Updated] Task #0: "main"
2026-04-07 11:29:38 [INFO] [task_scheduler.cc:326] 
 ID | Name |      FLOP | Weight | Speed (GFLOPS) | Latency (us) | Weighted Latency (us) | Trials | Done 
--------------------------------------------------------------------------------------------------------
  0 | main | 150994944 |      1 |        97.8757 |    1542.7217 |             1542.7217 |     63 |      
--------------------------------------------------------------------------------------------------------
Total trials: 63
Total latency (us): 1542.72

2026-04-07 11:29:38 [INFO] [task_scheduler.cc:186] TaskScheduler picks Task #0: "main"
2026-04-07 11:29:40 [INFO] [task_scheduler.cc:199] Sending 64 sample(s) to builder
2026-04-07 11:29:49 [INFO] [task_scheduler.cc:201] Sending 64 sample(s) to runner
2026-04-07 11:30:08 [DEBUG] XGB validation: p-rmse: 0.300348	a-peak@32: 0.885576
2026-04-07 11:30:08 [DEBUG] XGB iter   0: tr-p-rmse: 0.417641	tr-a-peak@32: 0.892541	tr-rmse: 0.243947	tr-rmse: 0.243947
2026-04-07 11:30:08 [DEBUG] XGB iter  25: tr-p-rmse: 0.060858	tr-a-peak@32: 0.998848	tr-rmse: 0.258059	tr-rmse: 0.258059
2026-04-07 11:30:08 [DEBUG] XGB iter  50: tr-p-rmse: 0.060841	tr-a-peak@32: 0.998848	tr-rmse: 0.258080	tr-rmse: 0.258080
2026-04-07 11:30:08 [DEBUG] XGB iter  75: tr-p-rmse: 0.060841	tr-a-peak@32: 0.998848	tr-rmse: 0.258080	tr-rmse: 0.258080
2026-04-07 11:30:08 [DEBUG] XGB stopped. Best iteration: [34] tr-p-rmse:0.06084	tr-a-peak@32:0.99885	tr-rmse:0.25808	tr-rmse:0.25808 
2026-04-07 11:30:08 [INFO] [task_scheduler.cc:243] [Updated] Task #0: "main"
2026-04-07 11:30:08 [INFO] [task_scheduler.cc:326] 
 ID | Name |      FLOP | Weight | Speed (GFLOPS) | Latency (us) | Weighted Latency (us) | Trials | Done 
--------------------------------------------------------------------------------------------------------
  0 | main | 150994944 |      1 |       109.2174 |    1382.5175 |             1382.5175 |    127 |      
--------------------------------------------------------------------------------------------------------
Total trials: 127
Total latency (us): 1382.52

2026-04-07 11:30:08 [INFO] [task_scheduler.cc:186] TaskScheduler picks Task #0: "main"
2026-04-07 11:30:14 [INFO] [task_scheduler.cc:199] Sending 64 sample(s) to builder
2026-04-07 11:30:29 [INFO] [task_scheduler.cc:201] Sending 64 sample(s) to runner
2026-04-07 11:30:47 [DEBUG] XGB validation: p-rmse: 0.401097	a-peak@32: 0.914188
2026-04-07 11:30:47 [DEBUG] XGB iter   0: tr-p-rmse: 0.396941	tr-a-peak@32: 0.918475	tr-rmse: 0.242548	tr-rmse: 0.242548
2026-04-07 11:30:47 [DEBUG] XGB iter  25: tr-p-rmse: 0.051535	tr-a-peak@32: 0.996339	tr-rmse: 0.221644	tr-rmse: 0.221644
2026-04-07 11:30:47 [DEBUG] XGB iter  50: tr-p-rmse: 0.051601	tr-a-peak@32: 0.996339	tr-rmse: 0.221570	tr-rmse: 0.221570
2026-04-07 11:30:47 [DEBUG] XGB stopped. Best iteration: [21] tr-p-rmse:0.05133	tr-a-peak@32:0.99634	tr-rmse:0.22188	tr-rmse:0.22188 
2026-04-07 11:30:47 [INFO] [task_scheduler.cc:243] [Updated] Task #0: "main"
2026-04-07 11:30:47 [INFO] [task_scheduler.cc:326] 
 ID | Name |      FLOP | Weight | Speed (GFLOPS) | Latency (us) | Weighted Latency (us) | Trials | Done 
--------------------------------------------------------------------------------------------------------
  0 | main | 150994944 |      1 |       110.1913 |    1370.2989 |             1370.2989 |    191 |      
--------------------------------------------------------------------------------------------------------
Total trials: 191
Total latency (us): 1370.3

2026-04-07 11:30:47 [INFO] [task_scheduler.cc:186] TaskScheduler picks Task #0: "main"
2026-04-07 11:30:52 [INFO] [task_scheduler.cc:199] Sending 64 sample(s) to builder
2026-04-07 11:31:04 [INFO] [task_scheduler.cc:201] Sending 64 sample(s) to runner
2026-04-07 11:31:21 [DEBUG] XGB validation: p-rmse: 0.166491	a-peak@32: 0.998242
2026-04-07 11:31:21 [DEBUG] XGB iter   0: tr-p-rmse: 0.383747	tr-a-peak@32: 0.818643	tr-rmse: 0.216617	tr-rmse: 0.216617
2026-04-07 11:31:21 [DEBUG] XGB iter  25: tr-p-rmse: 0.049012	tr-a-peak@32: 0.998260	tr-rmse: 0.173948	tr-rmse: 0.173948
2026-04-07 11:31:21 [DEBUG] XGB iter  50: tr-p-rmse: 0.049080	tr-a-peak@32: 0.998260	tr-rmse: 0.173872	tr-rmse: 0.173872
2026-04-07 11:31:21 [DEBUG] XGB stopped. Best iteration: [22] tr-p-rmse:0.04890	tr-a-peak@32:0.99826	tr-rmse:0.17407	tr-rmse:0.17407 
2026-04-07 11:31:21 [INFO] [task_scheduler.cc:243] [Updated] Task #0: "main"
2026-04-07 11:31:21 [INFO] [task_scheduler.cc:326] 
 ID | Name |      FLOP | Weight | Speed (GFLOPS) | Latency (us) | Weighted Latency (us) | Trials | Done 
--------------------------------------------------------------------------------------------------------
  0 | main | 150994944 |      1 |       123.6290 |    1221.3557 |             1221.3557 |    255 |      
--------------------------------------------------------------------------------------------------------
Total trials: 255
Total latency (us): 1221.36

2026-04-07 11:31:21 [INFO] [task_scheduler.cc:186] TaskScheduler picks Task #0: "main"
2026-04-07 11:31:26 [INFO] [task_scheduler.cc:199] Sending 52 sample(s) to builder
2026-04-07 11:31:34 [INFO] [task_scheduler.cc:201] Sending 52 sample(s) to runner
2026-04-07 11:31:48 [DEBUG] XGB validation: p-rmse: 0.159979	a-peak@32: 0.992327
2026-04-07 11:31:48 [DEBUG] XGB iter   0: tr-p-rmse: 0.366645	tr-a-peak@32: 0.818643	tr-rmse: 0.214093	tr-rmse: 0.214093
2026-04-07 11:31:48 [DEBUG] XGB iter  25: tr-p-rmse: 0.051085	tr-a-peak@32: 0.992225	tr-rmse: 0.159127	tr-rmse: 0.159127
2026-04-07 11:31:48 [DEBUG] XGB iter  50: tr-p-rmse: 0.051189	tr-a-peak@32: 0.992225	tr-rmse: 0.159014	tr-rmse: 0.159014
2026-04-07 11:31:48 [DEBUG] XGB stopped. Best iteration: [22] tr-p-rmse:0.05093	tr-a-peak@32:0.99223	tr-rmse:0.15930	tr-rmse:0.15930 
2026-04-07 11:31:48 [INFO] [task_scheduler.cc:243] [Updated] Task #0: "main"
2026-04-07 11:31:48 [INFO] [task_scheduler.cc:326] 
 ID | Name |      FLOP | Weight | Speed (GFLOPS) | Latency (us) | Weighted Latency (us) | Trials | Done 
--------------------------------------------------------------------------------------------------------
  0 | main | 150994944 |      1 |       123.6290 |    1221.3557 |             1221.3557 |    307 |      
--------------------------------------------------------------------------------------------------------
Total trials: 307
Total latency (us): 1221.36

2026-04-07 11:31:48 [INFO] [task_scheduler.cc:266] Task #0 has finished. Remaining task(s): 0
2026-04-07 11:31:48 [INFO] [task_scheduler.cc:326] 
 ID | Name |      FLOP | Weight | Speed (GFLOPS) | Latency (us) | Weighted Latency (us) | Trials | Done 
--------------------------------------------------------------------------------------------------------
  0 | main | 150994944 |      1 |       123.6290 |    1221.3557 |             1221.3557 |    307 |    Y 
--------------------------------------------------------------------------------------------------------
Total trials: 307
Total latency (us): 1221.36

2026-04-07 11:31:51 [INFO] LocalBuilder: max_workers = 12
2026-04-07 11:31:53 [INFO] LocalRunner: max_workers = 1
2026-04-08 09:37:53 [INFO] Logging directory: research/results/metaschedule/8020/iter_01/00f2915d00a23c49/qkv/M_128/logs
2026-04-08 09:37:54 [INFO] [task_scheduler.cc:165] Initializing Task #0: "main"
2026-04-08 09:37:54 [INFO] [task_scheduler.cc:326] 
 ID | Name |      FLOP | Weight | Speed (GFLOPS) | Latency (us) | Weighted Latency (us) | Trials | Done 
--------------------------------------------------------------------------------------------------------
  0 | main | 150994944 |      1 |            N/A |          N/A |                   N/A |      0 |      
--------------------------------------------------------------------------------------------------------
Total trials: 0
Total latency (us): 0

2026-04-08 09:37:54 [INFO] [task_scheduler.cc:186] TaskScheduler picks Task #0: "main"
2026-04-08 09:37:55 [INFO] [task_scheduler.cc:199] Sending 64 sample(s) to builder
2026-04-08 09:38:07 [INFO] [task_scheduler.cc:201] Sending 64 sample(s) to runner
2026-04-08 09:38:25 [DEBUG] XGB iter   0: tr-p-rmse: 0.407297	tr-a-peak@32: 1.000000	tr-rmse: 0.234289	tr-rmse: 0.234289
2026-04-08 09:38:25 [DEBUG] XGB iter  25: tr-p-rmse: 0.058465	tr-a-peak@32: 1.000000	tr-rmse: 0.237356	tr-rmse: 0.237356
2026-04-08 09:38:25 [DEBUG] XGB iter  50: tr-p-rmse: 0.058369	tr-a-peak@32: 1.000000	tr-rmse: 0.237478	tr-rmse: 0.237478
2026-04-08 09:38:25 [DEBUG] XGB iter  75: tr-p-rmse: 0.058369	tr-a-peak@32: 1.000000	tr-rmse: 0.237478	tr-rmse: 0.237478
2026-04-08 09:38:25 [DEBUG] XGB stopped. Best iteration: [41] tr-p-rmse:0.05837	tr-a-peak@32:1.00000	tr-rmse:0.23748	tr-rmse:0.23748 
2026-04-08 09:38:25 [INFO] [task_scheduler.cc:243] [Updated] Task #0: "main"
2026-04-08 09:38:25 [INFO] [task_scheduler.cc:326] 
 ID | Name |      FLOP | Weight | Speed (GFLOPS) | Latency (us) | Weighted Latency (us) | Trials | Done 
--------------------------------------------------------------------------------------------------------
  0 | main | 150994944 |      1 |       117.5331 |    1284.7011 |             1284.7011 |     64 |      
--------------------------------------------------------------------------------------------------------
Total trials: 64
Total latency (us): 1284.7

2026-04-08 09:38:25 [INFO] [task_scheduler.cc:186] TaskScheduler picks Task #0: "main"
2026-04-08 09:38:27 [INFO] [task_scheduler.cc:199] Sending 64 sample(s) to builder
2026-04-08 09:38:38 [INFO] [task_scheduler.cc:201] Sending 64 sample(s) to runner
2026-04-08 09:38:55 [DEBUG] XGB validation: p-rmse: 0.202454	a-peak@32: 0.987135
2026-04-08 09:38:55 [DEBUG] XGB iter   0: tr-p-rmse: 0.403233	tr-a-peak@32: 0.997666	tr-rmse: 0.231445	tr-rmse: 0.231445
2026-04-08 09:38:55 [DEBUG] XGB iter  25: tr-p-rmse: 0.057123	tr-a-peak@32: 1.000000	tr-rmse: 0.239778	tr-rmse: 0.239778
2026-04-08 09:38:55 [DEBUG] XGB iter  50: tr-p-rmse: 0.057110	tr-a-peak@32: 1.000000	tr-rmse: 0.239795	tr-rmse: 0.239795
2026-04-08 09:38:55 [DEBUG] XGB iter  75: tr-p-rmse: 0.057110	tr-a-peak@32: 1.000000	tr-rmse: 0.239795	tr-rmse: 0.239795
2026-04-08 09:38:55 [DEBUG] XGB stopped. Best iteration: [35] tr-p-rmse:0.05711	tr-a-peak@32:1.00000	tr-rmse:0.23979	tr-rmse:0.23979 
2026-04-08 09:38:55 [INFO] [task_scheduler.cc:243] [Updated] Task #0: "main"
2026-04-08 09:38:55 [INFO] [task_scheduler.cc:326] 
 ID | Name |      FLOP | Weight | Speed (GFLOPS) | Latency (us) | Weighted Latency (us) | Trials | Done 
--------------------------------------------------------------------------------------------------------
  0 | main | 150994944 |      1 |       117.5331 |    1284.7011 |             1284.7011 |    128 |      
--------------------------------------------------------------------------------------------------------
Total trials: 128
Total latency (us): 1284.7

2026-04-08 09:38:55 [INFO] [task_scheduler.cc:186] TaskScheduler picks Task #0: "main"
2026-04-08 09:39:01 [INFO] [task_scheduler.cc:199] Sending 64 sample(s) to builder
2026-04-08 09:39:13 [INFO] [task_scheduler.cc:201] Sending 64 sample(s) to runner
2026-04-08 09:39:30 [DEBUG] XGB validation: p-rmse: 0.196249	a-peak@32: 0.961594
2026-04-08 09:39:30 [DEBUG] XGB iter   0: tr-p-rmse: 0.374708	tr-a-peak@32: 0.979226	tr-rmse: 0.251216	tr-rmse: 0.251216
2026-04-08 09:39:30 [DEBUG] XGB iter  25: tr-p-rmse: 0.058863	tr-a-peak@32: 1.000000	tr-rmse: 0.232906	tr-rmse: 0.232906
2026-04-08 09:39:30 [DEBUG] XGB iter  50: tr-p-rmse: 0.058869	tr-a-peak@32: 1.000000	tr-rmse: 0.232897	tr-rmse: 0.232897
2026-04-08 09:39:30 [DEBUG] XGB stopped. Best iteration: [23] tr-p-rmse:0.05886	tr-a-peak@32:1.00000	tr-rmse:0.23292	tr-rmse:0.23292 
2026-04-08 09:39:30 [INFO] [task_scheduler.cc:243] [Updated] Task #0: "main"
2026-04-08 09:39:30 [INFO] [task_scheduler.cc:326] 
 ID | Name |      FLOP | Weight | Speed (GFLOPS) | Latency (us) | Weighted Latency (us) | Trials | Done 
--------------------------------------------------------------------------------------------------------
  0 | main | 150994944 |      1 |       117.5331 |    1284.7011 |             1284.7011 |    192 |      
--------------------------------------------------------------------------------------------------------
Total trials: 192
Total latency (us): 1284.7

2026-04-08 09:39:30 [INFO] [task_scheduler.cc:186] TaskScheduler picks Task #0: "main"
2026-04-08 09:39:35 [INFO] [task_scheduler.cc:199] Sending 64 sample(s) to builder
2026-04-08 09:39:51 [INFO] [task_scheduler.cc:201] Sending 64 sample(s) to runner
2026-04-08 09:40:09 [DEBUG] XGB validation: p-rmse: 0.203212	a-peak@32: 0.941017
2026-04-08 09:40:09 [DEBUG] XGB iter   0: tr-p-rmse: 0.348334	tr-a-peak@32: 0.975456	tr-rmse: 0.256394	tr-rmse: 0.256394
2026-04-08 09:40:09 [DEBUG] XGB iter  25: tr-p-rmse: 0.060653	tr-a-peak@32: 1.000000	tr-rmse: 0.247256	tr-rmse: 0.247256
2026-04-08 09:40:09 [DEBUG] XGB iter  50: tr-p-rmse: 0.060503	tr-a-peak@32: 1.000000	tr-rmse: 0.247381	tr-rmse: 0.247381
2026-04-08 09:40:09 [DEBUG] XGB iter  75: tr-p-rmse: 0.060503	tr-a-peak@32: 1.000000	tr-rmse: 0.247381	tr-rmse: 0.247381
2026-04-08 09:40:09 [DEBUG] XGB stopped. Best iteration: [26] tr-p-rmse:0.06046	tr-a-peak@32:1.00000	tr-rmse:0.24745	tr-rmse:0.24745 
2026-04-08 09:40:09 [INFO] [task_scheduler.cc:243] [Updated] Task #0: "main"
2026-04-08 09:40:09 [INFO] [task_scheduler.cc:326] 
 ID | Name |      FLOP | Weight | Speed (GFLOPS) | Latency (us) | Weighted Latency (us) | Trials | Done 
--------------------------------------------------------------------------------------------------------
  0 | main | 150994944 |      1 |       117.5331 |    1284.7011 |             1284.7011 |    256 |      
--------------------------------------------------------------------------------------------------------
Total trials: 256
Total latency (us): 1284.7

2026-04-08 09:40:09 [INFO] [task_scheduler.cc:186] TaskScheduler picks Task #0: "main"
2026-04-08 09:40:14 [INFO] [task_scheduler.cc:199] Sending 51 sample(s) to builder
2026-04-08 09:40:34 [INFO] [task_scheduler.cc:201] Sending 51 sample(s) to runner
2026-04-08 09:40:50 [DEBUG] XGB validation: p-rmse: 0.254443	a-peak@32: 0.901178
2026-04-08 09:40:50 [INFO] [task_scheduler.cc:243] [Updated] Task #0: "main"
2026-04-08 09:40:50 [INFO] [task_scheduler.cc:326] 
 ID | Name |      FLOP | Weight | Speed (GFLOPS) | Latency (us) | Weighted Latency (us) | Trials | Done 
--------------------------------------------------------------------------------------------------------
  0 | main | 150994944 |      1 |       117.5331 |    1284.7011 |             1284.7011 |    307 |      
--------------------------------------------------------------------------------------------------------
Total trials: 307
Total latency (us): 1284.7

2026-04-08 09:40:50 [INFO] [task_scheduler.cc:266] Task #0 has finished. Remaining task(s): 0
2026-04-08 09:40:50 [INFO] [task_scheduler.cc:326] 
 ID | Name |      FLOP | Weight | Speed (GFLOPS) | Latency (us) | Weighted Latency (us) | Trials | Done 
--------------------------------------------------------------------------------------------------------
  0 | main | 150994944 |      1 |       117.5331 |    1284.7011 |             1284.7011 |    307 |    Y 
--------------------------------------------------------------------------------------------------------
Total trials: 307
Total latency (us): 1284.7

2026-04-08 09:40:53 [INFO] LocalBuilder: max_workers = 12
2026-04-08 09:40:54 [INFO] LocalRunner: max_workers = 1
2026-04-10 15:40:11 [INFO] Logging directory: research/results/metaschedule/8020/iter_01/00f2915d00a23c49/qkv/M_128/logs
2026-04-10 15:40:11 [INFO] [task_scheduler.cc:165] Initializing Task #0: "main"
2026-04-10 15:40:11 [INFO] [task_scheduler.cc:326] 
 ID | Name |      FLOP | Weight | Speed (GFLOPS) | Latency (us) | Weighted Latency (us) | Trials | Done 
--------------------------------------------------------------------------------------------------------
  0 | main | 150994944 |      1 |            N/A |          N/A |                   N/A |      0 |      
--------------------------------------------------------------------------------------------------------
Total trials: 0
Total latency (us): 0

2026-04-10 15:40:11 [INFO] [task_scheduler.cc:186] TaskScheduler picks Task #0: "main"
2026-04-10 15:40:13 [INFO] [task_scheduler.cc:199] Sending 64 sample(s) to builder
2026-04-10 15:40:19 [INFO] [task_scheduler.cc:201] Sending 64 sample(s) to runner
2026-04-10 15:40:38 [INFO] LocalBuilder: max_workers = 12
2026-04-10 15:40:38 [INFO] LocalRunner: max_workers = 1
