2026-04-07 12:50:20 [INFO] Logging directory: research/results/metaschedule/8020/iter_01/be6598108ed7b9e8/qkv/M_16/logs
2026-04-07 12:50:20 [INFO] [task_scheduler.cc:165] Initializing Task #0: "main"
2026-04-07 12:50:20 [INFO] [task_scheduler.cc:326] 
 ID | Name |     FLOP | Weight | Speed (GFLOPS) | Latency (us) | Weighted Latency (us) | Trials | Done 
-------------------------------------------------------------------------------------------------------
  0 | main | 18874368 |      1 |            N/A |          N/A |                   N/A |      0 |      
-------------------------------------------------------------------------------------------------------
Total trials: 0
Total latency (us): 0

2026-04-07 12:50:20 [INFO] [task_scheduler.cc:186] TaskScheduler picks Task #0: "main"
2026-04-07 12:50:22 [INFO] [task_scheduler.cc:199] Sending 32 sample(s) to builder
2026-04-07 12:50:29 [INFO] [task_scheduler.cc:201] Sending 32 sample(s) to runner
2026-04-07 12:50:38 [DEBUG] XGB iter   0: tr-p-rmse: 0.407032	tr-a-peak@32: 0.999606	tr-rmse: 0.330025	tr-rmse: 0.330025
2026-04-07 12:50:38 [DEBUG] XGB iter  25: tr-p-rmse: 0.057133	tr-a-peak@32: 1.000000	tr-rmse: 0.333778	tr-rmse: 0.333778
2026-04-07 12:50:38 [DEBUG] XGB iter  50: tr-p-rmse: 0.055752	tr-a-peak@32: 1.000000	tr-rmse: 0.334273	tr-rmse: 0.334273
2026-04-07 12:50:38 [DEBUG] XGB iter  75: tr-p-rmse: 0.055752	tr-a-peak@32: 1.000000	tr-rmse: 0.334273	tr-rmse: 0.334273
2026-04-07 12:50:38 [DEBUG] XGB stopped. Best iteration: [27] tr-p-rmse:0.05567	tr-a-peak@32:1.00000	tr-rmse:0.33438	tr-rmse:0.33438 
2026-04-07 12:50:38 [INFO] [task_scheduler.cc:243] [Updated] Task #0: "main"
2026-04-07 12:50:38 [INFO] [task_scheduler.cc:326] 
 ID | Name |     FLOP | Weight | Speed (GFLOPS) | Latency (us) | Weighted Latency (us) | Trials | Done 
-------------------------------------------------------------------------------------------------------
  0 | main | 18874368 |      1 |        90.2993 |     209.0200 |              209.0200 |     32 |      
-------------------------------------------------------------------------------------------------------
Total trials: 32
Total latency (us): 209.02

2026-04-07 12:50:38 [INFO] [task_scheduler.cc:186] TaskScheduler picks Task #0: "main"
2026-04-07 12:50:40 [INFO] [task_scheduler.cc:199] Sending 32 sample(s) to builder
2026-04-07 12:50:48 [INFO] [task_scheduler.cc:201] Sending 32 sample(s) to runner
2026-04-07 12:50:56 [DEBUG] XGB validation: p-rmse: 0.318602	a-peak@32: 0.809876
2026-04-07 12:50:56 [DEBUG] XGB iter   0: tr-p-rmse: 0.412364	tr-a-peak@32: 0.989359	tr-rmse: 0.268834	tr-rmse: 0.268834
2026-04-07 12:50:56 [DEBUG] XGB iter  25: tr-p-rmse: 0.056513	tr-a-peak@32: 1.000000	tr-rmse: 0.293295	tr-rmse: 0.293295
2026-04-07 12:50:56 [DEBUG] XGB iter  50: tr-p-rmse: 0.056511	tr-a-peak@32: 1.000000	tr-rmse: 0.293298	tr-rmse: 0.293298
2026-04-07 12:50:56 [DEBUG] XGB iter  75: tr-p-rmse: 0.056511	tr-a-peak@32: 1.000000	tr-rmse: 0.293298	tr-rmse: 0.293298
2026-04-07 12:50:56 [DEBUG] XGB stopped. Best iteration: [28] tr-p-rmse:0.05651	tr-a-peak@32:1.00000	tr-rmse:0.29330	tr-rmse:0.29330 
2026-04-07 12:50:56 [INFO] [task_scheduler.cc:243] [Updated] Task #0: "main"
2026-04-07 12:50:56 [INFO] [task_scheduler.cc:326] 
 ID | Name |     FLOP | Weight | Speed (GFLOPS) | Latency (us) | Weighted Latency (us) | Trials | Done 
-------------------------------------------------------------------------------------------------------
  0 | main | 18874368 |      1 |       101.8615 |     185.2944 |              185.2944 |     64 |      
-------------------------------------------------------------------------------------------------------
Total trials: 64
Total latency (us): 185.294

2026-04-07 12:50:56 [INFO] [task_scheduler.cc:186] TaskScheduler picks Task #0: "main"
2026-04-07 12:50:58 [INFO] [task_scheduler.cc:199] Sending 32 sample(s) to builder
2026-04-07 12:51:04 [INFO] [task_scheduler.cc:201] Sending 32 sample(s) to runner
2026-04-07 12:51:13 [DEBUG] XGB validation: p-rmse: 0.225345	a-peak@32: 0.912492
2026-04-07 12:51:13 [DEBUG] XGB iter   0: tr-p-rmse: 0.404274	tr-a-peak@32: 0.989010	tr-rmse: 0.264959	tr-rmse: 0.264959
2026-04-07 12:51:13 [DEBUG] XGB iter  25: tr-p-rmse: 0.053254	tr-a-peak@32: 1.000000	tr-rmse: 0.295033	tr-rmse: 0.295033
2026-04-07 12:51:13 [DEBUG] XGB iter  50: tr-p-rmse: 0.053246	tr-a-peak@32: 1.000000	tr-rmse: 0.295044	tr-rmse: 0.295044
2026-04-07 12:51:13 [DEBUG] XGB iter  75: tr-p-rmse: 0.053246	tr-a-peak@32: 1.000000	tr-rmse: 0.295044	tr-rmse: 0.295044
2026-04-07 12:51:13 [DEBUG] XGB stopped. Best iteration: [34] tr-p-rmse:0.05325	tr-a-peak@32:1.00000	tr-rmse:0.29504	tr-rmse:0.29504 
2026-04-07 12:51:13 [INFO] [task_scheduler.cc:243] [Updated] Task #0: "main"
2026-04-07 12:51:13 [INFO] [task_scheduler.cc:326] 
 ID | Name |     FLOP | Weight | Speed (GFLOPS) | Latency (us) | Weighted Latency (us) | Trials | Done 
-------------------------------------------------------------------------------------------------------
  0 | main | 18874368 |      1 |       101.8615 |     185.2944 |              185.2944 |     96 |      
-------------------------------------------------------------------------------------------------------
Total trials: 96
Total latency (us): 185.294

2026-04-07 12:51:13 [INFO] [task_scheduler.cc:186] TaskScheduler picks Task #0: "main"
2026-04-07 12:51:15 [INFO] [task_scheduler.cc:199] Sending 32 sample(s) to builder
2026-04-07 12:51:23 [INFO] [task_scheduler.cc:201] Sending 32 sample(s) to runner
2026-04-07 12:51:31 [DEBUG] XGB validation: p-rmse: 0.252886	a-peak@32: 0.895453
2026-04-07 12:51:31 [DEBUG] XGB iter   0: tr-p-rmse: 0.411698	tr-a-peak@32: 1.000000	tr-rmse: 0.270129	tr-rmse: 0.270129
2026-04-07 12:51:31 [DEBUG] XGB iter  25: tr-p-rmse: 0.056701	tr-a-peak@32: 1.000000	tr-rmse: 0.301866	tr-rmse: 0.301866
2026-04-07 12:51:31 [DEBUG] XGB iter  50: tr-p-rmse: 0.056677	tr-a-peak@32: 1.000000	tr-rmse: 0.301898	tr-rmse: 0.301898
2026-04-07 12:51:31 [DEBUG] XGB iter  75: tr-p-rmse: 0.056677	tr-a-peak@32: 1.000000	tr-rmse: 0.301898	tr-rmse: 0.301898
2026-04-07 12:51:31 [DEBUG] XGB iter 100: tr-p-rmse: 0.056676	tr-a-peak@32: 1.000000	tr-rmse: 0.301898	tr-rmse: 0.301898
2026-04-07 12:51:31 [DEBUG] XGB iter 125: tr-p-rmse: 0.056676	tr-a-peak@32: 1.000000	tr-rmse: 0.301898	tr-rmse: 0.301898
2026-04-07 12:51:31 [DEBUG] XGB stopped. Best iteration: [82] tr-p-rmse:0.05668	tr-a-peak@32:1.00000	tr-rmse:0.30190	tr-rmse:0.30190 
2026-04-07 12:51:31 [INFO] [task_scheduler.cc:243] [Updated] Task #0: "main"
2026-04-07 12:51:31 [INFO] [task_scheduler.cc:326] 
 ID | Name |     FLOP | Weight | Speed (GFLOPS) | Latency (us) | Weighted Latency (us) | Trials | Done 
-------------------------------------------------------------------------------------------------------
  0 | main | 18874368 |      1 |       101.8615 |     185.2944 |              185.2944 |    128 |      
-------------------------------------------------------------------------------------------------------
Total trials: 128
Total latency (us): 185.294

2026-04-07 12:51:31 [INFO] [task_scheduler.cc:186] TaskScheduler picks Task #0: "main"
2026-04-07 12:51:37 [INFO] [task_scheduler.cc:199] Sending 32 sample(s) to builder
2026-04-07 12:51:45 [INFO] [task_scheduler.cc:201] Sending 32 sample(s) to runner
2026-04-07 12:51:54 [DEBUG] XGB validation: p-rmse: 0.225042	a-peak@32: 0.979424
2026-04-07 12:51:54 [DEBUG] XGB iter   0: tr-p-rmse: 0.392880	tr-a-peak@32: 0.972155	tr-rmse: 0.272098	tr-rmse: 0.272098
2026-04-07 12:51:54 [DEBUG] XGB iter  25: tr-p-rmse: 0.051477	tr-a-peak@32: 0.998846	tr-rmse: 0.313123	tr-rmse: 0.313123
2026-04-07 12:51:54 [DEBUG] XGB iter  50: tr-p-rmse: 0.051450	tr-a-peak@32: 0.998846	tr-rmse: 0.313165	tr-rmse: 0.313165
2026-04-07 12:51:55 [DEBUG] XGB iter  75: tr-p-rmse: 0.051449	tr-a-peak@32: 0.998846	tr-rmse: 0.313165	tr-rmse: 0.313165
2026-04-07 12:51:55 [DEBUG] XGB iter 100: tr-p-rmse: 0.051449	tr-a-peak@32: 0.998846	tr-rmse: 0.313165	tr-rmse: 0.313165
2026-04-07 12:51:55 [DEBUG] XGB stopped. Best iteration: [51] tr-p-rmse:0.05145	tr-a-peak@32:0.99885	tr-rmse:0.31317	tr-rmse:0.31317 
2026-04-07 12:51:55 [INFO] [task_scheduler.cc:243] [Updated] Task #0: "main"
2026-04-07 12:51:55 [INFO] [task_scheduler.cc:326] 
 ID | Name |     FLOP | Weight | Speed (GFLOPS) | Latency (us) | Weighted Latency (us) | Trials | Done 
-------------------------------------------------------------------------------------------------------
  0 | main | 18874368 |      1 |       109.3535 |     172.5996 |              172.5996 |    160 |      
-------------------------------------------------------------------------------------------------------
Total trials: 160
Total latency (us): 172.6

2026-04-07 12:51:55 [INFO] [task_scheduler.cc:186] TaskScheduler picks Task #0: "main"
2026-04-07 12:52:00 [INFO] [task_scheduler.cc:199] Sending 32 sample(s) to builder
2026-04-07 12:52:09 [INFO] [task_scheduler.cc:201] Sending 32 sample(s) to runner
2026-04-07 12:52:17 [DEBUG] XGB validation: p-rmse: 0.252772	a-peak@32: 0.968948
2026-04-07 12:52:17 [DEBUG] XGB iter   0: tr-p-rmse: 0.377099	tr-a-peak@32: 0.981540	tr-rmse: 0.281806	tr-rmse: 0.281806
2026-04-07 12:52:17 [DEBUG] XGB iter  25: tr-p-rmse: 0.055977	tr-a-peak@32: 0.998846	tr-rmse: 0.314572	tr-rmse: 0.314572
2026-04-07 12:52:17 [DEBUG] XGB iter  50: tr-p-rmse: 0.055959	tr-a-peak@32: 0.998846	tr-rmse: 0.314601	tr-rmse: 0.314601
2026-04-07 12:52:17 [DEBUG] XGB iter  75: tr-p-rmse: 0.055959	tr-a-peak@32: 0.998846	tr-rmse: 0.314601	tr-rmse: 0.314601
2026-04-07 12:52:17 [DEBUG] XGB stopped. Best iteration: [35] tr-p-rmse:0.05596	tr-a-peak@32:0.99885	tr-rmse:0.31460	tr-rmse:0.31460 
2026-04-07 12:52:17 [INFO] [task_scheduler.cc:243] [Updated] Task #0: "main"
2026-04-07 12:52:17 [INFO] [task_scheduler.cc:326] 
 ID | Name |     FLOP | Weight | Speed (GFLOPS) | Latency (us) | Weighted Latency (us) | Trials | Done 
-------------------------------------------------------------------------------------------------------
  0 | main | 18874368 |      1 |       109.3535 |     172.5996 |              172.5996 |    192 |      
-------------------------------------------------------------------------------------------------------
Total trials: 192
Total latency (us): 172.6

2026-04-07 12:52:17 [INFO] [task_scheduler.cc:186] TaskScheduler picks Task #0: "main"
2026-04-07 12:52:22 [INFO] [task_scheduler.cc:199] Sending 32 sample(s) to builder
2026-04-07 12:52:31 [INFO] [task_scheduler.cc:201] Sending 32 sample(s) to runner
2026-04-07 12:52:40 [DEBUG] XGB validation: p-rmse: 0.212104	a-peak@32: 0.996755
2026-04-07 12:52:40 [INFO] [task_scheduler.cc:243] [Updated] Task #0: "main"
2026-04-07 12:52:40 [INFO] [task_scheduler.cc:326] 
 ID | Name |     FLOP | Weight | Speed (GFLOPS) | Latency (us) | Weighted Latency (us) | Trials | Done 
-------------------------------------------------------------------------------------------------------
  0 | main | 18874368 |      1 |       110.6328 |     170.6037 |              170.6037 |    224 |      
-------------------------------------------------------------------------------------------------------
Total trials: 224
Total latency (us): 170.604

2026-04-07 12:52:40 [INFO] [task_scheduler.cc:186] TaskScheduler picks Task #0: "main"
2026-04-07 12:52:45 [INFO] [task_scheduler.cc:199] Sending 32 sample(s) to builder
2026-04-07 12:52:54 [INFO] [task_scheduler.cc:201] Sending 32 sample(s) to runner
2026-04-07 12:53:03 [DEBUG] XGB validation: p-rmse: 0.233149	a-peak@32: 0.983769
2026-04-07 12:53:03 [DEBUG] XGB iter   0: tr-p-rmse: 0.346844	tr-a-peak@32: 0.962273	tr-rmse: 0.290258	tr-rmse: 0.290258
2026-04-07 12:53:03 [DEBUG] XGB iter  25: tr-p-rmse: 0.054982	tr-a-peak@32: 0.999707	tr-rmse: 0.330523	tr-rmse: 0.330523
2026-04-07 12:53:03 [DEBUG] XGB iter  50: tr-p-rmse: 0.054975	tr-a-peak@32: 0.999707	tr-rmse: 0.330535	tr-rmse: 0.330535
2026-04-07 12:53:03 [DEBUG] XGB iter  75: tr-p-rmse: 0.054975	tr-a-peak@32: 0.999707	tr-rmse: 0.330535	tr-rmse: 0.330535
2026-04-07 12:53:03 [DEBUG] XGB stopped. Best iteration: [31] tr-p-rmse:0.05498	tr-a-peak@32:0.99971	tr-rmse:0.33053	tr-rmse:0.33053 
2026-04-07 12:53:03 [INFO] [task_scheduler.cc:243] [Updated] Task #0: "main"
2026-04-07 12:53:03 [INFO] [task_scheduler.cc:326] 
 ID | Name |     FLOP | Weight | Speed (GFLOPS) | Latency (us) | Weighted Latency (us) | Trials | Done 
-------------------------------------------------------------------------------------------------------
  0 | main | 18874368 |      1 |       110.6328 |     170.6037 |              170.6037 |    256 |      
-------------------------------------------------------------------------------------------------------
Total trials: 256
Total latency (us): 170.604

2026-04-07 12:53:03 [INFO] [task_scheduler.cc:186] TaskScheduler picks Task #0: "main"
2026-04-07 12:53:08 [INFO] [task_scheduler.cc:199] Sending 32 sample(s) to builder
2026-04-07 12:53:14 [INFO] [task_scheduler.cc:201] Sending 32 sample(s) to runner
2026-04-07 12:53:23 [DEBUG] XGB validation: p-rmse: 0.102604	a-peak@32: 0.979564
2026-04-07 12:53:23 [INFO] [task_scheduler.cc:243] [Updated] Task #0: "main"
2026-04-07 12:53:23 [INFO] [task_scheduler.cc:326] 
 ID | Name |     FLOP | Weight | Speed (GFLOPS) | Latency (us) | Weighted Latency (us) | Trials | Done 
-------------------------------------------------------------------------------------------------------
  0 | main | 18874368 |      1 |       110.6328 |     170.6037 |              170.6037 |    288 |      
-------------------------------------------------------------------------------------------------------
Total trials: 288
Total latency (us): 170.604

2026-04-07 12:53:23 [INFO] [task_scheduler.cc:186] TaskScheduler picks Task #0: "main"
2026-04-07 12:53:29 [INFO] [task_scheduler.cc:199] Sending 19 sample(s) to builder
2026-04-07 12:53:35 [INFO] [task_scheduler.cc:201] Sending 19 sample(s) to runner
2026-04-07 12:53:39 [DEBUG] XGB validation: p-rmse: 0.124577	a-peak@32: 0.994357
2026-04-07 12:53:39 [INFO] [task_scheduler.cc:243] [Updated] Task #0: "main"
2026-04-07 12:53:39 [INFO] [task_scheduler.cc:326] 
 ID | Name |     FLOP | Weight | Speed (GFLOPS) | Latency (us) | Weighted Latency (us) | Trials | Done 
-------------------------------------------------------------------------------------------------------
  0 | main | 18874368 |      1 |       115.0484 |     164.0560 |              164.0560 |    307 |      
-------------------------------------------------------------------------------------------------------
Total trials: 307
Total latency (us): 164.056

2026-04-07 12:53:39 [INFO] [task_scheduler.cc:266] Task #0 has finished. Remaining task(s): 0
2026-04-07 12:53:39 [INFO] [task_scheduler.cc:326] 
 ID | Name |     FLOP | Weight | Speed (GFLOPS) | Latency (us) | Weighted Latency (us) | Trials | Done 
-------------------------------------------------------------------------------------------------------
  0 | main | 18874368 |      1 |       115.0484 |     164.0560 |              164.0560 |    307 |    Y 
-------------------------------------------------------------------------------------------------------
Total trials: 307
Total latency (us): 164.056

2026-04-07 12:53:40 [INFO] LocalBuilder: max_workers = 12
2026-04-07 12:53:41 [INFO] LocalRunner: max_workers = 1
