2026-04-07 12:01:34 [INFO] Logging directory: research/results/metaschedule/8020/iter_01/08b49227ec6313ad/qkv/M_384/logs
2026-04-07 12:01:34 [INFO] [task_scheduler.cc:165] Initializing Task #0: "main"
2026-04-07 12:01:34 [INFO] [task_scheduler.cc:326] 
 ID | Name |      FLOP | Weight | Speed (GFLOPS) | Latency (us) | Weighted Latency (us) | Trials | Done 
--------------------------------------------------------------------------------------------------------
  0 | main | 452984832 |      1 |            N/A |          N/A |                   N/A |      0 |      
--------------------------------------------------------------------------------------------------------
Total trials: 0
Total latency (us): 0

2026-04-07 12:01:34 [INFO] [task_scheduler.cc:186] TaskScheduler picks Task #0: "main"
2026-04-07 12:01:36 [INFO] [task_scheduler.cc:199] Sending 64 sample(s) to builder
2026-04-07 12:01:52 [INFO] [task_scheduler.cc:201] Sending 64 sample(s) to runner
2026-04-07 12:02:10 [DEBUG] XGB iter   0: tr-p-rmse: 0.469610	tr-a-peak@32: 0.785948	tr-rmse: 0.207821	tr-rmse: 0.207821
2026-04-07 12:02:10 [DEBUG] XGB iter  25: tr-p-rmse: 0.049291	tr-a-peak@32: 1.000000	tr-rmse: 0.232017	tr-rmse: 0.232017
2026-04-07 12:02:10 [DEBUG] XGB iter  50: tr-p-rmse: 0.049272	tr-a-peak@32: 1.000000	tr-rmse: 0.232037	tr-rmse: 0.232037
2026-04-07 12:02:10 [DEBUG] XGB iter  75: tr-p-rmse: 0.049272	tr-a-peak@32: 1.000000	tr-rmse: 0.232037	tr-rmse: 0.232037
2026-04-07 12:02:10 [DEBUG] XGB stopped. Best iteration: [35] tr-p-rmse:0.04927	tr-a-peak@32:1.00000	tr-rmse:0.23204	tr-rmse:0.23204 
2026-04-07 12:02:10 [INFO] [task_scheduler.cc:243] [Updated] Task #0: "main"
2026-04-07 12:02:10 [INFO] [task_scheduler.cc:326] 
 ID | Name |      FLOP | Weight | Speed (GFLOPS) | Latency (us) | Weighted Latency (us) | Trials | Done 
--------------------------------------------------------------------------------------------------------
  0 | main | 452984832 |      1 |       134.0289 |    3379.7549 |             3379.7549 |     64 |      
--------------------------------------------------------------------------------------------------------
Total trials: 64
Total latency (us): 3379.75

2026-04-07 12:02:10 [INFO] [task_scheduler.cc:186] TaskScheduler picks Task #0: "main"
2026-04-07 12:02:12 [INFO] [task_scheduler.cc:199] Sending 64 sample(s) to builder
2026-04-07 12:02:28 [INFO] [task_scheduler.cc:201] Sending 64 sample(s) to runner
2026-04-07 12:02:45 [DEBUG] XGB validation: p-rmse: 0.185650	a-peak@32: 1.000000
2026-04-07 12:02:45 [DEBUG] XGB iter   0: tr-p-rmse: 0.461562	tr-a-peak@32: 0.765441	tr-rmse: 0.213387	tr-rmse: 0.213387
2026-04-07 12:02:45 [DEBUG] XGB iter  25: tr-p-rmse: 0.050716	tr-a-peak@32: 1.000000	tr-rmse: 0.231567	tr-rmse: 0.231567
2026-04-07 12:02:45 [DEBUG] XGB iter  50: tr-p-rmse: 0.050668	tr-a-peak@32: 1.000000	tr-rmse: 0.231621	tr-rmse: 0.231621
2026-04-07 12:02:45 [DEBUG] XGB iter  75: tr-p-rmse: 0.050668	tr-a-peak@32: 1.000000	tr-rmse: 0.231621	tr-rmse: 0.231621
2026-04-07 12:02:45 [DEBUG] XGB stopped. Best iteration: [35] tr-p-rmse:0.05067	tr-a-peak@32:1.00000	tr-rmse:0.23162	tr-rmse:0.23162 
2026-04-07 12:02:45 [INFO] [task_scheduler.cc:243] [Updated] Task #0: "main"
2026-04-07 12:02:45 [INFO] [task_scheduler.cc:326] 
 ID | Name |      FLOP | Weight | Speed (GFLOPS) | Latency (us) | Weighted Latency (us) | Trials | Done 
--------------------------------------------------------------------------------------------------------
  0 | main | 452984832 |      1 |       134.0289 |    3379.7549 |             3379.7549 |    128 |      
--------------------------------------------------------------------------------------------------------
Total trials: 128
Total latency (us): 3379.75

2026-04-07 12:02:45 [INFO] [task_scheduler.cc:186] TaskScheduler picks Task #0: "main"
2026-04-07 12:02:51 [INFO] [task_scheduler.cc:199] Sending 64 sample(s) to builder
2026-04-07 12:03:01 [INFO] [task_scheduler.cc:201] Sending 64 sample(s) to runner
2026-04-07 12:03:17 [DEBUG] XGB validation: p-rmse: 0.438192	a-peak@32: 1.000000
2026-04-07 12:03:17 [DEBUG] XGB iter   0: tr-p-rmse: 0.421058	tr-a-peak@32: 0.702222	tr-rmse: 0.205862	tr-rmse: 0.205862
2026-04-07 12:03:17 [DEBUG] XGB iter  25: tr-p-rmse: 0.048571	tr-a-peak@32: 1.000000	tr-rmse: 0.209045	tr-rmse: 0.209045
2026-04-07 12:03:17 [DEBUG] XGB iter  50: tr-p-rmse: 0.048563	tr-a-peak@32: 1.000000	tr-rmse: 0.209054	tr-rmse: 0.209054
2026-04-07 12:03:18 [DEBUG] XGB iter  75: tr-p-rmse: 0.048563	tr-a-peak@32: 1.000000	tr-rmse: 0.209054	tr-rmse: 0.209054
2026-04-07 12:03:18 [DEBUG] XGB stopped. Best iteration: [32] tr-p-rmse:0.04856	tr-a-peak@32:1.00000	tr-rmse:0.20905	tr-rmse:0.20905 
2026-04-07 12:03:18 [INFO] [task_scheduler.cc:243] [Updated] Task #0: "main"
2026-04-07 12:03:18 [INFO] [task_scheduler.cc:326] 
 ID | Name |      FLOP | Weight | Speed (GFLOPS) | Latency (us) | Weighted Latency (us) | Trials | Done 
--------------------------------------------------------------------------------------------------------
  0 | main | 452984832 |      1 |       134.0289 |    3379.7549 |             3379.7549 |    192 |      
--------------------------------------------------------------------------------------------------------
Total trials: 192
Total latency (us): 3379.75

2026-04-07 12:03:18 [INFO] [task_scheduler.cc:186] TaskScheduler picks Task #0: "main"
2026-04-07 12:03:23 [INFO] [task_scheduler.cc:199] Sending 64 sample(s) to builder
2026-04-07 12:03:39 [INFO] [task_scheduler.cc:201] Sending 64 sample(s) to runner
2026-04-07 12:03:54 [DEBUG] XGB validation: p-rmse: 0.146509	a-peak@32: 1.000000
2026-04-07 12:03:54 [DEBUG] XGB iter   0: tr-p-rmse: 0.395284	tr-a-peak@32: 0.669830	tr-rmse: 0.203156	tr-rmse: 0.203156
2026-04-07 12:03:54 [DEBUG] XGB iter  25: tr-p-rmse: 0.045239	tr-a-peak@32: 1.000000	tr-rmse: 0.175389	tr-rmse: 0.175389
2026-04-07 12:03:54 [DEBUG] XGB iter  50: tr-p-rmse: 0.045240	tr-a-peak@32: 1.000000	tr-rmse: 0.175387	tr-rmse: 0.175387
2026-04-07 12:03:54 [DEBUG] XGB stopped. Best iteration: [22] tr-p-rmse:0.04524	tr-a-peak@32:1.00000	tr-rmse:0.17539	tr-rmse:0.17539 
2026-04-07 12:03:54 [INFO] [task_scheduler.cc:243] [Updated] Task #0: "main"
2026-04-07 12:03:54 [INFO] [task_scheduler.cc:326] 
 ID | Name |      FLOP | Weight | Speed (GFLOPS) | Latency (us) | Weighted Latency (us) | Trials | Done 
--------------------------------------------------------------------------------------------------------
  0 | main | 452984832 |      1 |       139.6650 |    3243.3668 |             3243.3668 |    256 |      
--------------------------------------------------------------------------------------------------------
Total trials: 256
Total latency (us): 3243.37

2026-04-07 12:03:54 [INFO] [task_scheduler.cc:186] TaskScheduler picks Task #0: "main"
2026-04-07 12:03:59 [INFO] [task_scheduler.cc:199] Sending 51 sample(s) to builder
2026-04-07 12:04:14 [INFO] [task_scheduler.cc:201] Sending 51 sample(s) to runner
2026-04-07 12:04:26 [DEBUG] XGB validation: p-rmse: 0.129360	a-peak@32: 0.998836
2026-04-07 12:04:26 [INFO] [task_scheduler.cc:243] [Updated] Task #0: "main"
2026-04-07 12:04:26 [INFO] [task_scheduler.cc:326] 
 ID | Name |      FLOP | Weight | Speed (GFLOPS) | Latency (us) | Weighted Latency (us) | Trials | Done 
--------------------------------------------------------------------------------------------------------
  0 | main | 452984832 |      1 |       139.6650 |    3243.3668 |             3243.3668 |    307 |      
--------------------------------------------------------------------------------------------------------
Total trials: 307
Total latency (us): 3243.37

2026-04-07 12:04:26 [INFO] [task_scheduler.cc:266] Task #0 has finished. Remaining task(s): 0
2026-04-07 12:04:26 [INFO] [task_scheduler.cc:326] 
 ID | Name |      FLOP | Weight | Speed (GFLOPS) | Latency (us) | Weighted Latency (us) | Trials | Done 
--------------------------------------------------------------------------------------------------------
  0 | main | 452984832 |      1 |       139.6650 |    3243.3668 |             3243.3668 |    307 |    Y 
--------------------------------------------------------------------------------------------------------
Total trials: 307
Total latency (us): 3243.37

2026-04-07 12:04:26 [INFO] LocalBuilder: max_workers = 12
2026-04-07 12:04:28 [INFO] LocalRunner: max_workers = 1
