2026-04-10 14:08:56 [INFO] [task_scheduler.cc:166] Initializing Task #0: "main"
2026-04-10 14:08:56 [INFO] [task_scheduler.cc:41] 
# from tvm.script import ir as I
# from tvm.script import tir as T

@I.ir_module
class Module:
    @T.prim_func
    def main(A: T.Buffer((32, 3072), "float32"), B: T.Buffer((3072, 768), "float32"), C: T.Buffer((32, 768), "float32")):
        T.func_attr({"tir.noalias": True})
        # with T.block("root"):
        for i, j, k in T.grid(32, 768, 3072):
            with T.block("C"):
                vi, vj, vk = T.axis.remap("SSR", [i, j, k])
                T.reads(A[vi, vk], B[vk, vj])
                T.writes(C[vi, vj])
                with T.init():
                    C[vi, vj] = T.float32(0.0)
                C[vi, vj] = C[vi, vj] + A[vi, vk] * B[vk, vj]
2026-04-10 14:08:56 [INFO] [task_scheduler.cc:170] Total 3 design space(s) generated
2026-04-10 14:08:56 [INFO] [task_scheduler.cc:176] Design space #0:
# from tvm.script import ir as I
# from tvm.script import tir as T

@I.ir_module
class Module:
    @T.prim_func
    def main(A: T.Buffer((32, 3072), "float32"), B: T.Buffer((3072, 768), "float32"), C: T.Buffer((32, 768), "float32")):
        T.func_attr({"tir.noalias": True})
        with T.block("root"):
            T.reads()
            T.writes()
            T.block_attr({"meta_schedule.parallel": 128, "meta_schedule.unroll_explicit": 64, "meta_schedule.vectorize": 64})
            C_global = T.alloc_buffer((32, 768))
            for i_0, j_0, i_1, j_1 in T.grid(8, 6, 2, 32):
                for k_0, i_2, j_2, k_1, i_3, j_3 in T.grid(3072, 2, 2, 1, 1, 2):
                    with T.block("C"):
                        vi = T.axis.spatial(32, i_0 * 4 + i_1 * 2 + i_2 + i_3)
                        vj = T.axis.spatial(768, j_0 * 128 + j_1 * 4 + j_2 * 2 + j_3)
                        vk = T.axis.reduce(3072, k_0 + k_1)
                        T.reads(A[vi, vk], B[vk, vj])
                        T.writes(C_global[vi, vj])
                        T.block_attr({"meta_schedule.tiling_structure": "SSRSRS"})
                        with T.init():
                            C_global[vi, vj] = T.float32(0.0)
                        C_global[vi, vj] = C_global[vi, vj] + A[vi, vk] * B[vk, vj]
                for ax0, ax1 in T.grid(2, 4):
                    with T.block("C_global"):
                        v0 = T.axis.spatial(32, i_0 * 4 + i_1 * 2 + ax0)
                        v1 = T.axis.spatial(768, j_0 * 128 + j_1 * 4 + ax1)
                        T.reads(C_global[v0, v1])
                        T.writes(C[v0, v1])
                        C[v0, v1] = C_global[v0, v1]
b0 = sch.get_block(name="C", func_name="main")
b1 = sch.get_block(name="root", func_name="main")
sch.annotate(block_or_loop=b0, ann_key="meta_schedule.tiling_structure", ann_val="SSRSRS")
l2, l3, l4 = sch.get_loops(block=b0)
v5, v6, v7, v8 = sch.sample_perfect_tile(loop=l2, n=4, max_innermost_factor=64, decision=[8, 2, 2, 1])
l9, l10, l11, l12 = sch.split(loop=l2, factors=[v5, v6, v7, v8], preserve_unit_iters=True, disable_predication=False)
v13, v14, v15, v16 = sch.sample_perfect_tile(loop=l3, n=4, max_innermost_factor=64, decision=[6, 32, 2, 2])
l17, l18, l19, l20 = sch.split(loop=l3, factors=[v13, v14, v15, v16], preserve_unit_iters=True, disable_predication=False)
v21, v22 = sch.sample_perfect_tile(loop=l4, n=2, max_innermost_factor=64, decision=[3072, 1])
l23, l24 = sch.split(loop=l4, factors=[v21, v22], preserve_unit_iters=True, disable_predication=False)
sch.reorder(l9, l17, l10, l18, l23, l11, l19, l24, l12, l20)
b25 = sch.cache_write(block=b0, write_buffer_index=0, storage_scope="global")
sch.reverse_compute_at(block=b25, loop=l18, preserve_unit_loops=True, index=-1)
sch.annotate(block_or_loop=b1, ann_key="meta_schedule.parallel", ann_val=128)
sch.annotate(block_or_loop=b1, ann_key="meta_schedule.vectorize", ann_val=64)
v26 = sch.sample_categorical(candidates=[0, 16, 64, 512], probs=[0.25, 0.25, 0.25, 0.25], decision=2)
sch.annotate(block_or_loop=b1, ann_key="meta_schedule.unroll_explicit", ann_val=v26)
2026-04-10 14:08:56 [INFO] [task_scheduler.cc:176] Design space #1:
# from tvm.script import ir as I
# from tvm.script import tir as T

@I.ir_module
class Module:
    @T.prim_func
    def main(A: T.Buffer((32, 3072), "float32"), B: T.Buffer((3072, 768), "float32"), C: T.Buffer((32, 768), "float32")):
        T.func_attr({"tir.noalias": True})
        with T.block("root"):
            T.reads()
            T.writes()
            T.block_attr({"meta_schedule.parallel": 128, "meta_schedule.unroll_explicit": 512, "meta_schedule.vectorize": 64})
            C_global = T.alloc_buffer((32, 768))
            for i_0, j_0 in T.grid(8, 6):
                for i_1, j_1, k_0, i_2, j_2, k_1, i_3, j_3 in T.grid(2, 32, 3072, 2, 2, 1, 1, 2):
                    with T.block("C"):
                        vi = T.axis.spatial(32, i_0 * 4 + i_1 * 2 + i_2 + i_3)
                        vj = T.axis.spatial(768, j_0 * 128 + j_1 * 4 + j_2 * 2 + j_3)
                        vk = T.axis.reduce(3072, k_0 + k_1)
                        T.reads(A[vi, vk], B[vk, vj])
                        T.writes(C_global[vi, vj])
                        T.block_attr({"meta_schedule.tiling_structure": "SSRSRS"})
                        with T.init():
                            C_global[vi, vj] = T.float32(0.0)
                        C_global[vi, vj] = C_global[vi, vj] + A[vi, vk] * B[vk, vj]
                for ax0, ax1 in T.grid(4, 128):
                    with T.block("C_global"):
                        v0 = T.axis.spatial(32, i_0 * 4 + ax0)
                        v1 = T.axis.spatial(768, j_0 * 128 + ax1)
                        T.reads(C_global[v0, v1])
                        T.writes(C[v0, v1])
                        C[v0, v1] = C_global[v0, v1]
b0 = sch.get_block(name="C", func_name="main")
b1 = sch.get_block(name="root", func_name="main")
sch.annotate(block_or_loop=b0, ann_key="meta_schedule.tiling_structure", ann_val="SSRSRS")
l2, l3, l4 = sch.get_loops(block=b0)
v5, v6, v7, v8 = sch.sample_perfect_tile(loop=l2, n=4, max_innermost_factor=64, decision=[8, 2, 2, 1])
l9, l10, l11, l12 = sch.split(loop=l2, factors=[v5, v6, v7, v8], preserve_unit_iters=True, disable_predication=False)
v13, v14, v15, v16 = sch.sample_perfect_tile(loop=l3, n=4, max_innermost_factor=64, decision=[6, 32, 2, 2])
l17, l18, l19, l20 = sch.split(loop=l3, factors=[v13, v14, v15, v16], preserve_unit_iters=True, disable_predication=False)
v21, v22 = sch.sample_perfect_tile(loop=l4, n=2, max_innermost_factor=64, decision=[3072, 1])
l23, l24 = sch.split(loop=l4, factors=[v21, v22], preserve_unit_iters=True, disable_predication=False)
sch.reorder(l9, l17, l10, l18, l23, l11, l19, l24, l12, l20)
b25 = sch.cache_write(block=b0, write_buffer_index=0, storage_scope="global")
sch.reverse_compute_at(block=b25, loop=l17, preserve_unit_loops=True, index=-1)
sch.annotate(block_or_loop=b1, ann_key="meta_schedule.parallel", ann_val=128)
sch.annotate(block_or_loop=b1, ann_key="meta_schedule.vectorize", ann_val=64)
v26 = sch.sample_categorical(candidates=[0, 16, 64, 512], probs=[0.25, 0.25, 0.25, 0.25], decision=3)
sch.annotate(block_or_loop=b1, ann_key="meta_schedule.unroll_explicit", ann_val=v26)
2026-04-10 14:08:56 [INFO] [task_scheduler.cc:176] Design space #2:
# from tvm.script import ir as I
# from tvm.script import tir as T

@I.ir_module
class Module:
    @T.prim_func
    def main(A: T.Buffer((32, 3072), "float32"), B: T.Buffer((3072, 768), "float32"), C: T.Buffer((32, 768), "float32")):
        T.func_attr({"tir.noalias": True})
        with T.block("root"):
            T.reads()
            T.writes()
            T.block_attr({"meta_schedule.parallel": 128, "meta_schedule.unroll_explicit": 16, "meta_schedule.vectorize": 64})
            for i_0, j_0, i_1, j_1, k_0, i_2, j_2, k_1, i_3, j_3 in T.grid(8, 6, 2, 32, 3072, 2, 2, 1, 1, 2):
                with T.block("C"):
                    vi = T.axis.spatial(32, i_0 * 4 + i_1 * 2 + i_2 + i_3)
                    vj = T.axis.spatial(768, j_0 * 128 + j_1 * 4 + j_2 * 2 + j_3)
                    vk = T.axis.reduce(3072, k_0 + k_1)
                    T.reads(A[vi, vk], B[vk, vj])
                    T.writes(C[vi, vj])
                    T.block_attr({"meta_schedule.tiling_structure": "SSRSRS"})
                    with T.init():
                        C[vi, vj] = T.float32(0.0)
                    C[vi, vj] = C[vi, vj] + A[vi, vk] * B[vk, vj]
b0 = sch.get_block(name="C", func_name="main")
b1 = sch.get_block(name="root", func_name="main")
sch.annotate(block_or_loop=b0, ann_key="meta_schedule.tiling_structure", ann_val="SSRSRS")
l2, l3, l4 = sch.get_loops(block=b0)
v5, v6, v7, v8 = sch.sample_perfect_tile(loop=l2, n=4, max_innermost_factor=64, decision=[8, 2, 2, 1])
l9, l10, l11, l12 = sch.split(loop=l2, factors=[v5, v6, v7, v8], preserve_unit_iters=True, disable_predication=False)
v13, v14, v15, v16 = sch.sample_perfect_tile(loop=l3, n=4, max_innermost_factor=64, decision=[6, 32, 2, 2])
l17, l18, l19, l20 = sch.split(loop=l3, factors=[v13, v14, v15, v16], preserve_unit_iters=True, disable_predication=False)
v21, v22 = sch.sample_perfect_tile(loop=l4, n=2, max_innermost_factor=64, decision=[3072, 1])
l23, l24 = sch.split(loop=l4, factors=[v21, v22], preserve_unit_iters=True, disable_predication=False)
sch.reorder(l9, l17, l10, l18, l23, l11, l19, l24, l12, l20)
sch.annotate(block_or_loop=b1, ann_key="meta_schedule.parallel", ann_val=128)
sch.annotate(block_or_loop=b1, ann_key="meta_schedule.vectorize", ann_val=64)
v25 = sch.sample_categorical(candidates=[0, 16, 64, 512], probs=[0.25, 0.25, 0.25, 0.25], decision=1)
sch.annotate(block_or_loop=b1, ann_key="meta_schedule.unroll_explicit", ann_val=v25)
2026-04-10 14:08:56 [INFO] [evolutionary_search.cc:711] Generating candidates......
2026-04-10 14:08:56 [INFO] [evolutionary_search.cc:713] Picked top 0 candidate(s) from database
2026-04-10 14:08:56 [INFO] [evolutionary_search.cc:530] Sample-Init-Population summary:
Postproc #0 [meta_schedule.DisallowDynamicLoop(0x5cca8a60d228)]: 0 failure(s)
Postproc #1 [meta_schedule.RewriteParallelVectorizeUnroll(0x5cca8b32b178)]: 0 failure(s)
Postproc #2 [meta_schedule.RewriteReductionBlock(0x5cca8abf18c8)]: 0 failure(s)
Postproc #3 [meta_schedule.RewriteLayout(0x5cca8ae242b8)]: 0 failure(s)
2026-04-10 14:08:56 [INFO] [evolutionary_search.cc:721] Sampled 384 candidate(s)
2026-04-10 14:08:56 [INFO] [evolutionary_search.cc:619] Evolve iter #0 done. Summary:
Postproc #0 [meta_schedule.DisallowDynamicLoop(0x5cca8a60d228)]: 0 failure(s)
Postproc #1 [meta_schedule.RewriteParallelVectorizeUnroll(0x5cca8b32b178)]: 0 failure(s)
Postproc #2 [meta_schedule.RewriteReductionBlock(0x5cca8abf18c8)]: 0 failure(s)
Postproc #3 [meta_schedule.RewriteLayout(0x5cca8ae242b8)]: 0 failure(s)
2026-04-10 14:08:57 [INFO] [evolutionary_search.cc:619] Evolve iter #1 done. Summary:
Postproc #0 [meta_schedule.DisallowDynamicLoop(0x5cca8a60d228)]: 0 failure(s)
Postproc #1 [meta_schedule.RewriteParallelVectorizeUnroll(0x5cca8b32b178)]: 0 failure(s)
Postproc #2 [meta_schedule.RewriteReductionBlock(0x5cca8abf18c8)]: 0 failure(s)
Postproc #3 [meta_schedule.RewriteLayout(0x5cca8ae242b8)]: 0 failure(s)
2026-04-10 14:08:57 [INFO] [evolutionary_search.cc:619] Evolve iter #2 done. Summary:
Postproc #0 [meta_schedule.DisallowDynamicLoop(0x5cca8a60d228)]: 0 failure(s)
Postproc #1 [meta_schedule.RewriteParallelVectorizeUnroll(0x5cca8b32b178)]: 0 failure(s)
Postproc #2 [meta_schedule.RewriteReductionBlock(0x5cca8abf18c8)]: 0 failure(s)
Postproc #3 [meta_schedule.RewriteLayout(0x5cca8ae242b8)]: 0 failure(s)
2026-04-10 14:08:57 [INFO] [evolutionary_search.cc:647] Scores of the best 64 candidates:
[1 : 16]:	0.9987  0.9985  0.9982  0.9977  0.9973  0.9965  0.9954  0.9951  0.9938  0.9932  0.9928  0.9916  0.9913  0.9909  0.9908  0.9905
[17 : 32]:	0.9894  0.9892  0.9891  0.9886  0.9871  0.9867  0.9860  0.9854  0.9847  0.9846  0.9845  0.9836  0.9778  0.9776  0.9775  0.9764
[33 : 48]:	0.9744  0.9723  0.9707  0.9703  0.9697  0.9693  0.9690  0.9686  0.9680  0.9676  0.9675  0.9663  0.9650  0.9642  0.9637  0.9627
[49 : 64]:	0.9626  0.9625  0.9601  0.9581  0.9577  0.9560  0.9546  0.9516  0.9515  0.9513  0.9504  0.9504  0.9494  0.9488  0.9486  0.9484
2026-04-10 14:08:57 [INFO] [evolutionary_search.cc:725] Got 64 candidate(s) with evolutionary search
2026-04-10 14:08:57 [INFO] [evolutionary_search.cc:728] Sending 64 candidates(s) for measurement
2026-04-10 14:09:20 [INFO] [task_scheduler.cc:137] [Task #0: main] Trial #1: GFLOPs: 16.0785. Time: 9391.0883 us. Best GFLOPs: 16.0785
2026-04-10 14:09:20 [INFO] [task_scheduler.cc:137] [Task #0: main] Trial #2: GFLOPs: 2.1853. Time: 69096.1690 us. Best GFLOPs: 16.0785
2026-04-10 14:09:20 [INFO] [task_scheduler.cc:137] [Task #0: main] Trial #3: GFLOPs: 41.2088. Time: 3664.1407 us. Best GFLOPs: 41.2088
2026-04-10 14:09:20 [INFO] [task_scheduler.cc:137] [Task #0: main] Trial #4: GFLOPs: 17.7299. Time: 8516.4210 us. Best GFLOPs: 41.2088
2026-04-10 14:09:20 [INFO] [task_scheduler.cc:137] [Task #0: main] Trial #5: GFLOPs: 40.7297. Time: 3707.2443 us. Best GFLOPs: 41.2088
2026-04-10 14:09:20 [INFO] [task_scheduler.cc:137] [Task #0: main] Trial #6: GFLOPs: 71.9624. Time: 2098.2474 us. Best GFLOPs: 71.9624
2026-04-10 14:09:20 [INFO] [task_scheduler.cc:137] [Task #0: main] Trial #7: GFLOPs: 62.2397. Time: 2426.0240 us. Best GFLOPs: 71.9624
2026-04-10 14:09:20 [INFO] [task_scheduler.cc:137] [Task #0: main] Trial #8: GFLOPs: 63.8144. Time: 2366.1585 us. Best GFLOPs: 71.9624
2026-04-10 14:09:20 [INFO] [task_scheduler.cc:137] [Task #0: main] Trial #9: GFLOPs: 19.7893. Time: 7630.1390 us. Best GFLOPs: 71.9624
2026-04-10 14:09:20 [INFO] [task_scheduler.cc:137] [Task #0: main] Trial #10: GFLOPs: 33.9606. Time: 4446.1822 us. Best GFLOPs: 71.9624
2026-04-10 14:09:20 [INFO] [task_scheduler.cc:137] [Task #0: main] Trial #11: GFLOPs: 36.8670. Time: 4095.6689 us. Best GFLOPs: 71.9624
2026-04-10 14:09:20 [INFO] [task_scheduler.cc:137] [Task #0: main] Trial #12: GFLOPs: 8.5685. Time: 17622.0923 us. Best GFLOPs: 71.9624
2026-04-10 14:09:20 [INFO] [task_scheduler.cc:137] [Task #0: main] Trial #13: GFLOPs: 14.2842. Time: 10570.7742 us. Best GFLOPs: 71.9624
2026-04-10 14:09:20 [INFO] [task_scheduler.cc:137] [Task #0: main] Trial #14: GFLOPs: 37.1868. Time: 4060.4406 us. Best GFLOPs: 71.9624
2026-04-10 14:09:20 [INFO] [task_scheduler.cc:137] [Task #0: main] Trial #15: GFLOPs: 52.5541. Time: 2873.1308 us. Best GFLOPs: 71.9624
2026-04-10 14:09:20 [INFO] [task_scheduler.cc:137] [Task #0: main] Trial #16: GFLOPs: 7.9035. Time: 19104.7450 us. Best GFLOPs: 71.9624
2026-04-10 14:09:20 [INFO] [task_scheduler.cc:137] [Task #0: main] Trial #17: GFLOPs: 14.7088. Time: 10265.6517 us. Best GFLOPs: 71.9624
2026-04-10 14:09:20 [INFO] [task_scheduler.cc:137] [Task #0: main] Trial #18: GFLOPs: 46.8683. Time: 3221.6878 us. Best GFLOPs: 71.9624
2026-04-10 14:09:20 [INFO] [task_scheduler.cc:137] [Task #0: main] Trial #19: GFLOPs: 34.9829. Time: 4316.2528 us. Best GFLOPs: 71.9624
2026-04-10 14:09:20 [INFO] [task_scheduler.cc:137] [Task #0: main] Trial #20: GFLOPs: 3.2747. Time: 46109.3700 us. Best GFLOPs: 71.9624
2026-04-10 14:09:20 [INFO] [task_scheduler.cc:137] [Task #0: main] Trial #21: GFLOPs: 30.7528. Time: 4909.9647 us. Best GFLOPs: 71.9624
2026-04-10 14:09:20 [INFO] [task_scheduler.cc:137] [Task #0: main] Trial #22: GFLOPs: 24.9777. Time: 6045.1886 us. Best GFLOPs: 71.9624
2026-04-10 14:09:20 [INFO] [task_scheduler.cc:137] [Task #0: main] Trial #23: GFLOPs: 17.9433. Time: 8415.0998 us. Best GFLOPs: 71.9624
2026-04-10 14:09:20 [INFO] [task_scheduler.cc:137] [Task #0: main] Trial #24: GFLOPs: 31.9281. Time: 4729.2141 us. Best GFLOPs: 71.9624
2026-04-10 14:09:20 [INFO] [task_scheduler.cc:137] [Task #0: main] Trial #25: GFLOPs: 57.1103. Time: 2643.9185 us. Best GFLOPs: 71.9624
2026-04-10 14:09:20 [INFO] [task_scheduler.cc:137] [Task #0: main] Trial #26: GFLOPs: 31.8132. Time: 4746.2928 us. Best GFLOPs: 71.9624
2026-04-10 14:09:20 [INFO] [task_scheduler.cc:137] [Task #0: main] Trial #27: GFLOPs: 32.9973. Time: 4575.9779 us. Best GFLOPs: 71.9624
2026-04-10 14:09:20 [INFO] [task_scheduler.cc:137] [Task #0: main] Trial #28: GFLOPs: 40.9484. Time: 3687.4406 us. Best GFLOPs: 71.9624
2026-04-10 14:09:20 [INFO] [task_scheduler.cc:137] [Task #0: main] Trial #29: GFLOPs: 20.1525. Time: 7492.6148 us. Best GFLOPs: 71.9624
2026-04-10 14:09:20 [INFO] [task_scheduler.cc:137] [Task #0: main] Trial #30: GFLOPs: 37.9623. Time: 3977.4992 us. Best GFLOPs: 71.9624
2026-04-10 14:09:20 [INFO] [task_scheduler.cc:137] [Task #0: main] Trial #31: GFLOPs: 14.6263. Time: 10323.4890 us. Best GFLOPs: 71.9624
2026-04-10 14:09:20 [INFO] [task_scheduler.cc:137] [Task #0: main] Trial #32: GFLOPs: 71.9934. Time: 2097.3435 us. Best GFLOPs: 71.9934
2026-04-10 14:09:20 [INFO] [task_scheduler.cc:137] [Task #0: main] Trial #33: GFLOPs: 20.7593. Time: 7273.6097 us. Best GFLOPs: 71.9934
2026-04-10 14:09:20 [INFO] [task_scheduler.cc:137] [Task #0: main] Trial #34: GFLOPs: 26.1148. Time: 5781.9735 us. Best GFLOPs: 71.9934
2026-04-10 14:09:20 [INFO] [task_scheduler.cc:137] [Task #0: main] Trial #35: GFLOPs: 21.1277. Time: 7146.7642 us. Best GFLOPs: 71.9934
2026-04-10 14:09:20 [INFO] [task_scheduler.cc:137] [Task #0: main] Trial #36: GFLOPs: 81.9154. Time: 1843.3024 us. Best GFLOPs: 81.9154
2026-04-10 14:09:20 [INFO] [task_scheduler.cc:137] [Task #0: main] Trial #37: GFLOPs: 64.2870. Time: 2348.7641 us. Best GFLOPs: 81.9154
2026-04-10 14:09:20 [INFO] [task_scheduler.cc:137] [Task #0: main] Trial #38: GFLOPs: 70.5781. Time: 2139.4015 us. Best GFLOPs: 81.9154
2026-04-10 14:09:20 [INFO] [task_scheduler.cc:137] [Task #0: main] Trial #39: GFLOPs: 38.6013. Time: 3911.6566 us. Best GFLOPs: 81.9154
2026-04-10 14:09:20 [INFO] [task_scheduler.cc:137] [Task #0: main] Trial #40: GFLOPs: 8.0929. Time: 18657.7873 us. Best GFLOPs: 81.9154
2026-04-10 14:09:20 [INFO] [task_scheduler.cc:137] [Task #0: main] Trial #41: GFLOPs: 59.3328. Time: 2544.8810 us. Best GFLOPs: 81.9154
2026-04-10 14:09:20 [INFO] [task_scheduler.cc:137] [Task #0: main] Trial #42: GFLOPs: 12.2830. Time: 12292.9947 us. Best GFLOPs: 81.9154
2026-04-10 14:09:20 [INFO] [task_scheduler.cc:137] [Task #0: main] Trial #43: GFLOPs: 11.3221. Time: 13336.2498 us. Best GFLOPs: 81.9154
2026-04-10 14:09:20 [INFO] [task_scheduler.cc:137] [Task #0: main] Trial #44: GFLOPs: 12.8366. Time: 11762.8788 us. Best GFLOPs: 81.9154
2026-04-10 14:09:20 [INFO] [task_scheduler.cc:137] [Task #0: main] Trial #45: GFLOPs: 14.7650. Time: 10226.5486 us. Best GFLOPs: 81.9154
2026-04-10 14:09:20 [INFO] [task_scheduler.cc:137] [Task #0: main] Trial #46: GFLOPs: 35.9466. Time: 4200.5323 us. Best GFLOPs: 81.9154
2026-04-10 14:09:20 [INFO] [task_scheduler.cc:137] [Task #0: main] Trial #47: GFLOPs: 22.0407. Time: 6850.7304 us. Best GFLOPs: 81.9154
2026-04-10 14:09:20 [INFO] [task_scheduler.cc:137] [Task #0: main] Trial #48: GFLOPs: 4.4359. Time: 34039.2930 us. Best GFLOPs: 81.9154
2026-04-10 14:09:20 [INFO] [task_scheduler.cc:137] [Task #0: main] Trial #49: GFLOPs: 40.0771. Time: 3767.6156 us. Best GFLOPs: 81.9154
2026-04-10 14:09:20 [INFO] [task_scheduler.cc:137] [Task #0: main] Trial #50: GFLOPs: 27.9263. Time: 5406.9030 us. Best GFLOPs: 81.9154
2026-04-10 14:09:20 [INFO] [task_scheduler.cc:137] [Task #0: main] Trial #51: GFLOPs: 39.9241. Time: 3782.0542 us. Best GFLOPs: 81.9154
2026-04-10 14:09:20 [INFO] [task_scheduler.cc:137] [Task #0: main] Trial #52: GFLOPs: 19.2524. Time: 7842.9071 us. Best GFLOPs: 81.9154
2026-04-10 14:09:20 [INFO] [task_scheduler.cc:137] [Task #0: main] Trial #53: GFLOPs: 63.3659. Time: 2382.9057 us. Best GFLOPs: 81.9154
2026-04-10 14:09:20 [INFO] [task_scheduler.cc:137] [Task #0: main] Trial #54: GFLOPs: 59.0059. Time: 2558.9823 us. Best GFLOPs: 81.9154
2026-04-10 14:09:20 [INFO] [task_scheduler.cc:137] [Task #0: main] Trial #55: GFLOPs: 12.5646. Time: 12017.5165 us. Best GFLOPs: 81.9154
2026-04-10 14:09:20 [INFO] [task_scheduler.cc:137] [Task #0: main] Trial #56: GFLOPs: 22.3102. Time: 6767.9694 us. Best GFLOPs: 81.9154
2026-04-10 14:09:20 [INFO] [task_scheduler.cc:137] [Task #0: main] Trial #57: GFLOPs: 10.4339. Time: 14471.5064 us. Best GFLOPs: 81.9154
2026-04-10 14:09:20 [INFO] [task_scheduler.cc:137] [Task #0: main] Trial #58: GFLOPs: 8.7410. Time: 17274.2737 us. Best GFLOPs: 81.9154
2026-04-10 14:09:20 [INFO] [task_scheduler.cc:137] [Task #0: main] Trial #59: GFLOPs: 56.6131. Time: 2667.1355 us. Best GFLOPs: 81.9154
2026-04-10 14:09:20 [INFO] [task_scheduler.cc:137] [Task #0: main] Trial #60: GFLOPs: 79.8147. Time: 1891.8195 us. Best GFLOPs: 81.9154
2026-04-10 14:09:20 [INFO] [task_scheduler.cc:137] [Task #0: main] Trial #61: GFLOPs: 32.3773. Time: 4663.6090 us. Best GFLOPs: 81.9154
2026-04-10 14:09:20 [INFO] [task_scheduler.cc:137] [Task #0: main] Trial #62: GFLOPs: 4.7246. Time: 31959.2710 us. Best GFLOPs: 81.9154
2026-04-10 14:09:20 [INFO] [task_scheduler.cc:137] [Task #0: main] Trial #63: GFLOPs: 78.0891. Time: 1933.6232 us. Best GFLOPs: 81.9154
2026-04-10 14:09:20 [INFO] [task_scheduler.cc:137] [Task #0: main] Trial #64: GFLOPs: 31.2621. Time: 4829.9739 us. Best GFLOPs: 81.9154
2026-04-10 15:17:40 [INFO] [task_scheduler.cc:166] Initializing Task #0: "main"
2026-04-10 15:17:40 [INFO] [task_scheduler.cc:41] 
# from tvm.script import ir as I
# from tvm.script import tir as T

@I.ir_module
class Module:
    @T.prim_func
    def main(A: T.Buffer((32, 3072), "float32"), B: T.Buffer((3072, 768), "float32"), C: T.Buffer((32, 768), "float32")):
        T.func_attr({"tir.noalias": True})
        # with T.block("root"):
        for i, j, k in T.grid(32, 768, 3072):
            with T.block("C"):
                vi, vj, vk = T.axis.remap("SSR", [i, j, k])
                T.reads(A[vi, vk], B[vk, vj])
                T.writes(C[vi, vj])
                with T.init():
                    C[vi, vj] = T.float32(0.0)
                C[vi, vj] = C[vi, vj] + A[vi, vk] * B[vk, vj]
2026-04-10 15:17:40 [INFO] [task_scheduler.cc:170] Total 3 design space(s) generated
2026-04-10 15:17:40 [INFO] [task_scheduler.cc:176] Design space #0:
# from tvm.script import ir as I
# from tvm.script import tir as T

@I.ir_module
class Module:
    @T.prim_func
    def main(A: T.Buffer((32, 3072), "float32"), B: T.Buffer((3072, 768), "float32"), C: T.Buffer((32, 768), "float32")):
        T.func_attr({"tir.noalias": True})
        with T.block("root"):
            T.reads()
            T.writes()
            T.block_attr({"meta_schedule.parallel": 128, "meta_schedule.unroll_explicit": 64, "meta_schedule.vectorize": 64})
            C_global = T.alloc_buffer((32, 768))
            for i_0, j_0, i_1, j_1 in T.grid(1, 12, 2, 2):
                for k_0, i_2, j_2, k_1, i_3, j_3 in T.grid(1536, 4, 32, 2, 4, 1):
                    with T.block("C"):
                        vi = T.axis.spatial(32, i_0 * 32 + i_1 * 16 + i_2 * 4 + i_3)
                        vj = T.axis.spatial(768, j_0 * 64 + j_1 * 32 + j_2 + j_3)
                        vk = T.axis.reduce(3072, k_0 * 2 + k_1)
                        T.reads(A[vi, vk], B[vk, vj])
                        T.writes(C_global[vi, vj])
                        T.block_attr({"meta_schedule.tiling_structure": "SSRSRS"})
                        with T.init():
                            C_global[vi, vj] = T.float32(0.0)
                        C_global[vi, vj] = C_global[vi, vj] + A[vi, vk] * B[vk, vj]
                for ax0, ax1 in T.grid(16, 32):
                    with T.block("C_global"):
                        v0 = T.axis.spatial(32, i_1 * 16 + ax0)
                        v1 = T.axis.spatial(768, j_0 * 64 + j_1 * 32 + ax1)
                        T.reads(C_global[v0, v1])
                        T.writes(C[v0, v1])
                        C[v0, v1] = C_global[v0, v1]
b0 = sch.get_block(name="C", func_name="main")
b1 = sch.get_block(name="root", func_name="main")
sch.annotate(block_or_loop=b0, ann_key="meta_schedule.tiling_structure", ann_val="SSRSRS")
l2, l3, l4 = sch.get_loops(block=b0)
v5, v6, v7, v8 = sch.sample_perfect_tile(loop=l2, n=4, max_innermost_factor=64, decision=[1, 2, 4, 4])
l9, l10, l11, l12 = sch.split(loop=l2, factors=[v5, v6, v7, v8], preserve_unit_iters=True, disable_predication=False)
v13, v14, v15, v16 = sch.sample_perfect_tile(loop=l3, n=4, max_innermost_factor=64, decision=[12, 2, 32, 1])
l17, l18, l19, l20 = sch.split(loop=l3, factors=[v13, v14, v15, v16], preserve_unit_iters=True, disable_predication=False)
v21, v22 = sch.sample_perfect_tile(loop=l4, n=2, max_innermost_factor=64, decision=[1536, 2])
l23, l24 = sch.split(loop=l4, factors=[v21, v22], preserve_unit_iters=True, disable_predication=False)
sch.reorder(l9, l17, l10, l18, l23, l11, l19, l24, l12, l20)
b25 = sch.cache_write(block=b0, write_buffer_index=0, storage_scope="global")
sch.reverse_compute_at(block=b25, loop=l18, preserve_unit_loops=True, index=-1)
sch.annotate(block_or_loop=b1, ann_key="meta_schedule.parallel", ann_val=128)
sch.annotate(block_or_loop=b1, ann_key="meta_schedule.vectorize", ann_val=64)
v26 = sch.sample_categorical(candidates=[0, 16, 64, 512], probs=[0.25, 0.25, 0.25, 0.25], decision=2)
sch.annotate(block_or_loop=b1, ann_key="meta_schedule.unroll_explicit", ann_val=v26)
2026-04-10 15:17:40 [INFO] [task_scheduler.cc:176] Design space #1:
# from tvm.script import ir as I
# from tvm.script import tir as T

@I.ir_module
class Module:
    @T.prim_func
    def main(A: T.Buffer((32, 3072), "float32"), B: T.Buffer((3072, 768), "float32"), C: T.Buffer((32, 768), "float32")):
        T.func_attr({"tir.noalias": True})
        with T.block("root"):
            T.reads()
            T.writes()
            T.block_attr({"meta_schedule.parallel": 128, "meta_schedule.unroll_explicit": 512, "meta_schedule.vectorize": 64})
            C_global = T.alloc_buffer((32, 768))
            for i_0, j_0 in T.grid(1, 12):
                for i_1, j_1, k_0, i_2, j_2, k_1, i_3, j_3 in T.grid(2, 2, 1536, 4, 32, 2, 4, 1):
                    with T.block("C"):
                        vi = T.axis.spatial(32, i_0 * 32 + i_1 * 16 + i_2 * 4 + i_3)
                        vj = T.axis.spatial(768, j_0 * 64 + j_1 * 32 + j_2 + j_3)
                        vk = T.axis.reduce(3072, k_0 * 2 + k_1)
                        T.reads(A[vi, vk], B[vk, vj])
                        T.writes(C_global[vi, vj])
                        T.block_attr({"meta_schedule.tiling_structure": "SSRSRS"})
                        with T.init():
                            C_global[vi, vj] = T.float32(0.0)
                        C_global[vi, vj] = C_global[vi, vj] + A[vi, vk] * B[vk, vj]
                for ax0, ax1 in T.grid(32, 64):
                    with T.block("C_global"):
                        v0 = T.axis.spatial(32, ax0)
                        v1 = T.axis.spatial(768, j_0 * 64 + ax1)
                        T.reads(C_global[v0, v1])
                        T.writes(C[v0, v1])
                        C[v0, v1] = C_global[v0, v1]
b0 = sch.get_block(name="C", func_name="main")
b1 = sch.get_block(name="root", func_name="main")
sch.annotate(block_or_loop=b0, ann_key="meta_schedule.tiling_structure", ann_val="SSRSRS")
l2, l3, l4 = sch.get_loops(block=b0)
v5, v6, v7, v8 = sch.sample_perfect_tile(loop=l2, n=4, max_innermost_factor=64, decision=[1, 2, 4, 4])
l9, l10, l11, l12 = sch.split(loop=l2, factors=[v5, v6, v7, v8], preserve_unit_iters=True, disable_predication=False)
v13, v14, v15, v16 = sch.sample_perfect_tile(loop=l3, n=4, max_innermost_factor=64, decision=[12, 2, 32, 1])
l17, l18, l19, l20 = sch.split(loop=l3, factors=[v13, v14, v15, v16], preserve_unit_iters=True, disable_predication=False)
v21, v22 = sch.sample_perfect_tile(loop=l4, n=2, max_innermost_factor=64, decision=[1536, 2])
l23, l24 = sch.split(loop=l4, factors=[v21, v22], preserve_unit_iters=True, disable_predication=False)
sch.reorder(l9, l17, l10, l18, l23, l11, l19, l24, l12, l20)
b25 = sch.cache_write(block=b0, write_buffer_index=0, storage_scope="global")
sch.reverse_compute_at(block=b25, loop=l17, preserve_unit_loops=True, index=-1)
sch.annotate(block_or_loop=b1, ann_key="meta_schedule.parallel", ann_val=128)
sch.annotate(block_or_loop=b1, ann_key="meta_schedule.vectorize", ann_val=64)
v26 = sch.sample_categorical(candidates=[0, 16, 64, 512], probs=[0.25, 0.25, 0.25, 0.25], decision=3)
sch.annotate(block_or_loop=b1, ann_key="meta_schedule.unroll_explicit", ann_val=v26)
2026-04-10 15:17:40 [INFO] [task_scheduler.cc:176] Design space #2:
# from tvm.script import ir as I
# from tvm.script import tir as T

@I.ir_module
class Module:
    @T.prim_func
    def main(A: T.Buffer((32, 3072), "float32"), B: T.Buffer((3072, 768), "float32"), C: T.Buffer((32, 768), "float32")):
        T.func_attr({"tir.noalias": True})
        with T.block("root"):
            T.reads()
            T.writes()
            T.block_attr({"meta_schedule.parallel": 128, "meta_schedule.unroll_explicit": 0, "meta_schedule.vectorize": 64})
            for i_0, j_0, i_1, j_1, k_0, i_2, j_2, k_1, i_3, j_3 in T.grid(1, 12, 2, 2, 1536, 4, 32, 2, 4, 1):
                with T.block("C"):
                    vi = T.axis.spatial(32, i_0 * 32 + i_1 * 16 + i_2 * 4 + i_3)
                    vj = T.axis.spatial(768, j_0 * 64 + j_1 * 32 + j_2 + j_3)
                    vk = T.axis.reduce(3072, k_0 * 2 + k_1)
                    T.reads(A[vi, vk], B[vk, vj])
                    T.writes(C[vi, vj])
                    T.block_attr({"meta_schedule.tiling_structure": "SSRSRS"})
                    with T.init():
                        C[vi, vj] = T.float32(0.0)
                    C[vi, vj] = C[vi, vj] + A[vi, vk] * B[vk, vj]
b0 = sch.get_block(name="C", func_name="main")
b1 = sch.get_block(name="root", func_name="main")
sch.annotate(block_or_loop=b0, ann_key="meta_schedule.tiling_structure", ann_val="SSRSRS")
l2, l3, l4 = sch.get_loops(block=b0)
v5, v6, v7, v8 = sch.sample_perfect_tile(loop=l2, n=4, max_innermost_factor=64, decision=[1, 2, 4, 4])
l9, l10, l11, l12 = sch.split(loop=l2, factors=[v5, v6, v7, v8], preserve_unit_iters=True, disable_predication=False)
v13, v14, v15, v16 = sch.sample_perfect_tile(loop=l3, n=4, max_innermost_factor=64, decision=[12, 2, 32, 1])
l17, l18, l19, l20 = sch.split(loop=l3, factors=[v13, v14, v15, v16], preserve_unit_iters=True, disable_predication=False)
v21, v22 = sch.sample_perfect_tile(loop=l4, n=2, max_innermost_factor=64, decision=[1536, 2])
l23, l24 = sch.split(loop=l4, factors=[v21, v22], preserve_unit_iters=True, disable_predication=False)
sch.reorder(l9, l17, l10, l18, l23, l11, l19, l24, l12, l20)
sch.annotate(block_or_loop=b1, ann_key="meta_schedule.parallel", ann_val=128)
sch.annotate(block_or_loop=b1, ann_key="meta_schedule.vectorize", ann_val=64)
v25 = sch.sample_categorical(candidates=[0, 16, 64, 512], probs=[0.25, 0.25, 0.25, 0.25], decision=0)
sch.annotate(block_or_loop=b1, ann_key="meta_schedule.unroll_explicit", ann_val=v25)
2026-04-10 15:17:40 [INFO] [evolutionary_search.cc:711] Generating candidates......
2026-04-10 15:17:40 [INFO] [evolutionary_search.cc:713] Picked top 64 candidate(s) from database
2026-04-10 15:17:41 [INFO] [evolutionary_search.cc:530] Sample-Init-Population summary:
Postproc #0 [meta_schedule.DisallowDynamicLoop(0x576592a972c8)]: 0 failure(s)
Postproc #1 [meta_schedule.RewriteParallelVectorizeUnroll(0x57659293d278)]: 0 failure(s)
Postproc #2 [meta_schedule.RewriteReductionBlock(0x57659295b708)]: 0 failure(s)
Postproc #3 [meta_schedule.RewriteLayout(0x576592ea72f8)]: 0 failure(s)
2026-04-10 15:17:41 [INFO] [evolutionary_search.cc:721] Sampled 397 candidate(s)
2026-04-10 15:17:41 [INFO] [evolutionary_search.cc:619] Evolve iter #0 done. Summary:
Postproc #0 [meta_schedule.DisallowDynamicLoop(0x576592a972c8)]: 0 failure(s)
Postproc #1 [meta_schedule.RewriteParallelVectorizeUnroll(0x57659293d278)]: 0 failure(s)
Postproc #2 [meta_schedule.RewriteReductionBlock(0x57659295b708)]: 0 failure(s)
Postproc #3 [meta_schedule.RewriteLayout(0x576592ea72f8)]: 0 failure(s)
2026-04-10 15:17:41 [INFO] [evolutionary_search.cc:619] Evolve iter #1 done. Summary:
Postproc #0 [meta_schedule.DisallowDynamicLoop(0x576592a972c8)]: 0 failure(s)
Postproc #1 [meta_schedule.RewriteParallelVectorizeUnroll(0x57659293d278)]: 0 failure(s)
Postproc #2 [meta_schedule.RewriteReductionBlock(0x57659295b708)]: 0 failure(s)
Postproc #3 [meta_schedule.RewriteLayout(0x576592ea72f8)]: 0 failure(s)
2026-04-10 15:17:41 [INFO] [evolutionary_search.cc:619] Evolve iter #2 done. Summary:
Postproc #0 [meta_schedule.DisallowDynamicLoop(0x576592a972c8)]: 0 failure(s)
Postproc #1 [meta_schedule.RewriteParallelVectorizeUnroll(0x57659293d278)]: 0 failure(s)
Postproc #2 [meta_schedule.RewriteReductionBlock(0x57659295b708)]: 0 failure(s)
Postproc #3 [meta_schedule.RewriteLayout(0x576592ea72f8)]: 0 failure(s)
2026-04-10 15:17:41 [INFO] [evolutionary_search.cc:647] Scores of the best 64 candidates:
[1 : 16]:	0.9999  0.9994  0.9981  0.9980  0.9969  0.9967  0.9962  0.9962  0.9958  0.9947  0.9946  0.9945  0.9943  0.9943  0.9942  0.9929
[17 : 32]:	0.9929  0.9923  0.9920  0.9917  0.9917  0.9914  0.9872  0.9864  0.9856  0.9850  0.9835  0.9822  0.9803  0.9798  0.9792  0.9791
[33 : 48]:	0.9785  0.9754  0.9745  0.9735  0.9732  0.9729  0.9727  0.9723  0.9718  0.9706  0.9705  0.9693  0.9684  0.9674  0.9672  0.9654
[49 : 64]:	0.9653  0.9647  0.9642  0.9640  0.9638  0.9632  0.9620  0.9615  0.9613  0.9611  0.9600  0.9600  0.9595  0.9589  0.9585  0.9580
2026-04-10 15:17:41 [INFO] [evolutionary_search.cc:725] Got 64 candidate(s) with evolutionary search
2026-04-10 15:17:41 [INFO] [evolutionary_search.cc:728] Sending 64 candidates(s) for measurement
2026-04-10 15:18:07 [INFO] [task_scheduler.cc:137] [Task #0: main] Trial #1: GFLOPs: 61.7339. Time: 2445.8995 us. Best GFLOPs: 61.7339
2026-04-10 15:18:07 [INFO] [task_scheduler.cc:137] [Task #0: main] Trial #2: GFLOPs: 16.2861. Time: 9271.3990 us. Best GFLOPs: 61.7339
2026-04-10 15:18:07 [INFO] [task_scheduler.cc:137] [Task #0: main] Trial #3: GFLOPs: 10.7110. Time: 14097.1503 us. Best GFLOPs: 61.7339
2026-04-10 15:18:07 [INFO] [task_scheduler.cc:137] [Task #0: main] Trial #4: GFLOPs: 14.6382. Time: 10315.1197 us. Best GFLOPs: 61.7339
2026-04-10 15:18:07 [INFO] [task_scheduler.cc:137] [Task #0: main] Trial #5: GFLOPs: 3.7378. Time: 40396.5115 us. Best GFLOPs: 61.7339
2026-04-10 15:18:07 [INFO] [task_scheduler.cc:137] [Task #0: main] Trial #6: GFLOPs: 42.0578. Time: 3590.1766 us. Best GFLOPs: 61.7339
2026-04-10 15:18:07 [INFO] [task_scheduler.cc:137] [Task #0: main] Trial #7: GFLOPs: 11.2893. Time: 13375.0483 us. Best GFLOPs: 61.7339
2026-04-10 15:18:07 [INFO] [task_scheduler.cc:137] [Task #0: main] Trial #8: GFLOPs: 14.4129. Time: 10476.3463 us. Best GFLOPs: 61.7339
2026-04-10 15:18:07 [INFO] [task_scheduler.cc:137] [Task #0: main] Trial #9: GFLOPs: 25.0531. Time: 6026.9986 us. Best GFLOPs: 61.7339
2026-04-10 15:18:07 [INFO] [task_scheduler.cc:137] [Task #0: main] Trial #10: GFLOPs: 5.1795. Time: 29152.3115 us. Best GFLOPs: 61.7339
2026-04-10 15:18:07 [INFO] [task_scheduler.cc:137] [Task #0: main] Trial #11: GFLOPs: 27.7745. Time: 5436.4663 us. Best GFLOPs: 61.7339
2026-04-10 15:18:07 [INFO] [task_scheduler.cc:137] [Task #0: main] Trial #12: GFLOPs: 11.8741. Time: 12716.3530 us. Best GFLOPs: 61.7339
2026-04-10 15:18:07 [INFO] [task_scheduler.cc:137] [Task #0: main] Trial #13: GFLOPs: 4.0817. Time: 36993.1945 us. Best GFLOPs: 61.7339
2026-04-10 15:18:07 [INFO] [task_scheduler.cc:137] [Task #0: main] Trial #14: GFLOPs: 6.3648. Time: 23723.4975 us. Best GFLOPs: 61.7339
2026-04-10 15:18:07 [INFO] [task_scheduler.cc:137] [Task #0: main] Trial #15: GFLOPs: 30.8786. Time: 4889.9566 us. Best GFLOPs: 61.7339
2026-04-10 15:18:07 [INFO] [task_scheduler.cc:137] [Task #0: main] Trial #16: GFLOPs: 20.7497. Time: 7276.9708 us. Best GFLOPs: 61.7339
2026-04-10 15:18:07 [INFO] [task_scheduler.cc:137] [Task #0: main] Trial #17: GFLOPs: 16.0375. Time: 9415.1402 us. Best GFLOPs: 61.7339
2026-04-10 15:18:07 [INFO] [task_scheduler.cc:137] [Task #0: main] Trial #18: GFLOPs: 21.2421. Time: 7108.2807 us. Best GFLOPs: 61.7339
2026-04-10 15:18:07 [INFO] [task_scheduler.cc:137] [Task #0: main] Trial #19: GFLOPs: 19.8385. Time: 7611.2059 us. Best GFLOPs: 61.7339
2026-04-10 15:18:07 [INFO] [task_scheduler.cc:137] [Task #0: main] Trial #20: GFLOPs: 11.3209. Time: 13337.7043 us. Best GFLOPs: 61.7339
2026-04-10 15:18:07 [INFO] [task_scheduler.cc:137] [Task #0: main] Trial #21: GFLOPs: 20.6082. Time: 7326.9518 us. Best GFLOPs: 61.7339
2026-04-10 15:18:07 [INFO] [task_scheduler.cc:137] [Task #0: main] Trial #22: GFLOPs: 16.3084. Time: 9258.6952 us. Best GFLOPs: 61.7339
2026-04-10 15:18:07 [INFO] [task_scheduler.cc:137] [Task #0: main] Trial #23: GFLOPs: 11.0448. Time: 13671.1723 us. Best GFLOPs: 61.7339
2026-04-10 15:18:07 [INFO] [task_scheduler.cc:137] [Task #0: main] Trial #24: GFLOPs: 12.4690. Time: 12109.5874 us. Best GFLOPs: 61.7339
2026-04-10 15:18:07 [INFO] [task_scheduler.cc:137] [Task #0: main] Trial #25: GFLOPs: 22.5609. Time: 6692.7807 us. Best GFLOPs: 61.7339
2026-04-10 15:18:07 [INFO] [task_scheduler.cc:137] [Task #0: main] Trial #26: GFLOPs: 20.4866. Time: 7370.4402 us. Best GFLOPs: 61.7339
2026-04-10 15:18:07 [INFO] [task_scheduler.cc:137] [Task #0: main] Trial #27: GFLOPs: 9.7422. Time: 15499.0193 us. Best GFLOPs: 61.7339
2026-04-10 15:18:07 [INFO] [task_scheduler.cc:137] [Task #0: main] Trial #28: GFLOPs: 29.3307. Time: 5148.0244 us. Best GFLOPs: 61.7339
2026-04-10 15:18:07 [INFO] [task_scheduler.cc:137] [Task #0: main] Trial #29: GFLOPs: 34.0186. Time: 4438.5947 us. Best GFLOPs: 61.7339
2026-04-10 15:18:07 [INFO] [task_scheduler.cc:137] [Task #0: main] Trial #30: GFLOPs: 6.8726. Time: 21970.6575 us. Best GFLOPs: 61.7339
2026-04-10 15:18:07 [INFO] [task_scheduler.cc:137] [Task #0: main] Trial #31: GFLOPs: 31.7253. Time: 4759.4461 us. Best GFLOPs: 61.7339
2026-04-10 15:18:07 [INFO] [task_scheduler.cc:137] [Task #0: main] Trial #32: GFLOPs: 28.9112. Time: 5222.7169 us. Best GFLOPs: 61.7339
2026-04-10 15:18:07 [INFO] [task_scheduler.cc:137] [Task #0: main] Trial #33: GFLOPs: 10.6891. Time: 14126.0290 us. Best GFLOPs: 61.7339
2026-04-10 15:18:07 [INFO] [task_scheduler.cc:137] [Task #0: main] Trial #34: GFLOPs: 14.5406. Time: 10384.3445 us. Best GFLOPs: 61.7339
2026-04-10 15:18:07 [INFO] [task_scheduler.cc:137] [Task #0: main] Trial #35: GFLOPs: 47.5092. Time: 3178.2232 us. Best GFLOPs: 61.7339
2026-04-10 15:18:07 [INFO] [task_scheduler.cc:137] [Task #0: main] Trial #36: GFLOPs: 6.0945. Time: 24775.7865 us. Best GFLOPs: 61.7339
2026-04-10 15:18:07 [INFO] [task_scheduler.cc:137] [Task #0: main] Trial #37: GFLOPs: 28.6176. Time: 5276.2927 us. Best GFLOPs: 61.7339
2026-04-10 15:18:07 [INFO] [task_scheduler.cc:137] [Task #0: main] Trial #38: GFLOPs: 13.5339. Time: 11156.7894 us. Best GFLOPs: 61.7339
2026-04-10 15:18:07 [INFO] [task_scheduler.cc:137] [Task #0: main] Trial #39: GFLOPs: 68.1016. Time: 2217.2024 us. Best GFLOPs: 68.1016
2026-04-10 15:18:07 [INFO] [task_scheduler.cc:137] [Task #0: main] Trial #40: GFLOPs: 39.2362. Time: 3848.3555 us. Best GFLOPs: 68.1016
2026-04-10 15:18:07 [INFO] [task_scheduler.cc:137] [Task #0: main] Trial #41: GFLOPs: 39.3893. Time: 3833.3988 us. Best GFLOPs: 68.1016
2026-04-10 15:18:07 [INFO] [task_scheduler.cc:137] [Task #0: main] Trial #42: GFLOPs: 1.6572. Time: 91115.2630 us. Best GFLOPs: 68.1016
2026-04-10 15:18:07 [INFO] [task_scheduler.cc:137] [Task #0: main] Trial #43: GFLOPs: 10.8254. Time: 13948.2445 us. Best GFLOPs: 68.1016
2026-04-10 15:18:07 [INFO] [task_scheduler.cc:137] [Task #0: main] Trial #44: GFLOPs: 13.6618. Time: 11052.3657 us. Best GFLOPs: 68.1016
2026-04-10 15:18:07 [INFO] [task_scheduler.cc:137] [Task #0: main] Trial #45: GFLOPs: 12.9639. Time: 11647.3252 us. Best GFLOPs: 68.1016
2026-04-10 15:18:07 [INFO] [task_scheduler.cc:137] [Task #0: main] Trial #46: GFLOPs: 6.4936. Time: 23252.9540 us. Best GFLOPs: 68.1016
2026-04-10 15:18:07 [INFO] [task_scheduler.cc:137] [Task #0: main] Trial #47: GFLOPs: 29.8591. Time: 5056.9161 us. Best GFLOPs: 68.1016
2026-04-10 15:18:07 [INFO] [task_scheduler.cc:137] [Task #0: main] Trial #48: GFLOPs: 36.4129. Time: 4146.7384 us. Best GFLOPs: 68.1016
2026-04-10 15:18:07 [INFO] [task_scheduler.cc:137] [Task #0: main] Trial #49: GFLOPs: 9.0933. Time: 16605.1063 us. Best GFLOPs: 68.1016
2026-04-10 15:18:07 [INFO] [task_scheduler.cc:137] [Task #0: main] Trial #50: GFLOPs: 7.4385. Time: 20299.1935 us. Best GFLOPs: 68.1016
2026-04-10 15:18:07 [INFO] [task_scheduler.cc:137] [Task #0: main] Trial #51: GFLOPs: 12.7976. Time: 11798.7157 us. Best GFLOPs: 68.1016
2026-04-10 15:18:07 [INFO] [task_scheduler.cc:137] [Task #0: main] Trial #52: GFLOPs: 23.9965. Time: 6292.3771 us. Best GFLOPs: 68.1016
2026-04-10 15:18:07 [INFO] [task_scheduler.cc:137] [Task #0: main] Trial #53: GFLOPs: 6.4705. Time: 23335.7485 us. Best GFLOPs: 68.1016
2026-04-10 15:18:07 [INFO] [task_scheduler.cc:137] [Task #0: main] Trial #54: GFLOPs: 14.4810. Time: 10427.0735 us. Best GFLOPs: 68.1016
2026-04-10 15:18:07 [INFO] [task_scheduler.cc:137] [Task #0: main] Trial #55: GFLOPs: 9.1673. Time: 16471.1170 us. Best GFLOPs: 68.1016
2026-04-10 15:18:07 [INFO] [task_scheduler.cc:137] [Task #0: main] Trial #56: GFLOPs: 37.0597. Time: 4074.3728 us. Best GFLOPs: 68.1016
2026-04-10 15:18:07 [INFO] [task_scheduler.cc:137] [Task #0: main] Trial #57: GFLOPs: 11.8474. Time: 12744.9840 us. Best GFLOPs: 68.1016
2026-04-10 15:18:07 [INFO] [task_scheduler.cc:137] [Task #0: main] Trial #58: GFLOPs: 11.0263. Time: 13694.0917 us. Best GFLOPs: 68.1016
2026-04-10 15:18:07 [INFO] [task_scheduler.cc:137] [Task #0: main] Trial #59: GFLOPs: 29.8516. Time: 5058.1847 us. Best GFLOPs: 68.1016
2026-04-10 15:18:07 [INFO] [task_scheduler.cc:137] [Task #0: main] Trial #60: GFLOPs: 46.4294. Time: 3252.1379 us. Best GFLOPs: 68.1016
2026-04-10 15:18:07 [INFO] [task_scheduler.cc:137] [Task #0: main] Trial #61: GFLOPs: 17.9420. Time: 8415.7364 us. Best GFLOPs: 68.1016
2026-04-10 15:18:07 [INFO] [task_scheduler.cc:137] [Task #0: main] Trial #62: GFLOPs: 26.7583. Time: 5642.9164 us. Best GFLOPs: 68.1016
2026-04-10 15:18:07 [INFO] [task_scheduler.cc:137] [Task #0: main] Trial #63: GFLOPs: 5.1350. Time: 29404.8920 us. Best GFLOPs: 68.1016
2026-04-10 15:18:07 [INFO] [task_scheduler.cc:137] [Task #0: main] Trial #64: GFLOPs: 7.2425. Time: 20848.4070 us. Best GFLOPs: 68.1016
2026-04-10 15:18:07 [INFO] [evolutionary_search.cc:711] Generating candidates......
2026-04-10 15:18:07 [INFO] [evolutionary_search.cc:713] Picked top 92 candidate(s) from database
2026-04-10 15:18:07 [INFO] [evolutionary_search.cc:530] Sample-Init-Population summary:
Postproc #0 [meta_schedule.DisallowDynamicLoop(0x576592a972c8)]: 0 failure(s)
Postproc #1 [meta_schedule.RewriteParallelVectorizeUnroll(0x57659293d278)]: 0 failure(s)
Postproc #2 [meta_schedule.RewriteReductionBlock(0x57659295b708)]: 0 failure(s)
Postproc #3 [meta_schedule.RewriteLayout(0x576592ea72f8)]: 0 failure(s)
2026-04-10 15:18:07 [INFO] [evolutionary_search.cc:721] Sampled 369 candidate(s)
2026-04-10 15:18:07 [INFO] [evolutionary_search.cc:619] Evolve iter #0 done. Summary:
Postproc #0 [meta_schedule.DisallowDynamicLoop(0x576592a972c8)]: 0 failure(s)
Postproc #1 [meta_schedule.RewriteParallelVectorizeUnroll(0x57659293d278)]: 0 failure(s)
Postproc #2 [meta_schedule.RewriteReductionBlock(0x57659295b708)]: 0 failure(s)
Postproc #3 [meta_schedule.RewriteLayout(0x576592ea72f8)]: 0 failure(s)
2026-04-10 15:18:08 [INFO] [evolutionary_search.cc:619] Evolve iter #1 done. Summary:
Postproc #0 [meta_schedule.DisallowDynamicLoop(0x576592a972c8)]: 0 failure(s)
Postproc #1 [meta_schedule.RewriteParallelVectorizeUnroll(0x57659293d278)]: 0 failure(s)
Postproc #2 [meta_schedule.RewriteReductionBlock(0x57659295b708)]: 0 failure(s)
Postproc #3 [meta_schedule.RewriteLayout(0x576592ea72f8)]: 0 failure(s)
2026-04-10 15:18:08 [INFO] [evolutionary_search.cc:619] Evolve iter #2 done. Summary:
Postproc #0 [meta_schedule.DisallowDynamicLoop(0x576592a972c8)]: 0 failure(s)
Postproc #1 [meta_schedule.RewriteParallelVectorizeUnroll(0x57659293d278)]: 0 failure(s)
Postproc #2 [meta_schedule.RewriteReductionBlock(0x57659295b708)]: 0 failure(s)
Postproc #3 [meta_schedule.RewriteLayout(0x576592ea72f8)]: 0 failure(s)
2026-04-10 15:18:08 [INFO] [evolutionary_search.cc:647] Scores of the best 13 candidates:
[1 : 13]:	0.9993  0.9967  0.9967  0.9966  0.9962  0.9943  0.9921  0.9917  0.9910  0.9909  0.9904  0.9898  0.9878
2026-04-10 15:18:08 [INFO] [evolutionary_search.cc:725] Got 13 candidate(s) with evolutionary search
2026-04-10 15:18:08 [INFO] [evolutionary_search.cc:728] Sending 13 candidates(s) for measurement
2026-04-10 15:18:19 [INFO] [task_scheduler.cc:137] [Task #0: main] Trial #65: GFLOPs: 9.5363. Time: 15833.7632 us. Best GFLOPs: 68.1016
2026-04-10 15:18:19 [INFO] [task_scheduler.cc:137] [Task #0: main] Trial #66: GFLOPs: 9.6816. Time: 15596.0323 us. Best GFLOPs: 68.1016
2026-04-10 15:18:19 [INFO] [task_scheduler.cc:137] [Task #0: main] Trial #67: GFLOPs: 9.3383. Time: 16169.4187 us. Best GFLOPs: 68.1016
2026-04-10 15:18:19 [INFO] [task_scheduler.cc:137] [Task #0: main] Trial #68: GFLOPs: 15.2876. Time: 9876.9754 us. Best GFLOPs: 68.1016
2026-04-10 15:18:19 [INFO] [task_scheduler.cc:137] [Task #0: main] Trial #69: GFLOPs: 18.5250. Time: 8150.8648 us. Best GFLOPs: 68.1016
2026-04-10 15:18:19 [INFO] [task_scheduler.cc:137] [Task #0: main] Trial #70: GFLOPs: 0.8813. Time: 171341.1605 us. Best GFLOPs: 68.1016
2026-04-10 15:18:19 [INFO] [task_scheduler.cc:137] [Task #0: main] Trial #71: GFLOPs: 35.4805. Time: 4255.7183 us. Best GFLOPs: 68.1016
2026-04-10 15:18:19 [INFO] [task_scheduler.cc:137] [Task #0: main] Trial #72: GFLOPs: 18.5547. Time: 8137.8087 us. Best GFLOPs: 68.1016
2026-04-10 15:18:19 [INFO] [task_scheduler.cc:137] [Task #0: main] Trial #73: GFLOPs: 63.6212. Time: 2373.3450 us. Best GFLOPs: 68.1016
2026-04-10 15:18:19 [INFO] [task_scheduler.cc:137] [Task #0: main] Trial #74: GFLOPs: 1.9611. Time: 76995.9565 us. Best GFLOPs: 68.1016
2026-04-10 15:18:19 [INFO] [task_scheduler.cc:137] [Task #0: main] Trial #75: GFLOPs: 25.7910. Time: 5854.5489 us. Best GFLOPs: 68.1016
2026-04-10 15:18:19 [INFO] [task_scheduler.cc:137] [Task #0: main] Trial #76: GFLOPs: 9.7396. Time: 15503.1287 us. Best GFLOPs: 68.1016
2026-04-10 15:18:19 [INFO] [task_scheduler.cc:137] [Task #0: main] Trial #77: GFLOPs: 22.3891. Time: 6744.1326 us. Best GFLOPs: 68.1016
2026-04-14 01:12:22 [INFO] [task_scheduler.cc:166] Initializing Task #0: "main"
2026-04-14 01:12:22 [INFO] [task_scheduler.cc:41] 
# from tvm.script import ir as I
# from tvm.script import tir as T

@I.ir_module
class Module:
    @T.prim_func
    def main(A: T.Buffer((32, 3072), "float32"), B: T.Buffer((3072, 768), "float32"), C: T.Buffer((32, 768), "float32")):
        T.func_attr({"tir.noalias": True})
        # with T.block("root"):
        for i, j, k in T.grid(32, 768, 3072):
            with T.block("C"):
                vi, vj, vk = T.axis.remap("SSR", [i, j, k])
                T.reads(A[vi, vk], B[vk, vj])
                T.writes(C[vi, vj])
                with T.init():
                    C[vi, vj] = T.float32(0.0)
                C[vi, vj] = C[vi, vj] + A[vi, vk] * B[vk, vj]
2026-04-14 01:12:22 [INFO] [task_scheduler.cc:170] Total 3 design space(s) generated
2026-04-14 01:12:22 [INFO] [task_scheduler.cc:176] Design space #0:
# from tvm.script import ir as I
# from tvm.script import tir as T

@I.ir_module
class Module:
    @T.prim_func
    def main(A: T.Buffer((32, 3072), "float32"), B: T.Buffer((3072, 768), "float32"), C: T.Buffer((32, 768), "float32")):
        T.func_attr({"tir.noalias": True})
        with T.block("root"):
            T.reads()
            T.writes()
            T.block_attr({"meta_schedule.parallel": 128, "meta_schedule.unroll_explicit": 0, "meta_schedule.vectorize": 64})
            C_global = T.alloc_buffer((32, 768))
            for i_0, j_0, i_1, j_1 in T.grid(1, 24, 16, 1):
                for k_0, i_2, j_2, k_1, i_3, j_3 in T.grid(64, 1, 4, 48, 2, 8):
                    with T.block("C"):
                        vi = T.axis.spatial(32, i_0 * 32 + i_1 * 2 + i_2 * 2 + i_3)
                        vj = T.axis.spatial(768, j_0 * 32 + j_1 * 32 + j_2 * 8 + j_3)
                        vk = T.axis.reduce(3072, k_0 * 48 + k_1)
                        T.reads(A[vi, vk], B[vk, vj])
                        T.writes(C_global[vi, vj])
                        T.block_attr({"meta_schedule.tiling_structure": "SSRSRS"})
                        with T.init():
                            C_global[vi, vj] = T.float32(0.0)
                        C_global[vi, vj] = C_global[vi, vj] + A[vi, vk] * B[vk, vj]
                for ax0, ax1 in T.grid(2, 32):
                    with T.block("C_global"):
                        v0 = T.axis.spatial(32, i_1 * 2 + ax0)
                        v1 = T.axis.spatial(768, j_0 * 32 + ax1)
                        T.reads(C_global[v0, v1])
                        T.writes(C[v0, v1])
                        C[v0, v1] = C_global[v0, v1]
b0 = sch.get_block(name="C", func_name="main")
b1 = sch.get_block(name="root", func_name="main")
sch.annotate(block_or_loop=b0, ann_key="meta_schedule.tiling_structure", ann_val="SSRSRS")
l2, l3, l4 = sch.get_loops(block=b0)
v5, v6, v7, v8 = sch.sample_perfect_tile(loop=l2, n=4, max_innermost_factor=64, decision=[1, 16, 1, 2])
l9, l10, l11, l12 = sch.split(loop=l2, factors=[v5, v6, v7, v8], preserve_unit_iters=True, disable_predication=False)
v13, v14, v15, v16 = sch.sample_perfect_tile(loop=l3, n=4, max_innermost_factor=64, decision=[24, 1, 4, 8])
l17, l18, l19, l20 = sch.split(loop=l3, factors=[v13, v14, v15, v16], preserve_unit_iters=True, disable_predication=False)
v21, v22 = sch.sample_perfect_tile(loop=l4, n=2, max_innermost_factor=64, decision=[64, 48])
l23, l24 = sch.split(loop=l4, factors=[v21, v22], preserve_unit_iters=True, disable_predication=False)
sch.reorder(l9, l17, l10, l18, l23, l11, l19, l24, l12, l20)
b25 = sch.cache_write(block=b0, write_buffer_index=0, storage_scope="global")
sch.reverse_compute_at(block=b25, loop=l18, preserve_unit_loops=True, index=-1)
sch.annotate(block_or_loop=b1, ann_key="meta_schedule.parallel", ann_val=128)
sch.annotate(block_or_loop=b1, ann_key="meta_schedule.vectorize", ann_val=64)
v26 = sch.sample_categorical(candidates=[0, 16, 64, 512], probs=[0.25, 0.25, 0.25, 0.25], decision=0)
sch.annotate(block_or_loop=b1, ann_key="meta_schedule.unroll_explicit", ann_val=v26)
2026-04-14 01:12:22 [INFO] [task_scheduler.cc:176] Design space #1:
# from tvm.script import ir as I
# from tvm.script import tir as T

@I.ir_module
class Module:
    @T.prim_func
    def main(A: T.Buffer((32, 3072), "float32"), B: T.Buffer((3072, 768), "float32"), C: T.Buffer((32, 768), "float32")):
        T.func_attr({"tir.noalias": True})
        with T.block("root"):
            T.reads()
            T.writes()
            T.block_attr({"meta_schedule.parallel": 128, "meta_schedule.unroll_explicit": 16, "meta_schedule.vectorize": 64})
            C_global = T.alloc_buffer((32, 768))
            for i_0, j_0 in T.grid(1, 24):
                for i_1, j_1, k_0, i_2, j_2, k_1, i_3, j_3 in T.grid(16, 1, 64, 1, 4, 48, 2, 8):
                    with T.block("C"):
                        vi = T.axis.spatial(32, i_0 * 32 + i_1 * 2 + i_2 * 2 + i_3)
                        vj = T.axis.spatial(768, j_0 * 32 + j_1 * 32 + j_2 * 8 + j_3)
                        vk = T.axis.reduce(3072, k_0 * 48 + k_1)
                        T.reads(A[vi, vk], B[vk, vj])
                        T.writes(C_global[vi, vj])
                        T.block_attr({"meta_schedule.tiling_structure": "SSRSRS"})
                        with T.init():
                            C_global[vi, vj] = T.float32(0.0)
                        C_global[vi, vj] = C_global[vi, vj] + A[vi, vk] * B[vk, vj]
                for ax0, ax1 in T.grid(32, 32):
                    with T.block("C_global"):
                        v0 = T.axis.spatial(32, ax0)
                        v1 = T.axis.spatial(768, j_0 * 32 + ax1)
                        T.reads(C_global[v0, v1])
                        T.writes(C[v0, v1])
                        C[v0, v1] = C_global[v0, v1]
b0 = sch.get_block(name="C", func_name="main")
b1 = sch.get_block(name="root", func_name="main")
sch.annotate(block_or_loop=b0, ann_key="meta_schedule.tiling_structure", ann_val="SSRSRS")
l2, l3, l4 = sch.get_loops(block=b0)
v5, v6, v7, v8 = sch.sample_perfect_tile(loop=l2, n=4, max_innermost_factor=64, decision=[1, 16, 1, 2])
l9, l10, l11, l12 = sch.split(loop=l2, factors=[v5, v6, v7, v8], preserve_unit_iters=True, disable_predication=False)
v13, v14, v15, v16 = sch.sample_perfect_tile(loop=l3, n=4, max_innermost_factor=64, decision=[24, 1, 4, 8])
l17, l18, l19, l20 = sch.split(loop=l3, factors=[v13, v14, v15, v16], preserve_unit_iters=True, disable_predication=False)
v21, v22 = sch.sample_perfect_tile(loop=l4, n=2, max_innermost_factor=64, decision=[64, 48])
l23, l24 = sch.split(loop=l4, factors=[v21, v22], preserve_unit_iters=True, disable_predication=False)
sch.reorder(l9, l17, l10, l18, l23, l11, l19, l24, l12, l20)
b25 = sch.cache_write(block=b0, write_buffer_index=0, storage_scope="global")
sch.reverse_compute_at(block=b25, loop=l17, preserve_unit_loops=True, index=-1)
sch.annotate(block_or_loop=b1, ann_key="meta_schedule.parallel", ann_val=128)
sch.annotate(block_or_loop=b1, ann_key="meta_schedule.vectorize", ann_val=64)
v26 = sch.sample_categorical(candidates=[0, 16, 64, 512], probs=[0.25, 0.25, 0.25, 0.25], decision=1)
sch.annotate(block_or_loop=b1, ann_key="meta_schedule.unroll_explicit", ann_val=v26)
2026-04-14 01:12:22 [INFO] [task_scheduler.cc:176] Design space #2:
# from tvm.script import ir as I
# from tvm.script import tir as T

@I.ir_module
class Module:
    @T.prim_func
    def main(A: T.Buffer((32, 3072), "float32"), B: T.Buffer((3072, 768), "float32"), C: T.Buffer((32, 768), "float32")):
        T.func_attr({"tir.noalias": True})
        with T.block("root"):
            T.reads()
            T.writes()
            T.block_attr({"meta_schedule.parallel": 128, "meta_schedule.unroll_explicit": 16, "meta_schedule.vectorize": 64})
            for i_0, j_0, i_1, j_1, k_0, i_2, j_2, k_1, i_3, j_3 in T.grid(1, 24, 16, 1, 64, 1, 4, 48, 2, 8):
                with T.block("C"):
                    vi = T.axis.spatial(32, i_0 * 32 + i_1 * 2 + i_2 * 2 + i_3)
                    vj = T.axis.spatial(768, j_0 * 32 + j_1 * 32 + j_2 * 8 + j_3)
                    vk = T.axis.reduce(3072, k_0 * 48 + k_1)
                    T.reads(A[vi, vk], B[vk, vj])
                    T.writes(C[vi, vj])
                    T.block_attr({"meta_schedule.tiling_structure": "SSRSRS"})
                    with T.init():
                        C[vi, vj] = T.float32(0.0)
                    C[vi, vj] = C[vi, vj] + A[vi, vk] * B[vk, vj]
b0 = sch.get_block(name="C", func_name="main")
b1 = sch.get_block(name="root", func_name="main")
sch.annotate(block_or_loop=b0, ann_key="meta_schedule.tiling_structure", ann_val="SSRSRS")
l2, l3, l4 = sch.get_loops(block=b0)
v5, v6, v7, v8 = sch.sample_perfect_tile(loop=l2, n=4, max_innermost_factor=64, decision=[1, 16, 1, 2])
l9, l10, l11, l12 = sch.split(loop=l2, factors=[v5, v6, v7, v8], preserve_unit_iters=True, disable_predication=False)
v13, v14, v15, v16 = sch.sample_perfect_tile(loop=l3, n=4, max_innermost_factor=64, decision=[24, 1, 4, 8])
l17, l18, l19, l20 = sch.split(loop=l3, factors=[v13, v14, v15, v16], preserve_unit_iters=True, disable_predication=False)
v21, v22 = sch.sample_perfect_tile(loop=l4, n=2, max_innermost_factor=64, decision=[64, 48])
l23, l24 = sch.split(loop=l4, factors=[v21, v22], preserve_unit_iters=True, disable_predication=False)
sch.reorder(l9, l17, l10, l18, l23, l11, l19, l24, l12, l20)
sch.annotate(block_or_loop=b1, ann_key="meta_schedule.parallel", ann_val=128)
sch.annotate(block_or_loop=b1, ann_key="meta_schedule.vectorize", ann_val=64)
v25 = sch.sample_categorical(candidates=[0, 16, 64, 512], probs=[0.25, 0.25, 0.25, 0.25], decision=1)
sch.annotate(block_or_loop=b1, ann_key="meta_schedule.unroll_explicit", ann_val=v25)
2026-04-14 01:12:22 [INFO] [evolutionary_search.cc:711] Generating candidates......
2026-04-14 01:12:22 [INFO] [evolutionary_search.cc:713] Picked top 92 candidate(s) from database
2026-04-14 01:12:22 [INFO] [evolutionary_search.cc:530] Sample-Init-Population summary:
Postproc #0 [meta_schedule.DisallowDynamicLoop(0x5c763dfd0ae8)]: 0 failure(s)
Postproc #1 [meta_schedule.RewriteParallelVectorizeUnroll(0x5c763e591fe8)]: 0 failure(s)
Postproc #2 [meta_schedule.RewriteReductionBlock(0x5c763e1533f8)]: 0 failure(s)
Postproc #3 [meta_schedule.RewriteLayout(0x5c763dc00438)]: 0 failure(s)
2026-04-14 01:12:22 [INFO] [evolutionary_search.cc:721] Sampled 369 candidate(s)
2026-04-14 01:12:22 [INFO] [evolutionary_search.cc:619] Evolve iter #0 done. Summary:
Postproc #0 [meta_schedule.DisallowDynamicLoop(0x5c763dfd0ae8)]: 0 failure(s)
Postproc #1 [meta_schedule.RewriteParallelVectorizeUnroll(0x5c763e591fe8)]: 0 failure(s)
Postproc #2 [meta_schedule.RewriteReductionBlock(0x5c763e1533f8)]: 0 failure(s)
Postproc #3 [meta_schedule.RewriteLayout(0x5c763dc00438)]: 0 failure(s)
2026-04-14 01:12:23 [INFO] [evolutionary_search.cc:619] Evolve iter #1 done. Summary:
Postproc #0 [meta_schedule.DisallowDynamicLoop(0x5c763dfd0ae8)]: 0 failure(s)
Postproc #1 [meta_schedule.RewriteParallelVectorizeUnroll(0x5c763e591fe8)]: 0 failure(s)
Postproc #2 [meta_schedule.RewriteReductionBlock(0x5c763e1533f8)]: 0 failure(s)
Postproc #3 [meta_schedule.RewriteLayout(0x5c763dc00438)]: 0 failure(s)
2026-04-14 01:12:23 [INFO] [evolutionary_search.cc:619] Evolve iter #2 done. Summary:
Postproc #0 [meta_schedule.DisallowDynamicLoop(0x5c763dfd0ae8)]: 0 failure(s)
Postproc #1 [meta_schedule.RewriteParallelVectorizeUnroll(0x5c763e591fe8)]: 0 failure(s)
Postproc #2 [meta_schedule.RewriteReductionBlock(0x5c763e1533f8)]: 0 failure(s)
Postproc #3 [meta_schedule.RewriteLayout(0x5c763dc00438)]: 0 failure(s)
2026-04-14 01:12:23 [INFO] [evolutionary_search.cc:647] Scores of the best 64 candidates:
[1 : 16]:	0.9995  0.9972  0.9969  0.9962  0.9941  0.9933  0.9931  0.9921  0.9908  0.9898  0.9889  0.9882  0.9880  0.9876  0.9873  0.9869
[17 : 32]:	0.9859  0.9850  0.9845  0.9840  0.9838  0.9836  0.9832  0.9821  0.9820  0.9816  0.9808  0.9803  0.9796  0.9794  0.9794  0.9766
[33 : 48]:	0.9760  0.9758  0.9752  0.9745  0.9742  0.9737  0.9726  0.9723  0.9698  0.9692  0.9676  0.9669  0.9669  0.9665  0.9657  0.9655
[49 : 64]:	0.9651  0.9645  0.9645  0.9637  0.9615  0.9607  0.9605  0.9597  0.9581  0.9554  0.9554  0.9546  0.9544  0.9531  0.9527  0.9522
2026-04-14 01:12:23 [INFO] [evolutionary_search.cc:725] Got 64 candidate(s) with evolutionary search
2026-04-14 01:12:23 [INFO] [evolutionary_search.cc:728] Sending 64 candidates(s) for measurement
2026-04-14 01:12:56 [INFO] [task_scheduler.cc:137] [Task #0: main] Trial #1: GFLOPs: 40.9796. Time: 3684.6355 us. Best GFLOPs: 40.9796
2026-04-14 01:12:56 [INFO] [task_scheduler.cc:137] [Task #0: main] Trial #2: GFLOPs: 61.6912. Time: 2447.5911 us. Best GFLOPs: 61.6912
2026-04-14 01:12:56 [INFO] [task_scheduler.cc:137] [Task #0: main] Trial #3: GFLOPs: 27.4461. Time: 5501.5139 us. Best GFLOPs: 61.6912
2026-04-14 01:12:56 [INFO] [task_scheduler.cc:137] [Task #0: main] Trial #4: GFLOPs: 4.6233. Time: 32659.3495 us. Best GFLOPs: 61.6912
2026-04-14 01:12:56 [INFO] [task_scheduler.cc:137] [Task #0: main] Trial #5: GFLOPs: 22.6290. Time: 6672.6446 us. Best GFLOPs: 61.6912
2026-04-14 01:12:56 [INFO] [task_scheduler.cc:137] [Task #0: main] Trial #6: GFLOPs: 18.7811. Time: 8039.7116 us. Best GFLOPs: 61.6912
2026-04-14 01:12:56 [INFO] [task_scheduler.cc:137] [Task #0: main] Trial #7: GFLOPs: 7.7827. Time: 19401.3747 us. Best GFLOPs: 61.6912
2026-04-14 01:12:56 [INFO] [task_scheduler.cc:137] [Task #0: main] Trial #8: GFLOPs: 11.1917. Time: 13491.7255 us. Best GFLOPs: 61.6912
2026-04-14 01:12:56 [INFO] [task_scheduler.cc:137] [Task #0: main] Trial #9: GFLOPs: 36.4269. Time: 4145.1549 us. Best GFLOPs: 61.6912
2026-04-14 01:12:56 [INFO] [task_scheduler.cc:137] [Task #0: main] Trial #10: GFLOPs: 6.5622. Time: 23009.9005 us. Best GFLOPs: 61.6912
2026-04-14 01:12:56 [INFO] [task_scheduler.cc:137] [Task #0: main] Trial #11: GFLOPs: 24.2873. Time: 6217.0260 us. Best GFLOPs: 61.6912
2026-04-14 01:12:56 [INFO] [task_scheduler.cc:137] [Task #0: main] Trial #12: GFLOPs: 27.1848. Time: 5554.3923 us. Best GFLOPs: 61.6912
2026-04-14 01:12:56 [INFO] [task_scheduler.cc:137] [Task #0: main] Trial #13: GFLOPs: 6.6768. Time: 22614.9835 us. Best GFLOPs: 61.6912
2026-04-14 01:12:56 [INFO] [task_scheduler.cc:137] [Task #0: main] Trial #14: GFLOPs: 2.3569. Time: 64065.6550 us. Best GFLOPs: 61.6912
2026-04-14 01:12:56 [INFO] [task_scheduler.cc:137] [Task #0: main] Trial #15: GFLOPs: 21.7084. Time: 6955.6008 us. Best GFLOPs: 61.6912
2026-04-14 01:12:56 [INFO] [task_scheduler.cc:137] [Task #0: main] Trial #16: GFLOPs: 8.6587. Time: 17438.6240 us. Best GFLOPs: 61.6912
2026-04-14 01:12:56 [INFO] [task_scheduler.cc:137] [Task #0: main] Trial #17: GFLOPs: 15.8679. Time: 9515.7235 us. Best GFLOPs: 61.6912
2026-04-14 01:12:56 [INFO] [task_scheduler.cc:137] [Task #0: main] Trial #18: GFLOPs: 15.7554. Time: 9583.6658 us. Best GFLOPs: 61.6912
2026-04-14 01:12:56 [INFO] [task_scheduler.cc:137] [Task #0: main] Trial #19: GFLOPs: 16.5716. Time: 9111.6950 us. Best GFLOPs: 61.6912
2026-04-14 01:12:56 [INFO] [task_scheduler.cc:137] [Task #0: main] Trial #20: GFLOPs: 9.5789. Time: 15763.3177 us. Best GFLOPs: 61.6912
2026-04-14 01:12:56 [INFO] [task_scheduler.cc:137] [Task #0: main] Trial #21: GFLOPs: 9.9679. Time: 15148.0510 us. Best GFLOPs: 61.6912
2026-04-14 01:12:56 [INFO] [task_scheduler.cc:137] [Task #0: main] Trial #22: GFLOPs: 46.1181. Time: 3274.0919 us. Best GFLOPs: 61.6912
2026-04-14 01:12:56 [INFO] [task_scheduler.cc:137] [Task #0: main] Trial #23: GFLOPs: 43.7824. Time: 3448.7603 us. Best GFLOPs: 61.6912
2026-04-14 01:12:56 [INFO] [task_scheduler.cc:137] [Task #0: main] Trial #24: GFLOPs: 27.1401. Time: 5563.5286 us. Best GFLOPs: 61.6912
2026-04-14 01:12:56 [INFO] [task_scheduler.cc:137] [Task #0: main] Trial #25: GFLOPs: 12.7736. Time: 11820.8595 us. Best GFLOPs: 61.6912
2026-04-14 01:12:56 [INFO] [task_scheduler.cc:137] [Task #0: main] Trial #26: GFLOPs: 21.2603. Time: 7102.1939 us. Best GFLOPs: 61.6912
2026-04-14 01:12:56 [INFO] [task_scheduler.cc:137] [Task #0: main] Trial #27: GFLOPs: 25.3868. Time: 5947.7686 us. Best GFLOPs: 61.6912
2026-04-14 01:12:56 [INFO] [task_scheduler.cc:137] [Task #0: main] Trial #28: GFLOPs: 37.1884. Time: 4060.2666 us. Best GFLOPs: 61.6912
2026-04-14 01:12:56 [INFO] [task_scheduler.cc:137] [Task #0: main] Trial #29: GFLOPs: 7.5151. Time: 20092.2735 us. Best GFLOPs: 61.6912
2026-04-14 01:12:56 [INFO] [task_scheduler.cc:137] [Task #0: main] Trial #30: GFLOPs: 38.6835. Time: 3903.3418 us. Best GFLOPs: 61.6912
2026-04-14 01:12:56 [INFO] [task_scheduler.cc:137] [Task #0: main] Trial #31: GFLOPs: 27.9455. Time: 5403.1922 us. Best GFLOPs: 61.6912
2026-04-14 01:12:56 [INFO] [task_scheduler.cc:137] [Task #0: main] Trial #32: GFLOPs: 21.7984. Time: 6926.8865 us. Best GFLOPs: 61.6912
2026-04-14 01:12:56 [INFO] [task_scheduler.cc:137] [Task #0: main] Trial #33: GFLOPs: 16.1171. Time: 9368.6088 us. Best GFLOPs: 61.6912
2026-04-14 01:12:56 [INFO] [task_scheduler.cc:137] [Task #0: main] Trial #34: GFLOPs: 11.2829. Time: 13382.6620 us. Best GFLOPs: 61.6912
2026-04-14 01:12:56 [INFO] [task_scheduler.cc:137] [Task #0: main] Trial #35: GFLOPs: 0.7690. Time: 196353.6505 us. Best GFLOPs: 61.6912
2026-04-14 01:12:56 [INFO] [task_scheduler.cc:137] [Task #0: main] Trial #36: GFLOPs: 4.8600. Time: 31068.9300 us. Best GFLOPs: 61.6912
2026-04-14 01:12:56 [INFO] [task_scheduler.cc:137] [Task #0: main] Trial #37: GFLOPs: 16.3595. Time: 9229.8230 us. Best GFLOPs: 61.6912
2026-04-14 01:12:56 [INFO] [task_scheduler.cc:137] [Task #0: main] Trial #38: GFLOPs: 4.1133. Time: 36708.7665 us. Best GFLOPs: 61.6912
2026-04-14 01:12:56 [INFO] [task_scheduler.cc:137] [Task #0: main] Trial #39: GFLOPs: 7.3204. Time: 20626.6070 us. Best GFLOPs: 61.6912
2026-04-14 01:12:56 [INFO] [task_scheduler.cc:137] [Task #0: main] Trial #40: GFLOPs: 28.1616. Time: 5361.7286 us. Best GFLOPs: 61.6912
2026-04-14 01:12:56 [INFO] [task_scheduler.cc:137] [Task #0: main] Trial #41: GFLOPs: 4.0080. Time: 37673.4325 us. Best GFLOPs: 61.6912
2026-04-14 01:12:56 [INFO] [task_scheduler.cc:137] [Task #0: main] Trial #42: GFLOPs: 8.4979. Time: 17768.5087 us. Best GFLOPs: 61.6912
2026-04-14 01:12:56 [INFO] [task_scheduler.cc:137] [Task #0: main] Trial #43: GFLOPs: 20.6906. Time: 7297.7507 us. Best GFLOPs: 61.6912
2026-04-14 01:12:56 [INFO] [task_scheduler.cc:137] [Task #0: main] Trial #44: GFLOPs: 37.9237. Time: 3981.5415 us. Best GFLOPs: 61.6912
2026-04-14 01:12:56 [INFO] [task_scheduler.cc:137] [Task #0: main] Trial #45: GFLOPs: 20.5079. Time: 7362.7814 us. Best GFLOPs: 61.6912
2026-04-14 01:12:56 [INFO] [task_scheduler.cc:137] [Task #0: main] Trial #46: GFLOPs: 4.1908. Time: 36030.4595 us. Best GFLOPs: 61.6912
2026-04-14 01:12:56 [INFO] [task_scheduler.cc:137] [Task #0: main] Trial #47: GFLOPs: 4.7115. Time: 32048.4985 us. Best GFLOPs: 61.6912
2026-04-14 01:12:56 [INFO] [task_scheduler.cc:137] [Task #0: main] Trial #48: GFLOPs: 42.6520. Time: 3540.1634 us. Best GFLOPs: 61.6912
2026-04-14 01:12:56 [INFO] [task_scheduler.cc:137] [Task #0: main] Trial #49: GFLOPs: 19.9370. Time: 7573.6226 us. Best GFLOPs: 61.6912
2026-04-14 01:12:56 [INFO] [task_scheduler.cc:137] [Task #0: main] Trial #50: GFLOPs: 11.5397. Time: 13084.8553 us. Best GFLOPs: 61.6912
2026-04-14 01:12:56 [INFO] [task_scheduler.cc:137] [Task #0: main] Trial #51: GFLOPs: 54.2302. Time: 2784.3313 us. Best GFLOPs: 61.6912
2026-04-14 01:12:56 [INFO] [task_scheduler.cc:137] [Task #0: main] Trial #52: GFLOPs: 14.0314. Time: 10761.1845 us. Best GFLOPs: 61.6912
2026-04-14 01:12:56 [INFO] [task_scheduler.cc:137] [Task #0: main] Trial #53: GFLOPs: 20.3014. Time: 7437.6487 us. Best GFLOPs: 61.6912
2026-04-14 01:12:56 [INFO] [task_scheduler.cc:137] [Task #0: main] Trial #54: GFLOPs: 41.8860. Time: 3604.9040 us. Best GFLOPs: 61.6912
2026-04-14 01:12:56 [INFO] [task_scheduler.cc:137] [Task #0: main] Trial #55: GFLOPs: 1.4151. Time: 106700.8875 us. Best GFLOPs: 61.6912
2026-04-14 01:12:56 [INFO] [task_scheduler.cc:137] [Task #0: main] Trial #56: GFLOPs: 6.0621. Time: 24907.8365 us. Best GFLOPs: 61.6912
2026-04-14 01:12:56 [INFO] [task_scheduler.cc:137] [Task #0: main] Trial #57: GFLOPs: 27.4659. Time: 5497.5499 us. Best GFLOPs: 61.6912
2026-04-14 01:12:56 [INFO] [task_scheduler.cc:137] [Task #0: main] Trial #58: GFLOPs: 10.3781. Time: 14549.4060 us. Best GFLOPs: 61.6912
2026-04-14 01:12:56 [INFO] [task_scheduler.cc:137] [Task #0: main] Trial #59: GFLOPs: 5.9475. Time: 25387.7785 us. Best GFLOPs: 61.6912
2026-04-14 01:12:56 [INFO] [task_scheduler.cc:137] [Task #0: main] Trial #60: GFLOPs: 3.8685. Time: 39031.8465 us. Best GFLOPs: 61.6912
2026-04-14 01:12:56 [INFO] [task_scheduler.cc:137] [Task #0: main] Trial #61: GFLOPs: 44.9640. Time: 3358.1262 us. Best GFLOPs: 61.6912
2026-04-14 01:12:56 [INFO] [task_scheduler.cc:137] [Task #0: main] Trial #62: GFLOPs: 41.0917. Time: 3674.5844 us. Best GFLOPs: 61.6912
2026-04-14 01:12:56 [INFO] [task_scheduler.cc:137] [Task #0: main] Trial #63: GFLOPs: 47.6983. Time: 3165.6227 us. Best GFLOPs: 61.6912
2026-04-14 01:12:56 [INFO] [task_scheduler.cc:137] [Task #0: main] Trial #64: GFLOPs: 8.8919. Time: 16981.2033 us. Best GFLOPs: 61.6912
2026-04-14 01:12:56 [INFO] [evolutionary_search.cc:711] Generating candidates......
2026-04-14 01:12:56 [INFO] [evolutionary_search.cc:713] Picked top 92 candidate(s) from database
2026-04-14 01:12:56 [INFO] [evolutionary_search.cc:530] Sample-Init-Population summary:
Postproc #0 [meta_schedule.DisallowDynamicLoop(0x5c763dfd0ae8)]: 0 failure(s)
Postproc #1 [meta_schedule.RewriteParallelVectorizeUnroll(0x5c763e591fe8)]: 0 failure(s)
Postproc #2 [meta_schedule.RewriteReductionBlock(0x5c763e1533f8)]: 0 failure(s)
Postproc #3 [meta_schedule.RewriteLayout(0x5c763dc00438)]: 0 failure(s)
2026-04-14 01:12:56 [INFO] [evolutionary_search.cc:721] Sampled 369 candidate(s)
2026-04-14 01:12:57 [INFO] [evolutionary_search.cc:619] Evolve iter #0 done. Summary:
Postproc #0 [meta_schedule.DisallowDynamicLoop(0x5c763dfd0ae8)]: 0 failure(s)
Postproc #1 [meta_schedule.RewriteParallelVectorizeUnroll(0x5c763e591fe8)]: 0 failure(s)
Postproc #2 [meta_schedule.RewriteReductionBlock(0x5c763e1533f8)]: 0 failure(s)
Postproc #3 [meta_schedule.RewriteLayout(0x5c763dc00438)]: 0 failure(s)
2026-04-14 01:12:57 [INFO] [evolutionary_search.cc:619] Evolve iter #1 done. Summary:
Postproc #0 [meta_schedule.DisallowDynamicLoop(0x5c763dfd0ae8)]: 0 failure(s)
Postproc #1 [meta_schedule.RewriteParallelVectorizeUnroll(0x5c763e591fe8)]: 0 failure(s)
Postproc #2 [meta_schedule.RewriteReductionBlock(0x5c763e1533f8)]: 0 failure(s)
Postproc #3 [meta_schedule.RewriteLayout(0x5c763dc00438)]: 0 failure(s)
2026-04-14 01:12:58 [INFO] [evolutionary_search.cc:619] Evolve iter #2 done. Summary:
Postproc #0 [meta_schedule.DisallowDynamicLoop(0x5c763dfd0ae8)]: 0 failure(s)
Postproc #1 [meta_schedule.RewriteParallelVectorizeUnroll(0x5c763e591fe8)]: 0 failure(s)
Postproc #2 [meta_schedule.RewriteReductionBlock(0x5c763e1533f8)]: 0 failure(s)
Postproc #3 [meta_schedule.RewriteLayout(0x5c763dc00438)]: 0 failure(s)
2026-04-14 01:12:58 [INFO] [evolutionary_search.cc:647] Scores of the best 13 candidates:
[1 : 13]:	0.9994  0.9983  0.9970  0.9966  0.9946  0.9946  0.9935  0.9904  0.9903  0.9900  0.9887  0.9873  0.9852
2026-04-14 01:12:58 [INFO] [evolutionary_search.cc:725] Got 13 candidate(s) with evolutionary search
2026-04-14 01:12:58 [INFO] [evolutionary_search.cc:728] Sending 13 candidates(s) for measurement
2026-04-14 01:13:12 [INFO] [task_scheduler.cc:137] [Task #0: main] Trial #65: GFLOPs: 21.0170. Time: 7184.4028 us. Best GFLOPs: 61.6912
2026-04-14 01:13:12 [INFO] [task_scheduler.cc:137] [Task #0: main] Trial #66: GFLOPs: 43.9729. Time: 3433.8210 us. Best GFLOPs: 61.6912
2026-04-14 01:13:12 [INFO] [task_scheduler.cc:137] [Task #0: main] Trial #67: GFLOPs: 13.0054. Time: 11610.1864 us. Best GFLOPs: 61.6912
2026-04-14 01:13:12 [INFO] [task_scheduler.cc:137] [Task #0: main] Trial #68: GFLOPs: 42.0505. Time: 3590.8000 us. Best GFLOPs: 61.6912
2026-04-14 01:13:12 [INFO] [task_scheduler.cc:137] [Task #0: main] Trial #69: GFLOPs: 7.9654. Time: 18956.2803 us. Best GFLOPs: 61.6912
2026-04-14 01:13:12 [INFO] [task_scheduler.cc:137] [Task #0: main] Trial #70: GFLOPs: 6.2417. Time: 24191.1740 us. Best GFLOPs: 61.6912
2026-04-14 01:13:12 [INFO] [task_scheduler.cc:137] [Task #0: main] Trial #71: GFLOPs: 25.4340. Time: 5936.7338 us. Best GFLOPs: 61.6912
2026-04-14 01:13:12 [INFO] [task_scheduler.cc:137] [Task #0: main] Trial #72: GFLOPs: 31.4480. Time: 4801.4150 us. Best GFLOPs: 61.6912
2026-04-14 01:13:12 [INFO] [task_scheduler.cc:137] [Task #0: main] Trial #73: GFLOPs: 36.4578. Time: 4141.6305 us. Best GFLOPs: 61.6912
2026-04-14 01:13:12 [INFO] [task_scheduler.cc:137] [Task #0: main] Trial #74: GFLOPs: 29.5948. Time: 5102.0812 us. Best GFLOPs: 61.6912
2026-04-14 01:13:12 [INFO] [task_scheduler.cc:137] [Task #0: main] Trial #75: GFLOPs: 21.5466. Time: 7007.8407 us. Best GFLOPs: 61.6912
2026-04-14 01:13:12 [INFO] [task_scheduler.cc:137] [Task #0: main] Trial #76: GFLOPs: 12.0166. Time: 12565.5785 us. Best GFLOPs: 61.6912
2026-04-14 01:13:12 [INFO] [task_scheduler.cc:137] [Task #0: main] Trial #77: GFLOPs: 13.6554. Time: 11057.5435 us. Best GFLOPs: 61.6912
2026-04-14 01:50:40 [INFO] [task_scheduler.cc:166] Initializing Task #0: "main"
2026-04-14 01:50:40 [INFO] [task_scheduler.cc:41] 
# from tvm.script import ir as I
# from tvm.script import tir as T

@I.ir_module
class Module:
    @T.prim_func
    def main(A: T.Buffer((32, 3072), "float32"), B: T.Buffer((3072, 768), "float32"), C: T.Buffer((32, 768), "float32")):
        T.func_attr({"tir.noalias": True})
        # with T.block("root"):
        for i, j, k in T.grid(32, 768, 3072):
            with T.block("C"):
                vi, vj, vk = T.axis.remap("SSR", [i, j, k])
                T.reads(A[vi, vk], B[vk, vj])
                T.writes(C[vi, vj])
                with T.init():
                    C[vi, vj] = T.float32(0.0)
                C[vi, vj] = C[vi, vj] + A[vi, vk] * B[vk, vj]
2026-04-14 01:50:40 [INFO] [task_scheduler.cc:170] Total 3 design space(s) generated
2026-04-14 01:50:40 [INFO] [task_scheduler.cc:176] Design space #0:
# from tvm.script import ir as I
# from tvm.script import tir as T

@I.ir_module
class Module:
    @T.prim_func
    def main(A: T.Buffer((32, 3072), "float32"), B: T.Buffer((3072, 768), "float32"), C: T.Buffer((32, 768), "float32")):
        T.func_attr({"tir.noalias": True})
        with T.block("root"):
            T.reads()
            T.writes()
            T.block_attr({"meta_schedule.parallel": 128, "meta_schedule.unroll_explicit": 0, "meta_schedule.vectorize": 64})
            C_global = T.alloc_buffer((32, 768))
            for i_0, j_0, i_1, j_1 in T.grid(4, 16, 1, 2):
                for k_0, i_2, j_2, k_1, i_3, j_3 in T.grid(1024, 8, 1, 3, 1, 24):
                    with T.block("C"):
                        vi = T.axis.spatial(32, i_0 * 8 + i_1 * 8 + i_2 + i_3)
                        vj = T.axis.spatial(768, j_0 * 48 + j_1 * 24 + j_2 * 24 + j_3)
                        vk = T.axis.reduce(3072, k_0 * 3 + k_1)
                        T.reads(A[vi, vk], B[vk, vj])
                        T.writes(C_global[vi, vj])
                        T.block_attr({"meta_schedule.tiling_structure": "SSRSRS"})
                        with T.init():
                            C_global[vi, vj] = T.float32(0.0)
                        C_global[vi, vj] = C_global[vi, vj] + A[vi, vk] * B[vk, vj]
                for ax0, ax1 in T.grid(8, 24):
                    with T.block("C_global"):
                        v0 = T.axis.spatial(32, i_0 * 8 + ax0)
                        v1 = T.axis.spatial(768, j_0 * 48 + j_1 * 24 + ax1)
                        T.reads(C_global[v0, v1])
                        T.writes(C[v0, v1])
                        C[v0, v1] = C_global[v0, v1]
b0 = sch.get_block(name="C", func_name="main")
b1 = sch.get_block(name="root", func_name="main")
sch.annotate(block_or_loop=b0, ann_key="meta_schedule.tiling_structure", ann_val="SSRSRS")
l2, l3, l4 = sch.get_loops(block=b0)
v5, v6, v7, v8 = sch.sample_perfect_tile(loop=l2, n=4, max_innermost_factor=64, decision=[4, 1, 8, 1])
l9, l10, l11, l12 = sch.split(loop=l2, factors=[v5, v6, v7, v8], preserve_unit_iters=True, disable_predication=False)
v13, v14, v15, v16 = sch.sample_perfect_tile(loop=l3, n=4, max_innermost_factor=64, decision=[16, 2, 1, 24])
l17, l18, l19, l20 = sch.split(loop=l3, factors=[v13, v14, v15, v16], preserve_unit_iters=True, disable_predication=False)
v21, v22 = sch.sample_perfect_tile(loop=l4, n=2, max_innermost_factor=64, decision=[1024, 3])
l23, l24 = sch.split(loop=l4, factors=[v21, v22], preserve_unit_iters=True, disable_predication=False)
sch.reorder(l9, l17, l10, l18, l23, l11, l19, l24, l12, l20)
b25 = sch.cache_write(block=b0, write_buffer_index=0, storage_scope="global")
sch.reverse_compute_at(block=b25, loop=l18, preserve_unit_loops=True, index=-1)
sch.annotate(block_or_loop=b1, ann_key="meta_schedule.parallel", ann_val=128)
sch.annotate(block_or_loop=b1, ann_key="meta_schedule.vectorize", ann_val=64)
v26 = sch.sample_categorical(candidates=[0, 16, 64, 512], probs=[0.25, 0.25, 0.25, 0.25], decision=0)
sch.annotate(block_or_loop=b1, ann_key="meta_schedule.unroll_explicit", ann_val=v26)
2026-04-14 01:50:40 [INFO] [task_scheduler.cc:176] Design space #1:
# from tvm.script import ir as I
# from tvm.script import tir as T

@I.ir_module
class Module:
    @T.prim_func
    def main(A: T.Buffer((32, 3072), "float32"), B: T.Buffer((3072, 768), "float32"), C: T.Buffer((32, 768), "float32")):
        T.func_attr({"tir.noalias": True})
        with T.block("root"):
            T.reads()
            T.writes()
            T.block_attr({"meta_schedule.parallel": 128, "meta_schedule.unroll_explicit": 16, "meta_schedule.vectorize": 64})
            C_global = T.alloc_buffer((32, 768))
            for i_0, j_0 in T.grid(4, 16):
                for i_1, j_1, k_0, i_2, j_2, k_1, i_3, j_3 in T.grid(1, 2, 1024, 8, 1, 3, 1, 24):
                    with T.block("C"):
                        vi = T.axis.spatial(32, i_0 * 8 + i_1 * 8 + i_2 + i_3)
                        vj = T.axis.spatial(768, j_0 * 48 + j_1 * 24 + j_2 * 24 + j_3)
                        vk = T.axis.reduce(3072, k_0 * 3 + k_1)
                        T.reads(A[vi, vk], B[vk, vj])
                        T.writes(C_global[vi, vj])
                        T.block_attr({"meta_schedule.tiling_structure": "SSRSRS"})
                        with T.init():
                            C_global[vi, vj] = T.float32(0.0)
                        C_global[vi, vj] = C_global[vi, vj] + A[vi, vk] * B[vk, vj]
                for ax0, ax1 in T.grid(8, 48):
                    with T.block("C_global"):
                        v0 = T.axis.spatial(32, i_0 * 8 + ax0)
                        v1 = T.axis.spatial(768, j_0 * 48 + ax1)
                        T.reads(C_global[v0, v1])
                        T.writes(C[v0, v1])
                        C[v0, v1] = C_global[v0, v1]
b0 = sch.get_block(name="C", func_name="main")
b1 = sch.get_block(name="root", func_name="main")
sch.annotate(block_or_loop=b0, ann_key="meta_schedule.tiling_structure", ann_val="SSRSRS")
l2, l3, l4 = sch.get_loops(block=b0)
v5, v6, v7, v8 = sch.sample_perfect_tile(loop=l2, n=4, max_innermost_factor=64, decision=[4, 1, 8, 1])
l9, l10, l11, l12 = sch.split(loop=l2, factors=[v5, v6, v7, v8], preserve_unit_iters=True, disable_predication=False)
v13, v14, v15, v16 = sch.sample_perfect_tile(loop=l3, n=4, max_innermost_factor=64, decision=[16, 2, 1, 24])
l17, l18, l19, l20 = sch.split(loop=l3, factors=[v13, v14, v15, v16], preserve_unit_iters=True, disable_predication=False)
v21, v22 = sch.sample_perfect_tile(loop=l4, n=2, max_innermost_factor=64, decision=[1024, 3])
l23, l24 = sch.split(loop=l4, factors=[v21, v22], preserve_unit_iters=True, disable_predication=False)
sch.reorder(l9, l17, l10, l18, l23, l11, l19, l24, l12, l20)
b25 = sch.cache_write(block=b0, write_buffer_index=0, storage_scope="global")
sch.reverse_compute_at(block=b25, loop=l17, preserve_unit_loops=True, index=-1)
sch.annotate(block_or_loop=b1, ann_key="meta_schedule.parallel", ann_val=128)
sch.annotate(block_or_loop=b1, ann_key="meta_schedule.vectorize", ann_val=64)
v26 = sch.sample_categorical(candidates=[0, 16, 64, 512], probs=[0.25, 0.25, 0.25, 0.25], decision=1)
sch.annotate(block_or_loop=b1, ann_key="meta_schedule.unroll_explicit", ann_val=v26)
2026-04-14 01:50:40 [INFO] [task_scheduler.cc:176] Design space #2:
# from tvm.script import ir as I
# from tvm.script import tir as T

@I.ir_module
class Module:
    @T.prim_func
    def main(A: T.Buffer((32, 3072), "float32"), B: T.Buffer((3072, 768), "float32"), C: T.Buffer((32, 768), "float32")):
        T.func_attr({"tir.noalias": True})
        with T.block("root"):
            T.reads()
            T.writes()
            T.block_attr({"meta_schedule.parallel": 128, "meta_schedule.unroll_explicit": 16, "meta_schedule.vectorize": 64})
            for i_0, j_0, i_1, j_1, k_0, i_2, j_2, k_1, i_3, j_3 in T.grid(4, 16, 1, 2, 1024, 8, 1, 3, 1, 24):
                with T.block("C"):
                    vi = T.axis.spatial(32, i_0 * 8 + i_1 * 8 + i_2 + i_3)
                    vj = T.axis.spatial(768, j_0 * 48 + j_1 * 24 + j_2 * 24 + j_3)
                    vk = T.axis.reduce(3072, k_0 * 3 + k_1)
                    T.reads(A[vi, vk], B[vk, vj])
                    T.writes(C[vi, vj])
                    T.block_attr({"meta_schedule.tiling_structure": "SSRSRS"})
                    with T.init():
                        C[vi, vj] = T.float32(0.0)
                    C[vi, vj] = C[vi, vj] + A[vi, vk] * B[vk, vj]
b0 = sch.get_block(name="C", func_name="main")
b1 = sch.get_block(name="root", func_name="main")
sch.annotate(block_or_loop=b0, ann_key="meta_schedule.tiling_structure", ann_val="SSRSRS")
l2, l3, l4 = sch.get_loops(block=b0)
v5, v6, v7, v8 = sch.sample_perfect_tile(loop=l2, n=4, max_innermost_factor=64, decision=[4, 1, 8, 1])
l9, l10, l11, l12 = sch.split(loop=l2, factors=[v5, v6, v7, v8], preserve_unit_iters=True, disable_predication=False)
v13, v14, v15, v16 = sch.sample_perfect_tile(loop=l3, n=4, max_innermost_factor=64, decision=[16, 2, 1, 24])
l17, l18, l19, l20 = sch.split(loop=l3, factors=[v13, v14, v15, v16], preserve_unit_iters=True, disable_predication=False)
v21, v22 = sch.sample_perfect_tile(loop=l4, n=2, max_innermost_factor=64, decision=[1024, 3])
l23, l24 = sch.split(loop=l4, factors=[v21, v22], preserve_unit_iters=True, disable_predication=False)
sch.reorder(l9, l17, l10, l18, l23, l11, l19, l24, l12, l20)
sch.annotate(block_or_loop=b1, ann_key="meta_schedule.parallel", ann_val=128)
sch.annotate(block_or_loop=b1, ann_key="meta_schedule.vectorize", ann_val=64)
v25 = sch.sample_categorical(candidates=[0, 16, 64, 512], probs=[0.25, 0.25, 0.25, 0.25], decision=1)
sch.annotate(block_or_loop=b1, ann_key="meta_schedule.unroll_explicit", ann_val=v25)
2026-04-14 01:50:40 [INFO] [evolutionary_search.cc:711] Generating candidates......
2026-04-14 01:50:40 [INFO] [evolutionary_search.cc:713] Picked top 92 candidate(s) from database
2026-04-14 01:50:40 [INFO] [evolutionary_search.cc:530] Sample-Init-Population summary:
Postproc #0 [meta_schedule.DisallowDynamicLoop(0x60fdddafa648)]: 0 failure(s)
Postproc #1 [meta_schedule.RewriteParallelVectorizeUnroll(0x60fdde41ac28)]: 0 failure(s)
Postproc #2 [meta_schedule.RewriteReductionBlock(0x60fdde083828)]: 0 failure(s)
Postproc #3 [meta_schedule.RewriteLayout(0x60fdde5a2c88)]: 0 failure(s)
2026-04-14 01:50:40 [INFO] [evolutionary_search.cc:721] Sampled 369 candidate(s)
2026-04-14 01:50:41 [INFO] [evolutionary_search.cc:619] Evolve iter #0 done. Summary:
Postproc #0 [meta_schedule.DisallowDynamicLoop(0x60fdddafa648)]: 0 failure(s)
Postproc #1 [meta_schedule.RewriteParallelVectorizeUnroll(0x60fdde41ac28)]: 0 failure(s)
Postproc #2 [meta_schedule.RewriteReductionBlock(0x60fdde083828)]: 0 failure(s)
Postproc #3 [meta_schedule.RewriteLayout(0x60fdde5a2c88)]: 0 failure(s)
2026-04-14 01:50:41 [INFO] [evolutionary_search.cc:619] Evolve iter #1 done. Summary:
Postproc #0 [meta_schedule.DisallowDynamicLoop(0x60fdddafa648)]: 0 failure(s)
Postproc #1 [meta_schedule.RewriteParallelVectorizeUnroll(0x60fdde41ac28)]: 0 failure(s)
Postproc #2 [meta_schedule.RewriteReductionBlock(0x60fdde083828)]: 0 failure(s)
Postproc #3 [meta_schedule.RewriteLayout(0x60fdde5a2c88)]: 0 failure(s)
2026-04-14 01:50:42 [INFO] [evolutionary_search.cc:619] Evolve iter #2 done. Summary:
Postproc #0 [meta_schedule.DisallowDynamicLoop(0x60fdddafa648)]: 0 failure(s)
Postproc #1 [meta_schedule.RewriteParallelVectorizeUnroll(0x60fdde41ac28)]: 0 failure(s)
Postproc #2 [meta_schedule.RewriteReductionBlock(0x60fdde083828)]: 0 failure(s)
Postproc #3 [meta_schedule.RewriteLayout(0x60fdde5a2c88)]: 0 failure(s)
2026-04-14 01:50:42 [INFO] [evolutionary_search.cc:647] Scores of the best 64 candidates:
[1 : 16]:	0.9998  0.9996  0.9996  0.9994  0.9992  0.9991  0.9980  0.9978  0.9968  0.9956  0.9935  0.9925  0.9921  0.9906  0.9901  0.9900
[17 : 32]:	0.9893  0.9887  0.9884  0.9866  0.9865  0.9860  0.9860  0.9859  0.9856  0.9850  0.9843  0.9833  0.9828  0.9823  0.9816  0.9811
[33 : 48]:	0.9810  0.9805  0.9797  0.9794  0.9778  0.9777  0.9758  0.9756  0.9756  0.9744  0.9736  0.9736  0.9733  0.9733  0.9732  0.9719
[49 : 64]:	0.9715  0.9705  0.9696  0.9688  0.9679  0.9679  0.9677  0.9676  0.9668  0.9668  0.9666  0.9663  0.9638  0.9633  0.9618  0.9618
2026-04-14 01:50:42 [INFO] [evolutionary_search.cc:725] Got 64 candidate(s) with evolutionary search
2026-04-14 01:50:42 [INFO] [evolutionary_search.cc:728] Sending 64 candidates(s) for measurement
2026-04-14 01:51:15 [INFO] [task_scheduler.cc:137] [Task #0: main] Trial #1: GFLOPs: 9.2187. Time: 16379.2600 us. Best GFLOPs: 9.2187
2026-04-14 01:51:15 [INFO] [task_scheduler.cc:137] [Task #0: main] Trial #2: GFLOPs: 34.0032. Time: 4440.6048 us. Best GFLOPs: 34.0032
2026-04-14 01:51:15 [INFO] [task_scheduler.cc:137] [Task #0: main] Trial #3: GFLOPs: 42.4031. Time: 3560.9392 us. Best GFLOPs: 42.4031
2026-04-14 01:51:15 [INFO] [task_scheduler.cc:137] [Task #0: main] Trial #4: GFLOPs: 1.6004. Time: 94345.8930 us. Best GFLOPs: 42.4031
2026-04-14 01:51:15 [INFO] [task_scheduler.cc:137] [Task #0: main] Trial #5: GFLOPs: 30.0047. Time: 5032.3765 us. Best GFLOPs: 42.4031
2026-04-14 01:51:15 [INFO] [task_scheduler.cc:137] [Task #0: main] Trial #6: GFLOPs: 15.7439. Time: 9590.7066 us. Best GFLOPs: 42.4031
2026-04-14 01:51:15 [INFO] [task_scheduler.cc:137] [Task #0: main] Trial #7: GFLOPs: 52.5216. Time: 2874.9093 us. Best GFLOPs: 52.5216
2026-04-14 01:51:15 [INFO] [task_scheduler.cc:137] [Task #0: main] Trial #8: GFLOPs: 17.1587. Time: 8799.9264 us. Best GFLOPs: 52.5216
2026-04-14 01:51:15 [INFO] [task_scheduler.cc:137] [Task #0: main] Trial #9: GFLOPs: 30.7284. Time: 4913.8509 us. Best GFLOPs: 52.5216
2026-04-14 01:51:15 [INFO] [task_scheduler.cc:137] [Task #0: main] Trial #10: GFLOPs: 1.1090. Time: 136152.5435 us. Best GFLOPs: 52.5216
2026-04-14 01:51:15 [INFO] [task_scheduler.cc:137] [Task #0: main] Trial #11: GFLOPs: 25.6026. Time: 5897.6403 us. Best GFLOPs: 52.5216
2026-04-14 01:51:15 [INFO] [task_scheduler.cc:137] [Task #0: main] Trial #12: GFLOPs: 20.0641. Time: 7525.6457 us. Best GFLOPs: 52.5216
2026-04-14 01:51:15 [INFO] [task_scheduler.cc:137] [Task #0: main] Trial #13: GFLOPs: 25.0791. Time: 6020.7559 us. Best GFLOPs: 52.5216
2026-04-14 01:51:15 [INFO] [task_scheduler.cc:137] [Task #0: main] Trial #14: GFLOPs: 7.1684. Time: 21063.8545 us. Best GFLOPs: 52.5216
2026-04-14 01:51:15 [INFO] [task_scheduler.cc:137] [Task #0: main] Trial #15: GFLOPs: 8.3075. Time: 18175.7693 us. Best GFLOPs: 52.5216
2026-04-14 01:51:15 [INFO] [task_scheduler.cc:137] [Task #0: main] Trial #16: GFLOPs: 53.4815. Time: 2823.3133 us. Best GFLOPs: 53.4815
2026-04-14 01:51:15 [INFO] [task_scheduler.cc:137] [Task #0: main] Trial #17: GFLOPs: 25.9736. Time: 5813.4070 us. Best GFLOPs: 53.4815
2026-04-14 01:51:15 [INFO] [task_scheduler.cc:137] [Task #0: main] Trial #18: GFLOPs: 18.8453. Time: 8012.3603 us. Best GFLOPs: 53.4815
2026-04-14 01:51:15 [INFO] [task_scheduler.cc:137] [Task #0: main] Trial #19: GFLOPs: 11.8247. Time: 12769.4027 us. Best GFLOPs: 53.4815
2026-04-14 01:51:15 [INFO] [task_scheduler.cc:137] [Task #0: main] Trial #20: GFLOPs: 39.3311. Time: 3839.0715 us. Best GFLOPs: 53.4815
2026-04-14 01:51:15 [INFO] [task_scheduler.cc:137] [Task #0: main] Trial #21: GFLOPs: 16.9787. Time: 8893.1908 us. Best GFLOPs: 53.4815
2026-04-14 01:51:15 [INFO] [task_scheduler.cc:137] [Task #0: main] Trial #22: GFLOPs: 44.5834. Time: 3386.8003 us. Best GFLOPs: 53.4815
2026-04-14 01:51:15 [INFO] [task_scheduler.cc:137] [Task #0: main] Trial #23: GFLOPs: 46.1497. Time: 3271.8521 us. Best GFLOPs: 53.4815
2026-04-14 01:51:15 [INFO] [task_scheduler.cc:137] [Task #0: main] Trial #24: GFLOPs: 22.1900. Time: 6804.6542 us. Best GFLOPs: 53.4815
2026-04-14 01:51:15 [INFO] [task_scheduler.cc:137] [Task #0: main] Trial #25: GFLOPs: 41.4376. Time: 3643.9089 us. Best GFLOPs: 53.4815
2026-04-14 01:51:15 [INFO] [task_scheduler.cc:137] [Task #0: main] Trial #26: GFLOPs: 23.1945. Time: 6509.9430 us. Best GFLOPs: 53.4815
2026-04-14 01:51:15 [INFO] [task_scheduler.cc:137] [Task #0: main] Trial #27: GFLOPs: 15.8975. Time: 9498.0233 us. Best GFLOPs: 53.4815
2026-04-14 01:51:15 [INFO] [task_scheduler.cc:137] [Task #0: main] Trial #28: GFLOPs: 19.2173. Time: 7857.2322 us. Best GFLOPs: 53.4815
2026-04-14 01:51:15 [INFO] [task_scheduler.cc:137] [Task #0: main] Trial #29: GFLOPs: 17.5246. Time: 8616.1630 us. Best GFLOPs: 53.4815
2026-04-14 01:51:15 [INFO] [task_scheduler.cc:137] [Task #0: main] Trial #30: GFLOPs: 15.4425. Time: 9777.8790 us. Best GFLOPs: 53.4815
2026-04-14 01:51:15 [INFO] [task_scheduler.cc:137] [Task #0: main] Trial #31: GFLOPs: 10.3769. Time: 14551.0743 us. Best GFLOPs: 53.4815
2026-04-14 01:51:15 [INFO] [task_scheduler.cc:137] [Task #0: main] Trial #32: GFLOPs: 6.3207. Time: 23889.1030 us. Best GFLOPs: 53.4815
2026-04-14 01:51:15 [INFO] [task_scheduler.cc:137] [Task #0: main] Trial #33: GFLOPs: 9.5572. Time: 15799.0553 us. Best GFLOPs: 53.4815
2026-04-14 01:51:15 [INFO] [task_scheduler.cc:137] [Task #0: main] Trial #34: GFLOPs: 25.8800. Time: 5834.4154 us. Best GFLOPs: 53.4815
2026-04-14 01:51:15 [INFO] [task_scheduler.cc:137] [Task #0: main] Trial #35: GFLOPs: 41.8270. Time: 3609.9869 us. Best GFLOPs: 53.4815
2026-04-14 01:51:15 [INFO] [task_scheduler.cc:137] [Task #0: main] Trial #36: GFLOPs: 17.3332. Time: 8711.3032 us. Best GFLOPs: 53.4815
2026-04-14 01:51:15 [INFO] [task_scheduler.cc:137] [Task #0: main] Trial #37: GFLOPs: 20.5713. Time: 7340.0680 us. Best GFLOPs: 53.4815
2026-04-14 01:51:15 [INFO] [task_scheduler.cc:137] [Task #0: main] Trial #38: GFLOPs: 33.5782. Time: 4496.8173 us. Best GFLOPs: 53.4815
2026-04-14 01:51:15 [INFO] [task_scheduler.cc:137] [Task #0: main] Trial #39: GFLOPs: 41.6987. Time: 3621.0906 us. Best GFLOPs: 53.4815
2026-04-14 01:51:15 [INFO] [task_scheduler.cc:137] [Task #0: main] Trial #40: GFLOPs: 47.3214. Time: 3190.8365 us. Best GFLOPs: 53.4815
2026-04-14 01:51:15 [INFO] [task_scheduler.cc:137] [Task #0: main] Trial #41: GFLOPs: 32.1326. Time: 4699.1141 us. Best GFLOPs: 53.4815
2026-04-14 01:51:15 [INFO] [task_scheduler.cc:137] [Task #0: main] Trial #42: GFLOPs: 29.0440. Time: 5198.8361 us. Best GFLOPs: 53.4815
2026-04-14 01:51:15 [INFO] [task_scheduler.cc:137] [Task #0: main] Trial #43: GFLOPs: 11.2688. Time: 13399.3945 us. Best GFLOPs: 53.4815
2026-04-14 01:51:15 [INFO] [task_scheduler.cc:137] [Task #0: main] Trial #44: GFLOPs: 20.9122. Time: 7220.4226 us. Best GFLOPs: 53.4815
2026-04-14 01:51:15 [INFO] [task_scheduler.cc:137] [Task #0: main] Trial #45: GFLOPs: 46.8098. Time: 3225.7103 us. Best GFLOPs: 53.4815
2026-04-14 01:51:15 [INFO] [task_scheduler.cc:137] [Task #0: main] Trial #46: GFLOPs: 33.5583. Time: 4499.4808 us. Best GFLOPs: 53.4815
2026-04-14 01:51:15 [INFO] [task_scheduler.cc:137] [Task #0: main] Trial #47: GFLOPs: 8.5388. Time: 17683.4223 us. Best GFLOPs: 53.4815
2026-04-14 01:51:15 [INFO] [task_scheduler.cc:137] [Task #0: main] Trial #48: GFLOPs: 17.6956. Time: 8532.9040 us. Best GFLOPs: 53.4815
2026-04-14 01:51:15 [INFO] [task_scheduler.cc:137] [Task #0: main] Trial #49: GFLOPs: 22.0565. Time: 6845.8362 us. Best GFLOPs: 53.4815
2026-04-14 01:51:15 [INFO] [task_scheduler.cc:137] [Task #0: main] Trial #50: GFLOPs: 4.7083. Time: 32069.7065 us. Best GFLOPs: 53.4815
2026-04-14 01:51:15 [INFO] [task_scheduler.cc:137] [Task #0: main] Trial #51: GFLOPs: 38.2111. Time: 3951.5949 us. Best GFLOPs: 53.4815
2026-04-14 01:51:15 [INFO] [task_scheduler.cc:137] [Task #0: main] Trial #52: GFLOPs: 11.7144. Time: 12889.6977 us. Best GFLOPs: 53.4815
2026-04-14 01:51:15 [INFO] [task_scheduler.cc:137] [Task #0: main] Trial #53: GFLOPs: 3.9289. Time: 38431.4105 us. Best GFLOPs: 53.4815
2026-04-14 01:51:15 [INFO] [task_scheduler.cc:137] [Task #0: main] Trial #54: GFLOPs: 32.6850. Time: 4619.6984 us. Best GFLOPs: 53.4815
2026-04-14 01:51:15 [INFO] [task_scheduler.cc:137] [Task #0: main] Trial #55: GFLOPs: 31.6417. Time: 4772.0246 us. Best GFLOPs: 53.4815
2026-04-14 01:51:15 [INFO] [task_scheduler.cc:137] [Task #0: main] Trial #56: GFLOPs: 7.2126. Time: 20935.0113 us. Best GFLOPs: 53.4815
2026-04-14 01:51:15 [INFO] [task_scheduler.cc:137] [Task #0: main] Trial #57: GFLOPs: 43.8054. Time: 3446.9465 us. Best GFLOPs: 53.4815
2026-04-14 01:51:15 [INFO] [task_scheduler.cc:137] [Task #0: main] Trial #58: GFLOPs: 48.2782. Time: 3127.5999 us. Best GFLOPs: 53.4815
2026-04-14 01:51:15 [INFO] [task_scheduler.cc:137] [Task #0: main] Trial #59: GFLOPs: 6.3905. Time: 23628.1100 us. Best GFLOPs: 53.4815
2026-04-14 01:51:15 [INFO] [task_scheduler.cc:137] [Task #0: main] Trial #60: GFLOPs: 25.2177. Time: 5987.6502 us. Best GFLOPs: 53.4815
2026-04-14 01:51:15 [INFO] [task_scheduler.cc:137] [Task #0: main] Trial #61: GFLOPs: 20.1924. Time: 7477.8227 us. Best GFLOPs: 53.4815
2026-04-14 01:51:15 [INFO] [task_scheduler.cc:137] [Task #0: main] Trial #62: GFLOPs: 16.7649. Time: 9006.6371 us. Best GFLOPs: 53.4815
2026-04-14 01:51:15 [INFO] [task_scheduler.cc:137] [Task #0: main] Trial #63: GFLOPs: 25.6694. Time: 5882.2853 us. Best GFLOPs: 53.4815
2026-04-14 01:51:15 [INFO] [task_scheduler.cc:137] [Task #0: main] Trial #64: GFLOPs: 10.9845. Time: 13746.1697 us. Best GFLOPs: 53.4815
2026-04-14 01:51:15 [INFO] [evolutionary_search.cc:711] Generating candidates......
2026-04-14 01:51:16 [INFO] [evolutionary_search.cc:713] Picked top 92 candidate(s) from database
2026-04-14 01:51:16 [INFO] [evolutionary_search.cc:530] Sample-Init-Population summary:
Postproc #0 [meta_schedule.DisallowDynamicLoop(0x60fdddafa648)]: 0 failure(s)
Postproc #1 [meta_schedule.RewriteParallelVectorizeUnroll(0x60fdde41ac28)]: 0 failure(s)
Postproc #2 [meta_schedule.RewriteReductionBlock(0x60fdde083828)]: 0 failure(s)
Postproc #3 [meta_schedule.RewriteLayout(0x60fdde5a2c88)]: 0 failure(s)
2026-04-14 01:51:16 [INFO] [evolutionary_search.cc:721] Sampled 369 candidate(s)
2026-04-14 01:51:16 [INFO] [evolutionary_search.cc:619] Evolve iter #0 done. Summary:
Postproc #0 [meta_schedule.DisallowDynamicLoop(0x60fdddafa648)]: 0 failure(s)
Postproc #1 [meta_schedule.RewriteParallelVectorizeUnroll(0x60fdde41ac28)]: 0 failure(s)
Postproc #2 [meta_schedule.RewriteReductionBlock(0x60fdde083828)]: 0 failure(s)
Postproc #3 [meta_schedule.RewriteLayout(0x60fdde5a2c88)]: 0 failure(s)
2026-04-14 01:51:17 [INFO] [evolutionary_search.cc:619] Evolve iter #1 done. Summary:
Postproc #0 [meta_schedule.DisallowDynamicLoop(0x60fdddafa648)]: 0 failure(s)
Postproc #1 [meta_schedule.RewriteParallelVectorizeUnroll(0x60fdde41ac28)]: 0 failure(s)
Postproc #2 [meta_schedule.RewriteReductionBlock(0x60fdde083828)]: 0 failure(s)
Postproc #3 [meta_schedule.RewriteLayout(0x60fdde5a2c88)]: 0 failure(s)
2026-04-14 01:51:17 [INFO] [evolutionary_search.cc:619] Evolve iter #2 done. Summary:
Postproc #0 [meta_schedule.DisallowDynamicLoop(0x60fdddafa648)]: 0 failure(s)
Postproc #1 [meta_schedule.RewriteParallelVectorizeUnroll(0x60fdde41ac28)]: 0 failure(s)
Postproc #2 [meta_schedule.RewriteReductionBlock(0x60fdde083828)]: 0 failure(s)
Postproc #3 [meta_schedule.RewriteLayout(0x60fdde5a2c88)]: 0 failure(s)
2026-04-14 01:51:17 [INFO] [evolutionary_search.cc:647] Scores of the best 13 candidates:
[1 : 13]:	0.9991  0.9962  0.9958  0.9953  0.9929  0.9926  0.9920  0.9907  0.9906  0.9905  0.9903  0.9898  0.9896
2026-04-14 01:51:17 [INFO] [evolutionary_search.cc:725] Got 13 candidate(s) with evolutionary search
2026-04-14 01:51:17 [INFO] [evolutionary_search.cc:728] Sending 13 candidates(s) for measurement
2026-04-14 01:51:31 [INFO] [task_scheduler.cc:137] [Task #0: main] Trial #65: GFLOPs: 17.6777. Time: 8541.5584 us. Best GFLOPs: 53.4815
2026-04-14 01:51:31 [INFO] [task_scheduler.cc:137] [Task #0: main] Trial #66: GFLOPs: 23.1413. Time: 6524.9110 us. Best GFLOPs: 53.4815
2026-04-14 01:51:31 [INFO] [task_scheduler.cc:137] [Task #0: main] Trial #67: GFLOPs: 15.8034. Time: 9554.6080 us. Best GFLOPs: 53.4815
2026-04-14 01:51:31 [INFO] [task_scheduler.cc:137] [Task #0: main] Trial #68: GFLOPs: 2.6299. Time: 57413.6740 us. Best GFLOPs: 53.4815
2026-04-14 01:51:31 [INFO] [task_scheduler.cc:137] [Task #0: main] Trial #69: GFLOPs: 14.0290. Time: 10763.0910 us. Best GFLOPs: 53.4815
2026-04-14 01:51:31 [INFO] [task_scheduler.cc:137] [Task #0: main] Trial #70: GFLOPs: 52.5545. Time: 2873.1104 us. Best GFLOPs: 53.4815
2026-04-14 01:51:31 [INFO] [task_scheduler.cc:137] [Task #0: main] Trial #71: GFLOPs: 44.6932. Time: 3378.4741 us. Best GFLOPs: 53.4815
2026-04-14 01:51:31 [INFO] [task_scheduler.cc:137] [Task #0: main] Trial #72: GFLOPs: 21.0146. Time: 7185.2477 us. Best GFLOPs: 53.4815
2026-04-14 01:51:31 [INFO] [task_scheduler.cc:137] [Task #0: main] Trial #73: GFLOPs: 11.3403. Time: 13314.9240 us. Best GFLOPs: 53.4815
2026-04-14 01:51:31 [INFO] [task_scheduler.cc:137] [Task #0: main] Trial #74: GFLOPs: 17.2656. Time: 8745.4365 us. Best GFLOPs: 53.4815
2026-04-14 01:51:31 [INFO] [task_scheduler.cc:137] [Task #0: main] Trial #75: GFLOPs: 32.9990. Time: 4575.7363 us. Best GFLOPs: 53.4815
2026-04-14 01:51:31 [INFO] [task_scheduler.cc:137] [Task #0: main] Trial #76: GFLOPs: 55.4681. Time: 2722.1952 us. Best GFLOPs: 55.4681
2026-04-14 01:51:31 [INFO] [task_scheduler.cc:137] [Task #0: main] Trial #77: GFLOPs: 33.9323. Time: 4449.8900 us. Best GFLOPs: 55.4681
