2026-04-07 18:43:22 [INFO] Logging directory: research/results/metaschedule/8020/iter_01/c6cfef5f3bd72748/mlp_reduce/M_384/logs
2026-04-07 18:43:22 [INFO] [task_scheduler.cc:165] Initializing Task #0: "main"
2026-04-07 18:43:22 [INFO] [task_scheduler.cc:326] 
 ID | Name |       FLOP | Weight | Speed (GFLOPS) | Latency (us) | Weighted Latency (us) | Trials | Done 
---------------------------------------------------------------------------------------------------------
  0 | main | 1811939328 |      1 |            N/A |          N/A |                   N/A |      0 |      
---------------------------------------------------------------------------------------------------------
Total trials: 0
Total latency (us): 0

2026-04-07 18:43:22 [INFO] [task_scheduler.cc:186] TaskScheduler picks Task #0: "main"
2026-04-07 18:43:23 [INFO] [task_scheduler.cc:199] Sending 32 sample(s) to builder
2026-04-07 18:43:37 [INFO] [task_scheduler.cc:201] Sending 32 sample(s) to runner
2026-04-07 18:43:54 [DEBUG] XGB iter   0: tr-p-rmse: 0.337679	tr-a-peak@32: 0.944909	tr-rmse: 0.246359	tr-rmse: 0.246359
2026-04-07 18:43:54 [DEBUG] XGB iter  25: tr-p-rmse: 0.089729	tr-a-peak@32: 1.000000	tr-rmse: 0.281878	tr-rmse: 0.281878
2026-04-07 18:43:54 [DEBUG] XGB iter  50: tr-p-rmse: 0.089758	tr-a-peak@32: 1.000000	tr-rmse: 0.281830	tr-rmse: 0.281830
2026-04-07 18:43:54 [DEBUG] XGB stopped. Best iteration: [19] tr-p-rmse:0.08943	tr-a-peak@32:1.00000	tr-rmse:0.28237	tr-rmse:0.28237 
2026-04-07 18:43:54 [INFO] [task_scheduler.cc:243] [Updated] Task #0: "main"
2026-04-07 18:43:54 [INFO] [task_scheduler.cc:326] 
 ID | Name |       FLOP | Weight | Speed (GFLOPS) | Latency (us) | Weighted Latency (us) | Trials | Done 
---------------------------------------------------------------------------------------------------------
  0 | main | 1811939328 |      1 |        73.6754 |   24593.5330 |            24593.5330 |     32 |      
---------------------------------------------------------------------------------------------------------
Total trials: 32
Total latency (us): 24593.5

2026-04-07 18:43:54 [INFO] [task_scheduler.cc:186] TaskScheduler picks Task #0: "main"
2026-04-07 18:43:56 [INFO] [task_scheduler.cc:199] Sending 32 sample(s) to builder
2026-04-07 18:44:03 [INFO] [task_scheduler.cc:201] Sending 32 sample(s) to runner
2026-04-07 18:44:18 [DEBUG] XGB validation: p-rmse: 0.365873	a-peak@32: 0.947956
2026-04-07 18:44:18 [DEBUG] XGB iter   0: tr-p-rmse: 0.422931	tr-a-peak@32: 0.675224	tr-rmse: 0.194684	tr-rmse: 0.194684
2026-04-07 18:44:18 [DEBUG] XGB iter  25: tr-p-rmse: 0.057077	tr-a-peak@32: 1.000000	tr-rmse: 0.190612	tr-rmse: 0.190612
2026-04-07 18:44:18 [DEBUG] XGB iter  50: tr-p-rmse: 0.057079	tr-a-peak@32: 1.000000	tr-rmse: 0.190610	tr-rmse: 0.190610
2026-04-07 18:44:18 [DEBUG] XGB stopped. Best iteration: [20] tr-p-rmse:0.05707	tr-a-peak@32:1.00000	tr-rmse:0.19062	tr-rmse:0.19062 
2026-04-07 18:44:18 [INFO] [task_scheduler.cc:243] [Updated] Task #0: "main"
2026-04-07 18:44:18 [INFO] [task_scheduler.cc:326] 
 ID | Name |       FLOP | Weight | Speed (GFLOPS) | Latency (us) | Weighted Latency (us) | Trials | Done 
---------------------------------------------------------------------------------------------------------
  0 | main | 1811939328 |      1 |       119.0144 |   15224.5332 |            15224.5332 |     64 |      
---------------------------------------------------------------------------------------------------------
Total trials: 64
Total latency (us): 15224.5

2026-04-07 18:44:18 [INFO] [task_scheduler.cc:186] TaskScheduler picks Task #0: "main"
2026-04-07 18:44:19 [INFO] [task_scheduler.cc:199] Sending 32 sample(s) to builder
2026-04-07 18:44:27 [INFO] [task_scheduler.cc:201] Sending 32 sample(s) to runner
2026-04-07 18:44:47 [DEBUG] XGB validation: p-rmse: 0.210416	a-peak@32: 0.982805
2026-04-07 18:44:47 [DEBUG] XGB iter   0: tr-p-rmse: 0.450035	tr-a-peak@32: 0.882438	tr-rmse: 0.223748	tr-rmse: 0.223748
2026-04-07 18:44:47 [DEBUG] XGB iter  25: tr-p-rmse: 0.070720	tr-a-peak@32: 1.000000	tr-rmse: 0.222952	tr-rmse: 0.222952
2026-04-07 18:44:47 [DEBUG] XGB iter  50: tr-p-rmse: 0.070699	tr-a-peak@32: 1.000000	tr-rmse: 0.222977	tr-rmse: 0.222977
2026-04-07 18:44:47 [DEBUG] XGB iter  75: tr-p-rmse: 0.070699	tr-a-peak@32: 1.000000	tr-rmse: 0.222977	tr-rmse: 0.222977
2026-04-07 18:44:47 [DEBUG] XGB stopped. Best iteration: [47] tr-p-rmse:0.07070	tr-a-peak@32:1.00000	tr-rmse:0.22298	tr-rmse:0.22298 
2026-04-07 18:44:47 [INFO] [task_scheduler.cc:243] [Updated] Task #0: "main"
2026-04-07 18:44:47 [INFO] [task_scheduler.cc:326] 
 ID | Name |       FLOP | Weight | Speed (GFLOPS) | Latency (us) | Weighted Latency (us) | Trials | Done 
---------------------------------------------------------------------------------------------------------
  0 | main | 1811939328 |      1 |       119.0144 |   15224.5332 |            15224.5332 |     96 |      
---------------------------------------------------------------------------------------------------------
Total trials: 96
Total latency (us): 15224.5

2026-04-07 18:44:47 [INFO] [task_scheduler.cc:186] TaskScheduler picks Task #0: "main"
2026-04-07 18:44:48 [INFO] [task_scheduler.cc:199] Sending 19 sample(s) to builder
2026-04-07 18:44:55 [INFO] [task_scheduler.cc:201] Sending 19 sample(s) to runner
2026-04-07 18:45:04 [DEBUG] XGB validation: p-rmse: 0.182286	a-peak@32: 0.904430
2026-04-07 18:45:04 [INFO] [task_scheduler.cc:243] [Updated] Task #0: "main"
2026-04-07 18:45:04 [INFO] [task_scheduler.cc:326] 
 ID | Name |       FLOP | Weight | Speed (GFLOPS) | Latency (us) | Weighted Latency (us) | Trials | Done 
---------------------------------------------------------------------------------------------------------
  0 | main | 1811939328 |      1 |       119.0144 |   15224.5332 |            15224.5332 |    115 |      
---------------------------------------------------------------------------------------------------------
Total trials: 115
Total latency (us): 15224.5

2026-04-07 18:45:04 [INFO] [task_scheduler.cc:266] Task #0 has finished. Remaining task(s): 0
2026-04-07 18:45:04 [INFO] [task_scheduler.cc:326] 
 ID | Name |       FLOP | Weight | Speed (GFLOPS) | Latency (us) | Weighted Latency (us) | Trials | Done 
---------------------------------------------------------------------------------------------------------
  0 | main | 1811939328 |      1 |       119.0144 |   15224.5332 |            15224.5332 |    115 |    Y 
---------------------------------------------------------------------------------------------------------
Total trials: 115
Total latency (us): 15224.5

2026-04-07 18:45:06 [INFO] LocalBuilder: max_workers = 12
2026-04-07 18:45:07 [INFO] LocalRunner: max_workers = 1
