2026-04-07 15:25:43 [INFO] Logging directory: research/results/metaschedule/8020/iter_01/97ba7abd357335fa/mlp_expand/M_128/logs
2026-04-07 15:25:43 [INFO] [task_scheduler.cc:165] Initializing Task #0: "main"
2026-04-07 15:25:43 [INFO] [task_scheduler.cc:326] 
 ID | Name |      FLOP | Weight | Speed (GFLOPS) | Latency (us) | Weighted Latency (us) | Trials | Done 
--------------------------------------------------------------------------------------------------------
  0 | main | 603979776 |      1 |            N/A |          N/A |                   N/A |      0 |      
--------------------------------------------------------------------------------------------------------
Total trials: 0
Total latency (us): 0

2026-04-07 15:25:43 [INFO] [task_scheduler.cc:186] TaskScheduler picks Task #0: "main"
2026-04-07 15:25:44 [INFO] [task_scheduler.cc:199] Sending 64 sample(s) to builder
2026-04-07 15:26:01 [INFO] [task_scheduler.cc:201] Sending 64 sample(s) to runner
2026-04-07 15:26:19 [DEBUG] XGB iter   0: tr-p-rmse: 0.427080	tr-a-peak@32: 0.827919	tr-rmse: 0.249021	tr-rmse: 0.249021
2026-04-07 15:26:19 [DEBUG] XGB iter  25: tr-p-rmse: 0.044066	tr-a-peak@32: 1.000000	tr-rmse: 0.278295	tr-rmse: 0.278295
2026-04-07 15:26:19 [DEBUG] XGB iter  50: tr-p-rmse: 0.043994	tr-a-peak@32: 1.000000	tr-rmse: 0.278386	tr-rmse: 0.278386
2026-04-07 15:26:19 [DEBUG] XGB iter  75: tr-p-rmse: 0.043994	tr-a-peak@32: 1.000000	tr-rmse: 0.278386	tr-rmse: 0.278386
2026-04-07 15:26:19 [DEBUG] XGB stopped. Best iteration: [37] tr-p-rmse:0.04399	tr-a-peak@32:1.00000	tr-rmse:0.27839	tr-rmse:0.27839 
2026-04-07 15:26:19 [INFO] [task_scheduler.cc:243] [Updated] Task #0: "main"
2026-04-07 15:26:19 [INFO] [task_scheduler.cc:326] 
 ID | Name |      FLOP | Weight | Speed (GFLOPS) | Latency (us) | Weighted Latency (us) | Trials | Done 
--------------------------------------------------------------------------------------------------------
  0 | main | 603979776 |      1 |       114.1112 |    5292.9071 |             5292.9071 |     64 |      
--------------------------------------------------------------------------------------------------------
Total trials: 64
Total latency (us): 5292.91

2026-04-07 15:26:19 [INFO] [task_scheduler.cc:186] TaskScheduler picks Task #0: "main"
2026-04-07 15:26:20 [INFO] [task_scheduler.cc:199] Sending 64 sample(s) to builder
2026-04-07 15:26:38 [INFO] [task_scheduler.cc:201] Sending 64 sample(s) to runner
2026-04-07 15:26:56 [DEBUG] XGB validation: p-rmse: 0.254112	a-peak@32: 0.924868
2026-04-07 15:26:56 [DEBUG] XGB iter   0: tr-p-rmse: 0.439013	tr-a-peak@32: 0.977995	tr-rmse: 0.241938	tr-rmse: 0.241938
2026-04-07 15:26:57 [DEBUG] XGB iter  25: tr-p-rmse: 0.053491	tr-a-peak@32: 1.000000	tr-rmse: 0.270176	tr-rmse: 0.270176
2026-04-07 15:26:57 [DEBUG] XGB iter  50: tr-p-rmse: 0.053452	tr-a-peak@32: 1.000000	tr-rmse: 0.270224	tr-rmse: 0.270224
2026-04-07 15:26:57 [DEBUG] XGB iter  75: tr-p-rmse: 0.053452	tr-a-peak@32: 1.000000	tr-rmse: 0.270224	tr-rmse: 0.270224
2026-04-07 15:26:57 [DEBUG] XGB stopped. Best iteration: [35] tr-p-rmse:0.05345	tr-a-peak@32:1.00000	tr-rmse:0.27022	tr-rmse:0.27022 
2026-04-07 15:26:57 [INFO] [task_scheduler.cc:243] [Updated] Task #0: "main"
2026-04-07 15:26:57 [INFO] [task_scheduler.cc:326] 
 ID | Name |      FLOP | Weight | Speed (GFLOPS) | Latency (us) | Weighted Latency (us) | Trials | Done 
--------------------------------------------------------------------------------------------------------
  0 | main | 603979776 |      1 |       114.1112 |    5292.9071 |             5292.9071 |    128 |      
--------------------------------------------------------------------------------------------------------
Total trials: 128
Total latency (us): 5292.91

2026-04-07 15:26:57 [INFO] [task_scheduler.cc:186] TaskScheduler picks Task #0: "main"
2026-04-07 15:27:00 [INFO] [task_scheduler.cc:199] Sending 64 sample(s) to builder
2026-04-07 15:27:14 [INFO] [task_scheduler.cc:201] Sending 64 sample(s) to runner
2026-04-07 15:27:31 [DEBUG] XGB validation: p-rmse: 0.234455	a-peak@32: 0.995958
2026-04-07 15:27:31 [DEBUG] XGB iter   0: tr-p-rmse: 0.401894	tr-a-peak@32: 1.000000	tr-rmse: 0.271023	tr-rmse: 0.271023
2026-04-07 15:27:31 [DEBUG] XGB iter  25: tr-p-rmse: 0.045466	tr-a-peak@32: 1.000000	tr-rmse: 0.301024	tr-rmse: 0.301024
2026-04-07 15:27:31 [DEBUG] XGB iter  50: tr-p-rmse: 0.045448	tr-a-peak@32: 1.000000	tr-rmse: 0.301050	tr-rmse: 0.301050
2026-04-07 15:27:31 [DEBUG] XGB iter  75: tr-p-rmse: 0.045448	tr-a-peak@32: 1.000000	tr-rmse: 0.301050	tr-rmse: 0.301050
2026-04-07 15:27:31 [DEBUG] XGB stopped. Best iteration: [34] tr-p-rmse:0.04545	tr-a-peak@32:1.00000	tr-rmse:0.30105	tr-rmse:0.30105 
2026-04-07 15:27:31 [INFO] [task_scheduler.cc:243] [Updated] Task #0: "main"
2026-04-07 15:27:31 [INFO] [task_scheduler.cc:326] 
 ID | Name |      FLOP | Weight | Speed (GFLOPS) | Latency (us) | Weighted Latency (us) | Trials | Done 
--------------------------------------------------------------------------------------------------------
  0 | main | 603979776 |      1 |       114.6997 |    5265.7469 |             5265.7469 |    192 |      
--------------------------------------------------------------------------------------------------------
Total trials: 192
Total latency (us): 5265.75

2026-04-07 15:27:31 [INFO] [task_scheduler.cc:186] TaskScheduler picks Task #0: "main"
2026-04-07 15:27:34 [INFO] [task_scheduler.cc:199] Sending 36 sample(s) to builder
2026-04-07 15:27:44 [INFO] [task_scheduler.cc:201] Sending 36 sample(s) to runner
2026-04-07 15:27:54 [DEBUG] XGB validation: p-rmse: 0.216250	a-peak@32: 1.000000
2026-04-07 15:27:54 [INFO] [task_scheduler.cc:243] [Updated] Task #0: "main"
2026-04-07 15:27:54 [INFO] [task_scheduler.cc:326] 
 ID | Name |      FLOP | Weight | Speed (GFLOPS) | Latency (us) | Weighted Latency (us) | Trials | Done 
--------------------------------------------------------------------------------------------------------
  0 | main | 603979776 |      1 |       123.1899 |    4902.8372 |             4902.8372 |    228 |      
--------------------------------------------------------------------------------------------------------
Total trials: 228
Total latency (us): 4902.84

2026-04-07 15:27:54 [INFO] [task_scheduler.cc:266] Task #0 has finished. Remaining task(s): 0
2026-04-07 15:27:54 [INFO] [task_scheduler.cc:326] 
 ID | Name |      FLOP | Weight | Speed (GFLOPS) | Latency (us) | Weighted Latency (us) | Trials | Done 
--------------------------------------------------------------------------------------------------------
  0 | main | 603979776 |      1 |       123.1899 |    4902.8372 |             4902.8372 |    228 |    Y 
--------------------------------------------------------------------------------------------------------
Total trials: 228
Total latency (us): 4902.84

2026-04-07 15:27:55 [INFO] LocalBuilder: max_workers = 12
2026-04-07 15:27:56 [INFO] LocalRunner: max_workers = 1
