2026-04-07 12:24:00 [INFO] Logging directory: research/results/metaschedule/8020/iter_01/5b3b84008e95bfc1/qkv/M_16/logs
2026-04-07 12:24:00 [INFO] [task_scheduler.cc:165] Initializing Task #0: "main"
2026-04-07 12:24:00 [INFO] [task_scheduler.cc:326] 
 ID | Name |     FLOP | Weight | Speed (GFLOPS) | Latency (us) | Weighted Latency (us) | Trials | Done 
-------------------------------------------------------------------------------------------------------
  0 | main | 18874368 |      1 |            N/A |          N/A |                   N/A |      0 |      
-------------------------------------------------------------------------------------------------------
Total trials: 0
Total latency (us): 0

2026-04-07 12:24:00 [INFO] [task_scheduler.cc:186] TaskScheduler picks Task #0: "main"
2026-04-07 12:24:01 [INFO] [task_scheduler.cc:199] Sending 64 sample(s) to builder
2026-04-07 12:24:12 [INFO] [task_scheduler.cc:201] Sending 64 sample(s) to runner
2026-04-07 12:24:30 [DEBUG] XGB iter   0: tr-p-rmse: 0.379287	tr-a-peak@32: 1.000000	tr-rmse: 0.264349	tr-rmse: 0.264349
2026-04-07 12:24:30 [DEBUG] XGB iter  25: tr-p-rmse: 0.049740	tr-a-peak@32: 1.000000	tr-rmse: 0.280447	tr-rmse: 0.280447
2026-04-07 12:24:31 [DEBUG] XGB iter  50: tr-p-rmse: 0.049722	tr-a-peak@32: 1.000000	tr-rmse: 0.280476	tr-rmse: 0.280476
2026-04-07 12:24:31 [DEBUG] XGB iter  75: tr-p-rmse: 0.049722	tr-a-peak@32: 1.000000	tr-rmse: 0.280476	tr-rmse: 0.280476
2026-04-07 12:24:31 [DEBUG] XGB stopped. Best iteration: [33] tr-p-rmse:0.04972	tr-a-peak@32:1.00000	tr-rmse:0.28047	tr-rmse:0.28047 
2026-04-07 12:24:31 [INFO] [task_scheduler.cc:243] [Updated] Task #0: "main"
2026-04-07 12:24:31 [INFO] [task_scheduler.cc:326] 
 ID | Name |     FLOP | Weight | Speed (GFLOPS) | Latency (us) | Weighted Latency (us) | Trials | Done 
-------------------------------------------------------------------------------------------------------
  0 | main | 18874368 |      1 |        82.1618 |     229.7219 |              229.7219 |     64 |      
-------------------------------------------------------------------------------------------------------
Total trials: 64
Total latency (us): 229.722

2026-04-07 12:24:31 [INFO] [task_scheduler.cc:186] TaskScheduler picks Task #0: "main"
2026-04-07 12:24:32 [INFO] [task_scheduler.cc:199] Sending 64 sample(s) to builder
2026-04-07 12:24:41 [INFO] [task_scheduler.cc:201] Sending 64 sample(s) to runner
2026-04-07 12:24:58 [DEBUG] XGB validation: p-rmse: 0.216762	a-peak@32: 1.000000
2026-04-07 12:24:58 [DEBUG] XGB iter   0: tr-p-rmse: 0.427019	tr-a-peak@32: 0.998270	tr-rmse: 0.218443	tr-rmse: 0.218443
2026-04-07 12:24:58 [DEBUG] XGB iter  25: tr-p-rmse: 0.043405	tr-a-peak@32: 1.000000	tr-rmse: 0.243210	tr-rmse: 0.243210
2026-04-07 12:24:58 [DEBUG] XGB iter  50: tr-p-rmse: 0.043394	tr-a-peak@32: 1.000000	tr-rmse: 0.243225	tr-rmse: 0.243225
2026-04-07 12:24:58 [DEBUG] XGB iter  75: tr-p-rmse: 0.043394	tr-a-peak@32: 1.000000	tr-rmse: 0.243225	tr-rmse: 0.243225
2026-04-07 12:24:58 [DEBUG] XGB stopped. Best iteration: [31] tr-p-rmse:0.04339	tr-a-peak@32:1.00000	tr-rmse:0.24322	tr-rmse:0.24322 
2026-04-07 12:24:58 [INFO] [task_scheduler.cc:243] [Updated] Task #0: "main"
2026-04-07 12:24:58 [INFO] [task_scheduler.cc:326] 
 ID | Name |     FLOP | Weight | Speed (GFLOPS) | Latency (us) | Weighted Latency (us) | Trials | Done 
-------------------------------------------------------------------------------------------------------
  0 | main | 18874368 |      1 |       102.0769 |     184.9034 |              184.9034 |    128 |      
-------------------------------------------------------------------------------------------------------
Total trials: 128
Total latency (us): 184.903

2026-04-07 12:24:58 [INFO] [task_scheduler.cc:186] TaskScheduler picks Task #0: "main"
2026-04-07 12:25:01 [INFO] [task_scheduler.cc:199] Sending 64 sample(s) to builder
2026-04-07 12:25:10 [INFO] [task_scheduler.cc:201] Sending 64 sample(s) to runner
2026-04-07 12:25:29 [DEBUG] XGB validation: p-rmse: 0.206796	a-peak@32: 1.000000
2026-04-07 12:25:29 [DEBUG] XGB iter   0: tr-p-rmse: 0.366897	tr-a-peak@32: 0.931032	tr-rmse: 0.275219	tr-rmse: 0.275219
2026-04-07 12:25:29 [DEBUG] XGB iter  25: tr-p-rmse: 0.045743	tr-a-peak@32: 0.999375	tr-rmse: 0.323039	tr-rmse: 0.323039
2026-04-07 12:25:29 [DEBUG] XGB iter  50: tr-p-rmse: 0.045739	tr-a-peak@32: 0.999375	tr-rmse: 0.323047	tr-rmse: 0.323047
2026-04-07 12:25:29 [DEBUG] XGB iter  75: tr-p-rmse: 0.045739	tr-a-peak@32: 0.999375	tr-rmse: 0.323047	tr-rmse: 0.323047
2026-04-07 12:25:29 [DEBUG] XGB stopped. Best iteration: [29] tr-p-rmse:0.04574	tr-a-peak@32:0.99938	tr-rmse:0.32305	tr-rmse:0.32305 
2026-04-07 12:25:29 [INFO] [task_scheduler.cc:243] [Updated] Task #0: "main"
2026-04-07 12:25:29 [INFO] [task_scheduler.cc:326] 
 ID | Name |     FLOP | Weight | Speed (GFLOPS) | Latency (us) | Weighted Latency (us) | Trials | Done 
-------------------------------------------------------------------------------------------------------
  0 | main | 18874368 |      1 |       103.1082 |     183.0539 |              183.0539 |    192 |      
-------------------------------------------------------------------------------------------------------
Total trials: 192
Total latency (us): 183.054

2026-04-07 12:25:29 [INFO] [task_scheduler.cc:186] TaskScheduler picks Task #0: "main"
2026-04-07 12:25:32 [INFO] [task_scheduler.cc:199] Sending 64 sample(s) to builder
2026-04-07 12:25:42 [INFO] [task_scheduler.cc:201] Sending 64 sample(s) to runner
2026-04-07 12:26:01 [DEBUG] XGB validation: p-rmse: 0.114293	a-peak@32: 1.000000
2026-04-07 12:26:01 [DEBUG] XGB iter   0: tr-p-rmse: 0.355397	tr-a-peak@32: 0.923935	tr-rmse: 0.253037	tr-rmse: 0.253037
2026-04-07 12:26:01 [DEBUG] XGB iter  25: tr-p-rmse: 0.044816	tr-a-peak@32: 1.000000	tr-rmse: 0.315406	tr-rmse: 0.315406
2026-04-07 12:26:01 [DEBUG] XGB iter  50: tr-p-rmse: 0.044814	tr-a-peak@32: 1.000000	tr-rmse: 0.315411	tr-rmse: 0.315411
2026-04-07 12:26:01 [DEBUG] XGB iter  75: tr-p-rmse: 0.044814	tr-a-peak@32: 1.000000	tr-rmse: 0.315411	tr-rmse: 0.315411
2026-04-07 12:26:01 [DEBUG] XGB stopped. Best iteration: [29] tr-p-rmse:0.04481	tr-a-peak@32:1.00000	tr-rmse:0.31541	tr-rmse:0.31541 
2026-04-07 12:26:01 [INFO] [task_scheduler.cc:243] [Updated] Task #0: "main"
2026-04-07 12:26:01 [INFO] [task_scheduler.cc:326] 
 ID | Name |     FLOP | Weight | Speed (GFLOPS) | Latency (us) | Weighted Latency (us) | Trials | Done 
-------------------------------------------------------------------------------------------------------
  0 | main | 18874368 |      1 |       115.0435 |     164.0629 |              164.0629 |    256 |      
-------------------------------------------------------------------------------------------------------
Total trials: 256
Total latency (us): 164.063

2026-04-07 12:26:01 [INFO] [task_scheduler.cc:186] TaskScheduler picks Task #0: "main"
2026-04-07 12:26:04 [INFO] [task_scheduler.cc:199] Sending 51 sample(s) to builder
2026-04-07 12:26:12 [INFO] [task_scheduler.cc:201] Sending 51 sample(s) to runner
2026-04-07 12:26:26 [DEBUG] XGB validation: p-rmse: 0.093932	a-peak@32: 0.998429
2026-04-07 12:26:26 [INFO] [task_scheduler.cc:243] [Updated] Task #0: "main"
2026-04-07 12:26:26 [INFO] [task_scheduler.cc:326] 
 ID | Name |     FLOP | Weight | Speed (GFLOPS) | Latency (us) | Weighted Latency (us) | Trials | Done 
-------------------------------------------------------------------------------------------------------
  0 | main | 18874368 |      1 |       115.0435 |     164.0629 |              164.0629 |    307 |      
-------------------------------------------------------------------------------------------------------
Total trials: 307
Total latency (us): 164.063

2026-04-07 12:26:26 [INFO] [task_scheduler.cc:266] Task #0 has finished. Remaining task(s): 0
2026-04-07 12:26:26 [INFO] [task_scheduler.cc:326] 
 ID | Name |     FLOP | Weight | Speed (GFLOPS) | Latency (us) | Weighted Latency (us) | Trials | Done 
-------------------------------------------------------------------------------------------------------
  0 | main | 18874368 |      1 |       115.0435 |     164.0629 |              164.0629 |    307 |    Y 
-------------------------------------------------------------------------------------------------------
Total trials: 307
Total latency (us): 164.063

2026-04-07 12:26:26 [INFO] LocalBuilder: max_workers = 12
2026-04-07 12:26:28 [INFO] LocalRunner: max_workers = 1
