2026-04-07 16:33:52 [INFO] [task_scheduler.cc:166] Initializing Task #0: "main"
2026-04-07 16:33:52 [INFO] [task_scheduler.cc:41] 
# from tvm.script import ir as I
# from tvm.script import tir as T

@I.ir_module
class Module:
    @T.prim_func
    def main(A: T.Buffer((16, 768), "float32"), B: T.Buffer((768, 3072), "float32"), C: T.Buffer((16, 3072), "float32")):
        T.func_attr({"tir.noalias": True})
        # with T.block("root"):
        for i, j, k in T.grid(16, 3072, 768):
            with T.block("C"):
                vi, vj, vk = T.axis.remap("SSR", [i, j, k])
                T.reads(A[vi, vk], B[vk, vj])
                T.writes(C[vi, vj])
                with T.init():
                    C[vi, vj] = T.float32(0.0)
                C[vi, vj] = C[vi, vj] + A[vi, vk] * B[vk, vj]
2026-04-07 16:33:52 [INFO] [task_scheduler.cc:170] Total 3 design space(s) generated
2026-04-07 16:33:52 [INFO] [task_scheduler.cc:176] Design space #0:
# from tvm.script import ir as I
# from tvm.script import tir as T

@I.ir_module
class Module:
    @T.prim_func
    def main(A: T.Buffer((16, 768), "float32"), B: T.Buffer((768, 3072), "float32"), C: T.Buffer((16, 3072), "float32")):
        T.func_attr({"tir.noalias": True})
        with T.block("root"):
            T.reads()
            T.writes()
            T.block_attr({"meta_schedule.parallel": 128, "meta_schedule.unroll_explicit": 64, "meta_schedule.vectorize": 64})
            C_global = T.alloc_buffer((16, 3072))
            for i_0, j_0, i_1, j_1 in T.grid(1, 12, 8, 8):
                for k_0, i_2, j_2, k_1, i_3, j_3 in T.grid(32, 2, 1, 24, 1, 32):
                    with T.block("C"):
                        vi = T.axis.spatial(16, i_0 * 16 + i_1 * 2 + i_2 + i_3)
                        vj = T.axis.spatial(3072, j_0 * 256 + j_1 * 32 + j_2 * 32 + j_3)
                        vk = T.axis.reduce(768, k_0 * 24 + k_1)
                        T.reads(A[vi, vk], B[vk, vj])
                        T.writes(C_global[vi, vj])
                        T.block_attr({"meta_schedule.tiling_structure": "SSRSRS"})
                        with T.init():
                            C_global[vi, vj] = T.float32(0.0)
                        C_global[vi, vj] = C_global[vi, vj] + A[vi, vk] * B[vk, vj]
                for ax0, ax1 in T.grid(2, 32):
                    with T.block("C_global"):
                        v0 = T.axis.spatial(16, i_1 * 2 + ax0)
                        v1 = T.axis.spatial(3072, j_0 * 256 + j_1 * 32 + ax1)
                        T.reads(C_global[v0, v1])
                        T.writes(C[v0, v1])
                        C[v0, v1] = C_global[v0, v1]
b0 = sch.get_block(name="C", func_name="main")
b1 = sch.get_block(name="root", func_name="main")
sch.annotate(block_or_loop=b0, ann_key="meta_schedule.tiling_structure", ann_val="SSRSRS")
l2, l3, l4 = sch.get_loops(block=b0)
v5, v6, v7, v8 = sch.sample_perfect_tile(loop=l2, n=4, max_innermost_factor=64, decision=[1, 8, 2, 1])
l9, l10, l11, l12 = sch.split(loop=l2, factors=[v5, v6, v7, v8], preserve_unit_iters=True, disable_predication=False)
v13, v14, v15, v16 = sch.sample_perfect_tile(loop=l3, n=4, max_innermost_factor=64, decision=[12, 8, 1, 32])
l17, l18, l19, l20 = sch.split(loop=l3, factors=[v13, v14, v15, v16], preserve_unit_iters=True, disable_predication=False)
v21, v22 = sch.sample_perfect_tile(loop=l4, n=2, max_innermost_factor=64, decision=[32, 24])
l23, l24 = sch.split(loop=l4, factors=[v21, v22], preserve_unit_iters=True, disable_predication=False)
sch.reorder(l9, l17, l10, l18, l23, l11, l19, l24, l12, l20)
b25 = sch.cache_write(block=b0, write_buffer_index=0, storage_scope="global")
sch.reverse_compute_at(block=b25, loop=l18, preserve_unit_loops=True, index=-1)
sch.annotate(block_or_loop=b1, ann_key="meta_schedule.parallel", ann_val=128)
sch.annotate(block_or_loop=b1, ann_key="meta_schedule.vectorize", ann_val=64)
v26 = sch.sample_categorical(candidates=[0, 16, 64, 512], probs=[0.25, 0.25, 0.25, 0.25], decision=2)
sch.annotate(block_or_loop=b1, ann_key="meta_schedule.unroll_explicit", ann_val=v26)
2026-04-07 16:33:52 [INFO] [task_scheduler.cc:176] Design space #1:
# from tvm.script import ir as I
# from tvm.script import tir as T

@I.ir_module
class Module:
    @T.prim_func
    def main(A: T.Buffer((16, 768), "float32"), B: T.Buffer((768, 3072), "float32"), C: T.Buffer((16, 3072), "float32")):
        T.func_attr({"tir.noalias": True})
        with T.block("root"):
            T.reads()
            T.writes()
            T.block_attr({"meta_schedule.parallel": 128, "meta_schedule.unroll_explicit": 64, "meta_schedule.vectorize": 64})
            C_global = T.alloc_buffer((16, 3072))
            for i_0, j_0 in T.grid(1, 12):
                for i_1, j_1, k_0, i_2, j_2, k_1, i_3, j_3 in T.grid(8, 8, 32, 2, 1, 24, 1, 32):
                    with T.block("C"):
                        vi = T.axis.spatial(16, i_0 * 16 + i_1 * 2 + i_2 + i_3)
                        vj = T.axis.spatial(3072, j_0 * 256 + j_1 * 32 + j_2 * 32 + j_3)
                        vk = T.axis.reduce(768, k_0 * 24 + k_1)
                        T.reads(A[vi, vk], B[vk, vj])
                        T.writes(C_global[vi, vj])
                        T.block_attr({"meta_schedule.tiling_structure": "SSRSRS"})
                        with T.init():
                            C_global[vi, vj] = T.float32(0.0)
                        C_global[vi, vj] = C_global[vi, vj] + A[vi, vk] * B[vk, vj]
                for ax0, ax1 in T.grid(16, 256):
                    with T.block("C_global"):
                        v0 = T.axis.spatial(16, ax0)
                        v1 = T.axis.spatial(3072, j_0 * 256 + ax1)
                        T.reads(C_global[v0, v1])
                        T.writes(C[v0, v1])
                        C[v0, v1] = C_global[v0, v1]
b0 = sch.get_block(name="C", func_name="main")
b1 = sch.get_block(name="root", func_name="main")
sch.annotate(block_or_loop=b0, ann_key="meta_schedule.tiling_structure", ann_val="SSRSRS")
l2, l3, l4 = sch.get_loops(block=b0)
v5, v6, v7, v8 = sch.sample_perfect_tile(loop=l2, n=4, max_innermost_factor=64, decision=[1, 8, 2, 1])
l9, l10, l11, l12 = sch.split(loop=l2, factors=[v5, v6, v7, v8], preserve_unit_iters=True, disable_predication=False)
v13, v14, v15, v16 = sch.sample_perfect_tile(loop=l3, n=4, max_innermost_factor=64, decision=[12, 8, 1, 32])
l17, l18, l19, l20 = sch.split(loop=l3, factors=[v13, v14, v15, v16], preserve_unit_iters=True, disable_predication=False)
v21, v22 = sch.sample_perfect_tile(loop=l4, n=2, max_innermost_factor=64, decision=[32, 24])
l23, l24 = sch.split(loop=l4, factors=[v21, v22], preserve_unit_iters=True, disable_predication=False)
sch.reorder(l9, l17, l10, l18, l23, l11, l19, l24, l12, l20)
b25 = sch.cache_write(block=b0, write_buffer_index=0, storage_scope="global")
sch.reverse_compute_at(block=b25, loop=l17, preserve_unit_loops=True, index=-1)
sch.annotate(block_or_loop=b1, ann_key="meta_schedule.parallel", ann_val=128)
sch.annotate(block_or_loop=b1, ann_key="meta_schedule.vectorize", ann_val=64)
v26 = sch.sample_categorical(candidates=[0, 16, 64, 512], probs=[0.25, 0.25, 0.25, 0.25], decision=2)
sch.annotate(block_or_loop=b1, ann_key="meta_schedule.unroll_explicit", ann_val=v26)
2026-04-07 16:33:52 [INFO] [task_scheduler.cc:176] Design space #2:
# from tvm.script import ir as I
# from tvm.script import tir as T

@I.ir_module
class Module:
    @T.prim_func
    def main(A: T.Buffer((16, 768), "float32"), B: T.Buffer((768, 3072), "float32"), C: T.Buffer((16, 3072), "float32")):
        T.func_attr({"tir.noalias": True})
        with T.block("root"):
            T.reads()
            T.writes()
            T.block_attr({"meta_schedule.parallel": 128, "meta_schedule.unroll_explicit": 0, "meta_schedule.vectorize": 64})
            for i_0, j_0, i_1, j_1, k_0, i_2, j_2, k_1, i_3, j_3 in T.grid(1, 12, 8, 8, 32, 2, 1, 24, 1, 32):
                with T.block("C"):
                    vi = T.axis.spatial(16, i_0 * 16 + i_1 * 2 + i_2 + i_3)
                    vj = T.axis.spatial(3072, j_0 * 256 + j_1 * 32 + j_2 * 32 + j_3)
                    vk = T.axis.reduce(768, k_0 * 24 + k_1)
                    T.reads(A[vi, vk], B[vk, vj])
                    T.writes(C[vi, vj])
                    T.block_attr({"meta_schedule.tiling_structure": "SSRSRS"})
                    with T.init():
                        C[vi, vj] = T.float32(0.0)
                    C[vi, vj] = C[vi, vj] + A[vi, vk] * B[vk, vj]
b0 = sch.get_block(name="C", func_name="main")
b1 = sch.get_block(name="root", func_name="main")
sch.annotate(block_or_loop=b0, ann_key="meta_schedule.tiling_structure", ann_val="SSRSRS")
l2, l3, l4 = sch.get_loops(block=b0)
v5, v6, v7, v8 = sch.sample_perfect_tile(loop=l2, n=4, max_innermost_factor=64, decision=[1, 8, 2, 1])
l9, l10, l11, l12 = sch.split(loop=l2, factors=[v5, v6, v7, v8], preserve_unit_iters=True, disable_predication=False)
v13, v14, v15, v16 = sch.sample_perfect_tile(loop=l3, n=4, max_innermost_factor=64, decision=[12, 8, 1, 32])
l17, l18, l19, l20 = sch.split(loop=l3, factors=[v13, v14, v15, v16], preserve_unit_iters=True, disable_predication=False)
v21, v22 = sch.sample_perfect_tile(loop=l4, n=2, max_innermost_factor=64, decision=[32, 24])
l23, l24 = sch.split(loop=l4, factors=[v21, v22], preserve_unit_iters=True, disable_predication=False)
sch.reorder(l9, l17, l10, l18, l23, l11, l19, l24, l12, l20)
sch.annotate(block_or_loop=b1, ann_key="meta_schedule.parallel", ann_val=128)
sch.annotate(block_or_loop=b1, ann_key="meta_schedule.vectorize", ann_val=64)
v25 = sch.sample_categorical(candidates=[0, 16, 64, 512], probs=[0.25, 0.25, 0.25, 0.25], decision=0)
sch.annotate(block_or_loop=b1, ann_key="meta_schedule.unroll_explicit", ann_val=v25)
2026-04-07 16:33:52 [INFO] [evolutionary_search.cc:711] Generating candidates......
2026-04-07 16:33:52 [INFO] [evolutionary_search.cc:713] Picked top 0 candidate(s) from database
2026-04-07 16:33:52 [INFO] [evolutionary_search.cc:530] Sample-Init-Population summary:
Postproc #0 [meta_schedule.DisallowDynamicLoop(0x5bdf4250ad78)]: 0 failure(s)
Postproc #1 [meta_schedule.RewriteParallelVectorizeUnroll(0x5bdf42649e58)]: 0 failure(s)
Postproc #2 [meta_schedule.RewriteReductionBlock(0x5bdf42603888)]: 0 failure(s)
Postproc #3 [meta_schedule.RewriteLayout(0x5bdf42aba658)]: 0 failure(s)
2026-04-07 16:33:52 [INFO] [evolutionary_search.cc:721] Sampled 609 candidate(s)
2026-04-07 16:33:53 [INFO] [evolutionary_search.cc:619] Evolve iter #0 done. Summary:
Postproc #0 [meta_schedule.DisallowDynamicLoop(0x5bdf4250ad78)]: 0 failure(s)
Postproc #1 [meta_schedule.RewriteParallelVectorizeUnroll(0x5bdf42649e58)]: 0 failure(s)
Postproc #2 [meta_schedule.RewriteReductionBlock(0x5bdf42603888)]: 0 failure(s)
Postproc #3 [meta_schedule.RewriteLayout(0x5bdf42aba658)]: 0 failure(s)
2026-04-07 16:33:53 [INFO] [evolutionary_search.cc:619] Evolve iter #1 done. Summary:
Postproc #0 [meta_schedule.DisallowDynamicLoop(0x5bdf4250ad78)]: 0 failure(s)
Postproc #1 [meta_schedule.RewriteParallelVectorizeUnroll(0x5bdf42649e58)]: 0 failure(s)
Postproc #2 [meta_schedule.RewriteReductionBlock(0x5bdf42603888)]: 0 failure(s)
Postproc #3 [meta_schedule.RewriteLayout(0x5bdf42aba658)]: 0 failure(s)
2026-04-07 16:33:53 [INFO] [evolutionary_search.cc:619] Evolve iter #2 done. Summary:
Postproc #0 [meta_schedule.DisallowDynamicLoop(0x5bdf4250ad78)]: 0 failure(s)
Postproc #1 [meta_schedule.RewriteParallelVectorizeUnroll(0x5bdf42649e58)]: 0 failure(s)
Postproc #2 [meta_schedule.RewriteReductionBlock(0x5bdf42603888)]: 0 failure(s)
Postproc #3 [meta_schedule.RewriteLayout(0x5bdf42aba658)]: 0 failure(s)
2026-04-07 16:33:54 [INFO] [evolutionary_search.cc:619] Evolve iter #3 done. Summary:
Postproc #0 [meta_schedule.DisallowDynamicLoop(0x5bdf4250ad78)]: 0 failure(s)
Postproc #1 [meta_schedule.RewriteParallelVectorizeUnroll(0x5bdf42649e58)]: 0 failure(s)
Postproc #2 [meta_schedule.RewriteReductionBlock(0x5bdf42603888)]: 0 failure(s)
Postproc #3 [meta_schedule.RewriteLayout(0x5bdf42aba658)]: 0 failure(s)
2026-04-07 16:33:54 [INFO] [evolutionary_search.cc:647] Scores of the best 64 candidates:
[1 : 16]:	0.9988  0.9982  0.9980  0.9979  0.9979  0.9976  0.9972  0.9960  0.9948  0.9941  0.9937  0.9932  0.9924  0.9923  0.9921  0.9918
[17 : 32]:	0.9917  0.9902  0.9901  0.9893  0.9893  0.9891  0.9890  0.9885  0.9885  0.9870  0.9863  0.9859  0.9854  0.9850  0.9846  0.9839
[33 : 48]:	0.9836  0.9827  0.9822  0.9820  0.9818  0.9809  0.9806  0.9804  0.9800  0.9799  0.9797  0.9795  0.9794  0.9792  0.9788  0.9784
[49 : 64]:	0.9778  0.9775  0.9772  0.9769  0.9767  0.9764  0.9762  0.9753  0.9744  0.9742  0.9732  0.9720  0.9716  0.9715  0.9712  0.9712
2026-04-07 16:33:54 [INFO] [evolutionary_search.cc:725] Got 64 candidate(s) with evolutionary search
2026-04-07 16:33:54 [INFO] [evolutionary_search.cc:728] Sending 64 candidates(s) for measurement
2026-04-07 16:34:22 [INFO] [task_scheduler.cc:137] [Task #0: main] Trial #1: GFLOPs: 45.8562. Time: 1646.3961 us. Best GFLOPs: 45.8562
2026-04-07 16:34:22 [INFO] [task_scheduler.cc:137] [Task #0: main] Trial #2: GFLOPs: 22.0398. Time: 3425.5023 us. Best GFLOPs: 45.8562
2026-04-07 16:34:22 [INFO] [task_scheduler.cc:137] [Task #0: main] Trial #3: GFLOPs: 24.6809. Time: 3058.9474 us. Best GFLOPs: 45.8562
2026-04-07 16:34:22 [INFO] [task_scheduler.cc:137] [Task #0: main] Trial #4: GFLOPs: 53.8045. Time: 1403.1809 us. Best GFLOPs: 53.8045
2026-04-07 16:34:22 [INFO] [task_scheduler.cc:137] [Task #0: main] Trial #5: GFLOPs: 16.1228. Time: 4682.6404 us. Best GFLOPs: 53.8045
2026-04-07 16:34:22 [INFO] [task_scheduler.cc:137] [Task #0: main] Trial #6: GFLOPs: 43.5955. Time: 1731.7710 us. Best GFLOPs: 53.8045
2026-04-07 16:34:22 [INFO] [task_scheduler.cc:137] [Task #0: main] Trial #7: GFLOPs: 96.2246. Time: 784.5966 us. Best GFLOPs: 96.2246
2026-04-07 16:34:22 [INFO] [task_scheduler.cc:137] [Task #0: main] Trial #8: GFLOPs: 35.9189. Time: 2101.8892 us. Best GFLOPs: 96.2246
2026-04-07 16:34:22 [INFO] [task_scheduler.cc:137] [Task #0: main] Trial #9: GFLOPs: 44.6229. Time: 1691.8992 us. Best GFLOPs: 96.2246
2026-04-07 16:34:22 [INFO] [task_scheduler.cc:137] [Task #0: main] Trial #10: GFLOPs: 65.3495. Time: 1155.2884 us. Best GFLOPs: 96.2246
2026-04-07 16:34:22 [INFO] [task_scheduler.cc:137] [Task #0: main] Trial #11: GFLOPs: 87.2575. Time: 865.2259 us. Best GFLOPs: 96.2246
2026-04-07 16:34:22 [INFO] [task_scheduler.cc:137] [Task #0: main] Trial #12: GFLOPs: 11.8446. Time: 6374.0171 us. Best GFLOPs: 96.2246
2026-04-07 16:34:22 [INFO] [task_scheduler.cc:137] [Task #0: main] Trial #13: GFLOPs: 22.5118. Time: 3353.6883 us. Best GFLOPs: 96.2246
2026-04-07 16:34:22 [INFO] [task_scheduler.cc:137] [Task #0: main] Trial #14: GFLOPs: 10.4809. Time: 7203.3358 us. Best GFLOPs: 96.2246
2026-04-07 16:34:22 [INFO] [task_scheduler.cc:137] [Task #0: main] Trial #15: GFLOPs: 9.9581. Time: 7581.5120 us. Best GFLOPs: 96.2246
2026-04-07 16:34:22 [INFO] [task_scheduler.cc:137] [Task #0: main] Trial #16: GFLOPs: 65.9229. Time: 1145.2381 us. Best GFLOPs: 96.2246
2026-04-07 16:34:22 [INFO] [task_scheduler.cc:137] [Task #0: main] Trial #17: GFLOPs: 20.5172. Time: 3679.7095 us. Best GFLOPs: 96.2246
2026-04-07 16:34:22 [INFO] [task_scheduler.cc:137] [Task #0: main] Trial #18: GFLOPs: 30.5954. Time: 2467.6102 us. Best GFLOPs: 96.2246
2026-04-07 16:34:22 [INFO] [task_scheduler.cc:137] [Task #0: main] Trial #19: GFLOPs: 33.1091. Time: 2280.2622 us. Best GFLOPs: 96.2246
2026-04-07 16:34:22 [INFO] [task_scheduler.cc:137] [Task #0: main] Trial #20: GFLOPs: 59.0634. Time: 1278.2450 us. Best GFLOPs: 96.2246
2026-04-07 16:34:22 [INFO] [task_scheduler.cc:137] [Task #0: main] Trial #21: GFLOPs: 21.3101. Time: 3542.8058 us. Best GFLOPs: 96.2246
2026-04-07 16:34:22 [INFO] [task_scheduler.cc:137] [Task #0: main] Trial #22: GFLOPs: 6.0111. Time: 12559.7410 us. Best GFLOPs: 96.2246
2026-04-07 16:34:22 [INFO] [task_scheduler.cc:137] [Task #0: main] Trial #23: GFLOPs: 15.0924. Time: 5002.3653 us. Best GFLOPs: 96.2246
2026-04-07 16:34:22 [INFO] [task_scheduler.cc:137] [Task #0: main] Trial #24: GFLOPs: 58.3057. Time: 1294.8559 us. Best GFLOPs: 96.2246
2026-04-07 16:34:22 [INFO] [task_scheduler.cc:137] [Task #0: main] Trial #25: GFLOPs: 82.8832. Time: 910.8901 us. Best GFLOPs: 96.2246
2026-04-07 16:34:22 [INFO] [task_scheduler.cc:137] [Task #0: main] Trial #26: GFLOPs: 44.2658. Time: 1705.5467 us. Best GFLOPs: 96.2246
2026-04-07 16:34:22 [INFO] [task_scheduler.cc:137] [Task #0: main] Trial #27: GFLOPs: 38.9024. Time: 1940.6910 us. Best GFLOPs: 96.2246
2026-04-07 16:34:22 [INFO] [task_scheduler.cc:137] [Task #0: main] Trial #28: GFLOPs: 24.4302. Time: 3090.3356 us. Best GFLOPs: 96.2246
2026-04-07 16:34:22 [INFO] [task_scheduler.cc:137] [Task #0: main] Trial #29: GFLOPs: 30.5324. Time: 2472.6968 us. Best GFLOPs: 96.2246
2026-04-07 16:34:22 [INFO] [task_scheduler.cc:137] [Task #0: main] Trial #30: GFLOPs: 25.6602. Time: 2942.2026 us. Best GFLOPs: 96.2246
2026-04-07 16:34:22 [INFO] [task_scheduler.cc:137] [Task #0: main] Trial #31: GFLOPs: 9.9245. Time: 7607.1831 us. Best GFLOPs: 96.2246
2026-04-07 16:34:22 [INFO] [task_scheduler.cc:137] [Task #0: main] Trial #32: GFLOPs: 27.3575. Time: 2759.6609 us. Best GFLOPs: 96.2246
2026-04-07 16:34:22 [INFO] [task_scheduler.cc:137] [Task #0: main] Trial #33: GFLOPs: 56.2327. Time: 1342.5908 us. Best GFLOPs: 96.2246
2026-04-07 16:34:22 [INFO] [task_scheduler.cc:137] [Task #0: main] Trial #34: GFLOPs: 25.8468. Time: 2920.9555 us. Best GFLOPs: 96.2246
2026-04-07 16:34:22 [INFO] [task_scheduler.cc:137] [Task #0: main] Trial #35: GFLOPs: 35.8890. Time: 2103.6400 us. Best GFLOPs: 96.2246
2026-04-07 16:34:22 [INFO] [task_scheduler.cc:137] [Task #0: main] Trial #36: GFLOPs: 28.3954. Time: 2658.7882 us. Best GFLOPs: 96.2246
2026-04-07 16:34:22 [INFO] [task_scheduler.cc:137] [Task #0: main] Trial #37: GFLOPs: 38.3475. Time: 1968.7723 us. Best GFLOPs: 96.2246
2026-04-07 16:34:22 [INFO] [task_scheduler.cc:137] [Task #0: main] Trial #38: GFLOPs: 45.4409. Time: 1661.4419 us. Best GFLOPs: 96.2246
2026-04-07 16:34:22 [INFO] [task_scheduler.cc:137] [Task #0: main] Trial #39: GFLOPs: 9.6959. Time: 7786.5246 us. Best GFLOPs: 96.2246
2026-04-07 16:34:22 [INFO] [task_scheduler.cc:137] [Task #0: main] Trial #40: GFLOPs: 43.8326. Time: 1722.4061 us. Best GFLOPs: 96.2246
2026-04-07 16:34:22 [INFO] [task_scheduler.cc:137] [Task #0: main] Trial #41: GFLOPs: 65.4615. Time: 1153.3114 us. Best GFLOPs: 96.2246
2026-04-07 16:34:22 [INFO] [task_scheduler.cc:137] [Task #0: main] Trial #42: GFLOPs: 22.8854. Time: 3298.9298 us. Best GFLOPs: 96.2246
2026-04-07 16:34:22 [INFO] [task_scheduler.cc:137] [Task #0: main] Trial #43: GFLOPs: 46.8892. Time: 1610.1259 us. Best GFLOPs: 96.2246
2026-04-07 16:34:22 [INFO] [task_scheduler.cc:137] [Task #0: main] Trial #44: GFLOPs: 20.4840. Time: 3685.6718 us. Best GFLOPs: 96.2246
2026-04-07 16:34:22 [INFO] [task_scheduler.cc:137] [Task #0: main] Trial #45: GFLOPs: 10.8598. Time: 6951.9862 us. Best GFLOPs: 96.2246
2026-04-07 16:34:22 [INFO] [task_scheduler.cc:137] [Task #0: main] Trial #46: GFLOPs: 85.2692. Time: 885.4012 us. Best GFLOPs: 96.2246
2026-04-07 16:34:22 [INFO] [task_scheduler.cc:137] [Task #0: main] Trial #47: GFLOPs: 26.8802. Time: 2808.6655 us. Best GFLOPs: 96.2246
2026-04-07 16:34:22 [INFO] [task_scheduler.cc:137] [Task #0: main] Trial #48: GFLOPs: 23.5141. Time: 3210.7279 us. Best GFLOPs: 96.2246
2026-04-07 16:34:22 [INFO] [task_scheduler.cc:137] [Task #0: main] Trial #49: GFLOPs: 43.3444. Time: 1741.8029 us. Best GFLOPs: 96.2246
2026-04-07 16:34:22 [INFO] [task_scheduler.cc:137] [Task #0: main] Trial #50: GFLOPs: 17.8785. Time: 4222.7963 us. Best GFLOPs: 96.2246
2026-04-07 16:34:22 [INFO] [task_scheduler.cc:137] [Task #0: main] Trial #51: GFLOPs: 27.3149. Time: 2763.9712 us. Best GFLOPs: 96.2246
2026-04-07 16:34:22 [INFO] [task_scheduler.cc:137] [Task #0: main] Trial #52: GFLOPs: 26.8117. Time: 2815.8457 us. Best GFLOPs: 96.2246
2026-04-07 16:34:22 [INFO] [task_scheduler.cc:137] [Task #0: main] Trial #53: GFLOPs: 29.2673. Time: 2579.5877 us. Best GFLOPs: 96.2246
2026-04-07 16:34:22 [INFO] [task_scheduler.cc:137] [Task #0: main] Trial #54: GFLOPs: 18.1889. Time: 4150.7434 us. Best GFLOPs: 96.2246
2026-04-07 16:34:22 [INFO] [task_scheduler.cc:137] [Task #0: main] Trial #55: GFLOPs: 32.3173. Time: 2336.1321 us. Best GFLOPs: 96.2246
2026-04-07 16:34:22 [INFO] [task_scheduler.cc:137] [Task #0: main] Trial #56: GFLOPs: 15.1104. Time: 4996.3873 us. Best GFLOPs: 96.2246
2026-04-07 16:34:22 [INFO] [task_scheduler.cc:137] [Task #0: main] Trial #57: GFLOPs: 21.7539. Time: 3470.5181 us. Best GFLOPs: 96.2246
2026-04-07 16:34:22 [INFO] [task_scheduler.cc:137] [Task #0: main] Trial #58: GFLOPs: 28.6949. Time: 2631.0458 us. Best GFLOPs: 96.2246
2026-04-07 16:34:22 [INFO] [task_scheduler.cc:137] [Task #0: main] Trial #59: GFLOPs: 12.6694. Time: 5959.0537 us. Best GFLOPs: 96.2246
2026-04-07 16:34:22 [INFO] [task_scheduler.cc:137] [Task #0: main] Trial #60: GFLOPs: 10.4444. Time: 7228.5078 us. Best GFLOPs: 96.2246
2026-04-07 16:34:22 [INFO] [task_scheduler.cc:137] [Task #0: main] Trial #61: GFLOPs: 19.0512. Time: 3962.8668 us. Best GFLOPs: 96.2246
2026-04-07 16:34:22 [INFO] [task_scheduler.cc:137] [Task #0: main] Trial #62: GFLOPs: 54.1199. Time: 1395.0041 us. Best GFLOPs: 96.2246
2026-04-07 16:34:22 [INFO] [task_scheduler.cc:137] [Task #0: main] Trial #63: GFLOPs: 11.5207. Time: 6553.1923 us. Best GFLOPs: 96.2246
2026-04-07 16:34:22 [INFO] [task_scheduler.cc:137] [Task #0: main] Trial #64: GFLOPs: 14.7142. Time: 5130.9353 us. Best GFLOPs: 96.2246
2026-04-07 16:34:22 [INFO] [evolutionary_search.cc:711] Generating candidates......
2026-04-07 16:34:22 [INFO] [evolutionary_search.cc:713] Picked top 64 candidate(s) from database
2026-04-07 16:34:22 [INFO] [evolutionary_search.cc:530] Sample-Init-Population summary:
Postproc #0 [meta_schedule.DisallowDynamicLoop(0x5bdf4250ad78)]: 0 failure(s)
Postproc #1 [meta_schedule.RewriteParallelVectorizeUnroll(0x5bdf42649e58)]: 0 failure(s)
Postproc #2 [meta_schedule.RewriteReductionBlock(0x5bdf42603888)]: 0 failure(s)
Postproc #3 [meta_schedule.RewriteLayout(0x5bdf42aba658)]: 0 failure(s)
2026-04-07 16:34:22 [INFO] [evolutionary_search.cc:721] Sampled 545 candidate(s)
2026-04-07 16:34:23 [INFO] [evolutionary_search.cc:619] Evolve iter #0 done. Summary:
Postproc #0 [meta_schedule.DisallowDynamicLoop(0x5bdf4250ad78)]: 0 failure(s)
Postproc #1 [meta_schedule.RewriteParallelVectorizeUnroll(0x5bdf42649e58)]: 0 failure(s)
Postproc #2 [meta_schedule.RewriteReductionBlock(0x5bdf42603888)]: 0 failure(s)
Postproc #3 [meta_schedule.RewriteLayout(0x5bdf42aba658)]: 0 failure(s)
2026-04-07 16:34:23 [INFO] [evolutionary_search.cc:619] Evolve iter #1 done. Summary:
Postproc #0 [meta_schedule.DisallowDynamicLoop(0x5bdf4250ad78)]: 0 failure(s)
Postproc #1 [meta_schedule.RewriteParallelVectorizeUnroll(0x5bdf42649e58)]: 0 failure(s)
Postproc #2 [meta_schedule.RewriteReductionBlock(0x5bdf42603888)]: 0 failure(s)
Postproc #3 [meta_schedule.RewriteLayout(0x5bdf42aba658)]: 0 failure(s)
2026-04-07 16:34:23 [INFO] [evolutionary_search.cc:619] Evolve iter #2 done. Summary:
Postproc #0 [meta_schedule.DisallowDynamicLoop(0x5bdf4250ad78)]: 0 failure(s)
Postproc #1 [meta_schedule.RewriteParallelVectorizeUnroll(0x5bdf42649e58)]: 0 failure(s)
Postproc #2 [meta_schedule.RewriteReductionBlock(0x5bdf42603888)]: 0 failure(s)
Postproc #3 [meta_schedule.RewriteLayout(0x5bdf42aba658)]: 0 failure(s)
2026-04-07 16:34:24 [INFO] [evolutionary_search.cc:619] Evolve iter #3 done. Summary:
Postproc #0 [meta_schedule.DisallowDynamicLoop(0x5bdf4250ad78)]: 0 failure(s)
Postproc #1 [meta_schedule.RewriteParallelVectorizeUnroll(0x5bdf42649e58)]: 0 failure(s)
Postproc #2 [meta_schedule.RewriteReductionBlock(0x5bdf42603888)]: 0 failure(s)
Postproc #3 [meta_schedule.RewriteLayout(0x5bdf42aba658)]: 0 failure(s)
2026-04-07 16:34:24 [INFO] [evolutionary_search.cc:647] Scores of the best 64 candidates:
[1 : 16]:	1.0000  1.0000  0.9998  0.9968  0.9965  0.9961  0.9958  0.9956  0.9950  0.9945  0.9944  0.9944  0.9943  0.9942  0.9938  0.9933
[17 : 32]:	0.9929  0.9924  0.9920  0.9919  0.9918  0.9918  0.9917  0.9913  0.9907  0.9901  0.9899  0.9889  0.9887  0.9875  0.9871  0.9863
[33 : 48]:	0.9856  0.9842  0.9835  0.9828  0.9820  0.9818  0.9812  0.9810  0.9799  0.9797  0.9792  0.9789  0.9783  0.9783  0.9779  0.9778
[49 : 64]:	0.9775  0.9769  0.9759  0.9756  0.9755  0.9753  0.9749  0.9744  0.9742  0.9741  0.9732  0.9732  0.9730  0.9725  0.9715  0.9714
2026-04-07 16:34:24 [INFO] [evolutionary_search.cc:725] Got 64 candidate(s) with evolutionary search
2026-04-07 16:34:24 [INFO] [evolutionary_search.cc:728] Sending 64 candidates(s) for measurement
2026-04-07 16:34:53 [INFO] [task_scheduler.cc:137] [Task #0: main] Trial #65: GFLOPs: 45.6541. Time: 1653.6858 us. Best GFLOPs: 96.2246
2026-04-07 16:34:53 [INFO] [task_scheduler.cc:137] [Task #0: main] Trial #66: GFLOPs: 52.7711. Time: 1430.6587 us. Best GFLOPs: 96.2246
2026-04-07 16:34:53 [INFO] [task_scheduler.cc:137] [Task #0: main] Trial #67: GFLOPs: 30.2854. Time: 2492.8700 us. Best GFLOPs: 96.2246
2026-04-07 16:34:53 [INFO] [task_scheduler.cc:137] [Task #0: main] Trial #68: GFLOPs: 7.7643. Time: 9723.6677 us. Best GFLOPs: 96.2246
2026-04-07 16:34:53 [INFO] [task_scheduler.cc:137] [Task #0: main] Trial #69: GFLOPs: 64.1043. Time: 1177.7283 us. Best GFLOPs: 96.2246
2026-04-07 16:34:53 [INFO] [task_scheduler.cc:137] [Task #0: main] Trial #70: GFLOPs: 18.6518. Time: 4047.7317 us. Best GFLOPs: 96.2246
2026-04-07 16:34:53 [INFO] [task_scheduler.cc:137] [Task #0: main] Trial #71: GFLOPs: 53.7948. Time: 1403.4357 us. Best GFLOPs: 96.2246
2026-04-07 16:34:53 [INFO] [task_scheduler.cc:137] [Task #0: main] Trial #72: GFLOPs: 52.6646. Time: 1433.5531 us. Best GFLOPs: 96.2246
2026-04-07 16:34:53 [INFO] [task_scheduler.cc:137] [Task #0: main] Trial #73: GFLOPs: 50.8258. Time: 1485.4150 us. Best GFLOPs: 96.2246
2026-04-07 16:34:53 [INFO] [task_scheduler.cc:137] [Task #0: main] Trial #74: GFLOPs: 29.7064. Time: 2541.4546 us. Best GFLOPs: 96.2246
2026-04-07 16:34:53 [INFO] [task_scheduler.cc:137] [Task #0: main] Trial #75: GFLOPs: 27.1606. Time: 2779.6705 us. Best GFLOPs: 96.2246
2026-04-07 16:34:53 [INFO] [task_scheduler.cc:137] [Task #0: main] Trial #76: GFLOPs: 23.1715. Time: 3258.2007 us. Best GFLOPs: 96.2246
2026-04-07 16:34:53 [INFO] [task_scheduler.cc:137] [Task #0: main] Trial #77: GFLOPs: 22.8926. Time: 3297.9037 us. Best GFLOPs: 96.2246
2026-04-07 16:34:53 [INFO] [task_scheduler.cc:137] [Task #0: main] Trial #78: GFLOPs: 11.8506. Time: 6370.7526 us. Best GFLOPs: 96.2246
2026-04-07 16:34:53 [INFO] [task_scheduler.cc:137] [Task #0: main] Trial #79: GFLOPs: 34.5154. Time: 2187.3549 us. Best GFLOPs: 96.2246
2026-04-07 16:34:53 [INFO] [task_scheduler.cc:137] [Task #0: main] Trial #80: GFLOPs: 30.1103. Time: 2507.3648 us. Best GFLOPs: 96.2246
2026-04-07 16:34:53 [INFO] [task_scheduler.cc:137] [Task #0: main] Trial #81: GFLOPs: 91.3227. Time: 826.7109 us. Best GFLOPs: 96.2246
2026-04-07 16:34:53 [INFO] [task_scheduler.cc:137] [Task #0: main] Trial #82: GFLOPs: 30.7314. Time: 2456.6893 us. Best GFLOPs: 96.2246
2026-04-07 16:34:53 [INFO] [task_scheduler.cc:137] [Task #0: main] Trial #83: GFLOPs: 27.5623. Time: 2739.1616 us. Best GFLOPs: 96.2246
2026-04-07 16:34:53 [INFO] [task_scheduler.cc:137] [Task #0: main] Trial #84: GFLOPs: 21.0949. Time: 3578.9367 us. Best GFLOPs: 96.2246
2026-04-07 16:34:53 [INFO] [task_scheduler.cc:137] [Task #0: main] Trial #85: GFLOPs: 22.0667. Time: 3421.3348 us. Best GFLOPs: 96.2246
2026-04-07 16:34:53 [INFO] [task_scheduler.cc:137] [Task #0: main] Trial #86: GFLOPs: 17.1284. Time: 4407.7242 us. Best GFLOPs: 96.2246
2026-04-07 16:34:53 [INFO] [task_scheduler.cc:137] [Task #0: main] Trial #87: GFLOPs: 13.3063. Time: 5673.8057 us. Best GFLOPs: 96.2246
2026-04-07 16:34:53 [INFO] [task_scheduler.cc:137] [Task #0: main] Trial #88: GFLOPs: 30.2467. Time: 2496.0534 us. Best GFLOPs: 96.2246
2026-04-07 16:34:53 [INFO] [task_scheduler.cc:137] [Task #0: main] Trial #89: GFLOPs: 12.4683. Time: 6055.1485 us. Best GFLOPs: 96.2246
2026-04-07 16:34:53 [INFO] [task_scheduler.cc:137] [Task #0: main] Trial #90: GFLOPs: 30.7515. Time: 2455.0792 us. Best GFLOPs: 96.2246
2026-04-07 16:34:53 [INFO] [task_scheduler.cc:137] [Task #0: main] Trial #91: GFLOPs: 17.5792. Time: 4294.7168 us. Best GFLOPs: 96.2246
2026-04-07 16:34:53 [INFO] [task_scheduler.cc:137] [Task #0: main] Trial #92: GFLOPs: 60.3449. Time: 1251.0991 us. Best GFLOPs: 96.2246
2026-04-07 16:34:53 [INFO] [task_scheduler.cc:137] [Task #0: main] Trial #93: GFLOPs: 16.3450. Time: 4618.9820 us. Best GFLOPs: 96.2246
2026-04-07 16:34:53 [INFO] [task_scheduler.cc:137] [Task #0: main] Trial #94: GFLOPs: 80.3851. Time: 939.1972 us. Best GFLOPs: 96.2246
2026-04-07 16:34:53 [INFO] [task_scheduler.cc:137] [Task #0: main] Trial #95: GFLOPs: 24.3708. Time: 3097.8679 us. Best GFLOPs: 96.2246
2026-04-07 16:34:53 [INFO] [task_scheduler.cc:137] [Task #0: main] Trial #96: GFLOPs: 63.8077. Time: 1183.2026 us. Best GFLOPs: 96.2246
2026-04-07 16:34:53 [INFO] [task_scheduler.cc:137] [Task #0: main] Trial #97: GFLOPs: 48.7617. Time: 1548.2941 us. Best GFLOPs: 96.2246
2026-04-07 16:34:53 [INFO] [task_scheduler.cc:137] [Task #0: main] Trial #98: GFLOPs: 21.6829. Time: 3481.8933 us. Best GFLOPs: 96.2246
2026-04-07 16:34:53 [INFO] [task_scheduler.cc:137] [Task #0: main] Trial #99: GFLOPs: 44.6230. Time: 1691.8978 us. Best GFLOPs: 96.2246
2026-04-07 16:34:53 [INFO] [task_scheduler.cc:137] [Task #0: main] Trial #100: GFLOPs: 16.9630. Time: 4450.7182 us. Best GFLOPs: 96.2246
2026-04-07 16:34:53 [INFO] [task_scheduler.cc:137] [Task #0: main] Trial #101: GFLOPs: 5.9353. Time: 12720.1709 us. Best GFLOPs: 96.2246
2026-04-07 16:34:53 [INFO] [task_scheduler.cc:137] [Task #0: main] Trial #102: GFLOPs: 20.9656. Time: 3601.0249 us. Best GFLOPs: 96.2246
2026-04-07 16:34:53 [INFO] [task_scheduler.cc:137] [Task #0: main] Trial #103: GFLOPs: 79.5382. Time: 949.1981 us. Best GFLOPs: 96.2246
2026-04-07 16:34:53 [INFO] [task_scheduler.cc:137] [Task #0: main] Trial #104: GFLOPs: 23.6649. Time: 3190.2753 us. Best GFLOPs: 96.2246
2026-04-07 16:34:53 [INFO] [task_scheduler.cc:137] [Task #0: main] Trial #105: GFLOPs: 33.1529. Time: 2277.2486 us. Best GFLOPs: 96.2246
2026-04-07 16:34:53 [INFO] [task_scheduler.cc:137] [Task #0: main] Trial #106: GFLOPs: 108.8245. Time: 693.7545 us. Best GFLOPs: 108.8245
2026-04-07 16:34:53 [INFO] [task_scheduler.cc:137] [Task #0: main] Trial #107: GFLOPs: 48.2298. Time: 1565.3687 us. Best GFLOPs: 108.8245
2026-04-07 16:34:53 [INFO] [task_scheduler.cc:137] [Task #0: main] Trial #108: GFLOPs: 47.6049. Time: 1585.9176 us. Best GFLOPs: 108.8245
2026-04-07 16:34:53 [INFO] [task_scheduler.cc:137] [Task #0: main] Trial #109: GFLOPs: 33.0707. Time: 2282.9117 us. Best GFLOPs: 108.8245
2026-04-07 16:34:53 [INFO] [task_scheduler.cc:137] [Task #0: main] Trial #110: GFLOPs: 8.9455. Time: 8439.7220 us. Best GFLOPs: 108.8245
2026-04-07 16:34:53 [INFO] [task_scheduler.cc:137] [Task #0: main] Trial #111: GFLOPs: 56.7368. Time: 1330.6606 us. Best GFLOPs: 108.8245
2026-04-07 16:34:53 [INFO] [task_scheduler.cc:137] [Task #0: main] Trial #112: GFLOPs: 36.3433. Time: 2077.3398 us. Best GFLOPs: 108.8245
2026-04-07 16:34:53 [INFO] [task_scheduler.cc:137] [Task #0: main] Trial #113: GFLOPs: 21.3314. Time: 3539.2587 us. Best GFLOPs: 108.8245
2026-04-07 16:34:53 [INFO] [task_scheduler.cc:137] [Task #0: main] Trial #114: GFLOPs: 39.2002. Time: 1925.9467 us. Best GFLOPs: 108.8245
2026-04-07 16:34:53 [INFO] [task_scheduler.cc:137] [Task #0: main] Trial #115: GFLOPs: 25.4246. Time: 2969.4641 us. Best GFLOPs: 108.8245
2026-04-07 16:34:53 [INFO] [task_scheduler.cc:137] [Task #0: main] Trial #116: GFLOPs: 13.8874. Time: 5436.4145 us. Best GFLOPs: 108.8245
2026-04-07 16:34:53 [INFO] [task_scheduler.cc:137] [Task #0: main] Trial #117: GFLOPs: 10.3398. Time: 7301.6155 us. Best GFLOPs: 108.8245
2026-04-07 16:34:53 [INFO] [task_scheduler.cc:137] [Task #0: main] Trial #118: GFLOPs: 51.5124. Time: 1465.6182 us. Best GFLOPs: 108.8245
2026-04-07 16:34:53 [INFO] [task_scheduler.cc:137] [Task #0: main] Trial #119: GFLOPs: 31.0076. Time: 2434.8063 us. Best GFLOPs: 108.8245
2026-04-07 16:34:53 [INFO] [task_scheduler.cc:137] [Task #0: main] Trial #120: GFLOPs: 22.9725. Time: 3286.4264 us. Best GFLOPs: 108.8245
2026-04-07 16:34:53 [INFO] [task_scheduler.cc:137] [Task #0: main] Trial #121: GFLOPs: 15.9190. Time: 4742.6121 us. Best GFLOPs: 108.8245
2026-04-07 16:34:53 [INFO] [task_scheduler.cc:137] [Task #0: main] Trial #122: GFLOPs: 14.7006. Time: 5135.6777 us. Best GFLOPs: 108.8245
2026-04-07 16:34:53 [INFO] [task_scheduler.cc:137] [Task #0: main] Trial #123: GFLOPs: 28.2135. Time: 2675.9328 us. Best GFLOPs: 108.8245
2026-04-07 16:34:53 [INFO] [task_scheduler.cc:137] [Task #0: main] Trial #124: GFLOPs: 37.5388. Time: 2011.1867 us. Best GFLOPs: 108.8245
2026-04-07 16:34:53 [INFO] [task_scheduler.cc:137] [Task #0: main] Trial #125: GFLOPs: 67.2382. Time: 1122.8368 us. Best GFLOPs: 108.8245
2026-04-07 16:34:53 [INFO] [task_scheduler.cc:137] [Task #0: main] Trial #126: GFLOPs: 38.6510. Time: 1953.3127 us. Best GFLOPs: 108.8245
2026-04-07 16:34:53 [INFO] [task_scheduler.cc:137] [Task #0: main] Trial #127: GFLOPs: 19.1543. Time: 3941.5358 us. Best GFLOPs: 108.8245
2026-04-07 16:34:53 [INFO] [task_scheduler.cc:137] [Task #0: main] Trial #128: GFLOPs: 48.1000. Time: 1569.5947 us. Best GFLOPs: 108.8245
2026-04-07 16:34:53 [INFO] [evolutionary_search.cc:711] Generating candidates......
2026-04-07 16:34:53 [INFO] [evolutionary_search.cc:713] Picked top 121 candidate(s) from database
2026-04-07 16:34:54 [INFO] [evolutionary_search.cc:530] Sample-Init-Population summary:
Postproc #0 [meta_schedule.DisallowDynamicLoop(0x5bdf4250ad78)]: 0 failure(s)
Postproc #1 [meta_schedule.RewriteParallelVectorizeUnroll(0x5bdf42649e58)]: 0 failure(s)
Postproc #2 [meta_schedule.RewriteReductionBlock(0x5bdf42603888)]: 0 failure(s)
Postproc #3 [meta_schedule.RewriteLayout(0x5bdf42aba658)]: 0 failure(s)
2026-04-07 16:34:54 [INFO] [evolutionary_search.cc:721] Sampled 488 candidate(s)
2026-04-07 16:34:55 [INFO] [evolutionary_search.cc:619] Evolve iter #0 done. Summary:
Postproc #0 [meta_schedule.DisallowDynamicLoop(0x5bdf4250ad78)]: 0 failure(s)
Postproc #1 [meta_schedule.RewriteParallelVectorizeUnroll(0x5bdf42649e58)]: 0 failure(s)
Postproc #2 [meta_schedule.RewriteReductionBlock(0x5bdf42603888)]: 0 failure(s)
Postproc #3 [meta_schedule.RewriteLayout(0x5bdf42aba658)]: 0 failure(s)
2026-04-07 16:34:55 [INFO] [evolutionary_search.cc:619] Evolve iter #1 done. Summary:
Postproc #0 [meta_schedule.DisallowDynamicLoop(0x5bdf4250ad78)]: 0 failure(s)
Postproc #1 [meta_schedule.RewriteParallelVectorizeUnroll(0x5bdf42649e58)]: 0 failure(s)
Postproc #2 [meta_schedule.RewriteReductionBlock(0x5bdf42603888)]: 0 failure(s)
Postproc #3 [meta_schedule.RewriteLayout(0x5bdf42aba658)]: 0 failure(s)
2026-04-07 16:34:56 [INFO] [evolutionary_search.cc:619] Evolve iter #2 done. Summary:
Postproc #0 [meta_schedule.DisallowDynamicLoop(0x5bdf4250ad78)]: 0 failure(s)
Postproc #1 [meta_schedule.RewriteParallelVectorizeUnroll(0x5bdf42649e58)]: 0 failure(s)
Postproc #2 [meta_schedule.RewriteReductionBlock(0x5bdf42603888)]: 0 failure(s)
Postproc #3 [meta_schedule.RewriteLayout(0x5bdf42aba658)]: 0 failure(s)
2026-04-07 16:34:57 [INFO] [evolutionary_search.cc:619] Evolve iter #3 done. Summary:
Postproc #0 [meta_schedule.DisallowDynamicLoop(0x5bdf4250ad78)]: 0 failure(s)
Postproc #1 [meta_schedule.RewriteParallelVectorizeUnroll(0x5bdf42649e58)]: 0 failure(s)
Postproc #2 [meta_schedule.RewriteReductionBlock(0x5bdf42603888)]: 0 failure(s)
Postproc #3 [meta_schedule.RewriteLayout(0x5bdf42aba658)]: 0 failure(s)
2026-04-07 16:34:58 [INFO] [evolutionary_search.cc:647] Scores of the best 24 candidates:
[1 : 16]:	0.9005  0.8576  0.8421  0.8412  0.8192  0.8189  0.8189  0.8180  0.8172  0.8110  0.8043  0.8043  0.8043  0.8030  0.8030  0.7994
[17 : 24]:	0.7956  0.7923  0.7913  0.7899  0.7883  0.7877  0.7877  0.7867
2026-04-07 16:34:58 [INFO] [evolutionary_search.cc:725] Got 24 candidate(s) with evolutionary search
2026-04-07 16:34:58 [INFO] [evolutionary_search.cc:728] Sending 24 candidates(s) for measurement
2026-04-07 16:35:10 [INFO] [task_scheduler.cc:137] [Task #0: main] Trial #129: GFLOPs: 111.0358. Time: 679.9380 us. Best GFLOPs: 111.0358
2026-04-07 16:35:10 [INFO] [task_scheduler.cc:137] [Task #0: main] Trial #130: GFLOPs: 83.4444. Time: 904.7637 us. Best GFLOPs: 111.0358
2026-04-07 16:35:10 [INFO] [task_scheduler.cc:137] [Task #0: main] Trial #131: GFLOPs: 53.5207. Time: 1410.6226 us. Best GFLOPs: 111.0358
2026-04-07 16:35:10 [INFO] [task_scheduler.cc:137] [Task #0: main] Trial #132: GFLOPs: 69.8337. Time: 1081.1032 us. Best GFLOPs: 111.0358
2026-04-07 16:35:10 [INFO] [task_scheduler.cc:137] [Task #0: main] Trial #133: GFLOPs: 103.6362. Time: 728.4852 us. Best GFLOPs: 111.0358
2026-04-07 16:35:10 [INFO] [task_scheduler.cc:137] [Task #0: main] Trial #134: GFLOPs: 42.8102. Time: 1763.5379 us. Best GFLOPs: 111.0358
2026-04-07 16:35:10 [INFO] [task_scheduler.cc:137] [Task #0: main] Trial #135: GFLOPs: 39.3024. Time: 1920.9391 us. Best GFLOPs: 111.0358
2026-04-07 16:35:10 [INFO] [task_scheduler.cc:137] [Task #0: main] Trial #136: GFLOPs: 70.7723. Time: 1066.7651 us. Best GFLOPs: 111.0358
2026-04-07 16:35:10 [INFO] [task_scheduler.cc:137] [Task #0: main] Trial #137: GFLOPs: 66.7148. Time: 1131.6458 us. Best GFLOPs: 111.0358
2026-04-07 16:35:10 [INFO] [task_scheduler.cc:137] [Task #0: main] Trial #138: GFLOPs: 54.0565. Time: 1396.6409 us. Best GFLOPs: 111.0358
2026-04-07 16:35:10 [INFO] [task_scheduler.cc:137] [Task #0: main] Trial #139: GFLOPs: 87.5019. Time: 862.8091 us. Best GFLOPs: 111.0358
2026-04-07 16:35:10 [INFO] [task_scheduler.cc:137] [Task #0: main] Trial #140: GFLOPs: 73.1456. Time: 1032.1538 us. Best GFLOPs: 111.0358
2026-04-07 16:35:10 [INFO] [task_scheduler.cc:137] [Task #0: main] Trial #141: GFLOPs: 63.2145. Time: 1194.3061 us. Best GFLOPs: 111.0358
2026-04-07 16:35:10 [INFO] [task_scheduler.cc:137] [Task #0: main] Trial #142: GFLOPs: 68.8229. Time: 1096.9815 us. Best GFLOPs: 111.0358
2026-04-07 16:35:10 [INFO] [task_scheduler.cc:137] [Task #0: main] Trial #143: GFLOPs: 78.0548. Time: 967.2365 us. Best GFLOPs: 111.0358
2026-04-07 16:35:10 [INFO] [task_scheduler.cc:137] [Task #0: main] Trial #144: GFLOPs: 83.9560. Time: 899.2507 us. Best GFLOPs: 111.0358
2026-04-07 16:35:10 [INFO] [task_scheduler.cc:137] [Task #0: main] Trial #145: GFLOPs: 88.7499. Time: 850.6768 us. Best GFLOPs: 111.0358
2026-04-07 16:35:10 [INFO] [task_scheduler.cc:137] [Task #0: main] Trial #146: GFLOPs: 69.7495. Time: 1082.4094 us. Best GFLOPs: 111.0358
2026-04-07 16:35:10 [INFO] [task_scheduler.cc:137] [Task #0: main] Trial #147: GFLOPs: 66.3469. Time: 1137.9205 us. Best GFLOPs: 111.0358
2026-04-07 16:35:10 [INFO] [task_scheduler.cc:137] [Task #0: main] Trial #148: GFLOPs: 91.7708. Time: 822.6747 us. Best GFLOPs: 111.0358
2026-04-07 16:35:10 [INFO] [task_scheduler.cc:137] [Task #0: main] Trial #149: GFLOPs: 68.0454. Time: 1109.5166 us. Best GFLOPs: 111.0358
2026-04-07 16:35:10 [INFO] [task_scheduler.cc:137] [Task #0: main] Trial #150: GFLOPs: 56.9617. Time: 1325.4072 us. Best GFLOPs: 111.0358
2026-04-07 16:35:10 [INFO] [task_scheduler.cc:137] [Task #0: main] Trial #151: GFLOPs: 62.6199. Time: 1205.6475 us. Best GFLOPs: 111.0358
2026-04-07 16:35:10 [INFO] [task_scheduler.cc:137] [Task #0: main] Trial #152: GFLOPs: 68.1506. Time: 1107.8035 us. Best GFLOPs: 111.0358
