2026-04-10 14:05:32 [INFO] [task_scheduler.cc:166] Initializing Task #0: "main"
2026-04-10 14:05:32 [INFO] [task_scheduler.cc:41] 
# from tvm.script import ir as I
# from tvm.script import tir as T

@I.ir_module
class Module:
    @T.prim_func
    def main(A: T.Buffer((96, 768), "float32"), B: T.Buffer((768, 3072), "float32"), C: T.Buffer((96, 3072), "float32")):
        T.func_attr({"tir.noalias": True})
        # with T.block("root"):
        for i, j, k in T.grid(96, 3072, 768):
            with T.block("C"):
                vi, vj, vk = T.axis.remap("SSR", [i, j, k])
                T.reads(A[vi, vk], B[vk, vj])
                T.writes(C[vi, vj])
                with T.init():
                    C[vi, vj] = T.float32(0.0)
                C[vi, vj] = C[vi, vj] + A[vi, vk] * B[vk, vj]
2026-04-10 14:05:32 [INFO] [task_scheduler.cc:170] Total 3 design space(s) generated
2026-04-10 14:05:32 [INFO] [task_scheduler.cc:176] Design space #0:
# from tvm.script import ir as I
# from tvm.script import tir as T

@I.ir_module
class Module:
    @T.prim_func
    def main(A: T.Buffer((96, 768), "float32"), B: T.Buffer((768, 3072), "float32"), C: T.Buffer((96, 3072), "float32")):
        T.func_attr({"tir.noalias": True})
        with T.block("root"):
            T.reads()
            T.writes()
            T.block_attr({"meta_schedule.parallel": 128, "meta_schedule.unroll_explicit": 0, "meta_schedule.vectorize": 64})
            C_global = T.alloc_buffer((96, 3072))
            for i_0, j_0, i_1, j_1 in T.grid(16, 3, 3, 32):
                for k_0, i_2, j_2, k_1, i_3, j_3 in T.grid(256, 1, 4, 3, 2, 8):
                    with T.block("C"):
                        vi = T.axis.spatial(96, i_0 * 6 + i_1 * 2 + i_2 * 2 + i_3)
                        vj = T.axis.spatial(3072, j_0 * 1024 + j_1 * 32 + j_2 * 8 + j_3)
                        vk = T.axis.reduce(768, k_0 * 3 + k_1)
                        T.reads(A[vi, vk], B[vk, vj])
                        T.writes(C_global[vi, vj])
                        T.block_attr({"meta_schedule.tiling_structure": "SSRSRS"})
                        with T.init():
                            C_global[vi, vj] = T.float32(0.0)
                        C_global[vi, vj] = C_global[vi, vj] + A[vi, vk] * B[vk, vj]
                for ax0, ax1 in T.grid(2, 32):
                    with T.block("C_global"):
                        v0 = T.axis.spatial(96, i_0 * 6 + i_1 * 2 + ax0)
                        v1 = T.axis.spatial(3072, j_0 * 1024 + j_1 * 32 + ax1)
                        T.reads(C_global[v0, v1])
                        T.writes(C[v0, v1])
                        C[v0, v1] = C_global[v0, v1]
b0 = sch.get_block(name="C", func_name="main")
b1 = sch.get_block(name="root", func_name="main")
sch.annotate(block_or_loop=b0, ann_key="meta_schedule.tiling_structure", ann_val="SSRSRS")
l2, l3, l4 = sch.get_loops(block=b0)
v5, v6, v7, v8 = sch.sample_perfect_tile(loop=l2, n=4, max_innermost_factor=64, decision=[16, 3, 1, 2])
l9, l10, l11, l12 = sch.split(loop=l2, factors=[v5, v6, v7, v8], preserve_unit_iters=True, disable_predication=False)
v13, v14, v15, v16 = sch.sample_perfect_tile(loop=l3, n=4, max_innermost_factor=64, decision=[3, 32, 4, 8])
l17, l18, l19, l20 = sch.split(loop=l3, factors=[v13, v14, v15, v16], preserve_unit_iters=True, disable_predication=False)
v21, v22 = sch.sample_perfect_tile(loop=l4, n=2, max_innermost_factor=64, decision=[256, 3])
l23, l24 = sch.split(loop=l4, factors=[v21, v22], preserve_unit_iters=True, disable_predication=False)
sch.reorder(l9, l17, l10, l18, l23, l11, l19, l24, l12, l20)
b25 = sch.cache_write(block=b0, write_buffer_index=0, storage_scope="global")
sch.reverse_compute_at(block=b25, loop=l18, preserve_unit_loops=True, index=-1)
sch.annotate(block_or_loop=b1, ann_key="meta_schedule.parallel", ann_val=128)
sch.annotate(block_or_loop=b1, ann_key="meta_schedule.vectorize", ann_val=64)
v26 = sch.sample_categorical(candidates=[0, 16, 64, 512], probs=[0.25, 0.25, 0.25, 0.25], decision=0)
sch.annotate(block_or_loop=b1, ann_key="meta_schedule.unroll_explicit", ann_val=v26)
2026-04-10 14:05:32 [INFO] [task_scheduler.cc:176] Design space #1:
# from tvm.script import ir as I
# from tvm.script import tir as T

@I.ir_module
class Module:
    @T.prim_func
    def main(A: T.Buffer((96, 768), "float32"), B: T.Buffer((768, 3072), "float32"), C: T.Buffer((96, 3072), "float32")):
        T.func_attr({"tir.noalias": True})
        with T.block("root"):
            T.reads()
            T.writes()
            T.block_attr({"meta_schedule.parallel": 128, "meta_schedule.unroll_explicit": 512, "meta_schedule.vectorize": 64})
            C_global = T.alloc_buffer((96, 3072))
            for i_0, j_0 in T.grid(16, 3):
                for i_1, j_1, k_0, i_2, j_2, k_1, i_3, j_3 in T.grid(3, 32, 256, 1, 4, 3, 2, 8):
                    with T.block("C"):
                        vi = T.axis.spatial(96, i_0 * 6 + i_1 * 2 + i_2 * 2 + i_3)
                        vj = T.axis.spatial(3072, j_0 * 1024 + j_1 * 32 + j_2 * 8 + j_3)
                        vk = T.axis.reduce(768, k_0 * 3 + k_1)
                        T.reads(A[vi, vk], B[vk, vj])
                        T.writes(C_global[vi, vj])
                        T.block_attr({"meta_schedule.tiling_structure": "SSRSRS"})
                        with T.init():
                            C_global[vi, vj] = T.float32(0.0)
                        C_global[vi, vj] = C_global[vi, vj] + A[vi, vk] * B[vk, vj]
                for ax0, ax1 in T.grid(6, 1024):
                    with T.block("C_global"):
                        v0 = T.axis.spatial(96, i_0 * 6 + ax0)
                        v1 = T.axis.spatial(3072, j_0 * 1024 + ax1)
                        T.reads(C_global[v0, v1])
                        T.writes(C[v0, v1])
                        C[v0, v1] = C_global[v0, v1]
b0 = sch.get_block(name="C", func_name="main")
b1 = sch.get_block(name="root", func_name="main")
sch.annotate(block_or_loop=b0, ann_key="meta_schedule.tiling_structure", ann_val="SSRSRS")
l2, l3, l4 = sch.get_loops(block=b0)
v5, v6, v7, v8 = sch.sample_perfect_tile(loop=l2, n=4, max_innermost_factor=64, decision=[16, 3, 1, 2])
l9, l10, l11, l12 = sch.split(loop=l2, factors=[v5, v6, v7, v8], preserve_unit_iters=True, disable_predication=False)
v13, v14, v15, v16 = sch.sample_perfect_tile(loop=l3, n=4, max_innermost_factor=64, decision=[3, 32, 4, 8])
l17, l18, l19, l20 = sch.split(loop=l3, factors=[v13, v14, v15, v16], preserve_unit_iters=True, disable_predication=False)
v21, v22 = sch.sample_perfect_tile(loop=l4, n=2, max_innermost_factor=64, decision=[256, 3])
l23, l24 = sch.split(loop=l4, factors=[v21, v22], preserve_unit_iters=True, disable_predication=False)
sch.reorder(l9, l17, l10, l18, l23, l11, l19, l24, l12, l20)
b25 = sch.cache_write(block=b0, write_buffer_index=0, storage_scope="global")
sch.reverse_compute_at(block=b25, loop=l17, preserve_unit_loops=True, index=-1)
sch.annotate(block_or_loop=b1, ann_key="meta_schedule.parallel", ann_val=128)
sch.annotate(block_or_loop=b1, ann_key="meta_schedule.vectorize", ann_val=64)
v26 = sch.sample_categorical(candidates=[0, 16, 64, 512], probs=[0.25, 0.25, 0.25, 0.25], decision=3)
sch.annotate(block_or_loop=b1, ann_key="meta_schedule.unroll_explicit", ann_val=v26)
2026-04-10 14:05:32 [INFO] [task_scheduler.cc:176] Design space #2:
# from tvm.script import ir as I
# from tvm.script import tir as T

@I.ir_module
class Module:
    @T.prim_func
    def main(A: T.Buffer((96, 768), "float32"), B: T.Buffer((768, 3072), "float32"), C: T.Buffer((96, 3072), "float32")):
        T.func_attr({"tir.noalias": True})
        with T.block("root"):
            T.reads()
            T.writes()
            T.block_attr({"meta_schedule.parallel": 128, "meta_schedule.unroll_explicit": 0, "meta_schedule.vectorize": 64})
            for i_0, j_0, i_1, j_1, k_0, i_2, j_2, k_1, i_3, j_3 in T.grid(16, 3, 3, 32, 256, 1, 4, 3, 2, 8):
                with T.block("C"):
                    vi = T.axis.spatial(96, i_0 * 6 + i_1 * 2 + i_2 * 2 + i_3)
                    vj = T.axis.spatial(3072, j_0 * 1024 + j_1 * 32 + j_2 * 8 + j_3)
                    vk = T.axis.reduce(768, k_0 * 3 + k_1)
                    T.reads(A[vi, vk], B[vk, vj])
                    T.writes(C[vi, vj])
                    T.block_attr({"meta_schedule.tiling_structure": "SSRSRS"})
                    with T.init():
                        C[vi, vj] = T.float32(0.0)
                    C[vi, vj] = C[vi, vj] + A[vi, vk] * B[vk, vj]
b0 = sch.get_block(name="C", func_name="main")
b1 = sch.get_block(name="root", func_name="main")
sch.annotate(block_or_loop=b0, ann_key="meta_schedule.tiling_structure", ann_val="SSRSRS")
l2, l3, l4 = sch.get_loops(block=b0)
v5, v6, v7, v8 = sch.sample_perfect_tile(loop=l2, n=4, max_innermost_factor=64, decision=[16, 3, 1, 2])
l9, l10, l11, l12 = sch.split(loop=l2, factors=[v5, v6, v7, v8], preserve_unit_iters=True, disable_predication=False)
v13, v14, v15, v16 = sch.sample_perfect_tile(loop=l3, n=4, max_innermost_factor=64, decision=[3, 32, 4, 8])
l17, l18, l19, l20 = sch.split(loop=l3, factors=[v13, v14, v15, v16], preserve_unit_iters=True, disable_predication=False)
v21, v22 = sch.sample_perfect_tile(loop=l4, n=2, max_innermost_factor=64, decision=[256, 3])
l23, l24 = sch.split(loop=l4, factors=[v21, v22], preserve_unit_iters=True, disable_predication=False)
sch.reorder(l9, l17, l10, l18, l23, l11, l19, l24, l12, l20)
sch.annotate(block_or_loop=b1, ann_key="meta_schedule.parallel", ann_val=128)
sch.annotate(block_or_loop=b1, ann_key="meta_schedule.vectorize", ann_val=64)
v25 = sch.sample_categorical(candidates=[0, 16, 64, 512], probs=[0.25, 0.25, 0.25, 0.25], decision=0)
sch.annotate(block_or_loop=b1, ann_key="meta_schedule.unroll_explicit", ann_val=v25)
2026-04-10 14:05:32 [INFO] [evolutionary_search.cc:711] Generating candidates......
2026-04-10 14:05:32 [INFO] [evolutionary_search.cc:713] Picked top 0 candidate(s) from database
2026-04-10 14:05:33 [INFO] [evolutionary_search.cc:530] Sample-Init-Population summary:
Postproc #0 [meta_schedule.DisallowDynamicLoop(0x5cca8a5cb578)]: 0 failure(s)
Postproc #1 [meta_schedule.RewriteParallelVectorizeUnroll(0x5cca8a6a29f8)]: 0 failure(s)
Postproc #2 [meta_schedule.RewriteReductionBlock(0x5cca89c69318)]: 0 failure(s)
Postproc #3 [meta_schedule.RewriteLayout(0x5cca8a1b7db8)]: 0 failure(s)
2026-04-10 14:05:33 [INFO] [evolutionary_search.cc:721] Sampled 384 candidate(s)
2026-04-10 14:05:33 [INFO] [evolutionary_search.cc:619] Evolve iter #0 done. Summary:
Postproc #0 [meta_schedule.DisallowDynamicLoop(0x5cca8a5cb578)]: 0 failure(s)
Postproc #1 [meta_schedule.RewriteParallelVectorizeUnroll(0x5cca8a6a29f8)]: 0 failure(s)
Postproc #2 [meta_schedule.RewriteReductionBlock(0x5cca89c69318)]: 0 failure(s)
Postproc #3 [meta_schedule.RewriteLayout(0x5cca8a1b7db8)]: 0 failure(s)
2026-04-10 14:05:33 [INFO] [evolutionary_search.cc:619] Evolve iter #1 done. Summary:
Postproc #0 [meta_schedule.DisallowDynamicLoop(0x5cca8a5cb578)]: 0 failure(s)
Postproc #1 [meta_schedule.RewriteParallelVectorizeUnroll(0x5cca8a6a29f8)]: 0 failure(s)
Postproc #2 [meta_schedule.RewriteReductionBlock(0x5cca89c69318)]: 0 failure(s)
Postproc #3 [meta_schedule.RewriteLayout(0x5cca8a1b7db8)]: 0 failure(s)
2026-04-10 14:05:33 [INFO] [evolutionary_search.cc:619] Evolve iter #2 done. Summary:
Postproc #0 [meta_schedule.DisallowDynamicLoop(0x5cca8a5cb578)]: 0 failure(s)
Postproc #1 [meta_schedule.RewriteParallelVectorizeUnroll(0x5cca8a6a29f8)]: 0 failure(s)
Postproc #2 [meta_schedule.RewriteReductionBlock(0x5cca89c69318)]: 0 failure(s)
Postproc #3 [meta_schedule.RewriteLayout(0x5cca8a1b7db8)]: 0 failure(s)
2026-04-10 14:05:33 [INFO] [evolutionary_search.cc:647] Scores of the best 64 candidates:
[1 : 16]:	0.9989  0.9976  0.9974  0.9970  0.9966  0.9960  0.9937  0.9937  0.9932  0.9929  0.9928  0.9925  0.9923  0.9922  0.9906  0.9898
[17 : 32]:	0.9896  0.9890  0.9887  0.9861  0.9857  0.9857  0.9822  0.9812  0.9806  0.9801  0.9799  0.9797  0.9792  0.9789  0.9784  0.9775
[33 : 48]:	0.9771  0.9771  0.9747  0.9740  0.9739  0.9736  0.9734  0.9730  0.9716  0.9703  0.9690  0.9690  0.9673  0.9647  0.9645  0.9641
[49 : 64]:	0.9638  0.9633  0.9626  0.9625  0.9622  0.9589  0.9587  0.9581  0.9558  0.9551  0.9546  0.9534  0.9532  0.9524  0.9522  0.9492
2026-04-10 14:05:33 [INFO] [evolutionary_search.cc:725] Got 64 candidate(s) with evolutionary search
2026-04-10 14:05:33 [INFO] [evolutionary_search.cc:728] Sending 64 candidates(s) for measurement
2026-04-10 14:05:59 [INFO] [task_scheduler.cc:137] [Task #0: main] Trial #1: GFLOPs: 30.2292. Time: 14984.9937 us. Best GFLOPs: 30.2292
2026-04-10 14:05:59 [INFO] [task_scheduler.cc:137] [Task #0: main] Trial #2: GFLOPs: 10.2652. Time: 44127.9945 us. Best GFLOPs: 30.2292
2026-04-10 14:05:59 [INFO] [task_scheduler.cc:137] [Task #0: main] Trial #3: GFLOPs: 28.5047. Time: 15891.5830 us. Best GFLOPs: 30.2292
2026-04-10 14:05:59 [INFO] [task_scheduler.cc:137] [Task #0: main] Trial #4: GFLOPs: 5.1389. Time: 88148.3225 us. Best GFLOPs: 30.2292
2026-04-10 14:05:59 [INFO] [task_scheduler.cc:137] [Task #0: main] Trial #5: GFLOPs: 18.0006. Time: 25164.9585 us. Best GFLOPs: 30.2292
2026-04-10 14:05:59 [INFO] [task_scheduler.cc:137] [Task #0: main] Trial #6: GFLOPs: 23.0212. Time: 19676.8963 us. Best GFLOPs: 30.2292
2026-04-10 14:05:59 [INFO] [task_scheduler.cc:137] [Task #0: main] Trial #7: GFLOPs: 34.2555. Time: 13223.7190 us. Best GFLOPs: 34.2555
2026-04-10 14:05:59 [INFO] [task_scheduler.cc:137] [Task #0: main] Trial #8: GFLOPs: 64.0724. Time: 7069.8847 us. Best GFLOPs: 64.0724
2026-04-10 14:05:59 [INFO] [task_scheduler.cc:137] [Task #0: main] Trial #9: GFLOPs: 60.9872. Time: 7427.5335 us. Best GFLOPs: 64.0724
2026-04-10 14:05:59 [INFO] [task_scheduler.cc:137] [Task #0: main] Trial #10: GFLOPs: 21.2756. Time: 21291.2538 us. Best GFLOPs: 64.0724
2026-04-10 14:05:59 [INFO] [task_scheduler.cc:137] [Task #0: main] Trial #11: GFLOPs: 14.1355. Time: 32045.8550 us. Best GFLOPs: 64.0724
2026-04-10 14:05:59 [INFO] [task_scheduler.cc:137] [Task #0: main] Trial #12: GFLOPs: 41.3073. Time: 10966.2295 us. Best GFLOPs: 64.0724
2026-04-10 14:05:59 [INFO] [task_scheduler.cc:137] [Task #0: main] Trial #13: GFLOPs: 38.9111. Time: 11641.5470 us. Best GFLOPs: 64.0724
2026-04-10 14:05:59 [INFO] [task_scheduler.cc:137] [Task #0: main] Trial #14: GFLOPs: 33.4662. Time: 13535.5960 us. Best GFLOPs: 64.0724
2026-04-10 14:05:59 [INFO] [task_scheduler.cc:137] [Task #0: main] Trial #15: GFLOPs: 20.6060. Time: 21983.1125 us. Best GFLOPs: 64.0724
2026-04-10 14:05:59 [INFO] [task_scheduler.cc:137] [Task #0: main] Trial #16: GFLOPs: 5.9461. Time: 76181.7560 us. Best GFLOPs: 64.0724
2026-04-10 14:05:59 [INFO] [task_scheduler.cc:137] [Task #0: main] Trial #17: GFLOPs: 11.1797. Time: 40518.5925 us. Best GFLOPs: 64.0724
2026-04-10 14:05:59 [INFO] [task_scheduler.cc:137] [Task #0: main] Trial #18: GFLOPs: 90.1432. Time: 5025.1673 us. Best GFLOPs: 90.1432
2026-04-10 14:05:59 [INFO] [task_scheduler.cc:137] [Task #0: main] Trial #19: GFLOPs: 8.9894. Time: 50391.0175 us. Best GFLOPs: 90.1432
2026-04-10 14:05:59 [INFO] [task_scheduler.cc:137] [Task #0: main] Trial #20: GFLOPs: 18.2242. Time: 24856.2540 us. Best GFLOPs: 90.1432
2026-04-10 14:05:59 [INFO] [task_scheduler.cc:137] [Task #0: main] Trial #21: GFLOPs: 74.4407. Time: 6085.1780 us. Best GFLOPs: 90.1432
2026-04-10 14:05:59 [INFO] [task_scheduler.cc:137] [Task #0: main] Trial #22: GFLOPs: 95.3340. Time: 4751.5552 us. Best GFLOPs: 95.3340
2026-04-10 14:05:59 [INFO] [task_scheduler.cc:137] [Task #0: main] Trial #23: GFLOPs: 70.5197. Time: 6423.5220 us. Best GFLOPs: 95.3340
2026-04-10 14:05:59 [INFO] [task_scheduler.cc:137] [Task #0: main] Trial #24: GFLOPs: 16.2988. Time: 27792.5600 us. Best GFLOPs: 95.3340
2026-04-10 14:05:59 [INFO] [task_scheduler.cc:137] [Task #0: main] Trial #25: GFLOPs: 31.9611. Time: 14173.0107 us. Best GFLOPs: 95.3340
2026-04-10 14:05:59 [INFO] [task_scheduler.cc:137] [Task #0: main] Trial #26: GFLOPs: 40.7081. Time: 11127.6467 us. Best GFLOPs: 95.3340
2026-04-10 14:05:59 [INFO] [task_scheduler.cc:137] [Task #0: main] Trial #27: GFLOPs: 52.0064. Time: 8710.1694 us. Best GFLOPs: 95.3340
2026-04-10 14:05:59 [INFO] [task_scheduler.cc:137] [Task #0: main] Trial #28: GFLOPs: 37.3825. Time: 12117.5700 us. Best GFLOPs: 95.3340
2026-04-10 14:05:59 [INFO] [task_scheduler.cc:137] [Task #0: main] Trial #29: GFLOPs: 30.3788. Time: 14911.2007 us. Best GFLOPs: 95.3340
2026-04-10 14:05:59 [INFO] [task_scheduler.cc:137] [Task #0: main] Trial #30: GFLOPs: 56.0469. Time: 8082.2425 us. Best GFLOPs: 95.3340
2026-04-10 14:05:59 [INFO] [task_scheduler.cc:137] [Task #0: main] Trial #31: GFLOPs: 14.0886. Time: 32152.5555 us. Best GFLOPs: 95.3340
2026-04-10 14:05:59 [INFO] [task_scheduler.cc:137] [Task #0: main] Trial #32: GFLOPs: 5.5449. Time: 81694.0380 us. Best GFLOPs: 95.3340
2026-04-10 14:05:59 [INFO] [task_scheduler.cc:137] [Task #0: main] Trial #33: GFLOPs: 30.5275. Time: 14838.6060 us. Best GFLOPs: 95.3340
2026-04-10 14:05:59 [INFO] [task_scheduler.cc:137] [Task #0: main] Trial #34: GFLOPs: 39.3961. Time: 11498.2222 us. Best GFLOPs: 95.3340
2026-04-10 14:05:59 [INFO] [task_scheduler.cc:137] [Task #0: main] Trial #35: GFLOPs: 12.1060. Time: 37418.2475 us. Best GFLOPs: 95.3340
2026-04-10 14:05:59 [INFO] [task_scheduler.cc:137] [Task #0: main] Trial #36: GFLOPs: 58.5063. Time: 7742.5028 us. Best GFLOPs: 95.3340
2026-04-10 14:05:59 [INFO] [task_scheduler.cc:137] [Task #0: main] Trial #37: GFLOPs: 20.9150. Time: 21658.3200 us. Best GFLOPs: 95.3340
2026-04-10 14:05:59 [INFO] [task_scheduler.cc:137] [Task #0: main] Trial #38: GFLOPs: 49.7155. Time: 9111.5410 us. Best GFLOPs: 95.3340
2026-04-10 14:05:59 [INFO] [task_scheduler.cc:137] [Task #0: main] Trial #39: GFLOPs: 40.7693. Time: 11110.9377 us. Best GFLOPs: 95.3340
2026-04-10 14:05:59 [INFO] [task_scheduler.cc:137] [Task #0: main] Trial #40: GFLOPs: 53.4386. Time: 8476.7423 us. Best GFLOPs: 95.3340
2026-04-10 14:05:59 [INFO] [task_scheduler.cc:137] [Task #0: main] Trial #41: GFLOPs: 31.4195. Time: 14417.3057 us. Best GFLOPs: 95.3340
2026-04-10 14:05:59 [INFO] [task_scheduler.cc:137] [Task #0: main] Trial #42: GFLOPs: 29.1645. Time: 15532.0577 us. Best GFLOPs: 95.3340
2026-04-10 14:05:59 [INFO] [task_scheduler.cc:137] [Task #0: main] Trial #43: GFLOPs: 87.4348. Time: 5180.8310 us. Best GFLOPs: 95.3340
2026-04-10 14:05:59 [INFO] [task_scheduler.cc:137] [Task #0: main] Trial #44: GFLOPs: 63.4510. Time: 7139.1338 us. Best GFLOPs: 95.3340
2026-04-10 14:05:59 [INFO] [task_scheduler.cc:137] [Task #0: main] Trial #45: GFLOPs: 35.2084. Time: 12865.8240 us. Best GFLOPs: 95.3340
2026-04-10 14:05:59 [INFO] [task_scheduler.cc:137] [Task #0: main] Trial #46: GFLOPs: 6.7550. Time: 67059.0965 us. Best GFLOPs: 95.3340
2026-04-10 14:05:59 [INFO] [task_scheduler.cc:137] [Task #0: main] Trial #47: GFLOPs: 19.4249. Time: 23319.8465 us. Best GFLOPs: 95.3340
2026-04-10 14:05:59 [INFO] [task_scheduler.cc:137] [Task #0: main] Trial #48: GFLOPs: 32.8097. Time: 13806.4453 us. Best GFLOPs: 95.3340
2026-04-10 14:05:59 [INFO] [task_scheduler.cc:137] [Task #0: main] Trial #49: GFLOPs: 81.9339. Time: 5528.6614 us. Best GFLOPs: 95.3340
2026-04-10 14:05:59 [INFO] [task_scheduler.cc:137] [Task #0: main] Trial #50: GFLOPs: 53.5416. Time: 8460.4276 us. Best GFLOPs: 95.3340
2026-04-10 14:05:59 [INFO] [task_scheduler.cc:137] [Task #0: main] Trial #51: GFLOPs: 67.9171. Time: 6669.6715 us. Best GFLOPs: 95.3340
2026-04-10 14:05:59 [INFO] [task_scheduler.cc:137] [Task #0: main] Trial #52: GFLOPs: 21.9321. Time: 20653.9395 us. Best GFLOPs: 95.3340
2026-04-10 14:05:59 [INFO] [task_scheduler.cc:137] [Task #0: main] Trial #53: GFLOPs: 39.2283. Time: 11547.3882 us. Best GFLOPs: 95.3340
2026-04-10 14:05:59 [INFO] [task_scheduler.cc:137] [Task #0: main] Trial #54: GFLOPs: 16.4840. Time: 27480.3480 us. Best GFLOPs: 95.3340
2026-04-10 14:05:59 [INFO] [task_scheduler.cc:137] [Task #0: main] Trial #55: GFLOPs: 40.7623. Time: 11112.8502 us. Best GFLOPs: 95.3340
2026-04-10 14:05:59 [INFO] [task_scheduler.cc:137] [Task #0: main] Trial #56: GFLOPs: 11.5896. Time: 39085.4615 us. Best GFLOPs: 95.3340
2026-04-10 14:05:59 [INFO] [task_scheduler.cc:137] [Task #0: main] Trial #57: GFLOPs: 63.6957. Time: 7111.7069 us. Best GFLOPs: 95.3340
2026-04-10 14:05:59 [INFO] [task_scheduler.cc:137] [Task #0: main] Trial #58: GFLOPs: 19.8890. Time: 22775.6295 us. Best GFLOPs: 95.3340
2026-04-10 14:05:59 [INFO] [task_scheduler.cc:137] [Task #0: main] Trial #59: GFLOPs: 43.2743. Time: 10467.7515 us. Best GFLOPs: 95.3340
2026-04-10 14:05:59 [INFO] [task_scheduler.cc:137] [Task #0: main] Trial #60: GFLOPs: 70.2076. Time: 6452.0782 us. Best GFLOPs: 95.3340
2026-04-10 14:05:59 [INFO] [task_scheduler.cc:137] [Task #0: main] Trial #61: GFLOPs: 19.7836. Time: 22896.9957 us. Best GFLOPs: 95.3340
2026-04-10 14:05:59 [INFO] [task_scheduler.cc:137] [Task #0: main] Trial #62: GFLOPs: 39.6690. Time: 11419.1240 us. Best GFLOPs: 95.3340
2026-04-10 14:05:59 [INFO] [task_scheduler.cc:137] [Task #0: main] Trial #63: GFLOPs: 66.8515. Time: 6775.9884 us. Best GFLOPs: 95.3340
2026-04-10 14:05:59 [INFO] [task_scheduler.cc:137] [Task #0: main] Trial #64: GFLOPs: 66.0588. Time: 6857.2989 us. Best GFLOPs: 95.3340
2026-04-10 15:12:26 [INFO] [task_scheduler.cc:166] Initializing Task #0: "main"
2026-04-10 15:12:26 [INFO] [task_scheduler.cc:41] 
# from tvm.script import ir as I
# from tvm.script import tir as T

@I.ir_module
class Module:
    @T.prim_func
    def main(A: T.Buffer((96, 768), "float32"), B: T.Buffer((768, 3072), "float32"), C: T.Buffer((96, 3072), "float32")):
        T.func_attr({"tir.noalias": True})
        # with T.block("root"):
        for i, j, k in T.grid(96, 3072, 768):
            with T.block("C"):
                vi, vj, vk = T.axis.remap("SSR", [i, j, k])
                T.reads(A[vi, vk], B[vk, vj])
                T.writes(C[vi, vj])
                with T.init():
                    C[vi, vj] = T.float32(0.0)
                C[vi, vj] = C[vi, vj] + A[vi, vk] * B[vk, vj]
2026-04-10 15:12:26 [INFO] [task_scheduler.cc:170] Total 3 design space(s) generated
2026-04-10 15:12:26 [INFO] [task_scheduler.cc:176] Design space #0:
# from tvm.script import ir as I
# from tvm.script import tir as T

@I.ir_module
class Module:
    @T.prim_func
    def main(A: T.Buffer((96, 768), "float32"), B: T.Buffer((768, 3072), "float32"), C: T.Buffer((96, 3072), "float32")):
        T.func_attr({"tir.noalias": True})
        with T.block("root"):
            T.reads()
            T.writes()
            T.block_attr({"meta_schedule.parallel": 128, "meta_schedule.unroll_explicit": 512, "meta_schedule.vectorize": 64})
            C_global = T.alloc_buffer((96, 3072))
            for i_0, j_0, i_1, j_1 in T.grid(1, 4, 96, 2):
                for k_0, i_2, j_2, k_1, i_3, j_3 in T.grid(128, 1, 24, 6, 1, 16):
                    with T.block("C"):
                        vi = T.axis.spatial(96, i_0 * 96 + i_1 + i_2 + i_3)
                        vj = T.axis.spatial(3072, j_0 * 768 + j_1 * 384 + j_2 * 16 + j_3)
                        vk = T.axis.reduce(768, k_0 * 6 + k_1)
                        T.reads(A[vi, vk], B[vk, vj])
                        T.writes(C_global[vi, vj])
                        T.block_attr({"meta_schedule.tiling_structure": "SSRSRS"})
                        with T.init():
                            C_global[vi, vj] = T.float32(0.0)
                        C_global[vi, vj] = C_global[vi, vj] + A[vi, vk] * B[vk, vj]
                for ax0, ax1 in T.grid(1, 384):
                    with T.block("C_global"):
                        v0 = T.axis.spatial(96, i_1 + ax0)
                        v1 = T.axis.spatial(3072, j_0 * 768 + j_1 * 384 + ax1)
                        T.reads(C_global[v0, v1])
                        T.writes(C[v0, v1])
                        C[v0, v1] = C_global[v0, v1]
b0 = sch.get_block(name="C", func_name="main")
b1 = sch.get_block(name="root", func_name="main")
sch.annotate(block_or_loop=b0, ann_key="meta_schedule.tiling_structure", ann_val="SSRSRS")
l2, l3, l4 = sch.get_loops(block=b0)
v5, v6, v7, v8 = sch.sample_perfect_tile(loop=l2, n=4, max_innermost_factor=64, decision=[1, 96, 1, 1])
l9, l10, l11, l12 = sch.split(loop=l2, factors=[v5, v6, v7, v8], preserve_unit_iters=True, disable_predication=False)
v13, v14, v15, v16 = sch.sample_perfect_tile(loop=l3, n=4, max_innermost_factor=64, decision=[4, 2, 24, 16])
l17, l18, l19, l20 = sch.split(loop=l3, factors=[v13, v14, v15, v16], preserve_unit_iters=True, disable_predication=False)
v21, v22 = sch.sample_perfect_tile(loop=l4, n=2, max_innermost_factor=64, decision=[128, 6])
l23, l24 = sch.split(loop=l4, factors=[v21, v22], preserve_unit_iters=True, disable_predication=False)
sch.reorder(l9, l17, l10, l18, l23, l11, l19, l24, l12, l20)
b25 = sch.cache_write(block=b0, write_buffer_index=0, storage_scope="global")
sch.reverse_compute_at(block=b25, loop=l18, preserve_unit_loops=True, index=-1)
sch.annotate(block_or_loop=b1, ann_key="meta_schedule.parallel", ann_val=128)
sch.annotate(block_or_loop=b1, ann_key="meta_schedule.vectorize", ann_val=64)
v26 = sch.sample_categorical(candidates=[0, 16, 64, 512], probs=[0.25, 0.25, 0.25, 0.25], decision=3)
sch.annotate(block_or_loop=b1, ann_key="meta_schedule.unroll_explicit", ann_val=v26)
2026-04-10 15:12:26 [INFO] [task_scheduler.cc:176] Design space #1:
# from tvm.script import ir as I
# from tvm.script import tir as T

@I.ir_module
class Module:
    @T.prim_func
    def main(A: T.Buffer((96, 768), "float32"), B: T.Buffer((768, 3072), "float32"), C: T.Buffer((96, 3072), "float32")):
        T.func_attr({"tir.noalias": True})
        with T.block("root"):
            T.reads()
            T.writes()
            T.block_attr({"meta_schedule.parallel": 128, "meta_schedule.unroll_explicit": 0, "meta_schedule.vectorize": 64})
            C_global = T.alloc_buffer((96, 3072))
            for i_0, j_0 in T.grid(1, 4):
                for i_1, j_1, k_0, i_2, j_2, k_1, i_3, j_3 in T.grid(96, 2, 128, 1, 24, 6, 1, 16):
                    with T.block("C"):
                        vi = T.axis.spatial(96, i_0 * 96 + i_1 + i_2 + i_3)
                        vj = T.axis.spatial(3072, j_0 * 768 + j_1 * 384 + j_2 * 16 + j_3)
                        vk = T.axis.reduce(768, k_0 * 6 + k_1)
                        T.reads(A[vi, vk], B[vk, vj])
                        T.writes(C_global[vi, vj])
                        T.block_attr({"meta_schedule.tiling_structure": "SSRSRS"})
                        with T.init():
                            C_global[vi, vj] = T.float32(0.0)
                        C_global[vi, vj] = C_global[vi, vj] + A[vi, vk] * B[vk, vj]
                for ax0, ax1 in T.grid(96, 768):
                    with T.block("C_global"):
                        v0 = T.axis.spatial(96, ax0)
                        v1 = T.axis.spatial(3072, j_0 * 768 + ax1)
                        T.reads(C_global[v0, v1])
                        T.writes(C[v0, v1])
                        C[v0, v1] = C_global[v0, v1]
b0 = sch.get_block(name="C", func_name="main")
b1 = sch.get_block(name="root", func_name="main")
sch.annotate(block_or_loop=b0, ann_key="meta_schedule.tiling_structure", ann_val="SSRSRS")
l2, l3, l4 = sch.get_loops(block=b0)
v5, v6, v7, v8 = sch.sample_perfect_tile(loop=l2, n=4, max_innermost_factor=64, decision=[1, 96, 1, 1])
l9, l10, l11, l12 = sch.split(loop=l2, factors=[v5, v6, v7, v8], preserve_unit_iters=True, disable_predication=False)
v13, v14, v15, v16 = sch.sample_perfect_tile(loop=l3, n=4, max_innermost_factor=64, decision=[4, 2, 24, 16])
l17, l18, l19, l20 = sch.split(loop=l3, factors=[v13, v14, v15, v16], preserve_unit_iters=True, disable_predication=False)
v21, v22 = sch.sample_perfect_tile(loop=l4, n=2, max_innermost_factor=64, decision=[128, 6])
l23, l24 = sch.split(loop=l4, factors=[v21, v22], preserve_unit_iters=True, disable_predication=False)
sch.reorder(l9, l17, l10, l18, l23, l11, l19, l24, l12, l20)
b25 = sch.cache_write(block=b0, write_buffer_index=0, storage_scope="global")
sch.reverse_compute_at(block=b25, loop=l17, preserve_unit_loops=True, index=-1)
sch.annotate(block_or_loop=b1, ann_key="meta_schedule.parallel", ann_val=128)
sch.annotate(block_or_loop=b1, ann_key="meta_schedule.vectorize", ann_val=64)
v26 = sch.sample_categorical(candidates=[0, 16, 64, 512], probs=[0.25, 0.25, 0.25, 0.25], decision=0)
sch.annotate(block_or_loop=b1, ann_key="meta_schedule.unroll_explicit", ann_val=v26)
2026-04-10 15:12:26 [INFO] [task_scheduler.cc:176] Design space #2:
# from tvm.script import ir as I
# from tvm.script import tir as T

@I.ir_module
class Module:
    @T.prim_func
    def main(A: T.Buffer((96, 768), "float32"), B: T.Buffer((768, 3072), "float32"), C: T.Buffer((96, 3072), "float32")):
        T.func_attr({"tir.noalias": True})
        with T.block("root"):
            T.reads()
            T.writes()
            T.block_attr({"meta_schedule.parallel": 128, "meta_schedule.unroll_explicit": 512, "meta_schedule.vectorize": 64})
            for i_0, j_0, i_1, j_1, k_0, i_2, j_2, k_1, i_3, j_3 in T.grid(1, 4, 96, 2, 128, 1, 24, 6, 1, 16):
                with T.block("C"):
                    vi = T.axis.spatial(96, i_0 * 96 + i_1 + i_2 + i_3)
                    vj = T.axis.spatial(3072, j_0 * 768 + j_1 * 384 + j_2 * 16 + j_3)
                    vk = T.axis.reduce(768, k_0 * 6 + k_1)
                    T.reads(A[vi, vk], B[vk, vj])
                    T.writes(C[vi, vj])
                    T.block_attr({"meta_schedule.tiling_structure": "SSRSRS"})
                    with T.init():
                        C[vi, vj] = T.float32(0.0)
                    C[vi, vj] = C[vi, vj] + A[vi, vk] * B[vk, vj]
b0 = sch.get_block(name="C", func_name="main")
b1 = sch.get_block(name="root", func_name="main")
sch.annotate(block_or_loop=b0, ann_key="meta_schedule.tiling_structure", ann_val="SSRSRS")
l2, l3, l4 = sch.get_loops(block=b0)
v5, v6, v7, v8 = sch.sample_perfect_tile(loop=l2, n=4, max_innermost_factor=64, decision=[1, 96, 1, 1])
l9, l10, l11, l12 = sch.split(loop=l2, factors=[v5, v6, v7, v8], preserve_unit_iters=True, disable_predication=False)
v13, v14, v15, v16 = sch.sample_perfect_tile(loop=l3, n=4, max_innermost_factor=64, decision=[4, 2, 24, 16])
l17, l18, l19, l20 = sch.split(loop=l3, factors=[v13, v14, v15, v16], preserve_unit_iters=True, disable_predication=False)
v21, v22 = sch.sample_perfect_tile(loop=l4, n=2, max_innermost_factor=64, decision=[128, 6])
l23, l24 = sch.split(loop=l4, factors=[v21, v22], preserve_unit_iters=True, disable_predication=False)
sch.reorder(l9, l17, l10, l18, l23, l11, l19, l24, l12, l20)
sch.annotate(block_or_loop=b1, ann_key="meta_schedule.parallel", ann_val=128)
sch.annotate(block_or_loop=b1, ann_key="meta_schedule.vectorize", ann_val=64)
v25 = sch.sample_categorical(candidates=[0, 16, 64, 512], probs=[0.25, 0.25, 0.25, 0.25], decision=3)
sch.annotate(block_or_loop=b1, ann_key="meta_schedule.unroll_explicit", ann_val=v25)
2026-04-10 15:12:26 [INFO] [evolutionary_search.cc:711] Generating candidates......
2026-04-10 15:12:26 [INFO] [evolutionary_search.cc:713] Picked top 64 candidate(s) from database
2026-04-10 15:12:26 [INFO] [evolutionary_search.cc:530] Sample-Init-Population summary:
Postproc #0 [meta_schedule.DisallowDynamicLoop(0x576592a06c08)]: 0 failure(s)
Postproc #1 [meta_schedule.RewriteParallelVectorizeUnroll(0x57659256e8e8)]: 0 failure(s)
Postproc #2 [meta_schedule.RewriteReductionBlock(0x576592be8088)]: 0 failure(s)
Postproc #3 [meta_schedule.RewriteLayout(0x576592ac8568)]: 0 failure(s)
2026-04-10 15:12:26 [INFO] [evolutionary_search.cc:721] Sampled 396 candidate(s)
2026-04-10 15:12:26 [INFO] [evolutionary_search.cc:619] Evolve iter #0 done. Summary:
Postproc #0 [meta_schedule.DisallowDynamicLoop(0x576592a06c08)]: 0 failure(s)
Postproc #1 [meta_schedule.RewriteParallelVectorizeUnroll(0x57659256e8e8)]: 0 failure(s)
Postproc #2 [meta_schedule.RewriteReductionBlock(0x576592be8088)]: 0 failure(s)
Postproc #3 [meta_schedule.RewriteLayout(0x576592ac8568)]: 0 failure(s)
2026-04-10 15:12:27 [INFO] [evolutionary_search.cc:619] Evolve iter #1 done. Summary:
Postproc #0 [meta_schedule.DisallowDynamicLoop(0x576592a06c08)]: 0 failure(s)
Postproc #1 [meta_schedule.RewriteParallelVectorizeUnroll(0x57659256e8e8)]: 0 failure(s)
Postproc #2 [meta_schedule.RewriteReductionBlock(0x576592be8088)]: 0 failure(s)
Postproc #3 [meta_schedule.RewriteLayout(0x576592ac8568)]: 0 failure(s)
2026-04-10 15:12:27 [INFO] [evolutionary_search.cc:619] Evolve iter #2 done. Summary:
Postproc #0 [meta_schedule.DisallowDynamicLoop(0x576592a06c08)]: 0 failure(s)
Postproc #1 [meta_schedule.RewriteParallelVectorizeUnroll(0x57659256e8e8)]: 0 failure(s)
Postproc #2 [meta_schedule.RewriteReductionBlock(0x576592be8088)]: 0 failure(s)
Postproc #3 [meta_schedule.RewriteLayout(0x576592ac8568)]: 0 failure(s)
2026-04-10 15:12:27 [INFO] [evolutionary_search.cc:647] Scores of the best 64 candidates:
[1 : 16]:	0.9997  0.9996  0.9975  0.9975  0.9964  0.9957  0.9951  0.9950  0.9948  0.9945  0.9932  0.9914  0.9912  0.9905  0.9895  0.9889
[17 : 32]:	0.9878  0.9873  0.9873  0.9870  0.9843  0.9839  0.9827  0.9823  0.9812  0.9810  0.9804  0.9797  0.9790  0.9774  0.9769  0.9769
[33 : 48]:	0.9768  0.9767  0.9756  0.9753  0.9747  0.9738  0.9737  0.9736  0.9713  0.9708  0.9708  0.9701  0.9700  0.9697  0.9697  0.9691
[49 : 64]:	0.9687  0.9680  0.9678  0.9678  0.9677  0.9676  0.9665  0.9642  0.9628  0.9615  0.9609  0.9607  0.9606  0.9599  0.9582  0.9575
2026-04-10 15:12:27 [INFO] [evolutionary_search.cc:725] Got 64 candidate(s) with evolutionary search
2026-04-10 15:12:27 [INFO] [evolutionary_search.cc:728] Sending 64 candidates(s) for measurement
2026-04-10 15:12:56 [INFO] [task_scheduler.cc:137] [Task #0: main] Trial #1: GFLOPs: 15.4363. Time: 29345.4240 us. Best GFLOPs: 15.4363
2026-04-10 15:12:56 [INFO] [task_scheduler.cc:137] [Task #0: main] Trial #2: GFLOPs: 88.3790. Time: 5125.4821 us. Best GFLOPs: 88.3790
2026-04-10 15:12:56 [INFO] [task_scheduler.cc:137] [Task #0: main] Trial #3: GFLOPs: 77.0953. Time: 5875.6488 us. Best GFLOPs: 88.3790
2026-04-10 15:12:56 [INFO] [task_scheduler.cc:137] [Task #0: main] Trial #4: GFLOPs: 42.9852. Time: 10538.1575 us. Best GFLOPs: 88.3790
2026-04-10 15:12:56 [INFO] [task_scheduler.cc:137] [Task #0: main] Trial #5: GFLOPs: 32.7700. Time: 13823.1430 us. Best GFLOPs: 88.3790
2026-04-10 15:12:56 [INFO] [task_scheduler.cc:137] [Task #0: main] Trial #6: GFLOPs: 59.0081. Time: 7676.6572 us. Best GFLOPs: 88.3790
2026-04-10 15:12:56 [INFO] [task_scheduler.cc:137] [Task #0: main] Trial #7: GFLOPs: 32.7628. Time: 13826.2077 us. Best GFLOPs: 88.3790
2026-04-10 15:12:56 [INFO] [task_scheduler.cc:137] [Task #0: main] Trial #8: GFLOPs: 12.7988. Time: 35392.8540 us. Best GFLOPs: 88.3790
2026-04-10 15:12:56 [INFO] [task_scheduler.cc:137] [Task #0: main] Trial #9: GFLOPs: 37.4838. Time: 12084.8305 us. Best GFLOPs: 88.3790
2026-04-10 15:12:56 [INFO] [task_scheduler.cc:137] [Task #0: main] Trial #10: GFLOPs: 86.2234. Time: 5253.6187 us. Best GFLOPs: 88.3790
2026-04-10 15:12:56 [INFO] [task_scheduler.cc:137] [Task #0: main] Trial #11: GFLOPs: 100.3913. Time: 4512.1941 us. Best GFLOPs: 100.3913
2026-04-10 15:12:56 [INFO] [task_scheduler.cc:137] [Task #0: main] Trial #12: GFLOPs: 20.7346. Time: 21846.8305 us. Best GFLOPs: 100.3913
2026-04-10 15:12:56 [INFO] [task_scheduler.cc:137] [Task #0: main] Trial #13: GFLOPs: 9.6221. Time: 47077.6850 us. Best GFLOPs: 100.3913
2026-04-10 15:12:56 [INFO] [task_scheduler.cc:137] [Task #0: main] Trial #14: GFLOPs: 22.0078. Time: 20582.9195 us. Best GFLOPs: 100.3913
2026-04-10 15:12:56 [INFO] [task_scheduler.cc:137] [Task #0: main] Trial #15: GFLOPs: 4.8742. Time: 92935.2085 us. Best GFLOPs: 100.3913
2026-04-10 15:12:56 [INFO] [task_scheduler.cc:137] [Task #0: main] Trial #16: GFLOPs: 23.8427. Time: 18998.9203 us. Best GFLOPs: 100.3913
2026-04-10 15:12:56 [INFO] [task_scheduler.cc:137] [Task #0: main] Trial #17: GFLOPs: 104.4284. Time: 4337.7547 us. Best GFLOPs: 104.4284
2026-04-10 15:12:56 [INFO] [task_scheduler.cc:137] [Task #0: main] Trial #18: GFLOPs: 27.8357. Time: 16273.5093 us. Best GFLOPs: 104.4284
2026-04-10 15:12:56 [INFO] [task_scheduler.cc:137] [Task #0: main] Trial #19: GFLOPs: 36.9912. Time: 12245.7308 us. Best GFLOPs: 104.4284
2026-04-10 15:12:56 [INFO] [task_scheduler.cc:137] [Task #0: main] Trial #20: GFLOPs: 66.0496. Time: 6858.2483 us. Best GFLOPs: 104.4284
2026-04-10 15:12:56 [INFO] [task_scheduler.cc:137] [Task #0: main] Trial #21: GFLOPs: 10.3768. Time: 43653.7515 us. Best GFLOPs: 104.4284
2026-04-10 15:12:56 [INFO] [task_scheduler.cc:137] [Task #0: main] Trial #22: GFLOPs: 40.8909. Time: 11077.8970 us. Best GFLOPs: 104.4284
2026-04-10 15:12:56 [INFO] [task_scheduler.cc:137] [Task #0: main] Trial #23: GFLOPs: 9.4667. Time: 47850.4855 us. Best GFLOPs: 104.4284
2026-04-10 15:12:56 [INFO] [task_scheduler.cc:137] [Task #0: main] Trial #24: GFLOPs: 66.6474. Time: 6796.7367 us. Best GFLOPs: 104.4284
2026-04-10 15:12:56 [INFO] [task_scheduler.cc:137] [Task #0: main] Trial #25: GFLOPs: 53.5323. Time: 8461.9051 us. Best GFLOPs: 104.4284
2026-04-10 15:12:56 [INFO] [task_scheduler.cc:137] [Task #0: main] Trial #26: GFLOPs: 85.6987. Time: 5285.7818 us. Best GFLOPs: 104.4284
2026-04-10 15:12:56 [INFO] [task_scheduler.cc:137] [Task #0: main] Trial #27: GFLOPs: 22.4105. Time: 20213.0655 us. Best GFLOPs: 104.4284
2026-04-10 15:12:56 [INFO] [task_scheduler.cc:137] [Task #0: main] Trial #28: GFLOPs: 5.5625. Time: 81435.9480 us. Best GFLOPs: 104.4284
2026-04-10 15:12:56 [INFO] [task_scheduler.cc:137] [Task #0: main] Trial #29: GFLOPs: 42.4989. Time: 10658.7540 us. Best GFLOPs: 104.4284
2026-04-10 15:12:56 [INFO] [task_scheduler.cc:137] [Task #0: main] Trial #30: GFLOPs: 73.3477. Time: 6175.8520 us. Best GFLOPs: 104.4284
2026-04-10 15:12:56 [INFO] [task_scheduler.cc:137] [Task #0: main] Trial #31: GFLOPs: 32.9437. Time: 13750.2767 us. Best GFLOPs: 104.4284
2026-04-10 15:12:56 [INFO] [task_scheduler.cc:137] [Task #0: main] Trial #32: GFLOPs: 58.5245. Time: 7740.0844 us. Best GFLOPs: 104.4284
2026-04-10 15:12:56 [INFO] [task_scheduler.cc:137] [Task #0: main] Trial #33: GFLOPs: 42.6228. Time: 10627.7504 us. Best GFLOPs: 104.4284
2026-04-10 15:12:56 [INFO] [task_scheduler.cc:137] [Task #0: main] Trial #34: GFLOPs: 42.7167. Time: 10604.3882 us. Best GFLOPs: 104.4284
2026-04-10 15:12:56 [INFO] [task_scheduler.cc:137] [Task #0: main] Trial #35: GFLOPs: 19.4131. Time: 23333.9535 us. Best GFLOPs: 104.4284
2026-04-10 15:12:56 [INFO] [task_scheduler.cc:137] [Task #0: main] Trial #36: GFLOPs: 16.4232. Time: 27582.0335 us. Best GFLOPs: 104.4284
2026-04-10 15:12:56 [INFO] [task_scheduler.cc:137] [Task #0: main] Trial #37: GFLOPs: 26.7167. Time: 16955.1260 us. Best GFLOPs: 104.4284
2026-04-10 15:12:56 [INFO] [task_scheduler.cc:137] [Task #0: main] Trial #38: GFLOPs: 37.2888. Time: 12148.0116 us. Best GFLOPs: 104.4284
2026-04-10 15:12:56 [INFO] [task_scheduler.cc:137] [Task #0: main] Trial #39: GFLOPs: 35.4800. Time: 12767.3128 us. Best GFLOPs: 104.4284
2026-04-10 15:12:56 [INFO] [task_scheduler.cc:137] [Task #0: main] Trial #40: GFLOPs: 35.1884. Time: 12873.1287 us. Best GFLOPs: 104.4284
2026-04-10 15:12:56 [INFO] [task_scheduler.cc:137] [Task #0: main] Trial #41: GFLOPs: 51.4541. Time: 8803.6626 us. Best GFLOPs: 104.4284
2026-04-10 15:12:56 [INFO] [task_scheduler.cc:137] [Task #0: main] Trial #42: GFLOPs: 78.9437. Time: 5738.0727 us. Best GFLOPs: 104.4284
2026-04-10 15:12:56 [INFO] [task_scheduler.cc:137] [Task #0: main] Trial #43: GFLOPs: 14.1106. Time: 32102.4565 us. Best GFLOPs: 104.4284
2026-04-10 15:12:56 [INFO] [task_scheduler.cc:137] [Task #0: main] Trial #44: GFLOPs: 22.6872. Time: 19966.5503 us. Best GFLOPs: 104.4284
2026-04-10 15:12:56 [INFO] [task_scheduler.cc:137] [Task #0: main] Trial #45: GFLOPs: 76.1690. Time: 5947.1053 us. Best GFLOPs: 104.4284
2026-04-10 15:12:56 [INFO] [task_scheduler.cc:137] [Task #0: main] Trial #46: GFLOPs: 36.9157. Time: 12270.7883 us. Best GFLOPs: 104.4284
2026-04-10 15:12:56 [INFO] [task_scheduler.cc:137] [Task #0: main] Trial #47: GFLOPs: 8.8213. Time: 51351.3595 us. Best GFLOPs: 104.4284
2026-04-10 15:12:56 [INFO] [task_scheduler.cc:137] [Task #0: main] Trial #48: GFLOPs: 41.3818. Time: 10946.4827 us. Best GFLOPs: 104.4284
2026-04-10 15:12:56 [INFO] [task_scheduler.cc:137] [Task #0: main] Trial #49: GFLOPs: 21.2894. Time: 21277.4660 us. Best GFLOPs: 104.4284
2026-04-10 15:12:56 [INFO] [task_scheduler.cc:137] [Task #0: main] Trial #50: GFLOPs: 34.5682. Time: 13104.0783 us. Best GFLOPs: 104.4284
2026-04-10 15:12:56 [INFO] [task_scheduler.cc:137] [Task #0: main] Trial #51: GFLOPs: 21.2927. Time: 21274.1680 us. Best GFLOPs: 104.4284
2026-04-10 15:12:56 [INFO] [task_scheduler.cc:137] [Task #0: main] Trial #52: GFLOPs: 44.4052. Time: 10201.1682 us. Best GFLOPs: 104.4284
2026-04-10 15:12:56 [INFO] [task_scheduler.cc:137] [Task #0: main] Trial #53: GFLOPs: 21.8111. Time: 20768.5095 us. Best GFLOPs: 104.4284
2026-04-10 15:12:56 [INFO] [task_scheduler.cc:137] [Task #0: main] Trial #54: GFLOPs: 27.2529. Time: 16621.4993 us. Best GFLOPs: 104.4284
2026-04-10 15:12:56 [INFO] [task_scheduler.cc:137] [Task #0: main] Trial #55: GFLOPs: 62.0295. Time: 7302.7367 us. Best GFLOPs: 104.4284
2026-04-10 15:12:56 [INFO] [task_scheduler.cc:137] [Task #0: main] Trial #56: GFLOPs: 19.9503. Time: 22705.7190 us. Best GFLOPs: 104.4284
2026-04-10 15:12:56 [INFO] [task_scheduler.cc:137] [Task #0: main] Trial #57: GFLOPs: 17.5595. Time: 25797.1995 us. Best GFLOPs: 104.4284
2026-04-10 15:12:56 [INFO] [task_scheduler.cc:137] [Task #0: main] Trial #58: GFLOPs: 21.8144. Time: 20765.4315 us. Best GFLOPs: 104.4284
2026-04-10 15:12:56 [INFO] [task_scheduler.cc:137] [Task #0: main] Trial #59: GFLOPs: 33.1740. Time: 13654.8088 us. Best GFLOPs: 104.4284
2026-04-10 15:12:56 [INFO] [task_scheduler.cc:137] [Task #0: main] Trial #60: GFLOPs: 11.3164. Time: 40029.0275 us. Best GFLOPs: 104.4284
2026-04-10 15:12:56 [INFO] [task_scheduler.cc:137] [Task #0: main] Trial #61: GFLOPs: 61.2629. Time: 7394.1085 us. Best GFLOPs: 104.4284
2026-04-10 15:12:56 [INFO] [task_scheduler.cc:137] [Task #0: main] Trial #62: GFLOPs: 17.9848. Time: 25187.0615 us. Best GFLOPs: 104.4284
2026-04-10 15:12:56 [INFO] [task_scheduler.cc:137] [Task #0: main] Trial #63: GFLOPs: 31.6277. Time: 14322.4130 us. Best GFLOPs: 104.4284
2026-04-10 15:12:56 [INFO] [task_scheduler.cc:137] [Task #0: main] Trial #64: GFLOPs: 24.7514. Time: 18301.4163 us. Best GFLOPs: 104.4284
2026-04-10 15:12:56 [INFO] [evolutionary_search.cc:711] Generating candidates......
2026-04-10 15:12:57 [INFO] [evolutionary_search.cc:713] Picked top 92 candidate(s) from database
2026-04-10 15:12:57 [INFO] [evolutionary_search.cc:530] Sample-Init-Population summary:
Postproc #0 [meta_schedule.DisallowDynamicLoop(0x576592a06c08)]: 0 failure(s)
Postproc #1 [meta_schedule.RewriteParallelVectorizeUnroll(0x57659256e8e8)]: 0 failure(s)
Postproc #2 [meta_schedule.RewriteReductionBlock(0x576592be8088)]: 0 failure(s)
Postproc #3 [meta_schedule.RewriteLayout(0x576592ac8568)]: 0 failure(s)
2026-04-10 15:12:57 [INFO] [evolutionary_search.cc:721] Sampled 368 candidate(s)
2026-04-10 15:12:57 [INFO] [evolutionary_search.cc:619] Evolve iter #0 done. Summary:
Postproc #0 [meta_schedule.DisallowDynamicLoop(0x576592a06c08)]: 0 failure(s)
Postproc #1 [meta_schedule.RewriteParallelVectorizeUnroll(0x57659256e8e8)]: 0 failure(s)
Postproc #2 [meta_schedule.RewriteReductionBlock(0x576592be8088)]: 0 failure(s)
Postproc #3 [meta_schedule.RewriteLayout(0x576592ac8568)]: 0 failure(s)
2026-04-10 15:12:57 [INFO] [evolutionary_search.cc:619] Evolve iter #1 done. Summary:
Postproc #0 [meta_schedule.DisallowDynamicLoop(0x576592a06c08)]: 0 failure(s)
Postproc #1 [meta_schedule.RewriteParallelVectorizeUnroll(0x57659256e8e8)]: 0 failure(s)
Postproc #2 [meta_schedule.RewriteReductionBlock(0x576592be8088)]: 0 failure(s)
Postproc #3 [meta_schedule.RewriteLayout(0x576592ac8568)]: 0 failure(s)
2026-04-10 15:12:58 [INFO] [evolutionary_search.cc:619] Evolve iter #2 done. Summary:
Postproc #0 [meta_schedule.DisallowDynamicLoop(0x576592a06c08)]: 0 failure(s)
Postproc #1 [meta_schedule.RewriteParallelVectorizeUnroll(0x57659256e8e8)]: 0 failure(s)
Postproc #2 [meta_schedule.RewriteReductionBlock(0x576592be8088)]: 0 failure(s)
Postproc #3 [meta_schedule.RewriteLayout(0x576592ac8568)]: 0 failure(s)
2026-04-10 15:12:58 [INFO] [evolutionary_search.cc:647] Scores of the best 13 candidates:
[1 : 13]:	0.9990  0.9987  0.9968  0.9961  0.9954  0.9942  0.9941  0.9928  0.9926  0.9914  0.9910  0.9900  0.9879
2026-04-10 15:12:58 [INFO] [evolutionary_search.cc:725] Got 13 candidate(s) with evolutionary search
2026-04-10 15:12:58 [INFO] [evolutionary_search.cc:728] Sending 13 candidates(s) for measurement
2026-04-10 15:13:08 [INFO] [task_scheduler.cc:137] [Task #0: main] Trial #65: GFLOPs: 51.5941. Time: 8779.7850 us. Best GFLOPs: 104.4284
2026-04-10 15:13:08 [INFO] [task_scheduler.cc:137] [Task #0: main] Trial #66: GFLOPs: 101.5359. Time: 4461.3284 us. Best GFLOPs: 104.4284
2026-04-10 15:13:08 [INFO] [task_scheduler.cc:137] [Task #0: main] Trial #67: GFLOPs: 77.0230. Time: 5881.1599 us. Best GFLOPs: 104.4284
2026-04-10 15:13:08 [INFO] [task_scheduler.cc:137] [Task #0: main] Trial #68: GFLOPs: 90.2076. Time: 5021.5812 us. Best GFLOPs: 104.4284
2026-04-10 15:13:08 [INFO] [task_scheduler.cc:137] [Task #0: main] Trial #69: GFLOPs: 21.0413. Time: 21528.3405 us. Best GFLOPs: 104.4284
2026-04-10 15:13:08 [INFO] [task_scheduler.cc:137] [Task #0: main] Trial #70: GFLOPs: 42.1970. Time: 10734.9882 us. Best GFLOPs: 104.4284
2026-04-10 15:13:08 [INFO] [task_scheduler.cc:137] [Task #0: main] Trial #71: GFLOPs: 20.9907. Time: 21580.2967 us. Best GFLOPs: 104.4284
2026-04-10 15:13:08 [INFO] [task_scheduler.cc:137] [Task #0: main] Trial #72: GFLOPs: 57.8097. Time: 7835.7978 us. Best GFLOPs: 104.4284
2026-04-10 15:13:08 [INFO] [task_scheduler.cc:137] [Task #0: main] Trial #73: GFLOPs: 36.4901. Time: 12413.8950 us. Best GFLOPs: 104.4284
2026-04-10 15:13:08 [INFO] [task_scheduler.cc:137] [Task #0: main] Trial #74: GFLOPs: 38.7990. Time: 11675.1755 us. Best GFLOPs: 104.4284
2026-04-10 15:13:08 [INFO] [task_scheduler.cc:137] [Task #0: main] Trial #75: GFLOPs: 13.0271. Time: 34772.5685 us. Best GFLOPs: 104.4284
2026-04-10 15:13:08 [INFO] [task_scheduler.cc:137] [Task #0: main] Trial #76: GFLOPs: 24.0680. Time: 18821.0413 us. Best GFLOPs: 104.4284
2026-04-10 15:13:08 [INFO] [task_scheduler.cc:137] [Task #0: main] Trial #77: GFLOPs: 62.1109. Time: 7293.1605 us. Best GFLOPs: 104.4284
2026-04-14 01:05:25 [INFO] [task_scheduler.cc:166] Initializing Task #0: "main"
2026-04-14 01:05:25 [INFO] [task_scheduler.cc:41] 
# from tvm.script import ir as I
# from tvm.script import tir as T

@I.ir_module
class Module:
    @T.prim_func
    def main(A: T.Buffer((96, 768), "float32"), B: T.Buffer((768, 3072), "float32"), C: T.Buffer((96, 3072), "float32")):
        T.func_attr({"tir.noalias": True})
        # with T.block("root"):
        for i, j, k in T.grid(96, 3072, 768):
            with T.block("C"):
                vi, vj, vk = T.axis.remap("SSR", [i, j, k])
                T.reads(A[vi, vk], B[vk, vj])
                T.writes(C[vi, vj])
                with T.init():
                    C[vi, vj] = T.float32(0.0)
                C[vi, vj] = C[vi, vj] + A[vi, vk] * B[vk, vj]
2026-04-14 01:05:25 [INFO] [task_scheduler.cc:170] Total 3 design space(s) generated
2026-04-14 01:05:25 [INFO] [task_scheduler.cc:176] Design space #0:
# from tvm.script import ir as I
# from tvm.script import tir as T

@I.ir_module
class Module:
    @T.prim_func
    def main(A: T.Buffer((96, 768), "float32"), B: T.Buffer((768, 3072), "float32"), C: T.Buffer((96, 3072), "float32")):
        T.func_attr({"tir.noalias": True})
        with T.block("root"):
            T.reads()
            T.writes()
            T.block_attr({"meta_schedule.parallel": 128, "meta_schedule.unroll_explicit": 0, "meta_schedule.vectorize": 64})
            C_global = T.alloc_buffer((96, 3072))
            for i_0, j_0, i_1, j_1 in T.grid(1, 6, 1, 32):
                for k_0, i_2, j_2, k_1, i_3, j_3 in T.grid(96, 16, 4, 8, 6, 4):
                    with T.block("C"):
                        vi = T.axis.spatial(96, i_0 * 96 + i_1 * 96 + i_2 * 6 + i_3)
                        vj = T.axis.spatial(3072, j_0 * 512 + j_1 * 16 + j_2 * 4 + j_3)
                        vk = T.axis.reduce(768, k_0 * 8 + k_1)
                        T.reads(A[vi, vk], B[vk, vj])
                        T.writes(C_global[vi, vj])
                        T.block_attr({"meta_schedule.tiling_structure": "SSRSRS"})
                        with T.init():
                            C_global[vi, vj] = T.float32(0.0)
                        C_global[vi, vj] = C_global[vi, vj] + A[vi, vk] * B[vk, vj]
                for ax0, ax1 in T.grid(96, 16):
                    with T.block("C_global"):
                        v0 = T.axis.spatial(96, ax0)
                        v1 = T.axis.spatial(3072, j_0 * 512 + j_1 * 16 + ax1)
                        T.reads(C_global[v0, v1])
                        T.writes(C[v0, v1])
                        C[v0, v1] = C_global[v0, v1]
b0 = sch.get_block(name="C", func_name="main")
b1 = sch.get_block(name="root", func_name="main")
sch.annotate(block_or_loop=b0, ann_key="meta_schedule.tiling_structure", ann_val="SSRSRS")
l2, l3, l4 = sch.get_loops(block=b0)
v5, v6, v7, v8 = sch.sample_perfect_tile(loop=l2, n=4, max_innermost_factor=64, decision=[1, 1, 16, 6])
l9, l10, l11, l12 = sch.split(loop=l2, factors=[v5, v6, v7, v8], preserve_unit_iters=True, disable_predication=False)
v13, v14, v15, v16 = sch.sample_perfect_tile(loop=l3, n=4, max_innermost_factor=64, decision=[6, 32, 4, 4])
l17, l18, l19, l20 = sch.split(loop=l3, factors=[v13, v14, v15, v16], preserve_unit_iters=True, disable_predication=False)
v21, v22 = sch.sample_perfect_tile(loop=l4, n=2, max_innermost_factor=64, decision=[96, 8])
l23, l24 = sch.split(loop=l4, factors=[v21, v22], preserve_unit_iters=True, disable_predication=False)
sch.reorder(l9, l17, l10, l18, l23, l11, l19, l24, l12, l20)
b25 = sch.cache_write(block=b0, write_buffer_index=0, storage_scope="global")
sch.reverse_compute_at(block=b25, loop=l18, preserve_unit_loops=True, index=-1)
sch.annotate(block_or_loop=b1, ann_key="meta_schedule.parallel", ann_val=128)
sch.annotate(block_or_loop=b1, ann_key="meta_schedule.vectorize", ann_val=64)
v26 = sch.sample_categorical(candidates=[0, 16, 64, 512], probs=[0.25, 0.25, 0.25, 0.25], decision=0)
sch.annotate(block_or_loop=b1, ann_key="meta_schedule.unroll_explicit", ann_val=v26)
2026-04-14 01:05:25 [INFO] [task_scheduler.cc:176] Design space #1:
# from tvm.script import ir as I
# from tvm.script import tir as T

@I.ir_module
class Module:
    @T.prim_func
    def main(A: T.Buffer((96, 768), "float32"), B: T.Buffer((768, 3072), "float32"), C: T.Buffer((96, 3072), "float32")):
        T.func_attr({"tir.noalias": True})
        with T.block("root"):
            T.reads()
            T.writes()
            T.block_attr({"meta_schedule.parallel": 128, "meta_schedule.unroll_explicit": 16, "meta_schedule.vectorize": 64})
            C_global = T.alloc_buffer((96, 3072))
            for i_0, j_0 in T.grid(1, 6):
                for i_1, j_1, k_0, i_2, j_2, k_1, i_3, j_3 in T.grid(1, 32, 96, 16, 4, 8, 6, 4):
                    with T.block("C"):
                        vi = T.axis.spatial(96, i_0 * 96 + i_1 * 96 + i_2 * 6 + i_3)
                        vj = T.axis.spatial(3072, j_0 * 512 + j_1 * 16 + j_2 * 4 + j_3)
                        vk = T.axis.reduce(768, k_0 * 8 + k_1)
                        T.reads(A[vi, vk], B[vk, vj])
                        T.writes(C_global[vi, vj])
                        T.block_attr({"meta_schedule.tiling_structure": "SSRSRS"})
                        with T.init():
                            C_global[vi, vj] = T.float32(0.0)
                        C_global[vi, vj] = C_global[vi, vj] + A[vi, vk] * B[vk, vj]
                for ax0, ax1 in T.grid(96, 512):
                    with T.block("C_global"):
                        v0 = T.axis.spatial(96, ax0)
                        v1 = T.axis.spatial(3072, j_0 * 512 + ax1)
                        T.reads(C_global[v0, v1])
                        T.writes(C[v0, v1])
                        C[v0, v1] = C_global[v0, v1]
b0 = sch.get_block(name="C", func_name="main")
b1 = sch.get_block(name="root", func_name="main")
sch.annotate(block_or_loop=b0, ann_key="meta_schedule.tiling_structure", ann_val="SSRSRS")
l2, l3, l4 = sch.get_loops(block=b0)
v5, v6, v7, v8 = sch.sample_perfect_tile(loop=l2, n=4, max_innermost_factor=64, decision=[1, 1, 16, 6])
l9, l10, l11, l12 = sch.split(loop=l2, factors=[v5, v6, v7, v8], preserve_unit_iters=True, disable_predication=False)
v13, v14, v15, v16 = sch.sample_perfect_tile(loop=l3, n=4, max_innermost_factor=64, decision=[6, 32, 4, 4])
l17, l18, l19, l20 = sch.split(loop=l3, factors=[v13, v14, v15, v16], preserve_unit_iters=True, disable_predication=False)
v21, v22 = sch.sample_perfect_tile(loop=l4, n=2, max_innermost_factor=64, decision=[96, 8])
l23, l24 = sch.split(loop=l4, factors=[v21, v22], preserve_unit_iters=True, disable_predication=False)
sch.reorder(l9, l17, l10, l18, l23, l11, l19, l24, l12, l20)
b25 = sch.cache_write(block=b0, write_buffer_index=0, storage_scope="global")
sch.reverse_compute_at(block=b25, loop=l17, preserve_unit_loops=True, index=-1)
sch.annotate(block_or_loop=b1, ann_key="meta_schedule.parallel", ann_val=128)
sch.annotate(block_or_loop=b1, ann_key="meta_schedule.vectorize", ann_val=64)
v26 = sch.sample_categorical(candidates=[0, 16, 64, 512], probs=[0.25, 0.25, 0.25, 0.25], decision=1)
sch.annotate(block_or_loop=b1, ann_key="meta_schedule.unroll_explicit", ann_val=v26)
2026-04-14 01:05:25 [INFO] [task_scheduler.cc:176] Design space #2:
# from tvm.script import ir as I
# from tvm.script import tir as T

@I.ir_module
class Module:
    @T.prim_func
    def main(A: T.Buffer((96, 768), "float32"), B: T.Buffer((768, 3072), "float32"), C: T.Buffer((96, 3072), "float32")):
        T.func_attr({"tir.noalias": True})
        with T.block("root"):
            T.reads()
            T.writes()
            T.block_attr({"meta_schedule.parallel": 128, "meta_schedule.unroll_explicit": 16, "meta_schedule.vectorize": 64})
            for i_0, j_0, i_1, j_1, k_0, i_2, j_2, k_1, i_3, j_3 in T.grid(1, 6, 1, 32, 96, 16, 4, 8, 6, 4):
                with T.block("C"):
                    vi = T.axis.spatial(96, i_0 * 96 + i_1 * 96 + i_2 * 6 + i_3)
                    vj = T.axis.spatial(3072, j_0 * 512 + j_1 * 16 + j_2 * 4 + j_3)
                    vk = T.axis.reduce(768, k_0 * 8 + k_1)
                    T.reads(A[vi, vk], B[vk, vj])
                    T.writes(C[vi, vj])
                    T.block_attr({"meta_schedule.tiling_structure": "SSRSRS"})
                    with T.init():
                        C[vi, vj] = T.float32(0.0)
                    C[vi, vj] = C[vi, vj] + A[vi, vk] * B[vk, vj]
b0 = sch.get_block(name="C", func_name="main")
b1 = sch.get_block(name="root", func_name="main")
sch.annotate(block_or_loop=b0, ann_key="meta_schedule.tiling_structure", ann_val="SSRSRS")
l2, l3, l4 = sch.get_loops(block=b0)
v5, v6, v7, v8 = sch.sample_perfect_tile(loop=l2, n=4, max_innermost_factor=64, decision=[1, 1, 16, 6])
l9, l10, l11, l12 = sch.split(loop=l2, factors=[v5, v6, v7, v8], preserve_unit_iters=True, disable_predication=False)
v13, v14, v15, v16 = sch.sample_perfect_tile(loop=l3, n=4, max_innermost_factor=64, decision=[6, 32, 4, 4])
l17, l18, l19, l20 = sch.split(loop=l3, factors=[v13, v14, v15, v16], preserve_unit_iters=True, disable_predication=False)
v21, v22 = sch.sample_perfect_tile(loop=l4, n=2, max_innermost_factor=64, decision=[96, 8])
l23, l24 = sch.split(loop=l4, factors=[v21, v22], preserve_unit_iters=True, disable_predication=False)
sch.reorder(l9, l17, l10, l18, l23, l11, l19, l24, l12, l20)
sch.annotate(block_or_loop=b1, ann_key="meta_schedule.parallel", ann_val=128)
sch.annotate(block_or_loop=b1, ann_key="meta_schedule.vectorize", ann_val=64)
v25 = sch.sample_categorical(candidates=[0, 16, 64, 512], probs=[0.25, 0.25, 0.25, 0.25], decision=1)
sch.annotate(block_or_loop=b1, ann_key="meta_schedule.unroll_explicit", ann_val=v25)
2026-04-14 01:05:25 [INFO] [evolutionary_search.cc:711] Generating candidates......
2026-04-14 01:05:25 [INFO] [evolutionary_search.cc:713] Picked top 92 candidate(s) from database
2026-04-14 01:05:26 [INFO] [evolutionary_search.cc:530] Sample-Init-Population summary:
Postproc #0 [meta_schedule.DisallowDynamicLoop(0x5c763cc02548)]: 0 failure(s)
Postproc #1 [meta_schedule.RewriteParallelVectorizeUnroll(0x5c763d513b38)]: 0 failure(s)
Postproc #2 [meta_schedule.RewriteReductionBlock(0x5c763dfb34f8)]: 0 failure(s)
Postproc #3 [meta_schedule.RewriteLayout(0x5c763dafa8d8)]: 0 failure(s)
2026-04-14 01:05:26 [INFO] [evolutionary_search.cc:721] Sampled 368 candidate(s)
2026-04-14 01:05:26 [INFO] [evolutionary_search.cc:619] Evolve iter #0 done. Summary:
Postproc #0 [meta_schedule.DisallowDynamicLoop(0x5c763cc02548)]: 0 failure(s)
Postproc #1 [meta_schedule.RewriteParallelVectorizeUnroll(0x5c763d513b38)]: 0 failure(s)
Postproc #2 [meta_schedule.RewriteReductionBlock(0x5c763dfb34f8)]: 0 failure(s)
Postproc #3 [meta_schedule.RewriteLayout(0x5c763dafa8d8)]: 0 failure(s)
2026-04-14 01:05:27 [INFO] [evolutionary_search.cc:619] Evolve iter #1 done. Summary:
Postproc #0 [meta_schedule.DisallowDynamicLoop(0x5c763cc02548)]: 0 failure(s)
Postproc #1 [meta_schedule.RewriteParallelVectorizeUnroll(0x5c763d513b38)]: 0 failure(s)
Postproc #2 [meta_schedule.RewriteReductionBlock(0x5c763dfb34f8)]: 0 failure(s)
Postproc #3 [meta_schedule.RewriteLayout(0x5c763dafa8d8)]: 0 failure(s)
2026-04-14 01:05:27 [INFO] [evolutionary_search.cc:619] Evolve iter #2 done. Summary:
Postproc #0 [meta_schedule.DisallowDynamicLoop(0x5c763cc02548)]: 0 failure(s)
Postproc #1 [meta_schedule.RewriteParallelVectorizeUnroll(0x5c763d513b38)]: 0 failure(s)
Postproc #2 [meta_schedule.RewriteReductionBlock(0x5c763dfb34f8)]: 0 failure(s)
Postproc #3 [meta_schedule.RewriteLayout(0x5c763dafa8d8)]: 0 failure(s)
2026-04-14 01:05:27 [INFO] [evolutionary_search.cc:647] Scores of the best 64 candidates:
[1 : 16]:	0.9999  0.9998  0.9995  0.9980  0.9974  0.9961  0.9945  0.9918  0.9914  0.9901  0.9901  0.9898  0.9892  0.9875  0.9873  0.9868
[17 : 32]:	0.9865  0.9864  0.9863  0.9862  0.9847  0.9846  0.9833  0.9830  0.9827  0.9823  0.9821  0.9818  0.9816  0.9804  0.9791  0.9790
[33 : 48]:	0.9774  0.9755  0.9745  0.9742  0.9741  0.9740  0.9731  0.9713  0.9712  0.9705  0.9696  0.9694  0.9691  0.9691  0.9683  0.9677
[49 : 64]:	0.9673  0.9655  0.9642  0.9635  0.9632  0.9630  0.9630  0.9618  0.9617  0.9612  0.9609  0.9593  0.9592  0.9591  0.9583  0.9583
2026-04-14 01:05:27 [INFO] [evolutionary_search.cc:725] Got 64 candidate(s) with evolutionary search
2026-04-14 01:05:27 [INFO] [evolutionary_search.cc:728] Sending 64 candidates(s) for measurement
2026-04-14 01:06:06 [INFO] [task_scheduler.cc:137] [Task #0: main] Trial #1: GFLOPs: 52.2692. Time: 8666.3827 us. Best GFLOPs: 52.2692
2026-04-14 01:06:06 [INFO] [task_scheduler.cc:137] [Task #0: main] Trial #2: GFLOPs: 14.9747. Time: 30249.9765 us. Best GFLOPs: 52.2692
2026-04-14 01:06:06 [INFO] [task_scheduler.cc:137] [Task #0: main] Trial #3: GFLOPs: 16.7519. Time: 27040.7260 us. Best GFLOPs: 52.2692
2026-04-14 01:06:06 [INFO] [task_scheduler.cc:137] [Task #0: main] Trial #4: GFLOPs: 53.3679. Time: 8487.9586 us. Best GFLOPs: 53.3679
2026-04-14 01:06:06 [INFO] [task_scheduler.cc:137] [Task #0: main] Trial #5: GFLOPs: 44.0419. Time: 10285.3118 us. Best GFLOPs: 53.3679
2026-04-14 01:06:06 [INFO] [task_scheduler.cc:137] [Task #0: main] Trial #6: GFLOPs: 37.7618. Time: 11995.8388 us. Best GFLOPs: 53.3679
2026-04-14 01:06:06 [INFO] [task_scheduler.cc:137] [Task #0: main] Trial #7: GFLOPs: 7.1593. Time: 63272.1810 us. Best GFLOPs: 53.3679
2026-04-14 01:06:06 [INFO] [task_scheduler.cc:137] [Task #0: main] Trial #8: GFLOPs: 47.3958. Time: 9557.4860 us. Best GFLOPs: 53.3679
2026-04-14 01:06:06 [INFO] [task_scheduler.cc:137] [Task #0: main] Trial #9: GFLOPs: 46.0906. Time: 9828.1408 us. Best GFLOPs: 53.3679
2026-04-14 01:06:06 [INFO] [task_scheduler.cc:137] [Task #0: main] Trial #10: GFLOPs: 14.4559. Time: 31335.5955 us. Best GFLOPs: 53.3679
2026-04-14 01:06:06 [INFO] [task_scheduler.cc:137] [Task #0: main] Trial #11: GFLOPs: 20.9665. Time: 21605.2120 us. Best GFLOPs: 53.3679
2026-04-14 01:06:06 [INFO] [task_scheduler.cc:137] [Task #0: main] Trial #12: GFLOPs: 25.7702. Time: 17577.8510 us. Best GFLOPs: 53.3679
2026-04-14 01:06:06 [INFO] [task_scheduler.cc:137] [Task #0: main] Trial #13: GFLOPs: 37.5559. Time: 12061.6107 us. Best GFLOPs: 53.3679
2026-04-14 01:06:06 [INFO] [task_scheduler.cc:137] [Task #0: main] Trial #14: GFLOPs: 10.6474. Time: 42544.0295 us. Best GFLOPs: 53.3679
2026-04-14 01:06:06 [INFO] [task_scheduler.cc:137] [Task #0: main] Trial #15: GFLOPs: 13.3196. Time: 34008.9525 us. Best GFLOPs: 53.3679
2026-04-14 01:06:06 [INFO] [task_scheduler.cc:137] [Task #0: main] Trial #16: GFLOPs: 31.2867. Time: 14478.4990 us. Best GFLOPs: 53.3679
2026-04-14 01:06:06 [INFO] [task_scheduler.cc:137] [Task #0: main] Trial #17: GFLOPs: 11.0889. Time: 40850.4660 us. Best GFLOPs: 53.3679
2026-04-14 01:06:06 [INFO] [task_scheduler.cc:137] [Task #0: main] Trial #18: GFLOPs: 24.8771. Time: 18208.9260 us. Best GFLOPs: 53.3679
2026-04-14 01:06:06 [INFO] [task_scheduler.cc:137] [Task #0: main] Trial #19: GFLOPs: 8.1141. Time: 55826.7220 us. Best GFLOPs: 53.3679
2026-04-14 01:06:06 [INFO] [task_scheduler.cc:137] [Task #0: main] Trial #20: GFLOPs: 27.3001. Time: 16592.7637 us. Best GFLOPs: 53.3679
2026-04-14 01:06:06 [INFO] [task_scheduler.cc:137] [Task #0: main] Trial #21: GFLOPs: 18.1941. Time: 24897.3195 us. Best GFLOPs: 53.3679
2026-04-14 01:06:06 [INFO] [task_scheduler.cc:137] [Task #0: main] Trial #22: GFLOPs: 39.5308. Time: 11459.0460 us. Best GFLOPs: 53.3679
2026-04-14 01:06:06 [INFO] [task_scheduler.cc:137] [Task #0: main] Trial #23: GFLOPs: 11.0442. Time: 41015.5185 us. Best GFLOPs: 53.3679
2026-04-14 01:06:06 [INFO] [task_scheduler.cc:137] [Task #0: main] Trial #24: GFLOPs: 21.6744. Time: 20899.5340 us. Best GFLOPs: 53.3679
2026-04-14 01:06:06 [INFO] [task_scheduler.cc:137] [Task #0: main] Trial #25: GFLOPs: 40.8066. Time: 11100.7678 us. Best GFLOPs: 53.3679
2026-04-14 01:06:06 [INFO] [task_scheduler.cc:137] [Task #0: main] Trial #26: GFLOPs: 52.3129. Time: 8659.1450 us. Best GFLOPs: 53.3679
2026-04-14 01:06:06 [INFO] [task_scheduler.cc:137] [Task #0: main] Trial #27: GFLOPs: 11.6841. Time: 38769.3190 us. Best GFLOPs: 53.3679
2026-04-14 01:06:06 [INFO] [task_scheduler.cc:137] [Task #0: main] Trial #28: GFLOPs: 14.2214. Time: 31852.3630 us. Best GFLOPs: 53.3679
2026-04-14 01:06:06 [INFO] [task_scheduler.cc:137] [Task #0: main] Trial #29: GFLOPs: 30.0493. Time: 15074.7267 us. Best GFLOPs: 53.3679
2026-04-14 01:06:06 [INFO] [task_scheduler.cc:137] [Task #0: main] Trial #30: GFLOPs: 44.2466. Time: 10237.7283 us. Best GFLOPs: 53.3679
2026-04-14 01:06:06 [INFO] [task_scheduler.cc:137] [Task #0: main] Trial #31: GFLOPs: 28.4132. Time: 15942.7577 us. Best GFLOPs: 53.3679
2026-04-14 01:06:06 [INFO] [task_scheduler.cc:137] [Task #0: main] Trial #32: GFLOPs: 52.0713. Time: 8699.3145 us. Best GFLOPs: 53.3679
2026-04-14 01:06:06 [INFO] [task_scheduler.cc:137] [Task #0: main] Trial #33: GFLOPs: 17.2391. Time: 26276.6290 us. Best GFLOPs: 53.3679
2026-04-14 01:06:06 [INFO] [task_scheduler.cc:137] [Task #0: main] Trial #34: GFLOPs: 18.2273. Time: 24852.0045 us. Best GFLOPs: 53.3679
2026-04-14 01:06:06 [INFO] [task_scheduler.cc:137] [Task #0: main] Trial #35: GFLOPs: 21.8373. Time: 20743.6363 us. Best GFLOPs: 53.3679
2026-04-14 01:06:06 [INFO] [task_scheduler.cc:137] [Task #0: main] Trial #36: GFLOPs: 29.6146. Time: 15296.0013 us. Best GFLOPs: 53.3679
2026-04-14 01:06:06 [INFO] [task_scheduler.cc:137] [Task #0: main] Trial #37: GFLOPs: 44.1611. Time: 10257.5530 us. Best GFLOPs: 53.3679
2026-04-14 01:06:06 [INFO] [task_scheduler.cc:137] [Task #0: main] Trial #38: GFLOPs: 10.3763. Time: 43655.7285 us. Best GFLOPs: 53.3679
2026-04-14 01:06:06 [INFO] [task_scheduler.cc:137] [Task #0: main] Trial #39: GFLOPs: 24.1720. Time: 18740.0957 us. Best GFLOPs: 53.3679
2026-04-14 01:06:06 [INFO] [task_scheduler.cc:137] [Task #0: main] Trial #40: GFLOPs: 19.0279. Time: 23806.2877 us. Best GFLOPs: 53.3679
2026-04-14 01:06:06 [INFO] [task_scheduler.cc:137] [Task #0: main] Trial #41: GFLOPs: 8.5818. Time: 52784.3230 us. Best GFLOPs: 53.3679
2026-04-14 01:06:06 [INFO] [task_scheduler.cc:137] [Task #0: main] Trial #42: GFLOPs: 20.0626. Time: 22578.6140 us. Best GFLOPs: 53.3679
2026-04-14 01:06:06 [INFO] [task_scheduler.cc:137] [Task #0: main] Trial #43: GFLOPs: 35.7806. Time: 12660.0650 us. Best GFLOPs: 53.3679
2026-04-14 01:06:06 [INFO] [task_scheduler.cc:137] [Task #0: main] Trial #44: GFLOPs: 34.5716. Time: 13102.7985 us. Best GFLOPs: 53.3679
2026-04-14 01:06:06 [INFO] [task_scheduler.cc:137] [Task #0: main] Trial #45: GFLOPs: 9.2548. Time: 48945.7910 us. Best GFLOPs: 53.3679
2026-04-14 01:06:06 [INFO] [task_scheduler.cc:137] [Task #0: main] Trial #46: GFLOPs: 45.1893. Time: 10024.1692 us. Best GFLOPs: 53.3679
2026-04-14 01:06:06 [INFO] [task_scheduler.cc:137] [Task #0: main] Trial #47: GFLOPs: 15.4953. Time: 29233.6170 us. Best GFLOPs: 53.3679
2026-04-14 01:06:06 [INFO] [task_scheduler.cc:137] [Task #0: main] Trial #48: GFLOPs: 77.4629. Time: 5847.7683 us. Best GFLOPs: 77.4629
2026-04-14 01:06:06 [INFO] [task_scheduler.cc:137] [Task #0: main] Trial #49: GFLOPs: 28.2466. Time: 16036.8015 us. Best GFLOPs: 77.4629
2026-04-14 01:06:06 [INFO] [task_scheduler.cc:137] [Task #0: main] Trial #50: GFLOPs: 16.7897. Time: 26979.9490 us. Best GFLOPs: 77.4629
2026-04-14 01:06:06 [INFO] [task_scheduler.cc:137] [Task #0: main] Trial #51: GFLOPs: 34.6611. Time: 13068.9705 us. Best GFLOPs: 77.4629
2026-04-14 01:06:06 [INFO] [task_scheduler.cc:137] [Task #0: main] Trial #52: GFLOPs: 8.1563. Time: 55538.0295 us. Best GFLOPs: 77.4629
2026-04-14 01:06:06 [INFO] [task_scheduler.cc:137] [Task #0: main] Trial #53: GFLOPs: 21.1262. Time: 21441.8320 us. Best GFLOPs: 77.4629
2026-04-14 01:06:06 [INFO] [task_scheduler.cc:137] [Task #0: main] Trial #54: GFLOPs: 6.1090. Time: 74150.5560 us. Best GFLOPs: 77.4629
2026-04-14 01:06:06 [INFO] [task_scheduler.cc:137] [Task #0: main] Trial #55: GFLOPs: 20.9268. Time: 21646.2047 us. Best GFLOPs: 77.4629
2026-04-14 01:06:06 [INFO] [task_scheduler.cc:137] [Task #0: main] Trial #56: GFLOPs: 74.8940. Time: 6048.3453 us. Best GFLOPs: 77.4629
2026-04-14 01:06:06 [INFO] [task_scheduler.cc:137] [Task #0: main] Trial #57: GFLOPs: 10.7902. Time: 41981.2005 us. Best GFLOPs: 77.4629
2026-04-14 01:06:06 [INFO] [task_scheduler.cc:137] [Task #0: main] Trial #58: GFLOPs: 12.5115. Time: 36205.4480 us. Best GFLOPs: 77.4629
2026-04-14 01:06:06 [INFO] [task_scheduler.cc:137] [Task #0: main] Trial #59: GFLOPs: 35.4196. Time: 12789.1133 us. Best GFLOPs: 77.4629
2026-04-14 01:06:06 [INFO] [task_scheduler.cc:137] [Task #0: main] Trial #60: GFLOPs: 43.9178. Time: 10314.3825 us. Best GFLOPs: 77.4629
2026-04-14 01:06:06 [INFO] [task_scheduler.cc:137] [Task #0: main] Trial #61: GFLOPs: 32.4686. Time: 13951.4848 us. Best GFLOPs: 77.4629
2026-04-14 01:06:06 [INFO] [task_scheduler.cc:137] [Task #0: main] Trial #62: GFLOPs: 52.6107. Time: 8610.1218 us. Best GFLOPs: 77.4629
2026-04-14 01:06:06 [INFO] [task_scheduler.cc:137] [Task #0: main] Trial #63: GFLOPs: 49.3224. Time: 9184.1540 us. Best GFLOPs: 77.4629
2026-04-14 01:06:06 [INFO] [task_scheduler.cc:137] [Task #0: main] Trial #64: GFLOPs: 46.8927. Time: 9660.0302 us. Best GFLOPs: 77.4629
2026-04-14 01:06:06 [INFO] [evolutionary_search.cc:711] Generating candidates......
2026-04-14 01:06:06 [INFO] [evolutionary_search.cc:713] Picked top 92 candidate(s) from database
2026-04-14 01:06:06 [INFO] [evolutionary_search.cc:530] Sample-Init-Population summary:
Postproc #0 [meta_schedule.DisallowDynamicLoop(0x5c763cc02548)]: 0 failure(s)
Postproc #1 [meta_schedule.RewriteParallelVectorizeUnroll(0x5c763d513b38)]: 0 failure(s)
Postproc #2 [meta_schedule.RewriteReductionBlock(0x5c763dfb34f8)]: 0 failure(s)
Postproc #3 [meta_schedule.RewriteLayout(0x5c763dafa8d8)]: 0 failure(s)
2026-04-14 01:06:06 [INFO] [evolutionary_search.cc:721] Sampled 368 candidate(s)
2026-04-14 01:06:06 [INFO] [evolutionary_search.cc:619] Evolve iter #0 done. Summary:
Postproc #0 [meta_schedule.DisallowDynamicLoop(0x5c763cc02548)]: 0 failure(s)
Postproc #1 [meta_schedule.RewriteParallelVectorizeUnroll(0x5c763d513b38)]: 0 failure(s)
Postproc #2 [meta_schedule.RewriteReductionBlock(0x5c763dfb34f8)]: 0 failure(s)
Postproc #3 [meta_schedule.RewriteLayout(0x5c763dafa8d8)]: 0 failure(s)
2026-04-14 01:06:07 [INFO] [evolutionary_search.cc:619] Evolve iter #1 done. Summary:
Postproc #0 [meta_schedule.DisallowDynamicLoop(0x5c763cc02548)]: 0 failure(s)
Postproc #1 [meta_schedule.RewriteParallelVectorizeUnroll(0x5c763d513b38)]: 0 failure(s)
Postproc #2 [meta_schedule.RewriteReductionBlock(0x5c763dfb34f8)]: 0 failure(s)
Postproc #3 [meta_schedule.RewriteLayout(0x5c763dafa8d8)]: 0 failure(s)
2026-04-14 01:06:07 [INFO] [evolutionary_search.cc:619] Evolve iter #2 done. Summary:
Postproc #0 [meta_schedule.DisallowDynamicLoop(0x5c763cc02548)]: 0 failure(s)
Postproc #1 [meta_schedule.RewriteParallelVectorizeUnroll(0x5c763d513b38)]: 0 failure(s)
Postproc #2 [meta_schedule.RewriteReductionBlock(0x5c763dfb34f8)]: 0 failure(s)
Postproc #3 [meta_schedule.RewriteLayout(0x5c763dafa8d8)]: 0 failure(s)
2026-04-14 01:06:07 [INFO] [evolutionary_search.cc:647] Scores of the best 13 candidates:
[1 : 13]:	0.9997  0.9988  0.9974  0.9969  0.9967  0.9960  0.9949  0.9933  0.9922  0.9909  0.9896  0.9895  0.9891
2026-04-14 01:06:07 [INFO] [evolutionary_search.cc:725] Got 13 candidate(s) with evolutionary search
2026-04-14 01:06:07 [INFO] [evolutionary_search.cc:728] Sending 13 candidates(s) for measurement
2026-04-14 01:06:23 [INFO] [task_scheduler.cc:137] [Task #0: main] Trial #65: GFLOPs: 52.9022. Time: 8562.6768 us. Best GFLOPs: 77.4629
2026-04-14 01:06:23 [INFO] [task_scheduler.cc:137] [Task #0: main] Trial #66: GFLOPs: 10.6000. Time: 42734.2620 us. Best GFLOPs: 77.4629
2026-04-14 01:06:23 [INFO] [task_scheduler.cc:137] [Task #0: main] Trial #67: GFLOPs: 11.3215. Time: 40011.0810 us. Best GFLOPs: 77.4629
2026-04-14 01:06:23 [INFO] [task_scheduler.cc:137] [Task #0: main] Trial #68: GFLOPs: 28.2217. Time: 16050.9223 us. Best GFLOPs: 77.4629
2026-04-14 01:06:23 [INFO] [task_scheduler.cc:137] [Task #0: main] Trial #69: GFLOPs: 5.7149. Time: 79263.1835 us. Best GFLOPs: 77.4629
2026-04-14 01:06:23 [INFO] [task_scheduler.cc:137] [Task #0: main] Trial #70: GFLOPs: 6.4685. Time: 70029.2800 us. Best GFLOPs: 77.4629
2026-04-14 01:06:23 [INFO] [task_scheduler.cc:137] [Task #0: main] Trial #71: GFLOPs: 17.6868. Time: 25611.4000 us. Best GFLOPs: 77.4629
2026-04-14 01:06:23 [INFO] [task_scheduler.cc:137] [Task #0: main] Trial #72: GFLOPs: 20.7910. Time: 21787.5533 us. Best GFLOPs: 77.4629
2026-04-14 01:06:23 [INFO] [task_scheduler.cc:137] [Task #0: main] Trial #73: GFLOPs: 12.8873. Time: 35149.7865 us. Best GFLOPs: 77.4629
2026-04-14 01:06:23 [INFO] [task_scheduler.cc:137] [Task #0: main] Trial #74: GFLOPs: 36.2321. Time: 12502.3170 us. Best GFLOPs: 77.4629
2026-04-14 01:06:23 [INFO] [task_scheduler.cc:137] [Task #0: main] Trial #75: GFLOPs: 13.0732. Time: 34649.7820 us. Best GFLOPs: 77.4629
2026-04-14 01:06:23 [INFO] [task_scheduler.cc:137] [Task #0: main] Trial #76: GFLOPs: 16.4355. Time: 27561.4125 us. Best GFLOPs: 77.4629
2026-04-14 01:06:23 [INFO] [task_scheduler.cc:137] [Task #0: main] Trial #77: GFLOPs: 12.1215. Time: 37370.3480 us. Best GFLOPs: 77.4629
2026-04-14 01:44:26 [INFO] [task_scheduler.cc:166] Initializing Task #0: "main"
2026-04-14 01:44:26 [INFO] [task_scheduler.cc:41] 
# from tvm.script import ir as I
# from tvm.script import tir as T

@I.ir_module
class Module:
    @T.prim_func
    def main(A: T.Buffer((96, 768), "float32"), B: T.Buffer((768, 3072), "float32"), C: T.Buffer((96, 3072), "float32")):
        T.func_attr({"tir.noalias": True})
        # with T.block("root"):
        for i, j, k in T.grid(96, 3072, 768):
            with T.block("C"):
                vi, vj, vk = T.axis.remap("SSR", [i, j, k])
                T.reads(A[vi, vk], B[vk, vj])
                T.writes(C[vi, vj])
                with T.init():
                    C[vi, vj] = T.float32(0.0)
                C[vi, vj] = C[vi, vj] + A[vi, vk] * B[vk, vj]
2026-04-14 01:44:26 [INFO] [task_scheduler.cc:170] Total 3 design space(s) generated
2026-04-14 01:44:26 [INFO] [task_scheduler.cc:176] Design space #0:
# from tvm.script import ir as I
# from tvm.script import tir as T

@I.ir_module
class Module:
    @T.prim_func
    def main(A: T.Buffer((96, 768), "float32"), B: T.Buffer((768, 3072), "float32"), C: T.Buffer((96, 3072), "float32")):
        T.func_attr({"tir.noalias": True})
        with T.block("root"):
            T.reads()
            T.writes()
            T.block_attr({"meta_schedule.parallel": 128, "meta_schedule.unroll_explicit": 64, "meta_schedule.vectorize": 64})
            C_global = T.alloc_buffer((96, 3072))
            for i_0, j_0, i_1, j_1 in T.grid(2, 384, 2, 4):
                for k_0, i_2, j_2, k_1, i_3, j_3 in T.grid(12, 1, 1, 64, 24, 2):
                    with T.block("C"):
                        vi = T.axis.spatial(96, i_0 * 48 + i_1 * 24 + i_2 * 24 + i_3)
                        vj = T.axis.spatial(3072, j_0 * 8 + j_1 * 2 + j_2 * 2 + j_3)
                        vk = T.axis.reduce(768, k_0 * 64 + k_1)
                        T.reads(A[vi, vk], B[vk, vj])
                        T.writes(C_global[vi, vj])
                        T.block_attr({"meta_schedule.tiling_structure": "SSRSRS"})
                        with T.init():
                            C_global[vi, vj] = T.float32(0.0)
                        C_global[vi, vj] = C_global[vi, vj] + A[vi, vk] * B[vk, vj]
                for ax0, ax1 in T.grid(24, 2):
                    with T.block("C_global"):
                        v0 = T.axis.spatial(96, i_0 * 48 + i_1 * 24 + ax0)
                        v1 = T.axis.spatial(3072, j_0 * 8 + j_1 * 2 + ax1)
                        T.reads(C_global[v0, v1])
                        T.writes(C[v0, v1])
                        C[v0, v1] = C_global[v0, v1]
b0 = sch.get_block(name="C", func_name="main")
b1 = sch.get_block(name="root", func_name="main")
sch.annotate(block_or_loop=b0, ann_key="meta_schedule.tiling_structure", ann_val="SSRSRS")
l2, l3, l4 = sch.get_loops(block=b0)
v5, v6, v7, v8 = sch.sample_perfect_tile(loop=l2, n=4, max_innermost_factor=64, decision=[2, 2, 1, 24])
l9, l10, l11, l12 = sch.split(loop=l2, factors=[v5, v6, v7, v8], preserve_unit_iters=True, disable_predication=False)
v13, v14, v15, v16 = sch.sample_perfect_tile(loop=l3, n=4, max_innermost_factor=64, decision=[384, 4, 1, 2])
l17, l18, l19, l20 = sch.split(loop=l3, factors=[v13, v14, v15, v16], preserve_unit_iters=True, disable_predication=False)
v21, v22 = sch.sample_perfect_tile(loop=l4, n=2, max_innermost_factor=64, decision=[12, 64])
l23, l24 = sch.split(loop=l4, factors=[v21, v22], preserve_unit_iters=True, disable_predication=False)
sch.reorder(l9, l17, l10, l18, l23, l11, l19, l24, l12, l20)
b25 = sch.cache_write(block=b0, write_buffer_index=0, storage_scope="global")
sch.reverse_compute_at(block=b25, loop=l18, preserve_unit_loops=True, index=-1)
sch.annotate(block_or_loop=b1, ann_key="meta_schedule.parallel", ann_val=128)
sch.annotate(block_or_loop=b1, ann_key="meta_schedule.vectorize", ann_val=64)
v26 = sch.sample_categorical(candidates=[0, 16, 64, 512], probs=[0.25, 0.25, 0.25, 0.25], decision=2)
sch.annotate(block_or_loop=b1, ann_key="meta_schedule.unroll_explicit", ann_val=v26)
2026-04-14 01:44:26 [INFO] [task_scheduler.cc:176] Design space #1:
# from tvm.script import ir as I
# from tvm.script import tir as T

@I.ir_module
class Module:
    @T.prim_func
    def main(A: T.Buffer((96, 768), "float32"), B: T.Buffer((768, 3072), "float32"), C: T.Buffer((96, 3072), "float32")):
        T.func_attr({"tir.noalias": True})
        with T.block("root"):
            T.reads()
            T.writes()
            T.block_attr({"meta_schedule.parallel": 128, "meta_schedule.unroll_explicit": 64, "meta_schedule.vectorize": 64})
            C_global = T.alloc_buffer((96, 3072))
            for i_0, j_0 in T.grid(2, 384):
                for i_1, j_1, k_0, i_2, j_2, k_1, i_3, j_3 in T.grid(2, 4, 12, 1, 1, 64, 24, 2):
                    with T.block("C"):
                        vi = T.axis.spatial(96, i_0 * 48 + i_1 * 24 + i_2 * 24 + i_3)
                        vj = T.axis.spatial(3072, j_0 * 8 + j_1 * 2 + j_2 * 2 + j_3)
                        vk = T.axis.reduce(768, k_0 * 64 + k_1)
                        T.reads(A[vi, vk], B[vk, vj])
                        T.writes(C_global[vi, vj])
                        T.block_attr({"meta_schedule.tiling_structure": "SSRSRS"})
                        with T.init():
                            C_global[vi, vj] = T.float32(0.0)
                        C_global[vi, vj] = C_global[vi, vj] + A[vi, vk] * B[vk, vj]
                for ax0, ax1 in T.grid(48, 8):
                    with T.block("C_global"):
                        v0 = T.axis.spatial(96, i_0 * 48 + ax0)
                        v1 = T.axis.spatial(3072, j_0 * 8 + ax1)
                        T.reads(C_global[v0, v1])
                        T.writes(C[v0, v1])
                        C[v0, v1] = C_global[v0, v1]
b0 = sch.get_block(name="C", func_name="main")
b1 = sch.get_block(name="root", func_name="main")
sch.annotate(block_or_loop=b0, ann_key="meta_schedule.tiling_structure", ann_val="SSRSRS")
l2, l3, l4 = sch.get_loops(block=b0)
v5, v6, v7, v8 = sch.sample_perfect_tile(loop=l2, n=4, max_innermost_factor=64, decision=[2, 2, 1, 24])
l9, l10, l11, l12 = sch.split(loop=l2, factors=[v5, v6, v7, v8], preserve_unit_iters=True, disable_predication=False)
v13, v14, v15, v16 = sch.sample_perfect_tile(loop=l3, n=4, max_innermost_factor=64, decision=[384, 4, 1, 2])
l17, l18, l19, l20 = sch.split(loop=l3, factors=[v13, v14, v15, v16], preserve_unit_iters=True, disable_predication=False)
v21, v22 = sch.sample_perfect_tile(loop=l4, n=2, max_innermost_factor=64, decision=[12, 64])
l23, l24 = sch.split(loop=l4, factors=[v21, v22], preserve_unit_iters=True, disable_predication=False)
sch.reorder(l9, l17, l10, l18, l23, l11, l19, l24, l12, l20)
b25 = sch.cache_write(block=b0, write_buffer_index=0, storage_scope="global")
sch.reverse_compute_at(block=b25, loop=l17, preserve_unit_loops=True, index=-1)
sch.annotate(block_or_loop=b1, ann_key="meta_schedule.parallel", ann_val=128)
sch.annotate(block_or_loop=b1, ann_key="meta_schedule.vectorize", ann_val=64)
v26 = sch.sample_categorical(candidates=[0, 16, 64, 512], probs=[0.25, 0.25, 0.25, 0.25], decision=2)
sch.annotate(block_or_loop=b1, ann_key="meta_schedule.unroll_explicit", ann_val=v26)
2026-04-14 01:44:26 [INFO] [task_scheduler.cc:176] Design space #2:
# from tvm.script import ir as I
# from tvm.script import tir as T

@I.ir_module
class Module:
    @T.prim_func
    def main(A: T.Buffer((96, 768), "float32"), B: T.Buffer((768, 3072), "float32"), C: T.Buffer((96, 3072), "float32")):
        T.func_attr({"tir.noalias": True})
        with T.block("root"):
            T.reads()
            T.writes()
            T.block_attr({"meta_schedule.parallel": 128, "meta_schedule.unroll_explicit": 512, "meta_schedule.vectorize": 64})
            for i_0, j_0, i_1, j_1, k_0, i_2, j_2, k_1, i_3, j_3 in T.grid(2, 384, 2, 4, 12, 1, 1, 64, 24, 2):
                with T.block("C"):
                    vi = T.axis.spatial(96, i_0 * 48 + i_1 * 24 + i_2 * 24 + i_3)
                    vj = T.axis.spatial(3072, j_0 * 8 + j_1 * 2 + j_2 * 2 + j_3)
                    vk = T.axis.reduce(768, k_0 * 64 + k_1)
                    T.reads(A[vi, vk], B[vk, vj])
                    T.writes(C[vi, vj])
                    T.block_attr({"meta_schedule.tiling_structure": "SSRSRS"})
                    with T.init():
                        C[vi, vj] = T.float32(0.0)
                    C[vi, vj] = C[vi, vj] + A[vi, vk] * B[vk, vj]
b0 = sch.get_block(name="C", func_name="main")
b1 = sch.get_block(name="root", func_name="main")
sch.annotate(block_or_loop=b0, ann_key="meta_schedule.tiling_structure", ann_val="SSRSRS")
l2, l3, l4 = sch.get_loops(block=b0)
v5, v6, v7, v8 = sch.sample_perfect_tile(loop=l2, n=4, max_innermost_factor=64, decision=[2, 2, 1, 24])
l9, l10, l11, l12 = sch.split(loop=l2, factors=[v5, v6, v7, v8], preserve_unit_iters=True, disable_predication=False)
v13, v14, v15, v16 = sch.sample_perfect_tile(loop=l3, n=4, max_innermost_factor=64, decision=[384, 4, 1, 2])
l17, l18, l19, l20 = sch.split(loop=l3, factors=[v13, v14, v15, v16], preserve_unit_iters=True, disable_predication=False)
v21, v22 = sch.sample_perfect_tile(loop=l4, n=2, max_innermost_factor=64, decision=[12, 64])
l23, l24 = sch.split(loop=l4, factors=[v21, v22], preserve_unit_iters=True, disable_predication=False)
sch.reorder(l9, l17, l10, l18, l23, l11, l19, l24, l12, l20)
sch.annotate(block_or_loop=b1, ann_key="meta_schedule.parallel", ann_val=128)
sch.annotate(block_or_loop=b1, ann_key="meta_schedule.vectorize", ann_val=64)
v25 = sch.sample_categorical(candidates=[0, 16, 64, 512], probs=[0.25, 0.25, 0.25, 0.25], decision=3)
sch.annotate(block_or_loop=b1, ann_key="meta_schedule.unroll_explicit", ann_val=v25)
2026-04-14 01:44:26 [INFO] [evolutionary_search.cc:711] Generating candidates......
2026-04-14 01:44:26 [INFO] [evolutionary_search.cc:713] Picked top 92 candidate(s) from database
2026-04-14 01:44:26 [INFO] [evolutionary_search.cc:530] Sample-Init-Population summary:
Postproc #0 [meta_schedule.DisallowDynamicLoop(0x60fddd171708)]: 0 failure(s)
Postproc #1 [meta_schedule.RewriteParallelVectorizeUnroll(0x60fddd3a53e8)]: 0 failure(s)
Postproc #2 [meta_schedule.RewriteReductionBlock(0x60fddd721558)]: 0 failure(s)
Postproc #3 [meta_schedule.RewriteLayout(0x60fddd931358)]: 0 failure(s)
2026-04-14 01:44:26 [INFO] [evolutionary_search.cc:721] Sampled 368 candidate(s)
2026-04-14 01:44:27 [INFO] [evolutionary_search.cc:619] Evolve iter #0 done. Summary:
Postproc #0 [meta_schedule.DisallowDynamicLoop(0x60fddd171708)]: 0 failure(s)
Postproc #1 [meta_schedule.RewriteParallelVectorizeUnroll(0x60fddd3a53e8)]: 0 failure(s)
Postproc #2 [meta_schedule.RewriteReductionBlock(0x60fddd721558)]: 0 failure(s)
Postproc #3 [meta_schedule.RewriteLayout(0x60fddd931358)]: 0 failure(s)
2026-04-14 01:44:27 [INFO] [evolutionary_search.cc:619] Evolve iter #1 done. Summary:
Postproc #0 [meta_schedule.DisallowDynamicLoop(0x60fddd171708)]: 0 failure(s)
Postproc #1 [meta_schedule.RewriteParallelVectorizeUnroll(0x60fddd3a53e8)]: 0 failure(s)
Postproc #2 [meta_schedule.RewriteReductionBlock(0x60fddd721558)]: 0 failure(s)
Postproc #3 [meta_schedule.RewriteLayout(0x60fddd931358)]: 0 failure(s)
2026-04-14 01:44:27 [INFO] [evolutionary_search.cc:619] Evolve iter #2 done. Summary:
Postproc #0 [meta_schedule.DisallowDynamicLoop(0x60fddd171708)]: 0 failure(s)
Postproc #1 [meta_schedule.RewriteParallelVectorizeUnroll(0x60fddd3a53e8)]: 0 failure(s)
Postproc #2 [meta_schedule.RewriteReductionBlock(0x60fddd721558)]: 0 failure(s)
Postproc #3 [meta_schedule.RewriteLayout(0x60fddd931358)]: 0 failure(s)
2026-04-14 01:44:27 [INFO] [evolutionary_search.cc:647] Scores of the best 64 candidates:
[1 : 16]:	0.9998  0.9998  0.9988  0.9987  0.9985  0.9976  0.9957  0.9955  0.9953  0.9932  0.9924  0.9921  0.9920  0.9912  0.9912  0.9893
[17 : 32]:	0.9889  0.9886  0.9878  0.9877  0.9868  0.9866  0.9865  0.9857  0.9846  0.9827  0.9824  0.9799  0.9799  0.9797  0.9796  0.9791
[33 : 48]:	0.9783  0.9782  0.9779  0.9773  0.9771  0.9768  0.9764  0.9763  0.9747  0.9745  0.9742  0.9739  0.9722  0.9711  0.9708  0.9707
[49 : 64]:	0.9707  0.9705  0.9698  0.9695  0.9692  0.9690  0.9689  0.9686  0.9682  0.9672  0.9659  0.9659  0.9656  0.9655  0.9653  0.9649
2026-04-14 01:44:27 [INFO] [evolutionary_search.cc:725] Got 64 candidate(s) with evolutionary search
2026-04-14 01:44:27 [INFO] [evolutionary_search.cc:728] Sending 64 candidates(s) for measurement
2026-04-14 01:45:06 [INFO] [task_scheduler.cc:137] [Task #0: main] Trial #1: GFLOPs: 15.0594. Time: 30079.7780 us. Best GFLOPs: 15.0594
2026-04-14 01:45:06 [INFO] [task_scheduler.cc:137] [Task #0: main] Trial #2: GFLOPs: 23.5865. Time: 19205.2667 us. Best GFLOPs: 23.5865
2026-04-14 01:45:06 [INFO] [task_scheduler.cc:137] [Task #0: main] Trial #3: GFLOPs: 42.9605. Time: 10544.2078 us. Best GFLOPs: 42.9605
2026-04-14 01:45:06 [INFO] [task_scheduler.cc:137] [Task #0: main] Trial #4: GFLOPs: 13.8518. Time: 32702.1295 us. Best GFLOPs: 42.9605
2026-04-14 01:45:06 [INFO] [task_scheduler.cc:137] [Task #0: main] Trial #5: GFLOPs: 51.8608. Time: 8734.6205 us. Best GFLOPs: 51.8608
2026-04-14 01:45:06 [INFO] [task_scheduler.cc:137] [Task #0: main] Trial #6: GFLOPs: 30.0339. Time: 15082.4333 us. Best GFLOPs: 51.8608
2026-04-14 01:45:06 [INFO] [task_scheduler.cc:137] [Task #0: main] Trial #7: GFLOPs: 31.3507. Time: 14448.9547 us. Best GFLOPs: 51.8608
2026-04-14 01:45:06 [INFO] [task_scheduler.cc:137] [Task #0: main] Trial #8: GFLOPs: 20.0345. Time: 22610.1980 us. Best GFLOPs: 51.8608
2026-04-14 01:45:06 [INFO] [task_scheduler.cc:137] [Task #0: main] Trial #9: GFLOPs: 13.3408. Time: 33954.7920 us. Best GFLOPs: 51.8608
2026-04-14 01:45:06 [INFO] [task_scheduler.cc:137] [Task #0: main] Trial #10: GFLOPs: 42.4324. Time: 10675.4514 us. Best GFLOPs: 51.8608
2026-04-14 01:45:06 [INFO] [task_scheduler.cc:137] [Task #0: main] Trial #11: GFLOPs: 20.9315. Time: 21641.2920 us. Best GFLOPs: 51.8608
2026-04-14 01:45:06 [INFO] [task_scheduler.cc:137] [Task #0: main] Trial #12: GFLOPs: 55.6282. Time: 8143.0757 us. Best GFLOPs: 55.6282
2026-04-14 01:45:06 [INFO] [task_scheduler.cc:137] [Task #0: main] Trial #13: GFLOPs: 35.3914. Time: 12799.2822 us. Best GFLOPs: 55.6282
2026-04-14 01:45:06 [INFO] [task_scheduler.cc:137] [Task #0: main] Trial #14: GFLOPs: 46.8484. Time: 9669.1700 us. Best GFLOPs: 55.6282
2026-04-14 01:45:06 [INFO] [task_scheduler.cc:137] [Task #0: main] Trial #15: GFLOPs: 4.5535. Time: 99480.8430 us. Best GFLOPs: 55.6282
2026-04-14 01:45:06 [INFO] [task_scheduler.cc:137] [Task #0: main] Trial #16: GFLOPs: 42.9955. Time: 10535.6346 us. Best GFLOPs: 55.6282
2026-04-14 01:45:06 [INFO] [task_scheduler.cc:137] [Task #0: main] Trial #17: GFLOPs: 10.5401. Time: 42977.2435 us. Best GFLOPs: 55.6282
2026-04-14 01:45:06 [INFO] [task_scheduler.cc:137] [Task #0: main] Trial #18: GFLOPs: 0.7167. Time: 632013.4245 us. Best GFLOPs: 55.6282
2026-04-14 01:45:06 [INFO] [task_scheduler.cc:137] [Task #0: main] Trial #19: GFLOPs: 21.3459. Time: 21221.2035 us. Best GFLOPs: 55.6282
2026-04-14 01:45:06 [INFO] [task_scheduler.cc:137] [Task #0: main] Trial #20: GFLOPs: 45.2000. Time: 10021.7857 us. Best GFLOPs: 55.6282
2026-04-14 01:45:06 [INFO] [task_scheduler.cc:137] [Task #0: main] Trial #21: GFLOPs: 20.0034. Time: 22645.4265 us. Best GFLOPs: 55.6282
2026-04-14 01:45:06 [INFO] [task_scheduler.cc:137] [Task #0: main] Trial #22: GFLOPs: 53.0954. Time: 8531.5202 us. Best GFLOPs: 55.6282
2026-04-14 01:45:06 [INFO] [task_scheduler.cc:137] [Task #0: main] Trial #23: GFLOPs: 10.6761. Time: 42429.6955 us. Best GFLOPs: 55.6282
2026-04-14 01:45:06 [INFO] [task_scheduler.cc:137] [Task #0: main] Trial #24: GFLOPs: 12.4390. Time: 36416.6415 us. Best GFLOPs: 55.6282
2026-04-14 01:45:06 [INFO] [task_scheduler.cc:137] [Task #0: main] Trial #25: GFLOPs: 24.9107. Time: 18184.3193 us. Best GFLOPs: 55.6282
2026-04-14 01:45:06 [INFO] [task_scheduler.cc:137] [Task #0: main] Trial #26: GFLOPs: 35.4766. Time: 12768.5518 us. Best GFLOPs: 55.6282
2026-04-14 01:45:06 [INFO] [task_scheduler.cc:137] [Task #0: main] Trial #27: GFLOPs: 17.5650. Time: 25789.0805 us. Best GFLOPs: 55.6282
2026-04-14 01:45:06 [INFO] [task_scheduler.cc:137] [Task #0: main] Trial #28: GFLOPs: 33.0309. Time: 13713.9530 us. Best GFLOPs: 55.6282
2026-04-14 01:45:06 [INFO] [task_scheduler.cc:137] [Task #0: main] Trial #29: GFLOPs: 28.7525. Time: 15754.5973 us. Best GFLOPs: 55.6282
2026-04-14 01:45:06 [INFO] [task_scheduler.cc:137] [Task #0: main] Trial #30: GFLOPs: 54.1733. Time: 8361.7734 us. Best GFLOPs: 55.6282
2026-04-14 01:45:06 [INFO] [task_scheduler.cc:137] [Task #0: main] Trial #31: GFLOPs: 18.2115. Time: 24873.5660 us. Best GFLOPs: 55.6282
2026-04-14 01:45:06 [INFO] [task_scheduler.cc:137] [Task #0: main] Trial #32: GFLOPs: 12.0038. Time: 37736.6960 us. Best GFLOPs: 55.6282
2026-04-14 01:45:06 [INFO] [task_scheduler.cc:137] [Task #0: main] Trial #33: GFLOPs: 35.0397. Time: 12927.7655 us. Best GFLOPs: 55.6282
2026-04-14 01:45:06 [INFO] [task_scheduler.cc:137] [Task #0: main] Trial #34: GFLOPs: 12.7057. Time: 35652.0695 us. Best GFLOPs: 55.6282
2026-04-14 01:45:06 [INFO] [task_scheduler.cc:137] [Task #0: main] Trial #35: GFLOPs: 18.2576. Time: 24810.7555 us. Best GFLOPs: 55.6282
2026-04-14 01:45:06 [INFO] [task_scheduler.cc:137] [Task #0: main] Trial #36: GFLOPs: 30.6272. Time: 14790.2827 us. Best GFLOPs: 55.6282
2026-04-14 01:45:06 [INFO] [task_scheduler.cc:137] [Task #0: main] Trial #37: GFLOPs: 7.3008. Time: 62045.7765 us. Best GFLOPs: 55.6282
2026-04-14 01:45:06 [INFO] [task_scheduler.cc:137] [Task #0: main] Trial #38: GFLOPs: 11.3637. Time: 39862.3745 us. Best GFLOPs: 55.6282
2026-04-14 01:45:06 [INFO] [task_scheduler.cc:137] [Task #0: main] Trial #39: GFLOPs: 30.8138. Time: 14700.7293 us. Best GFLOPs: 55.6282
2026-04-14 01:45:06 [INFO] [task_scheduler.cc:137] [Task #0: main] Trial #40: GFLOPs: 45.0158. Time: 10062.8075 us. Best GFLOPs: 55.6282
2026-04-14 01:45:06 [INFO] [task_scheduler.cc:137] [Task #0: main] Trial #41: GFLOPs: 38.1676. Time: 11868.2960 us. Best GFLOPs: 55.6282
2026-04-14 01:45:06 [INFO] [task_scheduler.cc:137] [Task #0: main] Trial #42: GFLOPs: 27.0208. Time: 16764.3155 us. Best GFLOPs: 55.6282
2026-04-14 01:45:06 [INFO] [task_scheduler.cc:137] [Task #0: main] Trial #43: GFLOPs: 44.4610. Time: 10188.3747 us. Best GFLOPs: 55.6282
2026-04-14 01:45:06 [INFO] [task_scheduler.cc:137] [Task #0: main] Trial #44: GFLOPs: 29.4939. Time: 15358.6047 us. Best GFLOPs: 55.6282
2026-04-14 01:45:06 [INFO] [task_scheduler.cc:137] [Task #0: main] Trial #45: GFLOPs: 52.1807. Time: 8681.0840 us. Best GFLOPs: 55.6282
2026-04-14 01:45:06 [INFO] [task_scheduler.cc:137] [Task #0: main] Trial #46: GFLOPs: 14.0665. Time: 32203.0175 us. Best GFLOPs: 55.6282
2026-04-14 01:45:06 [INFO] [task_scheduler.cc:137] [Task #0: main] Trial #47: GFLOPs: 43.6277. Time: 10382.9573 us. Best GFLOPs: 55.6282
2026-04-14 01:45:06 [INFO] [task_scheduler.cc:137] [Task #0: main] Trial #48: GFLOPs: 49.9765. Time: 9063.9596 us. Best GFLOPs: 55.6282
2026-04-14 01:45:06 [INFO] [task_scheduler.cc:137] [Task #0: main] Trial #49: GFLOPs: 24.6354. Time: 18387.5663 us. Best GFLOPs: 55.6282
2026-04-14 01:45:06 [INFO] [task_scheduler.cc:137] [Task #0: main] Trial #50: GFLOPs: 12.9447. Time: 34993.9105 us. Best GFLOPs: 55.6282
2026-04-14 01:45:06 [INFO] [task_scheduler.cc:137] [Task #0: main] Trial #51: GFLOPs: 48.4476. Time: 9349.9962 us. Best GFLOPs: 55.6282
2026-04-14 01:45:06 [INFO] [task_scheduler.cc:137] [Task #0: main] Trial #52: GFLOPs: 15.1068. Time: 29985.4025 us. Best GFLOPs: 55.6282
2026-04-14 01:45:06 [INFO] [task_scheduler.cc:137] [Task #0: main] Trial #53: GFLOPs: 46.0483. Time: 9837.1634 us. Best GFLOPs: 55.6282
2026-04-14 01:45:06 [INFO] [task_scheduler.cc:137] [Task #0: main] Trial #54: GFLOPs: 53.7073. Time: 8434.3184 us. Best GFLOPs: 55.6282
2026-04-14 01:45:06 [INFO] [task_scheduler.cc:137] [Task #0: main] Trial #55: GFLOPs: 41.6549. Time: 10874.7155 us. Best GFLOPs: 55.6282
2026-04-14 01:45:06 [INFO] [task_scheduler.cc:137] [Task #0: main] Trial #56: GFLOPs: 42.5597. Time: 10643.5082 us. Best GFLOPs: 55.6282
2026-04-14 01:45:06 [INFO] [task_scheduler.cc:137] [Task #0: main] Trial #57: GFLOPs: 17.7245. Time: 25556.9865 us. Best GFLOPs: 55.6282
2026-04-14 01:45:06 [INFO] [task_scheduler.cc:137] [Task #0: main] Trial #58: GFLOPs: 15.9798. Time: 28347.3645 us. Best GFLOPs: 55.6282
2026-04-14 01:45:06 [INFO] [task_scheduler.cc:137] [Task #0: main] Trial #59: GFLOPs: 9.3639. Time: 48375.9130 us. Best GFLOPs: 55.6282
2026-04-14 01:45:06 [INFO] [task_scheduler.cc:137] [Task #0: main] Trial #60: GFLOPs: 12.1168. Time: 37384.8035 us. Best GFLOPs: 55.6282
2026-04-14 01:45:06 [INFO] [task_scheduler.cc:137] [Task #0: main] Trial #61: GFLOPs: 54.3064. Time: 8341.2723 us. Best GFLOPs: 55.6282
2026-04-14 01:45:06 [INFO] [task_scheduler.cc:137] [Task #0: main] Trial #62: GFLOPs: 7.3667. Time: 61490.5575 us. Best GFLOPs: 55.6282
2026-04-14 01:45:06 [INFO] [task_scheduler.cc:137] [Task #0: main] Trial #63: GFLOPs: 36.6784. Time: 12350.1727 us. Best GFLOPs: 55.6282
2026-04-14 01:45:06 [INFO] [task_scheduler.cc:137] [Task #0: main] Trial #64: GFLOPs: 30.3018. Time: 14949.1238 us. Best GFLOPs: 55.6282
2026-04-14 01:45:06 [INFO] [evolutionary_search.cc:711] Generating candidates......
2026-04-14 01:45:06 [INFO] [evolutionary_search.cc:713] Picked top 92 candidate(s) from database
2026-04-14 01:45:07 [INFO] [evolutionary_search.cc:530] Sample-Init-Population summary:
Postproc #0 [meta_schedule.DisallowDynamicLoop(0x60fddd171708)]: 0 failure(s)
Postproc #1 [meta_schedule.RewriteParallelVectorizeUnroll(0x60fddd3a53e8)]: 0 failure(s)
Postproc #2 [meta_schedule.RewriteReductionBlock(0x60fddd721558)]: 0 failure(s)
Postproc #3 [meta_schedule.RewriteLayout(0x60fddd931358)]: 0 failure(s)
2026-04-14 01:45:07 [INFO] [evolutionary_search.cc:721] Sampled 368 candidate(s)
2026-04-14 01:45:07 [INFO] [evolutionary_search.cc:619] Evolve iter #0 done. Summary:
Postproc #0 [meta_schedule.DisallowDynamicLoop(0x60fddd171708)]: 0 failure(s)
Postproc #1 [meta_schedule.RewriteParallelVectorizeUnroll(0x60fddd3a53e8)]: 0 failure(s)
Postproc #2 [meta_schedule.RewriteReductionBlock(0x60fddd721558)]: 0 failure(s)
Postproc #3 [meta_schedule.RewriteLayout(0x60fddd931358)]: 0 failure(s)
2026-04-14 01:45:08 [INFO] [evolutionary_search.cc:619] Evolve iter #1 done. Summary:
Postproc #0 [meta_schedule.DisallowDynamicLoop(0x60fddd171708)]: 0 failure(s)
Postproc #1 [meta_schedule.RewriteParallelVectorizeUnroll(0x60fddd3a53e8)]: 0 failure(s)
Postproc #2 [meta_schedule.RewriteReductionBlock(0x60fddd721558)]: 0 failure(s)
Postproc #3 [meta_schedule.RewriteLayout(0x60fddd931358)]: 0 failure(s)
2026-04-14 01:45:08 [INFO] [evolutionary_search.cc:619] Evolve iter #2 done. Summary:
Postproc #0 [meta_schedule.DisallowDynamicLoop(0x60fddd171708)]: 0 failure(s)
Postproc #1 [meta_schedule.RewriteParallelVectorizeUnroll(0x60fddd3a53e8)]: 0 failure(s)
Postproc #2 [meta_schedule.RewriteReductionBlock(0x60fddd721558)]: 0 failure(s)
Postproc #3 [meta_schedule.RewriteLayout(0x60fddd931358)]: 0 failure(s)
2026-04-14 01:45:08 [INFO] [evolutionary_search.cc:647] Scores of the best 13 candidates:
[1 : 13]:	0.9990  0.9989  0.9979  0.9974  0.9968  0.9956  0.9948  0.9945  0.9942  0.9928  0.9918  0.9909  0.9903
2026-04-14 01:45:08 [INFO] [evolutionary_search.cc:725] Got 13 candidate(s) with evolutionary search
2026-04-14 01:45:08 [INFO] [evolutionary_search.cc:728] Sending 13 candidates(s) for measurement
2026-04-14 01:45:21 [INFO] [task_scheduler.cc:137] [Task #0: main] Trial #65: GFLOPs: 47.3201. Time: 9572.7860 us. Best GFLOPs: 55.6282
2026-04-14 01:45:21 [INFO] [task_scheduler.cc:137] [Task #0: main] Trial #66: GFLOPs: 14.3261. Time: 31619.5010 us. Best GFLOPs: 55.6282
2026-04-14 01:45:21 [INFO] [task_scheduler.cc:137] [Task #0: main] Trial #67: GFLOPs: 10.7510. Time: 42134.3730 us. Best GFLOPs: 55.6282
2026-04-14 01:45:21 [INFO] [task_scheduler.cc:137] [Task #0: main] Trial #68: GFLOPs: 31.9973. Time: 14156.9803 us. Best GFLOPs: 55.6282
2026-04-14 01:45:21 [INFO] [task_scheduler.cc:137] [Task #0: main] Trial #69: GFLOPs: 31.9983. Time: 14156.5227 us. Best GFLOPs: 55.6282
2026-04-14 01:45:21 [INFO] [task_scheduler.cc:137] [Task #0: main] Trial #70: GFLOPs: 21.7069. Time: 20868.2093 us. Best GFLOPs: 55.6282
2026-04-14 01:45:21 [INFO] [task_scheduler.cc:137] [Task #0: main] Trial #71: GFLOPs: 33.0235. Time: 13717.0307 us. Best GFLOPs: 55.6282
2026-04-14 01:45:21 [INFO] [task_scheduler.cc:137] [Task #0: main] Trial #72: GFLOPs: 20.4862. Time: 22111.7055 us. Best GFLOPs: 55.6282
2026-04-14 01:45:21 [INFO] [task_scheduler.cc:137] [Task #0: main] Trial #73: GFLOPs: 5.5496. Time: 81624.1290 us. Best GFLOPs: 55.6282
2026-04-14 01:45:21 [INFO] [task_scheduler.cc:137] [Task #0: main] Trial #74: GFLOPs: 22.1035. Time: 20493.8087 us. Best GFLOPs: 55.6282
2026-04-14 01:45:21 [INFO] [task_scheduler.cc:137] [Task #0: main] Trial #75: GFLOPs: 19.5539. Time: 23165.9460 us. Best GFLOPs: 55.6282
2026-04-14 01:45:21 [INFO] [task_scheduler.cc:137] [Task #0: main] Trial #76: GFLOPs: 4.7087. Time: 96200.9555 us. Best GFLOPs: 55.6282
2026-04-14 01:45:21 [INFO] [task_scheduler.cc:137] [Task #0: main] Trial #77: GFLOPs: 43.6061. Time: 10388.1066 us. Best GFLOPs: 55.6282
