2026-04-07 19:13:32 [INFO] Logging directory: research/results/metaschedule/8020/iter_01/9db4dd383f9f0938/qkv/M_384/logs
2026-04-07 19:13:32 [INFO] [task_scheduler.cc:165] Initializing Task #0: "main"
2026-04-07 19:13:32 [INFO] [task_scheduler.cc:326] 
 ID | Name |      FLOP | Weight | Speed (GFLOPS) | Latency (us) | Weighted Latency (us) | Trials | Done 
--------------------------------------------------------------------------------------------------------
  0 | main | 452984832 |      1 |            N/A |          N/A |                   N/A |      0 |      
--------------------------------------------------------------------------------------------------------
Total trials: 0
Total latency (us): 0

2026-04-07 19:13:32 [INFO] [task_scheduler.cc:186] TaskScheduler picks Task #0: "main"
2026-04-07 19:13:34 [INFO] [task_scheduler.cc:199] Sending 63 sample(s) to builder
2026-04-07 19:13:43 [INFO] [task_scheduler.cc:201] Sending 63 sample(s) to runner
2026-04-07 19:13:57 [DEBUG] XGB iter   0: tr-p-rmse: 0.429236	tr-a-peak@32: 0.960145	tr-rmse: 0.281861	tr-rmse: 0.281861
2026-04-07 19:13:57 [DEBUG] XGB iter  25: tr-p-rmse: 0.071461	tr-a-peak@32: 1.000000	tr-rmse: 0.307118	tr-rmse: 0.307118
2026-04-07 19:13:57 [DEBUG] XGB iter  50: tr-p-rmse: 0.071320	tr-a-peak@32: 1.000000	tr-rmse: 0.307320	tr-rmse: 0.307320
2026-04-07 19:13:57 [DEBUG] XGB iter  75: tr-p-rmse: 0.071320	tr-a-peak@32: 1.000000	tr-rmse: 0.307320	tr-rmse: 0.307320
2026-04-07 19:13:57 [DEBUG] XGB stopped. Best iteration: [38] tr-p-rmse:0.07132	tr-a-peak@32:1.00000	tr-rmse:0.30732	tr-rmse:0.30732 
2026-04-07 19:13:57 [INFO] [task_scheduler.cc:243] [Updated] Task #0: "main"
2026-04-07 19:13:57 [INFO] [task_scheduler.cc:326] 
 ID | Name |      FLOP | Weight | Speed (GFLOPS) | Latency (us) | Weighted Latency (us) | Trials | Done 
--------------------------------------------------------------------------------------------------------
  0 | main | 452984832 |      1 |       119.4959 |    3790.7997 |             3790.7997 |     63 |      
--------------------------------------------------------------------------------------------------------
Total trials: 63
Total latency (us): 3790.8

2026-04-07 19:13:57 [INFO] [task_scheduler.cc:186] TaskScheduler picks Task #0: "main"
2026-04-07 19:13:58 [INFO] [task_scheduler.cc:199] Sending 14 sample(s) to builder
2026-04-07 19:14:04 [INFO] [task_scheduler.cc:201] Sending 14 sample(s) to runner
2026-04-07 19:14:07 [DEBUG] XGB validation: p-rmse: 0.252752	a-peak@32: 0.947014
2026-04-07 19:14:07 [DEBUG] XGB iter   0: tr-p-rmse: 0.415999	tr-a-peak@32: 0.961172	tr-rmse: 0.272817	tr-rmse: 0.272817
2026-04-07 19:14:07 [DEBUG] XGB iter  25: tr-p-rmse: 0.070046	tr-a-peak@32: 0.998427	tr-rmse: 0.297474	tr-rmse: 0.297474
2026-04-07 19:14:07 [DEBUG] XGB iter  50: tr-p-rmse: 0.070010	tr-a-peak@32: 0.998427	tr-rmse: 0.297525	tr-rmse: 0.297525
2026-04-07 19:14:07 [DEBUG] XGB iter  75: tr-p-rmse: 0.070010	tr-a-peak@32: 0.998427	tr-rmse: 0.297525	tr-rmse: 0.297525
2026-04-07 19:14:07 [DEBUG] XGB stopped. Best iteration: [43] tr-p-rmse:0.07001	tr-a-peak@32:0.99843	tr-rmse:0.29752	tr-rmse:0.29752 
2026-04-07 19:14:07 [INFO] [task_scheduler.cc:243] [Updated] Task #0: "main"
2026-04-07 19:14:07 [INFO] [task_scheduler.cc:326] 
 ID | Name |      FLOP | Weight | Speed (GFLOPS) | Latency (us) | Weighted Latency (us) | Trials | Done 
--------------------------------------------------------------------------------------------------------
  0 | main | 452984832 |      1 |       119.4959 |    3790.7997 |             3790.7997 |     77 |      
--------------------------------------------------------------------------------------------------------
Total trials: 77
Total latency (us): 3790.8

2026-04-07 19:14:07 [INFO] [task_scheduler.cc:266] Task #0 has finished. Remaining task(s): 0
2026-04-07 19:14:07 [INFO] [task_scheduler.cc:326] 
 ID | Name |      FLOP | Weight | Speed (GFLOPS) | Latency (us) | Weighted Latency (us) | Trials | Done 
--------------------------------------------------------------------------------------------------------
  0 | main | 452984832 |      1 |       119.4959 |    3790.7997 |             3790.7997 |     77 |    Y 
--------------------------------------------------------------------------------------------------------
Total trials: 77
Total latency (us): 3790.8

2026-04-07 19:14:07 [INFO] LocalBuilder: max_workers = 12
2026-04-07 19:14:09 [INFO] LocalRunner: max_workers = 1
