2026-04-07 12:57:05 [INFO] Logging directory: research/results/metaschedule/8020/iter_01/be6598108ed7b9e8/qkv/M_384/logs
2026-04-07 12:57:05 [INFO] [task_scheduler.cc:165] Initializing Task #0: "main"
2026-04-07 12:57:05 [INFO] [task_scheduler.cc:326] 
 ID | Name |      FLOP | Weight | Speed (GFLOPS) | Latency (us) | Weighted Latency (us) | Trials | Done 
--------------------------------------------------------------------------------------------------------
  0 | main | 452984832 |      1 |            N/A |          N/A |                   N/A |      0 |      
--------------------------------------------------------------------------------------------------------
Total trials: 0
Total latency (us): 0

2026-04-07 12:57:05 [INFO] [task_scheduler.cc:186] TaskScheduler picks Task #0: "main"
2026-04-07 12:57:07 [INFO] [task_scheduler.cc:199] Sending 32 sample(s) to builder
2026-04-07 12:57:14 [INFO] [task_scheduler.cc:201] Sending 32 sample(s) to runner
2026-04-07 12:57:22 [DEBUG] XGB iter   0: tr-p-rmse: 0.453760	tr-a-peak@32: 1.000000	tr-rmse: 0.248203	tr-rmse: 0.248203
2026-04-07 12:57:22 [DEBUG] XGB iter  25: tr-p-rmse: 0.048937	tr-a-peak@32: 1.000000	tr-rmse: 0.274329	tr-rmse: 0.274329
2026-04-07 12:57:22 [DEBUG] XGB iter  50: tr-p-rmse: 0.048907	tr-a-peak@32: 1.000000	tr-rmse: 0.274370	tr-rmse: 0.274370
2026-04-07 12:57:22 [DEBUG] XGB iter  75: tr-p-rmse: 0.048907	tr-a-peak@32: 1.000000	tr-rmse: 0.274370	tr-rmse: 0.274370
2026-04-07 12:57:22 [DEBUG] XGB stopped. Best iteration: [35] tr-p-rmse:0.04891	tr-a-peak@32:1.00000	tr-rmse:0.27437	tr-rmse:0.27437 
2026-04-07 12:57:22 [INFO] [task_scheduler.cc:243] [Updated] Task #0: "main"
2026-04-07 12:57:22 [INFO] [task_scheduler.cc:326] 
 ID | Name |      FLOP | Weight | Speed (GFLOPS) | Latency (us) | Weighted Latency (us) | Trials | Done 
--------------------------------------------------------------------------------------------------------
  0 | main | 452984832 |      1 |       116.1813 |    3898.9488 |             3898.9488 |     32 |      
--------------------------------------------------------------------------------------------------------
Total trials: 32
Total latency (us): 3898.95

2026-04-07 12:57:22 [INFO] [task_scheduler.cc:186] TaskScheduler picks Task #0: "main"
2026-04-07 12:57:24 [INFO] [task_scheduler.cc:199] Sending 32 sample(s) to builder
2026-04-07 12:57:33 [INFO] [task_scheduler.cc:201] Sending 32 sample(s) to runner
2026-04-07 12:57:42 [DEBUG] XGB validation: p-rmse: 0.247086	a-peak@32: 0.924546
2026-04-07 12:57:42 [DEBUG] XGB iter   0: tr-p-rmse: 0.442225	tr-a-peak@32: 0.980464	tr-rmse: 0.245238	tr-rmse: 0.245238
2026-04-07 12:57:42 [DEBUG] XGB iter  25: tr-p-rmse: 0.061290	tr-a-peak@32: 1.000000	tr-rmse: 0.273453	tr-rmse: 0.273453
2026-04-07 12:57:42 [DEBUG] XGB iter  50: tr-p-rmse: 0.061276	tr-a-peak@32: 1.000000	tr-rmse: 0.273469	tr-rmse: 0.273469
2026-04-07 12:57:42 [DEBUG] XGB iter  75: tr-p-rmse: 0.061276	tr-a-peak@32: 1.000000	tr-rmse: 0.273469	tr-rmse: 0.273469
2026-04-07 12:57:42 [DEBUG] XGB stopped. Best iteration: [45] tr-p-rmse:0.06128	tr-a-peak@32:1.00000	tr-rmse:0.27347	tr-rmse:0.27347 
2026-04-07 12:57:42 [INFO] [task_scheduler.cc:243] [Updated] Task #0: "main"
2026-04-07 12:57:42 [INFO] [task_scheduler.cc:326] 
 ID | Name |      FLOP | Weight | Speed (GFLOPS) | Latency (us) | Weighted Latency (us) | Trials | Done 
--------------------------------------------------------------------------------------------------------
  0 | main | 452984832 |      1 |       116.1813 |    3898.9488 |             3898.9488 |     64 |      
--------------------------------------------------------------------------------------------------------
Total trials: 64
Total latency (us): 3898.95

2026-04-07 12:57:42 [INFO] [task_scheduler.cc:186] TaskScheduler picks Task #0: "main"
2026-04-07 12:57:44 [INFO] [task_scheduler.cc:199] Sending 32 sample(s) to builder
2026-04-07 12:57:53 [INFO] [task_scheduler.cc:201] Sending 32 sample(s) to runner
2026-04-07 12:58:02 [DEBUG] XGB validation: p-rmse: 0.222880	a-peak@32: 0.940031
2026-04-07 12:58:02 [DEBUG] XGB iter   0: tr-p-rmse: 0.431123	tr-a-peak@32: 0.981067	tr-rmse: 0.239283	tr-rmse: 0.239283
2026-04-07 12:58:02 [DEBUG] XGB iter  25: tr-p-rmse: 0.059492	tr-a-peak@32: 1.000000	tr-rmse: 0.266730	tr-rmse: 0.266730
2026-04-07 12:58:02 [DEBUG] XGB iter  50: tr-p-rmse: 0.059475	tr-a-peak@32: 1.000000	tr-rmse: 0.266752	tr-rmse: 0.266752
2026-04-07 12:58:02 [DEBUG] XGB iter  75: tr-p-rmse: 0.059475	tr-a-peak@32: 1.000000	tr-rmse: 0.266752	tr-rmse: 0.266752
2026-04-07 12:58:03 [DEBUG] XGB stopped. Best iteration: [33] tr-p-rmse:0.05948	tr-a-peak@32:1.00000	tr-rmse:0.26675	tr-rmse:0.26675 
2026-04-07 12:58:03 [INFO] [task_scheduler.cc:243] [Updated] Task #0: "main"
2026-04-07 12:58:03 [INFO] [task_scheduler.cc:326] 
 ID | Name |      FLOP | Weight | Speed (GFLOPS) | Latency (us) | Weighted Latency (us) | Trials | Done 
--------------------------------------------------------------------------------------------------------
  0 | main | 452984832 |      1 |       116.1813 |    3898.9488 |             3898.9488 |     96 |      
--------------------------------------------------------------------------------------------------------
Total trials: 96
Total latency (us): 3898.95

2026-04-07 12:58:03 [INFO] [task_scheduler.cc:186] TaskScheduler picks Task #0: "main"
2026-04-07 12:58:05 [INFO] [task_scheduler.cc:199] Sending 32 sample(s) to builder
2026-04-07 12:58:14 [INFO] [task_scheduler.cc:201] Sending 32 sample(s) to runner
2026-04-07 12:58:23 [DEBUG] XGB validation: p-rmse: 0.183040	a-peak@32: 0.976388
2026-04-07 12:58:23 [DEBUG] XGB iter   0: tr-p-rmse: 0.420061	tr-a-peak@32: 0.977589	tr-rmse: 0.237724	tr-rmse: 0.237724
2026-04-07 12:58:23 [DEBUG] XGB iter  25: tr-p-rmse: 0.058437	tr-a-peak@32: 1.000000	tr-rmse: 0.265703	tr-rmse: 0.265703
2026-04-07 12:58:23 [DEBUG] XGB iter  50: tr-p-rmse: 0.058421	tr-a-peak@32: 1.000000	tr-rmse: 0.265726	tr-rmse: 0.265726
2026-04-07 12:58:23 [DEBUG] XGB iter  75: tr-p-rmse: 0.058420	tr-a-peak@32: 1.000000	tr-rmse: 0.265726	tr-rmse: 0.265726
2026-04-07 12:58:24 [DEBUG] XGB iter 100: tr-p-rmse: 0.058420	tr-a-peak@32: 1.000000	tr-rmse: 0.265726	tr-rmse: 0.265726
2026-04-07 12:58:24 [DEBUG] XGB stopped. Best iteration: [53] tr-p-rmse:0.05842	tr-a-peak@32:1.00000	tr-rmse:0.26573	tr-rmse:0.26573 
2026-04-07 12:58:24 [INFO] [task_scheduler.cc:243] [Updated] Task #0: "main"
2026-04-07 12:58:24 [INFO] [task_scheduler.cc:326] 
 ID | Name |      FLOP | Weight | Speed (GFLOPS) | Latency (us) | Weighted Latency (us) | Trials | Done 
--------------------------------------------------------------------------------------------------------
  0 | main | 452984832 |      1 |       116.1813 |    3898.9488 |             3898.9488 |    128 |      
--------------------------------------------------------------------------------------------------------
Total trials: 128
Total latency (us): 3898.95

2026-04-07 12:58:24 [INFO] [task_scheduler.cc:186] TaskScheduler picks Task #0: "main"
2026-04-07 12:58:29 [INFO] [task_scheduler.cc:199] Sending 32 sample(s) to builder
2026-04-07 12:58:36 [INFO] [task_scheduler.cc:201] Sending 32 sample(s) to runner
2026-04-07 12:58:45 [DEBUG] XGB validation: p-rmse: 0.169146	a-peak@32: 0.945628
2026-04-07 12:58:45 [DEBUG] XGB iter   0: tr-p-rmse: 0.384944	tr-a-peak@32: 0.969006	tr-rmse: 0.270020	tr-rmse: 0.270020
2026-04-07 12:58:45 [DEBUG] XGB iter  25: tr-p-rmse: 0.053751	tr-a-peak@32: 1.000000	tr-rmse: 0.311630	tr-rmse: 0.311630
2026-04-07 12:58:45 [DEBUG] XGB iter  50: tr-p-rmse: 0.053744	tr-a-peak@32: 1.000000	tr-rmse: 0.311640	tr-rmse: 0.311640
2026-04-07 12:58:45 [DEBUG] XGB iter  75: tr-p-rmse: 0.053744	tr-a-peak@32: 1.000000	tr-rmse: 0.311640	tr-rmse: 0.311640
2026-04-07 12:58:45 [DEBUG] XGB stopped. Best iteration: [32] tr-p-rmse:0.05374	tr-a-peak@32:1.00000	tr-rmse:0.31164	tr-rmse:0.31164 
2026-04-07 12:58:45 [INFO] [task_scheduler.cc:243] [Updated] Task #0: "main"
2026-04-07 12:58:45 [INFO] [task_scheduler.cc:326] 
 ID | Name |      FLOP | Weight | Speed (GFLOPS) | Latency (us) | Weighted Latency (us) | Trials | Done 
--------------------------------------------------------------------------------------------------------
  0 | main | 452984832 |      1 |       116.1813 |    3898.9488 |             3898.9488 |    160 |      
--------------------------------------------------------------------------------------------------------
Total trials: 160
Total latency (us): 3898.95

2026-04-07 12:58:45 [INFO] [task_scheduler.cc:186] TaskScheduler picks Task #0: "main"
2026-04-07 12:58:51 [INFO] [task_scheduler.cc:199] Sending 32 sample(s) to builder
2026-04-07 12:59:00 [INFO] [task_scheduler.cc:201] Sending 32 sample(s) to runner
2026-04-07 12:59:08 [DEBUG] XGB validation: p-rmse: 0.111645	a-peak@32: 0.995211
2026-04-07 12:59:09 [DEBUG] XGB iter   0: tr-p-rmse: 0.361425	tr-a-peak@32: 0.990470	tr-rmse: 0.290068	tr-rmse: 0.290068
2026-04-07 12:59:09 [DEBUG] XGB iter  25: tr-p-rmse: 0.056263	tr-a-peak@32: 0.997883	tr-rmse: 0.337866	tr-rmse: 0.337866
2026-04-07 12:59:09 [DEBUG] XGB iter  50: tr-p-rmse: 0.056258	tr-a-peak@32: 0.997883	tr-rmse: 0.337876	tr-rmse: 0.337876
2026-04-07 12:59:09 [DEBUG] XGB iter  75: tr-p-rmse: 0.056258	tr-a-peak@32: 0.997883	tr-rmse: 0.337876	tr-rmse: 0.337876
2026-04-07 12:59:09 [DEBUG] XGB stopped. Best iteration: [32] tr-p-rmse:0.05626	tr-a-peak@32:0.99788	tr-rmse:0.33788	tr-rmse:0.33788 
2026-04-07 12:59:09 [INFO] [task_scheduler.cc:243] [Updated] Task #0: "main"
2026-04-07 12:59:09 [INFO] [task_scheduler.cc:326] 
 ID | Name |      FLOP | Weight | Speed (GFLOPS) | Latency (us) | Weighted Latency (us) | Trials | Done 
--------------------------------------------------------------------------------------------------------
  0 | main | 452984832 |      1 |       122.2251 |    3706.1536 |             3706.1536 |    192 |      
--------------------------------------------------------------------------------------------------------
Total trials: 192
Total latency (us): 3706.15

2026-04-07 12:59:09 [INFO] [task_scheduler.cc:186] TaskScheduler picks Task #0: "main"
2026-04-07 12:59:14 [INFO] [task_scheduler.cc:199] Sending 32 sample(s) to builder
2026-04-07 12:59:26 [INFO] [task_scheduler.cc:201] Sending 32 sample(s) to runner
2026-04-07 12:59:35 [DEBUG] XGB validation: p-rmse: 0.129777	a-peak@32: 0.985275
2026-04-07 12:59:35 [INFO] [task_scheduler.cc:243] [Updated] Task #0: "main"
2026-04-07 12:59:35 [INFO] [task_scheduler.cc:326] 
 ID | Name |      FLOP | Weight | Speed (GFLOPS) | Latency (us) | Weighted Latency (us) | Trials | Done 
--------------------------------------------------------------------------------------------------------
  0 | main | 452984832 |      1 |       134.4205 |    3369.9083 |             3369.9083 |    224 |      
--------------------------------------------------------------------------------------------------------
Total trials: 224
Total latency (us): 3369.91

2026-04-07 12:59:35 [INFO] [task_scheduler.cc:186] TaskScheduler picks Task #0: "main"
2026-04-07 12:59:40 [INFO] [task_scheduler.cc:199] Sending 32 sample(s) to builder
2026-04-07 12:59:49 [INFO] [task_scheduler.cc:201] Sending 32 sample(s) to runner
2026-04-07 12:59:57 [DEBUG] XGB validation: p-rmse: 0.174480	a-peak@32: 0.998375
2026-04-07 12:59:57 [DEBUG] XGB iter   0: tr-p-rmse: 0.338101	tr-a-peak@32: 0.978643	tr-rmse: 0.271167	tr-rmse: 0.271167
2026-04-07 12:59:57 [DEBUG] XGB iter  25: tr-p-rmse: 0.053812	tr-a-peak@32: 0.995577	tr-rmse: 0.334768	tr-rmse: 0.334768
2026-04-07 12:59:57 [DEBUG] XGB iter  50: tr-p-rmse: 0.053805	tr-a-peak@32: 0.995577	tr-rmse: 0.334781	tr-rmse: 0.334781
2026-04-07 12:59:57 [DEBUG] XGB iter  75: tr-p-rmse: 0.053805	tr-a-peak@32: 0.995577	tr-rmse: 0.334781	tr-rmse: 0.334781
2026-04-07 12:59:57 [DEBUG] XGB stopped. Best iteration: [32] tr-p-rmse:0.05380	tr-a-peak@32:0.99558	tr-rmse:0.33478	tr-rmse:0.33478 
2026-04-07 12:59:57 [INFO] [task_scheduler.cc:243] [Updated] Task #0: "main"
2026-04-07 12:59:57 [INFO] [task_scheduler.cc:326] 
 ID | Name |      FLOP | Weight | Speed (GFLOPS) | Latency (us) | Weighted Latency (us) | Trials | Done 
--------------------------------------------------------------------------------------------------------
  0 | main | 452984832 |      1 |       134.4205 |    3369.9083 |             3369.9083 |    256 |      
--------------------------------------------------------------------------------------------------------
Total trials: 256
Total latency (us): 3369.91

2026-04-07 12:59:57 [INFO] [task_scheduler.cc:186] TaskScheduler picks Task #0: "main"
2026-04-07 13:00:03 [INFO] [task_scheduler.cc:199] Sending 32 sample(s) to builder
2026-04-07 13:00:11 [INFO] [task_scheduler.cc:201] Sending 32 sample(s) to runner
2026-04-07 13:00:21 [DEBUG] XGB validation: p-rmse: 0.112490	a-peak@32: 1.000000
2026-04-07 13:00:21 [INFO] [task_scheduler.cc:243] [Updated] Task #0: "main"
2026-04-07 13:00:21 [INFO] [task_scheduler.cc:326] 
 ID | Name |      FLOP | Weight | Speed (GFLOPS) | Latency (us) | Weighted Latency (us) | Trials | Done 
--------------------------------------------------------------------------------------------------------
  0 | main | 452984832 |      1 |       134.4205 |    3369.9083 |             3369.9083 |    288 |      
--------------------------------------------------------------------------------------------------------
Total trials: 288
Total latency (us): 3369.91

2026-04-07 13:00:21 [INFO] [task_scheduler.cc:186] TaskScheduler picks Task #0: "main"
2026-04-07 13:00:27 [INFO] [task_scheduler.cc:199] Sending 19 sample(s) to builder
2026-04-07 13:00:36 [INFO] [task_scheduler.cc:201] Sending 19 sample(s) to runner
2026-04-07 13:00:42 [DEBUG] XGB validation: p-rmse: 0.098286	a-peak@32: 0.970970
2026-04-07 13:00:42 [INFO] [task_scheduler.cc:243] [Updated] Task #0: "main"
2026-04-07 13:00:42 [INFO] [task_scheduler.cc:326] 
 ID | Name |      FLOP | Weight | Speed (GFLOPS) | Latency (us) | Weighted Latency (us) | Trials | Done 
--------------------------------------------------------------------------------------------------------
  0 | main | 452984832 |      1 |       134.4205 |    3369.9083 |             3369.9083 |    307 |      
--------------------------------------------------------------------------------------------------------
Total trials: 307
Total latency (us): 3369.91

2026-04-07 13:00:42 [INFO] [task_scheduler.cc:266] Task #0 has finished. Remaining task(s): 0
2026-04-07 13:00:42 [INFO] [task_scheduler.cc:326] 
 ID | Name |      FLOP | Weight | Speed (GFLOPS) | Latency (us) | Weighted Latency (us) | Trials | Done 
--------------------------------------------------------------------------------------------------------
  0 | main | 452984832 |      1 |       134.4205 |    3369.9083 |             3369.9083 |    307 |    Y 
--------------------------------------------------------------------------------------------------------
Total trials: 307
Total latency (us): 3369.91

2026-04-07 13:00:43 [INFO] LocalBuilder: max_workers = 12
2026-04-07 13:00:44 [INFO] LocalRunner: max_workers = 1
