2026-04-07 19:39:13 [INFO] [task_scheduler.cc:166] Initializing Task #0: "main"
2026-04-07 19:39:13 [INFO] [task_scheduler.cc:41] 
# from tvm.script import ir as I
# from tvm.script import tir as T

@I.ir_module
class Module:
    @T.prim_func
    def main(A: T.Buffer((16, 768), "float32"), B: T.Buffer((768, 768), "float32"), C: T.Buffer((16, 768), "float32")):
        T.func_attr({"tir.noalias": True})
        # with T.block("root"):
        for i, j, k in T.grid(16, 768, 768):
            with T.block("C"):
                vi, vj, vk = T.axis.remap("SSR", [i, j, k])
                T.reads(A[vi, vk], B[vk, vj])
                T.writes(C[vi, vj])
                with T.init():
                    C[vi, vj] = T.float32(0.0)
                C[vi, vj] = C[vi, vj] + A[vi, vk] * B[vk, vj]
2026-04-07 19:39:13 [INFO] [task_scheduler.cc:170] Total 3 design space(s) generated
2026-04-07 19:39:13 [INFO] [task_scheduler.cc:176] Design space #0:
# from tvm.script import ir as I
# from tvm.script import tir as T

@I.ir_module
class Module:
    @T.prim_func
    def main(A: T.Buffer((16, 768), "float32"), B: T.Buffer((768, 768), "float32"), C: T.Buffer((16, 768), "float32")):
        T.func_attr({"tir.noalias": True})
        with T.block("root"):
            T.reads()
            T.writes()
            T.block_attr({"meta_schedule.parallel": 128, "meta_schedule.unroll_explicit": 16, "meta_schedule.vectorize": 64})
            C_global = T.alloc_buffer((16, 768))
            for i_0, j_0, i_1, j_1 in T.grid(4, 12, 1, 2):
                for k_0, i_2, j_2, k_1, i_3, j_3 in T.grid(48, 1, 1, 16, 4, 32):
                    with T.block("C"):
                        vi = T.axis.spatial(16, i_0 * 4 + i_1 * 4 + i_2 * 4 + i_3)
                        vj = T.axis.spatial(768, j_0 * 64 + j_1 * 32 + j_2 * 32 + j_3)
                        vk = T.axis.reduce(768, k_0 * 16 + k_1)
                        T.reads(A[vi, vk], B[vk, vj])
                        T.writes(C_global[vi, vj])
                        T.block_attr({"meta_schedule.tiling_structure": "SSRSRS"})
                        with T.init():
                            C_global[vi, vj] = T.float32(0.0)
                        C_global[vi, vj] = C_global[vi, vj] + A[vi, vk] * B[vk, vj]
                for ax0, ax1 in T.grid(4, 32):
                    with T.block("C_global"):
                        v0 = T.axis.spatial(16, i_0 * 4 + ax0)
                        v1 = T.axis.spatial(768, j_0 * 64 + j_1 * 32 + ax1)
                        T.reads(C_global[v0, v1])
                        T.writes(C[v0, v1])
                        C[v0, v1] = C_global[v0, v1]
b0 = sch.get_block(name="C", func_name="main")
b1 = sch.get_block(name="root", func_name="main")
sch.annotate(block_or_loop=b0, ann_key="meta_schedule.tiling_structure", ann_val="SSRSRS")
l2, l3, l4 = sch.get_loops(block=b0)
v5, v6, v7, v8 = sch.sample_perfect_tile(loop=l2, n=4, max_innermost_factor=64, decision=[4, 1, 1, 4])
l9, l10, l11, l12 = sch.split(loop=l2, factors=[v5, v6, v7, v8], preserve_unit_iters=True, disable_predication=False)
v13, v14, v15, v16 = sch.sample_perfect_tile(loop=l3, n=4, max_innermost_factor=64, decision=[12, 2, 1, 32])
l17, l18, l19, l20 = sch.split(loop=l3, factors=[v13, v14, v15, v16], preserve_unit_iters=True, disable_predication=False)
v21, v22 = sch.sample_perfect_tile(loop=l4, n=2, max_innermost_factor=64, decision=[48, 16])
l23, l24 = sch.split(loop=l4, factors=[v21, v22], preserve_unit_iters=True, disable_predication=False)
sch.reorder(l9, l17, l10, l18, l23, l11, l19, l24, l12, l20)
b25 = sch.cache_write(block=b0, write_buffer_index=0, storage_scope="global")
sch.reverse_compute_at(block=b25, loop=l18, preserve_unit_loops=True, index=-1)
sch.annotate(block_or_loop=b1, ann_key="meta_schedule.parallel", ann_val=128)
sch.annotate(block_or_loop=b1, ann_key="meta_schedule.vectorize", ann_val=64)
v26 = sch.sample_categorical(candidates=[0, 16, 64, 512], probs=[0.25, 0.25, 0.25, 0.25], decision=1)
sch.annotate(block_or_loop=b1, ann_key="meta_schedule.unroll_explicit", ann_val=v26)
2026-04-07 19:39:14 [INFO] [task_scheduler.cc:176] Design space #1:
# from tvm.script import ir as I
# from tvm.script import tir as T

@I.ir_module
class Module:
    @T.prim_func
    def main(A: T.Buffer((16, 768), "float32"), B: T.Buffer((768, 768), "float32"), C: T.Buffer((16, 768), "float32")):
        T.func_attr({"tir.noalias": True})
        with T.block("root"):
            T.reads()
            T.writes()
            T.block_attr({"meta_schedule.parallel": 128, "meta_schedule.unroll_explicit": 16, "meta_schedule.vectorize": 64})
            C_global = T.alloc_buffer((16, 768))
            for i_0, j_0 in T.grid(4, 12):
                for i_1, j_1, k_0, i_2, j_2, k_1, i_3, j_3 in T.grid(1, 2, 48, 1, 1, 16, 4, 32):
                    with T.block("C"):
                        vi = T.axis.spatial(16, i_0 * 4 + i_1 * 4 + i_2 * 4 + i_3)
                        vj = T.axis.spatial(768, j_0 * 64 + j_1 * 32 + j_2 * 32 + j_3)
                        vk = T.axis.reduce(768, k_0 * 16 + k_1)
                        T.reads(A[vi, vk], B[vk, vj])
                        T.writes(C_global[vi, vj])
                        T.block_attr({"meta_schedule.tiling_structure": "SSRSRS"})
                        with T.init():
                            C_global[vi, vj] = T.float32(0.0)
                        C_global[vi, vj] = C_global[vi, vj] + A[vi, vk] * B[vk, vj]
                for ax0, ax1 in T.grid(4, 64):
                    with T.block("C_global"):
                        v0 = T.axis.spatial(16, i_0 * 4 + ax0)
                        v1 = T.axis.spatial(768, j_0 * 64 + ax1)
                        T.reads(C_global[v0, v1])
                        T.writes(C[v0, v1])
                        C[v0, v1] = C_global[v0, v1]
b0 = sch.get_block(name="C", func_name="main")
b1 = sch.get_block(name="root", func_name="main")
sch.annotate(block_or_loop=b0, ann_key="meta_schedule.tiling_structure", ann_val="SSRSRS")
l2, l3, l4 = sch.get_loops(block=b0)
v5, v6, v7, v8 = sch.sample_perfect_tile(loop=l2, n=4, max_innermost_factor=64, decision=[4, 1, 1, 4])
l9, l10, l11, l12 = sch.split(loop=l2, factors=[v5, v6, v7, v8], preserve_unit_iters=True, disable_predication=False)
v13, v14, v15, v16 = sch.sample_perfect_tile(loop=l3, n=4, max_innermost_factor=64, decision=[12, 2, 1, 32])
l17, l18, l19, l20 = sch.split(loop=l3, factors=[v13, v14, v15, v16], preserve_unit_iters=True, disable_predication=False)
v21, v22 = sch.sample_perfect_tile(loop=l4, n=2, max_innermost_factor=64, decision=[48, 16])
l23, l24 = sch.split(loop=l4, factors=[v21, v22], preserve_unit_iters=True, disable_predication=False)
sch.reorder(l9, l17, l10, l18, l23, l11, l19, l24, l12, l20)
b25 = sch.cache_write(block=b0, write_buffer_index=0, storage_scope="global")
sch.reverse_compute_at(block=b25, loop=l17, preserve_unit_loops=True, index=-1)
sch.annotate(block_or_loop=b1, ann_key="meta_schedule.parallel", ann_val=128)
sch.annotate(block_or_loop=b1, ann_key="meta_schedule.vectorize", ann_val=64)
v26 = sch.sample_categorical(candidates=[0, 16, 64, 512], probs=[0.25, 0.25, 0.25, 0.25], decision=1)
sch.annotate(block_or_loop=b1, ann_key="meta_schedule.unroll_explicit", ann_val=v26)
2026-04-07 19:39:14 [INFO] [task_scheduler.cc:176] Design space #2:
# from tvm.script import ir as I
# from tvm.script import tir as T

@I.ir_module
class Module:
    @T.prim_func
    def main(A: T.Buffer((16, 768), "float32"), B: T.Buffer((768, 768), "float32"), C: T.Buffer((16, 768), "float32")):
        T.func_attr({"tir.noalias": True})
        with T.block("root"):
            T.reads()
            T.writes()
            T.block_attr({"meta_schedule.parallel": 128, "meta_schedule.unroll_explicit": 0, "meta_schedule.vectorize": 64})
            for i_0, j_0, i_1, j_1, k_0, i_2, j_2, k_1, i_3, j_3 in T.grid(4, 12, 1, 2, 48, 1, 1, 16, 4, 32):
                with T.block("C"):
                    vi = T.axis.spatial(16, i_0 * 4 + i_1 * 4 + i_2 * 4 + i_3)
                    vj = T.axis.spatial(768, j_0 * 64 + j_1 * 32 + j_2 * 32 + j_3)
                    vk = T.axis.reduce(768, k_0 * 16 + k_1)
                    T.reads(A[vi, vk], B[vk, vj])
                    T.writes(C[vi, vj])
                    T.block_attr({"meta_schedule.tiling_structure": "SSRSRS"})
                    with T.init():
                        C[vi, vj] = T.float32(0.0)
                    C[vi, vj] = C[vi, vj] + A[vi, vk] * B[vk, vj]
b0 = sch.get_block(name="C", func_name="main")
b1 = sch.get_block(name="root", func_name="main")
sch.annotate(block_or_loop=b0, ann_key="meta_schedule.tiling_structure", ann_val="SSRSRS")
l2, l3, l4 = sch.get_loops(block=b0)
v5, v6, v7, v8 = sch.sample_perfect_tile(loop=l2, n=4, max_innermost_factor=64, decision=[4, 1, 1, 4])
l9, l10, l11, l12 = sch.split(loop=l2, factors=[v5, v6, v7, v8], preserve_unit_iters=True, disable_predication=False)
v13, v14, v15, v16 = sch.sample_perfect_tile(loop=l3, n=4, max_innermost_factor=64, decision=[12, 2, 1, 32])
l17, l18, l19, l20 = sch.split(loop=l3, factors=[v13, v14, v15, v16], preserve_unit_iters=True, disable_predication=False)
v21, v22 = sch.sample_perfect_tile(loop=l4, n=2, max_innermost_factor=64, decision=[48, 16])
l23, l24 = sch.split(loop=l4, factors=[v21, v22], preserve_unit_iters=True, disable_predication=False)
sch.reorder(l9, l17, l10, l18, l23, l11, l19, l24, l12, l20)
sch.annotate(block_or_loop=b1, ann_key="meta_schedule.parallel", ann_val=128)
sch.annotate(block_or_loop=b1, ann_key="meta_schedule.vectorize", ann_val=64)
v25 = sch.sample_categorical(candidates=[0, 16, 64, 512], probs=[0.25, 0.25, 0.25, 0.25], decision=0)
sch.annotate(block_or_loop=b1, ann_key="meta_schedule.unroll_explicit", ann_val=v25)
2026-04-07 19:39:14 [INFO] [evolutionary_search.cc:711] Generating candidates......
2026-04-07 19:39:14 [INFO] [evolutionary_search.cc:713] Picked top 0 candidate(s) from database
2026-04-07 19:39:14 [INFO] [evolutionary_search.cc:530] Sample-Init-Population summary:
Postproc #0 [meta_schedule.DisallowDynamicLoop(0x5bdf4bff0668)]: 0 failure(s)
Postproc #1 [meta_schedule.RewriteParallelVectorizeUnroll(0x5bdf4c4a59a8)]: 0 failure(s)
Postproc #2 [meta_schedule.RewriteReductionBlock(0x5bdf4c7d1138)]: 0 failure(s)
Postproc #3 [meta_schedule.RewriteLayout(0x5bdf4bff2be8)]: 0 failure(s)
2026-04-07 19:39:14 [INFO] [evolutionary_search.cc:721] Sampled 307 candidate(s)
2026-04-07 19:39:14 [INFO] [evolutionary_search.cc:619] Evolve iter #0 done. Summary:
Postproc #0 [meta_schedule.DisallowDynamicLoop(0x5bdf4bff0668)]: 0 failure(s)
Postproc #1 [meta_schedule.RewriteParallelVectorizeUnroll(0x5bdf4c4a59a8)]: 0 failure(s)
Postproc #2 [meta_schedule.RewriteReductionBlock(0x5bdf4c7d1138)]: 0 failure(s)
Postproc #3 [meta_schedule.RewriteLayout(0x5bdf4bff2be8)]: 0 failure(s)
2026-04-07 19:39:14 [INFO] [evolutionary_search.cc:619] Evolve iter #1 done. Summary:
Postproc #0 [meta_schedule.DisallowDynamicLoop(0x5bdf4bff0668)]: 0 failure(s)
Postproc #1 [meta_schedule.RewriteParallelVectorizeUnroll(0x5bdf4c4a59a8)]: 0 failure(s)
Postproc #2 [meta_schedule.RewriteReductionBlock(0x5bdf4c7d1138)]: 0 failure(s)
Postproc #3 [meta_schedule.RewriteLayout(0x5bdf4bff2be8)]: 0 failure(s)
2026-04-07 19:39:14 [INFO] [evolutionary_search.cc:619] Evolve iter #2 done. Summary:
Postproc #0 [meta_schedule.DisallowDynamicLoop(0x5bdf4bff0668)]: 0 failure(s)
Postproc #1 [meta_schedule.RewriteParallelVectorizeUnroll(0x5bdf4c4a59a8)]: 0 failure(s)
Postproc #2 [meta_schedule.RewriteReductionBlock(0x5bdf4c7d1138)]: 0 failure(s)
Postproc #3 [meta_schedule.RewriteLayout(0x5bdf4bff2be8)]: 0 failure(s)
2026-04-07 19:39:14 [INFO] [evolutionary_search.cc:647] Scores of the best 64 candidates:
[1 : 16]:	0.9994  0.9969  0.9959  0.9934  0.9930  0.9928  0.9919  0.9908  0.9902  0.9900  0.9889  0.9888  0.9871  0.9867  0.9866  0.9865
[17 : 32]:	0.9856  0.9848  0.9845  0.9843  0.9835  0.9831  0.9826  0.9817  0.9816  0.9815  0.9811  0.9810  0.9798  0.9796  0.9791  0.9776
[33 : 48]:	0.9770  0.9768  0.9757  0.9752  0.9742  0.9734  0.9730  0.9728  0.9727  0.9727  0.9727  0.9719  0.9686  0.9670  0.9623  0.9622
[49 : 64]:	0.9613  0.9599  0.9590  0.9589  0.9578  0.9570  0.9544  0.9542  0.9535  0.9530  0.9526  0.9521  0.9504  0.9504  0.9498  0.9481
2026-04-07 19:39:14 [INFO] [evolutionary_search.cc:725] Got 64 candidate(s) with evolutionary search
2026-04-07 19:39:14 [INFO] [evolutionary_search.cc:728] Sending 63 candidates(s) for measurement
2026-04-07 19:39:34 [INFO] [task_scheduler.cc:137] [Task #0: main] Trial #1: GFLOPs: 93.0143. Time: 202.9190 us. Best GFLOPs: 93.0143
2026-04-07 19:39:34 [INFO] [task_scheduler.cc:137] [Task #0: main] Trial #2: GFLOPs: 80.7766. Time: 233.6615 us. Best GFLOPs: 93.0143
2026-04-07 19:39:34 [INFO] [task_scheduler.cc:137] [Task #0: main] Trial #3: GFLOPs: 29.6111. Time: 637.4091 us. Best GFLOPs: 93.0143
2026-04-07 19:39:34 [INFO] [task_scheduler.cc:137] [Task #0: main] Trial #4: GFLOPs: 66.1866. Time: 285.1689 us. Best GFLOPs: 93.0143
2026-04-07 19:39:34 [INFO] [task_scheduler.cc:137] [Task #0: main] Trial #5: GFLOPs: 77.8953. Time: 242.3044 us. Best GFLOPs: 93.0143
2026-04-07 19:39:34 [INFO] [task_scheduler.cc:137] [Task #0: main] Trial #6: GFLOPs: 16.3668. Time: 1153.2088 us. Best GFLOPs: 93.0143
2026-04-07 19:39:34 [INFO] [task_scheduler.cc:137] [Task #0: main] Trial #7: GFLOPs: 48.1266. Time: 392.1813 us. Best GFLOPs: 93.0143
2026-04-07 19:39:34 [INFO] [task_scheduler.cc:137] [Task #0: main] Trial #8: GFLOPs: 49.4143. Time: 381.9614 us. Best GFLOPs: 93.0143
2026-04-07 19:39:34 [INFO] [task_scheduler.cc:137] [Task #0: main] Trial #9: GFLOPs: 60.0982. Time: 314.0585 us. Best GFLOPs: 93.0143
2026-04-07 19:39:34 [INFO] [task_scheduler.cc:137] [Task #0: main] Trial #10: GFLOPs: 87.2013. Time: 216.4461 us. Best GFLOPs: 93.0143
2026-04-07 19:39:34 [INFO] [task_scheduler.cc:137] [Task #0: main] Trial #11: GFLOPs: 40.7493. Time: 463.1821 us. Best GFLOPs: 93.0143
2026-04-07 19:39:34 [INFO] [task_scheduler.cc:137] [Task #0: main] Trial #12: GFLOPs: 21.7581. Time: 867.4625 us. Best GFLOPs: 93.0143
2026-04-07 19:39:34 [INFO] [task_scheduler.cc:137] [Task #0: main] Trial #13: GFLOPs: 18.2908. Time: 1031.9025 us. Best GFLOPs: 93.0143
2026-04-07 19:39:34 [INFO] [task_scheduler.cc:137] [Task #0: main] Trial #14: GFLOPs: 78.8324. Time: 239.4239 us. Best GFLOPs: 93.0143
2026-04-07 19:39:34 [INFO] [task_scheduler.cc:137] [Task #0: main] Trial #15: GFLOPs: 43.8295. Time: 430.6314 us. Best GFLOPs: 93.0143
2026-04-07 19:39:34 [INFO] [task_scheduler.cc:137] [Task #0: main] Trial #16: GFLOPs: 31.3187. Time: 602.6549 us. Best GFLOPs: 93.0143
2026-04-07 19:39:34 [INFO] [task_scheduler.cc:137] [Task #0: main] Trial #17: GFLOPs: 51.6455. Time: 365.4601 us. Best GFLOPs: 93.0143
2026-04-07 19:39:34 [INFO] [task_scheduler.cc:137] [Task #0: main] Trial #18: GFLOPs: 64.9832. Time: 290.4498 us. Best GFLOPs: 93.0143
2026-04-07 19:39:34 [INFO] [task_scheduler.cc:137] [Task #0: main] Trial #19: GFLOPs: 14.5029. Time: 1301.4232 us. Best GFLOPs: 93.0143
2026-04-07 19:39:34 [INFO] [task_scheduler.cc:137] [Task #0: main] Trial #20: GFLOPs: 72.0409. Time: 261.9953 us. Best GFLOPs: 93.0143
2026-04-07 19:39:34 [INFO] [task_scheduler.cc:137] [Task #0: main] Trial #21: GFLOPs: 18.4687. Time: 1021.9666 us. Best GFLOPs: 93.0143
2026-04-07 19:39:34 [INFO] [task_scheduler.cc:137] [Task #0: main] Trial #22: GFLOPs: 49.5156. Time: 381.1802 us. Best GFLOPs: 93.0143
2026-04-07 19:39:34 [INFO] [task_scheduler.cc:137] [Task #0: main] Trial #23: GFLOPs: 19.0191. Time: 992.3913 us. Best GFLOPs: 93.0143
2026-04-07 19:39:34 [INFO] [task_scheduler.cc:137] [Task #0: main] Trial #24: GFLOPs: 89.9276. Time: 209.8840 us. Best GFLOPs: 93.0143
2026-04-07 19:39:34 [INFO] [task_scheduler.cc:137] [Task #0: main] Trial #25: GFLOPs: 25.2076. Time: 748.7559 us. Best GFLOPs: 93.0143
2026-04-07 19:39:34 [INFO] [task_scheduler.cc:137] [Task #0: main] Trial #26: GFLOPs: 13.7944. Time: 1368.2626 us. Best GFLOPs: 93.0143
2026-04-07 19:39:34 [INFO] [task_scheduler.cc:137] [Task #0: main] Trial #27: GFLOPs: 59.0152. Time: 319.8224 us. Best GFLOPs: 93.0143
2026-04-07 19:39:34 [INFO] [task_scheduler.cc:137] [Task #0: main] Trial #28: GFLOPs: 79.6018. Time: 237.1098 us. Best GFLOPs: 93.0143
2026-04-07 19:39:34 [INFO] [task_scheduler.cc:137] [Task #0: main] Trial #29: GFLOPs: 28.3954. Time: 664.6971 us. Best GFLOPs: 93.0143
2026-04-07 19:39:34 [INFO] [task_scheduler.cc:137] [Task #0: main] Trial #30: GFLOPs: 68.1966. Time: 276.7642 us. Best GFLOPs: 93.0143
2026-04-07 19:39:34 [INFO] [task_scheduler.cc:137] [Task #0: main] Trial #31: GFLOPs: 13.0329. Time: 1448.2140 us. Best GFLOPs: 93.0143
2026-04-07 19:39:34 [INFO] [task_scheduler.cc:137] [Task #0: main] Trial #32: GFLOPs: 28.0809. Time: 672.1434 us. Best GFLOPs: 93.0143
2026-04-07 19:39:34 [INFO] [task_scheduler.cc:137] [Task #0: main] Trial #33: GFLOPs: 16.6373. Time: 1134.4615 us. Best GFLOPs: 93.0143
2026-04-07 19:39:34 [INFO] [task_scheduler.cc:137] [Task #0: main] Trial #34: GFLOPs: 84.9428. Time: 222.2008 us. Best GFLOPs: 93.0143
2026-04-07 19:39:34 [INFO] [task_scheduler.cc:137] [Task #0: main] Trial #35: GFLOPs: 14.6277. Time: 1290.3167 us. Best GFLOPs: 93.0143
2026-04-07 19:39:34 [INFO] [task_scheduler.cc:137] [Task #0: main] Trial #36: GFLOPs: 34.0482. Time: 554.3426 us. Best GFLOPs: 93.0143
2026-04-07 19:39:34 [INFO] [task_scheduler.cc:137] [Task #0: main] Trial #37: GFLOPs: 74.3203. Time: 253.9598 us. Best GFLOPs: 93.0143
2026-04-07 19:39:34 [INFO] [task_scheduler.cc:137] [Task #0: main] Trial #38: GFLOPs: 12.2729. Time: 1537.8907 us. Best GFLOPs: 93.0143
2026-04-07 19:39:34 [INFO] [task_scheduler.cc:137] [Task #0: main] Trial #39: GFLOPs: 46.5886. Time: 405.1280 us. Best GFLOPs: 93.0143
2026-04-07 19:39:34 [INFO] [task_scheduler.cc:137] [Task #0: main] Trial #40: GFLOPs: 14.2556. Time: 1323.9967 us. Best GFLOPs: 93.0143
2026-04-07 19:39:34 [INFO] [task_scheduler.cc:137] [Task #0: main] Trial #41: GFLOPs: 22.1922. Time: 850.4960 us. Best GFLOPs: 93.0143
2026-04-07 19:39:34 [INFO] [task_scheduler.cc:137] [Task #0: main] Trial #42: GFLOPs: 56.1909. Time: 335.8973 us. Best GFLOPs: 93.0143
2026-04-07 19:39:34 [INFO] [task_scheduler.cc:137] [Task #0: main] Trial #43: GFLOPs: 20.9669. Time: 900.1971 us. Best GFLOPs: 93.0143
2026-04-07 19:39:34 [INFO] [task_scheduler.cc:137] [Task #0: main] Trial #44: GFLOPs: 55.1557. Time: 342.2017 us. Best GFLOPs: 93.0143
2026-04-07 19:39:34 [INFO] [task_scheduler.cc:137] [Task #0: main] Trial #45: GFLOPs: 71.3541. Time: 264.5168 us. Best GFLOPs: 93.0143
2026-04-07 19:39:34 [INFO] [task_scheduler.cc:137] [Task #0: main] Trial #46: GFLOPs: 93.3207. Time: 202.2527 us. Best GFLOPs: 93.3207
2026-04-07 19:39:34 [INFO] [task_scheduler.cc:137] [Task #0: main] Trial #47: GFLOPs: 63.2864. Time: 298.2374 us. Best GFLOPs: 93.3207
2026-04-07 19:39:34 [INFO] [task_scheduler.cc:137] [Task #0: main] Trial #48: GFLOPs: 68.7778. Time: 274.4251 us. Best GFLOPs: 93.3207
2026-04-07 19:39:34 [INFO] [task_scheduler.cc:137] [Task #0: main] Trial #49: GFLOPs: 104.8226. Time: 180.0601 us. Best GFLOPs: 104.8226
2026-04-07 19:39:34 [INFO] [task_scheduler.cc:137] [Task #0: main] Trial #50: GFLOPs: 33.6574. Time: 560.7798 us. Best GFLOPs: 104.8226
2026-04-07 19:39:34 [INFO] [task_scheduler.cc:137] [Task #0: main] Trial #51: GFLOPs: 61.2465. Time: 308.1708 us. Best GFLOPs: 104.8226
2026-04-07 19:39:34 [INFO] [task_scheduler.cc:137] [Task #0: main] Trial #52: GFLOPs: 82.7100. Time: 228.1994 us. Best GFLOPs: 104.8226
2026-04-07 19:39:34 [INFO] [task_scheduler.cc:137] [Task #0: main] Trial #53: GFLOPs: 23.3001. Time: 810.0549 us. Best GFLOPs: 104.8226
2026-04-07 19:39:34 [INFO] [task_scheduler.cc:137] [Task #0: main] Trial #54: GFLOPs: 24.8283. Time: 760.1969 us. Best GFLOPs: 104.8226
2026-04-07 19:39:34 [INFO] [task_scheduler.cc:137] [Task #0: main] Trial #55: GFLOPs: 49.4129. Time: 381.9727 us. Best GFLOPs: 104.8226
2026-04-07 19:39:34 [INFO] [task_scheduler.cc:137] [Task #0: main] Trial #56: GFLOPs: 34.4389. Time: 548.0537 us. Best GFLOPs: 104.8226
2026-04-07 19:39:34 [INFO] [task_scheduler.cc:137] [Task #0: main] Trial #57: GFLOPs: 25.2089. Time: 748.7194 us. Best GFLOPs: 104.8226
2026-04-07 19:39:34 [INFO] [task_scheduler.cc:137] [Task #0: main] Trial #58: GFLOPs: 7.9772. Time: 2366.0279 us. Best GFLOPs: 104.8226
2026-04-07 19:39:34 [INFO] [task_scheduler.cc:137] [Task #0: main] Trial #59: GFLOPs: 83.9941. Time: 224.7105 us. Best GFLOPs: 104.8226
2026-04-07 19:39:34 [INFO] [task_scheduler.cc:137] [Task #0: main] Trial #60: GFLOPs: 64.5790. Time: 292.2678 us. Best GFLOPs: 104.8226
2026-04-07 19:39:34 [INFO] [task_scheduler.cc:137] [Task #0: main] Trial #61: GFLOPs: 53.0509. Time: 355.7788 us. Best GFLOPs: 104.8226
2026-04-07 19:39:34 [INFO] [task_scheduler.cc:137] [Task #0: main] Trial #62: GFLOPs: 19.2007. Time: 983.0035 us. Best GFLOPs: 104.8226
2026-04-07 19:39:34 [INFO] [task_scheduler.cc:137] [Task #0: main] Trial #63: GFLOPs: 78.2514. Time: 241.2017 us. Best GFLOPs: 104.8226
2026-04-07 19:39:34 [INFO] [evolutionary_search.cc:711] Generating candidates......
2026-04-07 19:39:35 [INFO] [evolutionary_search.cc:713] Picked top 63 candidate(s) from database
2026-04-07 19:39:35 [INFO] [evolutionary_search.cc:530] Sample-Init-Population summary:
Postproc #0 [meta_schedule.DisallowDynamicLoop(0x5bdf4bff0668)]: 0 failure(s)
Postproc #1 [meta_schedule.RewriteParallelVectorizeUnroll(0x5bdf4c4a59a8)]: 0 failure(s)
Postproc #2 [meta_schedule.RewriteReductionBlock(0x5bdf4c7d1138)]: 0 failure(s)
Postproc #3 [meta_schedule.RewriteLayout(0x5bdf4bff2be8)]: 0 failure(s)
2026-04-07 19:39:35 [INFO] [evolutionary_search.cc:721] Sampled 244 candidate(s)
2026-04-07 19:39:35 [INFO] [evolutionary_search.cc:619] Evolve iter #0 done. Summary:
Postproc #0 [meta_schedule.DisallowDynamicLoop(0x5bdf4bff0668)]: 0 failure(s)
Postproc #1 [meta_schedule.RewriteParallelVectorizeUnroll(0x5bdf4c4a59a8)]: 0 failure(s)
Postproc #2 [meta_schedule.RewriteReductionBlock(0x5bdf4c7d1138)]: 0 failure(s)
Postproc #3 [meta_schedule.RewriteLayout(0x5bdf4bff2be8)]: 0 failure(s)
2026-04-07 19:39:35 [INFO] [evolutionary_search.cc:619] Evolve iter #1 done. Summary:
Postproc #0 [meta_schedule.DisallowDynamicLoop(0x5bdf4bff0668)]: 0 failure(s)
Postproc #1 [meta_schedule.RewriteParallelVectorizeUnroll(0x5bdf4c4a59a8)]: 0 failure(s)
Postproc #2 [meta_schedule.RewriteReductionBlock(0x5bdf4c7d1138)]: 0 failure(s)
Postproc #3 [meta_schedule.RewriteLayout(0x5bdf4bff2be8)]: 0 failure(s)
2026-04-07 19:39:35 [INFO] [evolutionary_search.cc:619] Evolve iter #2 done. Summary:
Postproc #0 [meta_schedule.DisallowDynamicLoop(0x5bdf4bff0668)]: 0 failure(s)
Postproc #1 [meta_schedule.RewriteParallelVectorizeUnroll(0x5bdf4c4a59a8)]: 0 failure(s)
Postproc #2 [meta_schedule.RewriteReductionBlock(0x5bdf4c7d1138)]: 0 failure(s)
Postproc #3 [meta_schedule.RewriteLayout(0x5bdf4bff2be8)]: 0 failure(s)
2026-04-07 19:39:35 [INFO] [evolutionary_search.cc:647] Scores of the best 14 candidates:
[1 : 14]:	0.9992  0.9983  0.9982  0.9971  0.9965  0.9950  0.9940  0.9917  0.9897  0.9893  0.9885  0.9852  0.9851  0.9838
2026-04-07 19:39:35 [INFO] [evolutionary_search.cc:725] Got 14 candidate(s) with evolutionary search
2026-04-07 19:39:35 [INFO] [evolutionary_search.cc:728] Sending 14 candidates(s) for measurement
2026-04-07 19:39:43 [INFO] [task_scheduler.cc:137] [Task #0: main] Trial #64: GFLOPs: 20.2574. Time: 931.7268 us. Best GFLOPs: 104.8226
2026-04-07 19:39:43 [INFO] [task_scheduler.cc:137] [Task #0: main] Trial #65: GFLOPs: 70.9958. Time: 265.8517 us. Best GFLOPs: 104.8226
2026-04-07 19:39:43 [INFO] [task_scheduler.cc:137] [Task #0: main] Trial #66: GFLOPs: 72.9596. Time: 258.6962 us. Best GFLOPs: 104.8226
2026-04-07 19:39:43 [INFO] [task_scheduler.cc:137] [Task #0: main] Trial #67: GFLOPs: 37.0872. Time: 508.9180 us. Best GFLOPs: 104.8226
2026-04-07 19:39:43 [INFO] [task_scheduler.cc:137] [Task #0: main] Trial #68: GFLOPs: 42.5503. Time: 443.5773 us. Best GFLOPs: 104.8226
2026-04-07 19:39:43 [INFO] [task_scheduler.cc:137] [Task #0: main] Trial #69: GFLOPs: 34.2972. Time: 550.3176 us. Best GFLOPs: 104.8226
2026-04-07 19:39:43 [INFO] [task_scheduler.cc:137] [Task #0: main] Trial #70: GFLOPs: 11.7028. Time: 1612.8081 us. Best GFLOPs: 104.8226
2026-04-07 19:39:43 [INFO] [task_scheduler.cc:137] [Task #0: main] Trial #71: GFLOPs: 77.9630. Time: 242.0938 us. Best GFLOPs: 104.8226
2026-04-07 19:39:43 [INFO] [task_scheduler.cc:137] [Task #0: main] Trial #72: GFLOPs: 17.9971. Time: 1048.7479 us. Best GFLOPs: 104.8226
2026-04-07 19:39:43 [INFO] [task_scheduler.cc:137] [Task #0: main] Trial #73: GFLOPs: 61.6877. Time: 305.9666 us. Best GFLOPs: 104.8226
2026-04-07 19:39:43 [INFO] [task_scheduler.cc:137] [Task #0: main] Trial #74: GFLOPs: 66.0551. Time: 285.7367 us. Best GFLOPs: 104.8226
2026-04-07 19:39:43 [INFO] [task_scheduler.cc:137] [Task #0: main] Trial #75: GFLOPs: 41.4378. Time: 455.4868 us. Best GFLOPs: 104.8226
2026-04-07 19:39:43 [INFO] [task_scheduler.cc:137] [Task #0: main] Trial #76: GFLOPs: 62.8675. Time: 300.2244 us. Best GFLOPs: 104.8226
2026-04-07 19:39:43 [INFO] [task_scheduler.cc:137] [Task #0: main] Trial #77: GFLOPs: 19.4846. Time: 968.6790 us. Best GFLOPs: 104.8226
