2026-04-07 15:21:20 [INFO] Logging directory: research/results/metaschedule/8020/iter_01/97ba7abd357335fa/qkv/M_384/logs
2026-04-07 15:21:20 [INFO] [task_scheduler.cc:165] Initializing Task #0: "main"
2026-04-07 15:21:20 [INFO] [task_scheduler.cc:326] 
 ID | Name |      FLOP | Weight | Speed (GFLOPS) | Latency (us) | Weighted Latency (us) | Trials | Done 
--------------------------------------------------------------------------------------------------------
  0 | main | 452984832 |      1 |            N/A |          N/A |                   N/A |      0 |      
--------------------------------------------------------------------------------------------------------
Total trials: 0
Total latency (us): 0

2026-04-07 15:21:20 [INFO] [task_scheduler.cc:186] TaskScheduler picks Task #0: "main"
2026-04-07 15:21:21 [INFO] [task_scheduler.cc:199] Sending 62 sample(s) to builder
2026-04-07 15:21:31 [INFO] [task_scheduler.cc:201] Sending 62 sample(s) to runner
2026-04-07 15:21:46 [DEBUG] XGB iter   0: tr-p-rmse: 0.430448	tr-a-peak@32: 1.000000	tr-rmse: 0.251119	tr-rmse: 0.251119
2026-04-07 15:21:46 [DEBUG] XGB iter  25: tr-p-rmse: 0.056546	tr-a-peak@32: 1.000000	tr-rmse: 0.280728	tr-rmse: 0.280728
2026-04-07 15:21:46 [DEBUG] XGB iter  50: tr-p-rmse: 0.056532	tr-a-peak@32: 1.000000	tr-rmse: 0.280745	tr-rmse: 0.280745
2026-04-07 15:21:46 [DEBUG] XGB iter  75: tr-p-rmse: 0.056532	tr-a-peak@32: 1.000000	tr-rmse: 0.280745	tr-rmse: 0.280745
2026-04-07 15:21:46 [DEBUG] XGB stopped. Best iteration: [32] tr-p-rmse:0.05653	tr-a-peak@32:1.00000	tr-rmse:0.28074	tr-rmse:0.28074 
2026-04-07 15:21:46 [INFO] [task_scheduler.cc:243] [Updated] Task #0: "main"
2026-04-07 15:21:46 [INFO] [task_scheduler.cc:326] 
 ID | Name |      FLOP | Weight | Speed (GFLOPS) | Latency (us) | Weighted Latency (us) | Trials | Done 
--------------------------------------------------------------------------------------------------------
  0 | main | 452984832 |      1 |       111.7829 |    4052.3630 |             4052.3630 |     62 |      
--------------------------------------------------------------------------------------------------------
Total trials: 62
Total latency (us): 4052.36

2026-04-07 15:21:46 [INFO] [task_scheduler.cc:186] TaskScheduler picks Task #0: "main"
2026-04-07 15:21:47 [INFO] [task_scheduler.cc:199] Sending 64 sample(s) to builder
2026-04-07 15:22:02 [INFO] [task_scheduler.cc:201] Sending 64 sample(s) to runner
2026-04-07 15:22:18 [DEBUG] XGB validation: p-rmse: 0.258489	a-peak@32: 0.923287
2026-04-07 15:22:18 [DEBUG] XGB iter   0: tr-p-rmse: 0.426553	tr-a-peak@32: 0.999907	tr-rmse: 0.275313	tr-rmse: 0.275313
2026-04-07 15:22:18 [DEBUG] XGB iter  25: tr-p-rmse: 0.058100	tr-a-peak@32: 1.000000	tr-rmse: 0.307218	tr-rmse: 0.307218
2026-04-07 15:22:18 [DEBUG] XGB iter  50: tr-p-rmse: 0.058058	tr-a-peak@32: 1.000000	tr-rmse: 0.307273	tr-rmse: 0.307273
2026-04-07 15:22:18 [DEBUG] XGB iter  75: tr-p-rmse: 0.058058	tr-a-peak@32: 1.000000	tr-rmse: 0.307273	tr-rmse: 0.307273
2026-04-07 15:22:19 [DEBUG] XGB stopped. Best iteration: [40] tr-p-rmse:0.05806	tr-a-peak@32:1.00000	tr-rmse:0.30727	tr-rmse:0.30727 
2026-04-07 15:22:19 [INFO] [task_scheduler.cc:243] [Updated] Task #0: "main"
2026-04-07 15:22:19 [INFO] [task_scheduler.cc:326] 
 ID | Name |      FLOP | Weight | Speed (GFLOPS) | Latency (us) | Weighted Latency (us) | Trials | Done 
--------------------------------------------------------------------------------------------------------
  0 | main | 452984832 |      1 |       112.1158 |    4040.3285 |             4040.3285 |    126 |      
--------------------------------------------------------------------------------------------------------
Total trials: 126
Total latency (us): 4040.33

2026-04-07 15:22:19 [INFO] [task_scheduler.cc:186] TaskScheduler picks Task #0: "main"
2026-04-07 15:22:22 [INFO] [task_scheduler.cc:199] Sending 63 sample(s) to builder
2026-04-07 15:22:32 [INFO] [task_scheduler.cc:201] Sending 63 sample(s) to runner
2026-04-07 15:22:48 [DEBUG] XGB validation: p-rmse: 0.261524	a-peak@32: 0.998917
2026-04-07 15:22:48 [DEBUG] XGB iter   0: tr-p-rmse: 0.397328	tr-a-peak@32: 1.000000	tr-rmse: 0.280561	tr-rmse: 0.280561
2026-04-07 15:22:48 [DEBUG] XGB iter  25: tr-p-rmse: 0.056889	tr-a-peak@32: 1.000000	tr-rmse: 0.313960	tr-rmse: 0.313960
2026-04-07 15:22:48 [DEBUG] XGB iter  50: tr-p-rmse: 0.056844	tr-a-peak@32: 1.000000	tr-rmse: 0.314021	tr-rmse: 0.314021
2026-04-07 15:22:48 [DEBUG] XGB iter  75: tr-p-rmse: 0.056844	tr-a-peak@32: 1.000000	tr-rmse: 0.314021	tr-rmse: 0.314021
2026-04-07 15:22:48 [DEBUG] XGB stopped. Best iteration: [40] tr-p-rmse:0.05684	tr-a-peak@32:1.00000	tr-rmse:0.31402	tr-rmse:0.31402 
2026-04-07 15:22:48 [INFO] [task_scheduler.cc:243] [Updated] Task #0: "main"
2026-04-07 15:22:48 [INFO] [task_scheduler.cc:326] 
 ID | Name |      FLOP | Weight | Speed (GFLOPS) | Latency (us) | Weighted Latency (us) | Trials | Done 
--------------------------------------------------------------------------------------------------------
  0 | main | 452984832 |      1 |       120.2003 |    3768.5847 |             3768.5847 |    189 |      
--------------------------------------------------------------------------------------------------------
Total trials: 189
Total latency (us): 3768.58

2026-04-07 15:22:48 [INFO] [task_scheduler.cc:186] TaskScheduler picks Task #0: "main"
2026-04-07 15:22:51 [INFO] [task_scheduler.cc:199] Sending 41 sample(s) to builder
2026-04-07 15:23:03 [INFO] [task_scheduler.cc:201] Sending 41 sample(s) to runner
2026-04-07 15:23:12 [DEBUG] XGB validation: p-rmse: 0.182738	a-peak@32: 0.980089
2026-04-07 15:23:12 [DEBUG] XGB iter   0: tr-p-rmse: 0.367623	tr-a-peak@32: 1.000000	tr-rmse: 0.290895	tr-rmse: 0.290895
2026-04-07 15:23:13 [DEBUG] XGB iter  25: tr-p-rmse: 0.067329	tr-a-peak@32: 1.000000	tr-rmse: 0.333878	tr-rmse: 0.333878
2026-04-07 15:23:13 [DEBUG] XGB iter  50: tr-p-rmse: 0.067308	tr-a-peak@32: 1.000000	tr-rmse: 0.333914	tr-rmse: 0.333914
2026-04-07 15:23:13 [DEBUG] XGB iter  75: tr-p-rmse: 0.067308	tr-a-peak@32: 1.000000	tr-rmse: 0.333914	tr-rmse: 0.333914
2026-04-07 15:23:13 [DEBUG] XGB stopped. Best iteration: [34] tr-p-rmse:0.06731	tr-a-peak@32:1.00000	tr-rmse:0.33391	tr-rmse:0.33391 
2026-04-07 15:23:13 [INFO] [task_scheduler.cc:243] [Updated] Task #0: "main"
2026-04-07 15:23:13 [INFO] [task_scheduler.cc:326] 
 ID | Name |      FLOP | Weight | Speed (GFLOPS) | Latency (us) | Weighted Latency (us) | Trials | Done 
--------------------------------------------------------------------------------------------------------
  0 | main | 452984832 |      1 |       120.2003 |    3768.5847 |             3768.5847 |    230 |      
--------------------------------------------------------------------------------------------------------
Total trials: 230
Total latency (us): 3768.58

2026-04-07 15:23:13 [INFO] [task_scheduler.cc:266] Task #0 has finished. Remaining task(s): 0
2026-04-07 15:23:13 [INFO] [task_scheduler.cc:326] 
 ID | Name |      FLOP | Weight | Speed (GFLOPS) | Latency (us) | Weighted Latency (us) | Trials | Done 
--------------------------------------------------------------------------------------------------------
  0 | main | 452984832 |      1 |       120.2003 |    3768.5847 |             3768.5847 |    230 |    Y 
--------------------------------------------------------------------------------------------------------
Total trials: 230
Total latency (us): 3768.58

2026-04-07 15:23:16 [INFO] LocalBuilder: max_workers = 12
2026-04-07 15:23:17 [INFO] LocalRunner: max_workers = 1
