2026-04-07 18:06:03 [INFO] Logging directory: research/results/metaschedule/8020/iter_01/da6b5e26a937444f/qkv/M_128/logs
2026-04-07 18:06:03 [INFO] [task_scheduler.cc:165] Initializing Task #0: "main"
2026-04-07 18:06:03 [INFO] [task_scheduler.cc:326] 
 ID | Name |      FLOP | Weight | Speed (GFLOPS) | Latency (us) | Weighted Latency (us) | Trials | Done 
--------------------------------------------------------------------------------------------------------
  0 | main | 150994944 |      1 |            N/A |          N/A |                   N/A |      0 |      
--------------------------------------------------------------------------------------------------------
Total trials: 0
Total latency (us): 0

2026-04-07 18:06:03 [INFO] [task_scheduler.cc:186] TaskScheduler picks Task #0: "main"
2026-04-07 18:06:04 [INFO] [task_scheduler.cc:199] Sending 64 sample(s) to builder
2026-04-07 18:06:12 [INFO] [task_scheduler.cc:201] Sending 64 sample(s) to runner
2026-04-07 18:06:28 [DEBUG] XGB iter   0: tr-p-rmse: 0.420191	tr-a-peak@32: 1.000000	tr-rmse: 0.249908	tr-rmse: 0.249908
2026-04-07 18:06:28 [DEBUG] XGB iter  25: tr-p-rmse: 0.047531	tr-a-peak@32: 1.000000	tr-rmse: 0.254438	tr-rmse: 0.254438
2026-04-07 18:06:28 [DEBUG] XGB iter  50: tr-p-rmse: 0.047512	tr-a-peak@32: 1.000000	tr-rmse: 0.254462	tr-rmse: 0.254462
2026-04-07 18:06:28 [DEBUG] XGB iter  75: tr-p-rmse: 0.047512	tr-a-peak@32: 1.000000	tr-rmse: 0.254462	tr-rmse: 0.254462
2026-04-07 18:06:29 [DEBUG] XGB stopped. Best iteration: [38] tr-p-rmse:0.04751	tr-a-peak@32:1.00000	tr-rmse:0.25446	tr-rmse:0.25446 
2026-04-07 18:06:29 [INFO] [task_scheduler.cc:243] [Updated] Task #0: "main"
2026-04-07 18:06:29 [INFO] [task_scheduler.cc:326] 
 ID | Name |      FLOP | Weight | Speed (GFLOPS) | Latency (us) | Weighted Latency (us) | Trials | Done 
--------------------------------------------------------------------------------------------------------
  0 | main | 150994944 |      1 |       109.3361 |    1381.0162 |             1381.0162 |     64 |      
--------------------------------------------------------------------------------------------------------
Total trials: 64
Total latency (us): 1381.02

2026-04-07 18:06:29 [INFO] [task_scheduler.cc:186] TaskScheduler picks Task #0: "main"
2026-04-07 18:06:30 [INFO] [task_scheduler.cc:199] Sending 51 sample(s) to builder
2026-04-07 18:06:38 [INFO] [task_scheduler.cc:201] Sending 51 sample(s) to runner
2026-04-07 18:06:51 [DEBUG] XGB validation: p-rmse: 0.255456	a-peak@32: 0.950362
2026-04-07 18:06:51 [DEBUG] XGB iter   0: tr-p-rmse: 0.418616	tr-a-peak@32: 0.995232	tr-rmse: 0.242915	tr-rmse: 0.242915
2026-04-07 18:06:51 [DEBUG] XGB iter  25: tr-p-rmse: 0.057387	tr-a-peak@32: 0.999851	tr-rmse: 0.251766	tr-rmse: 0.251766
2026-04-07 18:06:51 [DEBUG] XGB iter  50: tr-p-rmse: 0.057362	tr-a-peak@32: 0.999851	tr-rmse: 0.251797	tr-rmse: 0.251797
2026-04-07 18:06:51 [DEBUG] XGB iter  75: tr-p-rmse: 0.057362	tr-a-peak@32: 0.999851	tr-rmse: 0.251797	tr-rmse: 0.251797
2026-04-07 18:06:51 [DEBUG] XGB stopped. Best iteration: [35] tr-p-rmse:0.05736	tr-a-peak@32:0.99985	tr-rmse:0.25180	tr-rmse:0.25180 
2026-04-07 18:06:51 [INFO] [task_scheduler.cc:243] [Updated] Task #0: "main"
2026-04-07 18:06:51 [INFO] [task_scheduler.cc:326] 
 ID | Name |      FLOP | Weight | Speed (GFLOPS) | Latency (us) | Weighted Latency (us) | Trials | Done 
--------------------------------------------------------------------------------------------------------
  0 | main | 150994944 |      1 |       109.8600 |    1374.4311 |             1374.4311 |    115 |      
--------------------------------------------------------------------------------------------------------
Total trials: 115
Total latency (us): 1374.43

2026-04-07 18:06:51 [INFO] [task_scheduler.cc:266] Task #0 has finished. Remaining task(s): 0
2026-04-07 18:06:51 [INFO] [task_scheduler.cc:326] 
 ID | Name |      FLOP | Weight | Speed (GFLOPS) | Latency (us) | Weighted Latency (us) | Trials | Done 
--------------------------------------------------------------------------------------------------------
  0 | main | 150994944 |      1 |       109.8600 |    1374.4311 |             1374.4311 |    115 |    Y 
--------------------------------------------------------------------------------------------------------
Total trials: 115
Total latency (us): 1374.43

2026-04-07 18:06:51 [INFO] LocalBuilder: max_workers = 12
2026-04-07 18:06:52 [INFO] LocalRunner: max_workers = 1
