2026-04-07 16:41:24 [INFO] Logging directory: research/results/metaschedule/8020/iter_01/13c0a530712caaa2/mlp_reduce/M_384/logs
2026-04-07 16:41:24 [INFO] [task_scheduler.cc:165] Initializing Task #0: "main"
2026-04-07 16:41:24 [INFO] [task_scheduler.cc:326] 
 ID | Name |       FLOP | Weight | Speed (GFLOPS) | Latency (us) | Weighted Latency (us) | Trials | Done 
---------------------------------------------------------------------------------------------------------
  0 | main | 1811939328 |      1 |            N/A |          N/A |                   N/A |      0 |      
---------------------------------------------------------------------------------------------------------
Total trials: 0
Total latency (us): 0

2026-04-07 16:41:24 [INFO] [task_scheduler.cc:186] TaskScheduler picks Task #0: "main"
2026-04-07 16:41:26 [INFO] [task_scheduler.cc:199] Sending 63 sample(s) to builder
2026-04-07 16:41:38 [INFO] [task_scheduler.cc:201] Sending 63 sample(s) to runner
2026-04-07 16:42:13 [DEBUG] XGB iter   0: tr-p-rmse: 0.450629	tr-a-peak@32: 1.000000	tr-rmse: 0.234103	tr-rmse: 0.234103
2026-04-07 16:42:13 [DEBUG] XGB iter  25: tr-p-rmse: 0.057546	tr-a-peak@32: 1.000000	tr-rmse: 0.234387	tr-rmse: 0.234387
2026-04-07 16:42:14 [DEBUG] XGB iter  50: tr-p-rmse: 0.057435	tr-a-peak@32: 1.000000	tr-rmse: 0.234510	tr-rmse: 0.234510
2026-04-07 16:42:14 [DEBUG] XGB iter  75: tr-p-rmse: 0.057435	tr-a-peak@32: 1.000000	tr-rmse: 0.234510	tr-rmse: 0.234510
2026-04-07 16:42:14 [DEBUG] XGB stopped. Best iteration: [38] tr-p-rmse:0.05743	tr-a-peak@32:1.00000	tr-rmse:0.23451	tr-rmse:0.23451 
2026-04-07 16:42:14 [INFO] [task_scheduler.cc:243] [Updated] Task #0: "main"
2026-04-07 16:42:14 [INFO] [task_scheduler.cc:326] 
 ID | Name |       FLOP | Weight | Speed (GFLOPS) | Latency (us) | Weighted Latency (us) | Trials | Done 
---------------------------------------------------------------------------------------------------------
  0 | main | 1811939328 |      1 |       100.3490 |   18056.3683 |            18056.3683 |     63 |      
---------------------------------------------------------------------------------------------------------
Total trials: 63
Total latency (us): 18056.4

2026-04-07 16:42:14 [INFO] [task_scheduler.cc:186] TaskScheduler picks Task #0: "main"
2026-04-07 16:42:15 [INFO] [task_scheduler.cc:199] Sending 64 sample(s) to builder
2026-04-07 16:42:27 [INFO] [task_scheduler.cc:201] Sending 64 sample(s) to runner
2026-04-07 16:43:01 [DEBUG] XGB validation: p-rmse: 0.285948	a-peak@32: 0.782599
2026-04-07 16:43:01 [DEBUG] XGB iter   0: tr-p-rmse: 0.462212	tr-a-peak@32: 0.998206	tr-rmse: 0.247278	tr-rmse: 0.247278
2026-04-07 16:43:01 [DEBUG] XGB iter  25: tr-p-rmse: 0.063912	tr-a-peak@32: 1.000000	tr-rmse: 0.271310	tr-rmse: 0.271310
2026-04-07 16:43:01 [DEBUG] XGB iter  50: tr-p-rmse: 0.063779	tr-a-peak@32: 1.000000	tr-rmse: 0.271462	tr-rmse: 0.271462
2026-04-07 16:43:01 [DEBUG] XGB iter  75: tr-p-rmse: 0.063779	tr-a-peak@32: 1.000000	tr-rmse: 0.271462	tr-rmse: 0.271462
2026-04-07 16:43:01 [DEBUG] XGB stopped. Best iteration: [38] tr-p-rmse:0.06378	tr-a-peak@32:1.00000	tr-rmse:0.27146	tr-rmse:0.27146 
2026-04-07 16:43:01 [INFO] [task_scheduler.cc:243] [Updated] Task #0: "main"
2026-04-07 16:43:01 [INFO] [task_scheduler.cc:326] 
 ID | Name |       FLOP | Weight | Speed (GFLOPS) | Latency (us) | Weighted Latency (us) | Trials | Done 
---------------------------------------------------------------------------------------------------------
  0 | main | 1811939328 |      1 |       108.1015 |   16761.4672 |            16761.4672 |    127 |      
---------------------------------------------------------------------------------------------------------
Total trials: 127
Total latency (us): 16761.5

2026-04-07 16:43:01 [INFO] [task_scheduler.cc:186] TaskScheduler picks Task #0: "main"
2026-04-07 16:43:06 [INFO] [task_scheduler.cc:199] Sending 26 sample(s) to builder
2026-04-07 16:43:14 [INFO] [task_scheduler.cc:201] Sending 26 sample(s) to runner
2026-04-07 16:43:23 [DEBUG] XGB validation: p-rmse: 0.290425	a-peak@32: 0.970017
2026-04-07 16:43:23 [DEBUG] XGB iter   0: tr-p-rmse: 0.439928	tr-a-peak@32: 0.996158	tr-rmse: 0.267797	tr-rmse: 0.267797
2026-04-07 16:43:23 [DEBUG] XGB iter  25: tr-p-rmse: 0.064497	tr-a-peak@32: 1.000000	tr-rmse: 0.302073	tr-rmse: 0.302073
2026-04-07 16:43:23 [DEBUG] XGB iter  50: tr-p-rmse: 0.063966	tr-a-peak@32: 1.000000	tr-rmse: 0.302222	tr-rmse: 0.302222
2026-04-07 16:43:23 [DEBUG] XGB iter  75: tr-p-rmse: 0.063966	tr-a-peak@32: 1.000000	tr-rmse: 0.302222	tr-rmse: 0.302222
2026-04-07 16:43:23 [DEBUG] XGB stopped. Best iteration: [42] tr-p-rmse:0.06397	tr-a-peak@32:1.00000	tr-rmse:0.30222	tr-rmse:0.30222 
2026-04-07 16:43:23 [INFO] [task_scheduler.cc:243] [Updated] Task #0: "main"
2026-04-07 16:43:23 [INFO] [task_scheduler.cc:326] 
 ID | Name |       FLOP | Weight | Speed (GFLOPS) | Latency (us) | Weighted Latency (us) | Trials | Done 
---------------------------------------------------------------------------------------------------------
  0 | main | 1811939328 |      1 |       112.9206 |   16046.1420 |            16046.1420 |    153 |      
---------------------------------------------------------------------------------------------------------
Total trials: 153
Total latency (us): 16046.1

2026-04-07 16:43:23 [INFO] [task_scheduler.cc:266] Task #0 has finished. Remaining task(s): 0
2026-04-07 16:43:23 [INFO] [task_scheduler.cc:326] 
 ID | Name |       FLOP | Weight | Speed (GFLOPS) | Latency (us) | Weighted Latency (us) | Trials | Done 
---------------------------------------------------------------------------------------------------------
  0 | main | 1811939328 |      1 |       112.9206 |   16046.1420 |            16046.1420 |    153 |    Y 
---------------------------------------------------------------------------------------------------------
Total trials: 153
Total latency (us): 16046.1

2026-04-07 16:43:30 [INFO] LocalBuilder: max_workers = 12
2026-04-07 16:43:31 [INFO] LocalRunner: max_workers = 1
