2026-04-07 18:53:51 [INFO] [task_scheduler.cc:166] Initializing Task #0: "main"
2026-04-07 18:53:51 [INFO] [task_scheduler.cc:41] 
# from tvm.script import ir as I
# from tvm.script import tir as T

@I.ir_module
class Module:
    @T.prim_func
    def main(A: T.Buffer((128, 768), "float32"), B: T.Buffer((768, 768), "float32"), C: T.Buffer((128, 768), "float32")):
        T.func_attr({"tir.noalias": True})
        # with T.block("root"):
        for i, j, k in T.grid(128, 768, 768):
            with T.block("C"):
                vi, vj, vk = T.axis.remap("SSR", [i, j, k])
                T.reads(A[vi, vk], B[vk, vj])
                T.writes(C[vi, vj])
                with T.init():
                    C[vi, vj] = T.float32(0.0)
                C[vi, vj] = C[vi, vj] + A[vi, vk] * B[vk, vj]
2026-04-07 18:53:51 [INFO] [task_scheduler.cc:170] Total 3 design space(s) generated
2026-04-07 18:53:51 [INFO] [task_scheduler.cc:176] Design space #0:
# from tvm.script import ir as I
# from tvm.script import tir as T

@I.ir_module
class Module:
    @T.prim_func
    def main(A: T.Buffer((128, 768), "float32"), B: T.Buffer((768, 768), "float32"), C: T.Buffer((128, 768), "float32")):
        T.func_attr({"tir.noalias": True})
        with T.block("root"):
            T.reads()
            T.writes()
            T.block_attr({"meta_schedule.parallel": 128, "meta_schedule.unroll_explicit": 16, "meta_schedule.vectorize": 64})
            C_global = T.alloc_buffer((128, 768))
            for i_0, j_0, i_1, j_1 in T.grid(8, 16, 2, 1):
                for k_0, i_2, j_2, k_1, i_3, j_3 in T.grid(32, 8, 48, 24, 1, 1):
                    with T.block("C"):
                        vi = T.axis.spatial(128, i_0 * 16 + i_1 * 8 + i_2 + i_3)
                        vj = T.axis.spatial(768, j_0 * 48 + j_1 * 48 + j_2 + j_3)
                        vk = T.axis.reduce(768, k_0 * 24 + k_1)
                        T.reads(A[vi, vk], B[vk, vj])
                        T.writes(C_global[vi, vj])
                        T.block_attr({"meta_schedule.tiling_structure": "SSRSRS"})
                        with T.init():
                            C_global[vi, vj] = T.float32(0.0)
                        C_global[vi, vj] = C_global[vi, vj] + A[vi, vk] * B[vk, vj]
                for ax0, ax1 in T.grid(8, 48):
                    with T.block("C_global"):
                        v0 = T.axis.spatial(128, i_0 * 16 + i_1 * 8 + ax0)
                        v1 = T.axis.spatial(768, j_0 * 48 + ax1)
                        T.reads(C_global[v0, v1])
                        T.writes(C[v0, v1])
                        C[v0, v1] = C_global[v0, v1]
b0 = sch.get_block(name="C", func_name="main")
b1 = sch.get_block(name="root", func_name="main")
sch.annotate(block_or_loop=b0, ann_key="meta_schedule.tiling_structure", ann_val="SSRSRS")
l2, l3, l4 = sch.get_loops(block=b0)
v5, v6, v7, v8 = sch.sample_perfect_tile(loop=l2, n=4, max_innermost_factor=64, decision=[8, 2, 8, 1])
l9, l10, l11, l12 = sch.split(loop=l2, factors=[v5, v6, v7, v8], preserve_unit_iters=True, disable_predication=False)
v13, v14, v15, v16 = sch.sample_perfect_tile(loop=l3, n=4, max_innermost_factor=64, decision=[16, 1, 48, 1])
l17, l18, l19, l20 = sch.split(loop=l3, factors=[v13, v14, v15, v16], preserve_unit_iters=True, disable_predication=False)
v21, v22 = sch.sample_perfect_tile(loop=l4, n=2, max_innermost_factor=64, decision=[32, 24])
l23, l24 = sch.split(loop=l4, factors=[v21, v22], preserve_unit_iters=True, disable_predication=False)
sch.reorder(l9, l17, l10, l18, l23, l11, l19, l24, l12, l20)
b25 = sch.cache_write(block=b0, write_buffer_index=0, storage_scope="global")
sch.reverse_compute_at(block=b25, loop=l18, preserve_unit_loops=True, index=-1)
sch.annotate(block_or_loop=b1, ann_key="meta_schedule.parallel", ann_val=128)
sch.annotate(block_or_loop=b1, ann_key="meta_schedule.vectorize", ann_val=64)
v26 = sch.sample_categorical(candidates=[0, 16, 64, 512], probs=[0.25, 0.25, 0.25, 0.25], decision=1)
sch.annotate(block_or_loop=b1, ann_key="meta_schedule.unroll_explicit", ann_val=v26)
2026-04-07 18:53:51 [INFO] [task_scheduler.cc:176] Design space #1:
# from tvm.script import ir as I
# from tvm.script import tir as T

@I.ir_module
class Module:
    @T.prim_func
    def main(A: T.Buffer((128, 768), "float32"), B: T.Buffer((768, 768), "float32"), C: T.Buffer((128, 768), "float32")):
        T.func_attr({"tir.noalias": True})
        with T.block("root"):
            T.reads()
            T.writes()
            T.block_attr({"meta_schedule.parallel": 128, "meta_schedule.unroll_explicit": 64, "meta_schedule.vectorize": 64})
            C_global = T.alloc_buffer((128, 768))
            for i_0, j_0 in T.grid(8, 16):
                for i_1, j_1, k_0, i_2, j_2, k_1, i_3, j_3 in T.grid(2, 1, 32, 8, 48, 24, 1, 1):
                    with T.block("C"):
                        vi = T.axis.spatial(128, i_0 * 16 + i_1 * 8 + i_2 + i_3)
                        vj = T.axis.spatial(768, j_0 * 48 + j_1 * 48 + j_2 + j_3)
                        vk = T.axis.reduce(768, k_0 * 24 + k_1)
                        T.reads(A[vi, vk], B[vk, vj])
                        T.writes(C_global[vi, vj])
                        T.block_attr({"meta_schedule.tiling_structure": "SSRSRS"})
                        with T.init():
                            C_global[vi, vj] = T.float32(0.0)
                        C_global[vi, vj] = C_global[vi, vj] + A[vi, vk] * B[vk, vj]
                for ax0, ax1 in T.grid(16, 48):
                    with T.block("C_global"):
                        v0 = T.axis.spatial(128, i_0 * 16 + ax0)
                        v1 = T.axis.spatial(768, j_0 * 48 + ax1)
                        T.reads(C_global[v0, v1])
                        T.writes(C[v0, v1])
                        C[v0, v1] = C_global[v0, v1]
b0 = sch.get_block(name="C", func_name="main")
b1 = sch.get_block(name="root", func_name="main")
sch.annotate(block_or_loop=b0, ann_key="meta_schedule.tiling_structure", ann_val="SSRSRS")
l2, l3, l4 = sch.get_loops(block=b0)
v5, v6, v7, v8 = sch.sample_perfect_tile(loop=l2, n=4, max_innermost_factor=64, decision=[8, 2, 8, 1])
l9, l10, l11, l12 = sch.split(loop=l2, factors=[v5, v6, v7, v8], preserve_unit_iters=True, disable_predication=False)
v13, v14, v15, v16 = sch.sample_perfect_tile(loop=l3, n=4, max_innermost_factor=64, decision=[16, 1, 48, 1])
l17, l18, l19, l20 = sch.split(loop=l3, factors=[v13, v14, v15, v16], preserve_unit_iters=True, disable_predication=False)
v21, v22 = sch.sample_perfect_tile(loop=l4, n=2, max_innermost_factor=64, decision=[32, 24])
l23, l24 = sch.split(loop=l4, factors=[v21, v22], preserve_unit_iters=True, disable_predication=False)
sch.reorder(l9, l17, l10, l18, l23, l11, l19, l24, l12, l20)
b25 = sch.cache_write(block=b0, write_buffer_index=0, storage_scope="global")
sch.reverse_compute_at(block=b25, loop=l17, preserve_unit_loops=True, index=-1)
sch.annotate(block_or_loop=b1, ann_key="meta_schedule.parallel", ann_val=128)
sch.annotate(block_or_loop=b1, ann_key="meta_schedule.vectorize", ann_val=64)
v26 = sch.sample_categorical(candidates=[0, 16, 64, 512], probs=[0.25, 0.25, 0.25, 0.25], decision=2)
sch.annotate(block_or_loop=b1, ann_key="meta_schedule.unroll_explicit", ann_val=v26)
2026-04-07 18:53:51 [INFO] [task_scheduler.cc:176] Design space #2:
# from tvm.script import ir as I
# from tvm.script import tir as T

@I.ir_module
class Module:
    @T.prim_func
    def main(A: T.Buffer((128, 768), "float32"), B: T.Buffer((768, 768), "float32"), C: T.Buffer((128, 768), "float32")):
        T.func_attr({"tir.noalias": True})
        with T.block("root"):
            T.reads()
            T.writes()
            T.block_attr({"meta_schedule.parallel": 128, "meta_schedule.unroll_explicit": 64, "meta_schedule.vectorize": 64})
            for i_0, j_0, i_1, j_1, k_0, i_2, j_2, k_1, i_3, j_3 in T.grid(8, 16, 2, 1, 32, 8, 48, 24, 1, 1):
                with T.block("C"):
                    vi = T.axis.spatial(128, i_0 * 16 + i_1 * 8 + i_2 + i_3)
                    vj = T.axis.spatial(768, j_0 * 48 + j_1 * 48 + j_2 + j_3)
                    vk = T.axis.reduce(768, k_0 * 24 + k_1)
                    T.reads(A[vi, vk], B[vk, vj])
                    T.writes(C[vi, vj])
                    T.block_attr({"meta_schedule.tiling_structure": "SSRSRS"})
                    with T.init():
                        C[vi, vj] = T.float32(0.0)
                    C[vi, vj] = C[vi, vj] + A[vi, vk] * B[vk, vj]
b0 = sch.get_block(name="C", func_name="main")
b1 = sch.get_block(name="root", func_name="main")
sch.annotate(block_or_loop=b0, ann_key="meta_schedule.tiling_structure", ann_val="SSRSRS")
l2, l3, l4 = sch.get_loops(block=b0)
v5, v6, v7, v8 = sch.sample_perfect_tile(loop=l2, n=4, max_innermost_factor=64, decision=[8, 2, 8, 1])
l9, l10, l11, l12 = sch.split(loop=l2, factors=[v5, v6, v7, v8], preserve_unit_iters=True, disable_predication=False)
v13, v14, v15, v16 = sch.sample_perfect_tile(loop=l3, n=4, max_innermost_factor=64, decision=[16, 1, 48, 1])
l17, l18, l19, l20 = sch.split(loop=l3, factors=[v13, v14, v15, v16], preserve_unit_iters=True, disable_predication=False)
v21, v22 = sch.sample_perfect_tile(loop=l4, n=2, max_innermost_factor=64, decision=[32, 24])
l23, l24 = sch.split(loop=l4, factors=[v21, v22], preserve_unit_iters=True, disable_predication=False)
sch.reorder(l9, l17, l10, l18, l23, l11, l19, l24, l12, l20)
sch.annotate(block_or_loop=b1, ann_key="meta_schedule.parallel", ann_val=128)
sch.annotate(block_or_loop=b1, ann_key="meta_schedule.vectorize", ann_val=64)
v25 = sch.sample_categorical(candidates=[0, 16, 64, 512], probs=[0.25, 0.25, 0.25, 0.25], decision=2)
sch.annotate(block_or_loop=b1, ann_key="meta_schedule.unroll_explicit", ann_val=v25)
2026-04-07 18:53:51 [INFO] [evolutionary_search.cc:711] Generating candidates......
2026-04-07 18:53:51 [INFO] [evolutionary_search.cc:713] Picked top 0 candidate(s) from database
2026-04-07 18:53:52 [INFO] [evolutionary_search.cc:530] Sample-Init-Population summary:
Postproc #0 [meta_schedule.DisallowDynamicLoop(0x5bdf4851b4b8)]: 0 failure(s)
Postproc #1 [meta_schedule.RewriteParallelVectorizeUnroll(0x5bdf47fc6e28)]: 0 failure(s)
Postproc #2 [meta_schedule.RewriteReductionBlock(0x5bdf481425c8)]: 0 failure(s)
Postproc #3 [meta_schedule.RewriteLayout(0x5bdf47fc8388)]: 0 failure(s)
2026-04-07 18:53:52 [INFO] [evolutionary_search.cc:721] Sampled 307 candidate(s)
2026-04-07 18:53:52 [INFO] [evolutionary_search.cc:619] Evolve iter #0 done. Summary:
Postproc #0 [meta_schedule.DisallowDynamicLoop(0x5bdf4851b4b8)]: 0 failure(s)
Postproc #1 [meta_schedule.RewriteParallelVectorizeUnroll(0x5bdf47fc6e28)]: 0 failure(s)
Postproc #2 [meta_schedule.RewriteReductionBlock(0x5bdf481425c8)]: 0 failure(s)
Postproc #3 [meta_schedule.RewriteLayout(0x5bdf47fc8388)]: 0 failure(s)
2026-04-07 18:53:52 [INFO] [evolutionary_search.cc:619] Evolve iter #1 done. Summary:
Postproc #0 [meta_schedule.DisallowDynamicLoop(0x5bdf4851b4b8)]: 0 failure(s)
Postproc #1 [meta_schedule.RewriteParallelVectorizeUnroll(0x5bdf47fc6e28)]: 0 failure(s)
Postproc #2 [meta_schedule.RewriteReductionBlock(0x5bdf481425c8)]: 0 failure(s)
Postproc #3 [meta_schedule.RewriteLayout(0x5bdf47fc8388)]: 0 failure(s)
2026-04-07 18:53:52 [INFO] [evolutionary_search.cc:619] Evolve iter #2 done. Summary:
Postproc #0 [meta_schedule.DisallowDynamicLoop(0x5bdf4851b4b8)]: 0 failure(s)
Postproc #1 [meta_schedule.RewriteParallelVectorizeUnroll(0x5bdf47fc6e28)]: 0 failure(s)
Postproc #2 [meta_schedule.RewriteReductionBlock(0x5bdf481425c8)]: 0 failure(s)
Postproc #3 [meta_schedule.RewriteLayout(0x5bdf47fc8388)]: 0 failure(s)
2026-04-07 18:53:52 [INFO] [evolutionary_search.cc:647] Scores of the best 64 candidates:
[1 : 16]:	0.9993  0.9986  0.9985  0.9982  0.9979  0.9978  0.9964  0.9959  0.9925  0.9924  0.9916  0.9916  0.9893  0.9864  0.9857  0.9851
[17 : 32]:	0.9847  0.9840  0.9839  0.9817  0.9815  0.9813  0.9764  0.9759  0.9748  0.9725  0.9722  0.9721  0.9707  0.9701  0.9698  0.9695
[33 : 48]:	0.9687  0.9676  0.9676  0.9675  0.9658  0.9648  0.9645  0.9629  0.9628  0.9613  0.9602  0.9598  0.9563  0.9551  0.9541  0.9536
[49 : 64]:	0.9535  0.9534  0.9529  0.9500  0.9495  0.9494  0.9465  0.9465  0.9464  0.9455  0.9453  0.9431  0.9426  0.9415  0.9406  0.9381
2026-04-07 18:53:52 [INFO] [evolutionary_search.cc:725] Got 64 candidate(s) with evolutionary search
2026-04-07 18:53:52 [INFO] [evolutionary_search.cc:728] Sending 63 candidates(s) for measurement
2026-04-07 18:54:14 [INFO] [task_scheduler.cc:137] [Task #0: main] Trial #1: GFLOPs: 35.3320. Time: 4273.5981 us. Best GFLOPs: 35.3320
2026-04-07 18:54:14 [INFO] [task_scheduler.cc:137] [Task #0: main] Trial #2: GFLOPs: 51.5053. Time: 2931.6416 us. Best GFLOPs: 51.5053
2026-04-07 18:54:14 [INFO] [task_scheduler.cc:137] [Task #0: main] Trial #3: GFLOPs: 65.5097. Time: 2304.9247 us. Best GFLOPs: 65.5097
2026-04-07 18:54:14 [INFO] [task_scheduler.cc:137] [Task #0: main] Trial #4: GFLOPs: 80.0629. Time: 1885.9536 us. Best GFLOPs: 80.0629
2026-04-07 18:54:14 [INFO] [task_scheduler.cc:137] [Task #0: main] Trial #5: GFLOPs: 87.6912. Time: 1721.8934 us. Best GFLOPs: 87.6912
2026-04-07 18:54:14 [INFO] [task_scheduler.cc:137] [Task #0: main] Trial #6: GFLOPs: 72.2150. Time: 2090.9075 us. Best GFLOPs: 87.6912
2026-04-07 18:54:14 [INFO] [task_scheduler.cc:137] [Task #0: main] Trial #7: GFLOPs: 33.9392. Time: 4448.9861 us. Best GFLOPs: 87.6912
2026-04-07 18:54:14 [INFO] [task_scheduler.cc:137] [Task #0: main] Trial #8: GFLOPs: 28.5539. Time: 5288.0621 us. Best GFLOPs: 87.6912
2026-04-07 18:54:14 [INFO] [task_scheduler.cc:137] [Task #0: main] Trial #9: GFLOPs: 100.8397. Time: 1497.3760 us. Best GFLOPs: 100.8397
2026-04-07 18:54:14 [INFO] [task_scheduler.cc:137] [Task #0: main] Trial #10: GFLOPs: 105.7167. Time: 1428.2975 us. Best GFLOPs: 105.7167
2026-04-07 18:54:14 [INFO] [task_scheduler.cc:137] [Task #0: main] Trial #11: GFLOPs: 52.6642. Time: 2867.1285 us. Best GFLOPs: 105.7167
2026-04-07 18:54:14 [INFO] [task_scheduler.cc:137] [Task #0: main] Trial #12: GFLOPs: 68.7808. Time: 2195.3061 us. Best GFLOPs: 105.7167
2026-04-07 18:54:14 [INFO] [task_scheduler.cc:137] [Task #0: main] Trial #13: GFLOPs: 7.1358. Time: 21160.1583 us. Best GFLOPs: 105.7167
2026-04-07 18:54:14 [INFO] [task_scheduler.cc:137] [Task #0: main] Trial #14: GFLOPs: 12.6478. Time: 11938.4785 us. Best GFLOPs: 105.7167
2026-04-07 18:54:14 [INFO] [task_scheduler.cc:137] [Task #0: main] Trial #15: GFLOPs: 105.2371. Time: 1434.8066 us. Best GFLOPs: 105.7167
2026-04-07 18:54:14 [INFO] [task_scheduler.cc:137] [Task #0: main] Trial #16: GFLOPs: 32.5335. Time: 4641.2189 us. Best GFLOPs: 105.7167
2026-04-07 18:54:14 [INFO] [task_scheduler.cc:137] [Task #0: main] Trial #17: GFLOPs: 105.1825. Time: 1435.5513 us. Best GFLOPs: 105.7167
2026-04-07 18:54:14 [INFO] [task_scheduler.cc:137] [Task #0: main] Trial #18: GFLOPs: 25.9453. Time: 5819.7361 us. Best GFLOPs: 105.7167
2026-04-07 18:54:14 [INFO] [task_scheduler.cc:137] [Task #0: main] Trial #19: GFLOPs: 81.0499. Time: 1862.9864 us. Best GFLOPs: 105.7167
2026-04-07 18:54:14 [INFO] [task_scheduler.cc:137] [Task #0: main] Trial #20: GFLOPs: 76.8360. Time: 1965.1594 us. Best GFLOPs: 105.7167
2026-04-07 18:54:14 [INFO] [task_scheduler.cc:137] [Task #0: main] Trial #21: GFLOPs: 10.9909. Time: 13738.1608 us. Best GFLOPs: 105.7167
2026-04-07 18:54:14 [INFO] [task_scheduler.cc:137] [Task #0: main] Trial #22: GFLOPs: 41.5445. Time: 3634.5365 us. Best GFLOPs: 105.7167
2026-04-07 18:54:14 [INFO] [task_scheduler.cc:137] [Task #0: main] Trial #23: GFLOPs: 77.6727. Time: 1943.9888 us. Best GFLOPs: 105.7167
2026-04-07 18:54:14 [INFO] [task_scheduler.cc:137] [Task #0: main] Trial #24: GFLOPs: 68.2253. Time: 2213.1806 us. Best GFLOPs: 105.7167
2026-04-07 18:54:14 [INFO] [task_scheduler.cc:137] [Task #0: main] Trial #25: GFLOPs: 80.0367. Time: 1886.5720 us. Best GFLOPs: 105.7167
2026-04-07 18:54:14 [INFO] [task_scheduler.cc:137] [Task #0: main] Trial #26: GFLOPs: 30.6921. Time: 4919.6601 us. Best GFLOPs: 105.7167
2026-04-07 18:54:14 [INFO] [task_scheduler.cc:137] [Task #0: main] Trial #27: GFLOPs: 54.8837. Time: 2751.1799 us. Best GFLOPs: 105.7167
2026-04-07 18:54:14 [INFO] [task_scheduler.cc:137] [Task #0: main] Trial #28: GFLOPs: 42.2706. Time: 3572.1040 us. Best GFLOPs: 105.7167
2026-04-07 18:54:14 [INFO] [task_scheduler.cc:137] [Task #0: main] Trial #29: GFLOPs: 14.7195. Time: 10258.1659 us. Best GFLOPs: 105.7167
2026-04-07 18:54:14 [INFO] [task_scheduler.cc:137] [Task #0: main] Trial #30: GFLOPs: 67.4639. Time: 2238.1583 us. Best GFLOPs: 105.7167
2026-04-07 18:54:14 [INFO] [task_scheduler.cc:137] [Task #0: main] Trial #31: GFLOPs: 42.4521. Time: 3556.8270 us. Best GFLOPs: 105.7167
2026-04-07 18:54:14 [INFO] [task_scheduler.cc:137] [Task #0: main] Trial #32: GFLOPs: 17.0939. Time: 8833.2726 us. Best GFLOPs: 105.7167
2026-04-07 18:54:14 [INFO] [task_scheduler.cc:137] [Task #0: main] Trial #33: GFLOPs: 11.7862. Time: 12811.1288 us. Best GFLOPs: 105.7167
2026-04-07 18:54:14 [INFO] [task_scheduler.cc:137] [Task #0: main] Trial #34: GFLOPs: 62.6380. Time: 2410.5956 us. Best GFLOPs: 105.7167
2026-04-07 18:54:14 [INFO] [task_scheduler.cc:137] [Task #0: main] Trial #35: GFLOPs: 9.0577. Time: 16670.2980 us. Best GFLOPs: 105.7167
2026-04-07 18:54:14 [INFO] [task_scheduler.cc:137] [Task #0: main] Trial #36: GFLOPs: 82.5378. Time: 1829.4028 us. Best GFLOPs: 105.7167
2026-04-07 18:54:14 [INFO] [task_scheduler.cc:137] [Task #0: main] Trial #37: GFLOPs: 33.0660. Time: 4566.4780 us. Best GFLOPs: 105.7167
2026-04-07 18:54:14 [INFO] [task_scheduler.cc:137] [Task #0: main] Trial #38: GFLOPs: 58.4095. Time: 2585.1096 us. Best GFLOPs: 105.7167
2026-04-07 18:54:14 [INFO] [task_scheduler.cc:137] [Task #0: main] Trial #39: GFLOPs: 40.6683. Time: 3712.8378 us. Best GFLOPs: 105.7167
2026-04-07 18:54:14 [INFO] [task_scheduler.cc:137] [Task #0: main] Trial #40: GFLOPs: 11.9284. Time: 12658.4444 us. Best GFLOPs: 105.7167
2026-04-07 18:54:14 [INFO] [task_scheduler.cc:137] [Task #0: main] Trial #41: GFLOPs: 46.9257. Time: 3217.7436 us. Best GFLOPs: 105.7167
2026-04-07 18:54:14 [INFO] [task_scheduler.cc:137] [Task #0: main] Trial #42: GFLOPs: 99.9117. Time: 1511.2832 us. Best GFLOPs: 105.7167
2026-04-07 18:54:14 [INFO] [task_scheduler.cc:137] [Task #0: main] Trial #43: GFLOPs: 63.0869. Time: 2393.4442 us. Best GFLOPs: 105.7167
2026-04-07 18:54:14 [INFO] [task_scheduler.cc:137] [Task #0: main] Trial #44: GFLOPs: 73.9784. Time: 2041.0686 us. Best GFLOPs: 105.7167
2026-04-07 18:54:14 [INFO] [task_scheduler.cc:137] [Task #0: main] Trial #45: GFLOPs: 79.2810. Time: 1904.5537 us. Best GFLOPs: 105.7167
2026-04-07 18:54:14 [INFO] [task_scheduler.cc:137] [Task #0: main] Trial #46: GFLOPs: 9.4053. Time: 16054.2765 us. Best GFLOPs: 105.7167
2026-04-07 18:54:14 [INFO] [task_scheduler.cc:137] [Task #0: main] Trial #47: GFLOPs: 47.3686. Time: 3187.6611 us. Best GFLOPs: 105.7167
2026-04-07 18:54:14 [INFO] [task_scheduler.cc:137] [Task #0: main] Trial #48: GFLOPs: 25.9439. Time: 5820.0568 us. Best GFLOPs: 105.7167
2026-04-07 18:54:14 [INFO] [task_scheduler.cc:137] [Task #0: main] Trial #49: GFLOPs: 7.6378. Time: 19769.4155 us. Best GFLOPs: 105.7167
2026-04-07 18:54:14 [INFO] [task_scheduler.cc:137] [Task #0: main] Trial #50: GFLOPs: 85.7771. Time: 1760.3168 us. Best GFLOPs: 105.7167
2026-04-07 18:54:14 [INFO] [task_scheduler.cc:137] [Task #0: main] Trial #51: GFLOPs: 47.2058. Time: 3198.6532 us. Best GFLOPs: 105.7167
2026-04-07 18:54:14 [INFO] [task_scheduler.cc:137] [Task #0: main] Trial #52: GFLOPs: 84.9057. Time: 1778.3833 us. Best GFLOPs: 105.7167
2026-04-07 18:54:14 [INFO] [task_scheduler.cc:137] [Task #0: main] Trial #53: GFLOPs: 16.4281. Time: 9191.2863 us. Best GFLOPs: 105.7167
2026-04-07 18:54:14 [INFO] [task_scheduler.cc:137] [Task #0: main] Trial #54: GFLOPs: 27.0491. Time: 5582.2600 us. Best GFLOPs: 105.7167
2026-04-07 18:54:14 [INFO] [task_scheduler.cc:137] [Task #0: main] Trial #55: GFLOPs: 11.3298. Time: 13327.2926 us. Best GFLOPs: 105.7167
2026-04-07 18:54:14 [INFO] [task_scheduler.cc:137] [Task #0: main] Trial #56: GFLOPs: 107.3560. Time: 1406.4877 us. Best GFLOPs: 107.3560
2026-04-07 18:54:14 [INFO] [task_scheduler.cc:137] [Task #0: main] Trial #57: GFLOPs: 24.6253. Time: 6131.7078 us. Best GFLOPs: 107.3560
2026-04-07 18:54:14 [INFO] [task_scheduler.cc:137] [Task #0: main] Trial #58: GFLOPs: 44.3275. Time: 3406.3494 us. Best GFLOPs: 107.3560
2026-04-07 18:54:14 [INFO] [task_scheduler.cc:137] [Task #0: main] Trial #59: GFLOPs: 38.5490. Time: 3916.9646 us. Best GFLOPs: 107.3560
2026-04-07 18:54:14 [INFO] [task_scheduler.cc:137] [Task #0: main] Trial #60: GFLOPs: 69.5051. Time: 2172.4286 us. Best GFLOPs: 107.3560
2026-04-07 18:54:14 [INFO] [task_scheduler.cc:137] [Task #0: main] Trial #61: GFLOPs: 15.4287. Time: 9786.6246 us. Best GFLOPs: 107.3560
2026-04-07 18:54:14 [INFO] [task_scheduler.cc:137] [Task #0: main] Trial #62: GFLOPs: 110.6613. Time: 1364.4785 us. Best GFLOPs: 110.6613
2026-04-07 18:54:14 [INFO] [task_scheduler.cc:137] [Task #0: main] Trial #63: GFLOPs: 41.4135. Time: 3646.0316 us. Best GFLOPs: 110.6613
2026-04-07 18:54:14 [INFO] [evolutionary_search.cc:711] Generating candidates......
2026-04-07 18:54:14 [INFO] [evolutionary_search.cc:713] Picked top 63 candidate(s) from database
2026-04-07 18:54:14 [INFO] [evolutionary_search.cc:530] Sample-Init-Population summary:
Postproc #0 [meta_schedule.DisallowDynamicLoop(0x5bdf4851b4b8)]: 0 failure(s)
Postproc #1 [meta_schedule.RewriteParallelVectorizeUnroll(0x5bdf47fc6e28)]: 0 failure(s)
Postproc #2 [meta_schedule.RewriteReductionBlock(0x5bdf481425c8)]: 0 failure(s)
Postproc #3 [meta_schedule.RewriteLayout(0x5bdf47fc8388)]: 0 failure(s)
2026-04-07 18:54:14 [INFO] [evolutionary_search.cc:721] Sampled 244 candidate(s)
2026-04-07 18:54:14 [INFO] [evolutionary_search.cc:619] Evolve iter #0 done. Summary:
Postproc #0 [meta_schedule.DisallowDynamicLoop(0x5bdf4851b4b8)]: 0 failure(s)
Postproc #1 [meta_schedule.RewriteParallelVectorizeUnroll(0x5bdf47fc6e28)]: 0 failure(s)
Postproc #2 [meta_schedule.RewriteReductionBlock(0x5bdf481425c8)]: 0 failure(s)
Postproc #3 [meta_schedule.RewriteLayout(0x5bdf47fc8388)]: 0 failure(s)
2026-04-07 18:54:14 [INFO] [evolutionary_search.cc:619] Evolve iter #1 done. Summary:
Postproc #0 [meta_schedule.DisallowDynamicLoop(0x5bdf4851b4b8)]: 0 failure(s)
Postproc #1 [meta_schedule.RewriteParallelVectorizeUnroll(0x5bdf47fc6e28)]: 0 failure(s)
Postproc #2 [meta_schedule.RewriteReductionBlock(0x5bdf481425c8)]: 0 failure(s)
Postproc #3 [meta_schedule.RewriteLayout(0x5bdf47fc8388)]: 0 failure(s)
2026-04-07 18:54:15 [INFO] [evolutionary_search.cc:619] Evolve iter #2 done. Summary:
Postproc #0 [meta_schedule.DisallowDynamicLoop(0x5bdf4851b4b8)]: 0 failure(s)
Postproc #1 [meta_schedule.RewriteParallelVectorizeUnroll(0x5bdf47fc6e28)]: 0 failure(s)
Postproc #2 [meta_schedule.RewriteReductionBlock(0x5bdf481425c8)]: 0 failure(s)
Postproc #3 [meta_schedule.RewriteLayout(0x5bdf47fc8388)]: 0 failure(s)
2026-04-07 18:54:15 [INFO] [evolutionary_search.cc:647] Scores of the best 52 candidates:
[1 : 16]:	0.9995  0.9990  0.9986  0.9981  0.9977  0.9973  0.9971  0.9967  0.9967  0.9967  0.9966  0.9956  0.9953  0.9938  0.9931  0.9925
[17 : 32]:	0.9918  0.9905  0.9900  0.9882  0.9881  0.9853  0.9846  0.9843  0.9822  0.9797  0.9777  0.9768  0.9761  0.9734  0.9725  0.9688
[33 : 48]:	0.9670  0.9665  0.9650  0.9634  0.9629  0.9624  0.9617  0.9589  0.9564  0.9513  0.9512  0.9504  0.9502  0.9499  0.9499  0.9466
[49 : 52]:	0.9462  0.9450  0.9426  0.9397
2026-04-07 18:54:15 [INFO] [evolutionary_search.cc:725] Got 52 candidate(s) with evolutionary search
2026-04-07 18:54:15 [INFO] [evolutionary_search.cc:728] Sending 52 candidates(s) for measurement
2026-04-07 18:54:34 [INFO] [task_scheduler.cc:137] [Task #0: main] Trial #64: GFLOPs: 38.7221. Time: 3899.4479 us. Best GFLOPs: 110.6613
2026-04-07 18:54:34 [INFO] [task_scheduler.cc:137] [Task #0: main] Trial #65: GFLOPs: 53.3780. Time: 2828.7842 us. Best GFLOPs: 110.6613
2026-04-07 18:54:34 [INFO] [task_scheduler.cc:137] [Task #0: main] Trial #66: GFLOPs: 69.9559. Time: 2158.4296 us. Best GFLOPs: 110.6613
2026-04-07 18:54:34 [INFO] [task_scheduler.cc:137] [Task #0: main] Trial #67: GFLOPs: 36.0033. Time: 4193.9194 us. Best GFLOPs: 110.6613
2026-04-07 18:54:34 [INFO] [task_scheduler.cc:137] [Task #0: main] Trial #68: GFLOPs: 64.4967. Time: 2341.1273 us. Best GFLOPs: 110.6613
2026-04-07 18:54:34 [INFO] [task_scheduler.cc:137] [Task #0: main] Trial #69: GFLOPs: 57.6839. Time: 2617.6276 us. Best GFLOPs: 110.6613
2026-04-07 18:54:34 [INFO] [task_scheduler.cc:137] [Task #0: main] Trial #70: GFLOPs: 7.4210. Time: 20346.9220 us. Best GFLOPs: 110.6613
2026-04-07 18:54:34 [INFO] [task_scheduler.cc:137] [Task #0: main] Trial #71: GFLOPs: 70.3244. Time: 2147.1197 us. Best GFLOPs: 110.6613
2026-04-07 18:54:34 [INFO] [task_scheduler.cc:137] [Task #0: main] Trial #72: GFLOPs: 57.2728. Time: 2636.4186 us. Best GFLOPs: 110.6613
2026-04-07 18:54:34 [INFO] [task_scheduler.cc:137] [Task #0: main] Trial #73: GFLOPs: 106.0594. Time: 1423.6832 us. Best GFLOPs: 110.6613
2026-04-07 18:54:34 [INFO] [task_scheduler.cc:137] [Task #0: main] Trial #74: GFLOPs: 7.0544. Time: 21404.3973 us. Best GFLOPs: 110.6613
2026-04-07 18:54:34 [INFO] [task_scheduler.cc:137] [Task #0: main] Trial #75: GFLOPs: 78.7685. Time: 1916.9462 us. Best GFLOPs: 110.6613
2026-04-07 18:54:34 [INFO] [task_scheduler.cc:137] [Task #0: main] Trial #76: GFLOPs: 61.7483. Time: 2445.3280 us. Best GFLOPs: 110.6613
2026-04-07 18:54:34 [INFO] [task_scheduler.cc:137] [Task #0: main] Trial #77: GFLOPs: 28.8212. Time: 5239.0296 us. Best GFLOPs: 110.6613
2026-04-07 18:54:34 [INFO] [task_scheduler.cc:137] [Task #0: main] Trial #78: GFLOPs: 25.1606. Time: 6001.2536 us. Best GFLOPs: 110.6613
2026-04-07 18:54:34 [INFO] [task_scheduler.cc:137] [Task #0: main] Trial #79: GFLOPs: 7.1060. Time: 21249.0780 us. Best GFLOPs: 110.6613
2026-04-07 18:54:34 [INFO] [task_scheduler.cc:137] [Task #0: main] Trial #80: GFLOPs: 21.7548. Time: 6940.7743 us. Best GFLOPs: 110.6613
2026-04-07 18:54:34 [INFO] [task_scheduler.cc:137] [Task #0: main] Trial #81: GFLOPs: 75.4527. Time: 2001.1856 us. Best GFLOPs: 110.6613
2026-04-07 18:54:34 [INFO] [task_scheduler.cc:137] [Task #0: main] Trial #82: GFLOPs: 121.1457. Time: 1246.3908 us. Best GFLOPs: 121.1457
2026-04-07 18:54:34 [INFO] [task_scheduler.cc:137] [Task #0: main] Trial #83: GFLOPs: 8.1587. Time: 18507.2343 us. Best GFLOPs: 121.1457
2026-04-07 18:54:34 [INFO] [task_scheduler.cc:137] [Task #0: main] Trial #84: GFLOPs: 7.4664. Time: 20223.2917 us. Best GFLOPs: 121.1457
2026-04-07 18:54:34 [INFO] [task_scheduler.cc:137] [Task #0: main] Trial #85: GFLOPs: 98.3756. Time: 1534.8817 us. Best GFLOPs: 121.1457
2026-04-07 18:54:34 [INFO] [task_scheduler.cc:137] [Task #0: main] Trial #86: GFLOPs: 26.3219. Time: 5736.4815 us. Best GFLOPs: 121.1457
2026-04-07 18:54:34 [INFO] [task_scheduler.cc:137] [Task #0: main] Trial #87: GFLOPs: 47.4332. Time: 3183.3154 us. Best GFLOPs: 121.1457
2026-04-07 18:54:34 [INFO] [task_scheduler.cc:137] [Task #0: main] Trial #88: GFLOPs: 85.8298. Time: 1759.2373 us. Best GFLOPs: 121.1457
2026-04-07 18:54:34 [INFO] [task_scheduler.cc:137] [Task #0: main] Trial #89: GFLOPs: 39.7981. Time: 3794.0221 us. Best GFLOPs: 121.1457
2026-04-07 18:54:34 [INFO] [task_scheduler.cc:137] [Task #0: main] Trial #90: GFLOPs: 67.5890. Time: 2234.0165 us. Best GFLOPs: 121.1457
2026-04-07 18:54:34 [INFO] [task_scheduler.cc:137] [Task #0: main] Trial #91: GFLOPs: 53.0187. Time: 2847.9582 us. Best GFLOPs: 121.1457
2026-04-07 18:54:34 [INFO] [task_scheduler.cc:137] [Task #0: main] Trial #92: GFLOPs: 35.5758. Time: 4244.3129 us. Best GFLOPs: 121.1457
2026-04-07 18:54:34 [INFO] [task_scheduler.cc:137] [Task #0: main] Trial #93: GFLOPs: 21.4696. Time: 7032.9753 us. Best GFLOPs: 121.1457
2026-04-07 18:54:34 [INFO] [task_scheduler.cc:137] [Task #0: main] Trial #94: GFLOPs: 24.9954. Time: 6040.9180 us. Best GFLOPs: 121.1457
2026-04-07 18:54:34 [INFO] [task_scheduler.cc:137] [Task #0: main] Trial #95: GFLOPs: 57.1862. Time: 2640.4078 us. Best GFLOPs: 121.1457
2026-04-07 18:54:34 [INFO] [task_scheduler.cc:137] [Task #0: main] Trial #96: GFLOPs: 52.4935. Time: 2876.4526 us. Best GFLOPs: 121.1457
2026-04-07 18:54:34 [INFO] [task_scheduler.cc:137] [Task #0: main] Trial #97: GFLOPs: 24.8799. Time: 6068.9444 us. Best GFLOPs: 121.1457
2026-04-07 18:54:34 [INFO] [task_scheduler.cc:137] [Task #0: main] Trial #98: GFLOPs: 13.9333. Time: 10836.9735 us. Best GFLOPs: 121.1457
2026-04-07 18:54:34 [INFO] [task_scheduler.cc:137] [Task #0: main] Trial #99: GFLOPs: 81.9215. Time: 1843.1655 us. Best GFLOPs: 121.1457
2026-04-07 18:54:34 [INFO] [task_scheduler.cc:137] [Task #0: main] Trial #100: GFLOPs: 85.1480. Time: 1773.3226 us. Best GFLOPs: 121.1457
2026-04-07 18:54:34 [INFO] [task_scheduler.cc:137] [Task #0: main] Trial #101: GFLOPs: 34.4885. Time: 4378.1239 us. Best GFLOPs: 121.1457
2026-04-07 18:54:34 [INFO] [task_scheduler.cc:137] [Task #0: main] Trial #102: GFLOPs: 22.8296. Time: 6614.0063 us. Best GFLOPs: 121.1457
2026-04-07 18:54:34 [INFO] [task_scheduler.cc:137] [Task #0: main] Trial #103: GFLOPs: 35.3923. Time: 4266.3181 us. Best GFLOPs: 121.1457
2026-04-07 18:54:34 [INFO] [task_scheduler.cc:137] [Task #0: main] Trial #104: GFLOPs: 41.3810. Time: 3648.8940 us. Best GFLOPs: 121.1457
2026-04-07 18:54:34 [INFO] [task_scheduler.cc:137] [Task #0: main] Trial #105: GFLOPs: 39.5305. Time: 3819.7057 us. Best GFLOPs: 121.1457
2026-04-07 18:54:34 [INFO] [task_scheduler.cc:137] [Task #0: main] Trial #106: GFLOPs: 50.6516. Time: 2981.0508 us. Best GFLOPs: 121.1457
2026-04-07 18:54:34 [INFO] [task_scheduler.cc:137] [Task #0: main] Trial #107: GFLOPs: 54.6787. Time: 2761.4970 us. Best GFLOPs: 121.1457
2026-04-07 18:54:34 [INFO] [task_scheduler.cc:137] [Task #0: main] Trial #108: GFLOPs: 53.6323. Time: 2815.3717 us. Best GFLOPs: 121.1457
2026-04-07 18:54:34 [INFO] [task_scheduler.cc:137] [Task #0: main] Trial #109: GFLOPs: 32.5509. Time: 4638.7348 us. Best GFLOPs: 121.1457
2026-04-07 18:54:34 [INFO] [task_scheduler.cc:137] [Task #0: main] Trial #110: GFLOPs: 36.9991. Time: 4081.0425 us. Best GFLOPs: 121.1457
2026-04-07 18:54:34 [INFO] [task_scheduler.cc:137] [Task #0: main] Trial #111: GFLOPs: 62.4713. Time: 2417.0290 us. Best GFLOPs: 121.1457
2026-04-07 18:54:34 [INFO] [task_scheduler.cc:137] [Task #0: main] Trial #112: GFLOPs: 36.6555. Time: 4119.3024 us. Best GFLOPs: 121.1457
2026-04-07 18:54:34 [INFO] [task_scheduler.cc:137] [Task #0: main] Trial #113: GFLOPs: 83.6315. Time: 1805.4790 us. Best GFLOPs: 121.1457
2026-04-07 18:54:34 [INFO] [task_scheduler.cc:137] [Task #0: main] Trial #114: GFLOPs: 55.6045. Time: 2715.5166 us. Best GFLOPs: 121.1457
2026-04-07 18:54:34 [INFO] [task_scheduler.cc:137] [Task #0: main] Trial #115: GFLOPs: 98.4651. Time: 1533.4873 us. Best GFLOPs: 121.1457
