2026-04-07 15:17:37 [INFO] [task_scheduler.cc:166] Initializing Task #0: "main"
2026-04-07 15:17:37 [INFO] [task_scheduler.cc:41] 
# from tvm.script import ir as I
# from tvm.script import tir as T

@I.ir_module
class Module:
    @T.prim_func
    def main(A: T.Buffer((16, 768), "float32"), B: T.Buffer((768, 768), "float32"), C: T.Buffer((16, 768), "float32")):
        T.func_attr({"tir.noalias": True})
        # with T.block("root"):
        for i, j, k in T.grid(16, 768, 768):
            with T.block("C"):
                vi, vj, vk = T.axis.remap("SSR", [i, j, k])
                T.reads(A[vi, vk], B[vk, vj])
                T.writes(C[vi, vj])
                with T.init():
                    C[vi, vj] = T.float32(0.0)
                C[vi, vj] = C[vi, vj] + A[vi, vk] * B[vk, vj]
2026-04-07 15:17:37 [INFO] [task_scheduler.cc:170] Total 3 design space(s) generated
2026-04-07 15:17:37 [INFO] [task_scheduler.cc:176] Design space #0:
# from tvm.script import ir as I
# from tvm.script import tir as T

@I.ir_module
class Module:
    @T.prim_func
    def main(A: T.Buffer((16, 768), "float32"), B: T.Buffer((768, 768), "float32"), C: T.Buffer((16, 768), "float32")):
        T.func_attr({"tir.noalias": True})
        with T.block("root"):
            T.reads()
            T.writes()
            T.block_attr({"meta_schedule.parallel": 128, "meta_schedule.unroll_explicit": 64, "meta_schedule.vectorize": 64})
            C_global = T.alloc_buffer((16, 768))
            for i_0, j_0, i_1, j_1 in T.grid(1, 12, 2, 2):
                for k_0, i_2, j_2, k_1, i_3, j_3 in T.grid(256, 2, 32, 3, 4, 1):
                    with T.block("C"):
                        vi = T.axis.spatial(16, i_0 * 16 + i_1 * 8 + i_2 * 4 + i_3)
                        vj = T.axis.spatial(768, j_0 * 64 + j_1 * 32 + j_2 + j_3)
                        vk = T.axis.reduce(768, k_0 * 3 + k_1)
                        T.reads(A[vi, vk], B[vk, vj])
                        T.writes(C_global[vi, vj])
                        T.block_attr({"meta_schedule.tiling_structure": "SSRSRS"})
                        with T.init():
                            C_global[vi, vj] = T.float32(0.0)
                        C_global[vi, vj] = C_global[vi, vj] + A[vi, vk] * B[vk, vj]
                for ax0, ax1 in T.grid(8, 32):
                    with T.block("C_global"):
                        v0 = T.axis.spatial(16, i_1 * 8 + ax0)
                        v1 = T.axis.spatial(768, j_0 * 64 + j_1 * 32 + ax1)
                        T.reads(C_global[v0, v1])
                        T.writes(C[v0, v1])
                        C[v0, v1] = C_global[v0, v1]
b0 = sch.get_block(name="C", func_name="main")
b1 = sch.get_block(name="root", func_name="main")
sch.annotate(block_or_loop=b0, ann_key="meta_schedule.tiling_structure", ann_val="SSRSRS")
l2, l3, l4 = sch.get_loops(block=b0)
v5, v6, v7, v8 = sch.sample_perfect_tile(loop=l2, n=4, max_innermost_factor=64, decision=[1, 2, 2, 4])
l9, l10, l11, l12 = sch.split(loop=l2, factors=[v5, v6, v7, v8], preserve_unit_iters=True, disable_predication=False)
v13, v14, v15, v16 = sch.sample_perfect_tile(loop=l3, n=4, max_innermost_factor=64, decision=[12, 2, 32, 1])
l17, l18, l19, l20 = sch.split(loop=l3, factors=[v13, v14, v15, v16], preserve_unit_iters=True, disable_predication=False)
v21, v22 = sch.sample_perfect_tile(loop=l4, n=2, max_innermost_factor=64, decision=[256, 3])
l23, l24 = sch.split(loop=l4, factors=[v21, v22], preserve_unit_iters=True, disable_predication=False)
sch.reorder(l9, l17, l10, l18, l23, l11, l19, l24, l12, l20)
b25 = sch.cache_write(block=b0, write_buffer_index=0, storage_scope="global")
sch.reverse_compute_at(block=b25, loop=l18, preserve_unit_loops=True, index=-1)
sch.annotate(block_or_loop=b1, ann_key="meta_schedule.parallel", ann_val=128)
sch.annotate(block_or_loop=b1, ann_key="meta_schedule.vectorize", ann_val=64)
v26 = sch.sample_categorical(candidates=[0, 16, 64, 512], probs=[0.25, 0.25, 0.25, 0.25], decision=2)
sch.annotate(block_or_loop=b1, ann_key="meta_schedule.unroll_explicit", ann_val=v26)
2026-04-07 15:17:37 [INFO] [task_scheduler.cc:176] Design space #1:
# from tvm.script import ir as I
# from tvm.script import tir as T

@I.ir_module
class Module:
    @T.prim_func
    def main(A: T.Buffer((16, 768), "float32"), B: T.Buffer((768, 768), "float32"), C: T.Buffer((16, 768), "float32")):
        T.func_attr({"tir.noalias": True})
        with T.block("root"):
            T.reads()
            T.writes()
            T.block_attr({"meta_schedule.parallel": 128, "meta_schedule.unroll_explicit": 16, "meta_schedule.vectorize": 64})
            C_global = T.alloc_buffer((16, 768))
            for i_0, j_0 in T.grid(1, 12):
                for i_1, j_1, k_0, i_2, j_2, k_1, i_3, j_3 in T.grid(2, 2, 256, 2, 32, 3, 4, 1):
                    with T.block("C"):
                        vi = T.axis.spatial(16, i_0 * 16 + i_1 * 8 + i_2 * 4 + i_3)
                        vj = T.axis.spatial(768, j_0 * 64 + j_1 * 32 + j_2 + j_3)
                        vk = T.axis.reduce(768, k_0 * 3 + k_1)
                        T.reads(A[vi, vk], B[vk, vj])
                        T.writes(C_global[vi, vj])
                        T.block_attr({"meta_schedule.tiling_structure": "SSRSRS"})
                        with T.init():
                            C_global[vi, vj] = T.float32(0.0)
                        C_global[vi, vj] = C_global[vi, vj] + A[vi, vk] * B[vk, vj]
                for ax0, ax1 in T.grid(16, 64):
                    with T.block("C_global"):
                        v0 = T.axis.spatial(16, ax0)
                        v1 = T.axis.spatial(768, j_0 * 64 + ax1)
                        T.reads(C_global[v0, v1])
                        T.writes(C[v0, v1])
                        C[v0, v1] = C_global[v0, v1]
b0 = sch.get_block(name="C", func_name="main")
b1 = sch.get_block(name="root", func_name="main")
sch.annotate(block_or_loop=b0, ann_key="meta_schedule.tiling_structure", ann_val="SSRSRS")
l2, l3, l4 = sch.get_loops(block=b0)
v5, v6, v7, v8 = sch.sample_perfect_tile(loop=l2, n=4, max_innermost_factor=64, decision=[1, 2, 2, 4])
l9, l10, l11, l12 = sch.split(loop=l2, factors=[v5, v6, v7, v8], preserve_unit_iters=True, disable_predication=False)
v13, v14, v15, v16 = sch.sample_perfect_tile(loop=l3, n=4, max_innermost_factor=64, decision=[12, 2, 32, 1])
l17, l18, l19, l20 = sch.split(loop=l3, factors=[v13, v14, v15, v16], preserve_unit_iters=True, disable_predication=False)
v21, v22 = sch.sample_perfect_tile(loop=l4, n=2, max_innermost_factor=64, decision=[256, 3])
l23, l24 = sch.split(loop=l4, factors=[v21, v22], preserve_unit_iters=True, disable_predication=False)
sch.reorder(l9, l17, l10, l18, l23, l11, l19, l24, l12, l20)
b25 = sch.cache_write(block=b0, write_buffer_index=0, storage_scope="global")
sch.reverse_compute_at(block=b25, loop=l17, preserve_unit_loops=True, index=-1)
sch.annotate(block_or_loop=b1, ann_key="meta_schedule.parallel", ann_val=128)
sch.annotate(block_or_loop=b1, ann_key="meta_schedule.vectorize", ann_val=64)
v26 = sch.sample_categorical(candidates=[0, 16, 64, 512], probs=[0.25, 0.25, 0.25, 0.25], decision=1)
sch.annotate(block_or_loop=b1, ann_key="meta_schedule.unroll_explicit", ann_val=v26)
2026-04-07 15:17:37 [INFO] [task_scheduler.cc:176] Design space #2:
# from tvm.script import ir as I
# from tvm.script import tir as T

@I.ir_module
class Module:
    @T.prim_func
    def main(A: T.Buffer((16, 768), "float32"), B: T.Buffer((768, 768), "float32"), C: T.Buffer((16, 768), "float32")):
        T.func_attr({"tir.noalias": True})
        with T.block("root"):
            T.reads()
            T.writes()
            T.block_attr({"meta_schedule.parallel": 128, "meta_schedule.unroll_explicit": 512, "meta_schedule.vectorize": 64})
            for i_0, j_0, i_1, j_1, k_0, i_2, j_2, k_1, i_3, j_3 in T.grid(1, 12, 2, 2, 256, 2, 32, 3, 4, 1):
                with T.block("C"):
                    vi = T.axis.spatial(16, i_0 * 16 + i_1 * 8 + i_2 * 4 + i_3)
                    vj = T.axis.spatial(768, j_0 * 64 + j_1 * 32 + j_2 + j_3)
                    vk = T.axis.reduce(768, k_0 * 3 + k_1)
                    T.reads(A[vi, vk], B[vk, vj])
                    T.writes(C[vi, vj])
                    T.block_attr({"meta_schedule.tiling_structure": "SSRSRS"})
                    with T.init():
                        C[vi, vj] = T.float32(0.0)
                    C[vi, vj] = C[vi, vj] + A[vi, vk] * B[vk, vj]
b0 = sch.get_block(name="C", func_name="main")
b1 = sch.get_block(name="root", func_name="main")
sch.annotate(block_or_loop=b0, ann_key="meta_schedule.tiling_structure", ann_val="SSRSRS")
l2, l3, l4 = sch.get_loops(block=b0)
v5, v6, v7, v8 = sch.sample_perfect_tile(loop=l2, n=4, max_innermost_factor=64, decision=[1, 2, 2, 4])
l9, l10, l11, l12 = sch.split(loop=l2, factors=[v5, v6, v7, v8], preserve_unit_iters=True, disable_predication=False)
v13, v14, v15, v16 = sch.sample_perfect_tile(loop=l3, n=4, max_innermost_factor=64, decision=[12, 2, 32, 1])
l17, l18, l19, l20 = sch.split(loop=l3, factors=[v13, v14, v15, v16], preserve_unit_iters=True, disable_predication=False)
v21, v22 = sch.sample_perfect_tile(loop=l4, n=2, max_innermost_factor=64, decision=[256, 3])
l23, l24 = sch.split(loop=l4, factors=[v21, v22], preserve_unit_iters=True, disable_predication=False)
sch.reorder(l9, l17, l10, l18, l23, l11, l19, l24, l12, l20)
sch.annotate(block_or_loop=b1, ann_key="meta_schedule.parallel", ann_val=128)
sch.annotate(block_or_loop=b1, ann_key="meta_schedule.vectorize", ann_val=64)
v25 = sch.sample_categorical(candidates=[0, 16, 64, 512], probs=[0.25, 0.25, 0.25, 0.25], decision=3)
sch.annotate(block_or_loop=b1, ann_key="meta_schedule.unroll_explicit", ann_val=v25)
2026-04-07 15:17:37 [INFO] [evolutionary_search.cc:711] Generating candidates......
2026-04-07 15:17:37 [INFO] [evolutionary_search.cc:713] Picked top 0 candidate(s) from database
2026-04-07 15:17:37 [INFO] [evolutionary_search.cc:530] Sample-Init-Population summary:
Postproc #0 [meta_schedule.DisallowDynamicLoop(0x5bdf3f384258)]: 0 failure(s)
Postproc #1 [meta_schedule.RewriteParallelVectorizeUnroll(0x5bdf3f660728)]: 0 failure(s)
Postproc #2 [meta_schedule.RewriteReductionBlock(0x5bdf4030aec8)]: 0 failure(s)
Postproc #3 [meta_schedule.RewriteLayout(0x5bdf401cb158)]: 0 failure(s)
2026-04-07 15:17:37 [INFO] [evolutionary_search.cc:721] Sampled 461 candidate(s)
2026-04-07 15:17:37 [INFO] [evolutionary_search.cc:619] Evolve iter #0 done. Summary:
Postproc #0 [meta_schedule.DisallowDynamicLoop(0x5bdf3f384258)]: 0 failure(s)
Postproc #1 [meta_schedule.RewriteParallelVectorizeUnroll(0x5bdf3f660728)]: 0 failure(s)
Postproc #2 [meta_schedule.RewriteReductionBlock(0x5bdf4030aec8)]: 0 failure(s)
Postproc #3 [meta_schedule.RewriteLayout(0x5bdf401cb158)]: 0 failure(s)
2026-04-07 15:17:37 [INFO] [evolutionary_search.cc:619] Evolve iter #1 done. Summary:
Postproc #0 [meta_schedule.DisallowDynamicLoop(0x5bdf3f384258)]: 0 failure(s)
Postproc #1 [meta_schedule.RewriteParallelVectorizeUnroll(0x5bdf3f660728)]: 0 failure(s)
Postproc #2 [meta_schedule.RewriteReductionBlock(0x5bdf4030aec8)]: 0 failure(s)
Postproc #3 [meta_schedule.RewriteLayout(0x5bdf401cb158)]: 0 failure(s)
2026-04-07 15:17:38 [INFO] [evolutionary_search.cc:619] Evolve iter #2 done. Summary:
Postproc #0 [meta_schedule.DisallowDynamicLoop(0x5bdf3f384258)]: 0 failure(s)
Postproc #1 [meta_schedule.RewriteParallelVectorizeUnroll(0x5bdf3f660728)]: 0 failure(s)
Postproc #2 [meta_schedule.RewriteReductionBlock(0x5bdf4030aec8)]: 0 failure(s)
Postproc #3 [meta_schedule.RewriteLayout(0x5bdf401cb158)]: 0 failure(s)
2026-04-07 15:17:38 [INFO] [evolutionary_search.cc:647] Scores of the best 64 candidates:
[1 : 16]:	1.0000  0.9975  0.9974  0.9971  0.9965  0.9964  0.9963  0.9959  0.9956  0.9950  0.9944  0.9941  0.9937  0.9934  0.9928  0.9927
[17 : 32]:	0.9919  0.9912  0.9903  0.9900  0.9896  0.9883  0.9882  0.9879  0.9862  0.9858  0.9856  0.9855  0.9855  0.9852  0.9849  0.9836
[33 : 48]:	0.9825  0.9805  0.9798  0.9787  0.9784  0.9778  0.9770  0.9768  0.9764  0.9763  0.9755  0.9745  0.9719  0.9714  0.9712  0.9707
[49 : 64]:	0.9701  0.9691  0.9690  0.9689  0.9687  0.9683  0.9673  0.9672  0.9660  0.9635  0.9634  0.9632  0.9632  0.9630  0.9625  0.9608
2026-04-07 15:17:38 [INFO] [evolutionary_search.cc:725] Got 64 candidate(s) with evolutionary search
2026-04-07 15:17:38 [INFO] [evolutionary_search.cc:728] Sending 64 candidates(s) for measurement
2026-04-07 15:18:02 [INFO] [task_scheduler.cc:137] [Task #0: main] Trial #1: GFLOPs: 96.9682. Time: 194.6449 us. Best GFLOPs: 96.9682
2026-04-07 15:18:02 [INFO] [task_scheduler.cc:137] [Task #0: main] Trial #2: GFLOPs: 67.1534. Time: 281.0633 us. Best GFLOPs: 96.9682
2026-04-07 15:18:02 [INFO] [task_scheduler.cc:137] [Task #0: main] Trial #3: GFLOPs: 32.8194. Time: 575.0986 us. Best GFLOPs: 96.9682
2026-04-07 15:18:02 [INFO] [task_scheduler.cc:137] [Task #0: main] Trial #4: GFLOPs: 49.1698. Time: 383.8611 us. Best GFLOPs: 96.9682
2026-04-07 15:18:02 [INFO] [task_scheduler.cc:137] [Task #0: main] Trial #5: GFLOPs: 74.0567. Time: 254.8636 us. Best GFLOPs: 96.9682
2026-04-07 15:18:02 [INFO] [task_scheduler.cc:137] [Task #0: main] Trial #6: GFLOPs: 80.0511. Time: 235.7791 us. Best GFLOPs: 96.9682
2026-04-07 15:18:02 [INFO] [task_scheduler.cc:137] [Task #0: main] Trial #7: GFLOPs: 59.5444. Time: 316.9798 us. Best GFLOPs: 96.9682
2026-04-07 15:18:02 [INFO] [task_scheduler.cc:137] [Task #0: main] Trial #8: GFLOPs: 26.4359. Time: 713.9664 us. Best GFLOPs: 96.9682
2026-04-07 15:18:02 [INFO] [task_scheduler.cc:137] [Task #0: main] Trial #9: GFLOPs: 58.5642. Time: 322.2851 us. Best GFLOPs: 96.9682
2026-04-07 15:18:02 [INFO] [task_scheduler.cc:137] [Task #0: main] Trial #10: GFLOPs: 42.6492. Time: 442.5491 us. Best GFLOPs: 96.9682
2026-04-07 15:18:02 [INFO] [task_scheduler.cc:137] [Task #0: main] Trial #11: GFLOPs: 21.0303. Time: 897.4858 us. Best GFLOPs: 96.9682
2026-04-07 15:18:02 [INFO] [task_scheduler.cc:137] [Task #0: main] Trial #12: GFLOPs: 19.2681. Time: 979.5638 us. Best GFLOPs: 96.9682
2026-04-07 15:18:02 [INFO] [task_scheduler.cc:137] [Task #0: main] Trial #13: GFLOPs: 23.3827. Time: 807.1940 us. Best GFLOPs: 96.9682
2026-04-07 15:18:02 [INFO] [task_scheduler.cc:137] [Task #0: main] Trial #14: GFLOPs: 9.5674. Time: 1972.7757 us. Best GFLOPs: 96.9682
2026-04-07 15:18:02 [INFO] [task_scheduler.cc:137] [Task #0: main] Trial #15: GFLOPs: 35.2822. Time: 534.9537 us. Best GFLOPs: 96.9682
2026-04-07 15:18:02 [INFO] [task_scheduler.cc:137] [Task #0: main] Trial #16: GFLOPs: 13.2190. Time: 1427.8180 us. Best GFLOPs: 96.9682
2026-04-07 15:18:02 [INFO] [task_scheduler.cc:137] [Task #0: main] Trial #17: GFLOPs: 95.2367. Time: 198.1838 us. Best GFLOPs: 96.9682
2026-04-07 15:18:02 [INFO] [task_scheduler.cc:137] [Task #0: main] Trial #18: GFLOPs: 80.7017. Time: 233.8783 us. Best GFLOPs: 96.9682
2026-04-07 15:18:02 [INFO] [task_scheduler.cc:137] [Task #0: main] Trial #19: GFLOPs: 6.9248. Time: 2725.6083 us. Best GFLOPs: 96.9682
2026-04-07 15:18:02 [INFO] [task_scheduler.cc:137] [Task #0: main] Trial #20: GFLOPs: 50.2530. Time: 375.5871 us. Best GFLOPs: 96.9682
2026-04-07 15:18:02 [INFO] [task_scheduler.cc:137] [Task #0: main] Trial #21: GFLOPs: 34.4046. Time: 548.6001 us. Best GFLOPs: 96.9682
2026-04-07 15:18:02 [INFO] [task_scheduler.cc:137] [Task #0: main] Trial #22: GFLOPs: 40.8480. Time: 462.0635 us. Best GFLOPs: 96.9682
2026-04-07 15:18:02 [INFO] [task_scheduler.cc:137] [Task #0: main] Trial #23: GFLOPs: 30.8623. Time: 611.5680 us. Best GFLOPs: 96.9682
2026-04-07 15:18:02 [INFO] [task_scheduler.cc:137] [Task #0: main] Trial #24: GFLOPs: 57.9571. Time: 325.6613 us. Best GFLOPs: 96.9682
2026-04-07 15:18:02 [INFO] [task_scheduler.cc:137] [Task #0: main] Trial #25: GFLOPs: 30.6149. Time: 616.5097 us. Best GFLOPs: 96.9682
2026-04-07 15:18:02 [INFO] [task_scheduler.cc:137] [Task #0: main] Trial #26: GFLOPs: 37.4545. Time: 503.9282 us. Best GFLOPs: 96.9682
2026-04-07 15:18:02 [INFO] [task_scheduler.cc:137] [Task #0: main] Trial #27: GFLOPs: 52.8658. Time: 357.0245 us. Best GFLOPs: 96.9682
2026-04-07 15:18:02 [INFO] [task_scheduler.cc:137] [Task #0: main] Trial #28: GFLOPs: 50.4672. Time: 373.9928 us. Best GFLOPs: 96.9682
2026-04-07 15:18:02 [INFO] [task_scheduler.cc:137] [Task #0: main] Trial #29: GFLOPs: 43.1036. Time: 437.8836 us. Best GFLOPs: 96.9682
2026-04-07 15:18:02 [INFO] [task_scheduler.cc:137] [Task #0: main] Trial #30: GFLOPs: 76.7911. Time: 245.7885 us. Best GFLOPs: 96.9682
2026-04-07 15:18:02 [INFO] [task_scheduler.cc:137] [Task #0: main] Trial #31: GFLOPs: 52.6877. Time: 358.2312 us. Best GFLOPs: 96.9682
2026-04-07 15:18:02 [INFO] [task_scheduler.cc:137] [Task #0: main] Trial #32: GFLOPs: 31.1778. Time: 605.3784 us. Best GFLOPs: 96.9682
2026-04-07 15:18:02 [INFO] [task_scheduler.cc:137] [Task #0: main] Trial #33: GFLOPs: 84.2162. Time: 224.1181 us. Best GFLOPs: 96.9682
2026-04-07 15:18:02 [INFO] [task_scheduler.cc:137] [Task #0: main] Trial #34: GFLOPs: 17.8776. Time: 1055.7543 us. Best GFLOPs: 96.9682
2026-04-07 15:18:02 [INFO] [task_scheduler.cc:137] [Task #0: main] Trial #35: GFLOPs: 36.1276. Time: 522.4367 us. Best GFLOPs: 96.9682
2026-04-07 15:18:02 [INFO] [task_scheduler.cc:137] [Task #0: main] Trial #36: GFLOPs: 88.5850. Time: 213.0651 us. Best GFLOPs: 96.9682
2026-04-07 15:18:02 [INFO] [task_scheduler.cc:137] [Task #0: main] Trial #37: GFLOPs: 43.9961. Time: 429.0008 us. Best GFLOPs: 96.9682
2026-04-07 15:18:02 [INFO] [task_scheduler.cc:137] [Task #0: main] Trial #38: GFLOPs: 83.8839. Time: 225.0059 us. Best GFLOPs: 96.9682
2026-04-07 15:18:02 [INFO] [task_scheduler.cc:137] [Task #0: main] Trial #39: GFLOPs: 9.6649. Time: 1952.8858 us. Best GFLOPs: 96.9682
2026-04-07 15:18:02 [INFO] [task_scheduler.cc:137] [Task #0: main] Trial #40: GFLOPs: 30.2782. Time: 623.3649 us. Best GFLOPs: 96.9682
2026-04-07 15:18:02 [INFO] [task_scheduler.cc:137] [Task #0: main] Trial #41: GFLOPs: 54.7048. Time: 345.0223 us. Best GFLOPs: 96.9682
2026-04-07 15:18:02 [INFO] [task_scheduler.cc:137] [Task #0: main] Trial #42: GFLOPs: 42.8351. Time: 440.6283 us. Best GFLOPs: 96.9682
2026-04-07 15:18:02 [INFO] [task_scheduler.cc:137] [Task #0: main] Trial #43: GFLOPs: 73.6188. Time: 256.3798 us. Best GFLOPs: 96.9682
2026-04-07 15:18:02 [INFO] [task_scheduler.cc:137] [Task #0: main] Trial #44: GFLOPs: 43.0634. Time: 438.2924 us. Best GFLOPs: 96.9682
2026-04-07 15:18:02 [INFO] [task_scheduler.cc:137] [Task #0: main] Trial #45: GFLOPs: 18.8549. Time: 1001.0331 us. Best GFLOPs: 96.9682
2026-04-07 15:18:02 [INFO] [task_scheduler.cc:137] [Task #0: main] Trial #46: GFLOPs: 35.2360. Time: 535.6565 us. Best GFLOPs: 96.9682
2026-04-07 15:18:02 [INFO] [task_scheduler.cc:137] [Task #0: main] Trial #47: GFLOPs: 64.8464. Time: 291.0625 us. Best GFLOPs: 96.9682
2026-04-07 15:18:02 [INFO] [task_scheduler.cc:137] [Task #0: main] Trial #48: GFLOPs: 68.4654. Time: 275.6775 us. Best GFLOPs: 96.9682
2026-04-07 15:18:02 [INFO] [task_scheduler.cc:137] [Task #0: main] Trial #49: GFLOPs: 82.2694. Time: 229.4214 us. Best GFLOPs: 96.9682
2026-04-07 15:18:02 [INFO] [task_scheduler.cc:137] [Task #0: main] Trial #50: GFLOPs: 62.1473. Time: 303.7039 us. Best GFLOPs: 96.9682
2026-04-07 15:18:02 [INFO] [task_scheduler.cc:137] [Task #0: main] Trial #51: GFLOPs: 36.9238. Time: 511.1714 us. Best GFLOPs: 96.9682
2026-04-07 15:18:02 [INFO] [task_scheduler.cc:137] [Task #0: main] Trial #52: GFLOPs: 83.6428. Time: 225.6545 us. Best GFLOPs: 96.9682
2026-04-07 15:18:02 [INFO] [task_scheduler.cc:137] [Task #0: main] Trial #53: GFLOPs: 32.5668. Time: 579.5579 us. Best GFLOPs: 96.9682
2026-04-07 15:18:02 [INFO] [task_scheduler.cc:137] [Task #0: main] Trial #54: GFLOPs: 16.6528. Time: 1133.4068 us. Best GFLOPs: 96.9682
2026-04-07 15:18:02 [INFO] [task_scheduler.cc:137] [Task #0: main] Trial #55: GFLOPs: 6.2690. Time: 3010.7565 us. Best GFLOPs: 96.9682
2026-04-07 15:18:02 [INFO] [task_scheduler.cc:137] [Task #0: main] Trial #56: GFLOPs: 53.4160. Time: 353.3467 us. Best GFLOPs: 96.9682
2026-04-07 15:18:02 [INFO] [task_scheduler.cc:137] [Task #0: main] Trial #57: GFLOPs: 35.2945. Time: 534.7686 us. Best GFLOPs: 96.9682
2026-04-07 15:18:02 [INFO] [task_scheduler.cc:137] [Task #0: main] Trial #58: GFLOPs: 14.3891. Time: 1311.7094 us. Best GFLOPs: 96.9682
2026-04-07 15:18:02 [INFO] [task_scheduler.cc:137] [Task #0: main] Trial #59: GFLOPs: 24.4956. Time: 770.5201 us. Best GFLOPs: 96.9682
2026-04-07 15:18:02 [INFO] [task_scheduler.cc:137] [Task #0: main] Trial #60: GFLOPs: 10.7444. Time: 1756.6679 us. Best GFLOPs: 96.9682
2026-04-07 15:18:02 [INFO] [task_scheduler.cc:137] [Task #0: main] Trial #61: GFLOPs: 55.4888. Time: 340.1471 us. Best GFLOPs: 96.9682
2026-04-07 15:18:02 [INFO] [task_scheduler.cc:137] [Task #0: main] Trial #62: GFLOPs: 16.2837. Time: 1159.0923 us. Best GFLOPs: 96.9682
2026-04-07 15:18:02 [INFO] [task_scheduler.cc:137] [Task #0: main] Trial #63: GFLOPs: 15.6202. Time: 1208.3286 us. Best GFLOPs: 96.9682
2026-04-07 15:18:02 [INFO] [task_scheduler.cc:137] [Task #0: main] Trial #64: GFLOPs: 57.6657. Time: 327.3065 us. Best GFLOPs: 96.9682
2026-04-07 15:18:02 [INFO] [evolutionary_search.cc:711] Generating candidates......
2026-04-07 15:18:02 [INFO] [evolutionary_search.cc:713] Picked top 64 candidate(s) from database
2026-04-07 15:18:02 [INFO] [evolutionary_search.cc:530] Sample-Init-Population summary:
Postproc #0 [meta_schedule.DisallowDynamicLoop(0x5bdf3f384258)]: 0 failure(s)
Postproc #1 [meta_schedule.RewriteParallelVectorizeUnroll(0x5bdf3f660728)]: 0 failure(s)
Postproc #2 [meta_schedule.RewriteReductionBlock(0x5bdf4030aec8)]: 0 failure(s)
Postproc #3 [meta_schedule.RewriteLayout(0x5bdf401cb158)]: 0 failure(s)
2026-04-07 15:18:02 [INFO] [evolutionary_search.cc:721] Sampled 397 candidate(s)
2026-04-07 15:18:03 [INFO] [evolutionary_search.cc:619] Evolve iter #0 done. Summary:
Postproc #0 [meta_schedule.DisallowDynamicLoop(0x5bdf3f384258)]: 0 failure(s)
Postproc #1 [meta_schedule.RewriteParallelVectorizeUnroll(0x5bdf3f660728)]: 0 failure(s)
Postproc #2 [meta_schedule.RewriteReductionBlock(0x5bdf4030aec8)]: 0 failure(s)
Postproc #3 [meta_schedule.RewriteLayout(0x5bdf401cb158)]: 0 failure(s)
2026-04-07 15:18:03 [INFO] [evolutionary_search.cc:619] Evolve iter #1 done. Summary:
Postproc #0 [meta_schedule.DisallowDynamicLoop(0x5bdf3f384258)]: 0 failure(s)
Postproc #1 [meta_schedule.RewriteParallelVectorizeUnroll(0x5bdf3f660728)]: 0 failure(s)
Postproc #2 [meta_schedule.RewriteReductionBlock(0x5bdf4030aec8)]: 0 failure(s)
Postproc #3 [meta_schedule.RewriteLayout(0x5bdf401cb158)]: 0 failure(s)
2026-04-07 15:18:03 [INFO] [evolutionary_search.cc:619] Evolve iter #2 done. Summary:
Postproc #0 [meta_schedule.DisallowDynamicLoop(0x5bdf3f384258)]: 0 failure(s)
Postproc #1 [meta_schedule.RewriteParallelVectorizeUnroll(0x5bdf3f660728)]: 0 failure(s)
Postproc #2 [meta_schedule.RewriteReductionBlock(0x5bdf4030aec8)]: 0 failure(s)
Postproc #3 [meta_schedule.RewriteLayout(0x5bdf401cb158)]: 0 failure(s)
2026-04-07 15:18:03 [INFO] [evolutionary_search.cc:647] Scores of the best 64 candidates:
[1 : 16]:	0.9994  0.9990  0.9980  0.9978  0.9975  0.9971  0.9957  0.9938  0.9933  0.9912  0.9896  0.9891  0.9884  0.9883  0.9850  0.9838
[17 : 32]:	0.9831  0.9822  0.9810  0.9803  0.9791  0.9787  0.9772  0.9769  0.9765  0.9758  0.9746  0.9738  0.9736  0.9728  0.9722  0.9721
[33 : 48]:	0.9713  0.9680  0.9678  0.9665  0.9660  0.9660  0.9660  0.9658  0.9656  0.9645  0.9637  0.9633  0.9630  0.9622  0.9621  0.9612
[49 : 64]:	0.9612  0.9610  0.9609  0.9598  0.9578  0.9562  0.9551  0.9550  0.9546  0.9546  0.9537  0.9536  0.9534  0.9524  0.9521  0.9519
2026-04-07 15:18:03 [INFO] [evolutionary_search.cc:725] Got 64 candidate(s) with evolutionary search
2026-04-07 15:18:03 [INFO] [evolutionary_search.cc:728] Sending 64 candidates(s) for measurement
2026-04-07 15:18:31 [INFO] [task_scheduler.cc:137] [Task #0: main] Trial #65: GFLOPs: 15.3861. Time: 1226.7194 us. Best GFLOPs: 96.9682
2026-04-07 15:18:31 [INFO] [task_scheduler.cc:137] [Task #0: main] Trial #66: GFLOPs: 25.6813. Time: 734.9461 us. Best GFLOPs: 96.9682
2026-04-07 15:18:31 [INFO] [task_scheduler.cc:137] [Task #0: main] Trial #67: GFLOPs: 16.0337. Time: 1177.1703 us. Best GFLOPs: 96.9682
2026-04-07 15:18:31 [INFO] [task_scheduler.cc:137] [Task #0: main] Trial #68: GFLOPs: 18.9113. Time: 998.0459 us. Best GFLOPs: 96.9682
2026-04-07 15:18:31 [INFO] [task_scheduler.cc:137] [Task #0: main] Trial #69: GFLOPs: 34.2531. Time: 551.0261 us. Best GFLOPs: 96.9682
2026-04-07 15:18:31 [INFO] [task_scheduler.cc:137] [Task #0: main] Trial #70: GFLOPs: 15.4295. Time: 1223.2650 us. Best GFLOPs: 96.9682
2026-04-07 15:18:31 [INFO] [task_scheduler.cc:137] [Task #0: main] Trial #71: GFLOPs: 88.3239. Time: 213.6949 us. Best GFLOPs: 96.9682
2026-04-07 15:18:31 [INFO] [task_scheduler.cc:137] [Task #0: main] Trial #72: GFLOPs: 56.7337. Time: 332.6836 us. Best GFLOPs: 96.9682
2026-04-07 15:18:31 [INFO] [task_scheduler.cc:137] [Task #0: main] Trial #73: GFLOPs: 26.4379. Time: 713.9138 us. Best GFLOPs: 96.9682
2026-04-07 15:18:31 [INFO] [task_scheduler.cc:137] [Task #0: main] Trial #74: GFLOPs: 34.4630. Time: 547.6711 us. Best GFLOPs: 96.9682
2026-04-07 15:18:31 [INFO] [task_scheduler.cc:137] [Task #0: main] Trial #75: GFLOPs: 24.7924. Time: 761.2957 us. Best GFLOPs: 96.9682
2026-04-07 15:18:31 [INFO] [task_scheduler.cc:137] [Task #0: main] Trial #76: GFLOPs: 32.3961. Time: 582.6121 us. Best GFLOPs: 96.9682
2026-04-07 15:18:31 [INFO] [task_scheduler.cc:137] [Task #0: main] Trial #77: GFLOPs: 21.5972. Time: 873.9265 us. Best GFLOPs: 96.9682
2026-04-07 15:18:31 [INFO] [task_scheduler.cc:137] [Task #0: main] Trial #78: GFLOPs: 40.9173. Time: 461.2807 us. Best GFLOPs: 96.9682
2026-04-07 15:18:31 [INFO] [task_scheduler.cc:137] [Task #0: main] Trial #79: GFLOPs: 73.3449. Time: 257.3372 us. Best GFLOPs: 96.9682
2026-04-07 15:18:31 [INFO] [task_scheduler.cc:137] [Task #0: main] Trial #80: GFLOPs: 27.9034. Time: 676.4170 us. Best GFLOPs: 96.9682
2026-04-07 15:18:31 [INFO] [task_scheduler.cc:137] [Task #0: main] Trial #81: GFLOPs: 30.0636. Time: 627.8138 us. Best GFLOPs: 96.9682
2026-04-07 15:18:31 [INFO] [task_scheduler.cc:137] [Task #0: main] Trial #82: GFLOPs: 4.9275. Time: 3830.4005 us. Best GFLOPs: 96.9682
2026-04-07 15:18:31 [INFO] [task_scheduler.cc:137] [Task #0: main] Trial #83: GFLOPs: 57.6237. Time: 327.5451 us. Best GFLOPs: 96.9682
2026-04-07 15:18:31 [INFO] [task_scheduler.cc:137] [Task #0: main] Trial #84: GFLOPs: 37.5206. Time: 503.0396 us. Best GFLOPs: 96.9682
2026-04-07 15:18:31 [INFO] [task_scheduler.cc:137] [Task #0: main] Trial #85: GFLOPs: 54.8242. Time: 344.2710 us. Best GFLOPs: 96.9682
2026-04-07 15:18:31 [INFO] [task_scheduler.cc:137] [Task #0: main] Trial #86: GFLOPs: 25.4787. Time: 740.7898 us. Best GFLOPs: 96.9682
2026-04-07 15:18:31 [INFO] [task_scheduler.cc:137] [Task #0: main] Trial #87: GFLOPs: 17.0818. Time: 1104.9432 us. Best GFLOPs: 96.9682
2026-04-07 15:18:31 [INFO] [task_scheduler.cc:137] [Task #0: main] Trial #88: GFLOPs: 34.0385. Time: 554.4999 us. Best GFLOPs: 96.9682
2026-04-07 15:18:31 [INFO] [task_scheduler.cc:137] [Task #0: main] Trial #89: GFLOPs: 66.2049. Time: 285.0901 us. Best GFLOPs: 96.9682
2026-04-07 15:18:31 [INFO] [task_scheduler.cc:137] [Task #0: main] Trial #90: GFLOPs: 11.6639. Time: 1618.1894 us. Best GFLOPs: 96.9682
2026-04-07 15:18:31 [INFO] [task_scheduler.cc:137] [Task #0: main] Trial #91: GFLOPs: 43.7689. Time: 431.2275 us. Best GFLOPs: 96.9682
2026-04-07 15:18:31 [INFO] [task_scheduler.cc:137] [Task #0: main] Trial #92: GFLOPs: 19.8375. Time: 951.4468 us. Best GFLOPs: 96.9682
2026-04-07 15:18:31 [INFO] [task_scheduler.cc:137] [Task #0: main] Trial #93: GFLOPs: 14.9999. Time: 1258.2990 us. Best GFLOPs: 96.9682
2026-04-07 15:18:31 [INFO] [task_scheduler.cc:137] [Task #0: main] Trial #94: GFLOPs: 30.1136. Time: 626.7713 us. Best GFLOPs: 96.9682
2026-04-07 15:18:31 [INFO] [task_scheduler.cc:137] [Task #0: main] Trial #95: GFLOPs: 37.9733. Time: 497.0433 us. Best GFLOPs: 96.9682
2026-04-07 15:18:31 [INFO] [task_scheduler.cc:137] [Task #0: main] Trial #96: GFLOPs: 45.6748. Time: 413.2337 us. Best GFLOPs: 96.9682
2026-04-07 15:18:31 [INFO] [task_scheduler.cc:137] [Task #0: main] Trial #97: GFLOPs: 10.0939. Time: 1869.8848 us. Best GFLOPs: 96.9682
2026-04-07 15:18:31 [INFO] [task_scheduler.cc:137] [Task #0: main] Trial #98: GFLOPs: 7.4184. Time: 2544.2669 us. Best GFLOPs: 96.9682
2026-04-07 15:18:31 [INFO] [task_scheduler.cc:137] [Task #0: main] Trial #99: GFLOPs: 30.3958. Time: 620.9541 us. Best GFLOPs: 96.9682
2026-04-07 15:18:31 [INFO] [task_scheduler.cc:137] [Task #0: main] Trial #100: GFLOPs: 56.8410. Time: 332.0554 us. Best GFLOPs: 96.9682
2026-04-07 15:18:31 [INFO] [task_scheduler.cc:137] [Task #0: main] Trial #101: GFLOPs: 62.1608. Time: 303.6380 us. Best GFLOPs: 96.9682
2026-04-07 15:18:31 [INFO] [task_scheduler.cc:137] [Task #0: main] Trial #102: GFLOPs: 23.2905. Time: 810.3891 us. Best GFLOPs: 96.9682
2026-04-07 15:18:31 [INFO] [task_scheduler.cc:137] [Task #0: main] Trial #103: GFLOPs: 13.6521. Time: 1382.5217 us. Best GFLOPs: 96.9682
2026-04-07 15:18:31 [INFO] [task_scheduler.cc:137] [Task #0: main] Trial #104: GFLOPs: 49.7295. Time: 379.5405 us. Best GFLOPs: 96.9682
2026-04-07 15:18:31 [INFO] [task_scheduler.cc:137] [Task #0: main] Trial #105: GFLOPs: 19.3218. Time: 976.8454 us. Best GFLOPs: 96.9682
2026-04-07 15:18:31 [INFO] [task_scheduler.cc:137] [Task #0: main] Trial #106: GFLOPs: 13.3921. Time: 1409.3706 us. Best GFLOPs: 96.9682
2026-04-07 15:18:31 [INFO] [task_scheduler.cc:137] [Task #0: main] Trial #107: GFLOPs: 78.2747. Time: 241.1299 us. Best GFLOPs: 96.9682
2026-04-07 15:18:31 [INFO] [task_scheduler.cc:137] [Task #0: main] Trial #108: GFLOPs: 60.0343. Time: 314.3933 us. Best GFLOPs: 96.9682
2026-04-07 15:18:31 [INFO] [task_scheduler.cc:137] [Task #0: main] Trial #109: GFLOPs: 36.3836. Time: 518.7598 us. Best GFLOPs: 96.9682
2026-04-07 15:18:31 [INFO] [task_scheduler.cc:137] [Task #0: main] Trial #110: GFLOPs: 62.3919. Time: 302.5133 us. Best GFLOPs: 96.9682
2026-04-07 15:18:31 [INFO] [task_scheduler.cc:137] [Task #0: main] Trial #111: GFLOPs: 33.5540. Time: 562.5077 us. Best GFLOPs: 96.9682
2026-04-07 15:18:31 [INFO] [task_scheduler.cc:137] [Task #0: main] Trial #112: GFLOPs: 29.7407. Time: 634.6308 us. Best GFLOPs: 96.9682
2026-04-07 15:18:31 [INFO] [task_scheduler.cc:137] [Task #0: main] Trial #113: GFLOPs: 59.2529. Time: 318.5393 us. Best GFLOPs: 96.9682
2026-04-07 15:18:31 [INFO] [task_scheduler.cc:137] [Task #0: main] Trial #114: GFLOPs: 53.7918. Time: 350.8782 us. Best GFLOPs: 96.9682
2026-04-07 15:18:31 [INFO] [task_scheduler.cc:137] [Task #0: main] Trial #115: GFLOPs: 36.1270. Time: 522.4453 us. Best GFLOPs: 96.9682
2026-04-07 15:18:31 [INFO] [task_scheduler.cc:137] [Task #0: main] Trial #116: GFLOPs: 52.5074. Time: 359.4608 us. Best GFLOPs: 96.9682
2026-04-07 15:18:31 [INFO] [task_scheduler.cc:137] [Task #0: main] Trial #117: GFLOPs: 24.3771. Time: 774.2668 us. Best GFLOPs: 96.9682
2026-04-07 15:18:31 [INFO] [task_scheduler.cc:137] [Task #0: main] Trial #118: GFLOPs: 25.3795. Time: 743.6845 us. Best GFLOPs: 96.9682
2026-04-07 15:18:31 [INFO] [task_scheduler.cc:137] [Task #0: main] Trial #119: GFLOPs: 82.0590. Time: 230.0098 us. Best GFLOPs: 96.9682
2026-04-07 15:18:31 [INFO] [task_scheduler.cc:137] [Task #0: main] Trial #120: GFLOPs: 70.0502. Time: 269.4404 us. Best GFLOPs: 96.9682
2026-04-07 15:18:31 [INFO] [task_scheduler.cc:137] [Task #0: main] Trial #121: GFLOPs: 67.4958. Time: 279.6377 us. Best GFLOPs: 96.9682
2026-04-07 15:18:31 [INFO] [task_scheduler.cc:137] [Task #0: main] Trial #122: GFLOPs: 68.7003. Time: 274.7347 us. Best GFLOPs: 96.9682
2026-04-07 15:18:31 [INFO] [task_scheduler.cc:137] [Task #0: main] Trial #123: GFLOPs: 41.8317. Time: 451.1972 us. Best GFLOPs: 96.9682
2026-04-07 15:18:31 [INFO] [task_scheduler.cc:137] [Task #0: main] Trial #124: GFLOPs: 9.1821. Time: 2055.5722 us. Best GFLOPs: 96.9682
2026-04-07 15:18:31 [INFO] [task_scheduler.cc:137] [Task #0: main] Trial #125: GFLOPs: 34.7241. Time: 543.5523 us. Best GFLOPs: 96.9682
2026-04-07 15:18:31 [INFO] [task_scheduler.cc:137] [Task #0: main] Trial #126: GFLOPs: 56.0027. Time: 337.0262 us. Best GFLOPs: 96.9682
2026-04-07 15:18:31 [INFO] [task_scheduler.cc:137] [Task #0: main] Trial #127: GFLOPs: 41.7566. Time: 452.0088 us. Best GFLOPs: 96.9682
2026-04-07 15:18:31 [INFO] [task_scheduler.cc:137] [Task #0: main] Trial #128: GFLOPs: 21.0846. Time: 895.1746 us. Best GFLOPs: 96.9682
2026-04-07 15:18:31 [INFO] [evolutionary_search.cc:711] Generating candidates......
2026-04-07 15:18:31 [INFO] [evolutionary_search.cc:713] Picked top 92 candidate(s) from database
2026-04-07 15:18:31 [INFO] [evolutionary_search.cc:530] Sample-Init-Population summary:
Postproc #0 [meta_schedule.DisallowDynamicLoop(0x5bdf3f384258)]: 0 failure(s)
Postproc #1 [meta_schedule.RewriteParallelVectorizeUnroll(0x5bdf3f660728)]: 0 failure(s)
Postproc #2 [meta_schedule.RewriteReductionBlock(0x5bdf4030aec8)]: 0 failure(s)
Postproc #3 [meta_schedule.RewriteLayout(0x5bdf401cb158)]: 0 failure(s)
2026-04-07 15:18:31 [INFO] [evolutionary_search.cc:721] Sampled 369 candidate(s)
2026-04-07 15:18:32 [INFO] [evolutionary_search.cc:619] Evolve iter #0 done. Summary:
Postproc #0 [meta_schedule.DisallowDynamicLoop(0x5bdf3f384258)]: 0 failure(s)
Postproc #1 [meta_schedule.RewriteParallelVectorizeUnroll(0x5bdf3f660728)]: 0 failure(s)
Postproc #2 [meta_schedule.RewriteReductionBlock(0x5bdf4030aec8)]: 0 failure(s)
Postproc #3 [meta_schedule.RewriteLayout(0x5bdf401cb158)]: 0 failure(s)
2026-04-07 15:18:32 [INFO] [evolutionary_search.cc:619] Evolve iter #1 done. Summary:
Postproc #0 [meta_schedule.DisallowDynamicLoop(0x5bdf3f384258)]: 0 failure(s)
Postproc #1 [meta_schedule.RewriteParallelVectorizeUnroll(0x5bdf3f660728)]: 0 failure(s)
Postproc #2 [meta_schedule.RewriteReductionBlock(0x5bdf4030aec8)]: 0 failure(s)
Postproc #3 [meta_schedule.RewriteLayout(0x5bdf401cb158)]: 0 failure(s)
2026-04-07 15:18:33 [INFO] [evolutionary_search.cc:619] Evolve iter #2 done. Summary:
Postproc #0 [meta_schedule.DisallowDynamicLoop(0x5bdf3f384258)]: 0 failure(s)
Postproc #1 [meta_schedule.RewriteParallelVectorizeUnroll(0x5bdf3f660728)]: 0 failure(s)
Postproc #2 [meta_schedule.RewriteReductionBlock(0x5bdf4030aec8)]: 0 failure(s)
Postproc #3 [meta_schedule.RewriteLayout(0x5bdf401cb158)]: 0 failure(s)
2026-04-07 15:18:34 [INFO] [evolutionary_search.cc:647] Scores of the best 64 candidates:
[1 : 16]:	0.9475  0.9450  0.9122  0.9053  0.8965  0.8912  0.8893  0.8843  0.8795  0.8716  0.8679  0.8636  0.8627  0.8625  0.8613  0.8493
[17 : 32]:	0.8379  0.8301  0.8294  0.8272  0.8242  0.8240  0.8240  0.8217  0.8178  0.8151  0.8134  0.8063  0.8042  0.8010  0.7981  0.7981
[33 : 48]:	0.7921  0.7898  0.7877  0.7877  0.7873  0.7866  0.7840  0.7782  0.7779  0.7753  0.7740  0.7738  0.7713  0.7707  0.7682  0.7676
[49 : 64]:	0.7610  0.7585  0.7565  0.7548  0.7541  0.7531  0.7519  0.7513  0.7474  0.7474  0.7471  0.7448  0.7434  0.7425  0.7418  0.7407
2026-04-07 15:18:34 [INFO] [evolutionary_search.cc:725] Got 64 candidate(s) with evolutionary search
2026-04-07 15:18:34 [INFO] [evolutionary_search.cc:728] Sending 64 candidates(s) for measurement
2026-04-07 15:19:00 [INFO] [task_scheduler.cc:137] [Task #0: main] Trial #129: GFLOPs: 78.3068. Time: 241.0310 us. Best GFLOPs: 96.9682
2026-04-07 15:19:00 [INFO] [task_scheduler.cc:137] [Task #0: main] Trial #130: GFLOPs: 75.4809. Time: 250.0548 us. Best GFLOPs: 96.9682
2026-04-07 15:19:00 [INFO] [task_scheduler.cc:137] [Task #0: main] Trial #131: GFLOPs: 72.6330. Time: 259.8596 us. Best GFLOPs: 96.9682
2026-04-07 15:19:00 [INFO] [task_scheduler.cc:137] [Task #0: main] Trial #132: GFLOPs: 94.8852. Time: 198.9179 us. Best GFLOPs: 96.9682
2026-04-07 15:19:00 [INFO] [task_scheduler.cc:137] [Task #0: main] Trial #133: GFLOPs: 93.4305. Time: 202.0151 us. Best GFLOPs: 96.9682
2026-04-07 15:19:00 [INFO] [task_scheduler.cc:137] [Task #0: main] Trial #134: GFLOPs: 87.8793. Time: 214.7760 us. Best GFLOPs: 96.9682
2026-04-07 15:19:00 [INFO] [task_scheduler.cc:137] [Task #0: main] Trial #135: GFLOPs: 77.3898. Time: 243.8871 us. Best GFLOPs: 96.9682
2026-04-07 15:19:00 [INFO] [task_scheduler.cc:137] [Task #0: main] Trial #136: GFLOPs: 97.9189. Time: 192.7552 us. Best GFLOPs: 97.9189
2026-04-07 15:19:00 [INFO] [task_scheduler.cc:137] [Task #0: main] Trial #137: GFLOPs: 86.6014. Time: 217.9454 us. Best GFLOPs: 97.9189
2026-04-07 15:19:00 [INFO] [task_scheduler.cc:137] [Task #0: main] Trial #138: GFLOPs: 73.7330. Time: 255.9826 us. Best GFLOPs: 97.9189
2026-04-07 15:19:00 [INFO] [task_scheduler.cc:137] [Task #0: main] Trial #139: GFLOPs: 89.7158. Time: 210.3794 us. Best GFLOPs: 97.9189
2026-04-07 15:19:00 [INFO] [task_scheduler.cc:137] [Task #0: main] Trial #140: GFLOPs: 70.4194. Time: 268.0279 us. Best GFLOPs: 97.9189
2026-04-07 15:19:00 [INFO] [task_scheduler.cc:137] [Task #0: main] Trial #141: GFLOPs: 74.5947. Time: 253.0257 us. Best GFLOPs: 97.9189
2026-04-07 15:19:00 [INFO] [task_scheduler.cc:137] [Task #0: main] Trial #142: GFLOPs: 84.4282. Time: 223.5552 us. Best GFLOPs: 97.9189
2026-04-07 15:19:00 [INFO] [task_scheduler.cc:137] [Task #0: main] Trial #143: GFLOPs: 88.5526. Time: 213.1431 us. Best GFLOPs: 97.9189
2026-04-07 15:19:00 [INFO] [task_scheduler.cc:137] [Task #0: main] Trial #144: GFLOPs: 82.3035. Time: 229.3265 us. Best GFLOPs: 97.9189
2026-04-07 15:19:00 [INFO] [task_scheduler.cc:137] [Task #0: main] Trial #145: GFLOPs: 91.8181. Time: 205.5626 us. Best GFLOPs: 97.9189
2026-04-07 15:19:00 [INFO] [task_scheduler.cc:137] [Task #0: main] Trial #146: GFLOPs: 86.2670. Time: 218.7902 us. Best GFLOPs: 97.9189
2026-04-07 15:19:00 [INFO] [task_scheduler.cc:137] [Task #0: main] Trial #147: GFLOPs: 74.7868. Time: 252.3755 us. Best GFLOPs: 97.9189
2026-04-07 15:19:00 [INFO] [task_scheduler.cc:137] [Task #0: main] Trial #148: GFLOPs: 93.9663. Time: 200.8631 us. Best GFLOPs: 97.9189
2026-04-07 15:19:00 [INFO] [task_scheduler.cc:137] [Task #0: main] Trial #149: GFLOPs: 78.8203. Time: 239.4608 us. Best GFLOPs: 97.9189
2026-04-07 15:19:00 [INFO] [task_scheduler.cc:137] [Task #0: main] Trial #150: GFLOPs: 79.5088. Time: 237.3873 us. Best GFLOPs: 97.9189
2026-04-07 15:19:00 [INFO] [task_scheduler.cc:137] [Task #0: main] Trial #151: GFLOPs: 77.4089. Time: 243.8269 us. Best GFLOPs: 97.9189
2026-04-07 15:19:00 [INFO] [task_scheduler.cc:137] [Task #0: main] Trial #152: GFLOPs: 96.4697. Time: 195.6506 us. Best GFLOPs: 97.9189
2026-04-07 15:19:00 [INFO] [task_scheduler.cc:137] [Task #0: main] Trial #153: GFLOPs: 51.0527. Time: 369.7037 us. Best GFLOPs: 97.9189
2026-04-07 15:19:00 [INFO] [task_scheduler.cc:137] [Task #0: main] Trial #154: GFLOPs: 87.2229. Time: 216.3922 us. Best GFLOPs: 97.9189
2026-04-07 15:19:00 [INFO] [task_scheduler.cc:137] [Task #0: main] Trial #155: GFLOPs: 62.4538. Time: 302.2133 us. Best GFLOPs: 97.9189
2026-04-07 15:19:00 [INFO] [task_scheduler.cc:137] [Task #0: main] Trial #156: GFLOPs: 82.5594. Time: 228.6155 us. Best GFLOPs: 97.9189
2026-04-07 15:19:00 [INFO] [task_scheduler.cc:137] [Task #0: main] Trial #157: GFLOPs: 98.6205. Time: 191.3838 us. Best GFLOPs: 98.6205
2026-04-07 15:19:00 [INFO] [task_scheduler.cc:137] [Task #0: main] Trial #158: GFLOPs: 69.5775. Time: 271.2712 us. Best GFLOPs: 98.6205
2026-04-07 15:19:00 [INFO] [task_scheduler.cc:137] [Task #0: main] Trial #159: GFLOPs: 94.9462. Time: 198.7900 us. Best GFLOPs: 98.6205
2026-04-07 15:19:00 [INFO] [task_scheduler.cc:137] [Task #0: main] Trial #160: GFLOPs: 82.4393. Time: 228.9487 us. Best GFLOPs: 98.6205
2026-04-07 15:19:00 [INFO] [task_scheduler.cc:137] [Task #0: main] Trial #161: GFLOPs: 54.4736. Time: 346.4863 us. Best GFLOPs: 98.6205
2026-04-07 15:19:00 [INFO] [task_scheduler.cc:137] [Task #0: main] Trial #162: GFLOPs: 33.5099. Time: 563.2468 us. Best GFLOPs: 98.6205
2026-04-07 15:19:00 [INFO] [task_scheduler.cc:137] [Task #0: main] Trial #163: GFLOPs: 48.5932. Time: 388.4157 us. Best GFLOPs: 98.6205
2026-04-07 15:19:00 [INFO] [task_scheduler.cc:137] [Task #0: main] Trial #164: GFLOPs: 54.0949. Time: 348.9125 us. Best GFLOPs: 98.6205
2026-04-07 15:19:00 [INFO] [task_scheduler.cc:137] [Task #0: main] Trial #165: GFLOPs: 73.6475. Time: 256.2799 us. Best GFLOPs: 98.6205
2026-04-07 15:19:00 [INFO] [task_scheduler.cc:137] [Task #0: main] Trial #166: GFLOPs: 65.3651. Time: 288.7530 us. Best GFLOPs: 98.6205
2026-04-07 15:19:00 [INFO] [task_scheduler.cc:137] [Task #0: main] Trial #167: GFLOPs: 81.2318. Time: 232.3520 us. Best GFLOPs: 98.6205
2026-04-07 15:19:00 [INFO] [task_scheduler.cc:137] [Task #0: main] Trial #168: GFLOPs: 49.9377. Time: 377.9585 us. Best GFLOPs: 98.6205
2026-04-07 15:19:00 [INFO] [task_scheduler.cc:137] [Task #0: main] Trial #169: GFLOPs: 70.9520. Time: 266.0160 us. Best GFLOPs: 98.6205
2026-04-07 15:19:00 [INFO] [task_scheduler.cc:137] [Task #0: main] Trial #170: GFLOPs: 77.5268. Time: 243.4562 us. Best GFLOPs: 98.6205
2026-04-07 15:19:00 [INFO] [task_scheduler.cc:137] [Task #0: main] Trial #171: GFLOPs: 38.1499. Time: 494.7417 us. Best GFLOPs: 98.6205
2026-04-07 15:19:00 [INFO] [task_scheduler.cc:137] [Task #0: main] Trial #172: GFLOPs: 16.5927. Time: 1137.5116 us. Best GFLOPs: 98.6205
2026-04-07 15:19:00 [INFO] [task_scheduler.cc:137] [Task #0: main] Trial #173: GFLOPs: 44.3635. Time: 425.4482 us. Best GFLOPs: 98.6205
2026-04-07 15:19:00 [INFO] [task_scheduler.cc:137] [Task #0: main] Trial #174: GFLOPs: 51.9393. Time: 363.3926 us. Best GFLOPs: 98.6205
2026-04-07 15:19:00 [INFO] [task_scheduler.cc:137] [Task #0: main] Trial #175: GFLOPs: 92.9180. Time: 203.1292 us. Best GFLOPs: 98.6205
2026-04-07 15:19:00 [INFO] [task_scheduler.cc:137] [Task #0: main] Trial #176: GFLOPs: 78.3618. Time: 240.8618 us. Best GFLOPs: 98.6205
2026-04-07 15:19:00 [INFO] [task_scheduler.cc:137] [Task #0: main] Trial #177: GFLOPs: 77.0659. Time: 244.9120 us. Best GFLOPs: 98.6205
2026-04-07 15:19:00 [INFO] [task_scheduler.cc:137] [Task #0: main] Trial #178: GFLOPs: 85.5380. Time: 220.6548 us. Best GFLOPs: 98.6205
2026-04-07 15:19:00 [INFO] [task_scheduler.cc:137] [Task #0: main] Trial #179: GFLOPs: 86.8880. Time: 217.2264 us. Best GFLOPs: 98.6205
2026-04-07 15:19:00 [INFO] [task_scheduler.cc:137] [Task #0: main] Trial #180: GFLOPs: 83.8488. Time: 225.1002 us. Best GFLOPs: 98.6205
2026-04-07 15:19:00 [INFO] [task_scheduler.cc:137] [Task #0: main] Trial #181: GFLOPs: 61.0976. Time: 308.9214 us. Best GFLOPs: 98.6205
2026-04-07 15:19:00 [INFO] [task_scheduler.cc:137] [Task #0: main] Trial #182: GFLOPs: 74.4868. Time: 253.3922 us. Best GFLOPs: 98.6205
2026-04-07 15:19:00 [INFO] [task_scheduler.cc:137] [Task #0: main] Trial #183: GFLOPs: 80.8115. Time: 233.5603 us. Best GFLOPs: 98.6205
2026-04-07 15:19:00 [INFO] [task_scheduler.cc:137] [Task #0: main] Trial #184: GFLOPs: 74.3288. Time: 253.9308 us. Best GFLOPs: 98.6205
2026-04-07 15:19:00 [INFO] [task_scheduler.cc:137] [Task #0: main] Trial #185: GFLOPs: 84.2217. Time: 224.1034 us. Best GFLOPs: 98.6205
2026-04-07 15:19:00 [INFO] [task_scheduler.cc:137] [Task #0: main] Trial #186: GFLOPs: 83.1773. Time: 226.9174 us. Best GFLOPs: 98.6205
2026-04-07 15:19:00 [INFO] [task_scheduler.cc:137] [Task #0: main] Trial #187: GFLOPs: 17.6956. Time: 1066.6118 us. Best GFLOPs: 98.6205
2026-04-07 15:19:00 [INFO] [task_scheduler.cc:137] [Task #0: main] Trial #188: GFLOPs: 38.1973. Time: 494.1282 us. Best GFLOPs: 98.6205
2026-04-07 15:19:00 [INFO] [task_scheduler.cc:137] [Task #0: main] Trial #189: GFLOPs: 82.0869. Time: 229.9315 us. Best GFLOPs: 98.6205
2026-04-07 15:19:00 [INFO] [task_scheduler.cc:137] [Task #0: main] Trial #190: GFLOPs: 26.7597. Time: 705.3269 us. Best GFLOPs: 98.6205
2026-04-07 15:19:00 [INFO] [task_scheduler.cc:137] [Task #0: main] Trial #191: GFLOPs: 86.7720. Time: 217.5168 us. Best GFLOPs: 98.6205
2026-04-07 15:19:00 [INFO] [task_scheduler.cc:137] [Task #0: main] Trial #192: GFLOPs: 36.8515. Time: 512.1743 us. Best GFLOPs: 98.6205
2026-04-07 15:19:00 [INFO] [evolutionary_search.cc:711] Generating candidates......
2026-04-07 15:19:00 [INFO] [evolutionary_search.cc:713] Picked top 92 candidate(s) from database
2026-04-07 15:19:00 [INFO] [evolutionary_search.cc:530] Sample-Init-Population summary:
Postproc #0 [meta_schedule.DisallowDynamicLoop(0x5bdf3f384258)]: 0 failure(s)
Postproc #1 [meta_schedule.RewriteParallelVectorizeUnroll(0x5bdf3f660728)]: 0 failure(s)
Postproc #2 [meta_schedule.RewriteReductionBlock(0x5bdf4030aec8)]: 0 failure(s)
Postproc #3 [meta_schedule.RewriteLayout(0x5bdf401cb158)]: 0 failure(s)
2026-04-07 15:19:00 [INFO] [evolutionary_search.cc:721] Sampled 369 candidate(s)
2026-04-07 15:19:01 [INFO] [evolutionary_search.cc:619] Evolve iter #0 done. Summary:
Postproc #0 [meta_schedule.DisallowDynamicLoop(0x5bdf3f384258)]: 0 failure(s)
Postproc #1 [meta_schedule.RewriteParallelVectorizeUnroll(0x5bdf3f660728)]: 0 failure(s)
Postproc #2 [meta_schedule.RewriteReductionBlock(0x5bdf4030aec8)]: 0 failure(s)
Postproc #3 [meta_schedule.RewriteLayout(0x5bdf401cb158)]: 0 failure(s)
2026-04-07 15:19:02 [INFO] [evolutionary_search.cc:619] Evolve iter #1 done. Summary:
Postproc #0 [meta_schedule.DisallowDynamicLoop(0x5bdf3f384258)]: 0 failure(s)
Postproc #1 [meta_schedule.RewriteParallelVectorizeUnroll(0x5bdf3f660728)]: 0 failure(s)
Postproc #2 [meta_schedule.RewriteReductionBlock(0x5bdf4030aec8)]: 0 failure(s)
Postproc #3 [meta_schedule.RewriteLayout(0x5bdf401cb158)]: 0 failure(s)
2026-04-07 15:19:02 [INFO] [evolutionary_search.cc:619] Evolve iter #2 done. Summary:
Postproc #0 [meta_schedule.DisallowDynamicLoop(0x5bdf3f384258)]: 0 failure(s)
Postproc #1 [meta_schedule.RewriteParallelVectorizeUnroll(0x5bdf3f660728)]: 0 failure(s)
Postproc #2 [meta_schedule.RewriteReductionBlock(0x5bdf4030aec8)]: 0 failure(s)
Postproc #3 [meta_schedule.RewriteLayout(0x5bdf401cb158)]: 0 failure(s)
2026-04-07 15:19:03 [INFO] [evolutionary_search.cc:647] Scores of the best 38 candidates:
[1 : 16]:	0.9634  0.9562  0.9562  0.9438  0.9395  0.9337  0.9334  0.9322  0.9291  0.9287  0.9287  0.9251  0.9209  0.9154  0.9154  0.9099
[17 : 32]:	0.9094  0.9080  0.9075  0.9068  0.9066  0.9033  0.9031  0.9021  0.9021  0.9002  0.8989  0.8978  0.8968  0.8951  0.8951  0.8932
[33 : 38]:	0.8923  0.8914  0.8889  0.8886  0.8877  0.8839
2026-04-07 15:19:03 [INFO] [evolutionary_search.cc:725] Got 38 candidate(s) with evolutionary search
2026-04-07 15:19:03 [INFO] [evolutionary_search.cc:728] Sending 38 candidates(s) for measurement
2026-04-07 15:19:21 [INFO] [task_scheduler.cc:137] [Task #0: main] Trial #193: GFLOPs: 97.4582. Time: 193.6662 us. Best GFLOPs: 98.6205
2026-04-07 15:19:21 [INFO] [task_scheduler.cc:137] [Task #0: main] Trial #194: GFLOPs: 98.0022. Time: 192.5912 us. Best GFLOPs: 98.6205
2026-04-07 15:19:21 [INFO] [task_scheduler.cc:137] [Task #0: main] Trial #195: GFLOPs: 93.4661. Time: 201.9381 us. Best GFLOPs: 98.6205
2026-04-07 15:19:21 [INFO] [task_scheduler.cc:137] [Task #0: main] Trial #196: GFLOPs: 90.0068. Time: 209.6994 us. Best GFLOPs: 98.6205
2026-04-07 15:19:21 [INFO] [task_scheduler.cc:137] [Task #0: main] Trial #197: GFLOPs: 85.3004. Time: 221.2695 us. Best GFLOPs: 98.6205
2026-04-07 15:19:21 [INFO] [task_scheduler.cc:137] [Task #0: main] Trial #198: GFLOPs: 82.7851. Time: 227.9923 us. Best GFLOPs: 98.6205
2026-04-07 15:19:21 [INFO] [task_scheduler.cc:137] [Task #0: main] Trial #199: GFLOPs: 87.6085. Time: 215.4398 us. Best GFLOPs: 98.6205
2026-04-07 15:19:21 [INFO] [task_scheduler.cc:137] [Task #0: main] Trial #200: GFLOPs: 57.1947. Time: 330.0022 us. Best GFLOPs: 98.6205
2026-04-07 15:19:21 [INFO] [task_scheduler.cc:137] [Task #0: main] Trial #201: GFLOPs: 89.1683. Time: 211.6712 us. Best GFLOPs: 98.6205
2026-04-07 15:19:21 [INFO] [task_scheduler.cc:137] [Task #0: main] Trial #202: GFLOPs: 93.7489. Time: 201.3289 us. Best GFLOPs: 98.6205
2026-04-07 15:19:21 [INFO] [task_scheduler.cc:137] [Task #0: main] Trial #203: GFLOPs: 94.5806. Time: 199.5586 us. Best GFLOPs: 98.6205
2026-04-07 15:19:21 [INFO] [task_scheduler.cc:137] [Task #0: main] Trial #204: GFLOPs: 36.4206. Time: 518.2339 us. Best GFLOPs: 98.6205
2026-04-07 15:19:21 [INFO] [task_scheduler.cc:137] [Task #0: main] Trial #205: GFLOPs: 78.5608. Time: 240.2516 us. Best GFLOPs: 98.6205
2026-04-07 15:19:21 [INFO] [task_scheduler.cc:137] [Task #0: main] Trial #206: GFLOPs: 94.4111. Time: 199.9168 us. Best GFLOPs: 98.6205
2026-04-07 15:19:21 [INFO] [task_scheduler.cc:137] [Task #0: main] Trial #207: GFLOPs: 82.5624. Time: 228.6074 us. Best GFLOPs: 98.6205
2026-04-07 15:19:21 [INFO] [task_scheduler.cc:137] [Task #0: main] Trial #208: GFLOPs: 99.5570. Time: 189.5836 us. Best GFLOPs: 99.5570
2026-04-07 15:19:21 [INFO] [task_scheduler.cc:137] [Task #0: main] Trial #209: GFLOPs: 72.9898. Time: 258.5892 us. Best GFLOPs: 99.5570
2026-04-07 15:19:21 [INFO] [task_scheduler.cc:137] [Task #0: main] Trial #210: GFLOPs: 97.9949. Time: 192.6056 us. Best GFLOPs: 99.5570
2026-04-07 15:19:21 [INFO] [task_scheduler.cc:137] [Task #0: main] Trial #211: GFLOPs: 57.4510. Time: 328.5301 us. Best GFLOPs: 99.5570
2026-04-07 15:19:21 [INFO] [task_scheduler.cc:137] [Task #0: main] Trial #212: GFLOPs: 72.3904. Time: 260.7301 us. Best GFLOPs: 99.5570
2026-04-07 15:19:21 [INFO] [task_scheduler.cc:137] [Task #0: main] Trial #213: GFLOPs: 98.6075. Time: 191.4091 us. Best GFLOPs: 99.5570
2026-04-07 15:19:21 [INFO] [task_scheduler.cc:137] [Task #0: main] Trial #214: GFLOPs: 68.9872. Time: 273.5925 us. Best GFLOPs: 99.5570
2026-04-07 15:19:21 [INFO] [task_scheduler.cc:137] [Task #0: main] Trial #215: GFLOPs: 57.8435. Time: 326.3006 us. Best GFLOPs: 99.5570
2026-04-07 15:19:21 [INFO] [task_scheduler.cc:137] [Task #0: main] Trial #216: GFLOPs: 72.6022. Time: 259.9697 us. Best GFLOPs: 99.5570
2026-04-07 15:19:21 [INFO] [task_scheduler.cc:137] [Task #0: main] Trial #217: GFLOPs: 82.3166. Time: 229.2899 us. Best GFLOPs: 99.5570
2026-04-07 15:19:21 [INFO] [task_scheduler.cc:137] [Task #0: main] Trial #218: GFLOPs: 80.0885. Time: 235.6689 us. Best GFLOPs: 99.5570
2026-04-07 15:19:21 [INFO] [task_scheduler.cc:137] [Task #0: main] Trial #219: GFLOPs: 61.6954. Time: 305.9282 us. Best GFLOPs: 99.5570
2026-04-07 15:19:21 [INFO] [task_scheduler.cc:137] [Task #0: main] Trial #220: GFLOPs: 81.4152. Time: 231.8285 us. Best GFLOPs: 99.5570
2026-04-07 15:19:21 [INFO] [task_scheduler.cc:137] [Task #0: main] Trial #221: GFLOPs: 77.6025. Time: 243.2186 us. Best GFLOPs: 99.5570
2026-04-07 15:19:21 [INFO] [task_scheduler.cc:137] [Task #0: main] Trial #222: GFLOPs: 64.8190. Time: 291.1858 us. Best GFLOPs: 99.5570
2026-04-07 15:19:21 [INFO] [task_scheduler.cc:137] [Task #0: main] Trial #223: GFLOPs: 73.4532. Time: 256.9576 us. Best GFLOPs: 99.5570
2026-04-07 15:19:21 [INFO] [task_scheduler.cc:137] [Task #0: main] Trial #224: GFLOPs: 91.1256. Time: 207.1247 us. Best GFLOPs: 99.5570
2026-04-07 15:19:21 [INFO] [task_scheduler.cc:137] [Task #0: main] Trial #225: GFLOPs: 83.6255. Time: 225.7012 us. Best GFLOPs: 99.5570
2026-04-07 15:19:21 [INFO] [task_scheduler.cc:137] [Task #0: main] Trial #226: GFLOPs: 84.3454. Time: 223.7748 us. Best GFLOPs: 99.5570
2026-04-07 15:19:21 [INFO] [task_scheduler.cc:137] [Task #0: main] Trial #227: GFLOPs: 69.7987. Time: 270.4113 us. Best GFLOPs: 99.5570
2026-04-07 15:19:21 [INFO] [task_scheduler.cc:137] [Task #0: main] Trial #228: GFLOPs: 23.5459. Time: 801.5981 us. Best GFLOPs: 99.5570
2026-04-07 15:19:21 [INFO] [task_scheduler.cc:137] [Task #0: main] Trial #229: GFLOPs: 27.5809. Time: 684.3276 us. Best GFLOPs: 99.5570
2026-04-07 15:19:21 [INFO] [task_scheduler.cc:137] [Task #0: main] Trial #230: GFLOPs: 23.2409. Time: 812.1192 us. Best GFLOPs: 99.5570
