2026-04-10 14:06:04 [INFO] [task_scheduler.cc:166] Initializing Task #0: "main"
2026-04-10 14:06:04 [INFO] [task_scheduler.cc:41] 
# from tvm.script import ir as I
# from tvm.script import tir as T

@I.ir_module
class Module:
    @T.prim_func
    def main(A: T.Buffer((128, 768), "float32"), B: T.Buffer((768, 3072), "float32"), C: T.Buffer((128, 3072), "float32")):
        T.func_attr({"tir.noalias": True})
        # with T.block("root"):
        for i, j, k in T.grid(128, 3072, 768):
            with T.block("C"):
                vi, vj, vk = T.axis.remap("SSR", [i, j, k])
                T.reads(A[vi, vk], B[vk, vj])
                T.writes(C[vi, vj])
                with T.init():
                    C[vi, vj] = T.float32(0.0)
                C[vi, vj] = C[vi, vj] + A[vi, vk] * B[vk, vj]
2026-04-10 14:06:04 [INFO] [task_scheduler.cc:170] Total 3 design space(s) generated
2026-04-10 14:06:04 [INFO] [task_scheduler.cc:176] Design space #0:
# from tvm.script import ir as I
# from tvm.script import tir as T

@I.ir_module
class Module:
    @T.prim_func
    def main(A: T.Buffer((128, 768), "float32"), B: T.Buffer((768, 3072), "float32"), C: T.Buffer((128, 3072), "float32")):
        T.func_attr({"tir.noalias": True})
        with T.block("root"):
            T.reads()
            T.writes()
            T.block_attr({"meta_schedule.parallel": 128, "meta_schedule.unroll_explicit": 0, "meta_schedule.vectorize": 64})
            C_global = T.alloc_buffer((128, 3072))
            for i_0, j_0, i_1, j_1 in T.grid(1, 8, 64, 1):
                for k_0, i_2, j_2, k_1, i_3, j_3 in T.grid(24, 1, 12, 32, 2, 32):
                    with T.block("C"):
                        vi = T.axis.spatial(128, i_0 * 128 + i_1 * 2 + i_2 * 2 + i_3)
                        vj = T.axis.spatial(3072, j_0 * 384 + j_1 * 384 + j_2 * 32 + j_3)
                        vk = T.axis.reduce(768, k_0 * 32 + k_1)
                        T.reads(A[vi, vk], B[vk, vj])
                        T.writes(C_global[vi, vj])
                        T.block_attr({"meta_schedule.tiling_structure": "SSRSRS"})
                        with T.init():
                            C_global[vi, vj] = T.float32(0.0)
                        C_global[vi, vj] = C_global[vi, vj] + A[vi, vk] * B[vk, vj]
                for ax0, ax1 in T.grid(2, 384):
                    with T.block("C_global"):
                        v0 = T.axis.spatial(128, i_1 * 2 + ax0)
                        v1 = T.axis.spatial(3072, j_0 * 384 + ax1)
                        T.reads(C_global[v0, v1])
                        T.writes(C[v0, v1])
                        C[v0, v1] = C_global[v0, v1]
b0 = sch.get_block(name="C", func_name="main")
b1 = sch.get_block(name="root", func_name="main")
sch.annotate(block_or_loop=b0, ann_key="meta_schedule.tiling_structure", ann_val="SSRSRS")
l2, l3, l4 = sch.get_loops(block=b0)
v5, v6, v7, v8 = sch.sample_perfect_tile(loop=l2, n=4, max_innermost_factor=64, decision=[1, 64, 1, 2])
l9, l10, l11, l12 = sch.split(loop=l2, factors=[v5, v6, v7, v8], preserve_unit_iters=True, disable_predication=False)
v13, v14, v15, v16 = sch.sample_perfect_tile(loop=l3, n=4, max_innermost_factor=64, decision=[8, 1, 12, 32])
l17, l18, l19, l20 = sch.split(loop=l3, factors=[v13, v14, v15, v16], preserve_unit_iters=True, disable_predication=False)
v21, v22 = sch.sample_perfect_tile(loop=l4, n=2, max_innermost_factor=64, decision=[24, 32])
l23, l24 = sch.split(loop=l4, factors=[v21, v22], preserve_unit_iters=True, disable_predication=False)
sch.reorder(l9, l17, l10, l18, l23, l11, l19, l24, l12, l20)
b25 = sch.cache_write(block=b0, write_buffer_index=0, storage_scope="global")
sch.reverse_compute_at(block=b25, loop=l18, preserve_unit_loops=True, index=-1)
sch.annotate(block_or_loop=b1, ann_key="meta_schedule.parallel", ann_val=128)
sch.annotate(block_or_loop=b1, ann_key="meta_schedule.vectorize", ann_val=64)
v26 = sch.sample_categorical(candidates=[0, 16, 64, 512], probs=[0.25, 0.25, 0.25, 0.25], decision=0)
sch.annotate(block_or_loop=b1, ann_key="meta_schedule.unroll_explicit", ann_val=v26)
2026-04-10 14:06:04 [INFO] [task_scheduler.cc:176] Design space #1:
# from tvm.script import ir as I
# from tvm.script import tir as T

@I.ir_module
class Module:
    @T.prim_func
    def main(A: T.Buffer((128, 768), "float32"), B: T.Buffer((768, 3072), "float32"), C: T.Buffer((128, 3072), "float32")):
        T.func_attr({"tir.noalias": True})
        with T.block("root"):
            T.reads()
            T.writes()
            T.block_attr({"meta_schedule.parallel": 128, "meta_schedule.unroll_explicit": 64, "meta_schedule.vectorize": 64})
            C_global = T.alloc_buffer((128, 3072))
            for i_0, j_0 in T.grid(1, 8):
                for i_1, j_1, k_0, i_2, j_2, k_1, i_3, j_3 in T.grid(64, 1, 24, 1, 12, 32, 2, 32):
                    with T.block("C"):
                        vi = T.axis.spatial(128, i_0 * 128 + i_1 * 2 + i_2 * 2 + i_3)
                        vj = T.axis.spatial(3072, j_0 * 384 + j_1 * 384 + j_2 * 32 + j_3)
                        vk = T.axis.reduce(768, k_0 * 32 + k_1)
                        T.reads(A[vi, vk], B[vk, vj])
                        T.writes(C_global[vi, vj])
                        T.block_attr({"meta_schedule.tiling_structure": "SSRSRS"})
                        with T.init():
                            C_global[vi, vj] = T.float32(0.0)
                        C_global[vi, vj] = C_global[vi, vj] + A[vi, vk] * B[vk, vj]
                for ax0, ax1 in T.grid(128, 384):
                    with T.block("C_global"):
                        v0 = T.axis.spatial(128, ax0)
                        v1 = T.axis.spatial(3072, j_0 * 384 + ax1)
                        T.reads(C_global[v0, v1])
                        T.writes(C[v0, v1])
                        C[v0, v1] = C_global[v0, v1]
b0 = sch.get_block(name="C", func_name="main")
b1 = sch.get_block(name="root", func_name="main")
sch.annotate(block_or_loop=b0, ann_key="meta_schedule.tiling_structure", ann_val="SSRSRS")
l2, l3, l4 = sch.get_loops(block=b0)
v5, v6, v7, v8 = sch.sample_perfect_tile(loop=l2, n=4, max_innermost_factor=64, decision=[1, 64, 1, 2])
l9, l10, l11, l12 = sch.split(loop=l2, factors=[v5, v6, v7, v8], preserve_unit_iters=True, disable_predication=False)
v13, v14, v15, v16 = sch.sample_perfect_tile(loop=l3, n=4, max_innermost_factor=64, decision=[8, 1, 12, 32])
l17, l18, l19, l20 = sch.split(loop=l3, factors=[v13, v14, v15, v16], preserve_unit_iters=True, disable_predication=False)
v21, v22 = sch.sample_perfect_tile(loop=l4, n=2, max_innermost_factor=64, decision=[24, 32])
l23, l24 = sch.split(loop=l4, factors=[v21, v22], preserve_unit_iters=True, disable_predication=False)
sch.reorder(l9, l17, l10, l18, l23, l11, l19, l24, l12, l20)
b25 = sch.cache_write(block=b0, write_buffer_index=0, storage_scope="global")
sch.reverse_compute_at(block=b25, loop=l17, preserve_unit_loops=True, index=-1)
sch.annotate(block_or_loop=b1, ann_key="meta_schedule.parallel", ann_val=128)
sch.annotate(block_or_loop=b1, ann_key="meta_schedule.vectorize", ann_val=64)
v26 = sch.sample_categorical(candidates=[0, 16, 64, 512], probs=[0.25, 0.25, 0.25, 0.25], decision=2)
sch.annotate(block_or_loop=b1, ann_key="meta_schedule.unroll_explicit", ann_val=v26)
2026-04-10 14:06:04 [INFO] [task_scheduler.cc:176] Design space #2:
# from tvm.script import ir as I
# from tvm.script import tir as T

@I.ir_module
class Module:
    @T.prim_func
    def main(A: T.Buffer((128, 768), "float32"), B: T.Buffer((768, 3072), "float32"), C: T.Buffer((128, 3072), "float32")):
        T.func_attr({"tir.noalias": True})
        with T.block("root"):
            T.reads()
            T.writes()
            T.block_attr({"meta_schedule.parallel": 128, "meta_schedule.unroll_explicit": 16, "meta_schedule.vectorize": 64})
            for i_0, j_0, i_1, j_1, k_0, i_2, j_2, k_1, i_3, j_3 in T.grid(1, 8, 64, 1, 24, 1, 12, 32, 2, 32):
                with T.block("C"):
                    vi = T.axis.spatial(128, i_0 * 128 + i_1 * 2 + i_2 * 2 + i_3)
                    vj = T.axis.spatial(3072, j_0 * 384 + j_1 * 384 + j_2 * 32 + j_3)
                    vk = T.axis.reduce(768, k_0 * 32 + k_1)
                    T.reads(A[vi, vk], B[vk, vj])
                    T.writes(C[vi, vj])
                    T.block_attr({"meta_schedule.tiling_structure": "SSRSRS"})
                    with T.init():
                        C[vi, vj] = T.float32(0.0)
                    C[vi, vj] = C[vi, vj] + A[vi, vk] * B[vk, vj]
b0 = sch.get_block(name="C", func_name="main")
b1 = sch.get_block(name="root", func_name="main")
sch.annotate(block_or_loop=b0, ann_key="meta_schedule.tiling_structure", ann_val="SSRSRS")
l2, l3, l4 = sch.get_loops(block=b0)
v5, v6, v7, v8 = sch.sample_perfect_tile(loop=l2, n=4, max_innermost_factor=64, decision=[1, 64, 1, 2])
l9, l10, l11, l12 = sch.split(loop=l2, factors=[v5, v6, v7, v8], preserve_unit_iters=True, disable_predication=False)
v13, v14, v15, v16 = sch.sample_perfect_tile(loop=l3, n=4, max_innermost_factor=64, decision=[8, 1, 12, 32])
l17, l18, l19, l20 = sch.split(loop=l3, factors=[v13, v14, v15, v16], preserve_unit_iters=True, disable_predication=False)
v21, v22 = sch.sample_perfect_tile(loop=l4, n=2, max_innermost_factor=64, decision=[24, 32])
l23, l24 = sch.split(loop=l4, factors=[v21, v22], preserve_unit_iters=True, disable_predication=False)
sch.reorder(l9, l17, l10, l18, l23, l11, l19, l24, l12, l20)
sch.annotate(block_or_loop=b1, ann_key="meta_schedule.parallel", ann_val=128)
sch.annotate(block_or_loop=b1, ann_key="meta_schedule.vectorize", ann_val=64)
v25 = sch.sample_categorical(candidates=[0, 16, 64, 512], probs=[0.25, 0.25, 0.25, 0.25], decision=1)
sch.annotate(block_or_loop=b1, ann_key="meta_schedule.unroll_explicit", ann_val=v25)
2026-04-10 14:06:04 [INFO] [evolutionary_search.cc:711] Generating candidates......
2026-04-10 14:06:04 [INFO] [evolutionary_search.cc:713] Picked top 0 candidate(s) from database
2026-04-10 14:06:04 [INFO] [evolutionary_search.cc:530] Sample-Init-Population summary:
Postproc #0 [meta_schedule.DisallowDynamicLoop(0x5cca8a3e9db8)]: 0 failure(s)
Postproc #1 [meta_schedule.RewriteParallelVectorizeUnroll(0x5cca8a873078)]: 0 failure(s)
Postproc #2 [meta_schedule.RewriteReductionBlock(0x5cca8a48e488)]: 0 failure(s)
Postproc #3 [meta_schedule.RewriteLayout(0x5cca89bcc5f8)]: 0 failure(s)
2026-04-10 14:06:04 [INFO] [evolutionary_search.cc:721] Sampled 384 candidate(s)
2026-04-10 14:06:04 [INFO] [evolutionary_search.cc:619] Evolve iter #0 done. Summary:
Postproc #0 [meta_schedule.DisallowDynamicLoop(0x5cca8a3e9db8)]: 0 failure(s)
Postproc #1 [meta_schedule.RewriteParallelVectorizeUnroll(0x5cca8a873078)]: 0 failure(s)
Postproc #2 [meta_schedule.RewriteReductionBlock(0x5cca8a48e488)]: 0 failure(s)
Postproc #3 [meta_schedule.RewriteLayout(0x5cca89bcc5f8)]: 0 failure(s)
2026-04-10 14:06:04 [INFO] [evolutionary_search.cc:619] Evolve iter #1 done. Summary:
Postproc #0 [meta_schedule.DisallowDynamicLoop(0x5cca8a3e9db8)]: 0 failure(s)
Postproc #1 [meta_schedule.RewriteParallelVectorizeUnroll(0x5cca8a873078)]: 0 failure(s)
Postproc #2 [meta_schedule.RewriteReductionBlock(0x5cca8a48e488)]: 0 failure(s)
Postproc #3 [meta_schedule.RewriteLayout(0x5cca89bcc5f8)]: 0 failure(s)
2026-04-10 14:06:04 [INFO] [evolutionary_search.cc:619] Evolve iter #2 done. Summary:
Postproc #0 [meta_schedule.DisallowDynamicLoop(0x5cca8a3e9db8)]: 0 failure(s)
Postproc #1 [meta_schedule.RewriteParallelVectorizeUnroll(0x5cca8a873078)]: 0 failure(s)
Postproc #2 [meta_schedule.RewriteReductionBlock(0x5cca8a48e488)]: 0 failure(s)
Postproc #3 [meta_schedule.RewriteLayout(0x5cca89bcc5f8)]: 0 failure(s)
2026-04-10 14:06:04 [INFO] [evolutionary_search.cc:647] Scores of the best 64 candidates:
[1 : 16]:	0.9996  0.9987  0.9981  0.9956  0.9956  0.9950  0.9942  0.9936  0.9930  0.9926  0.9922  0.9920  0.9905  0.9891  0.9885  0.9883
[17 : 32]:	0.9876  0.9873  0.9863  0.9848  0.9839  0.9825  0.9825  0.9803  0.9802  0.9799  0.9795  0.9791  0.9773  0.9769  0.9765  0.9764
[33 : 48]:	0.9759  0.9757  0.9752  0.9752  0.9745  0.9734  0.9727  0.9701  0.9698  0.9696  0.9696  0.9674  0.9674  0.9658  0.9657  0.9653
[49 : 64]:	0.9639  0.9611  0.9580  0.9574  0.9569  0.9560  0.9558  0.9553  0.9545  0.9532  0.9531  0.9528  0.9528  0.9518  0.9514  0.9511
2026-04-10 14:06:05 [INFO] [evolutionary_search.cc:725] Got 64 candidate(s) with evolutionary search
2026-04-10 14:06:05 [INFO] [evolutionary_search.cc:728] Sending 64 candidates(s) for measurement
2026-04-10 14:06:35 [INFO] [task_scheduler.cc:137] [Task #0: main] Trial #1: GFLOPs: 19.9287. Time: 30307.0195 us. Best GFLOPs: 19.9287
2026-04-10 14:06:35 [INFO] [task_scheduler.cc:137] [Task #0: main] Trial #2: GFLOPs: 28.8343. Time: 20946.5930 us. Best GFLOPs: 28.8343
2026-04-10 14:06:35 [INFO] [task_scheduler.cc:137] [Task #0: main] Trial #3: GFLOPs: 70.9895. Time: 8508.0102 us. Best GFLOPs: 70.9895
2026-04-10 14:06:35 [INFO] [task_scheduler.cc:137] [Task #0: main] Trial #4: GFLOPs: 50.1711. Time: 12038.3998 us. Best GFLOPs: 70.9895
2026-04-10 14:06:35 [INFO] [task_scheduler.cc:137] [Task #0: main] Trial #5: GFLOPs: 13.9796. Time: 43204.2980 us. Best GFLOPs: 70.9895
2026-04-10 14:06:35 [INFO] [task_scheduler.cc:137] [Task #0: main] Trial #6: GFLOPs: 34.5508. Time: 17480.9343 us. Best GFLOPs: 70.9895
2026-04-10 14:06:35 [INFO] [task_scheduler.cc:137] [Task #0: main] Trial #7: GFLOPs: 88.3384. Time: 6837.1123 us. Best GFLOPs: 88.3384
2026-04-10 14:06:35 [INFO] [task_scheduler.cc:137] [Task #0: main] Trial #8: GFLOPs: 45.5424. Time: 13261.9305 us. Best GFLOPs: 88.3384
2026-04-10 14:06:35 [INFO] [task_scheduler.cc:137] [Task #0: main] Trial #9: GFLOPs: 43.6996. Time: 13821.1732 us. Best GFLOPs: 88.3384
2026-04-10 14:06:35 [INFO] [task_scheduler.cc:137] [Task #0: main] Trial #10: GFLOPs: 38.3543. Time: 15747.3987 us. Best GFLOPs: 88.3384
2026-04-10 14:06:35 [INFO] [task_scheduler.cc:137] [Task #0: main] Trial #11: GFLOPs: 58.9356. Time: 10248.1235 us. Best GFLOPs: 88.3384
2026-04-10 14:06:35 [INFO] [task_scheduler.cc:137] [Task #0: main] Trial #12: GFLOPs: 18.9512. Time: 31870.3150 us. Best GFLOPs: 88.3384
2026-04-10 14:06:35 [INFO] [task_scheduler.cc:137] [Task #0: main] Trial #13: GFLOPs: 37.1867. Time: 16241.8417 us. Best GFLOPs: 88.3384
2026-04-10 14:06:35 [INFO] [task_scheduler.cc:137] [Task #0: main] Trial #14: GFLOPs: 27.6098. Time: 21875.5885 us. Best GFLOPs: 88.3384
2026-04-10 14:06:35 [INFO] [task_scheduler.cc:137] [Task #0: main] Trial #15: GFLOPs: 68.5931. Time: 8805.2554 us. Best GFLOPs: 88.3384
2026-04-10 14:06:35 [INFO] [task_scheduler.cc:137] [Task #0: main] Trial #16: GFLOPs: 15.3268. Time: 39406.8130 us. Best GFLOPs: 88.3384
2026-04-10 14:06:35 [INFO] [task_scheduler.cc:137] [Task #0: main] Trial #17: GFLOPs: 14.2590. Time: 42357.8743 us. Best GFLOPs: 88.3384
2026-04-10 14:06:35 [INFO] [task_scheduler.cc:137] [Task #0: main] Trial #18: GFLOPs: 39.6132. Time: 15246.9400 us. Best GFLOPs: 88.3384
2026-04-10 14:06:35 [INFO] [task_scheduler.cc:137] [Task #0: main] Trial #19: GFLOPs: 36.9598. Time: 16341.5233 us. Best GFLOPs: 88.3384
2026-04-10 14:06:35 [INFO] [task_scheduler.cc:137] [Task #0: main] Trial #20: GFLOPs: 40.5084. Time: 14910.0023 us. Best GFLOPs: 88.3384
2026-04-10 14:06:35 [INFO] [task_scheduler.cc:137] [Task #0: main] Trial #21: GFLOPs: 49.1566. Time: 12286.8412 us. Best GFLOPs: 88.3384
2026-04-10 14:06:35 [INFO] [task_scheduler.cc:137] [Task #0: main] Trial #22: GFLOPs: 70.4330. Time: 8575.2395 us. Best GFLOPs: 88.3384
2026-04-10 14:06:35 [INFO] [task_scheduler.cc:137] [Task #0: main] Trial #23: GFLOPs: 17.1135. Time: 35292.5240 us. Best GFLOPs: 88.3384
2026-04-10 14:06:35 [INFO] [task_scheduler.cc:137] [Task #0: main] Trial #24: GFLOPs: 26.2036. Time: 23049.5110 us. Best GFLOPs: 88.3384
2026-04-10 14:06:35 [INFO] [task_scheduler.cc:137] [Task #0: main] Trial #25: GFLOPs: 45.7924. Time: 13189.5065 us. Best GFLOPs: 88.3384
2026-04-10 14:06:35 [INFO] [task_scheduler.cc:137] [Task #0: main] Trial #26: GFLOPs: 52.1135. Time: 11589.6938 us. Best GFLOPs: 88.3384
2026-04-10 14:06:35 [INFO] [task_scheduler.cc:137] [Task #0: main] Trial #27: GFLOPs: 12.7920. Time: 47215.2610 us. Best GFLOPs: 88.3384
2026-04-10 14:06:35 [INFO] [task_scheduler.cc:137] [Task #0: main] Trial #28: GFLOPs: 44.6072. Time: 13539.9660 us. Best GFLOPs: 88.3384
2026-04-10 14:06:35 [INFO] [task_scheduler.cc:137] [Task #0: main] Trial #29: GFLOPs: 11.2645. Time: 53617.8050 us. Best GFLOPs: 88.3384
2026-04-10 14:06:35 [INFO] [task_scheduler.cc:137] [Task #0: main] Trial #30: GFLOPs: 55.3734. Time: 10907.3990 us. Best GFLOPs: 88.3384
2026-04-10 14:06:35 [INFO] [task_scheduler.cc:137] [Task #0: main] Trial #31: GFLOPs: 7.8763. Time: 76682.7480 us. Best GFLOPs: 88.3384
2026-04-10 14:06:35 [INFO] [task_scheduler.cc:137] [Task #0: main] Trial #32: GFLOPs: 10.2695. Time: 58812.9485 us. Best GFLOPs: 88.3384
2026-04-10 14:06:35 [INFO] [task_scheduler.cc:137] [Task #0: main] Trial #33: GFLOPs: 48.4492. Time: 12466.2598 us. Best GFLOPs: 88.3384
2026-04-10 14:06:35 [INFO] [task_scheduler.cc:137] [Task #0: main] Trial #34: GFLOPs: 39.3029. Time: 15367.2997 us. Best GFLOPs: 88.3384
2026-04-10 14:06:35 [INFO] [task_scheduler.cc:137] [Task #0: main] Trial #35: GFLOPs: 6.2121. Time: 97226.0310 us. Best GFLOPs: 88.3384
2026-04-10 14:06:35 [INFO] [task_scheduler.cc:137] [Task #0: main] Trial #36: GFLOPs: 1.9489. Time: 309903.1150 us. Best GFLOPs: 88.3384
2026-04-10 14:06:35 [INFO] [task_scheduler.cc:137] [Task #0: main] Trial #37: GFLOPs: 20.8731. Time: 28935.7435 us. Best GFLOPs: 88.3384
2026-04-10 14:06:35 [INFO] [task_scheduler.cc:137] [Task #0: main] Trial #38: GFLOPs: 6.2130. Time: 97211.6205 us. Best GFLOPs: 88.3384
2026-04-10 14:06:35 [INFO] [task_scheduler.cc:137] [Task #0: main] Trial #39: GFLOPs: 19.0154. Time: 31762.6383 us. Best GFLOPs: 88.3384
2026-04-10 14:06:35 [INFO] [task_scheduler.cc:137] [Task #0: main] Trial #40: GFLOPs: 15.8066. Time: 38210.5850 us. Best GFLOPs: 88.3384
2026-04-10 14:06:35 [INFO] [task_scheduler.cc:137] [Task #0: main] Trial #41: GFLOPs: 22.9255. Time: 26345.3055 us. Best GFLOPs: 88.3384
2026-04-10 14:06:35 [INFO] [task_scheduler.cc:137] [Task #0: main] Trial #42: GFLOPs: 19.5569. Time: 30883.2245 us. Best GFLOPs: 88.3384
2026-04-10 14:06:35 [INFO] [task_scheduler.cc:137] [Task #0: main] Trial #43: GFLOPs: 84.2177. Time: 7171.6480 us. Best GFLOPs: 88.3384
2026-04-10 14:06:35 [INFO] [task_scheduler.cc:137] [Task #0: main] Trial #44: GFLOPs: 54.2710. Time: 11128.9522 us. Best GFLOPs: 88.3384
2026-04-10 14:06:35 [INFO] [task_scheduler.cc:137] [Task #0: main] Trial #45: GFLOPs: 63.6549. Time: 9488.3530 us. Best GFLOPs: 88.3384
2026-04-10 14:06:35 [INFO] [task_scheduler.cc:137] [Task #0: main] Trial #46: GFLOPs: 47.6791. Time: 12667.5925 us. Best GFLOPs: 88.3384
2026-04-10 14:06:35 [INFO] [task_scheduler.cc:137] [Task #0: main] Trial #47: GFLOPs: 23.7283. Time: 25453.9445 us. Best GFLOPs: 88.3384
2026-04-10 14:06:35 [INFO] [task_scheduler.cc:137] [Task #0: main] Trial #48: GFLOPs: 36.1291. Time: 16717.2687 us. Best GFLOPs: 88.3384
2026-04-10 14:06:35 [INFO] [task_scheduler.cc:137] [Task #0: main] Trial #49: GFLOPs: 46.7546. Time: 12918.0745 us. Best GFLOPs: 88.3384
2026-04-10 14:06:35 [INFO] [task_scheduler.cc:137] [Task #0: main] Trial #50: GFLOPs: 47.3875. Time: 12745.5475 us. Best GFLOPs: 88.3384
2026-04-10 14:06:35 [INFO] [task_scheduler.cc:137] [Task #0: main] Trial #51: GFLOPs: 28.7508. Time: 21007.4390 us. Best GFLOPs: 88.3384
2026-04-10 14:06:35 [INFO] [task_scheduler.cc:137] [Task #0: main] Trial #52: GFLOPs: 34.8992. Time: 17306.3840 us. Best GFLOPs: 88.3384
2026-04-10 14:06:35 [INFO] [task_scheduler.cc:137] [Task #0: main] Trial #53: GFLOPs: 16.8740. Time: 35793.4430 us. Best GFLOPs: 88.3384
2026-04-10 14:06:35 [INFO] [task_scheduler.cc:137] [Task #0: main] Trial #54: GFLOPs: 63.2400. Time: 9550.5980 us. Best GFLOPs: 88.3384
2026-04-10 14:06:35 [INFO] [task_scheduler.cc:137] [Task #0: main] Trial #55: GFLOPs: 77.7217. Time: 7771.0552 us. Best GFLOPs: 88.3384
2026-04-10 14:06:35 [INFO] [task_scheduler.cc:137] [Task #0: main] Trial #56: GFLOPs: 12.2224. Time: 49415.9865 us. Best GFLOPs: 88.3384
2026-04-10 14:06:35 [INFO] [task_scheduler.cc:137] [Task #0: main] Trial #57: GFLOPs: 72.4213. Time: 8339.8106 us. Best GFLOPs: 88.3384
2026-04-10 14:06:35 [INFO] [task_scheduler.cc:137] [Task #0: main] Trial #58: GFLOPs: 66.6260. Time: 9065.2315 us. Best GFLOPs: 88.3384
2026-04-10 14:06:35 [INFO] [task_scheduler.cc:137] [Task #0: main] Trial #59: GFLOPs: 81.6589. Time: 7396.3708 us. Best GFLOPs: 88.3384
2026-04-10 14:06:35 [INFO] [task_scheduler.cc:137] [Task #0: main] Trial #60: GFLOPs: 28.5530. Time: 21152.9333 us. Best GFLOPs: 88.3384
2026-04-10 14:06:35 [INFO] [task_scheduler.cc:137] [Task #0: main] Trial #61: GFLOPs: 68.3991. Time: 8830.2324 us. Best GFLOPs: 88.3384
2026-04-10 14:06:35 [INFO] [task_scheduler.cc:137] [Task #0: main] Trial #62: GFLOPs: 44.1982. Time: 13665.2432 us. Best GFLOPs: 88.3384
2026-04-10 14:06:35 [INFO] [task_scheduler.cc:137] [Task #0: main] Trial #63: GFLOPs: 73.1036. Time: 8261.9650 us. Best GFLOPs: 88.3384
2026-04-10 14:06:35 [INFO] [task_scheduler.cc:137] [Task #0: main] Trial #64: GFLOPs: 45.2282. Time: 13354.0447 us. Best GFLOPs: 88.3384
2026-04-10 15:13:12 [INFO] [task_scheduler.cc:166] Initializing Task #0: "main"
2026-04-10 15:13:12 [INFO] [task_scheduler.cc:41] 
# from tvm.script import ir as I
# from tvm.script import tir as T

@I.ir_module
class Module:
    @T.prim_func
    def main(A: T.Buffer((128, 768), "float32"), B: T.Buffer((768, 3072), "float32"), C: T.Buffer((128, 3072), "float32")):
        T.func_attr({"tir.noalias": True})
        # with T.block("root"):
        for i, j, k in T.grid(128, 3072, 768):
            with T.block("C"):
                vi, vj, vk = T.axis.remap("SSR", [i, j, k])
                T.reads(A[vi, vk], B[vk, vj])
                T.writes(C[vi, vj])
                with T.init():
                    C[vi, vj] = T.float32(0.0)
                C[vi, vj] = C[vi, vj] + A[vi, vk] * B[vk, vj]
2026-04-10 15:13:12 [INFO] [task_scheduler.cc:170] Total 3 design space(s) generated
2026-04-10 15:13:12 [INFO] [task_scheduler.cc:176] Design space #0:
# from tvm.script import ir as I
# from tvm.script import tir as T

@I.ir_module
class Module:
    @T.prim_func
    def main(A: T.Buffer((128, 768), "float32"), B: T.Buffer((768, 3072), "float32"), C: T.Buffer((128, 3072), "float32")):
        T.func_attr({"tir.noalias": True})
        with T.block("root"):
            T.reads()
            T.writes()
            T.block_attr({"meta_schedule.parallel": 128, "meta_schedule.unroll_explicit": 16, "meta_schedule.vectorize": 64})
            C_global = T.alloc_buffer((128, 3072))
            for i_0, j_0, i_1, j_1 in T.grid(8, 8, 1, 6):
                for k_0, i_2, j_2, k_1, i_3, j_3 in T.grid(768, 2, 32, 1, 8, 2):
                    with T.block("C"):
                        vi = T.axis.spatial(128, i_0 * 16 + i_1 * 16 + i_2 * 8 + i_3)
                        vj = T.axis.spatial(3072, j_0 * 384 + j_1 * 64 + j_2 * 2 + j_3)
                        vk = T.axis.reduce(768, k_0 + k_1)
                        T.reads(A[vi, vk], B[vk, vj])
                        T.writes(C_global[vi, vj])
                        T.block_attr({"meta_schedule.tiling_structure": "SSRSRS"})
                        with T.init():
                            C_global[vi, vj] = T.float32(0.0)
                        C_global[vi, vj] = C_global[vi, vj] + A[vi, vk] * B[vk, vj]
                for ax0, ax1 in T.grid(16, 64):
                    with T.block("C_global"):
                        v0 = T.axis.spatial(128, i_0 * 16 + ax0)
                        v1 = T.axis.spatial(3072, j_0 * 384 + j_1 * 64 + ax1)
                        T.reads(C_global[v0, v1])
                        T.writes(C[v0, v1])
                        C[v0, v1] = C_global[v0, v1]
b0 = sch.get_block(name="C", func_name="main")
b1 = sch.get_block(name="root", func_name="main")
sch.annotate(block_or_loop=b0, ann_key="meta_schedule.tiling_structure", ann_val="SSRSRS")
l2, l3, l4 = sch.get_loops(block=b0)
v5, v6, v7, v8 = sch.sample_perfect_tile(loop=l2, n=4, max_innermost_factor=64, decision=[8, 1, 2, 8])
l9, l10, l11, l12 = sch.split(loop=l2, factors=[v5, v6, v7, v8], preserve_unit_iters=True, disable_predication=False)
v13, v14, v15, v16 = sch.sample_perfect_tile(loop=l3, n=4, max_innermost_factor=64, decision=[8, 6, 32, 2])
l17, l18, l19, l20 = sch.split(loop=l3, factors=[v13, v14, v15, v16], preserve_unit_iters=True, disable_predication=False)
v21, v22 = sch.sample_perfect_tile(loop=l4, n=2, max_innermost_factor=64, decision=[768, 1])
l23, l24 = sch.split(loop=l4, factors=[v21, v22], preserve_unit_iters=True, disable_predication=False)
sch.reorder(l9, l17, l10, l18, l23, l11, l19, l24, l12, l20)
b25 = sch.cache_write(block=b0, write_buffer_index=0, storage_scope="global")
sch.reverse_compute_at(block=b25, loop=l18, preserve_unit_loops=True, index=-1)
sch.annotate(block_or_loop=b1, ann_key="meta_schedule.parallel", ann_val=128)
sch.annotate(block_or_loop=b1, ann_key="meta_schedule.vectorize", ann_val=64)
v26 = sch.sample_categorical(candidates=[0, 16, 64, 512], probs=[0.25, 0.25, 0.25, 0.25], decision=1)
sch.annotate(block_or_loop=b1, ann_key="meta_schedule.unroll_explicit", ann_val=v26)
2026-04-10 15:13:12 [INFO] [task_scheduler.cc:176] Design space #1:
# from tvm.script import ir as I
# from tvm.script import tir as T

@I.ir_module
class Module:
    @T.prim_func
    def main(A: T.Buffer((128, 768), "float32"), B: T.Buffer((768, 3072), "float32"), C: T.Buffer((128, 3072), "float32")):
        T.func_attr({"tir.noalias": True})
        with T.block("root"):
            T.reads()
            T.writes()
            T.block_attr({"meta_schedule.parallel": 128, "meta_schedule.unroll_explicit": 64, "meta_schedule.vectorize": 64})
            C_global = T.alloc_buffer((128, 3072))
            for i_0, j_0 in T.grid(8, 8):
                for i_1, j_1, k_0, i_2, j_2, k_1, i_3, j_3 in T.grid(1, 6, 768, 2, 32, 1, 8, 2):
                    with T.block("C"):
                        vi = T.axis.spatial(128, i_0 * 16 + i_1 * 16 + i_2 * 8 + i_3)
                        vj = T.axis.spatial(3072, j_0 * 384 + j_1 * 64 + j_2 * 2 + j_3)
                        vk = T.axis.reduce(768, k_0 + k_1)
                        T.reads(A[vi, vk], B[vk, vj])
                        T.writes(C_global[vi, vj])
                        T.block_attr({"meta_schedule.tiling_structure": "SSRSRS"})
                        with T.init():
                            C_global[vi, vj] = T.float32(0.0)
                        C_global[vi, vj] = C_global[vi, vj] + A[vi, vk] * B[vk, vj]
                for ax0, ax1 in T.grid(16, 384):
                    with T.block("C_global"):
                        v0 = T.axis.spatial(128, i_0 * 16 + ax0)
                        v1 = T.axis.spatial(3072, j_0 * 384 + ax1)
                        T.reads(C_global[v0, v1])
                        T.writes(C[v0, v1])
                        C[v0, v1] = C_global[v0, v1]
b0 = sch.get_block(name="C", func_name="main")
b1 = sch.get_block(name="root", func_name="main")
sch.annotate(block_or_loop=b0, ann_key="meta_schedule.tiling_structure", ann_val="SSRSRS")
l2, l3, l4 = sch.get_loops(block=b0)
v5, v6, v7, v8 = sch.sample_perfect_tile(loop=l2, n=4, max_innermost_factor=64, decision=[8, 1, 2, 8])
l9, l10, l11, l12 = sch.split(loop=l2, factors=[v5, v6, v7, v8], preserve_unit_iters=True, disable_predication=False)
v13, v14, v15, v16 = sch.sample_perfect_tile(loop=l3, n=4, max_innermost_factor=64, decision=[8, 6, 32, 2])
l17, l18, l19, l20 = sch.split(loop=l3, factors=[v13, v14, v15, v16], preserve_unit_iters=True, disable_predication=False)
v21, v22 = sch.sample_perfect_tile(loop=l4, n=2, max_innermost_factor=64, decision=[768, 1])
l23, l24 = sch.split(loop=l4, factors=[v21, v22], preserve_unit_iters=True, disable_predication=False)
sch.reorder(l9, l17, l10, l18, l23, l11, l19, l24, l12, l20)
b25 = sch.cache_write(block=b0, write_buffer_index=0, storage_scope="global")
sch.reverse_compute_at(block=b25, loop=l17, preserve_unit_loops=True, index=-1)
sch.annotate(block_or_loop=b1, ann_key="meta_schedule.parallel", ann_val=128)
sch.annotate(block_or_loop=b1, ann_key="meta_schedule.vectorize", ann_val=64)
v26 = sch.sample_categorical(candidates=[0, 16, 64, 512], probs=[0.25, 0.25, 0.25, 0.25], decision=2)
sch.annotate(block_or_loop=b1, ann_key="meta_schedule.unroll_explicit", ann_val=v26)
2026-04-10 15:13:12 [INFO] [task_scheduler.cc:176] Design space #2:
# from tvm.script import ir as I
# from tvm.script import tir as T

@I.ir_module
class Module:
    @T.prim_func
    def main(A: T.Buffer((128, 768), "float32"), B: T.Buffer((768, 3072), "float32"), C: T.Buffer((128, 3072), "float32")):
        T.func_attr({"tir.noalias": True})
        with T.block("root"):
            T.reads()
            T.writes()
            T.block_attr({"meta_schedule.parallel": 128, "meta_schedule.unroll_explicit": 512, "meta_schedule.vectorize": 64})
            for i_0, j_0, i_1, j_1, k_0, i_2, j_2, k_1, i_3, j_3 in T.grid(8, 8, 1, 6, 768, 2, 32, 1, 8, 2):
                with T.block("C"):
                    vi = T.axis.spatial(128, i_0 * 16 + i_1 * 16 + i_2 * 8 + i_3)
                    vj = T.axis.spatial(3072, j_0 * 384 + j_1 * 64 + j_2 * 2 + j_3)
                    vk = T.axis.reduce(768, k_0 + k_1)
                    T.reads(A[vi, vk], B[vk, vj])
                    T.writes(C[vi, vj])
                    T.block_attr({"meta_schedule.tiling_structure": "SSRSRS"})
                    with T.init():
                        C[vi, vj] = T.float32(0.0)
                    C[vi, vj] = C[vi, vj] + A[vi, vk] * B[vk, vj]
b0 = sch.get_block(name="C", func_name="main")
b1 = sch.get_block(name="root", func_name="main")
sch.annotate(block_or_loop=b0, ann_key="meta_schedule.tiling_structure", ann_val="SSRSRS")
l2, l3, l4 = sch.get_loops(block=b0)
v5, v6, v7, v8 = sch.sample_perfect_tile(loop=l2, n=4, max_innermost_factor=64, decision=[8, 1, 2, 8])
l9, l10, l11, l12 = sch.split(loop=l2, factors=[v5, v6, v7, v8], preserve_unit_iters=True, disable_predication=False)
v13, v14, v15, v16 = sch.sample_perfect_tile(loop=l3, n=4, max_innermost_factor=64, decision=[8, 6, 32, 2])
l17, l18, l19, l20 = sch.split(loop=l3, factors=[v13, v14, v15, v16], preserve_unit_iters=True, disable_predication=False)
v21, v22 = sch.sample_perfect_tile(loop=l4, n=2, max_innermost_factor=64, decision=[768, 1])
l23, l24 = sch.split(loop=l4, factors=[v21, v22], preserve_unit_iters=True, disable_predication=False)
sch.reorder(l9, l17, l10, l18, l23, l11, l19, l24, l12, l20)
sch.annotate(block_or_loop=b1, ann_key="meta_schedule.parallel", ann_val=128)
sch.annotate(block_or_loop=b1, ann_key="meta_schedule.vectorize", ann_val=64)
v25 = sch.sample_categorical(candidates=[0, 16, 64, 512], probs=[0.25, 0.25, 0.25, 0.25], decision=3)
sch.annotate(block_or_loop=b1, ann_key="meta_schedule.unroll_explicit", ann_val=v25)
2026-04-10 15:13:12 [INFO] [evolutionary_search.cc:711] Generating candidates......
2026-04-10 15:13:12 [INFO] [evolutionary_search.cc:713] Picked top 64 candidate(s) from database
2026-04-10 15:13:12 [INFO] [evolutionary_search.cc:530] Sample-Init-Population summary:
Postproc #0 [meta_schedule.DisallowDynamicLoop(0x576592bb5288)]: 0 failure(s)
Postproc #1 [meta_schedule.RewriteParallelVectorizeUnroll(0x576592999198)]: 0 failure(s)
Postproc #2 [meta_schedule.RewriteReductionBlock(0x576591a69b38)]: 0 failure(s)
Postproc #3 [meta_schedule.RewriteLayout(0x5765929f94c8)]: 0 failure(s)
2026-04-10 15:13:12 [INFO] [evolutionary_search.cc:721] Sampled 396 candidate(s)
2026-04-10 15:13:12 [INFO] [evolutionary_search.cc:619] Evolve iter #0 done. Summary:
Postproc #0 [meta_schedule.DisallowDynamicLoop(0x576592bb5288)]: 0 failure(s)
Postproc #1 [meta_schedule.RewriteParallelVectorizeUnroll(0x576592999198)]: 0 failure(s)
Postproc #2 [meta_schedule.RewriteReductionBlock(0x576591a69b38)]: 0 failure(s)
Postproc #3 [meta_schedule.RewriteLayout(0x5765929f94c8)]: 0 failure(s)
2026-04-10 15:13:13 [INFO] [evolutionary_search.cc:619] Evolve iter #1 done. Summary:
Postproc #0 [meta_schedule.DisallowDynamicLoop(0x576592bb5288)]: 0 failure(s)
Postproc #1 [meta_schedule.RewriteParallelVectorizeUnroll(0x576592999198)]: 0 failure(s)
Postproc #2 [meta_schedule.RewriteReductionBlock(0x576591a69b38)]: 0 failure(s)
Postproc #3 [meta_schedule.RewriteLayout(0x5765929f94c8)]: 0 failure(s)
2026-04-10 15:13:13 [INFO] [evolutionary_search.cc:619] Evolve iter #2 done. Summary:
Postproc #0 [meta_schedule.DisallowDynamicLoop(0x576592bb5288)]: 0 failure(s)
Postproc #1 [meta_schedule.RewriteParallelVectorizeUnroll(0x576592999198)]: 0 failure(s)
Postproc #2 [meta_schedule.RewriteReductionBlock(0x576591a69b38)]: 0 failure(s)
Postproc #3 [meta_schedule.RewriteLayout(0x5765929f94c8)]: 0 failure(s)
2026-04-10 15:13:13 [INFO] [evolutionary_search.cc:647] Scores of the best 64 candidates:
[1 : 16]:	0.9986  0.9985  0.9977  0.9974  0.9970  0.9970  0.9956  0.9956  0.9955  0.9945  0.9935  0.9933  0.9925  0.9918  0.9916  0.9910
[17 : 32]:	0.9904  0.9904  0.9898  0.9897  0.9889  0.9878  0.9877  0.9857  0.9856  0.9810  0.9808  0.9807  0.9795  0.9791  0.9790  0.9780
[33 : 48]:	0.9779  0.9763  0.9747  0.9746  0.9731  0.9728  0.9720  0.9699  0.9696  0.9696  0.9691  0.9690  0.9686  0.9679  0.9675  0.9664
[49 : 64]:	0.9634  0.9633  0.9632  0.9627  0.9625  0.9620  0.9611  0.9603  0.9597  0.9591  0.9580  0.9568  0.9564  0.9552  0.9543  0.9542
2026-04-10 15:13:13 [INFO] [evolutionary_search.cc:725] Got 64 candidate(s) with evolutionary search
2026-04-10 15:13:13 [INFO] [evolutionary_search.cc:728] Sending 64 candidates(s) for measurement
2026-04-10 15:13:41 [INFO] [task_scheduler.cc:137] [Task #0: main] Trial #1: GFLOPs: 90.2263. Time: 6694.0521 us. Best GFLOPs: 90.2263
2026-04-10 15:13:41 [INFO] [task_scheduler.cc:137] [Task #0: main] Trial #2: GFLOPs: 28.2233. Time: 21400.0190 us. Best GFLOPs: 90.2263
2026-04-10 15:13:41 [INFO] [task_scheduler.cc:137] [Task #0: main] Trial #3: GFLOPs: 33.4368. Time: 18063.3263 us. Best GFLOPs: 90.2263
2026-04-10 15:13:41 [INFO] [task_scheduler.cc:137] [Task #0: main] Trial #4: GFLOPs: 87.0049. Time: 6941.9084 us. Best GFLOPs: 90.2263
2026-04-10 15:13:41 [INFO] [task_scheduler.cc:137] [Task #0: main] Trial #5: GFLOPs: 33.7185. Time: 17912.4123 us. Best GFLOPs: 90.2263
2026-04-10 15:13:41 [INFO] [task_scheduler.cc:137] [Task #0: main] Trial #6: GFLOPs: 34.2451. Time: 17636.9670 us. Best GFLOPs: 90.2263
2026-04-10 15:13:41 [INFO] [task_scheduler.cc:137] [Task #0: main] Trial #7: GFLOPs: 73.6136. Time: 8204.7253 us. Best GFLOPs: 90.2263
2026-04-10 15:13:41 [INFO] [task_scheduler.cc:137] [Task #0: main] Trial #8: GFLOPs: 35.3097. Time: 17105.1980 us. Best GFLOPs: 90.2263
2026-04-10 15:13:41 [INFO] [task_scheduler.cc:137] [Task #0: main] Trial #9: GFLOPs: 27.4500. Time: 22002.9120 us. Best GFLOPs: 90.2263
2026-04-10 15:13:41 [INFO] [task_scheduler.cc:137] [Task #0: main] Trial #10: GFLOPs: 50.0159. Time: 12075.7622 us. Best GFLOPs: 90.2263
2026-04-10 15:13:41 [INFO] [task_scheduler.cc:137] [Task #0: main] Trial #11: GFLOPs: 53.0676. Time: 11381.3208 us. Best GFLOPs: 90.2263
2026-04-10 15:13:41 [INFO] [task_scheduler.cc:137] [Task #0: main] Trial #12: GFLOPs: 5.3496. Time: 112901.9355 us. Best GFLOPs: 90.2263
2026-04-10 15:13:41 [INFO] [task_scheduler.cc:137] [Task #0: main] Trial #13: GFLOPs: 16.9717. Time: 35587.4300 us. Best GFLOPs: 90.2263
2026-04-10 15:13:41 [INFO] [task_scheduler.cc:137] [Task #0: main] Trial #14: GFLOPs: 4.8715. Time: 123982.8675 us. Best GFLOPs: 90.2263
2026-04-10 15:13:41 [INFO] [task_scheduler.cc:137] [Task #0: main] Trial #15: GFLOPs: 18.3174. Time: 32972.9550 us. Best GFLOPs: 90.2263
2026-04-10 15:13:41 [INFO] [task_scheduler.cc:137] [Task #0: main] Trial #16: GFLOPs: 18.8969. Time: 31961.9070 us. Best GFLOPs: 90.2263
2026-04-10 15:13:41 [INFO] [task_scheduler.cc:137] [Task #0: main] Trial #17: GFLOPs: 78.9230. Time: 7652.7723 us. Best GFLOPs: 90.2263
2026-04-10 15:13:41 [INFO] [task_scheduler.cc:137] [Task #0: main] Trial #18: GFLOPs: 58.3724. Time: 10347.0070 us. Best GFLOPs: 90.2263
2026-04-10 15:13:41 [INFO] [task_scheduler.cc:137] [Task #0: main] Trial #19: GFLOPs: 97.5709. Time: 6190.1627 us. Best GFLOPs: 97.5709
2026-04-10 15:13:41 [INFO] [task_scheduler.cc:137] [Task #0: main] Trial #20: GFLOPs: 44.1828. Time: 13670.0217 us. Best GFLOPs: 97.5709
2026-04-10 15:13:41 [INFO] [task_scheduler.cc:137] [Task #0: main] Trial #21: GFLOPs: 48.4720. Time: 12460.3872 us. Best GFLOPs: 97.5709
2026-04-10 15:13:41 [INFO] [task_scheduler.cc:137] [Task #0: main] Trial #22: GFLOPs: 23.1064. Time: 26139.1165 us. Best GFLOPs: 97.5709
2026-04-10 15:13:41 [INFO] [task_scheduler.cc:137] [Task #0: main] Trial #23: GFLOPs: 6.2031. Time: 97367.6795 us. Best GFLOPs: 97.5709
2026-04-10 15:13:41 [INFO] [task_scheduler.cc:137] [Task #0: main] Trial #24: GFLOPs: 66.4570. Time: 9088.2814 us. Best GFLOPs: 97.5709
2026-04-10 15:13:41 [INFO] [task_scheduler.cc:137] [Task #0: main] Trial #25: GFLOPs: 22.7268. Time: 26575.7135 us. Best GFLOPs: 97.5709
2026-04-10 15:13:41 [INFO] [task_scheduler.cc:137] [Task #0: main] Trial #26: GFLOPs: 80.5369. Time: 7499.4146 us. Best GFLOPs: 97.5709
2026-04-10 15:13:41 [INFO] [task_scheduler.cc:137] [Task #0: main] Trial #27: GFLOPs: 18.8133. Time: 32103.9080 us. Best GFLOPs: 97.5709
2026-04-10 15:13:41 [INFO] [task_scheduler.cc:137] [Task #0: main] Trial #28: GFLOPs: 38.8213. Time: 15557.9283 us. Best GFLOPs: 97.5709
2026-04-10 15:13:41 [INFO] [task_scheduler.cc:137] [Task #0: main] Trial #29: GFLOPs: 20.4610. Time: 29518.6175 us. Best GFLOPs: 97.5709
2026-04-10 15:13:41 [INFO] [task_scheduler.cc:137] [Task #0: main] Trial #30: GFLOPs: 35.8270. Time: 16858.2110 us. Best GFLOPs: 97.5709
2026-04-10 15:13:41 [INFO] [task_scheduler.cc:137] [Task #0: main] Trial #31: GFLOPs: 24.5183. Time: 24633.8085 us. Best GFLOPs: 97.5709
2026-04-10 15:13:41 [INFO] [task_scheduler.cc:137] [Task #0: main] Trial #32: GFLOPs: 60.4360. Time: 9993.7066 us. Best GFLOPs: 97.5709
2026-04-10 15:13:41 [INFO] [task_scheduler.cc:137] [Task #0: main] Trial #33: GFLOPs: 58.0971. Time: 10396.0447 us. Best GFLOPs: 97.5709
2026-04-10 15:13:41 [INFO] [task_scheduler.cc:137] [Task #0: main] Trial #34: GFLOPs: 50.7940. Time: 11890.7775 us. Best GFLOPs: 97.5709
2026-04-10 15:13:41 [INFO] [task_scheduler.cc:137] [Task #0: main] Trial #35: GFLOPs: 40.5317. Time: 14901.4137 us. Best GFLOPs: 97.5709
2026-04-10 15:13:41 [INFO] [task_scheduler.cc:137] [Task #0: main] Trial #36: GFLOPs: 20.2461. Time: 29831.9430 us. Best GFLOPs: 97.5709
2026-04-10 15:13:41 [INFO] [task_scheduler.cc:137] [Task #0: main] Trial #37: GFLOPs: 55.6034. Time: 10862.2742 us. Best GFLOPs: 97.5709
2026-04-10 15:13:41 [INFO] [task_scheduler.cc:137] [Task #0: main] Trial #38: GFLOPs: 22.8805. Time: 26397.1270 us. Best GFLOPs: 97.5709
2026-04-10 15:13:41 [INFO] [task_scheduler.cc:137] [Task #0: main] Trial #39: GFLOPs: 61.5809. Time: 9807.9084 us. Best GFLOPs: 97.5709
2026-04-10 15:13:41 [INFO] [task_scheduler.cc:137] [Task #0: main] Trial #40: GFLOPs: 13.9005. Time: 43450.1660 us. Best GFLOPs: 97.5709
2026-04-10 15:13:41 [INFO] [task_scheduler.cc:137] [Task #0: main] Trial #41: GFLOPs: 88.3969. Time: 6832.5916 us. Best GFLOPs: 97.5709
2026-04-10 15:13:41 [INFO] [task_scheduler.cc:137] [Task #0: main] Trial #42: GFLOPs: 10.1844. Time: 59304.3320 us. Best GFLOPs: 97.5709
2026-04-10 15:13:41 [INFO] [task_scheduler.cc:137] [Task #0: main] Trial #43: GFLOPs: 46.1234. Time: 13094.8775 us. Best GFLOPs: 97.5709
2026-04-10 15:13:41 [INFO] [task_scheduler.cc:137] [Task #0: main] Trial #44: GFLOPs: 47.9805. Time: 12588.0215 us. Best GFLOPs: 97.5709
2026-04-10 15:13:41 [INFO] [task_scheduler.cc:137] [Task #0: main] Trial #45: GFLOPs: 17.2556. Time: 35001.9870 us. Best GFLOPs: 97.5709
2026-04-10 15:13:41 [INFO] [task_scheduler.cc:137] [Task #0: main] Trial #46: GFLOPs: 26.3252. Time: 22943.0180 us. Best GFLOPs: 97.5709
2026-04-10 15:13:41 [INFO] [task_scheduler.cc:137] [Task #0: main] Trial #47: GFLOPs: 51.1293. Time: 11812.7830 us. Best GFLOPs: 97.5709
2026-04-10 15:13:41 [INFO] [task_scheduler.cc:137] [Task #0: main] Trial #48: GFLOPs: 34.0091. Time: 17759.3767 us. Best GFLOPs: 97.5709
2026-04-10 15:13:41 [INFO] [task_scheduler.cc:137] [Task #0: main] Trial #49: GFLOPs: 5.3226. Time: 113473.8560 us. Best GFLOPs: 97.5709
2026-04-10 15:13:41 [INFO] [task_scheduler.cc:137] [Task #0: main] Trial #50: GFLOPs: 52.5244. Time: 11499.0403 us. Best GFLOPs: 97.5709
2026-04-10 15:13:41 [INFO] [task_scheduler.cc:137] [Task #0: main] Trial #51: GFLOPs: 25.4645. Time: 23718.4850 us. Best GFLOPs: 97.5709
2026-04-10 15:13:41 [INFO] [task_scheduler.cc:137] [Task #0: main] Trial #52: GFLOPs: 17.7548. Time: 34017.8720 us. Best GFLOPs: 97.5709
2026-04-10 15:13:41 [INFO] [task_scheduler.cc:137] [Task #0: main] Trial #53: GFLOPs: 85.4848. Time: 7065.3452 us. Best GFLOPs: 97.5709
2026-04-10 15:13:41 [INFO] [task_scheduler.cc:137] [Task #0: main] Trial #54: GFLOPs: 64.4280. Time: 9374.4866 us. Best GFLOPs: 97.5709
2026-04-10 15:13:41 [INFO] [task_scheduler.cc:137] [Task #0: main] Trial #55: GFLOPs: 49.7635. Time: 12136.9988 us. Best GFLOPs: 97.5709
2026-04-10 15:13:41 [INFO] [task_scheduler.cc:137] [Task #0: main] Trial #56: GFLOPs: 57.6299. Time: 10480.3226 us. Best GFLOPs: 97.5709
2026-04-10 15:13:41 [INFO] [task_scheduler.cc:137] [Task #0: main] Trial #57: GFLOPs: 16.7776. Time: 35999.2760 us. Best GFLOPs: 97.5709
2026-04-10 15:13:41 [INFO] [task_scheduler.cc:137] [Task #0: main] Trial #58: GFLOPs: 2.3169. Time: 260683.7040 us. Best GFLOPs: 97.5709
2026-04-10 15:13:41 [INFO] [task_scheduler.cc:137] [Task #0: main] Trial #59: GFLOPs: 43.9511. Time: 13742.1000 us. Best GFLOPs: 97.5709
2026-04-10 15:13:41 [INFO] [task_scheduler.cc:137] [Task #0: main] Trial #60: GFLOPs: 17.1818. Time: 35152.3265 us. Best GFLOPs: 97.5709
2026-04-10 15:13:41 [INFO] [task_scheduler.cc:137] [Task #0: main] Trial #61: GFLOPs: 33.1349. Time: 18227.8893 us. Best GFLOPs: 97.5709
2026-04-10 15:13:41 [INFO] [task_scheduler.cc:137] [Task #0: main] Trial #62: GFLOPs: 13.1252. Time: 46016.6800 us. Best GFLOPs: 97.5709
2026-04-10 15:13:41 [INFO] [task_scheduler.cc:137] [Task #0: main] Trial #63: GFLOPs: 64.9405. Time: 9300.5160 us. Best GFLOPs: 97.5709
2026-04-10 15:13:41 [INFO] [task_scheduler.cc:137] [Task #0: main] Trial #64: GFLOPs: 79.3421. Time: 7612.3490 us. Best GFLOPs: 97.5709
2026-04-10 15:13:42 [INFO] [evolutionary_search.cc:711] Generating candidates......
2026-04-10 15:13:42 [INFO] [evolutionary_search.cc:713] Picked top 92 candidate(s) from database
2026-04-10 15:13:42 [INFO] [evolutionary_search.cc:530] Sample-Init-Population summary:
Postproc #0 [meta_schedule.DisallowDynamicLoop(0x576592bb5288)]: 0 failure(s)
Postproc #1 [meta_schedule.RewriteParallelVectorizeUnroll(0x576592999198)]: 0 failure(s)
Postproc #2 [meta_schedule.RewriteReductionBlock(0x576591a69b38)]: 0 failure(s)
Postproc #3 [meta_schedule.RewriteLayout(0x5765929f94c8)]: 0 failure(s)
2026-04-10 15:13:42 [INFO] [evolutionary_search.cc:721] Sampled 368 candidate(s)
2026-04-10 15:13:42 [INFO] [evolutionary_search.cc:619] Evolve iter #0 done. Summary:
Postproc #0 [meta_schedule.DisallowDynamicLoop(0x576592bb5288)]: 0 failure(s)
Postproc #1 [meta_schedule.RewriteParallelVectorizeUnroll(0x576592999198)]: 0 failure(s)
Postproc #2 [meta_schedule.RewriteReductionBlock(0x576591a69b38)]: 0 failure(s)
Postproc #3 [meta_schedule.RewriteLayout(0x5765929f94c8)]: 0 failure(s)
2026-04-10 15:13:42 [INFO] [evolutionary_search.cc:619] Evolve iter #1 done. Summary:
Postproc #0 [meta_schedule.DisallowDynamicLoop(0x576592bb5288)]: 0 failure(s)
Postproc #1 [meta_schedule.RewriteParallelVectorizeUnroll(0x576592999198)]: 0 failure(s)
Postproc #2 [meta_schedule.RewriteReductionBlock(0x576591a69b38)]: 0 failure(s)
Postproc #3 [meta_schedule.RewriteLayout(0x5765929f94c8)]: 0 failure(s)
2026-04-10 15:13:43 [INFO] [evolutionary_search.cc:619] Evolve iter #2 done. Summary:
Postproc #0 [meta_schedule.DisallowDynamicLoop(0x576592bb5288)]: 0 failure(s)
Postproc #1 [meta_schedule.RewriteParallelVectorizeUnroll(0x576592999198)]: 0 failure(s)
Postproc #2 [meta_schedule.RewriteReductionBlock(0x576591a69b38)]: 0 failure(s)
Postproc #3 [meta_schedule.RewriteLayout(0x5765929f94c8)]: 0 failure(s)
2026-04-10 15:13:43 [INFO] [evolutionary_search.cc:647] Scores of the best 13 candidates:
[1 : 13]:	0.9993  0.9982  0.9979  0.9979  0.9944  0.9927  0.9922  0.9914  0.9914  0.9910  0.9906  0.9901  0.9883
2026-04-10 15:13:43 [INFO] [evolutionary_search.cc:725] Got 13 candidate(s) with evolutionary search
2026-04-10 15:13:43 [INFO] [evolutionary_search.cc:728] Sending 13 candidates(s) for measurement
2026-04-10 15:13:54 [INFO] [task_scheduler.cc:137] [Task #0: main] Trial #65: GFLOPs: 28.7886. Time: 20979.7955 us. Best GFLOPs: 97.5709
2026-04-10 15:13:54 [INFO] [task_scheduler.cc:137] [Task #0: main] Trial #66: GFLOPs: 21.4520. Time: 28154.9830 us. Best GFLOPs: 97.5709
2026-04-10 15:13:54 [INFO] [task_scheduler.cc:137] [Task #0: main] Trial #67: GFLOPs: 29.8649. Time: 20223.7075 us. Best GFLOPs: 97.5709
2026-04-10 15:13:54 [INFO] [task_scheduler.cc:137] [Task #0: main] Trial #68: GFLOPs: 18.3917. Time: 32839.8635 us. Best GFLOPs: 97.5709
2026-04-10 15:13:54 [INFO] [task_scheduler.cc:137] [Task #0: main] Trial #69: GFLOPs: 24.4410. Time: 24711.7915 us. Best GFLOPs: 97.5709
2026-04-10 15:13:54 [INFO] [task_scheduler.cc:137] [Task #0: main] Trial #70: GFLOPs: 31.3071. Time: 19292.1260 us. Best GFLOPs: 97.5709
2026-04-10 15:13:54 [INFO] [task_scheduler.cc:137] [Task #0: main] Trial #71: GFLOPs: 55.8944. Time: 10805.7288 us. Best GFLOPs: 97.5709
2026-04-10 15:13:54 [INFO] [task_scheduler.cc:137] [Task #0: main] Trial #72: GFLOPs: 24.4030. Time: 24750.1850 us. Best GFLOPs: 97.5709
2026-04-10 15:13:54 [INFO] [task_scheduler.cc:137] [Task #0: main] Trial #73: GFLOPs: 21.5872. Time: 27978.5535 us. Best GFLOPs: 97.5709
2026-04-10 15:13:54 [INFO] [task_scheduler.cc:137] [Task #0: main] Trial #74: GFLOPs: 57.3778. Time: 10526.3585 us. Best GFLOPs: 97.5709
2026-04-10 15:13:54 [INFO] [task_scheduler.cc:137] [Task #0: main] Trial #75: GFLOPs: 13.9027. Time: 43443.2505 us. Best GFLOPs: 97.5709
2026-04-10 15:13:54 [INFO] [task_scheduler.cc:137] [Task #0: main] Trial #76: GFLOPs: 28.7198. Time: 21030.0848 us. Best GFLOPs: 97.5709
2026-04-10 15:13:54 [INFO] [task_scheduler.cc:137] [Task #0: main] Trial #77: GFLOPs: 20.2603. Time: 29811.0620 us. Best GFLOPs: 97.5709
2026-04-14 01:06:29 [INFO] [task_scheduler.cc:166] Initializing Task #0: "main"
2026-04-14 01:06:29 [INFO] [task_scheduler.cc:41] 
# from tvm.script import ir as I
# from tvm.script import tir as T

@I.ir_module
class Module:
    @T.prim_func
    def main(A: T.Buffer((128, 768), "float32"), B: T.Buffer((768, 3072), "float32"), C: T.Buffer((128, 3072), "float32")):
        T.func_attr({"tir.noalias": True})
        # with T.block("root"):
        for i, j, k in T.grid(128, 3072, 768):
            with T.block("C"):
                vi, vj, vk = T.axis.remap("SSR", [i, j, k])
                T.reads(A[vi, vk], B[vk, vj])
                T.writes(C[vi, vj])
                with T.init():
                    C[vi, vj] = T.float32(0.0)
                C[vi, vj] = C[vi, vj] + A[vi, vk] * B[vk, vj]
2026-04-14 01:06:29 [INFO] [task_scheduler.cc:170] Total 3 design space(s) generated
2026-04-14 01:06:29 [INFO] [task_scheduler.cc:176] Design space #0:
# from tvm.script import ir as I
# from tvm.script import tir as T

@I.ir_module
class Module:
    @T.prim_func
    def main(A: T.Buffer((128, 768), "float32"), B: T.Buffer((768, 3072), "float32"), C: T.Buffer((128, 3072), "float32")):
        T.func_attr({"tir.noalias": True})
        with T.block("root"):
            T.reads()
            T.writes()
            T.block_attr({"meta_schedule.parallel": 128, "meta_schedule.unroll_explicit": 16, "meta_schedule.vectorize": 64})
            C_global = T.alloc_buffer((128, 3072))
            for i_0, j_0, i_1, j_1 in T.grid(2, 2, 8, 256):
                for k_0, i_2, j_2, k_1, i_3, j_3 in T.grid(16, 1, 2, 48, 8, 3):
                    with T.block("C"):
                        vi = T.axis.spatial(128, i_0 * 64 + i_1 * 8 + i_2 * 8 + i_3)
                        vj = T.axis.spatial(3072, j_0 * 1536 + j_1 * 6 + j_2 * 3 + j_3)
                        vk = T.axis.reduce(768, k_0 * 48 + k_1)
                        T.reads(A[vi, vk], B[vk, vj])
                        T.writes(C_global[vi, vj])
                        T.block_attr({"meta_schedule.tiling_structure": "SSRSRS"})
                        with T.init():
                            C_global[vi, vj] = T.float32(0.0)
                        C_global[vi, vj] = C_global[vi, vj] + A[vi, vk] * B[vk, vj]
                for ax0, ax1 in T.grid(8, 6):
                    with T.block("C_global"):
                        v0 = T.axis.spatial(128, i_0 * 64 + i_1 * 8 + ax0)
                        v1 = T.axis.spatial(3072, j_0 * 1536 + j_1 * 6 + ax1)
                        T.reads(C_global[v0, v1])
                        T.writes(C[v0, v1])
                        C[v0, v1] = C_global[v0, v1]
b0 = sch.get_block(name="C", func_name="main")
b1 = sch.get_block(name="root", func_name="main")
sch.annotate(block_or_loop=b0, ann_key="meta_schedule.tiling_structure", ann_val="SSRSRS")
l2, l3, l4 = sch.get_loops(block=b0)
v5, v6, v7, v8 = sch.sample_perfect_tile(loop=l2, n=4, max_innermost_factor=64, decision=[2, 8, 1, 8])
l9, l10, l11, l12 = sch.split(loop=l2, factors=[v5, v6, v7, v8], preserve_unit_iters=True, disable_predication=False)
v13, v14, v15, v16 = sch.sample_perfect_tile(loop=l3, n=4, max_innermost_factor=64, decision=[2, 256, 2, 3])
l17, l18, l19, l20 = sch.split(loop=l3, factors=[v13, v14, v15, v16], preserve_unit_iters=True, disable_predication=False)
v21, v22 = sch.sample_perfect_tile(loop=l4, n=2, max_innermost_factor=64, decision=[16, 48])
l23, l24 = sch.split(loop=l4, factors=[v21, v22], preserve_unit_iters=True, disable_predication=False)
sch.reorder(l9, l17, l10, l18, l23, l11, l19, l24, l12, l20)
b25 = sch.cache_write(block=b0, write_buffer_index=0, storage_scope="global")
sch.reverse_compute_at(block=b25, loop=l18, preserve_unit_loops=True, index=-1)
sch.annotate(block_or_loop=b1, ann_key="meta_schedule.parallel", ann_val=128)
sch.annotate(block_or_loop=b1, ann_key="meta_schedule.vectorize", ann_val=64)
v26 = sch.sample_categorical(candidates=[0, 16, 64, 512], probs=[0.25, 0.25, 0.25, 0.25], decision=1)
sch.annotate(block_or_loop=b1, ann_key="meta_schedule.unroll_explicit", ann_val=v26)
2026-04-14 01:06:29 [INFO] [task_scheduler.cc:176] Design space #1:
# from tvm.script import ir as I
# from tvm.script import tir as T

@I.ir_module
class Module:
    @T.prim_func
    def main(A: T.Buffer((128, 768), "float32"), B: T.Buffer((768, 3072), "float32"), C: T.Buffer((128, 3072), "float32")):
        T.func_attr({"tir.noalias": True})
        with T.block("root"):
            T.reads()
            T.writes()
            T.block_attr({"meta_schedule.parallel": 128, "meta_schedule.unroll_explicit": 512, "meta_schedule.vectorize": 64})
            C_global = T.alloc_buffer((128, 3072))
            for i_0, j_0 in T.grid(2, 2):
                for i_1, j_1, k_0, i_2, j_2, k_1, i_3, j_3 in T.grid(8, 256, 16, 1, 2, 48, 8, 3):
                    with T.block("C"):
                        vi = T.axis.spatial(128, i_0 * 64 + i_1 * 8 + i_2 * 8 + i_3)
                        vj = T.axis.spatial(3072, j_0 * 1536 + j_1 * 6 + j_2 * 3 + j_3)
                        vk = T.axis.reduce(768, k_0 * 48 + k_1)
                        T.reads(A[vi, vk], B[vk, vj])
                        T.writes(C_global[vi, vj])
                        T.block_attr({"meta_schedule.tiling_structure": "SSRSRS"})
                        with T.init():
                            C_global[vi, vj] = T.float32(0.0)
                        C_global[vi, vj] = C_global[vi, vj] + A[vi, vk] * B[vk, vj]
                for ax0, ax1 in T.grid(64, 1536):
                    with T.block("C_global"):
                        v0 = T.axis.spatial(128, i_0 * 64 + ax0)
                        v1 = T.axis.spatial(3072, j_0 * 1536 + ax1)
                        T.reads(C_global[v0, v1])
                        T.writes(C[v0, v1])
                        C[v0, v1] = C_global[v0, v1]
b0 = sch.get_block(name="C", func_name="main")
b1 = sch.get_block(name="root", func_name="main")
sch.annotate(block_or_loop=b0, ann_key="meta_schedule.tiling_structure", ann_val="SSRSRS")
l2, l3, l4 = sch.get_loops(block=b0)
v5, v6, v7, v8 = sch.sample_perfect_tile(loop=l2, n=4, max_innermost_factor=64, decision=[2, 8, 1, 8])
l9, l10, l11, l12 = sch.split(loop=l2, factors=[v5, v6, v7, v8], preserve_unit_iters=True, disable_predication=False)
v13, v14, v15, v16 = sch.sample_perfect_tile(loop=l3, n=4, max_innermost_factor=64, decision=[2, 256, 2, 3])
l17, l18, l19, l20 = sch.split(loop=l3, factors=[v13, v14, v15, v16], preserve_unit_iters=True, disable_predication=False)
v21, v22 = sch.sample_perfect_tile(loop=l4, n=2, max_innermost_factor=64, decision=[16, 48])
l23, l24 = sch.split(loop=l4, factors=[v21, v22], preserve_unit_iters=True, disable_predication=False)
sch.reorder(l9, l17, l10, l18, l23, l11, l19, l24, l12, l20)
b25 = sch.cache_write(block=b0, write_buffer_index=0, storage_scope="global")
sch.reverse_compute_at(block=b25, loop=l17, preserve_unit_loops=True, index=-1)
sch.annotate(block_or_loop=b1, ann_key="meta_schedule.parallel", ann_val=128)
sch.annotate(block_or_loop=b1, ann_key="meta_schedule.vectorize", ann_val=64)
v26 = sch.sample_categorical(candidates=[0, 16, 64, 512], probs=[0.25, 0.25, 0.25, 0.25], decision=3)
sch.annotate(block_or_loop=b1, ann_key="meta_schedule.unroll_explicit", ann_val=v26)
2026-04-14 01:06:29 [INFO] [task_scheduler.cc:176] Design space #2:
# from tvm.script import ir as I
# from tvm.script import tir as T

@I.ir_module
class Module:
    @T.prim_func
    def main(A: T.Buffer((128, 768), "float32"), B: T.Buffer((768, 3072), "float32"), C: T.Buffer((128, 3072), "float32")):
        T.func_attr({"tir.noalias": True})
        with T.block("root"):
            T.reads()
            T.writes()
            T.block_attr({"meta_schedule.parallel": 128, "meta_schedule.unroll_explicit": 16, "meta_schedule.vectorize": 64})
            for i_0, j_0, i_1, j_1, k_0, i_2, j_2, k_1, i_3, j_3 in T.grid(2, 2, 8, 256, 16, 1, 2, 48, 8, 3):
                with T.block("C"):
                    vi = T.axis.spatial(128, i_0 * 64 + i_1 * 8 + i_2 * 8 + i_3)
                    vj = T.axis.spatial(3072, j_0 * 1536 + j_1 * 6 + j_2 * 3 + j_3)
                    vk = T.axis.reduce(768, k_0 * 48 + k_1)
                    T.reads(A[vi, vk], B[vk, vj])
                    T.writes(C[vi, vj])
                    T.block_attr({"meta_schedule.tiling_structure": "SSRSRS"})
                    with T.init():
                        C[vi, vj] = T.float32(0.0)
                    C[vi, vj] = C[vi, vj] + A[vi, vk] * B[vk, vj]
b0 = sch.get_block(name="C", func_name="main")
b1 = sch.get_block(name="root", func_name="main")
sch.annotate(block_or_loop=b0, ann_key="meta_schedule.tiling_structure", ann_val="SSRSRS")
l2, l3, l4 = sch.get_loops(block=b0)
v5, v6, v7, v8 = sch.sample_perfect_tile(loop=l2, n=4, max_innermost_factor=64, decision=[2, 8, 1, 8])
l9, l10, l11, l12 = sch.split(loop=l2, factors=[v5, v6, v7, v8], preserve_unit_iters=True, disable_predication=False)
v13, v14, v15, v16 = sch.sample_perfect_tile(loop=l3, n=4, max_innermost_factor=64, decision=[2, 256, 2, 3])
l17, l18, l19, l20 = sch.split(loop=l3, factors=[v13, v14, v15, v16], preserve_unit_iters=True, disable_predication=False)
v21, v22 = sch.sample_perfect_tile(loop=l4, n=2, max_innermost_factor=64, decision=[16, 48])
l23, l24 = sch.split(loop=l4, factors=[v21, v22], preserve_unit_iters=True, disable_predication=False)
sch.reorder(l9, l17, l10, l18, l23, l11, l19, l24, l12, l20)
sch.annotate(block_or_loop=b1, ann_key="meta_schedule.parallel", ann_val=128)
sch.annotate(block_or_loop=b1, ann_key="meta_schedule.vectorize", ann_val=64)
v25 = sch.sample_categorical(candidates=[0, 16, 64, 512], probs=[0.25, 0.25, 0.25, 0.25], decision=1)
sch.annotate(block_or_loop=b1, ann_key="meta_schedule.unroll_explicit", ann_val=v25)
2026-04-14 01:06:29 [INFO] [evolutionary_search.cc:711] Generating candidates......
2026-04-14 01:06:29 [INFO] [evolutionary_search.cc:713] Picked top 92 candidate(s) from database
2026-04-14 01:06:29 [INFO] [evolutionary_search.cc:530] Sample-Init-Population summary:
Postproc #0 [meta_schedule.DisallowDynamicLoop(0x5c763dd659e8)]: 0 failure(s)
Postproc #1 [meta_schedule.RewriteParallelVectorizeUnroll(0x5c763df64ee8)]: 0 failure(s)
Postproc #2 [meta_schedule.RewriteReductionBlock(0x5c763dfd2e28)]: 0 failure(s)
Postproc #3 [meta_schedule.RewriteLayout(0x5c763c92ab78)]: 0 failure(s)
2026-04-14 01:06:29 [INFO] [evolutionary_search.cc:721] Sampled 368 candidate(s)
2026-04-14 01:06:29 [INFO] [evolutionary_search.cc:619] Evolve iter #0 done. Summary:
Postproc #0 [meta_schedule.DisallowDynamicLoop(0x5c763dd659e8)]: 0 failure(s)
Postproc #1 [meta_schedule.RewriteParallelVectorizeUnroll(0x5c763df64ee8)]: 0 failure(s)
Postproc #2 [meta_schedule.RewriteReductionBlock(0x5c763dfd2e28)]: 0 failure(s)
Postproc #3 [meta_schedule.RewriteLayout(0x5c763c92ab78)]: 0 failure(s)
2026-04-14 01:06:30 [INFO] [evolutionary_search.cc:619] Evolve iter #1 done. Summary:
Postproc #0 [meta_schedule.DisallowDynamicLoop(0x5c763dd659e8)]: 0 failure(s)
Postproc #1 [meta_schedule.RewriteParallelVectorizeUnroll(0x5c763df64ee8)]: 0 failure(s)
Postproc #2 [meta_schedule.RewriteReductionBlock(0x5c763dfd2e28)]: 0 failure(s)
Postproc #3 [meta_schedule.RewriteLayout(0x5c763c92ab78)]: 0 failure(s)
2026-04-14 01:06:30 [INFO] [evolutionary_search.cc:619] Evolve iter #2 done. Summary:
Postproc #0 [meta_schedule.DisallowDynamicLoop(0x5c763dd659e8)]: 0 failure(s)
Postproc #1 [meta_schedule.RewriteParallelVectorizeUnroll(0x5c763df64ee8)]: 0 failure(s)
Postproc #2 [meta_schedule.RewriteReductionBlock(0x5c763dfd2e28)]: 0 failure(s)
Postproc #3 [meta_schedule.RewriteLayout(0x5c763c92ab78)]: 0 failure(s)
2026-04-14 01:06:30 [INFO] [evolutionary_search.cc:647] Scores of the best 64 candidates:
[1 : 16]:	0.9989  0.9978  0.9969  0.9964  0.9961  0.9961  0.9960  0.9958  0.9934  0.9929  0.9920  0.9916  0.9912  0.9909  0.9909  0.9906
[17 : 32]:	0.9905  0.9904  0.9893  0.9876  0.9869  0.9868  0.9859  0.9857  0.9852  0.9850  0.9844  0.9837  0.9831  0.9830  0.9828  0.9821
[33 : 48]:	0.9797  0.9791  0.9791  0.9789  0.9780  0.9767  0.9765  0.9764  0.9757  0.9744  0.9743  0.9730  0.9727  0.9720  0.9718  0.9704
[49 : 64]:	0.9697  0.9692  0.9677  0.9675  0.9671  0.9658  0.9653  0.9646  0.9646  0.9643  0.9637  0.9627  0.9626  0.9618  0.9615  0.9613
2026-04-14 01:06:30 [INFO] [evolutionary_search.cc:725] Got 64 candidate(s) with evolutionary search
2026-04-14 01:06:30 [INFO] [evolutionary_search.cc:728] Sending 64 candidates(s) for measurement
2026-04-14 01:07:10 [INFO] [task_scheduler.cc:137] [Task #0: main] Trial #1: GFLOPs: 69.0641. Time: 8745.2052 us. Best GFLOPs: 69.0641
2026-04-14 01:07:10 [INFO] [task_scheduler.cc:137] [Task #0: main] Trial #2: GFLOPs: 17.9612. Time: 33627.0015 us. Best GFLOPs: 69.0641
2026-04-14 01:07:10 [INFO] [task_scheduler.cc:137] [Task #0: main] Trial #3: GFLOPs: 14.3894. Time: 41973.8105 us. Best GFLOPs: 69.0641
2026-04-14 01:07:10 [INFO] [task_scheduler.cc:137] [Task #0: main] Trial #4: GFLOPs: 47.8404. Time: 12624.8875 us. Best GFLOPs: 69.0641
2026-04-14 01:07:10 [INFO] [task_scheduler.cc:137] [Task #0: main] Trial #5: GFLOPs: 19.5761. Time: 30852.9445 us. Best GFLOPs: 69.0641
2026-04-14 01:07:10 [INFO] [task_scheduler.cc:137] [Task #0: main] Trial #6: GFLOPs: 14.5015. Time: 41649.5325 us. Best GFLOPs: 69.0641
2026-04-14 01:07:10 [INFO] [task_scheduler.cc:137] [Task #0: main] Trial #7: GFLOPs: 58.4382. Time: 10335.3520 us. Best GFLOPs: 69.0641
2026-04-14 01:07:10 [INFO] [task_scheduler.cc:137] [Task #0: main] Trial #8: GFLOPs: 18.8680. Time: 32010.7760 us. Best GFLOPs: 69.0641
2026-04-14 01:07:10 [INFO] [task_scheduler.cc:137] [Task #0: main] Trial #9: GFLOPs: 1.5380. Time: 392696.6715 us. Best GFLOPs: 69.0641
2026-04-14 01:07:10 [INFO] [task_scheduler.cc:137] [Task #0: main] Trial #10: GFLOPs: 42.4198. Time: 14238.1597 us. Best GFLOPs: 69.0641
2026-04-14 01:07:10 [INFO] [task_scheduler.cc:137] [Task #0: main] Trial #11: GFLOPs: 28.0314. Time: 21546.5213 us. Best GFLOPs: 69.0641
2026-04-14 01:07:10 [INFO] [task_scheduler.cc:137] [Task #0: main] Trial #12: GFLOPs: 8.0707. Time: 74835.8175 us. Best GFLOPs: 69.0641
2026-04-14 01:07:10 [INFO] [task_scheduler.cc:137] [Task #0: main] Trial #13: GFLOPs: 27.7595. Time: 21757.5817 us. Best GFLOPs: 69.0641
2026-04-14 01:07:10 [INFO] [task_scheduler.cc:137] [Task #0: main] Trial #14: GFLOPs: 11.3444. Time: 53240.2425 us. Best GFLOPs: 69.0641
2026-04-14 01:07:10 [INFO] [task_scheduler.cc:137] [Task #0: main] Trial #15: GFLOPs: 12.7189. Time: 47486.6275 us. Best GFLOPs: 69.0641
2026-04-14 01:07:10 [INFO] [task_scheduler.cc:137] [Task #0: main] Trial #16: GFLOPs: 5.3749. Time: 112369.5600 us. Best GFLOPs: 69.0641
2026-04-14 01:07:10 [INFO] [task_scheduler.cc:137] [Task #0: main] Trial #17: GFLOPs: 53.8988. Time: 11205.8185 us. Best GFLOPs: 69.0641
2026-04-14 01:07:10 [INFO] [task_scheduler.cc:137] [Task #0: main] Trial #18: GFLOPs: 44.1682. Time: 13674.5363 us. Best GFLOPs: 69.0641
2026-04-14 01:07:10 [INFO] [task_scheduler.cc:137] [Task #0: main] Trial #19: GFLOPs: 24.9175. Time: 24239.2237 us. Best GFLOPs: 69.0641
2026-04-14 01:07:10 [INFO] [task_scheduler.cc:137] [Task #0: main] Trial #20: GFLOPs: 24.1736. Time: 24985.1315 us. Best GFLOPs: 69.0641
2026-04-14 01:07:10 [INFO] [task_scheduler.cc:137] [Task #0: main] Trial #21: GFLOPs: 8.9986. Time: 67119.3190 us. Best GFLOPs: 69.0641
2026-04-14 01:07:10 [INFO] [task_scheduler.cc:137] [Task #0: main] Trial #22: GFLOPs: 16.6406. Time: 36295.5415 us. Best GFLOPs: 69.0641
2026-04-14 01:07:10 [INFO] [task_scheduler.cc:137] [Task #0: main] Trial #23: GFLOPs: 20.0623. Time: 30105.2665 us. Best GFLOPs: 69.0641
2026-04-14 01:07:10 [INFO] [task_scheduler.cc:137] [Task #0: main] Trial #24: GFLOPs: 6.6470. Time: 90865.0785 us. Best GFLOPs: 69.0641
2026-04-14 01:07:10 [INFO] [task_scheduler.cc:137] [Task #0: main] Trial #25: GFLOPs: 42.6777. Time: 14152.1167 us. Best GFLOPs: 69.0641
2026-04-14 01:07:10 [INFO] [task_scheduler.cc:137] [Task #0: main] Trial #26: GFLOPs: 30.3792. Time: 19881.3897 us. Best GFLOPs: 69.0641
2026-04-14 01:07:10 [INFO] [task_scheduler.cc:137] [Task #0: main] Trial #27: GFLOPs: 17.9044. Time: 33733.6405 us. Best GFLOPs: 69.0641
2026-04-14 01:07:10 [INFO] [task_scheduler.cc:137] [Task #0: main] Trial #28: GFLOPs: 53.1399. Time: 11365.8378 us. Best GFLOPs: 69.0641
2026-04-14 01:07:10 [INFO] [task_scheduler.cc:137] [Task #0: main] Trial #29: GFLOPs: 44.7830. Time: 13486.8012 us. Best GFLOPs: 69.0641
2026-04-14 01:07:10 [INFO] [task_scheduler.cc:137] [Task #0: main] Trial #30: GFLOPs: 2.0035. Time: 301457.0775 us. Best GFLOPs: 69.0641
2026-04-14 01:07:10 [INFO] [task_scheduler.cc:137] [Task #0: main] Trial #31: GFLOPs: 1.0282. Time: 587407.6460 us. Best GFLOPs: 69.0641
2026-04-14 01:07:10 [INFO] [task_scheduler.cc:137] [Task #0: main] Trial #32: GFLOPs: 28.2011. Time: 21416.8767 us. Best GFLOPs: 69.0641
2026-04-14 01:07:10 [INFO] [task_scheduler.cc:137] [Task #0: main] Trial #33: GFLOPs: 22.0695. Time: 27367.2240 us. Best GFLOPs: 69.0641
2026-04-14 01:07:10 [INFO] [task_scheduler.cc:137] [Task #0: main] Trial #34: GFLOPs: 39.6969. Time: 15214.7923 us. Best GFLOPs: 69.0641
2026-04-14 01:07:10 [INFO] [task_scheduler.cc:137] [Task #0: main] Trial #35: GFLOPs: 47.0147. Time: 12846.6205 us. Best GFLOPs: 69.0641
2026-04-14 01:07:10 [INFO] [task_scheduler.cc:137] [Task #0: main] Trial #36: GFLOPs: 22.8264. Time: 26459.7105 us. Best GFLOPs: 69.0641
2026-04-14 01:07:10 [INFO] [task_scheduler.cc:137] [Task #0: main] Trial #37: GFLOPs: 26.3324. Time: 22936.7940 us. Best GFLOPs: 69.0641
2026-04-14 01:07:10 [INFO] [task_scheduler.cc:137] [Task #0: main] Trial #38: GFLOPs: 29.0152. Time: 20815.9545 us. Best GFLOPs: 69.0641
2026-04-14 01:07:10 [INFO] [task_scheduler.cc:137] [Task #0: main] Trial #39: GFLOPs: 29.4333. Time: 20520.2975 us. Best GFLOPs: 69.0641
2026-04-14 01:07:10 [INFO] [task_scheduler.cc:137] [Task #0: main] Trial #40: GFLOPs: 38.6072. Time: 15644.2243 us. Best GFLOPs: 69.0641
2026-04-14 01:07:10 [INFO] [task_scheduler.cc:137] [Task #0: main] Trial #41: GFLOPs: 55.6249. Time: 10858.0796 us. Best GFLOPs: 69.0641
2026-04-14 01:07:10 [INFO] [task_scheduler.cc:137] [Task #0: main] Trial #42: GFLOPs: 29.9638. Time: 20157.0145 us. Best GFLOPs: 69.0641
2026-04-14 01:07:10 [INFO] [task_scheduler.cc:137] [Task #0: main] Trial #43: GFLOPs: 65.2806. Time: 9252.0522 us. Best GFLOPs: 69.0641
2026-04-14 01:07:10 [INFO] [task_scheduler.cc:137] [Task #0: main] Trial #44: GFLOPs: 1.5123. Time: 399377.6160 us. Best GFLOPs: 69.0641
2026-04-14 01:07:10 [INFO] [task_scheduler.cc:137] [Task #0: main] Trial #45: GFLOPs: 24.4511. Time: 24701.4875 us. Best GFLOPs: 69.0641
2026-04-14 01:07:10 [INFO] [task_scheduler.cc:137] [Task #0: main] Trial #46: GFLOPs: 31.2328. Time: 19337.9723 us. Best GFLOPs: 69.0641
2026-04-14 01:07:10 [INFO] [task_scheduler.cc:137] [Task #0: main] Trial #47: GFLOPs: 25.2081. Time: 23959.7940 us. Best GFLOPs: 69.0641
2026-04-14 01:07:10 [INFO] [task_scheduler.cc:137] [Task #0: main] Trial #48: GFLOPs: 19.2825. Time: 31322.7425 us. Best GFLOPs: 69.0641
2026-04-14 01:07:10 [INFO] [task_scheduler.cc:137] [Task #0: main] Trial #49: GFLOPs: 25.7143. Time: 23488.1095 us. Best GFLOPs: 69.0641
2026-04-14 01:07:10 [INFO] [task_scheduler.cc:137] [Task #0: main] Trial #50: GFLOPs: 25.1479. Time: 24017.1260 us. Best GFLOPs: 69.0641
2026-04-14 01:07:10 [INFO] [task_scheduler.cc:137] [Task #0: main] Trial #51: GFLOPs: 55.3590. Time: 10910.2350 us. Best GFLOPs: 69.0641
2026-04-14 01:07:10 [INFO] [task_scheduler.cc:137] [Task #0: main] Trial #52: GFLOPs: 27.0210. Time: 22352.2330 us. Best GFLOPs: 69.0641
2026-04-14 01:07:10 [INFO] [task_scheduler.cc:137] [Task #0: main] Trial #53: GFLOPs: 11.5372. Time: 52350.7080 us. Best GFLOPs: 69.0641
2026-04-14 01:07:10 [INFO] [task_scheduler.cc:137] [Task #0: main] Trial #54: GFLOPs: 43.2674. Time: 13959.2190 us. Best GFLOPs: 69.0641
2026-04-14 01:07:10 [INFO] [task_scheduler.cc:137] [Task #0: main] Trial #55: GFLOPs: 42.2842. Time: 14283.8110 us. Best GFLOPs: 69.0641
2026-04-14 01:07:10 [INFO] [task_scheduler.cc:137] [Task #0: main] Trial #56: GFLOPs: 23.0257. Time: 26230.6450 us. Best GFLOPs: 69.0641
2026-04-14 01:07:10 [INFO] [task_scheduler.cc:137] [Task #0: main] Trial #57: GFLOPs: 15.9064. Time: 37970.7740 us. Best GFLOPs: 69.0641
2026-04-14 01:07:10 [INFO] [task_scheduler.cc:137] [Task #0: main] Trial #58: GFLOPs: 28.6500. Time: 21081.2950 us. Best GFLOPs: 69.0641
2026-04-14 01:07:10 [INFO] [task_scheduler.cc:137] [Task #0: main] Trial #59: GFLOPs: 26.3608. Time: 22912.0240 us. Best GFLOPs: 69.0641
2026-04-14 01:07:10 [INFO] [task_scheduler.cc:137] [Task #0: main] Trial #60: GFLOPs: 50.3630. Time: 11992.5225 us. Best GFLOPs: 69.0641
2026-04-14 01:07:10 [INFO] [task_scheduler.cc:137] [Task #0: main] Trial #61: GFLOPs: 5.5748. Time: 108341.3605 us. Best GFLOPs: 69.0641
2026-04-14 01:07:10 [INFO] [task_scheduler.cc:137] [Task #0: main] Trial #62: GFLOPs: 29.0241. Time: 20809.5657 us. Best GFLOPs: 69.0641
2026-04-14 01:07:10 [INFO] [task_scheduler.cc:137] [Task #0: main] Trial #63: GFLOPs: 17.8006. Time: 33930.3245 us. Best GFLOPs: 69.0641
2026-04-14 01:07:10 [INFO] [task_scheduler.cc:137] [Task #0: main] Trial #64: GFLOPs: 6.7353. Time: 89674.3720 us. Best GFLOPs: 69.0641
2026-04-14 01:07:10 [INFO] [evolutionary_search.cc:711] Generating candidates......
2026-04-14 01:07:10 [INFO] [evolutionary_search.cc:713] Picked top 92 candidate(s) from database
2026-04-14 01:07:11 [INFO] [evolutionary_search.cc:530] Sample-Init-Population summary:
Postproc #0 [meta_schedule.DisallowDynamicLoop(0x5c763dd659e8)]: 0 failure(s)
Postproc #1 [meta_schedule.RewriteParallelVectorizeUnroll(0x5c763df64ee8)]: 0 failure(s)
Postproc #2 [meta_schedule.RewriteReductionBlock(0x5c763dfd2e28)]: 0 failure(s)
Postproc #3 [meta_schedule.RewriteLayout(0x5c763c92ab78)]: 0 failure(s)
2026-04-14 01:07:11 [INFO] [evolutionary_search.cc:721] Sampled 368 candidate(s)
2026-04-14 01:07:11 [INFO] [evolutionary_search.cc:619] Evolve iter #0 done. Summary:
Postproc #0 [meta_schedule.DisallowDynamicLoop(0x5c763dd659e8)]: 0 failure(s)
Postproc #1 [meta_schedule.RewriteParallelVectorizeUnroll(0x5c763df64ee8)]: 0 failure(s)
Postproc #2 [meta_schedule.RewriteReductionBlock(0x5c763dfd2e28)]: 0 failure(s)
Postproc #3 [meta_schedule.RewriteLayout(0x5c763c92ab78)]: 0 failure(s)
2026-04-14 01:07:11 [INFO] [evolutionary_search.cc:619] Evolve iter #1 done. Summary:
Postproc #0 [meta_schedule.DisallowDynamicLoop(0x5c763dd659e8)]: 0 failure(s)
Postproc #1 [meta_schedule.RewriteParallelVectorizeUnroll(0x5c763df64ee8)]: 0 failure(s)
Postproc #2 [meta_schedule.RewriteReductionBlock(0x5c763dfd2e28)]: 0 failure(s)
Postproc #3 [meta_schedule.RewriteLayout(0x5c763c92ab78)]: 0 failure(s)
2026-04-14 01:07:12 [INFO] [evolutionary_search.cc:619] Evolve iter #2 done. Summary:
Postproc #0 [meta_schedule.DisallowDynamicLoop(0x5c763dd659e8)]: 0 failure(s)
Postproc #1 [meta_schedule.RewriteParallelVectorizeUnroll(0x5c763df64ee8)]: 0 failure(s)
Postproc #2 [meta_schedule.RewriteReductionBlock(0x5c763dfd2e28)]: 0 failure(s)
Postproc #3 [meta_schedule.RewriteLayout(0x5c763c92ab78)]: 0 failure(s)
2026-04-14 01:07:12 [INFO] [evolutionary_search.cc:647] Scores of the best 13 candidates:
[1 : 13]:	0.9999  0.9988  0.9986  0.9968  0.9965  0.9948  0.9944  0.9941  0.9934  0.9919  0.9911  0.9898  0.9893
2026-04-14 01:07:12 [INFO] [evolutionary_search.cc:725] Got 13 candidate(s) with evolutionary search
2026-04-14 01:07:12 [INFO] [evolutionary_search.cc:728] Sending 13 candidates(s) for measurement
2026-04-14 01:07:28 [INFO] [task_scheduler.cc:137] [Task #0: main] Trial #65: GFLOPs: 6.0660. Time: 99567.4910 us. Best GFLOPs: 69.0641
2026-04-14 01:07:28 [INFO] [task_scheduler.cc:137] [Task #0: main] Trial #66: GFLOPs: 46.9738. Time: 12857.8048 us. Best GFLOPs: 69.0641
2026-04-14 01:07:28 [INFO] [task_scheduler.cc:137] [Task #0: main] Trial #67: GFLOPs: 4.9872. Time: 121107.0330 us. Best GFLOPs: 69.0641
2026-04-14 01:07:28 [INFO] [task_scheduler.cc:137] [Task #0: main] Trial #68: GFLOPs: 41.7895. Time: 14452.8985 us. Best GFLOPs: 69.0641
2026-04-14 01:07:28 [INFO] [task_scheduler.cc:137] [Task #0: main] Trial #69: GFLOPs: 11.7929. Time: 51215.3345 us. Best GFLOPs: 69.0641
2026-04-14 01:07:28 [INFO] [task_scheduler.cc:137] [Task #0: main] Trial #70: GFLOPs: 1.4831. Time: 407242.8450 us. Best GFLOPs: 69.0641
2026-04-14 01:07:28 [INFO] [task_scheduler.cc:137] [Task #0: main] Trial #71: GFLOPs: 19.3444. Time: 31222.4210 us. Best GFLOPs: 69.0641
2026-04-14 01:07:28 [INFO] [task_scheduler.cc:137] [Task #0: main] Trial #72: GFLOPs: 4.2023. Time: 143725.6445 us. Best GFLOPs: 69.0641
2026-04-14 01:07:28 [INFO] [task_scheduler.cc:137] [Task #0: main] Trial #73: GFLOPs: 44.9903. Time: 13424.6732 us. Best GFLOPs: 69.0641
2026-04-14 01:07:28 [INFO] [task_scheduler.cc:137] [Task #0: main] Trial #74: GFLOPs: 9.8956. Time: 61035.0270 us. Best GFLOPs: 69.0641
2026-04-14 01:07:28 [INFO] [task_scheduler.cc:137] [Task #0: main] Trial #75: GFLOPs: 24.1181. Time: 25042.5710 us. Best GFLOPs: 69.0641
2026-04-14 01:07:28 [INFO] [task_scheduler.cc:137] [Task #0: main] Trial #76: GFLOPs: 39.9429. Time: 15121.0757 us. Best GFLOPs: 69.0641
2026-04-14 01:07:28 [INFO] [task_scheduler.cc:137] [Task #0: main] Trial #77: GFLOPs: 22.1070. Time: 27320.8060 us. Best GFLOPs: 69.0641
2026-04-14 01:45:26 [INFO] [task_scheduler.cc:166] Initializing Task #0: "main"
2026-04-14 01:45:26 [INFO] [task_scheduler.cc:41] 
# from tvm.script import ir as I
# from tvm.script import tir as T

@I.ir_module
class Module:
    @T.prim_func
    def main(A: T.Buffer((128, 768), "float32"), B: T.Buffer((768, 3072), "float32"), C: T.Buffer((128, 3072), "float32")):
        T.func_attr({"tir.noalias": True})
        # with T.block("root"):
        for i, j, k in T.grid(128, 3072, 768):
            with T.block("C"):
                vi, vj, vk = T.axis.remap("SSR", [i, j, k])
                T.reads(A[vi, vk], B[vk, vj])
                T.writes(C[vi, vj])
                with T.init():
                    C[vi, vj] = T.float32(0.0)
                C[vi, vj] = C[vi, vj] + A[vi, vk] * B[vk, vj]
2026-04-14 01:45:26 [INFO] [task_scheduler.cc:170] Total 3 design space(s) generated
2026-04-14 01:45:26 [INFO] [task_scheduler.cc:176] Design space #0:
# from tvm.script import ir as I
# from tvm.script import tir as T

@I.ir_module
class Module:
    @T.prim_func
    def main(A: T.Buffer((128, 768), "float32"), B: T.Buffer((768, 3072), "float32"), C: T.Buffer((128, 3072), "float32")):
        T.func_attr({"tir.noalias": True})
        with T.block("root"):
            T.reads()
            T.writes()
            T.block_attr({"meta_schedule.parallel": 128, "meta_schedule.unroll_explicit": 16, "meta_schedule.vectorize": 64})
            C_global = T.alloc_buffer((128, 3072))
            for i_0, j_0, i_1, j_1 in T.grid(2, 24, 8, 2):
                for k_0, i_2, j_2, k_1, i_3, j_3 in T.grid(24, 1, 2, 32, 8, 32):
                    with T.block("C"):
                        vi = T.axis.spatial(128, i_0 * 64 + i_1 * 8 + i_2 * 8 + i_3)
                        vj = T.axis.spatial(3072, j_0 * 128 + j_1 * 64 + j_2 * 32 + j_3)
                        vk = T.axis.reduce(768, k_0 * 32 + k_1)
                        T.reads(A[vi, vk], B[vk, vj])
                        T.writes(C_global[vi, vj])
                        T.block_attr({"meta_schedule.tiling_structure": "SSRSRS"})
                        with T.init():
                            C_global[vi, vj] = T.float32(0.0)
                        C_global[vi, vj] = C_global[vi, vj] + A[vi, vk] * B[vk, vj]
                for ax0, ax1 in T.grid(8, 64):
                    with T.block("C_global"):
                        v0 = T.axis.spatial(128, i_0 * 64 + i_1 * 8 + ax0)
                        v1 = T.axis.spatial(3072, j_0 * 128 + j_1 * 64 + ax1)
                        T.reads(C_global[v0, v1])
                        T.writes(C[v0, v1])
                        C[v0, v1] = C_global[v0, v1]
b0 = sch.get_block(name="C", func_name="main")
b1 = sch.get_block(name="root", func_name="main")
sch.annotate(block_or_loop=b0, ann_key="meta_schedule.tiling_structure", ann_val="SSRSRS")
l2, l3, l4 = sch.get_loops(block=b0)
v5, v6, v7, v8 = sch.sample_perfect_tile(loop=l2, n=4, max_innermost_factor=64, decision=[2, 8, 1, 8])
l9, l10, l11, l12 = sch.split(loop=l2, factors=[v5, v6, v7, v8], preserve_unit_iters=True, disable_predication=False)
v13, v14, v15, v16 = sch.sample_perfect_tile(loop=l3, n=4, max_innermost_factor=64, decision=[24, 2, 2, 32])
l17, l18, l19, l20 = sch.split(loop=l3, factors=[v13, v14, v15, v16], preserve_unit_iters=True, disable_predication=False)
v21, v22 = sch.sample_perfect_tile(loop=l4, n=2, max_innermost_factor=64, decision=[24, 32])
l23, l24 = sch.split(loop=l4, factors=[v21, v22], preserve_unit_iters=True, disable_predication=False)
sch.reorder(l9, l17, l10, l18, l23, l11, l19, l24, l12, l20)
b25 = sch.cache_write(block=b0, write_buffer_index=0, storage_scope="global")
sch.reverse_compute_at(block=b25, loop=l18, preserve_unit_loops=True, index=-1)
sch.annotate(block_or_loop=b1, ann_key="meta_schedule.parallel", ann_val=128)
sch.annotate(block_or_loop=b1, ann_key="meta_schedule.vectorize", ann_val=64)
v26 = sch.sample_categorical(candidates=[0, 16, 64, 512], probs=[0.25, 0.25, 0.25, 0.25], decision=1)
sch.annotate(block_or_loop=b1, ann_key="meta_schedule.unroll_explicit", ann_val=v26)
2026-04-14 01:45:26 [INFO] [task_scheduler.cc:176] Design space #1:
# from tvm.script import ir as I
# from tvm.script import tir as T

@I.ir_module
class Module:
    @T.prim_func
    def main(A: T.Buffer((128, 768), "float32"), B: T.Buffer((768, 3072), "float32"), C: T.Buffer((128, 3072), "float32")):
        T.func_attr({"tir.noalias": True})
        with T.block("root"):
            T.reads()
            T.writes()
            T.block_attr({"meta_schedule.parallel": 128, "meta_schedule.unroll_explicit": 16, "meta_schedule.vectorize": 64})
            C_global = T.alloc_buffer((128, 3072))
            for i_0, j_0 in T.grid(2, 24):
                for i_1, j_1, k_0, i_2, j_2, k_1, i_3, j_3 in T.grid(8, 2, 24, 1, 2, 32, 8, 32):
                    with T.block("C"):
                        vi = T.axis.spatial(128, i_0 * 64 + i_1 * 8 + i_2 * 8 + i_3)
                        vj = T.axis.spatial(3072, j_0 * 128 + j_1 * 64 + j_2 * 32 + j_3)
                        vk = T.axis.reduce(768, k_0 * 32 + k_1)
                        T.reads(A[vi, vk], B[vk, vj])
                        T.writes(C_global[vi, vj])
                        T.block_attr({"meta_schedule.tiling_structure": "SSRSRS"})
                        with T.init():
                            C_global[vi, vj] = T.float32(0.0)
                        C_global[vi, vj] = C_global[vi, vj] + A[vi, vk] * B[vk, vj]
                for ax0, ax1 in T.grid(64, 128):
                    with T.block("C_global"):
                        v0 = T.axis.spatial(128, i_0 * 64 + ax0)
                        v1 = T.axis.spatial(3072, j_0 * 128 + ax1)
                        T.reads(C_global[v0, v1])
                        T.writes(C[v0, v1])
                        C[v0, v1] = C_global[v0, v1]
b0 = sch.get_block(name="C", func_name="main")
b1 = sch.get_block(name="root", func_name="main")
sch.annotate(block_or_loop=b0, ann_key="meta_schedule.tiling_structure", ann_val="SSRSRS")
l2, l3, l4 = sch.get_loops(block=b0)
v5, v6, v7, v8 = sch.sample_perfect_tile(loop=l2, n=4, max_innermost_factor=64, decision=[2, 8, 1, 8])
l9, l10, l11, l12 = sch.split(loop=l2, factors=[v5, v6, v7, v8], preserve_unit_iters=True, disable_predication=False)
v13, v14, v15, v16 = sch.sample_perfect_tile(loop=l3, n=4, max_innermost_factor=64, decision=[24, 2, 2, 32])
l17, l18, l19, l20 = sch.split(loop=l3, factors=[v13, v14, v15, v16], preserve_unit_iters=True, disable_predication=False)
v21, v22 = sch.sample_perfect_tile(loop=l4, n=2, max_innermost_factor=64, decision=[24, 32])
l23, l24 = sch.split(loop=l4, factors=[v21, v22], preserve_unit_iters=True, disable_predication=False)
sch.reorder(l9, l17, l10, l18, l23, l11, l19, l24, l12, l20)
b25 = sch.cache_write(block=b0, write_buffer_index=0, storage_scope="global")
sch.reverse_compute_at(block=b25, loop=l17, preserve_unit_loops=True, index=-1)
sch.annotate(block_or_loop=b1, ann_key="meta_schedule.parallel", ann_val=128)
sch.annotate(block_or_loop=b1, ann_key="meta_schedule.vectorize", ann_val=64)
v26 = sch.sample_categorical(candidates=[0, 16, 64, 512], probs=[0.25, 0.25, 0.25, 0.25], decision=1)
sch.annotate(block_or_loop=b1, ann_key="meta_schedule.unroll_explicit", ann_val=v26)
2026-04-14 01:45:26 [INFO] [task_scheduler.cc:176] Design space #2:
# from tvm.script import ir as I
# from tvm.script import tir as T

@I.ir_module
class Module:
    @T.prim_func
    def main(A: T.Buffer((128, 768), "float32"), B: T.Buffer((768, 3072), "float32"), C: T.Buffer((128, 3072), "float32")):
        T.func_attr({"tir.noalias": True})
        with T.block("root"):
            T.reads()
            T.writes()
            T.block_attr({"meta_schedule.parallel": 128, "meta_schedule.unroll_explicit": 16, "meta_schedule.vectorize": 64})
            for i_0, j_0, i_1, j_1, k_0, i_2, j_2, k_1, i_3, j_3 in T.grid(2, 24, 8, 2, 24, 1, 2, 32, 8, 32):
                with T.block("C"):
                    vi = T.axis.spatial(128, i_0 * 64 + i_1 * 8 + i_2 * 8 + i_3)
                    vj = T.axis.spatial(3072, j_0 * 128 + j_1 * 64 + j_2 * 32 + j_3)
                    vk = T.axis.reduce(768, k_0 * 32 + k_1)
                    T.reads(A[vi, vk], B[vk, vj])
                    T.writes(C[vi, vj])
                    T.block_attr({"meta_schedule.tiling_structure": "SSRSRS"})
                    with T.init():
                        C[vi, vj] = T.float32(0.0)
                    C[vi, vj] = C[vi, vj] + A[vi, vk] * B[vk, vj]
b0 = sch.get_block(name="C", func_name="main")
b1 = sch.get_block(name="root", func_name="main")
sch.annotate(block_or_loop=b0, ann_key="meta_schedule.tiling_structure", ann_val="SSRSRS")
l2, l3, l4 = sch.get_loops(block=b0)
v5, v6, v7, v8 = sch.sample_perfect_tile(loop=l2, n=4, max_innermost_factor=64, decision=[2, 8, 1, 8])
l9, l10, l11, l12 = sch.split(loop=l2, factors=[v5, v6, v7, v8], preserve_unit_iters=True, disable_predication=False)
v13, v14, v15, v16 = sch.sample_perfect_tile(loop=l3, n=4, max_innermost_factor=64, decision=[24, 2, 2, 32])
l17, l18, l19, l20 = sch.split(loop=l3, factors=[v13, v14, v15, v16], preserve_unit_iters=True, disable_predication=False)
v21, v22 = sch.sample_perfect_tile(loop=l4, n=2, max_innermost_factor=64, decision=[24, 32])
l23, l24 = sch.split(loop=l4, factors=[v21, v22], preserve_unit_iters=True, disable_predication=False)
sch.reorder(l9, l17, l10, l18, l23, l11, l19, l24, l12, l20)
sch.annotate(block_or_loop=b1, ann_key="meta_schedule.parallel", ann_val=128)
sch.annotate(block_or_loop=b1, ann_key="meta_schedule.vectorize", ann_val=64)
v25 = sch.sample_categorical(candidates=[0, 16, 64, 512], probs=[0.25, 0.25, 0.25, 0.25], decision=1)
sch.annotate(block_or_loop=b1, ann_key="meta_schedule.unroll_explicit", ann_val=v25)
2026-04-14 01:45:26 [INFO] [evolutionary_search.cc:711] Generating candidates......
2026-04-14 01:45:26 [INFO] [evolutionary_search.cc:713] Picked top 92 candidate(s) from database
2026-04-14 01:45:26 [INFO] [evolutionary_search.cc:530] Sample-Init-Population summary:
Postproc #0 [meta_schedule.DisallowDynamicLoop(0x60fddd1677d8)]: 0 failure(s)
Postproc #1 [meta_schedule.RewriteParallelVectorizeUnroll(0x60fddd3773b8)]: 0 failure(s)
Postproc #2 [meta_schedule.RewriteReductionBlock(0x60fdddae9868)]: 0 failure(s)
Postproc #3 [meta_schedule.RewriteLayout(0x60fddd933d98)]: 0 failure(s)
2026-04-14 01:45:26 [INFO] [evolutionary_search.cc:721] Sampled 368 candidate(s)
2026-04-14 01:45:27 [INFO] [evolutionary_search.cc:619] Evolve iter #0 done. Summary:
Postproc #0 [meta_schedule.DisallowDynamicLoop(0x60fddd1677d8)]: 0 failure(s)
Postproc #1 [meta_schedule.RewriteParallelVectorizeUnroll(0x60fddd3773b8)]: 0 failure(s)
Postproc #2 [meta_schedule.RewriteReductionBlock(0x60fdddae9868)]: 0 failure(s)
Postproc #3 [meta_schedule.RewriteLayout(0x60fddd933d98)]: 0 failure(s)
2026-04-14 01:45:27 [INFO] [evolutionary_search.cc:619] Evolve iter #1 done. Summary:
Postproc #0 [meta_schedule.DisallowDynamicLoop(0x60fddd1677d8)]: 0 failure(s)
Postproc #1 [meta_schedule.RewriteParallelVectorizeUnroll(0x60fddd3773b8)]: 0 failure(s)
Postproc #2 [meta_schedule.RewriteReductionBlock(0x60fdddae9868)]: 0 failure(s)
Postproc #3 [meta_schedule.RewriteLayout(0x60fddd933d98)]: 0 failure(s)
2026-04-14 01:45:27 [INFO] [evolutionary_search.cc:619] Evolve iter #2 done. Summary:
Postproc #0 [meta_schedule.DisallowDynamicLoop(0x60fddd1677d8)]: 0 failure(s)
Postproc #1 [meta_schedule.RewriteParallelVectorizeUnroll(0x60fddd3773b8)]: 0 failure(s)
Postproc #2 [meta_schedule.RewriteReductionBlock(0x60fdddae9868)]: 0 failure(s)
Postproc #3 [meta_schedule.RewriteLayout(0x60fddd933d98)]: 0 failure(s)
2026-04-14 01:45:28 [INFO] [evolutionary_search.cc:647] Scores of the best 64 candidates:
[1 : 16]:	0.9998  0.9997  0.9983  0.9975  0.9970  0.9960  0.9960  0.9950  0.9949  0.9947  0.9946  0.9943  0.9923  0.9921  0.9920  0.9914
[17 : 32]:	0.9910  0.9909  0.9908  0.9900  0.9891  0.9876  0.9875  0.9865  0.9857  0.9847  0.9846  0.9844  0.9843  0.9842  0.9832  0.9822
[33 : 48]:	0.9820  0.9817  0.9809  0.9803  0.9789  0.9784  0.9777  0.9769  0.9759  0.9748  0.9738  0.9722  0.9719  0.9716  0.9711  0.9709
[49 : 64]:	0.9700  0.9698  0.9691  0.9675  0.9661  0.9646  0.9639  0.9636  0.9634  0.9631  0.9615  0.9608  0.9601  0.9598  0.9595  0.9592
2026-04-14 01:45:28 [INFO] [evolutionary_search.cc:725] Got 64 candidate(s) with evolutionary search
2026-04-14 01:45:28 [INFO] [evolutionary_search.cc:728] Sending 64 candidates(s) for measurement
2026-04-14 01:46:06 [INFO] [task_scheduler.cc:137] [Task #0: main] Trial #1: GFLOPs: 3.7801. Time: 159777.8510 us. Best GFLOPs: 3.7801
2026-04-14 01:46:06 [INFO] [task_scheduler.cc:137] [Task #0: main] Trial #2: GFLOPs: 42.8593. Time: 14092.1460 us. Best GFLOPs: 42.8593
2026-04-14 01:46:06 [INFO] [task_scheduler.cc:137] [Task #0: main] Trial #3: GFLOPs: 44.4606. Time: 13584.6072 us. Best GFLOPs: 44.4606
2026-04-14 01:46:06 [INFO] [task_scheduler.cc:137] [Task #0: main] Trial #4: GFLOPs: 2.1795. Time: 277119.7335 us. Best GFLOPs: 44.4606
2026-04-14 01:46:06 [INFO] [task_scheduler.cc:137] [Task #0: main] Trial #5: GFLOPs: 29.7658. Time: 20291.0347 us. Best GFLOPs: 44.4606
2026-04-14 01:46:06 [INFO] [task_scheduler.cc:137] [Task #0: main] Trial #6: GFLOPs: 40.9574. Time: 14746.5312 us. Best GFLOPs: 44.4606
2026-04-14 01:46:06 [INFO] [task_scheduler.cc:137] [Task #0: main] Trial #7: GFLOPs: 44.3995. Time: 13603.3137 us. Best GFLOPs: 44.4606
2026-04-14 01:46:06 [INFO] [task_scheduler.cc:137] [Task #0: main] Trial #8: GFLOPs: 24.6934. Time: 24459.1960 us. Best GFLOPs: 44.4606
2026-04-14 01:46:06 [INFO] [task_scheduler.cc:137] [Task #0: main] Trial #9: GFLOPs: 50.9106. Time: 11863.5428 us. Best GFLOPs: 50.9106
2026-04-14 01:46:06 [INFO] [task_scheduler.cc:137] [Task #0: main] Trial #10: GFLOPs: 11.2494. Time: 53690.1470 us. Best GFLOPs: 50.9106
2026-04-14 01:46:06 [INFO] [task_scheduler.cc:137] [Task #0: main] Trial #11: GFLOPs: 41.9785. Time: 14387.8357 us. Best GFLOPs: 50.9106
2026-04-14 01:46:06 [INFO] [task_scheduler.cc:137] [Task #0: main] Trial #12: GFLOPs: 13.7552. Time: 43909.2260 us. Best GFLOPs: 50.9106
2026-04-14 01:46:06 [INFO] [task_scheduler.cc:137] [Task #0: main] Trial #13: GFLOPs: 15.0421. Time: 40152.4955 us. Best GFLOPs: 50.9106
2026-04-14 01:46:06 [INFO] [task_scheduler.cc:137] [Task #0: main] Trial #14: GFLOPs: 20.4626. Time: 29516.2855 us. Best GFLOPs: 50.9106
2026-04-14 01:46:06 [INFO] [task_scheduler.cc:137] [Task #0: main] Trial #15: GFLOPs: 51.0505. Time: 11831.0272 us. Best GFLOPs: 51.0505
2026-04-14 01:46:06 [INFO] [task_scheduler.cc:137] [Task #0: main] Trial #16: GFLOPs: 21.5673. Time: 28004.4090 us. Best GFLOPs: 51.0505
2026-04-14 01:46:06 [INFO] [task_scheduler.cc:137] [Task #0: main] Trial #17: GFLOPs: 7.4026. Time: 81589.9440 us. Best GFLOPs: 51.0505
2026-04-14 01:46:06 [INFO] [task_scheduler.cc:137] [Task #0: main] Trial #18: GFLOPs: 22.0301. Time: 27416.0990 us. Best GFLOPs: 51.0505
2026-04-14 01:46:06 [INFO] [task_scheduler.cc:137] [Task #0: main] Trial #19: GFLOPs: 14.3505. Time: 42087.6640 us. Best GFLOPs: 51.0505
2026-04-14 01:46:06 [INFO] [task_scheduler.cc:137] [Task #0: main] Trial #20: GFLOPs: 8.2461. Time: 73244.3700 us. Best GFLOPs: 51.0505
2026-04-14 01:46:06 [INFO] [task_scheduler.cc:137] [Task #0: main] Trial #21: GFLOPs: 2.4105. Time: 250565.2215 us. Best GFLOPs: 51.0505
2026-04-14 01:46:06 [INFO] [task_scheduler.cc:137] [Task #0: main] Trial #22: GFLOPs: 28.5884. Time: 21126.7200 us. Best GFLOPs: 51.0505
2026-04-14 01:46:06 [INFO] [task_scheduler.cc:137] [Task #0: main] Trial #23: GFLOPs: 11.7247. Time: 51513.5865 us. Best GFLOPs: 51.0505
2026-04-14 01:46:06 [INFO] [task_scheduler.cc:137] [Task #0: main] Trial #24: GFLOPs: 24.2029. Time: 24954.8915 us. Best GFLOPs: 51.0505
2026-04-14 01:46:06 [INFO] [task_scheduler.cc:137] [Task #0: main] Trial #25: GFLOPs: 10.1089. Time: 59747.0565 us. Best GFLOPs: 51.0505
2026-04-14 01:46:06 [INFO] [task_scheduler.cc:137] [Task #0: main] Trial #26: GFLOPs: 55.4555. Time: 10891.2464 us. Best GFLOPs: 55.4555
2026-04-14 01:46:06 [INFO] [task_scheduler.cc:137] [Task #0: main] Trial #27: GFLOPs: 19.2570. Time: 31364.2480 us. Best GFLOPs: 55.4555
2026-04-14 01:46:06 [INFO] [task_scheduler.cc:137] [Task #0: main] Trial #28: GFLOPs: 47.2938. Time: 12770.7892 us. Best GFLOPs: 55.4555
2026-04-14 01:46:06 [INFO] [task_scheduler.cc:137] [Task #0: main] Trial #29: GFLOPs: 29.3836. Time: 20554.9985 us. Best GFLOPs: 55.4555
2026-04-14 01:46:06 [INFO] [task_scheduler.cc:137] [Task #0: main] Trial #30: GFLOPs: 32.2975. Time: 18700.5203 us. Best GFLOPs: 55.4555
2026-04-14 01:46:06 [INFO] [task_scheduler.cc:137] [Task #0: main] Trial #31: GFLOPs: 8.1228. Time: 74355.7385 us. Best GFLOPs: 55.4555
2026-04-14 01:46:06 [INFO] [task_scheduler.cc:137] [Task #0: main] Trial #32: GFLOPs: 28.5400. Time: 21162.5775 us. Best GFLOPs: 55.4555
2026-04-14 01:46:06 [INFO] [task_scheduler.cc:137] [Task #0: main] Trial #33: GFLOPs: 21.3141. Time: 28337.1105 us. Best GFLOPs: 55.4555
2026-04-14 01:46:06 [INFO] [task_scheduler.cc:137] [Task #0: main] Trial #34: GFLOPs: 27.2809. Time: 22139.2535 us. Best GFLOPs: 55.4555
2026-04-14 01:46:06 [INFO] [task_scheduler.cc:137] [Task #0: main] Trial #35: GFLOPs: 53.0213. Time: 11391.2620 us. Best GFLOPs: 55.4555
2026-04-14 01:46:06 [INFO] [task_scheduler.cc:137] [Task #0: main] Trial #36: GFLOPs: 12.9788. Time: 46535.9395 us. Best GFLOPs: 55.4555
2026-04-14 01:46:06 [INFO] [task_scheduler.cc:137] [Task #0: main] Trial #37: GFLOPs: 49.5688. Time: 12184.6875 us. Best GFLOPs: 55.4555
2026-04-14 01:46:06 [INFO] [task_scheduler.cc:137] [Task #0: main] Trial #38: GFLOPs: 21.7514. Time: 27767.3550 us. Best GFLOPs: 55.4555
2026-04-14 01:46:06 [INFO] [task_scheduler.cc:137] [Task #0: main] Trial #39: GFLOPs: 51.3844. Time: 11754.1425 us. Best GFLOPs: 55.4555
2026-04-14 01:46:06 [INFO] [task_scheduler.cc:137] [Task #0: main] Trial #40: GFLOPs: 62.0321. Time: 9736.5722 us. Best GFLOPs: 62.0321
2026-04-14 01:46:06 [INFO] [task_scheduler.cc:137] [Task #0: main] Trial #41: GFLOPs: 37.4100. Time: 16144.8677 us. Best GFLOPs: 62.0321
2026-04-14 01:46:06 [INFO] [task_scheduler.cc:137] [Task #0: main] Trial #42: GFLOPs: 34.9284. Time: 17291.9457 us. Best GFLOPs: 62.0321
2026-04-14 01:46:06 [INFO] [task_scheduler.cc:137] [Task #0: main] Trial #43: GFLOPs: 40.5564. Time: 14892.3373 us. Best GFLOPs: 62.0321
2026-04-14 01:46:06 [INFO] [task_scheduler.cc:137] [Task #0: main] Trial #44: GFLOPs: 32.5552. Time: 18552.4830 us. Best GFLOPs: 62.0321
2026-04-14 01:46:06 [INFO] [task_scheduler.cc:137] [Task #0: main] Trial #45: GFLOPs: 5.8697. Time: 102897.0635 us. Best GFLOPs: 62.0321
2026-04-14 01:46:06 [INFO] [task_scheduler.cc:137] [Task #0: main] Trial #46: GFLOPs: 28.9134. Time: 20889.2820 us. Best GFLOPs: 62.0321
2026-04-14 01:46:06 [INFO] [task_scheduler.cc:137] [Task #0: main] Trial #47: GFLOPs: 20.2424. Time: 29837.3910 us. Best GFLOPs: 62.0321
2026-04-14 01:46:06 [INFO] [task_scheduler.cc:137] [Task #0: main] Trial #48: GFLOPs: 9.5062. Time: 63535.5730 us. Best GFLOPs: 62.0321
2026-04-14 01:46:06 [INFO] [task_scheduler.cc:137] [Task #0: main] Trial #49: GFLOPs: 48.9703. Time: 12333.5943 us. Best GFLOPs: 62.0321
2026-04-14 01:46:06 [INFO] [task_scheduler.cc:137] [Task #0: main] Trial #50: GFLOPs: 28.7563. Time: 21003.3943 us. Best GFLOPs: 62.0321
2026-04-14 01:46:06 [INFO] [task_scheduler.cc:137] [Task #0: main] Trial #51: GFLOPs: 11.1002. Time: 54411.4600 us. Best GFLOPs: 62.0321
2026-04-14 01:46:06 [INFO] [task_scheduler.cc:137] [Task #0: main] Trial #52: GFLOPs: 4.6981. Time: 128559.6540 us. Best GFLOPs: 62.0321
2026-04-14 01:46:06 [INFO] [task_scheduler.cc:137] [Task #0: main] Trial #53: GFLOPs: 38.5489. Time: 15667.8777 us. Best GFLOPs: 62.0321
2026-04-14 01:46:06 [INFO] [task_scheduler.cc:137] [Task #0: main] Trial #54: GFLOPs: 55.2994. Time: 10921.9906 us. Best GFLOPs: 62.0321
2026-04-14 01:46:06 [INFO] [task_scheduler.cc:137] [Task #0: main] Trial #55: GFLOPs: 65.2548. Time: 9255.7098 us. Best GFLOPs: 65.2548
2026-04-14 01:46:06 [INFO] [task_scheduler.cc:137] [Task #0: main] Trial #56: GFLOPs: 29.3627. Time: 20569.6060 us. Best GFLOPs: 65.2548
2026-04-14 01:46:06 [INFO] [task_scheduler.cc:137] [Task #0: main] Trial #57: GFLOPs: 53.5506. Time: 11278.6735 us. Best GFLOPs: 65.2548
2026-04-14 01:46:06 [INFO] [task_scheduler.cc:137] [Task #0: main] Trial #58: GFLOPs: 10.9834. Time: 54990.1825 us. Best GFLOPs: 65.2548
2026-04-14 01:46:06 [INFO] [task_scheduler.cc:137] [Task #0: main] Trial #59: GFLOPs: 35.6217. Time: 16955.3767 us. Best GFLOPs: 65.2548
2026-04-14 01:46:06 [INFO] [task_scheduler.cc:137] [Task #0: main] Trial #60: GFLOPs: 22.4302. Time: 26927.0960 us. Best GFLOPs: 65.2548
2026-04-14 01:46:06 [INFO] [task_scheduler.cc:137] [Task #0: main] Trial #61: GFLOPs: 27.8347. Time: 21698.8070 us. Best GFLOPs: 65.2548
2026-04-14 01:46:06 [INFO] [task_scheduler.cc:137] [Task #0: main] Trial #62: GFLOPs: 47.1972. Time: 12796.9275 us. Best GFLOPs: 65.2548
2026-04-14 01:46:06 [INFO] [task_scheduler.cc:137] [Task #0: main] Trial #63: GFLOPs: 16.0955. Time: 37524.6870 us. Best GFLOPs: 65.2548
2026-04-14 01:46:06 [INFO] [task_scheduler.cc:137] [Task #0: main] Trial #64: GFLOPs: 17.8142. Time: 33904.3855 us. Best GFLOPs: 65.2548
2026-04-14 01:46:06 [INFO] [evolutionary_search.cc:711] Generating candidates......
2026-04-14 01:46:06 [INFO] [evolutionary_search.cc:713] Picked top 92 candidate(s) from database
2026-04-14 01:46:07 [INFO] [evolutionary_search.cc:530] Sample-Init-Population summary:
Postproc #0 [meta_schedule.DisallowDynamicLoop(0x60fddd1677d8)]: 0 failure(s)
Postproc #1 [meta_schedule.RewriteParallelVectorizeUnroll(0x60fddd3773b8)]: 0 failure(s)
Postproc #2 [meta_schedule.RewriteReductionBlock(0x60fdddae9868)]: 0 failure(s)
Postproc #3 [meta_schedule.RewriteLayout(0x60fddd933d98)]: 0 failure(s)
2026-04-14 01:46:07 [INFO] [evolutionary_search.cc:721] Sampled 368 candidate(s)
2026-04-14 01:46:07 [INFO] [evolutionary_search.cc:619] Evolve iter #0 done. Summary:
Postproc #0 [meta_schedule.DisallowDynamicLoop(0x60fddd1677d8)]: 0 failure(s)
Postproc #1 [meta_schedule.RewriteParallelVectorizeUnroll(0x60fddd3773b8)]: 0 failure(s)
Postproc #2 [meta_schedule.RewriteReductionBlock(0x60fdddae9868)]: 0 failure(s)
Postproc #3 [meta_schedule.RewriteLayout(0x60fddd933d98)]: 0 failure(s)
2026-04-14 01:46:07 [INFO] [evolutionary_search.cc:619] Evolve iter #1 done. Summary:
Postproc #0 [meta_schedule.DisallowDynamicLoop(0x60fddd1677d8)]: 0 failure(s)
Postproc #1 [meta_schedule.RewriteParallelVectorizeUnroll(0x60fddd3773b8)]: 0 failure(s)
Postproc #2 [meta_schedule.RewriteReductionBlock(0x60fdddae9868)]: 0 failure(s)
Postproc #3 [meta_schedule.RewriteLayout(0x60fddd933d98)]: 0 failure(s)
2026-04-14 01:46:08 [INFO] [evolutionary_search.cc:619] Evolve iter #2 done. Summary:
Postproc #0 [meta_schedule.DisallowDynamicLoop(0x60fddd1677d8)]: 0 failure(s)
Postproc #1 [meta_schedule.RewriteParallelVectorizeUnroll(0x60fddd3773b8)]: 0 failure(s)
Postproc #2 [meta_schedule.RewriteReductionBlock(0x60fdddae9868)]: 0 failure(s)
Postproc #3 [meta_schedule.RewriteLayout(0x60fddd933d98)]: 0 failure(s)
2026-04-14 01:46:08 [INFO] [evolutionary_search.cc:647] Scores of the best 13 candidates:
[1 : 13]:	1.0000  0.9995  0.9984  0.9984  0.9984  0.9982  0.9982  0.9971  0.9959  0.9945  0.9938  0.9923  0.9923
2026-04-14 01:46:08 [INFO] [evolutionary_search.cc:725] Got 13 candidate(s) with evolutionary search
2026-04-14 01:46:08 [INFO] [evolutionary_search.cc:728] Sending 13 candidates(s) for measurement
2026-04-14 01:46:23 [INFO] [task_scheduler.cc:137] [Task #0: main] Trial #65: GFLOPs: 52.9129. Time: 11414.6025 us. Best GFLOPs: 65.2548
2026-04-14 01:46:23 [INFO] [task_scheduler.cc:137] [Task #0: main] Trial #66: GFLOPs: 31.1319. Time: 19400.6430 us. Best GFLOPs: 65.2548
2026-04-14 01:46:23 [INFO] [task_scheduler.cc:137] [Task #0: main] Trial #67: GFLOPs: 32.5720. Time: 18542.9357 us. Best GFLOPs: 65.2548
2026-04-14 01:46:23 [INFO] [task_scheduler.cc:137] [Task #0: main] Trial #68: GFLOPs: 45.1418. Time: 13379.6020 us. Best GFLOPs: 65.2548
2026-04-14 01:46:23 [INFO] [task_scheduler.cc:137] [Task #0: main] Trial #69: GFLOPs: 25.2872. Time: 23884.7815 us. Best GFLOPs: 65.2548
2026-04-14 01:46:23 [INFO] [task_scheduler.cc:137] [Task #0: main] Trial #70: GFLOPs: 5.4869. Time: 110077.6540 us. Best GFLOPs: 65.2548
2026-04-14 01:46:23 [INFO] [task_scheduler.cc:137] [Task #0: main] Trial #71: GFLOPs: 33.0408. Time: 18279.8170 us. Best GFLOPs: 65.2548
2026-04-14 01:46:23 [INFO] [task_scheduler.cc:137] [Task #0: main] Trial #72: GFLOPs: 20.0203. Time: 30168.3460 us. Best GFLOPs: 65.2548
2026-04-14 01:46:23 [INFO] [task_scheduler.cc:137] [Task #0: main] Trial #73: GFLOPs: 16.4781. Time: 36653.5915 us. Best GFLOPs: 65.2548
2026-04-14 01:46:23 [INFO] [task_scheduler.cc:137] [Task #0: main] Trial #74: GFLOPs: 41.1983. Time: 14660.3092 us. Best GFLOPs: 65.2548
2026-04-14 01:46:23 [INFO] [task_scheduler.cc:137] [Task #0: main] Trial #75: GFLOPs: 19.0960. Time: 31628.5635 us. Best GFLOPs: 65.2548
2026-04-14 01:46:23 [INFO] [task_scheduler.cc:137] [Task #0: main] Trial #76: GFLOPs: 46.3668. Time: 13026.1370 us. Best GFLOPs: 65.2548
2026-04-14 01:46:23 [INFO] [task_scheduler.cc:137] [Task #0: main] Trial #77: GFLOPs: 48.7281. Time: 12394.8882 us. Best GFLOPs: 65.2548
