2026-04-10 14:06:04 [INFO] Logging directory: research/results/metaschedule/best_config/mlp_expand/M_128/logs
2026-04-10 14:06:04 [INFO] [task_scheduler.cc:165] Initializing Task #0: "main"
2026-04-10 14:06:04 [INFO] [task_scheduler.cc:326] 
 ID | Name |      FLOP | Weight | Speed (GFLOPS) | Latency (us) | Weighted Latency (us) | Trials | Done 
--------------------------------------------------------------------------------------------------------
  0 | main | 603979776 |      1 |            N/A |          N/A |                   N/A |      0 |      
--------------------------------------------------------------------------------------------------------
Total trials: 0
Total latency (us): 0

2026-04-10 14:06:04 [INFO] [task_scheduler.cc:186] TaskScheduler picks Task #0: "main"
2026-04-10 14:06:05 [INFO] [task_scheduler.cc:199] Sending 64 sample(s) to builder
2026-04-10 14:06:19 [INFO] [task_scheduler.cc:201] Sending 64 sample(s) to runner
2026-04-10 14:06:35 [DEBUG] XGB iter   0: tr-p-rmse: 0.427591	tr-a-peak@32: 0.953353	tr-rmse: 0.247235	tr-rmse: 0.247235
2026-04-10 14:06:35 [DEBUG] XGB iter  25: tr-p-rmse: 0.047359	tr-a-peak@32: 0.998542	tr-rmse: 0.267053	tr-rmse: 0.267053
2026-04-10 14:06:35 [DEBUG] XGB iter  50: tr-p-rmse: 0.047400	tr-a-peak@32: 0.998542	tr-rmse: 0.266999	tr-rmse: 0.266999
2026-04-10 14:06:35 [DEBUG] XGB stopped. Best iteration: [19] tr-p-rmse:0.04692	tr-a-peak@32:0.99854	tr-rmse:0.26766	tr-rmse:0.26766 
2026-04-10 14:06:35 [INFO] [task_scheduler.cc:243] [Updated] Task #0: "main"
2026-04-10 14:06:35 [INFO] [task_scheduler.cc:326] 
 ID | Name |      FLOP | Weight | Speed (GFLOPS) | Latency (us) | Weighted Latency (us) | Trials | Done 
--------------------------------------------------------------------------------------------------------
  0 | main | 603979776 |      1 |        88.3384 |    6837.1123 |             6837.1123 |     64 |      
--------------------------------------------------------------------------------------------------------
Total trials: 64
Total latency (us): 6837.11

2026-04-10 14:06:35 [INFO] [task_scheduler.cc:266] Task #0 has finished. Remaining task(s): 0
2026-04-10 14:06:35 [INFO] [task_scheduler.cc:326] 
 ID | Name |      FLOP | Weight | Speed (GFLOPS) | Latency (us) | Weighted Latency (us) | Trials | Done 
--------------------------------------------------------------------------------------------------------
  0 | main | 603979776 |      1 |        88.3384 |    6837.1123 |             6837.1123 |     64 |    Y 
--------------------------------------------------------------------------------------------------------
Total trials: 64
Total latency (us): 6837.11

2026-04-10 14:06:36 [INFO] LocalBuilder: max_workers = 12
2026-04-10 14:06:37 [INFO] LocalRunner: max_workers = 1
2026-04-10 15:13:12 [INFO] Logging directory: research/results/metaschedule/best_config/mlp_expand/M_128/logs
2026-04-10 15:13:12 [INFO] [task_scheduler.cc:165] Initializing Task #0: "main"
2026-04-10 15:13:12 [INFO] [task_scheduler.cc:326] 
 ID | Name |      FLOP | Weight | Speed (GFLOPS) | Latency (us) | Weighted Latency (us) | Trials | Done 
--------------------------------------------------------------------------------------------------------
  0 | main | 603979776 |      1 |            N/A |          N/A |                   N/A |      0 |      
--------------------------------------------------------------------------------------------------------
Total trials: 0
Total latency (us): 0

2026-04-10 15:13:12 [INFO] [task_scheduler.cc:186] TaskScheduler picks Task #0: "main"
2026-04-10 15:13:13 [INFO] [task_scheduler.cc:199] Sending 64 sample(s) to builder
2026-04-10 15:13:26 [INFO] [task_scheduler.cc:201] Sending 64 sample(s) to runner
2026-04-10 15:13:41 [DEBUG] XGB iter   0: tr-p-rmse: 0.410155	tr-a-peak@32: 1.000000	tr-rmse: 0.266469	tr-rmse: 0.266469
2026-04-10 15:13:41 [DEBUG] XGB iter  25: tr-p-rmse: 0.067427	tr-a-peak@32: 1.000000	tr-rmse: 0.293531	tr-rmse: 0.293531
2026-04-10 15:13:41 [DEBUG] XGB iter  50: tr-p-rmse: 0.066711	tr-a-peak@32: 1.000000	tr-rmse: 0.293670	tr-rmse: 0.293670
2026-04-10 15:13:41 [DEBUG] XGB iter  75: tr-p-rmse: 0.066711	tr-a-peak@32: 1.000000	tr-rmse: 0.293670	tr-rmse: 0.293670
2026-04-10 15:13:41 [DEBUG] XGB stopped. Best iteration: [40] tr-p-rmse:0.06671	tr-a-peak@32:1.00000	tr-rmse:0.29367	tr-rmse:0.29367 
2026-04-10 15:13:42 [INFO] [task_scheduler.cc:243] [Updated] Task #0: "main"
2026-04-10 15:13:42 [INFO] [task_scheduler.cc:326] 
 ID | Name |      FLOP | Weight | Speed (GFLOPS) | Latency (us) | Weighted Latency (us) | Trials | Done 
--------------------------------------------------------------------------------------------------------
  0 | main | 603979776 |      1 |        97.5709 |    6190.1627 |             6190.1627 |     64 |      
--------------------------------------------------------------------------------------------------------
Total trials: 64
Total latency (us): 6190.16

2026-04-10 15:13:42 [INFO] [task_scheduler.cc:186] TaskScheduler picks Task #0: "main"
2026-04-10 15:13:43 [INFO] [task_scheduler.cc:199] Sending 13 sample(s) to builder
2026-04-10 15:13:51 [INFO] [task_scheduler.cc:201] Sending 13 sample(s) to runner
2026-04-10 15:13:54 [DEBUG] XGB validation: p-rmse: 0.190877	a-peak@32: 1.000000
2026-04-10 15:13:54 [DEBUG] XGB iter   0: tr-p-rmse: 0.426567	tr-a-peak@32: 1.000000	tr-rmse: 0.257705	tr-rmse: 0.257705
2026-04-10 15:13:54 [DEBUG] XGB iter  25: tr-p-rmse: 0.063912	tr-a-peak@32: 1.000000	tr-rmse: 0.282199	tr-rmse: 0.282199
2026-04-10 15:13:54 [DEBUG] XGB iter  50: tr-p-rmse: 0.063874	tr-a-peak@32: 1.000000	tr-rmse: 0.282251	tr-rmse: 0.282251
2026-04-10 15:13:54 [DEBUG] XGB iter  75: tr-p-rmse: 0.063874	tr-a-peak@32: 1.000000	tr-rmse: 0.282251	tr-rmse: 0.282251
2026-04-10 15:13:54 [DEBUG] XGB stopped. Best iteration: [44] tr-p-rmse:0.06387	tr-a-peak@32:1.00000	tr-rmse:0.28225	tr-rmse:0.28225 
2026-04-10 15:13:54 [INFO] [task_scheduler.cc:243] [Updated] Task #0: "main"
2026-04-10 15:13:54 [INFO] [task_scheduler.cc:326] 
 ID | Name |      FLOP | Weight | Speed (GFLOPS) | Latency (us) | Weighted Latency (us) | Trials | Done 
--------------------------------------------------------------------------------------------------------
  0 | main | 603979776 |      1 |        97.5709 |    6190.1627 |             6190.1627 |     77 |      
--------------------------------------------------------------------------------------------------------
Total trials: 77
Total latency (us): 6190.16

2026-04-10 15:13:54 [INFO] [task_scheduler.cc:266] Task #0 has finished. Remaining task(s): 0
2026-04-10 15:13:54 [INFO] [task_scheduler.cc:326] 
 ID | Name |      FLOP | Weight | Speed (GFLOPS) | Latency (us) | Weighted Latency (us) | Trials | Done 
--------------------------------------------------------------------------------------------------------
  0 | main | 603979776 |      1 |        97.5709 |    6190.1627 |             6190.1627 |     77 |    Y 
--------------------------------------------------------------------------------------------------------
Total trials: 77
Total latency (us): 6190.16

2026-04-10 15:13:55 [INFO] LocalBuilder: max_workers = 12
2026-04-10 15:13:57 [INFO] LocalRunner: max_workers = 1
2026-04-14 01:06:28 [INFO] Logging directory: research/results/metaschedule/best_config/mlp_expand/M_128/logs
2026-04-14 01:06:29 [INFO] [task_scheduler.cc:165] Initializing Task #0: "main"
2026-04-14 01:06:29 [INFO] [task_scheduler.cc:326] 
 ID | Name |      FLOP | Weight | Speed (GFLOPS) | Latency (us) | Weighted Latency (us) | Trials | Done 
--------------------------------------------------------------------------------------------------------
  0 | main | 603979776 |      1 |            N/A |          N/A |                   N/A |      0 |      
--------------------------------------------------------------------------------------------------------
Total trials: 0
Total latency (us): 0

2026-04-14 01:06:29 [INFO] [task_scheduler.cc:186] TaskScheduler picks Task #0: "main"
2026-04-14 01:06:30 [INFO] [task_scheduler.cc:199] Sending 64 sample(s) to builder
2026-04-14 01:06:46 [INFO] [task_scheduler.cc:201] Sending 64 sample(s) to runner
2026-04-14 01:07:10 [DEBUG] XGB iter   0: tr-p-rmse: 0.411402	tr-a-peak@32: 0.945218	tr-rmse: 0.240010	tr-rmse: 0.240010
2026-04-14 01:07:10 [DEBUG] XGB iter  25: tr-p-rmse: 0.067299	tr-a-peak@32: 1.000000	tr-rmse: 0.281219	tr-rmse: 0.281219
2026-04-14 01:07:10 [DEBUG] XGB iter  50: tr-p-rmse: 0.067313	tr-a-peak@32: 1.000000	tr-rmse: 0.281195	tr-rmse: 0.281195
2026-04-14 01:07:10 [DEBUG] XGB stopped. Best iteration: [20] tr-p-rmse:0.06717	tr-a-peak@32:1.00000	tr-rmse:0.28144	tr-rmse:0.28144 
2026-04-14 01:07:10 [INFO] [task_scheduler.cc:243] [Updated] Task #0: "main"
2026-04-14 01:07:10 [INFO] [task_scheduler.cc:326] 
 ID | Name |      FLOP | Weight | Speed (GFLOPS) | Latency (us) | Weighted Latency (us) | Trials | Done 
--------------------------------------------------------------------------------------------------------
  0 | main | 603979776 |      1 |        69.0641 |    8745.2052 |             8745.2052 |     64 |      
--------------------------------------------------------------------------------------------------------
Total trials: 64
Total latency (us): 8745.21

2026-04-14 01:07:10 [INFO] [task_scheduler.cc:186] TaskScheduler picks Task #0: "main"
2026-04-14 01:07:12 [INFO] [task_scheduler.cc:199] Sending 13 sample(s) to builder
2026-04-14 01:07:22 [INFO] [task_scheduler.cc:201] Sending 13 sample(s) to runner
2026-04-14 01:07:28 [DEBUG] XGB validation: p-rmse: 0.199991	a-peak@32: 1.000000
2026-04-14 01:07:28 [DEBUG] XGB iter   0: tr-p-rmse: 0.415942	tr-a-peak@32: 0.945218	tr-rmse: 0.234139	tr-rmse: 0.234139
2026-04-14 01:07:28 [DEBUG] XGB iter  25: tr-p-rmse: 0.069998	tr-a-peak@32: 1.000000	tr-rmse: 0.269039	tr-rmse: 0.269039
2026-04-14 01:07:28 [DEBUG] XGB iter  50: tr-p-rmse: 0.069944	tr-a-peak@32: 1.000000	tr-rmse: 0.269120	tr-rmse: 0.269120
2026-04-14 01:07:28 [DEBUG] XGB iter  75: tr-p-rmse: 0.069944	tr-a-peak@32: 1.000000	tr-rmse: 0.269120	tr-rmse: 0.269120
2026-04-14 01:07:28 [DEBUG] XGB stopped. Best iteration: [35] tr-p-rmse:0.06994	tr-a-peak@32:1.00000	tr-rmse:0.26912	tr-rmse:0.26912 
2026-04-14 01:07:28 [INFO] [task_scheduler.cc:243] [Updated] Task #0: "main"
2026-04-14 01:07:28 [INFO] [task_scheduler.cc:326] 
 ID | Name |      FLOP | Weight | Speed (GFLOPS) | Latency (us) | Weighted Latency (us) | Trials | Done 
--------------------------------------------------------------------------------------------------------
  0 | main | 603979776 |      1 |        69.0641 |    8745.2052 |             8745.2052 |     77 |      
--------------------------------------------------------------------------------------------------------
Total trials: 77
Total latency (us): 8745.21

2026-04-14 01:07:28 [INFO] [task_scheduler.cc:266] Task #0 has finished. Remaining task(s): 0
2026-04-14 01:07:28 [INFO] [task_scheduler.cc:326] 
 ID | Name |      FLOP | Weight | Speed (GFLOPS) | Latency (us) | Weighted Latency (us) | Trials | Done 
--------------------------------------------------------------------------------------------------------
  0 | main | 603979776 |      1 |        69.0641 |    8745.2052 |             8745.2052 |     77 |    Y 
--------------------------------------------------------------------------------------------------------
Total trials: 77
Total latency (us): 8745.21

2026-04-14 01:07:30 [INFO] LocalBuilder: max_workers = 12
2026-04-14 01:07:32 [INFO] LocalRunner: max_workers = 1
2026-04-14 01:45:26 [INFO] Logging directory: research/results/metaschedule/best_config/mlp_expand/M_128/logs
2026-04-14 01:45:26 [INFO] [task_scheduler.cc:165] Initializing Task #0: "main"
2026-04-14 01:45:26 [INFO] [task_scheduler.cc:326] 
 ID | Name |      FLOP | Weight | Speed (GFLOPS) | Latency (us) | Weighted Latency (us) | Trials | Done 
--------------------------------------------------------------------------------------------------------
  0 | main | 603979776 |      1 |            N/A |          N/A |                   N/A |      0 |      
--------------------------------------------------------------------------------------------------------
Total trials: 0
Total latency (us): 0

2026-04-14 01:45:26 [INFO] [task_scheduler.cc:186] TaskScheduler picks Task #0: "main"
2026-04-14 01:45:28 [INFO] [task_scheduler.cc:199] Sending 64 sample(s) to builder
2026-04-14 01:45:46 [INFO] [task_scheduler.cc:201] Sending 64 sample(s) to runner
2026-04-14 01:46:06 [DEBUG] XGB iter   0: tr-p-rmse: 0.423524	tr-a-peak@32: 1.000000	tr-rmse: 0.249997	tr-rmse: 0.249997
2026-04-14 01:46:06 [DEBUG] XGB iter  25: tr-p-rmse: 0.065897	tr-a-peak@32: 1.000000	tr-rmse: 0.271917	tr-rmse: 0.271917
2026-04-14 01:46:06 [DEBUG] XGB iter  50: tr-p-rmse: 0.065826	tr-a-peak@32: 1.000000	tr-rmse: 0.272010	tr-rmse: 0.272010
2026-04-14 01:46:06 [DEBUG] XGB iter  75: tr-p-rmse: 0.065826	tr-a-peak@32: 1.000000	tr-rmse: 0.272010	tr-rmse: 0.272010
2026-04-14 01:46:06 [DEBUG] XGB stopped. Best iteration: [38] tr-p-rmse:0.06583	tr-a-peak@32:1.00000	tr-rmse:0.27201	tr-rmse:0.27201 
2026-04-14 01:46:06 [INFO] [task_scheduler.cc:243] [Updated] Task #0: "main"
2026-04-14 01:46:06 [INFO] [task_scheduler.cc:326] 
 ID | Name |      FLOP | Weight | Speed (GFLOPS) | Latency (us) | Weighted Latency (us) | Trials | Done 
--------------------------------------------------------------------------------------------------------
  0 | main | 603979776 |      1 |        65.2548 |    9255.7098 |             9255.7098 |     64 |      
--------------------------------------------------------------------------------------------------------
Total trials: 64
Total latency (us): 9255.71

2026-04-14 01:46:06 [INFO] [task_scheduler.cc:186] TaskScheduler picks Task #0: "main"
2026-04-14 01:46:08 [INFO] [task_scheduler.cc:199] Sending 13 sample(s) to builder
2026-04-14 01:46:19 [INFO] [task_scheduler.cc:201] Sending 13 sample(s) to runner
2026-04-14 01:46:23 [DEBUG] XGB validation: p-rmse: 0.155464	a-peak@32: 0.942661
2026-04-14 01:46:23 [DEBUG] XGB iter   0: tr-p-rmse: 0.417937	tr-a-peak@32: 1.000000	tr-rmse: 0.245513	tr-rmse: 0.245513
2026-04-14 01:46:23 [DEBUG] XGB iter  25: tr-p-rmse: 0.071355	tr-a-peak@32: 1.000000	tr-rmse: 0.270230	tr-rmse: 0.270230
2026-04-14 01:46:23 [DEBUG] XGB iter  50: tr-p-rmse: 0.071341	tr-a-peak@32: 1.000000	tr-rmse: 0.270249	tr-rmse: 0.270249
2026-04-14 01:46:23 [DEBUG] XGB iter  75: tr-p-rmse: 0.071341	tr-a-peak@32: 1.000000	tr-rmse: 0.270249	tr-rmse: 0.270249
2026-04-14 01:46:23 [DEBUG] XGB stopped. Best iteration: [32] tr-p-rmse:0.07134	tr-a-peak@32:1.00000	tr-rmse:0.27025	tr-rmse:0.27025 
2026-04-14 01:46:23 [INFO] [task_scheduler.cc:243] [Updated] Task #0: "main"
2026-04-14 01:46:23 [INFO] [task_scheduler.cc:326] 
 ID | Name |      FLOP | Weight | Speed (GFLOPS) | Latency (us) | Weighted Latency (us) | Trials | Done 
--------------------------------------------------------------------------------------------------------
  0 | main | 603979776 |      1 |        65.2548 |    9255.7098 |             9255.7098 |     77 |      
--------------------------------------------------------------------------------------------------------
Total trials: 77
Total latency (us): 9255.71

2026-04-14 01:46:23 [INFO] [task_scheduler.cc:266] Task #0 has finished. Remaining task(s): 0
2026-04-14 01:46:23 [INFO] [task_scheduler.cc:326] 
 ID | Name |      FLOP | Weight | Speed (GFLOPS) | Latency (us) | Weighted Latency (us) | Trials | Done 
--------------------------------------------------------------------------------------------------------
  0 | main | 603979776 |      1 |        65.2548 |    9255.7098 |             9255.7098 |     77 |    Y 
--------------------------------------------------------------------------------------------------------
Total trials: 77
Total latency (us): 9255.71

2026-04-14 01:46:24 [INFO] LocalBuilder: max_workers = 12
2026-04-14 01:46:26 [INFO] LocalRunner: max_workers = 1
