2026-04-07 12:43:31 [INFO] [task_scheduler.cc:166] Initializing Task #0: "main"
2026-04-07 12:43:31 [INFO] [task_scheduler.cc:41] 
# from tvm.script import ir as I
# from tvm.script import tir as T

@I.ir_module
class Module:
    @T.prim_func
    def main(A: T.Buffer((128, 3072), "float32"), B: T.Buffer((3072, 768), "float32"), C: T.Buffer((128, 768), "float32")):
        T.func_attr({"tir.noalias": True})
        # with T.block("root"):
        for i, j, k in T.grid(128, 768, 3072):
            with T.block("C"):
                vi, vj, vk = T.axis.remap("SSR", [i, j, k])
                T.reads(A[vi, vk], B[vk, vj])
                T.writes(C[vi, vj])
                with T.init():
                    C[vi, vj] = T.float32(0.0)
                C[vi, vj] = C[vi, vj] + A[vi, vk] * B[vk, vj]
2026-04-07 12:43:31 [INFO] [task_scheduler.cc:170] Total 3 design space(s) generated
2026-04-07 12:43:31 [INFO] [task_scheduler.cc:176] Design space #0:
# from tvm.script import ir as I
# from tvm.script import tir as T

@I.ir_module
class Module:
    @T.prim_func
    def main(A: T.Buffer((128, 3072), "float32"), B: T.Buffer((3072, 768), "float32"), C: T.Buffer((128, 768), "float32")):
        T.func_attr({"tir.noalias": True})
        with T.block("root"):
            T.reads()
            T.writes()
            T.block_attr({"meta_schedule.parallel": 128, "meta_schedule.unroll_explicit": 0, "meta_schedule.vectorize": 64})
            C_global = T.alloc_buffer((128, 768))
            for i_0, j_0, i_1, j_1 in T.grid(4, 2, 2, 4):
                for k_0, i_2, j_2, k_1, i_3, j_3 in T.grid(1536, 4, 2, 2, 4, 48):
                    with T.block("C"):
                        vi = T.axis.spatial(128, i_0 * 32 + i_1 * 16 + i_2 * 4 + i_3)
                        vj = T.axis.spatial(768, j_0 * 384 + j_1 * 96 + j_2 * 48 + j_3)
                        vk = T.axis.reduce(3072, k_0 * 2 + k_1)
                        T.reads(A[vi, vk], B[vk, vj])
                        T.writes(C_global[vi, vj])
                        T.block_attr({"meta_schedule.tiling_structure": "SSRSRS"})
                        with T.init():
                            C_global[vi, vj] = T.float32(0.0)
                        C_global[vi, vj] = C_global[vi, vj] + A[vi, vk] * B[vk, vj]
                for ax0, ax1 in T.grid(16, 96):
                    with T.block("C_global"):
                        v0 = T.axis.spatial(128, i_0 * 32 + i_1 * 16 + ax0)
                        v1 = T.axis.spatial(768, j_0 * 384 + j_1 * 96 + ax1)
                        T.reads(C_global[v0, v1])
                        T.writes(C[v0, v1])
                        C[v0, v1] = C_global[v0, v1]
b0 = sch.get_block(name="C", func_name="main")
b1 = sch.get_block(name="root", func_name="main")
sch.annotate(block_or_loop=b0, ann_key="meta_schedule.tiling_structure", ann_val="SSRSRS")
l2, l3, l4 = sch.get_loops(block=b0)
v5, v6, v7, v8 = sch.sample_perfect_tile(loop=l2, n=4, max_innermost_factor=64, decision=[4, 2, 4, 4])
l9, l10, l11, l12 = sch.split(loop=l2, factors=[v5, v6, v7, v8], preserve_unit_iters=True, disable_predication=False)
v13, v14, v15, v16 = sch.sample_perfect_tile(loop=l3, n=4, max_innermost_factor=64, decision=[2, 4, 2, 48])
l17, l18, l19, l20 = sch.split(loop=l3, factors=[v13, v14, v15, v16], preserve_unit_iters=True, disable_predication=False)
v21, v22 = sch.sample_perfect_tile(loop=l4, n=2, max_innermost_factor=64, decision=[1536, 2])
l23, l24 = sch.split(loop=l4, factors=[v21, v22], preserve_unit_iters=True, disable_predication=False)
sch.reorder(l9, l17, l10, l18, l23, l11, l19, l24, l12, l20)
b25 = sch.cache_write(block=b0, write_buffer_index=0, storage_scope="global")
sch.reverse_compute_at(block=b25, loop=l18, preserve_unit_loops=True, index=-1)
sch.annotate(block_or_loop=b1, ann_key="meta_schedule.parallel", ann_val=128)
sch.annotate(block_or_loop=b1, ann_key="meta_schedule.vectorize", ann_val=64)
v26 = sch.sample_categorical(candidates=[0, 16, 64, 512], probs=[0.25, 0.25, 0.25, 0.25], decision=0)
sch.annotate(block_or_loop=b1, ann_key="meta_schedule.unroll_explicit", ann_val=v26)
2026-04-07 12:43:31 [INFO] [task_scheduler.cc:176] Design space #1:
# from tvm.script import ir as I
# from tvm.script import tir as T

@I.ir_module
class Module:
    @T.prim_func
    def main(A: T.Buffer((128, 3072), "float32"), B: T.Buffer((3072, 768), "float32"), C: T.Buffer((128, 768), "float32")):
        T.func_attr({"tir.noalias": True})
        with T.block("root"):
            T.reads()
            T.writes()
            T.block_attr({"meta_schedule.parallel": 128, "meta_schedule.unroll_explicit": 16, "meta_schedule.vectorize": 64})
            C_global = T.alloc_buffer((128, 768))
            for i_0, j_0 in T.grid(4, 2):
                for i_1, j_1, k_0, i_2, j_2, k_1, i_3, j_3 in T.grid(2, 4, 1536, 4, 2, 2, 4, 48):
                    with T.block("C"):
                        vi = T.axis.spatial(128, i_0 * 32 + i_1 * 16 + i_2 * 4 + i_3)
                        vj = T.axis.spatial(768, j_0 * 384 + j_1 * 96 + j_2 * 48 + j_3)
                        vk = T.axis.reduce(3072, k_0 * 2 + k_1)
                        T.reads(A[vi, vk], B[vk, vj])
                        T.writes(C_global[vi, vj])
                        T.block_attr({"meta_schedule.tiling_structure": "SSRSRS"})
                        with T.init():
                            C_global[vi, vj] = T.float32(0.0)
                        C_global[vi, vj] = C_global[vi, vj] + A[vi, vk] * B[vk, vj]
                for ax0, ax1 in T.grid(32, 384):
                    with T.block("C_global"):
                        v0 = T.axis.spatial(128, i_0 * 32 + ax0)
                        v1 = T.axis.spatial(768, j_0 * 384 + ax1)
                        T.reads(C_global[v0, v1])
                        T.writes(C[v0, v1])
                        C[v0, v1] = C_global[v0, v1]
b0 = sch.get_block(name="C", func_name="main")
b1 = sch.get_block(name="root", func_name="main")
sch.annotate(block_or_loop=b0, ann_key="meta_schedule.tiling_structure", ann_val="SSRSRS")
l2, l3, l4 = sch.get_loops(block=b0)
v5, v6, v7, v8 = sch.sample_perfect_tile(loop=l2, n=4, max_innermost_factor=64, decision=[4, 2, 4, 4])
l9, l10, l11, l12 = sch.split(loop=l2, factors=[v5, v6, v7, v8], preserve_unit_iters=True, disable_predication=False)
v13, v14, v15, v16 = sch.sample_perfect_tile(loop=l3, n=4, max_innermost_factor=64, decision=[2, 4, 2, 48])
l17, l18, l19, l20 = sch.split(loop=l3, factors=[v13, v14, v15, v16], preserve_unit_iters=True, disable_predication=False)
v21, v22 = sch.sample_perfect_tile(loop=l4, n=2, max_innermost_factor=64, decision=[1536, 2])
l23, l24 = sch.split(loop=l4, factors=[v21, v22], preserve_unit_iters=True, disable_predication=False)
sch.reorder(l9, l17, l10, l18, l23, l11, l19, l24, l12, l20)
b25 = sch.cache_write(block=b0, write_buffer_index=0, storage_scope="global")
sch.reverse_compute_at(block=b25, loop=l17, preserve_unit_loops=True, index=-1)
sch.annotate(block_or_loop=b1, ann_key="meta_schedule.parallel", ann_val=128)
sch.annotate(block_or_loop=b1, ann_key="meta_schedule.vectorize", ann_val=64)
v26 = sch.sample_categorical(candidates=[0, 16, 64, 512], probs=[0.25, 0.25, 0.25, 0.25], decision=1)
sch.annotate(block_or_loop=b1, ann_key="meta_schedule.unroll_explicit", ann_val=v26)
2026-04-07 12:43:31 [INFO] [task_scheduler.cc:176] Design space #2:
# from tvm.script import ir as I
# from tvm.script import tir as T

@I.ir_module
class Module:
    @T.prim_func
    def main(A: T.Buffer((128, 3072), "float32"), B: T.Buffer((3072, 768), "float32"), C: T.Buffer((128, 768), "float32")):
        T.func_attr({"tir.noalias": True})
        with T.block("root"):
            T.reads()
            T.writes()
            T.block_attr({"meta_schedule.parallel": 128, "meta_schedule.unroll_explicit": 512, "meta_schedule.vectorize": 64})
            for i_0, j_0, i_1, j_1, k_0, i_2, j_2, k_1, i_3, j_3 in T.grid(4, 2, 2, 4, 1536, 4, 2, 2, 4, 48):
                with T.block("C"):
                    vi = T.axis.spatial(128, i_0 * 32 + i_1 * 16 + i_2 * 4 + i_3)
                    vj = T.axis.spatial(768, j_0 * 384 + j_1 * 96 + j_2 * 48 + j_3)
                    vk = T.axis.reduce(3072, k_0 * 2 + k_1)
                    T.reads(A[vi, vk], B[vk, vj])
                    T.writes(C[vi, vj])
                    T.block_attr({"meta_schedule.tiling_structure": "SSRSRS"})
                    with T.init():
                        C[vi, vj] = T.float32(0.0)
                    C[vi, vj] = C[vi, vj] + A[vi, vk] * B[vk, vj]
b0 = sch.get_block(name="C", func_name="main")
b1 = sch.get_block(name="root", func_name="main")
sch.annotate(block_or_loop=b0, ann_key="meta_schedule.tiling_structure", ann_val="SSRSRS")
l2, l3, l4 = sch.get_loops(block=b0)
v5, v6, v7, v8 = sch.sample_perfect_tile(loop=l2, n=4, max_innermost_factor=64, decision=[4, 2, 4, 4])
l9, l10, l11, l12 = sch.split(loop=l2, factors=[v5, v6, v7, v8], preserve_unit_iters=True, disable_predication=False)
v13, v14, v15, v16 = sch.sample_perfect_tile(loop=l3, n=4, max_innermost_factor=64, decision=[2, 4, 2, 48])
l17, l18, l19, l20 = sch.split(loop=l3, factors=[v13, v14, v15, v16], preserve_unit_iters=True, disable_predication=False)
v21, v22 = sch.sample_perfect_tile(loop=l4, n=2, max_innermost_factor=64, decision=[1536, 2])
l23, l24 = sch.split(loop=l4, factors=[v21, v22], preserve_unit_iters=True, disable_predication=False)
sch.reorder(l9, l17, l10, l18, l23, l11, l19, l24, l12, l20)
sch.annotate(block_or_loop=b1, ann_key="meta_schedule.parallel", ann_val=128)
sch.annotate(block_or_loop=b1, ann_key="meta_schedule.vectorize", ann_val=64)
v25 = sch.sample_categorical(candidates=[0, 16, 64, 512], probs=[0.25, 0.25, 0.25, 0.25], decision=3)
sch.annotate(block_or_loop=b1, ann_key="meta_schedule.unroll_explicit", ann_val=v25)
2026-04-07 12:43:31 [INFO] [evolutionary_search.cc:711] Generating candidates......
2026-04-07 12:43:31 [INFO] [evolutionary_search.cc:713] Picked top 0 candidate(s) from database
2026-04-07 12:43:31 [INFO] [evolutionary_search.cc:530] Sample-Init-Population summary:
Postproc #0 [meta_schedule.DisallowDynamicLoop(0x5bdf3b37c338)]: 0 failure(s)
Postproc #1 [meta_schedule.RewriteParallelVectorizeUnroll(0x5bdf397e6958)]: 0 failure(s)
Postproc #2 [meta_schedule.RewriteReductionBlock(0x5bdf3b56bd28)]: 0 failure(s)
Postproc #3 [meta_schedule.RewriteLayout(0x5bdf3b7ff5b8)]: 0 failure(s)
2026-04-07 12:43:31 [INFO] [evolutionary_search.cc:721] Sampled 460 candidate(s)
2026-04-07 12:43:31 [INFO] [evolutionary_search.cc:619] Evolve iter #0 done. Summary:
Postproc #0 [meta_schedule.DisallowDynamicLoop(0x5bdf3b37c338)]: 0 failure(s)
Postproc #1 [meta_schedule.RewriteParallelVectorizeUnroll(0x5bdf397e6958)]: 0 failure(s)
Postproc #2 [meta_schedule.RewriteReductionBlock(0x5bdf3b56bd28)]: 0 failure(s)
Postproc #3 [meta_schedule.RewriteLayout(0x5bdf3b7ff5b8)]: 0 failure(s)
2026-04-07 12:43:31 [INFO] [evolutionary_search.cc:619] Evolve iter #1 done. Summary:
Postproc #0 [meta_schedule.DisallowDynamicLoop(0x5bdf3b37c338)]: 0 failure(s)
Postproc #1 [meta_schedule.RewriteParallelVectorizeUnroll(0x5bdf397e6958)]: 0 failure(s)
Postproc #2 [meta_schedule.RewriteReductionBlock(0x5bdf3b56bd28)]: 0 failure(s)
Postproc #3 [meta_schedule.RewriteLayout(0x5bdf3b7ff5b8)]: 0 failure(s)
2026-04-07 12:43:31 [INFO] [evolutionary_search.cc:619] Evolve iter #2 done. Summary:
Postproc #0 [meta_schedule.DisallowDynamicLoop(0x5bdf3b37c338)]: 0 failure(s)
Postproc #1 [meta_schedule.RewriteParallelVectorizeUnroll(0x5bdf397e6958)]: 0 failure(s)
Postproc #2 [meta_schedule.RewriteReductionBlock(0x5bdf3b56bd28)]: 0 failure(s)
Postproc #3 [meta_schedule.RewriteLayout(0x5bdf3b7ff5b8)]: 0 failure(s)
2026-04-07 12:43:32 [INFO] [evolutionary_search.cc:647] Scores of the best 64 candidates:
[1 : 16]:	0.9992  0.9985  0.9981  0.9979  0.9977  0.9966  0.9965  0.9954  0.9938  0.9935  0.9934  0.9933  0.9929  0.9928  0.9926  0.9909
[17 : 32]:	0.9902  0.9901  0.9893  0.9881  0.9881  0.9880  0.9871  0.9857  0.9848  0.9846  0.9837  0.9831  0.9831  0.9818  0.9785  0.9772
[33 : 48]:	0.9767  0.9764  0.9762  0.9756  0.9753  0.9750  0.9748  0.9748  0.9742  0.9734  0.9733  0.9730  0.9726  0.9716  0.9715  0.9705
[49 : 64]:	0.9696  0.9694  0.9692  0.9680  0.9665  0.9661  0.9656  0.9652  0.9644  0.9632  0.9618  0.9595  0.9592  0.9589  0.9578  0.9574
2026-04-07 12:43:32 [INFO] [evolutionary_search.cc:725] Got 64 candidate(s) with evolutionary search
2026-04-07 12:43:32 [INFO] [evolutionary_search.cc:728] Sending 64 candidates(s) for measurement
2026-04-07 12:44:05 [INFO] [task_scheduler.cc:137] [Task #0: main] Trial #1: GFLOPs: 87.9176. Time: 6869.8369 us. Best GFLOPs: 87.9176
2026-04-07 12:44:05 [INFO] [task_scheduler.cc:137] [Task #0: main] Trial #2: GFLOPs: 24.5133. Time: 24638.8544 us. Best GFLOPs: 87.9176
2026-04-07 12:44:05 [INFO] [task_scheduler.cc:137] [Task #0: main] Trial #3: GFLOPs: 28.5037. Time: 21189.4900 us. Best GFLOPs: 87.9176
2026-04-07 12:44:05 [INFO] [task_scheduler.cc:137] [Task #0: main] Trial #4: GFLOPs: 9.7853. Time: 61722.9134 us. Best GFLOPs: 87.9176
2026-04-07 12:44:05 [INFO] [task_scheduler.cc:137] [Task #0: main] Trial #5: GFLOPs: 76.1733. Time: 7929.0244 us. Best GFLOPs: 87.9176
2026-04-07 12:44:05 [INFO] [task_scheduler.cc:137] [Task #0: main] Trial #6: GFLOPs: 7.9692. Time: 75788.9214 us. Best GFLOPs: 87.9176
2026-04-07 12:44:05 [INFO] [task_scheduler.cc:137] [Task #0: main] Trial #7: GFLOPs: 24.4257. Time: 24727.2314 us. Best GFLOPs: 87.9176
2026-04-07 12:44:05 [INFO] [task_scheduler.cc:137] [Task #0: main] Trial #8: GFLOPs: 33.4824. Time: 18038.7406 us. Best GFLOPs: 87.9176
2026-04-07 12:44:05 [INFO] [task_scheduler.cc:137] [Task #0: main] Trial #9: GFLOPs: 8.0747. Time: 74798.8970 us. Best GFLOPs: 87.9176
2026-04-07 12:44:05 [INFO] [task_scheduler.cc:137] [Task #0: main] Trial #10: GFLOPs: 49.9559. Time: 12090.2573 us. Best GFLOPs: 87.9176
2026-04-07 12:44:05 [INFO] [task_scheduler.cc:137] [Task #0: main] Trial #11: GFLOPs: 42.1915. Time: 14315.1933 us. Best GFLOPs: 87.9176
2026-04-07 12:44:05 [INFO] [task_scheduler.cc:137] [Task #0: main] Trial #12: GFLOPs: 53.5450. Time: 11279.8584 us. Best GFLOPs: 87.9176
2026-04-07 12:44:05 [INFO] [task_scheduler.cc:137] [Task #0: main] Trial #13: GFLOPs: 10.1629. Time: 59429.5924 us. Best GFLOPs: 87.9176
2026-04-07 12:44:05 [INFO] [task_scheduler.cc:137] [Task #0: main] Trial #14: GFLOPs: 20.9233. Time: 28866.3794 us. Best GFLOPs: 87.9176
2026-04-07 12:44:05 [INFO] [task_scheduler.cc:137] [Task #0: main] Trial #15: GFLOPs: 71.8757. Time: 8403.1160 us. Best GFLOPs: 87.9176
2026-04-07 12:44:05 [INFO] [task_scheduler.cc:137] [Task #0: main] Trial #16: GFLOPs: 18.5645. Time: 32534.1634 us. Best GFLOPs: 87.9176
2026-04-07 12:44:05 [INFO] [task_scheduler.cc:137] [Task #0: main] Trial #17: GFLOPs: 71.8352. Time: 8407.8561 us. Best GFLOPs: 87.9176
2026-04-07 12:44:05 [INFO] [task_scheduler.cc:137] [Task #0: main] Trial #18: GFLOPs: 8.1054. Time: 74515.5850 us. Best GFLOPs: 87.9176
2026-04-07 12:44:05 [INFO] [task_scheduler.cc:137] [Task #0: main] Trial #19: GFLOPs: 35.5906. Time: 16970.1884 us. Best GFLOPs: 87.9176
2026-04-07 12:44:05 [INFO] [task_scheduler.cc:137] [Task #0: main] Trial #20: GFLOPs: 72.9265. Time: 8282.0315 us. Best GFLOPs: 87.9176
2026-04-07 12:44:05 [INFO] [task_scheduler.cc:137] [Task #0: main] Trial #21: GFLOPs: 11.5270. Time: 52397.0262 us. Best GFLOPs: 87.9176
2026-04-07 12:44:05 [INFO] [task_scheduler.cc:137] [Task #0: main] Trial #22: GFLOPs: 18.6325. Time: 32415.3202 us. Best GFLOPs: 87.9176
2026-04-07 12:44:05 [INFO] [task_scheduler.cc:137] [Task #0: main] Trial #23: GFLOPs: 41.9655. Time: 14392.2847 us. Best GFLOPs: 87.9176
2026-04-07 12:44:05 [INFO] [task_scheduler.cc:137] [Task #0: main] Trial #24: GFLOPs: 34.4585. Time: 17527.7571 us. Best GFLOPs: 87.9176
2026-04-07 12:44:05 [INFO] [task_scheduler.cc:137] [Task #0: main] Trial #25: GFLOPs: 21.8711. Time: 27615.4290 us. Best GFLOPs: 87.9176
2026-04-07 12:44:05 [INFO] [task_scheduler.cc:137] [Task #0: main] Trial #26: GFLOPs: 26.9437. Time: 22416.4050 us. Best GFLOPs: 87.9176
2026-04-07 12:44:05 [INFO] [task_scheduler.cc:137] [Task #0: main] Trial #27: GFLOPs: 53.5971. Time: 11268.8794 us. Best GFLOPs: 87.9176
2026-04-07 12:44:05 [INFO] [task_scheduler.cc:137] [Task #0: main] Trial #28: GFLOPs: 18.1123. Time: 33346.3140 us. Best GFLOPs: 87.9176
2026-04-07 12:44:05 [INFO] [task_scheduler.cc:137] [Task #0: main] Trial #29: GFLOPs: 46.9537. Time: 12863.2923 us. Best GFLOPs: 87.9176
2026-04-07 12:44:05 [INFO] [task_scheduler.cc:137] [Task #0: main] Trial #30: GFLOPs: 64.1139. Time: 9420.4223 us. Best GFLOPs: 87.9176
2026-04-07 12:44:05 [INFO] [task_scheduler.cc:137] [Task #0: main] Trial #31: GFLOPs: 60.6340. Time: 9961.0823 us. Best GFLOPs: 87.9176
2026-04-07 12:44:05 [INFO] [task_scheduler.cc:137] [Task #0: main] Trial #32: GFLOPs: 58.0671. Time: 10401.4030 us. Best GFLOPs: 87.9176
2026-04-07 12:44:05 [INFO] [task_scheduler.cc:137] [Task #0: main] Trial #33: GFLOPs: 96.5126. Time: 6258.0385 us. Best GFLOPs: 96.5126
2026-04-07 12:44:05 [INFO] [task_scheduler.cc:137] [Task #0: main] Trial #34: GFLOPs: 11.1986. Time: 53933.3722 us. Best GFLOPs: 96.5126
2026-04-07 12:44:05 [INFO] [task_scheduler.cc:137] [Task #0: main] Trial #35: GFLOPs: 76.0381. Time: 7943.1240 us. Best GFLOPs: 96.5126
2026-04-07 12:44:05 [INFO] [task_scheduler.cc:137] [Task #0: main] Trial #36: GFLOPs: 70.4560. Time: 8572.4376 us. Best GFLOPs: 96.5126
2026-04-07 12:44:05 [INFO] [task_scheduler.cc:137] [Task #0: main] Trial #37: GFLOPs: 55.7720. Time: 10829.4414 us. Best GFLOPs: 96.5126
2026-04-07 12:44:05 [INFO] [task_scheduler.cc:137] [Task #0: main] Trial #38: GFLOPs: 44.3080. Time: 13631.3922 us. Best GFLOPs: 96.5126
2026-04-07 12:44:05 [INFO] [task_scheduler.cc:137] [Task #0: main] Trial #39: GFLOPs: 23.6081. Time: 25583.5314 us. Best GFLOPs: 96.5126
2026-04-07 12:44:05 [INFO] [task_scheduler.cc:137] [Task #0: main] Trial #40: GFLOPs: 49.7778. Time: 12133.5129 us. Best GFLOPs: 96.5126
2026-04-07 12:44:05 [INFO] [task_scheduler.cc:137] [Task #0: main] Trial #41: GFLOPs: 65.2785. Time: 9252.3527 us. Best GFLOPs: 96.5126
2026-04-07 12:44:05 [INFO] [task_scheduler.cc:137] [Task #0: main] Trial #42: GFLOPs: 85.6185. Time: 7054.3149 us. Best GFLOPs: 96.5126
2026-04-07 12:44:05 [INFO] [task_scheduler.cc:137] [Task #0: main] Trial #43: GFLOPs: 38.0732. Time: 15863.6550 us. Best GFLOPs: 96.5126
2026-04-07 12:44:05 [INFO] [task_scheduler.cc:137] [Task #0: main] Trial #44: GFLOPs: 36.2385. Time: 16666.8063 us. Best GFLOPs: 96.5126
2026-04-07 12:44:05 [INFO] [task_scheduler.cc:137] [Task #0: main] Trial #45: GFLOPs: 109.1481. Time: 5533.5823 us. Best GFLOPs: 109.1481
2026-04-07 12:44:05 [INFO] [task_scheduler.cc:137] [Task #0: main] Trial #46: GFLOPs: 26.0901. Time: 23149.7338 us. Best GFLOPs: 109.1481
2026-04-07 12:44:05 [INFO] [task_scheduler.cc:137] [Task #0: main] Trial #47: GFLOPs: 14.2016. Time: 42529.0626 us. Best GFLOPs: 109.1481
2026-04-07 12:44:05 [INFO] [task_scheduler.cc:137] [Task #0: main] Trial #48: GFLOPs: 45.2230. Time: 13355.5793 us. Best GFLOPs: 109.1481
2026-04-07 12:44:05 [INFO] [task_scheduler.cc:137] [Task #0: main] Trial #49: GFLOPs: 36.6678. Time: 16471.6601 us. Best GFLOPs: 109.1481
2026-04-07 12:44:05 [INFO] [task_scheduler.cc:137] [Task #0: main] Trial #50: GFLOPs: 23.4942. Time: 25707.5714 us. Best GFLOPs: 109.1481
2026-04-07 12:44:05 [INFO] [task_scheduler.cc:137] [Task #0: main] Trial #51: GFLOPs: 5.9586. Time: 101363.1328 us. Best GFLOPs: 109.1481
2026-04-07 12:44:05 [INFO] [task_scheduler.cc:137] [Task #0: main] Trial #52: GFLOPs: 22.6484. Time: 26667.6654 us. Best GFLOPs: 109.1481
2026-04-07 12:44:05 [INFO] [task_scheduler.cc:137] [Task #0: main] Trial #53: GFLOPs: 38.9583. Time: 15503.2516 us. Best GFLOPs: 109.1481
2026-04-07 12:44:05 [INFO] [task_scheduler.cc:137] [Task #0: main] Trial #54: GFLOPs: 20.1636. Time: 29953.9934 us. Best GFLOPs: 109.1481
2026-04-07 12:44:05 [INFO] [task_scheduler.cc:137] [Task #0: main] Trial #55: GFLOPs: 22.7936. Time: 26497.7618 us. Best GFLOPs: 109.1481
2026-04-07 12:44:05 [INFO] [task_scheduler.cc:137] [Task #0: main] Trial #56: GFLOPs: 5.5558. Time: 108710.8494 us. Best GFLOPs: 109.1481
2026-04-07 12:44:05 [INFO] [task_scheduler.cc:137] [Task #0: main] Trial #57: GFLOPs: 52.9936. Time: 11397.2242 us. Best GFLOPs: 109.1481
2026-04-07 12:44:05 [INFO] [task_scheduler.cc:137] [Task #0: main] Trial #58: GFLOPs: 6.5749. Time: 91862.0692 us. Best GFLOPs: 109.1481
2026-04-07 12:44:05 [INFO] [task_scheduler.cc:137] [Task #0: main] Trial #59: GFLOPs: 10.9033. Time: 55394.3502 us. Best GFLOPs: 109.1481
2026-04-07 12:44:05 [INFO] [task_scheduler.cc:137] [Task #0: main] Trial #60: GFLOPs: 37.9782. Time: 15903.3119 us. Best GFLOPs: 109.1481
2026-04-07 12:44:05 [INFO] [task_scheduler.cc:137] [Task #0: main] Trial #61: GFLOPs: 12.7897. Time: 47223.7630 us. Best GFLOPs: 109.1481
2026-04-07 12:44:05 [INFO] [task_scheduler.cc:137] [Task #0: main] Trial #62: GFLOPs: 40.6068. Time: 14873.8469 us. Best GFLOPs: 109.1481
2026-04-07 12:44:05 [INFO] [task_scheduler.cc:137] [Task #0: main] Trial #63: GFLOPs: 35.3000. Time: 17109.9028 us. Best GFLOPs: 109.1481
2026-04-07 12:44:05 [INFO] [task_scheduler.cc:137] [Task #0: main] Trial #64: GFLOPs: 55.2703. Time: 10927.7377 us. Best GFLOPs: 109.1481
2026-04-07 12:44:05 [INFO] [evolutionary_search.cc:711] Generating candidates......
2026-04-07 12:44:05 [INFO] [evolutionary_search.cc:713] Picked top 64 candidate(s) from database
2026-04-07 12:44:06 [INFO] [evolutionary_search.cc:530] Sample-Init-Population summary:
Postproc #0 [meta_schedule.DisallowDynamicLoop(0x5bdf3b37c338)]: 0 failure(s)
Postproc #1 [meta_schedule.RewriteParallelVectorizeUnroll(0x5bdf397e6958)]: 0 failure(s)
Postproc #2 [meta_schedule.RewriteReductionBlock(0x5bdf3b56bd28)]: 0 failure(s)
Postproc #3 [meta_schedule.RewriteLayout(0x5bdf3b7ff5b8)]: 0 failure(s)
2026-04-07 12:44:06 [INFO] [evolutionary_search.cc:721] Sampled 396 candidate(s)
2026-04-07 12:44:06 [INFO] [evolutionary_search.cc:619] Evolve iter #0 done. Summary:
Postproc #0 [meta_schedule.DisallowDynamicLoop(0x5bdf3b37c338)]: 0 failure(s)
Postproc #1 [meta_schedule.RewriteParallelVectorizeUnroll(0x5bdf397e6958)]: 0 failure(s)
Postproc #2 [meta_schedule.RewriteReductionBlock(0x5bdf3b56bd28)]: 0 failure(s)
Postproc #3 [meta_schedule.RewriteLayout(0x5bdf3b7ff5b8)]: 0 failure(s)
2026-04-07 12:44:06 [INFO] [evolutionary_search.cc:619] Evolve iter #1 done. Summary:
Postproc #0 [meta_schedule.DisallowDynamicLoop(0x5bdf3b37c338)]: 0 failure(s)
Postproc #1 [meta_schedule.RewriteParallelVectorizeUnroll(0x5bdf397e6958)]: 0 failure(s)
Postproc #2 [meta_schedule.RewriteReductionBlock(0x5bdf3b56bd28)]: 0 failure(s)
Postproc #3 [meta_schedule.RewriteLayout(0x5bdf3b7ff5b8)]: 0 failure(s)
2026-04-07 12:44:06 [INFO] [evolutionary_search.cc:619] Evolve iter #2 done. Summary:
Postproc #0 [meta_schedule.DisallowDynamicLoop(0x5bdf3b37c338)]: 0 failure(s)
Postproc #1 [meta_schedule.RewriteParallelVectorizeUnroll(0x5bdf397e6958)]: 0 failure(s)
Postproc #2 [meta_schedule.RewriteReductionBlock(0x5bdf3b56bd28)]: 0 failure(s)
Postproc #3 [meta_schedule.RewriteLayout(0x5bdf3b7ff5b8)]: 0 failure(s)
2026-04-07 12:44:06 [INFO] [evolutionary_search.cc:647] Scores of the best 64 candidates:
[1 : 16]:	0.9987  0.9978  0.9976  0.9973  0.9972  0.9972  0.9971  0.9963  0.9955  0.9954  0.9946  0.9941  0.9935  0.9930  0.9923  0.9918
[17 : 32]:	0.9911  0.9896  0.9896  0.9893  0.9884  0.9881  0.9863  0.9858  0.9852  0.9843  0.9833  0.9821  0.9819  0.9816  0.9810  0.9801
[33 : 48]:	0.9791  0.9777  0.9765  0.9762  0.9739  0.9737  0.9722  0.9719  0.9713  0.9710  0.9710  0.9710  0.9691  0.9687  0.9679  0.9672
[49 : 64]:	0.9655  0.9653  0.9646  0.9643  0.9641  0.9640  0.9640  0.9614  0.9604  0.9601  0.9598  0.9571  0.9559  0.9552  0.9550  0.9547
2026-04-07 12:44:06 [INFO] [evolutionary_search.cc:725] Got 64 candidate(s) with evolutionary search
2026-04-07 12:44:06 [INFO] [evolutionary_search.cc:728] Sending 64 candidates(s) for measurement
2026-04-07 12:44:44 [INFO] [task_scheduler.cc:137] [Task #0: main] Trial #65: GFLOPs: 108.0139. Time: 5591.6839 us. Best GFLOPs: 109.1481
2026-04-07 12:44:44 [INFO] [task_scheduler.cc:137] [Task #0: main] Trial #66: GFLOPs: 3.2381. Time: 186525.7096 us. Best GFLOPs: 109.1481
2026-04-07 12:44:44 [INFO] [task_scheduler.cc:137] [Task #0: main] Trial #67: GFLOPs: 69.4552. Time: 8695.9648 us. Best GFLOPs: 109.1481
2026-04-07 12:44:44 [INFO] [task_scheduler.cc:137] [Task #0: main] Trial #68: GFLOPs: 56.0683. Time: 10772.2152 us. Best GFLOPs: 109.1481
2026-04-07 12:44:44 [INFO] [task_scheduler.cc:137] [Task #0: main] Trial #69: GFLOPs: 26.7981. Time: 22538.1566 us. Best GFLOPs: 109.1481
2026-04-07 12:44:44 [INFO] [task_scheduler.cc:137] [Task #0: main] Trial #70: GFLOPs: 92.5025. Time: 6529.3364 us. Best GFLOPs: 109.1481
2026-04-07 12:44:44 [INFO] [task_scheduler.cc:137] [Task #0: main] Trial #71: GFLOPs: 8.1876. Time: 73767.2780 us. Best GFLOPs: 109.1481
2026-04-07 12:44:44 [INFO] [task_scheduler.cc:137] [Task #0: main] Trial #72: GFLOPs: 1.4931. Time: 404513.4920 us. Best GFLOPs: 109.1481
2026-04-07 12:44:44 [INFO] [task_scheduler.cc:137] [Task #0: main] Trial #73: GFLOPs: 11.8721. Time: 50873.9630 us. Best GFLOPs: 109.1481
2026-04-07 12:44:44 [INFO] [task_scheduler.cc:137] [Task #0: main] Trial #74: GFLOPs: 15.3395. Time: 39374.1282 us. Best GFLOPs: 109.1481
2026-04-07 12:44:44 [INFO] [task_scheduler.cc:137] [Task #0: main] Trial #75: GFLOPs: 19.9001. Time: 30350.5430 us. Best GFLOPs: 109.1481
2026-04-07 12:44:44 [INFO] [task_scheduler.cc:137] [Task #0: main] Trial #76: GFLOPs: 13.9607. Time: 43262.7786 us. Best GFLOPs: 109.1481
2026-04-07 12:44:44 [INFO] [task_scheduler.cc:137] [Task #0: main] Trial #77: GFLOPs: 27.1506. Time: 22245.5252 us. Best GFLOPs: 109.1481
2026-04-07 12:44:44 [INFO] [task_scheduler.cc:137] [Task #0: main] Trial #78: GFLOPs: 30.8725. Time: 19563.7034 us. Best GFLOPs: 109.1481
2026-04-07 12:44:44 [INFO] [task_scheduler.cc:137] [Task #0: main] Trial #79: GFLOPs: 30.9265. Time: 19529.5470 us. Best GFLOPs: 109.1481
2026-04-07 12:44:44 [INFO] [task_scheduler.cc:137] [Task #0: main] Trial #80: GFLOPs: 25.1761. Time: 23990.2088 us. Best GFLOPs: 109.1481
2026-04-07 12:44:44 [INFO] [task_scheduler.cc:137] [Task #0: main] Trial #81: GFLOPs: 6.4103. Time: 94219.5274 us. Best GFLOPs: 109.1481
2026-04-07 12:44:44 [INFO] [task_scheduler.cc:137] [Task #0: main] Trial #82: GFLOPs: 72.5723. Time: 8322.4527 us. Best GFLOPs: 109.1481
2026-04-07 12:44:44 [INFO] [task_scheduler.cc:137] [Task #0: main] Trial #83: GFLOPs: 61.4361. Time: 9831.0263 us. Best GFLOPs: 109.1481
2026-04-07 12:44:44 [INFO] [task_scheduler.cc:137] [Task #0: main] Trial #84: GFLOPs: 68.6240. Time: 8801.2857 us. Best GFLOPs: 109.1481
2026-04-07 12:44:44 [INFO] [task_scheduler.cc:137] [Task #0: main] Trial #85: GFLOPs: 14.2007. Time: 42531.7952 us. Best GFLOPs: 109.1481
2026-04-07 12:44:44 [INFO] [task_scheduler.cc:137] [Task #0: main] Trial #86: GFLOPs: 10.5419. Time: 57293.1080 us. Best GFLOPs: 109.1481
2026-04-07 12:44:44 [INFO] [task_scheduler.cc:137] [Task #0: main] Trial #87: GFLOPs: 9.5977. Time: 62929.3120 us. Best GFLOPs: 109.1481
2026-04-07 12:44:44 [INFO] [task_scheduler.cc:137] [Task #0: main] Trial #88: GFLOPs: 5.6048. Time: 107760.5352 us. Best GFLOPs: 109.1481
2026-04-07 12:44:44 [INFO] [task_scheduler.cc:137] [Task #0: main] Trial #89: GFLOPs: 6.8101. Time: 88689.3002 us. Best GFLOPs: 109.1481
2026-04-07 12:44:44 [INFO] [task_scheduler.cc:137] [Task #0: main] Trial #90: GFLOPs: 14.9791. Time: 40321.3838 us. Best GFLOPs: 109.1481
2026-04-07 12:44:44 [INFO] [task_scheduler.cc:137] [Task #0: main] Trial #91: GFLOPs: 57.3293. Time: 10535.2685 us. Best GFLOPs: 109.1481
2026-04-07 12:44:44 [INFO] [task_scheduler.cc:137] [Task #0: main] Trial #92: GFLOPs: 22.6997. Time: 26607.4108 us. Best GFLOPs: 109.1481
2026-04-07 12:44:44 [INFO] [task_scheduler.cc:137] [Task #0: main] Trial #93: GFLOPs: 9.8505. Time: 61314.7276 us. Best GFLOPs: 109.1481
2026-04-07 12:44:44 [INFO] [task_scheduler.cc:137] [Task #0: main] Trial #94: GFLOPs: 23.7955. Time: 25382.1112 us. Best GFLOPs: 109.1481
2026-04-07 12:44:44 [INFO] [task_scheduler.cc:137] [Task #0: main] Trial #95: GFLOPs: 21.7065. Time: 27824.8288 us. Best GFLOPs: 109.1481
2026-04-07 12:44:44 [INFO] [task_scheduler.cc:137] [Task #0: main] Trial #96: GFLOPs: 44.7895. Time: 13484.8545 us. Best GFLOPs: 109.1481
2026-04-07 12:44:44 [INFO] [task_scheduler.cc:137] [Task #0: main] Trial #97: GFLOPs: 15.1042. Time: 39987.5272 us. Best GFLOPs: 109.1481
2026-04-07 12:44:44 [INFO] [task_scheduler.cc:137] [Task #0: main] Trial #98: GFLOPs: 43.6232. Time: 13845.3950 us. Best GFLOPs: 109.1481
2026-04-07 12:44:44 [INFO] [task_scheduler.cc:137] [Task #0: main] Trial #99: GFLOPs: 69.6256. Time: 8674.6796 us. Best GFLOPs: 109.1481
2026-04-07 12:44:44 [INFO] [task_scheduler.cc:137] [Task #0: main] Trial #100: GFLOPs: 33.2248. Time: 18178.5759 us. Best GFLOPs: 109.1481
2026-04-07 12:44:44 [INFO] [task_scheduler.cc:137] [Task #0: main] Trial #101: GFLOPs: 5.5899. Time: 108049.1080 us. Best GFLOPs: 109.1481
2026-04-07 12:44:44 [INFO] [task_scheduler.cc:137] [Task #0: main] Trial #102: GFLOPs: 29.1350. Time: 20730.3884 us. Best GFLOPs: 109.1481
2026-04-07 12:44:44 [INFO] [task_scheduler.cc:137] [Task #0: main] Trial #103: GFLOPs: 40.0154. Time: 15093.6946 us. Best GFLOPs: 109.1481
2026-04-07 12:44:44 [INFO] [task_scheduler.cc:137] [Task #0: main] Trial #104: GFLOPs: 34.2980. Time: 17609.7860 us. Best GFLOPs: 109.1481
2026-04-07 12:44:44 [INFO] [task_scheduler.cc:137] [Task #0: main] Trial #105: GFLOPs: 21.6011. Time: 27960.6000 us. Best GFLOPs: 109.1481
2026-04-07 12:44:44 [INFO] [task_scheduler.cc:137] [Task #0: main] Trial #106: GFLOPs: 69.1722. Time: 8731.5340 us. Best GFLOPs: 109.1481
2026-04-07 12:44:44 [INFO] [task_scheduler.cc:137] [Task #0: main] Trial #107: GFLOPs: 18.5792. Time: 32508.4700 us. Best GFLOPs: 109.1481
2026-04-07 12:44:44 [INFO] [task_scheduler.cc:137] [Task #0: main] Trial #108: GFLOPs: 81.8757. Time: 7376.7900 us. Best GFLOPs: 109.1481
2026-04-07 12:44:44 [INFO] [task_scheduler.cc:137] [Task #0: main] Trial #109: GFLOPs: 38.5194. Time: 15679.8685 us. Best GFLOPs: 109.1481
2026-04-07 12:44:44 [INFO] [task_scheduler.cc:137] [Task #0: main] Trial #110: GFLOPs: 16.3832. Time: 36865.7154 us. Best GFLOPs: 109.1481
2026-04-07 12:44:44 [INFO] [task_scheduler.cc:137] [Task #0: main] Trial #111: GFLOPs: 9.8198. Time: 61506.4384 us. Best GFLOPs: 109.1481
2026-04-07 12:44:44 [INFO] [task_scheduler.cc:137] [Task #0: main] Trial #112: GFLOPs: 7.2856. Time: 82900.7198 us. Best GFLOPs: 109.1481
2026-04-07 12:44:44 [INFO] [task_scheduler.cc:137] [Task #0: main] Trial #113: GFLOPs: 63.8191. Time: 9463.9389 us. Best GFLOPs: 109.1481
2026-04-07 12:44:44 [INFO] [task_scheduler.cc:137] [Task #0: main] Trial #114: GFLOPs: 24.8792. Time: 24276.4860 us. Best GFLOPs: 109.1481
2026-04-07 12:44:44 [INFO] [task_scheduler.cc:137] [Task #0: main] Trial #115: GFLOPs: 7.5278. Time: 80232.7986 us. Best GFLOPs: 109.1481
2026-04-07 12:44:44 [INFO] [task_scheduler.cc:137] [Task #0: main] Trial #116: GFLOPs: 63.8436. Time: 9460.3093 us. Best GFLOPs: 109.1481
2026-04-07 12:44:44 [INFO] [task_scheduler.cc:137] [Task #0: main] Trial #117: GFLOPs: 14.0875. Time: 42873.5810 us. Best GFLOPs: 109.1481
2026-04-07 12:44:44 [INFO] [task_scheduler.cc:137] [Task #0: main] Trial #118: GFLOPs: 45.5085. Time: 13271.7876 us. Best GFLOPs: 109.1481
2026-04-07 12:44:44 [INFO] [task_scheduler.cc:137] [Task #0: main] Trial #119: GFLOPs: 8.7370. Time: 69129.2730 us. Best GFLOPs: 109.1481
2026-04-07 12:44:44 [INFO] [task_scheduler.cc:137] [Task #0: main] Trial #120: GFLOPs: 29.2737. Time: 20632.1708 us. Best GFLOPs: 109.1481
2026-04-07 12:44:44 [INFO] [task_scheduler.cc:137] [Task #0: main] Trial #121: GFLOPs: 27.5416. Time: 21929.7570 us. Best GFLOPs: 109.1481
2026-04-07 12:44:44 [INFO] [task_scheduler.cc:137] [Task #0: main] Trial #122: GFLOPs: 67.6682. Time: 8925.6100 us. Best GFLOPs: 109.1481
2026-04-07 12:44:44 [INFO] [task_scheduler.cc:137] [Task #0: main] Trial #123: GFLOPs: 41.4035. Time: 14587.6385 us. Best GFLOPs: 109.1481
2026-04-07 12:44:44 [INFO] [task_scheduler.cc:137] [Task #0: main] Trial #124: GFLOPs: 29.9484. Time: 20167.3609 us. Best GFLOPs: 109.1481
2026-04-07 12:44:44 [INFO] [task_scheduler.cc:137] [Task #0: main] Trial #125: GFLOPs: 27.5850. Time: 21895.1914 us. Best GFLOPs: 109.1481
2026-04-07 12:44:44 [INFO] [task_scheduler.cc:137] [Task #0: main] Trial #126: GFLOPs: 63.1711. Time: 9561.0170 us. Best GFLOPs: 109.1481
2026-04-07 12:44:44 [INFO] [task_scheduler.cc:137] [Task #0: main] Trial #127: GFLOPs: 33.8217. Time: 17857.7451 us. Best GFLOPs: 109.1481
2026-04-07 12:44:44 [INFO] [task_scheduler.cc:137] [Task #0: main] Trial #128: GFLOPs: 38.4080. Time: 15725.3801 us. Best GFLOPs: 109.1481
2026-04-07 12:44:44 [INFO] [evolutionary_search.cc:711] Generating candidates......
2026-04-07 12:44:44 [INFO] [evolutionary_search.cc:713] Picked top 92 candidate(s) from database
2026-04-07 12:44:44 [INFO] [evolutionary_search.cc:530] Sample-Init-Population summary:
Postproc #0 [meta_schedule.DisallowDynamicLoop(0x5bdf3b37c338)]: 0 failure(s)
Postproc #1 [meta_schedule.RewriteParallelVectorizeUnroll(0x5bdf397e6958)]: 0 failure(s)
Postproc #2 [meta_schedule.RewriteReductionBlock(0x5bdf3b56bd28)]: 0 failure(s)
Postproc #3 [meta_schedule.RewriteLayout(0x5bdf3b7ff5b8)]: 0 failure(s)
2026-04-07 12:44:44 [INFO] [evolutionary_search.cc:721] Sampled 368 candidate(s)
2026-04-07 12:44:45 [INFO] [evolutionary_search.cc:619] Evolve iter #0 done. Summary:
Postproc #0 [meta_schedule.DisallowDynamicLoop(0x5bdf3b37c338)]: 0 failure(s)
Postproc #1 [meta_schedule.RewriteParallelVectorizeUnroll(0x5bdf397e6958)]: 0 failure(s)
Postproc #2 [meta_schedule.RewriteReductionBlock(0x5bdf3b56bd28)]: 0 failure(s)
Postproc #3 [meta_schedule.RewriteLayout(0x5bdf3b7ff5b8)]: 0 failure(s)
2026-04-07 12:44:46 [INFO] [evolutionary_search.cc:619] Evolve iter #1 done. Summary:
Postproc #0 [meta_schedule.DisallowDynamicLoop(0x5bdf3b37c338)]: 0 failure(s)
Postproc #1 [meta_schedule.RewriteParallelVectorizeUnroll(0x5bdf397e6958)]: 0 failure(s)
Postproc #2 [meta_schedule.RewriteReductionBlock(0x5bdf3b56bd28)]: 0 failure(s)
Postproc #3 [meta_schedule.RewriteLayout(0x5bdf3b7ff5b8)]: 0 failure(s)
2026-04-07 12:44:47 [INFO] [evolutionary_search.cc:619] Evolve iter #2 done. Summary:
Postproc #0 [meta_schedule.DisallowDynamicLoop(0x5bdf3b37c338)]: 0 failure(s)
Postproc #1 [meta_schedule.RewriteParallelVectorizeUnroll(0x5bdf397e6958)]: 0 failure(s)
Postproc #2 [meta_schedule.RewriteReductionBlock(0x5bdf3b56bd28)]: 0 failure(s)
Postproc #3 [meta_schedule.RewriteLayout(0x5bdf3b7ff5b8)]: 0 failure(s)
2026-04-07 12:44:47 [INFO] [evolutionary_search.cc:647] Scores of the best 64 candidates:
[1 : 16]:	0.9837  0.9089  0.9013  0.8663  0.8553  0.8508  0.8417  0.8365  0.8306  0.8272  0.8254  0.8237  0.8237  0.8156  0.8058  0.7919
[17 : 32]:	0.7907  0.7876  0.7838  0.7832  0.7815  0.7758  0.7676  0.7671  0.7656  0.7651  0.7640  0.7630  0.7619  0.7616  0.7584  0.7578
[33 : 48]:	0.7465  0.7404  0.7403  0.7389  0.7365  0.7327  0.7298  0.7298  0.7298  0.7283  0.7277  0.7271  0.7257  0.7243  0.7215  0.7190
[49 : 64]:	0.7190  0.7187  0.7177  0.7143  0.7128  0.7117  0.7082  0.7072  0.7052  0.7020  0.7009  0.7009  0.7001  0.6991  0.6976  0.6972
2026-04-07 12:44:47 [INFO] [evolutionary_search.cc:725] Got 64 candidate(s) with evolutionary search
2026-04-07 12:44:47 [INFO] [evolutionary_search.cc:728] Sending 64 candidates(s) for measurement
2026-04-07 12:45:20 [INFO] [task_scheduler.cc:137] [Task #0: main] Trial #129: GFLOPs: 121.3380. Time: 4977.6652 us. Best GFLOPs: 121.3380
2026-04-07 12:45:20 [INFO] [task_scheduler.cc:137] [Task #0: main] Trial #130: GFLOPs: 107.2913. Time: 5629.3428 us. Best GFLOPs: 121.3380
2026-04-07 12:45:20 [INFO] [task_scheduler.cc:137] [Task #0: main] Trial #131: GFLOPs: 83.0011. Time: 7276.7710 us. Best GFLOPs: 121.3380
2026-04-07 12:45:20 [INFO] [task_scheduler.cc:137] [Task #0: main] Trial #132: GFLOPs: 76.2479. Time: 7921.2626 us. Best GFLOPs: 121.3380
2026-04-07 12:45:20 [INFO] [task_scheduler.cc:137] [Task #0: main] Trial #133: GFLOPs: 53.3449. Time: 11322.1668 us. Best GFLOPs: 121.3380
2026-04-07 12:45:20 [INFO] [task_scheduler.cc:137] [Task #0: main] Trial #134: GFLOPs: 118.5310. Time: 5095.5409 us. Best GFLOPs: 121.3380
2026-04-07 12:45:20 [INFO] [task_scheduler.cc:137] [Task #0: main] Trial #135: GFLOPs: 65.2103. Time: 9262.0353 us. Best GFLOPs: 121.3380
2026-04-07 12:45:20 [INFO] [task_scheduler.cc:137] [Task #0: main] Trial #136: GFLOPs: 110.8253. Time: 5449.8379 us. Best GFLOPs: 121.3380
2026-04-07 12:45:20 [INFO] [task_scheduler.cc:137] [Task #0: main] Trial #137: GFLOPs: 76.1400. Time: 7932.4897 us. Best GFLOPs: 121.3380
2026-04-07 12:45:20 [INFO] [task_scheduler.cc:137] [Task #0: main] Trial #138: GFLOPs: 92.4887. Time: 6530.3118 us. Best GFLOPs: 121.3380
2026-04-07 12:45:20 [INFO] [task_scheduler.cc:137] [Task #0: main] Trial #139: GFLOPs: 95.6748. Time: 6312.8392 us. Best GFLOPs: 121.3380
2026-04-07 12:45:20 [INFO] [task_scheduler.cc:137] [Task #0: main] Trial #140: GFLOPs: 39.5657. Time: 15265.2455 us. Best GFLOPs: 121.3380
2026-04-07 12:45:20 [INFO] [task_scheduler.cc:137] [Task #0: main] Trial #141: GFLOPs: 71.3542. Time: 8464.5297 us. Best GFLOPs: 121.3380
2026-04-07 12:45:20 [INFO] [task_scheduler.cc:137] [Task #0: main] Trial #142: GFLOPs: 18.7240. Time: 32256.9538 us. Best GFLOPs: 121.3380
2026-04-07 12:45:20 [INFO] [task_scheduler.cc:137] [Task #0: main] Trial #143: GFLOPs: 36.9627. Time: 16340.2717 us. Best GFLOPs: 121.3380
2026-04-07 12:45:20 [INFO] [task_scheduler.cc:137] [Task #0: main] Trial #144: GFLOPs: 72.4269. Time: 8339.1599 us. Best GFLOPs: 121.3380
2026-04-07 12:45:20 [INFO] [task_scheduler.cc:137] [Task #0: main] Trial #145: GFLOPs: 95.2759. Time: 6339.2689 us. Best GFLOPs: 121.3380
2026-04-07 12:45:20 [INFO] [task_scheduler.cc:137] [Task #0: main] Trial #146: GFLOPs: 59.2404. Time: 10195.4048 us. Best GFLOPs: 121.3380
2026-04-07 12:45:20 [INFO] [task_scheduler.cc:137] [Task #0: main] Trial #147: GFLOPs: 68.8503. Time: 8772.3648 us. Best GFLOPs: 121.3380
2026-04-07 12:45:20 [INFO] [task_scheduler.cc:137] [Task #0: main] Trial #148: GFLOPs: 81.4685. Time: 7413.6578 us. Best GFLOPs: 121.3380
2026-04-07 12:45:20 [INFO] [task_scheduler.cc:137] [Task #0: main] Trial #149: GFLOPs: 19.4490. Time: 31054.4724 us. Best GFLOPs: 121.3380
2026-04-07 12:45:20 [INFO] [task_scheduler.cc:137] [Task #0: main] Trial #150: GFLOPs: 38.6573. Time: 15623.9552 us. Best GFLOPs: 121.3380
2026-04-07 12:45:20 [INFO] [task_scheduler.cc:137] [Task #0: main] Trial #151: GFLOPs: 73.0005. Time: 8273.6385 us. Best GFLOPs: 121.3380
2026-04-07 12:45:20 [INFO] [task_scheduler.cc:137] [Task #0: main] Trial #152: GFLOPs: 32.0952. Time: 18818.3718 us. Best GFLOPs: 121.3380
2026-04-07 12:45:20 [INFO] [task_scheduler.cc:137] [Task #0: main] Trial #153: GFLOPs: 55.2685. Time: 10928.1103 us. Best GFLOPs: 121.3380
2026-04-07 12:45:20 [INFO] [task_scheduler.cc:137] [Task #0: main] Trial #154: GFLOPs: 43.9313. Time: 13748.2652 us. Best GFLOPs: 121.3380
2026-04-07 12:45:20 [INFO] [task_scheduler.cc:137] [Task #0: main] Trial #155: GFLOPs: 32.0411. Time: 18850.1325 us. Best GFLOPs: 121.3380
2026-04-07 12:45:20 [INFO] [task_scheduler.cc:137] [Task #0: main] Trial #156: GFLOPs: 58.6289. Time: 10301.7379 us. Best GFLOPs: 121.3380
2026-04-07 12:45:20 [INFO] [task_scheduler.cc:137] [Task #0: main] Trial #157: GFLOPs: 81.5463. Time: 7406.5884 us. Best GFLOPs: 121.3380
2026-04-07 12:45:20 [INFO] [task_scheduler.cc:137] [Task #0: main] Trial #158: GFLOPs: 65.4937. Time: 9221.9513 us. Best GFLOPs: 121.3380
2026-04-07 12:45:20 [INFO] [task_scheduler.cc:137] [Task #0: main] Trial #159: GFLOPs: 76.2662. Time: 7919.3662 us. Best GFLOPs: 121.3380
2026-04-07 12:45:20 [INFO] [task_scheduler.cc:137] [Task #0: main] Trial #160: GFLOPs: 72.8155. Time: 8294.6644 us. Best GFLOPs: 121.3380
2026-04-07 12:45:20 [INFO] [task_scheduler.cc:137] [Task #0: main] Trial #161: GFLOPs: 72.1636. Time: 8369.5945 us. Best GFLOPs: 121.3380
2026-04-07 12:45:20 [INFO] [task_scheduler.cc:137] [Task #0: main] Trial #162: GFLOPs: 95.3408. Time: 6334.9580 us. Best GFLOPs: 121.3380
2026-04-07 12:45:20 [INFO] [task_scheduler.cc:137] [Task #0: main] Trial #163: GFLOPs: 44.1214. Time: 13689.0392 us. Best GFLOPs: 121.3380
2026-04-07 12:45:20 [INFO] [task_scheduler.cc:137] [Task #0: main] Trial #164: GFLOPs: 92.7903. Time: 6509.0824 us. Best GFLOPs: 121.3380
2026-04-07 12:45:20 [INFO] [task_scheduler.cc:137] [Task #0: main] Trial #165: GFLOPs: 70.4292. Time: 8575.7036 us. Best GFLOPs: 121.3380
2026-04-07 12:45:20 [INFO] [task_scheduler.cc:137] [Task #0: main] Trial #166: GFLOPs: 66.6496. Time: 9062.0208 us. Best GFLOPs: 121.3380
2026-04-07 12:45:20 [INFO] [task_scheduler.cc:137] [Task #0: main] Trial #167: GFLOPs: 64.6374. Time: 9344.1284 us. Best GFLOPs: 121.3380
2026-04-07 12:45:20 [INFO] [task_scheduler.cc:137] [Task #0: main] Trial #168: GFLOPs: 76.7998. Time: 7864.3395 us. Best GFLOPs: 121.3380
2026-04-07 12:45:20 [INFO] [task_scheduler.cc:137] [Task #0: main] Trial #169: GFLOPs: 85.8724. Time: 7033.4549 us. Best GFLOPs: 121.3380
2026-04-07 12:45:20 [INFO] [task_scheduler.cc:137] [Task #0: main] Trial #170: GFLOPs: 28.2453. Time: 21383.3445 us. Best GFLOPs: 121.3380
2026-04-07 12:45:20 [INFO] [task_scheduler.cc:137] [Task #0: main] Trial #171: GFLOPs: 50.1948. Time: 12032.7263 us. Best GFLOPs: 121.3380
2026-04-07 12:45:20 [INFO] [task_scheduler.cc:137] [Task #0: main] Trial #172: GFLOPs: 75.7980. Time: 7968.2784 us. Best GFLOPs: 121.3380
2026-04-07 12:45:20 [INFO] [task_scheduler.cc:137] [Task #0: main] Trial #173: GFLOPs: 28.3060. Time: 21337.5076 us. Best GFLOPs: 121.3380
2026-04-07 12:45:20 [INFO] [task_scheduler.cc:137] [Task #0: main] Trial #174: GFLOPs: 23.7408. Time: 25440.6040 us. Best GFLOPs: 121.3380
2026-04-07 12:45:20 [INFO] [task_scheduler.cc:137] [Task #0: main] Trial #175: GFLOPs: 23.4343. Time: 25773.3298 us. Best GFLOPs: 121.3380
2026-04-07 12:45:20 [INFO] [task_scheduler.cc:137] [Task #0: main] Trial #176: GFLOPs: 63.3639. Time: 9531.9230 us. Best GFLOPs: 121.3380
2026-04-07 12:45:20 [INFO] [task_scheduler.cc:137] [Task #0: main] Trial #177: GFLOPs: 31.3874. Time: 19242.7401 us. Best GFLOPs: 121.3380
2026-04-07 12:45:20 [INFO] [task_scheduler.cc:137] [Task #0: main] Trial #178: GFLOPs: 66.1946. Time: 9124.3116 us. Best GFLOPs: 121.3380
2026-04-07 12:45:20 [INFO] [task_scheduler.cc:137] [Task #0: main] Trial #179: GFLOPs: 48.3062. Time: 12503.1473 us. Best GFLOPs: 121.3380
2026-04-07 12:45:20 [INFO] [task_scheduler.cc:137] [Task #0: main] Trial #180: GFLOPs: 80.8671. Time: 7468.7944 us. Best GFLOPs: 121.3380
2026-04-07 12:45:20 [INFO] [task_scheduler.cc:137] [Task #0: main] Trial #181: GFLOPs: 28.6294. Time: 21096.4624 us. Best GFLOPs: 121.3380
2026-04-07 12:45:20 [INFO] [task_scheduler.cc:137] [Task #0: main] Trial #182: GFLOPs: 54.7399. Time: 11033.6256 us. Best GFLOPs: 121.3380
2026-04-07 12:45:20 [INFO] [task_scheduler.cc:137] [Task #0: main] Trial #183: GFLOPs: 27.9469. Time: 21611.6854 us. Best GFLOPs: 121.3380
2026-04-07 12:45:20 [INFO] [task_scheduler.cc:137] [Task #0: main] Trial #184: GFLOPs: 24.1368. Time: 25023.2390 us. Best GFLOPs: 121.3380
2026-04-07 12:45:20 [INFO] [task_scheduler.cc:137] [Task #0: main] Trial #185: GFLOPs: 43.6470. Time: 13837.8387 us. Best GFLOPs: 121.3380
2026-04-07 12:45:20 [INFO] [task_scheduler.cc:137] [Task #0: main] Trial #186: GFLOPs: 30.2889. Time: 19940.6584 us. Best GFLOPs: 121.3380
2026-04-07 12:45:20 [INFO] [task_scheduler.cc:137] [Task #0: main] Trial #187: GFLOPs: 11.1421. Time: 54206.7564 us. Best GFLOPs: 121.3380
2026-04-07 12:45:20 [INFO] [task_scheduler.cc:137] [Task #0: main] Trial #188: GFLOPs: 49.3621. Time: 12235.7020 us. Best GFLOPs: 121.3380
2026-04-07 12:45:20 [INFO] [task_scheduler.cc:137] [Task #0: main] Trial #189: GFLOPs: 18.5383. Time: 32580.0198 us. Best GFLOPs: 121.3380
2026-04-07 12:45:20 [INFO] [task_scheduler.cc:137] [Task #0: main] Trial #190: GFLOPs: 21.4291. Time: 28185.0320 us. Best GFLOPs: 121.3380
2026-04-07 12:45:20 [INFO] [task_scheduler.cc:137] [Task #0: main] Trial #191: GFLOPs: 55.8539. Time: 10813.5677 us. Best GFLOPs: 121.3380
2026-04-07 12:45:20 [INFO] [task_scheduler.cc:137] [Task #0: main] Trial #192: GFLOPs: 58.9912. Time: 10238.4800 us. Best GFLOPs: 121.3380
2026-04-07 12:45:20 [INFO] [evolutionary_search.cc:711] Generating candidates......
2026-04-07 12:45:20 [INFO] [evolutionary_search.cc:713] Picked top 92 candidate(s) from database
2026-04-07 12:45:20 [INFO] [evolutionary_search.cc:530] Sample-Init-Population summary:
Postproc #0 [meta_schedule.DisallowDynamicLoop(0x5bdf3b37c338)]: 0 failure(s)
Postproc #1 [meta_schedule.RewriteParallelVectorizeUnroll(0x5bdf397e6958)]: 0 failure(s)
Postproc #2 [meta_schedule.RewriteReductionBlock(0x5bdf3b56bd28)]: 0 failure(s)
Postproc #3 [meta_schedule.RewriteLayout(0x5bdf3b7ff5b8)]: 0 failure(s)
2026-04-07 12:45:20 [INFO] [evolutionary_search.cc:721] Sampled 368 candidate(s)
2026-04-07 12:45:21 [INFO] [evolutionary_search.cc:619] Evolve iter #0 done. Summary:
Postproc #0 [meta_schedule.DisallowDynamicLoop(0x5bdf3b37c338)]: 0 failure(s)
Postproc #1 [meta_schedule.RewriteParallelVectorizeUnroll(0x5bdf397e6958)]: 0 failure(s)
Postproc #2 [meta_schedule.RewriteReductionBlock(0x5bdf3b56bd28)]: 0 failure(s)
Postproc #3 [meta_schedule.RewriteLayout(0x5bdf3b7ff5b8)]: 0 failure(s)
2026-04-07 12:45:22 [INFO] [evolutionary_search.cc:619] Evolve iter #1 done. Summary:
Postproc #0 [meta_schedule.DisallowDynamicLoop(0x5bdf3b37c338)]: 0 failure(s)
Postproc #1 [meta_schedule.RewriteParallelVectorizeUnroll(0x5bdf397e6958)]: 0 failure(s)
Postproc #2 [meta_schedule.RewriteReductionBlock(0x5bdf3b56bd28)]: 0 failure(s)
Postproc #3 [meta_schedule.RewriteLayout(0x5bdf3b7ff5b8)]: 0 failure(s)
2026-04-07 12:45:23 [INFO] [evolutionary_search.cc:619] Evolve iter #2 done. Summary:
Postproc #0 [meta_schedule.DisallowDynamicLoop(0x5bdf3b37c338)]: 0 failure(s)
Postproc #1 [meta_schedule.RewriteParallelVectorizeUnroll(0x5bdf397e6958)]: 0 failure(s)
Postproc #2 [meta_schedule.RewriteReductionBlock(0x5bdf3b56bd28)]: 0 failure(s)
Postproc #3 [meta_schedule.RewriteLayout(0x5bdf3b7ff5b8)]: 0 failure(s)
2026-04-07 12:45:23 [INFO] [evolutionary_search.cc:647] Scores of the best 64 candidates:
[1 : 16]:	0.9274  0.9248  0.8963  0.8768  0.8664  0.8563  0.8433  0.8360  0.8360  0.8288  0.8200  0.8166  0.8018  0.8018  0.7958  0.7863
[17 : 32]:	0.7848  0.7820  0.7788  0.7779  0.7728  0.7642  0.7570  0.7542  0.7535  0.7459  0.7402  0.7389  0.7186  0.7138  0.7127  0.7127
[33 : 48]:	0.7113  0.7041  0.7015  0.7005  0.7005  0.6992  0.6939  0.6920  0.6920  0.6854  0.6848  0.6829  0.6789  0.6753  0.6691  0.6690
[49 : 64]:	0.6654  0.6582  0.6576  0.6548  0.6532  0.6532  0.6532  0.6509  0.6495  0.6488  0.6471  0.6469  0.6405  0.6375  0.6372  0.6368
2026-04-07 12:45:23 [INFO] [evolutionary_search.cc:725] Got 64 candidate(s) with evolutionary search
2026-04-07 12:45:23 [INFO] [evolutionary_search.cc:728] Sending 64 candidates(s) for measurement
2026-04-07 12:46:02 [INFO] [task_scheduler.cc:137] [Task #0: main] Trial #193: GFLOPs: 128.9540. Time: 4683.6841 us. Best GFLOPs: 128.9540
2026-04-07 12:46:02 [INFO] [task_scheduler.cc:137] [Task #0: main] Trial #194: GFLOPs: 126.0993. Time: 4789.7169 us. Best GFLOPs: 128.9540
2026-04-07 12:46:02 [INFO] [task_scheduler.cc:137] [Task #0: main] Trial #195: GFLOPs: 79.0473. Time: 7640.7348 us. Best GFLOPs: 128.9540
2026-04-07 12:46:02 [INFO] [task_scheduler.cc:137] [Task #0: main] Trial #196: GFLOPs: 117.6276. Time: 5134.6765 us. Best GFLOPs: 128.9540
2026-04-07 12:46:02 [INFO] [task_scheduler.cc:137] [Task #0: main] Trial #197: GFLOPs: 71.8045. Time: 8411.4464 us. Best GFLOPs: 128.9540
2026-04-07 12:46:02 [INFO] [task_scheduler.cc:137] [Task #0: main] Trial #198: GFLOPs: 70.2239. Time: 8600.7672 us. Best GFLOPs: 128.9540
2026-04-07 12:46:02 [INFO] [task_scheduler.cc:137] [Task #0: main] Trial #199: GFLOPs: 75.0597. Time: 8046.6555 us. Best GFLOPs: 128.9540
2026-04-07 12:46:02 [INFO] [task_scheduler.cc:137] [Task #0: main] Trial #200: GFLOPs: 46.6288. Time: 12952.9250 us. Best GFLOPs: 128.9540
2026-04-07 12:46:02 [INFO] [task_scheduler.cc:137] [Task #0: main] Trial #201: GFLOPs: 106.4455. Time: 5674.0757 us. Best GFLOPs: 128.9540
2026-04-07 12:46:02 [INFO] [task_scheduler.cc:137] [Task #0: main] Trial #202: GFLOPs: 29.4938. Time: 20478.2282 us. Best GFLOPs: 128.9540
2026-04-07 12:46:02 [INFO] [task_scheduler.cc:137] [Task #0: main] Trial #203: GFLOPs: 86.1397. Time: 7011.6328 us. Best GFLOPs: 128.9540
2026-04-07 12:46:02 [INFO] [task_scheduler.cc:137] [Task #0: main] Trial #204: GFLOPs: 103.3238. Time: 5845.5055 us. Best GFLOPs: 128.9540
2026-04-07 12:46:02 [INFO] [task_scheduler.cc:137] [Task #0: main] Trial #205: GFLOPs: 95.2760. Time: 6339.2656 us. Best GFLOPs: 128.9540
2026-04-07 12:46:02 [INFO] [task_scheduler.cc:137] [Task #0: main] Trial #206: GFLOPs: 105.1100. Time: 5746.1680 us. Best GFLOPs: 128.9540
2026-04-07 12:46:02 [INFO] [task_scheduler.cc:137] [Task #0: main] Trial #207: GFLOPs: 84.3673. Time: 7158.9288 us. Best GFLOPs: 128.9540
2026-04-07 12:46:02 [INFO] [task_scheduler.cc:137] [Task #0: main] Trial #208: GFLOPs: 104.5906. Time: 5774.7050 us. Best GFLOPs: 128.9540
2026-04-07 12:46:02 [INFO] [task_scheduler.cc:137] [Task #0: main] Trial #209: GFLOPs: 62.7364. Time: 9627.2620 us. Best GFLOPs: 128.9540
2026-04-07 12:46:02 [INFO] [task_scheduler.cc:137] [Task #0: main] Trial #210: GFLOPs: 65.0881. Time: 9279.4209 us. Best GFLOPs: 128.9540
2026-04-07 12:46:02 [INFO] [task_scheduler.cc:137] [Task #0: main] Trial #211: GFLOPs: 23.5342. Time: 25663.8666 us. Best GFLOPs: 128.9540
2026-04-07 12:46:02 [INFO] [task_scheduler.cc:137] [Task #0: main] Trial #212: GFLOPs: 69.6168. Time: 8675.7718 us. Best GFLOPs: 128.9540
2026-04-07 12:46:02 [INFO] [task_scheduler.cc:137] [Task #0: main] Trial #213: GFLOPs: 33.8674. Time: 17833.6855 us. Best GFLOPs: 128.9540
2026-04-07 12:46:02 [INFO] [task_scheduler.cc:137] [Task #0: main] Trial #214: GFLOPs: 76.6536. Time: 7879.3417 us. Best GFLOPs: 128.9540
2026-04-07 12:46:02 [INFO] [task_scheduler.cc:137] [Task #0: main] Trial #215: GFLOPs: 48.2058. Time: 12529.1807 us. Best GFLOPs: 128.9540
2026-04-07 12:46:02 [INFO] [task_scheduler.cc:137] [Task #0: main] Trial #216: GFLOPs: 47.3658. Time: 12751.3912 us. Best GFLOPs: 128.9540
2026-04-07 12:46:02 [INFO] [task_scheduler.cc:137] [Task #0: main] Trial #217: GFLOPs: 65.4294. Time: 9231.0129 us. Best GFLOPs: 128.9540
2026-04-07 12:46:02 [INFO] [task_scheduler.cc:137] [Task #0: main] Trial #218: GFLOPs: 87.1065. Time: 6933.8091 us. Best GFLOPs: 128.9540
2026-04-07 12:46:02 [INFO] [task_scheduler.cc:137] [Task #0: main] Trial #219: GFLOPs: 107.2429. Time: 5631.8843 us. Best GFLOPs: 128.9540
2026-04-07 12:46:02 [INFO] [task_scheduler.cc:137] [Task #0: main] Trial #220: GFLOPs: 69.9624. Time: 8632.9253 us. Best GFLOPs: 128.9540
2026-04-07 12:46:02 [INFO] [task_scheduler.cc:137] [Task #0: main] Trial #221: GFLOPs: 72.4571. Time: 8335.6864 us. Best GFLOPs: 128.9540
2026-04-07 12:46:02 [INFO] [task_scheduler.cc:137] [Task #0: main] Trial #222: GFLOPs: 106.1988. Time: 5687.2562 us. Best GFLOPs: 128.9540
2026-04-07 12:46:02 [INFO] [task_scheduler.cc:137] [Task #0: main] Trial #223: GFLOPs: 75.7209. Time: 7976.3978 us. Best GFLOPs: 128.9540
2026-04-07 12:46:02 [INFO] [task_scheduler.cc:137] [Task #0: main] Trial #224: GFLOPs: 25.5011. Time: 23684.4794 us. Best GFLOPs: 128.9540
2026-04-07 12:46:02 [INFO] [task_scheduler.cc:137] [Task #0: main] Trial #225: GFLOPs: 77.9110. Time: 7752.1794 us. Best GFLOPs: 128.9540
2026-04-07 12:46:02 [INFO] [task_scheduler.cc:137] [Task #0: main] Trial #226: GFLOPs: 106.8359. Time: 5653.3387 us. Best GFLOPs: 128.9540
2026-04-07 12:46:02 [INFO] [task_scheduler.cc:137] [Task #0: main] Trial #227: GFLOPs: 57.6857. Time: 10470.1733 us. Best GFLOPs: 128.9540
2026-04-07 12:46:02 [INFO] [task_scheduler.cc:137] [Task #0: main] Trial #228: GFLOPs: 101.0015. Time: 5979.9102 us. Best GFLOPs: 128.9540
2026-04-07 12:46:02 [INFO] [task_scheduler.cc:137] [Task #0: main] Trial #229: GFLOPs: 93.5528. Time: 6456.0282 us. Best GFLOPs: 128.9540
2026-04-07 12:46:02 [INFO] [task_scheduler.cc:137] [Task #0: main] Trial #230: GFLOPs: 83.0422. Time: 7273.1704 us. Best GFLOPs: 128.9540
2026-04-07 12:46:02 [INFO] [task_scheduler.cc:137] [Task #0: main] Trial #231: GFLOPs: 62.0711. Time: 9730.4563 us. Best GFLOPs: 128.9540
2026-04-07 12:46:02 [INFO] [task_scheduler.cc:137] [Task #0: main] Trial #232: GFLOPs: 86.6992. Time: 6966.3831 us. Best GFLOPs: 128.9540
2026-04-07 12:46:02 [INFO] [task_scheduler.cc:137] [Task #0: main] Trial #233: GFLOPs: 105.4163. Time: 5729.4712 us. Best GFLOPs: 128.9540
2026-04-07 12:46:02 [INFO] [task_scheduler.cc:137] [Task #0: main] Trial #234: GFLOPs: 113.7303. Time: 5310.6336 us. Best GFLOPs: 128.9540
2026-04-07 12:46:02 [INFO] [task_scheduler.cc:137] [Task #0: main] Trial #235: GFLOPs: 84.3571. Time: 7159.7953 us. Best GFLOPs: 128.9540
2026-04-07 12:46:02 [INFO] [task_scheduler.cc:137] [Task #0: main] Trial #236: GFLOPs: 66.1309. Time: 9133.0936 us. Best GFLOPs: 128.9540
2026-04-07 12:46:02 [INFO] [task_scheduler.cc:137] [Task #0: main] Trial #237: GFLOPs: 81.6511. Time: 7397.0835 us. Best GFLOPs: 128.9540
2026-04-07 12:46:02 [INFO] [task_scheduler.cc:137] [Task #0: main] Trial #238: GFLOPs: 71.2530. Time: 8476.5550 us. Best GFLOPs: 128.9540
2026-04-07 12:46:02 [INFO] [task_scheduler.cc:137] [Task #0: main] Trial #239: GFLOPs: 93.4907. Time: 6460.3183 us. Best GFLOPs: 128.9540
2026-04-07 12:46:02 [INFO] [task_scheduler.cc:137] [Task #0: main] Trial #240: GFLOPs: 87.7273. Time: 6884.7386 us. Best GFLOPs: 128.9540
2026-04-07 12:46:02 [INFO] [task_scheduler.cc:137] [Task #0: main] Trial #241: GFLOPs: 72.5549. Time: 8324.4574 us. Best GFLOPs: 128.9540
2026-04-07 12:46:02 [INFO] [task_scheduler.cc:137] [Task #0: main] Trial #242: GFLOPs: 96.8651. Time: 6235.2668 us. Best GFLOPs: 128.9540
2026-04-07 12:46:02 [INFO] [task_scheduler.cc:137] [Task #0: main] Trial #243: GFLOPs: 85.1671. Time: 7091.7064 us. Best GFLOPs: 128.9540
2026-04-07 12:46:02 [INFO] [task_scheduler.cc:137] [Task #0: main] Trial #244: GFLOPs: 100.1105. Time: 6033.1307 us. Best GFLOPs: 128.9540
2026-04-07 12:46:02 [INFO] [task_scheduler.cc:137] [Task #0: main] Trial #245: GFLOPs: 66.0874. Time: 9139.1050 us. Best GFLOPs: 128.9540
2026-04-07 12:46:02 [INFO] [task_scheduler.cc:137] [Task #0: main] Trial #246: GFLOPs: 65.4079. Time: 9234.0435 us. Best GFLOPs: 128.9540
2026-04-07 12:46:02 [INFO] [task_scheduler.cc:137] [Task #0: main] Trial #247: GFLOPs: 101.6599. Time: 5941.1799 us. Best GFLOPs: 128.9540
2026-04-07 12:46:02 [INFO] [task_scheduler.cc:137] [Task #0: main] Trial #248: GFLOPs: 94.9722. Time: 6359.5444 us. Best GFLOPs: 128.9540
2026-04-07 12:46:02 [INFO] [task_scheduler.cc:137] [Task #0: main] Trial #249: GFLOPs: 70.0228. Time: 8625.4755 us. Best GFLOPs: 128.9540
2026-04-07 12:46:02 [INFO] [task_scheduler.cc:137] [Task #0: main] Trial #250: GFLOPs: 86.1078. Time: 7014.2245 us. Best GFLOPs: 128.9540
2026-04-07 12:46:02 [INFO] [task_scheduler.cc:137] [Task #0: main] Trial #251: GFLOPs: 74.3467. Time: 8123.8253 us. Best GFLOPs: 128.9540
2026-04-07 12:46:02 [INFO] [task_scheduler.cc:137] [Task #0: main] Trial #252: GFLOPs: 10.4849. Time: 57604.7934 us. Best GFLOPs: 128.9540
2026-04-07 12:46:02 [INFO] [task_scheduler.cc:137] [Task #0: main] Trial #253: GFLOPs: 61.6144. Time: 9802.5806 us. Best GFLOPs: 128.9540
2026-04-07 12:46:02 [INFO] [task_scheduler.cc:137] [Task #0: main] Trial #254: GFLOPs: 20.1780. Time: 29932.5902 us. Best GFLOPs: 128.9540
2026-04-07 12:46:02 [INFO] [task_scheduler.cc:137] [Task #0: main] Trial #255: GFLOPs: 7.7858. Time: 77574.8616 us. Best GFLOPs: 128.9540
2026-04-07 12:46:02 [INFO] [task_scheduler.cc:137] [Task #0: main] Trial #256: GFLOPs: 43.0417. Time: 14032.4176 us. Best GFLOPs: 128.9540
2026-04-07 12:46:02 [INFO] [evolutionary_search.cc:711] Generating candidates......
2026-04-07 12:46:02 [INFO] [evolutionary_search.cc:713] Picked top 92 candidate(s) from database
2026-04-07 12:46:02 [INFO] [evolutionary_search.cc:530] Sample-Init-Population summary:
Postproc #0 [meta_schedule.DisallowDynamicLoop(0x5bdf3b37c338)]: 0 failure(s)
Postproc #1 [meta_schedule.RewriteParallelVectorizeUnroll(0x5bdf397e6958)]: 0 failure(s)
Postproc #2 [meta_schedule.RewriteReductionBlock(0x5bdf3b56bd28)]: 0 failure(s)
Postproc #3 [meta_schedule.RewriteLayout(0x5bdf3b7ff5b8)]: 0 failure(s)
2026-04-07 12:46:02 [INFO] [evolutionary_search.cc:721] Sampled 368 candidate(s)
2026-04-07 12:46:03 [INFO] [evolutionary_search.cc:619] Evolve iter #0 done. Summary:
Postproc #0 [meta_schedule.DisallowDynamicLoop(0x5bdf3b37c338)]: 0 failure(s)
Postproc #1 [meta_schedule.RewriteParallelVectorizeUnroll(0x5bdf397e6958)]: 0 failure(s)
Postproc #2 [meta_schedule.RewriteReductionBlock(0x5bdf3b56bd28)]: 0 failure(s)
Postproc #3 [meta_schedule.RewriteLayout(0x5bdf3b7ff5b8)]: 0 failure(s)
2026-04-07 12:46:04 [INFO] [evolutionary_search.cc:619] Evolve iter #1 done. Summary:
Postproc #0 [meta_schedule.DisallowDynamicLoop(0x5bdf3b37c338)]: 0 failure(s)
Postproc #1 [meta_schedule.RewriteParallelVectorizeUnroll(0x5bdf397e6958)]: 0 failure(s)
Postproc #2 [meta_schedule.RewriteReductionBlock(0x5bdf3b56bd28)]: 0 failure(s)
Postproc #3 [meta_schedule.RewriteLayout(0x5bdf3b7ff5b8)]: 0 failure(s)
2026-04-07 12:46:04 [INFO] [evolutionary_search.cc:619] Evolve iter #2 done. Summary:
Postproc #0 [meta_schedule.DisallowDynamicLoop(0x5bdf3b37c338)]: 0 failure(s)
Postproc #1 [meta_schedule.RewriteParallelVectorizeUnroll(0x5bdf397e6958)]: 0 failure(s)
Postproc #2 [meta_schedule.RewriteReductionBlock(0x5bdf3b56bd28)]: 0 failure(s)
Postproc #3 [meta_schedule.RewriteLayout(0x5bdf3b7ff5b8)]: 0 failure(s)
2026-04-07 12:46:05 [INFO] [evolutionary_search.cc:647] Scores of the best 51 candidates:
[1 : 16]:	0.8999  0.8784  0.8741  0.8675  0.8675  0.8657  0.8589  0.8556  0.8515  0.8482  0.8464  0.8433  0.8417  0.8263  0.8257  0.8225
[17 : 32]:	0.8173  0.8173  0.8126  0.8122  0.8064  0.8056  0.8047  0.8017  0.8007  0.8007  0.8001  0.7985  0.7948  0.7879  0.7835  0.7835
[33 : 48]:	0.7834  0.7752  0.7614  0.7589  0.7553  0.7464  0.7462  0.7443  0.7432  0.7430  0.7409  0.7397  0.7391  0.7354  0.7212  0.7210
[49 : 51]:	0.7187  0.7138  0.7119
2026-04-07 12:46:05 [INFO] [evolutionary_search.cc:725] Got 51 candidate(s) with evolutionary search
2026-04-07 12:46:05 [INFO] [evolutionary_search.cc:728] Sending 51 candidates(s) for measurement
2026-04-07 12:46:32 [INFO] [task_scheduler.cc:137] [Task #0: main] Trial #257: GFLOPs: 113.6822. Time: 5312.8792 us. Best GFLOPs: 128.9540
2026-04-07 12:46:32 [INFO] [task_scheduler.cc:137] [Task #0: main] Trial #258: GFLOPs: 126.0302. Time: 4792.3420 us. Best GFLOPs: 128.9540
2026-04-07 12:46:32 [INFO] [task_scheduler.cc:137] [Task #0: main] Trial #259: GFLOPs: 126.3690. Time: 4779.4922 us. Best GFLOPs: 128.9540
2026-04-07 12:46:32 [INFO] [task_scheduler.cc:137] [Task #0: main] Trial #260: GFLOPs: 120.4861. Time: 5012.8572 us. Best GFLOPs: 128.9540
2026-04-07 12:46:32 [INFO] [task_scheduler.cc:137] [Task #0: main] Trial #261: GFLOPs: 89.4111. Time: 6755.0841 us. Best GFLOPs: 128.9540
2026-04-07 12:46:32 [INFO] [task_scheduler.cc:137] [Task #0: main] Trial #262: GFLOPs: 120.6997. Time: 5003.9869 us. Best GFLOPs: 128.9540
2026-04-07 12:46:32 [INFO] [task_scheduler.cc:137] [Task #0: main] Trial #263: GFLOPs: 98.8482. Time: 6110.1739 us. Best GFLOPs: 128.9540
2026-04-07 12:46:32 [INFO] [task_scheduler.cc:137] [Task #0: main] Trial #264: GFLOPs: 93.0515. Time: 6490.8101 us. Best GFLOPs: 128.9540
2026-04-07 12:46:32 [INFO] [task_scheduler.cc:137] [Task #0: main] Trial #265: GFLOPs: 107.3305. Time: 5627.2869 us. Best GFLOPs: 128.9540
2026-04-07 12:46:32 [INFO] [task_scheduler.cc:137] [Task #0: main] Trial #266: GFLOPs: 112.0545. Time: 5390.0514 us. Best GFLOPs: 128.9540
2026-04-07 12:46:32 [INFO] [task_scheduler.cc:137] [Task #0: main] Trial #267: GFLOPs: 108.5533. Time: 5563.9026 us. Best GFLOPs: 128.9540
2026-04-07 12:46:32 [INFO] [task_scheduler.cc:137] [Task #0: main] Trial #268: GFLOPs: 108.3018. Time: 5576.8204 us. Best GFLOPs: 128.9540
2026-04-07 12:46:32 [INFO] [task_scheduler.cc:137] [Task #0: main] Trial #269: GFLOPs: 103.1740. Time: 5853.9912 us. Best GFLOPs: 128.9540
2026-04-07 12:46:32 [INFO] [task_scheduler.cc:137] [Task #0: main] Trial #270: GFLOPs: 87.7361. Time: 6884.0544 us. Best GFLOPs: 128.9540
2026-04-07 12:46:32 [INFO] [task_scheduler.cc:137] [Task #0: main] Trial #271: GFLOPs: 75.3860. Time: 8011.8316 us. Best GFLOPs: 128.9540
2026-04-07 12:46:32 [INFO] [task_scheduler.cc:137] [Task #0: main] Trial #272: GFLOPs: 109.0114. Time: 5540.5201 us. Best GFLOPs: 128.9540
2026-04-07 12:46:32 [INFO] [task_scheduler.cc:137] [Task #0: main] Trial #273: GFLOPs: 81.1829. Time: 7439.7393 us. Best GFLOPs: 128.9540
2026-04-07 12:46:32 [INFO] [task_scheduler.cc:137] [Task #0: main] Trial #274: GFLOPs: 95.8533. Time: 6301.0868 us. Best GFLOPs: 128.9540
2026-04-07 12:46:32 [INFO] [task_scheduler.cc:137] [Task #0: main] Trial #275: GFLOPs: 101.8565. Time: 5929.7101 us. Best GFLOPs: 128.9540
2026-04-07 12:46:32 [INFO] [task_scheduler.cc:137] [Task #0: main] Trial #276: GFLOPs: 109.9648. Time: 5492.4806 us. Best GFLOPs: 128.9540
2026-04-07 12:46:32 [INFO] [task_scheduler.cc:137] [Task #0: main] Trial #277: GFLOPs: 105.6042. Time: 5719.2785 us. Best GFLOPs: 128.9540
2026-04-07 12:46:32 [INFO] [task_scheduler.cc:137] [Task #0: main] Trial #278: GFLOPs: 111.8406. Time: 5400.3620 us. Best GFLOPs: 128.9540
2026-04-07 12:46:32 [INFO] [task_scheduler.cc:137] [Task #0: main] Trial #279: GFLOPs: 111.8852. Time: 5398.2090 us. Best GFLOPs: 128.9540
2026-04-07 12:46:32 [INFO] [task_scheduler.cc:137] [Task #0: main] Trial #280: GFLOPs: 107.9585. Time: 5594.5548 us. Best GFLOPs: 128.9540
2026-04-07 12:46:32 [INFO] [task_scheduler.cc:137] [Task #0: main] Trial #281: GFLOPs: 101.5894. Time: 5945.3012 us. Best GFLOPs: 128.9540
2026-04-07 12:46:32 [INFO] [task_scheduler.cc:137] [Task #0: main] Trial #282: GFLOPs: 91.5339. Time: 6598.4266 us. Best GFLOPs: 128.9540
2026-04-07 12:46:32 [INFO] [task_scheduler.cc:137] [Task #0: main] Trial #283: GFLOPs: 101.2729. Time: 5963.8832 us. Best GFLOPs: 128.9540
2026-04-07 12:46:32 [INFO] [task_scheduler.cc:137] [Task #0: main] Trial #284: GFLOPs: 106.1664. Time: 5688.9911 us. Best GFLOPs: 128.9540
2026-04-07 12:46:32 [INFO] [task_scheduler.cc:137] [Task #0: main] Trial #285: GFLOPs: 84.1392. Time: 7178.3413 us. Best GFLOPs: 128.9540
2026-04-07 12:46:32 [INFO] [task_scheduler.cc:137] [Task #0: main] Trial #286: GFLOPs: 10.3234. Time: 58505.9492 us. Best GFLOPs: 128.9540
2026-04-07 12:46:32 [INFO] [task_scheduler.cc:137] [Task #0: main] Trial #287: GFLOPs: 102.2758. Time: 5905.4049 us. Best GFLOPs: 128.9540
2026-04-07 12:46:32 [INFO] [task_scheduler.cc:137] [Task #0: main] Trial #288: GFLOPs: 102.1281. Time: 5913.9442 us. Best GFLOPs: 128.9540
2026-04-07 12:46:32 [INFO] [task_scheduler.cc:137] [Task #0: main] Trial #289: GFLOPs: 96.4222. Time: 6263.9058 us. Best GFLOPs: 128.9540
2026-04-07 12:46:32 [INFO] [task_scheduler.cc:137] [Task #0: main] Trial #290: GFLOPs: 112.6362. Time: 5362.2191 us. Best GFLOPs: 128.9540
2026-04-07 12:46:32 [INFO] [task_scheduler.cc:137] [Task #0: main] Trial #291: GFLOPs: 103.0356. Time: 5861.8554 us. Best GFLOPs: 128.9540
2026-04-07 12:46:32 [INFO] [task_scheduler.cc:137] [Task #0: main] Trial #292: GFLOPs: 98.8538. Time: 6109.8261 us. Best GFLOPs: 128.9540
2026-04-07 12:46:32 [INFO] [task_scheduler.cc:137] [Task #0: main] Trial #293: GFLOPs: 96.4894. Time: 6259.5474 us. Best GFLOPs: 128.9540
2026-04-07 12:46:32 [INFO] [task_scheduler.cc:137] [Task #0: main] Trial #294: GFLOPs: 35.2579. Time: 17130.3211 us. Best GFLOPs: 128.9540
2026-04-07 12:46:32 [INFO] [task_scheduler.cc:137] [Task #0: main] Trial #295: GFLOPs: 106.8523. Time: 5652.4713 us. Best GFLOPs: 128.9540
2026-04-07 12:46:32 [INFO] [task_scheduler.cc:137] [Task #0: main] Trial #296: GFLOPs: 52.9864. Time: 11398.7689 us. Best GFLOPs: 128.9540
2026-04-07 12:46:32 [INFO] [task_scheduler.cc:137] [Task #0: main] Trial #297: GFLOPs: 84.6452. Time: 7135.4289 us. Best GFLOPs: 128.9540
2026-04-07 12:46:32 [INFO] [task_scheduler.cc:137] [Task #0: main] Trial #298: GFLOPs: 101.5833. Time: 5945.6596 us. Best GFLOPs: 128.9540
2026-04-07 12:46:32 [INFO] [task_scheduler.cc:137] [Task #0: main] Trial #299: GFLOPs: 48.6399. Time: 12417.3788 us. Best GFLOPs: 128.9540
2026-04-07 12:46:32 [INFO] [task_scheduler.cc:137] [Task #0: main] Trial #300: GFLOPs: 81.9728. Time: 7368.0491 us. Best GFLOPs: 128.9540
2026-04-07 12:46:32 [INFO] [task_scheduler.cc:137] [Task #0: main] Trial #301: GFLOPs: 3.0081. Time: 200784.4514 us. Best GFLOPs: 128.9540
2026-04-07 12:46:32 [INFO] [task_scheduler.cc:137] [Task #0: main] Trial #302: GFLOPs: 102.7276. Time: 5879.4277 us. Best GFLOPs: 128.9540
2026-04-07 12:46:32 [INFO] [task_scheduler.cc:137] [Task #0: main] Trial #303: GFLOPs: 92.8159. Time: 6507.2847 us. Best GFLOPs: 128.9540
2026-04-07 12:46:32 [INFO] [task_scheduler.cc:137] [Task #0: main] Trial #304: GFLOPs: 13.3661. Time: 45187.3026 us. Best GFLOPs: 128.9540
2026-04-07 12:46:32 [INFO] [task_scheduler.cc:137] [Task #0: main] Trial #305: GFLOPs: 27.8249. Time: 21706.4158 us. Best GFLOPs: 128.9540
2026-04-07 12:46:32 [INFO] [task_scheduler.cc:137] [Task #0: main] Trial #306: GFLOPs: 10.7674. Time: 56093.5652 us. Best GFLOPs: 128.9540
2026-04-07 12:46:32 [INFO] [task_scheduler.cc:137] [Task #0: main] Trial #307: GFLOPs: 35.2824. Time: 17118.4542 us. Best GFLOPs: 128.9540
