2026-04-07 12:34:13 [INFO] [task_scheduler.cc:166] Initializing Task #0: "main"
2026-04-07 12:34:13 [INFO] [task_scheduler.cc:41] 
# from tvm.script import ir as I
# from tvm.script import tir as T

@I.ir_module
class Module:
    @T.prim_func
    def main(A: T.Buffer((128, 768), "float32"), B: T.Buffer((768, 3072), "float32"), C: T.Buffer((128, 3072), "float32")):
        T.func_attr({"tir.noalias": True})
        # with T.block("root"):
        for i, j, k in T.grid(128, 3072, 768):
            with T.block("C"):
                vi, vj, vk = T.axis.remap("SSR", [i, j, k])
                T.reads(A[vi, vk], B[vk, vj])
                T.writes(C[vi, vj])
                with T.init():
                    C[vi, vj] = T.float32(0.0)
                C[vi, vj] = C[vi, vj] + A[vi, vk] * B[vk, vj]
2026-04-07 12:34:13 [INFO] [task_scheduler.cc:170] Total 3 design space(s) generated
2026-04-07 12:34:13 [INFO] [task_scheduler.cc:176] Design space #0:
# from tvm.script import ir as I
# from tvm.script import tir as T

@I.ir_module
class Module:
    @T.prim_func
    def main(A: T.Buffer((128, 768), "float32"), B: T.Buffer((768, 3072), "float32"), C: T.Buffer((128, 3072), "float32")):
        T.func_attr({"tir.noalias": True})
        with T.block("root"):
            T.reads()
            T.writes()
            T.block_attr({"meta_schedule.parallel": 128, "meta_schedule.unroll_explicit": 0, "meta_schedule.vectorize": 64})
            C_global = T.alloc_buffer((128, 3072))
            for i_0, j_0, i_1, j_1 in T.grid(8, 16, 2, 64):
                for k_0, i_2, j_2, k_1, i_3, j_3 in T.grid(12, 8, 3, 64, 1, 1):
                    with T.block("C"):
                        vi = T.axis.spatial(128, i_0 * 16 + i_1 * 8 + i_2 + i_3)
                        vj = T.axis.spatial(3072, j_0 * 192 + j_1 * 3 + j_2 + j_3)
                        vk = T.axis.reduce(768, k_0 * 64 + k_1)
                        T.reads(A[vi, vk], B[vk, vj])
                        T.writes(C_global[vi, vj])
                        T.block_attr({"meta_schedule.tiling_structure": "SSRSRS"})
                        with T.init():
                            C_global[vi, vj] = T.float32(0.0)
                        C_global[vi, vj] = C_global[vi, vj] + A[vi, vk] * B[vk, vj]
                for ax0, ax1 in T.grid(8, 3):
                    with T.block("C_global"):
                        v0 = T.axis.spatial(128, i_0 * 16 + i_1 * 8 + ax0)
                        v1 = T.axis.spatial(3072, j_0 * 192 + j_1 * 3 + ax1)
                        T.reads(C_global[v0, v1])
                        T.writes(C[v0, v1])
                        C[v0, v1] = C_global[v0, v1]
b0 = sch.get_block(name="C", func_name="main")
b1 = sch.get_block(name="root", func_name="main")
sch.annotate(block_or_loop=b0, ann_key="meta_schedule.tiling_structure", ann_val="SSRSRS")
l2, l3, l4 = sch.get_loops(block=b0)
v5, v6, v7, v8 = sch.sample_perfect_tile(loop=l2, n=4, max_innermost_factor=64, decision=[8, 2, 8, 1])
l9, l10, l11, l12 = sch.split(loop=l2, factors=[v5, v6, v7, v8], preserve_unit_iters=True, disable_predication=False)
v13, v14, v15, v16 = sch.sample_perfect_tile(loop=l3, n=4, max_innermost_factor=64, decision=[16, 64, 3, 1])
l17, l18, l19, l20 = sch.split(loop=l3, factors=[v13, v14, v15, v16], preserve_unit_iters=True, disable_predication=False)
v21, v22 = sch.sample_perfect_tile(loop=l4, n=2, max_innermost_factor=64, decision=[12, 64])
l23, l24 = sch.split(loop=l4, factors=[v21, v22], preserve_unit_iters=True, disable_predication=False)
sch.reorder(l9, l17, l10, l18, l23, l11, l19, l24, l12, l20)
b25 = sch.cache_write(block=b0, write_buffer_index=0, storage_scope="global")
sch.reverse_compute_at(block=b25, loop=l18, preserve_unit_loops=True, index=-1)
sch.annotate(block_or_loop=b1, ann_key="meta_schedule.parallel", ann_val=128)
sch.annotate(block_or_loop=b1, ann_key="meta_schedule.vectorize", ann_val=64)
v26 = sch.sample_categorical(candidates=[0, 16, 64, 512], probs=[0.25, 0.25, 0.25, 0.25], decision=0)
sch.annotate(block_or_loop=b1, ann_key="meta_schedule.unroll_explicit", ann_val=v26)
2026-04-07 12:34:13 [INFO] [task_scheduler.cc:176] Design space #1:
# from tvm.script import ir as I
# from tvm.script import tir as T

@I.ir_module
class Module:
    @T.prim_func
    def main(A: T.Buffer((128, 768), "float32"), B: T.Buffer((768, 3072), "float32"), C: T.Buffer((128, 3072), "float32")):
        T.func_attr({"tir.noalias": True})
        with T.block("root"):
            T.reads()
            T.writes()
            T.block_attr({"meta_schedule.parallel": 128, "meta_schedule.unroll_explicit": 0, "meta_schedule.vectorize": 64})
            C_global = T.alloc_buffer((128, 3072))
            for i_0, j_0 in T.grid(8, 16):
                for i_1, j_1, k_0, i_2, j_2, k_1, i_3, j_3 in T.grid(2, 64, 12, 8, 3, 64, 1, 1):
                    with T.block("C"):
                        vi = T.axis.spatial(128, i_0 * 16 + i_1 * 8 + i_2 + i_3)
                        vj = T.axis.spatial(3072, j_0 * 192 + j_1 * 3 + j_2 + j_3)
                        vk = T.axis.reduce(768, k_0 * 64 + k_1)
                        T.reads(A[vi, vk], B[vk, vj])
                        T.writes(C_global[vi, vj])
                        T.block_attr({"meta_schedule.tiling_structure": "SSRSRS"})
                        with T.init():
                            C_global[vi, vj] = T.float32(0.0)
                        C_global[vi, vj] = C_global[vi, vj] + A[vi, vk] * B[vk, vj]
                for ax0, ax1 in T.grid(16, 192):
                    with T.block("C_global"):
                        v0 = T.axis.spatial(128, i_0 * 16 + ax0)
                        v1 = T.axis.spatial(3072, j_0 * 192 + ax1)
                        T.reads(C_global[v0, v1])
                        T.writes(C[v0, v1])
                        C[v0, v1] = C_global[v0, v1]
b0 = sch.get_block(name="C", func_name="main")
b1 = sch.get_block(name="root", func_name="main")
sch.annotate(block_or_loop=b0, ann_key="meta_schedule.tiling_structure", ann_val="SSRSRS")
l2, l3, l4 = sch.get_loops(block=b0)
v5, v6, v7, v8 = sch.sample_perfect_tile(loop=l2, n=4, max_innermost_factor=64, decision=[8, 2, 8, 1])
l9, l10, l11, l12 = sch.split(loop=l2, factors=[v5, v6, v7, v8], preserve_unit_iters=True, disable_predication=False)
v13, v14, v15, v16 = sch.sample_perfect_tile(loop=l3, n=4, max_innermost_factor=64, decision=[16, 64, 3, 1])
l17, l18, l19, l20 = sch.split(loop=l3, factors=[v13, v14, v15, v16], preserve_unit_iters=True, disable_predication=False)
v21, v22 = sch.sample_perfect_tile(loop=l4, n=2, max_innermost_factor=64, decision=[12, 64])
l23, l24 = sch.split(loop=l4, factors=[v21, v22], preserve_unit_iters=True, disable_predication=False)
sch.reorder(l9, l17, l10, l18, l23, l11, l19, l24, l12, l20)
b25 = sch.cache_write(block=b0, write_buffer_index=0, storage_scope="global")
sch.reverse_compute_at(block=b25, loop=l17, preserve_unit_loops=True, index=-1)
sch.annotate(block_or_loop=b1, ann_key="meta_schedule.parallel", ann_val=128)
sch.annotate(block_or_loop=b1, ann_key="meta_schedule.vectorize", ann_val=64)
v26 = sch.sample_categorical(candidates=[0, 16, 64, 512], probs=[0.25, 0.25, 0.25, 0.25], decision=0)
sch.annotate(block_or_loop=b1, ann_key="meta_schedule.unroll_explicit", ann_val=v26)
2026-04-07 12:34:13 [INFO] [task_scheduler.cc:176] Design space #2:
# from tvm.script import ir as I
# from tvm.script import tir as T

@I.ir_module
class Module:
    @T.prim_func
    def main(A: T.Buffer((128, 768), "float32"), B: T.Buffer((768, 3072), "float32"), C: T.Buffer((128, 3072), "float32")):
        T.func_attr({"tir.noalias": True})
        with T.block("root"):
            T.reads()
            T.writes()
            T.block_attr({"meta_schedule.parallel": 128, "meta_schedule.unroll_explicit": 64, "meta_schedule.vectorize": 64})
            for i_0, j_0, i_1, j_1, k_0, i_2, j_2, k_1, i_3, j_3 in T.grid(8, 16, 2, 64, 12, 8, 3, 64, 1, 1):
                with T.block("C"):
                    vi = T.axis.spatial(128, i_0 * 16 + i_1 * 8 + i_2 + i_3)
                    vj = T.axis.spatial(3072, j_0 * 192 + j_1 * 3 + j_2 + j_3)
                    vk = T.axis.reduce(768, k_0 * 64 + k_1)
                    T.reads(A[vi, vk], B[vk, vj])
                    T.writes(C[vi, vj])
                    T.block_attr({"meta_schedule.tiling_structure": "SSRSRS"})
                    with T.init():
                        C[vi, vj] = T.float32(0.0)
                    C[vi, vj] = C[vi, vj] + A[vi, vk] * B[vk, vj]
b0 = sch.get_block(name="C", func_name="main")
b1 = sch.get_block(name="root", func_name="main")
sch.annotate(block_or_loop=b0, ann_key="meta_schedule.tiling_structure", ann_val="SSRSRS")
l2, l3, l4 = sch.get_loops(block=b0)
v5, v6, v7, v8 = sch.sample_perfect_tile(loop=l2, n=4, max_innermost_factor=64, decision=[8, 2, 8, 1])
l9, l10, l11, l12 = sch.split(loop=l2, factors=[v5, v6, v7, v8], preserve_unit_iters=True, disable_predication=False)
v13, v14, v15, v16 = sch.sample_perfect_tile(loop=l3, n=4, max_innermost_factor=64, decision=[16, 64, 3, 1])
l17, l18, l19, l20 = sch.split(loop=l3, factors=[v13, v14, v15, v16], preserve_unit_iters=True, disable_predication=False)
v21, v22 = sch.sample_perfect_tile(loop=l4, n=2, max_innermost_factor=64, decision=[12, 64])
l23, l24 = sch.split(loop=l4, factors=[v21, v22], preserve_unit_iters=True, disable_predication=False)
sch.reorder(l9, l17, l10, l18, l23, l11, l19, l24, l12, l20)
sch.annotate(block_or_loop=b1, ann_key="meta_schedule.parallel", ann_val=128)
sch.annotate(block_or_loop=b1, ann_key="meta_schedule.vectorize", ann_val=64)
v25 = sch.sample_categorical(candidates=[0, 16, 64, 512], probs=[0.25, 0.25, 0.25, 0.25], decision=2)
sch.annotate(block_or_loop=b1, ann_key="meta_schedule.unroll_explicit", ann_val=v25)
2026-04-07 12:34:13 [INFO] [evolutionary_search.cc:711] Generating candidates......
2026-04-07 12:34:13 [INFO] [evolutionary_search.cc:713] Picked top 0 candidate(s) from database
2026-04-07 12:34:13 [INFO] [evolutionary_search.cc:530] Sample-Init-Population summary:
Postproc #0 [meta_schedule.DisallowDynamicLoop(0x5bdf3ba37f68)]: 0 failure(s)
Postproc #1 [meta_schedule.RewriteParallelVectorizeUnroll(0x5bdf3b443b98)]: 0 failure(s)
Postproc #2 [meta_schedule.RewriteReductionBlock(0x5bdf398745c8)]: 0 failure(s)
Postproc #3 [meta_schedule.RewriteLayout(0x5bdf3b9bcdd8)]: 0 failure(s)
2026-04-07 12:34:13 [INFO] [evolutionary_search.cc:721] Sampled 457 candidate(s)
2026-04-07 12:34:14 [INFO] [evolutionary_search.cc:619] Evolve iter #0 done. Summary:
Postproc #0 [meta_schedule.DisallowDynamicLoop(0x5bdf3ba37f68)]: 0 failure(s)
Postproc #1 [meta_schedule.RewriteParallelVectorizeUnroll(0x5bdf3b443b98)]: 0 failure(s)
Postproc #2 [meta_schedule.RewriteReductionBlock(0x5bdf398745c8)]: 0 failure(s)
Postproc #3 [meta_schedule.RewriteLayout(0x5bdf3b9bcdd8)]: 0 failure(s)
2026-04-07 12:34:14 [INFO] [evolutionary_search.cc:619] Evolve iter #1 done. Summary:
Postproc #0 [meta_schedule.DisallowDynamicLoop(0x5bdf3ba37f68)]: 0 failure(s)
Postproc #1 [meta_schedule.RewriteParallelVectorizeUnroll(0x5bdf3b443b98)]: 0 failure(s)
Postproc #2 [meta_schedule.RewriteReductionBlock(0x5bdf398745c8)]: 0 failure(s)
Postproc #3 [meta_schedule.RewriteLayout(0x5bdf3b9bcdd8)]: 0 failure(s)
2026-04-07 12:34:14 [INFO] [evolutionary_search.cc:619] Evolve iter #2 done. Summary:
Postproc #0 [meta_schedule.DisallowDynamicLoop(0x5bdf3ba37f68)]: 0 failure(s)
Postproc #1 [meta_schedule.RewriteParallelVectorizeUnroll(0x5bdf3b443b98)]: 0 failure(s)
Postproc #2 [meta_schedule.RewriteReductionBlock(0x5bdf398745c8)]: 0 failure(s)
Postproc #3 [meta_schedule.RewriteLayout(0x5bdf3b9bcdd8)]: 0 failure(s)
2026-04-07 12:34:14 [INFO] [evolutionary_search.cc:647] Scores of the best 64 candidates:
[1 : 16]:	0.9984  0.9972  0.9963  0.9958  0.9946  0.9941  0.9940  0.9938  0.9932  0.9930  0.9917  0.9916  0.9905  0.9900  0.9899  0.9888
[17 : 32]:	0.9879  0.9878  0.9875  0.9863  0.9857  0.9851  0.9850  0.9844  0.9843  0.9837  0.9832  0.9829  0.9827  0.9825  0.9823  0.9802
[33 : 48]:	0.9796  0.9779  0.9772  0.9768  0.9762  0.9759  0.9753  0.9750  0.9746  0.9746  0.9727  0.9725  0.9722  0.9712  0.9708  0.9702
[49 : 64]:	0.9698  0.9689  0.9688  0.9686  0.9669  0.9662  0.9659  0.9650  0.9636  0.9636  0.9635  0.9628  0.9626  0.9619  0.9608  0.9589
2026-04-07 12:34:14 [INFO] [evolutionary_search.cc:725] Got 64 candidate(s) with evolutionary search
2026-04-07 12:34:14 [INFO] [evolutionary_search.cc:728] Sending 64 candidates(s) for measurement
2026-04-07 12:34:45 [INFO] [task_scheduler.cc:137] [Task #0: main] Trial #1: GFLOPs: 15.6762. Time: 38528.3532 us. Best GFLOPs: 15.6762
2026-04-07 12:34:45 [INFO] [task_scheduler.cc:137] [Task #0: main] Trial #2: GFLOPs: 37.6262. Time: 16052.1254 us. Best GFLOPs: 37.6262
2026-04-07 12:34:45 [INFO] [task_scheduler.cc:137] [Task #0: main] Trial #3: GFLOPs: 63.3015. Time: 9541.3219 us. Best GFLOPs: 63.3015
2026-04-07 12:34:45 [INFO] [task_scheduler.cc:137] [Task #0: main] Trial #4: GFLOPs: 47.6807. Time: 12667.1668 us. Best GFLOPs: 63.3015
2026-04-07 12:34:45 [INFO] [task_scheduler.cc:137] [Task #0: main] Trial #5: GFLOPs: 42.4921. Time: 14213.9448 us. Best GFLOPs: 63.3015
2026-04-07 12:34:45 [INFO] [task_scheduler.cc:137] [Task #0: main] Trial #6: GFLOPs: 67.6287. Time: 8930.8140 us. Best GFLOPs: 67.6287
2026-04-07 12:34:45 [INFO] [task_scheduler.cc:137] [Task #0: main] Trial #7: GFLOPs: 56.2215. Time: 10742.8685 us. Best GFLOPs: 67.6287
2026-04-07 12:34:45 [INFO] [task_scheduler.cc:137] [Task #0: main] Trial #8: GFLOPs: 28.4504. Time: 21229.2140 us. Best GFLOPs: 67.6287
2026-04-07 12:34:45 [INFO] [task_scheduler.cc:137] [Task #0: main] Trial #9: GFLOPs: 47.7928. Time: 12637.4666 us. Best GFLOPs: 67.6287
2026-04-07 12:34:45 [INFO] [task_scheduler.cc:137] [Task #0: main] Trial #10: GFLOPs: 46.9347. Time: 12868.5150 us. Best GFLOPs: 67.6287
2026-04-07 12:34:45 [INFO] [task_scheduler.cc:137] [Task #0: main] Trial #11: GFLOPs: 37.4190. Time: 16141.0016 us. Best GFLOPs: 67.6287
2026-04-07 12:34:45 [INFO] [task_scheduler.cc:137] [Task #0: main] Trial #12: GFLOPs: 53.3620. Time: 11318.5388 us. Best GFLOPs: 67.6287
2026-04-07 12:34:45 [INFO] [task_scheduler.cc:137] [Task #0: main] Trial #13: GFLOPs: 34.1693. Time: 17676.0925 us. Best GFLOPs: 67.6287
2026-04-07 12:34:45 [INFO] [task_scheduler.cc:137] [Task #0: main] Trial #14: GFLOPs: 23.0923. Time: 26155.0838 us. Best GFLOPs: 67.6287
2026-04-07 12:34:45 [INFO] [task_scheduler.cc:137] [Task #0: main] Trial #15: GFLOPs: 31.6419. Time: 19087.9857 us. Best GFLOPs: 67.6287
2026-04-07 12:34:45 [INFO] [task_scheduler.cc:137] [Task #0: main] Trial #16: GFLOPs: 52.2708. Time: 11554.8137 us. Best GFLOPs: 67.6287
2026-04-07 12:34:45 [INFO] [task_scheduler.cc:137] [Task #0: main] Trial #17: GFLOPs: 32.7995. Time: 18414.2821 us. Best GFLOPs: 67.6287
2026-04-07 12:34:45 [INFO] [task_scheduler.cc:137] [Task #0: main] Trial #18: GFLOPs: 66.6478. Time: 9062.2578 us. Best GFLOPs: 67.6287
2026-04-07 12:34:45 [INFO] [task_scheduler.cc:137] [Task #0: main] Trial #19: GFLOPs: 28.5054. Time: 21188.2828 us. Best GFLOPs: 67.6287
2026-04-07 12:34:45 [INFO] [task_scheduler.cc:137] [Task #0: main] Trial #20: GFLOPs: 34.2750. Time: 17621.5650 us. Best GFLOPs: 67.6287
2026-04-07 12:34:45 [INFO] [task_scheduler.cc:137] [Task #0: main] Trial #21: GFLOPs: 37.1600. Time: 16253.5091 us. Best GFLOPs: 67.6287
2026-04-07 12:34:45 [INFO] [task_scheduler.cc:137] [Task #0: main] Trial #22: GFLOPs: 58.8262. Time: 10267.1827 us. Best GFLOPs: 67.6287
2026-04-07 12:34:45 [INFO] [task_scheduler.cc:137] [Task #0: main] Trial #23: GFLOPs: 45.2052. Time: 13360.8540 us. Best GFLOPs: 67.6287
2026-04-07 12:34:45 [INFO] [task_scheduler.cc:137] [Task #0: main] Trial #24: GFLOPs: 9.7936. Time: 61671.1248 us. Best GFLOPs: 67.6287
2026-04-07 12:34:45 [INFO] [task_scheduler.cc:137] [Task #0: main] Trial #25: GFLOPs: 39.4779. Time: 15299.1914 us. Best GFLOPs: 67.6287
2026-04-07 12:34:45 [INFO] [task_scheduler.cc:137] [Task #0: main] Trial #26: GFLOPs: 15.8834. Time: 38025.9040 us. Best GFLOPs: 67.6287
2026-04-07 12:34:45 [INFO] [task_scheduler.cc:137] [Task #0: main] Trial #27: GFLOPs: 42.5280. Time: 14201.9428 us. Best GFLOPs: 67.6287
2026-04-07 12:34:45 [INFO] [task_scheduler.cc:137] [Task #0: main] Trial #28: GFLOPs: 73.3805. Time: 8230.7967 us. Best GFLOPs: 73.3805
2026-04-07 12:34:45 [INFO] [task_scheduler.cc:137] [Task #0: main] Trial #29: GFLOPs: 81.5207. Time: 7408.9124 us. Best GFLOPs: 81.5207
2026-04-07 12:34:45 [INFO] [task_scheduler.cc:137] [Task #0: main] Trial #30: GFLOPs: 76.5380. Time: 7891.2390 us. Best GFLOPs: 81.5207
2026-04-07 12:34:45 [INFO] [task_scheduler.cc:137] [Task #0: main] Trial #31: GFLOPs: 40.2414. Time: 15008.9341 us. Best GFLOPs: 81.5207
2026-04-07 12:34:45 [INFO] [task_scheduler.cc:137] [Task #0: main] Trial #32: GFLOPs: 71.8152. Time: 8410.1991 us. Best GFLOPs: 81.5207
2026-04-07 12:34:45 [INFO] [task_scheduler.cc:137] [Task #0: main] Trial #33: GFLOPs: 38.7275. Time: 15595.6504 us. Best GFLOPs: 81.5207
2026-04-07 12:34:45 [INFO] [task_scheduler.cc:137] [Task #0: main] Trial #34: GFLOPs: 39.4054. Time: 15327.3299 us. Best GFLOPs: 81.5207
2026-04-07 12:34:45 [INFO] [task_scheduler.cc:137] [Task #0: main] Trial #35: GFLOPs: 52.5364. Time: 11496.4024 us. Best GFLOPs: 81.5207
2026-04-07 12:34:45 [INFO] [task_scheduler.cc:137] [Task #0: main] Trial #36: GFLOPs: 28.5551. Time: 21151.3910 us. Best GFLOPs: 81.5207
2026-04-07 12:34:45 [INFO] [task_scheduler.cc:137] [Task #0: main] Trial #37: GFLOPs: 62.7349. Time: 9627.4868 us. Best GFLOPs: 81.5207
2026-04-07 12:34:45 [INFO] [task_scheduler.cc:137] [Task #0: main] Trial #38: GFLOPs: 45.8914. Time: 13161.0635 us. Best GFLOPs: 81.5207
2026-04-07 12:34:45 [INFO] [task_scheduler.cc:137] [Task #0: main] Trial #39: GFLOPs: 83.2204. Time: 7257.5888 us. Best GFLOPs: 83.2204
2026-04-07 12:34:45 [INFO] [task_scheduler.cc:137] [Task #0: main] Trial #40: GFLOPs: 75.7025. Time: 7978.3312 us. Best GFLOPs: 83.2204
2026-04-07 12:34:45 [INFO] [task_scheduler.cc:137] [Task #0: main] Trial #41: GFLOPs: 36.3444. Time: 16618.2531 us. Best GFLOPs: 83.2204
2026-04-07 12:34:45 [INFO] [task_scheduler.cc:137] [Task #0: main] Trial #42: GFLOPs: 49.6342. Time: 12168.6299 us. Best GFLOPs: 83.2204
2026-04-07 12:34:45 [INFO] [task_scheduler.cc:137] [Task #0: main] Trial #43: GFLOPs: 96.7162. Time: 6244.8686 us. Best GFLOPs: 96.7162
2026-04-07 12:34:45 [INFO] [task_scheduler.cc:137] [Task #0: main] Trial #44: GFLOPs: 38.5364. Time: 15672.9870 us. Best GFLOPs: 96.7162
2026-04-07 12:34:45 [INFO] [task_scheduler.cc:137] [Task #0: main] Trial #45: GFLOPs: 65.4052. Time: 9234.4248 us. Best GFLOPs: 96.7162
2026-04-07 12:34:45 [INFO] [task_scheduler.cc:137] [Task #0: main] Trial #46: GFLOPs: 56.8538. Time: 10623.3755 us. Best GFLOPs: 96.7162
2026-04-07 12:34:45 [INFO] [task_scheduler.cc:137] [Task #0: main] Trial #47: GFLOPs: 54.2583. Time: 11131.5731 us. Best GFLOPs: 96.7162
2026-04-07 12:34:45 [INFO] [task_scheduler.cc:137] [Task #0: main] Trial #48: GFLOPs: 36.3015. Time: 16637.8639 us. Best GFLOPs: 96.7162
2026-04-07 12:34:45 [INFO] [task_scheduler.cc:137] [Task #0: main] Trial #49: GFLOPs: 72.7372. Time: 8303.5842 us. Best GFLOPs: 96.7162
2026-04-07 12:34:45 [INFO] [task_scheduler.cc:137] [Task #0: main] Trial #50: GFLOPs: 65.3017. Time: 9249.0672 us. Best GFLOPs: 96.7162
2026-04-07 12:34:45 [INFO] [task_scheduler.cc:137] [Task #0: main] Trial #51: GFLOPs: 62.9685. Time: 9591.7788 us. Best GFLOPs: 96.7162
2026-04-07 12:34:45 [INFO] [task_scheduler.cc:137] [Task #0: main] Trial #52: GFLOPs: 29.7696. Time: 20288.4991 us. Best GFLOPs: 96.7162
2026-04-07 12:34:45 [INFO] [task_scheduler.cc:137] [Task #0: main] Trial #53: GFLOPs: 79.7790. Time: 7570.6657 us. Best GFLOPs: 96.7162
2026-04-07 12:34:45 [INFO] [task_scheduler.cc:137] [Task #0: main] Trial #54: GFLOPs: 65.3498. Time: 9242.2639 us. Best GFLOPs: 96.7162
2026-04-07 12:34:45 [INFO] [task_scheduler.cc:137] [Task #0: main] Trial #55: GFLOPs: 19.9637. Time: 30253.9606 us. Best GFLOPs: 96.7162
2026-04-07 12:34:45 [INFO] [task_scheduler.cc:137] [Task #0: main] Trial #56: GFLOPs: 7.6180. Time: 79283.6674 us. Best GFLOPs: 96.7162
2026-04-07 12:34:45 [INFO] [task_scheduler.cc:137] [Task #0: main] Trial #57: GFLOPs: 23.4232. Time: 25785.5172 us. Best GFLOPs: 96.7162
2026-04-07 12:34:45 [INFO] [task_scheduler.cc:137] [Task #0: main] Trial #58: GFLOPs: 19.5653. Time: 30870.0206 us. Best GFLOPs: 96.7162
2026-04-07 12:34:45 [INFO] [task_scheduler.cc:137] [Task #0: main] Trial #59: GFLOPs: 102.1494. Time: 5912.7085 us. Best GFLOPs: 102.1494
2026-04-07 12:34:45 [INFO] [task_scheduler.cc:137] [Task #0: main] Trial #60: GFLOPs: 24.7071. Time: 24445.6186 us. Best GFLOPs: 102.1494
2026-04-07 12:34:45 [INFO] [task_scheduler.cc:137] [Task #0: main] Trial #61: GFLOPs: 112.7433. Time: 5357.1243 us. Best GFLOPs: 112.7433
2026-04-07 12:34:45 [INFO] [task_scheduler.cc:137] [Task #0: main] Trial #62: GFLOPs: 27.9558. Time: 21604.7922 us. Best GFLOPs: 112.7433
2026-04-07 12:34:45 [INFO] [task_scheduler.cc:137] [Task #0: main] Trial #63: GFLOPs: 17.4608. Time: 34590.7102 us. Best GFLOPs: 112.7433
2026-04-07 12:34:45 [INFO] [task_scheduler.cc:137] [Task #0: main] Trial #64: GFLOPs: 73.1777. Time: 8253.6082 us. Best GFLOPs: 112.7433
2026-04-07 12:34:45 [INFO] [evolutionary_search.cc:711] Generating candidates......
2026-04-07 12:34:45 [INFO] [evolutionary_search.cc:713] Picked top 64 candidate(s) from database
2026-04-07 12:34:45 [INFO] [evolutionary_search.cc:530] Sample-Init-Population summary:
Postproc #0 [meta_schedule.DisallowDynamicLoop(0x5bdf3ba37f68)]: 0 failure(s)
Postproc #1 [meta_schedule.RewriteParallelVectorizeUnroll(0x5bdf3b443b98)]: 0 failure(s)
Postproc #2 [meta_schedule.RewriteReductionBlock(0x5bdf398745c8)]: 0 failure(s)
Postproc #3 [meta_schedule.RewriteLayout(0x5bdf3b9bcdd8)]: 0 failure(s)
2026-04-07 12:34:45 [INFO] [evolutionary_search.cc:721] Sampled 393 candidate(s)
2026-04-07 12:34:46 [INFO] [evolutionary_search.cc:619] Evolve iter #0 done. Summary:
Postproc #0 [meta_schedule.DisallowDynamicLoop(0x5bdf3ba37f68)]: 0 failure(s)
Postproc #1 [meta_schedule.RewriteParallelVectorizeUnroll(0x5bdf3b443b98)]: 0 failure(s)
Postproc #2 [meta_schedule.RewriteReductionBlock(0x5bdf398745c8)]: 0 failure(s)
Postproc #3 [meta_schedule.RewriteLayout(0x5bdf3b9bcdd8)]: 0 failure(s)
2026-04-07 12:34:46 [INFO] [evolutionary_search.cc:619] Evolve iter #1 done. Summary:
Postproc #0 [meta_schedule.DisallowDynamicLoop(0x5bdf3ba37f68)]: 0 failure(s)
Postproc #1 [meta_schedule.RewriteParallelVectorizeUnroll(0x5bdf3b443b98)]: 0 failure(s)
Postproc #2 [meta_schedule.RewriteReductionBlock(0x5bdf398745c8)]: 0 failure(s)
Postproc #3 [meta_schedule.RewriteLayout(0x5bdf3b9bcdd8)]: 0 failure(s)
2026-04-07 12:34:46 [INFO] [evolutionary_search.cc:619] Evolve iter #2 done. Summary:
Postproc #0 [meta_schedule.DisallowDynamicLoop(0x5bdf3ba37f68)]: 0 failure(s)
Postproc #1 [meta_schedule.RewriteParallelVectorizeUnroll(0x5bdf3b443b98)]: 0 failure(s)
Postproc #2 [meta_schedule.RewriteReductionBlock(0x5bdf398745c8)]: 0 failure(s)
Postproc #3 [meta_schedule.RewriteLayout(0x5bdf3b9bcdd8)]: 0 failure(s)
2026-04-07 12:34:46 [INFO] [evolutionary_search.cc:647] Scores of the best 64 candidates:
[1 : 16]:	1.0000  0.9990  0.9977  0.9971  0.9959  0.9956  0.9949  0.9948  0.9944  0.9938  0.9936  0.9917  0.9907  0.9891  0.9889  0.9873
[17 : 32]:	0.9832  0.9820  0.9815  0.9808  0.9800  0.9788  0.9788  0.9778  0.9773  0.9761  0.9752  0.9749  0.9738  0.9737  0.9735  0.9719
[33 : 48]:	0.9710  0.9697  0.9690  0.9690  0.9687  0.9687  0.9683  0.9681  0.9678  0.9678  0.9665  0.9655  0.9649  0.9647  0.9635  0.9623
[49 : 64]:	0.9615  0.9607  0.9604  0.9602  0.9595  0.9578  0.9568  0.9568  0.9566  0.9547  0.9546  0.9538  0.9529  0.9528  0.9516  0.9500
2026-04-07 12:34:46 [INFO] [evolutionary_search.cc:725] Got 64 candidate(s) with evolutionary search
2026-04-07 12:34:46 [INFO] [evolutionary_search.cc:728] Sending 64 candidates(s) for measurement
2026-04-07 12:35:19 [INFO] [task_scheduler.cc:137] [Task #0: main] Trial #65: GFLOPs: 18.6046. Time: 32464.0834 us. Best GFLOPs: 112.7433
2026-04-07 12:35:19 [INFO] [task_scheduler.cc:137] [Task #0: main] Trial #66: GFLOPs: 24.9747. Time: 24183.6776 us. Best GFLOPs: 112.7433
2026-04-07 12:35:19 [INFO] [task_scheduler.cc:137] [Task #0: main] Trial #67: GFLOPs: 98.2714. Time: 6146.0363 us. Best GFLOPs: 112.7433
2026-04-07 12:35:19 [INFO] [task_scheduler.cc:137] [Task #0: main] Trial #68: GFLOPs: 32.5842. Time: 18535.9905 us. Best GFLOPs: 112.7433
2026-04-07 12:35:19 [INFO] [task_scheduler.cc:137] [Task #0: main] Trial #69: GFLOPs: 80.0845. Time: 7541.7824 us. Best GFLOPs: 112.7433
2026-04-07 12:35:19 [INFO] [task_scheduler.cc:137] [Task #0: main] Trial #70: GFLOPs: 26.1481. Time: 23098.4222 us. Best GFLOPs: 112.7433
2026-04-07 12:35:19 [INFO] [task_scheduler.cc:137] [Task #0: main] Trial #71: GFLOPs: 43.8710. Time: 13767.1637 us. Best GFLOPs: 112.7433
2026-04-07 12:35:19 [INFO] [task_scheduler.cc:137] [Task #0: main] Trial #72: GFLOPs: 33.2593. Time: 18159.7499 us. Best GFLOPs: 112.7433
2026-04-07 12:35:19 [INFO] [task_scheduler.cc:137] [Task #0: main] Trial #73: GFLOPs: 16.1329. Time: 37437.7750 us. Best GFLOPs: 112.7433
2026-04-07 12:35:19 [INFO] [task_scheduler.cc:137] [Task #0: main] Trial #74: GFLOPs: 82.8634. Time: 7288.8594 us. Best GFLOPs: 112.7433
2026-04-07 12:35:19 [INFO] [task_scheduler.cc:137] [Task #0: main] Trial #75: GFLOPs: 33.9768. Time: 17776.2400 us. Best GFLOPs: 112.7433
2026-04-07 12:35:19 [INFO] [task_scheduler.cc:137] [Task #0: main] Trial #76: GFLOPs: 9.8680. Time: 61205.9050 us. Best GFLOPs: 112.7433
2026-04-07 12:35:19 [INFO] [task_scheduler.cc:137] [Task #0: main] Trial #77: GFLOPs: 51.2494. Time: 11785.1098 us. Best GFLOPs: 112.7433
2026-04-07 12:35:19 [INFO] [task_scheduler.cc:137] [Task #0: main] Trial #78: GFLOPs: 27.3058. Time: 22119.1063 us. Best GFLOPs: 112.7433
2026-04-07 12:35:19 [INFO] [task_scheduler.cc:137] [Task #0: main] Trial #79: GFLOPs: 23.1050. Time: 26140.6658 us. Best GFLOPs: 112.7433
2026-04-07 12:35:19 [INFO] [task_scheduler.cc:137] [Task #0: main] Trial #80: GFLOPs: 4.6362. Time: 130274.1508 us. Best GFLOPs: 112.7433
2026-04-07 12:35:19 [INFO] [task_scheduler.cc:137] [Task #0: main] Trial #81: GFLOPs: 18.6513. Time: 32382.6708 us. Best GFLOPs: 112.7433
2026-04-07 12:35:19 [INFO] [task_scheduler.cc:137] [Task #0: main] Trial #82: GFLOPs: 31.9329. Time: 18914.0470 us. Best GFLOPs: 112.7433
2026-04-07 12:35:19 [INFO] [task_scheduler.cc:137] [Task #0: main] Trial #83: GFLOPs: 17.5605. Time: 34394.3190 us. Best GFLOPs: 112.7433
2026-04-07 12:35:19 [INFO] [task_scheduler.cc:137] [Task #0: main] Trial #84: GFLOPs: 41.9349. Time: 14402.8119 us. Best GFLOPs: 112.7433
2026-04-07 12:35:19 [INFO] [task_scheduler.cc:137] [Task #0: main] Trial #85: GFLOPs: 47.3281. Time: 12761.5498 us. Best GFLOPs: 112.7433
2026-04-07 12:35:19 [INFO] [task_scheduler.cc:137] [Task #0: main] Trial #86: GFLOPs: 77.9619. Time: 7747.1148 us. Best GFLOPs: 112.7433
2026-04-07 12:35:19 [INFO] [task_scheduler.cc:137] [Task #0: main] Trial #87: GFLOPs: 11.8201. Time: 51097.7832 us. Best GFLOPs: 112.7433
2026-04-07 12:35:19 [INFO] [task_scheduler.cc:137] [Task #0: main] Trial #88: GFLOPs: 30.4628. Time: 19826.7850 us. Best GFLOPs: 112.7433
2026-04-07 12:35:19 [INFO] [task_scheduler.cc:137] [Task #0: main] Trial #89: GFLOPs: 31.8664. Time: 18953.5003 us. Best GFLOPs: 112.7433
2026-04-07 12:35:19 [INFO] [task_scheduler.cc:137] [Task #0: main] Trial #90: GFLOPs: 67.9804. Time: 8884.6162 us. Best GFLOPs: 112.7433
2026-04-07 12:35:19 [INFO] [task_scheduler.cc:137] [Task #0: main] Trial #91: GFLOPs: 44.1465. Time: 13681.2504 us. Best GFLOPs: 112.7433
2026-04-07 12:35:19 [INFO] [task_scheduler.cc:137] [Task #0: main] Trial #92: GFLOPs: 11.3446. Time: 53239.2570 us. Best GFLOPs: 112.7433
2026-04-07 12:35:19 [INFO] [task_scheduler.cc:137] [Task #0: main] Trial #93: GFLOPs: 91.4775. Time: 6602.4969 us. Best GFLOPs: 112.7433
2026-04-07 12:35:19 [INFO] [task_scheduler.cc:137] [Task #0: main] Trial #94: GFLOPs: 23.6413. Time: 25547.6058 us. Best GFLOPs: 112.7433
2026-04-07 12:35:19 [INFO] [task_scheduler.cc:137] [Task #0: main] Trial #95: GFLOPs: 44.3992. Time: 13603.3831 us. Best GFLOPs: 112.7433
2026-04-07 12:35:19 [INFO] [task_scheduler.cc:137] [Task #0: main] Trial #96: GFLOPs: 18.2196. Time: 33150.0548 us. Best GFLOPs: 112.7433
2026-04-07 12:35:19 [INFO] [task_scheduler.cc:137] [Task #0: main] Trial #97: GFLOPs: 20.8674. Time: 28943.7626 us. Best GFLOPs: 112.7433
2026-04-07 12:35:19 [INFO] [task_scheduler.cc:137] [Task #0: main] Trial #98: GFLOPs: 38.3962. Time: 15730.1920 us. Best GFLOPs: 112.7433
2026-04-07 12:35:19 [INFO] [task_scheduler.cc:137] [Task #0: main] Trial #99: GFLOPs: 44.6338. Time: 13531.8795 us. Best GFLOPs: 112.7433
2026-04-07 12:35:19 [INFO] [task_scheduler.cc:137] [Task #0: main] Trial #100: GFLOPs: 17.0907. Time: 35339.7748 us. Best GFLOPs: 112.7433
2026-04-07 12:35:19 [INFO] [task_scheduler.cc:137] [Task #0: main] Trial #101: GFLOPs: 89.5772. Time: 6742.5617 us. Best GFLOPs: 112.7433
2026-04-07 12:35:19 [INFO] [task_scheduler.cc:137] [Task #0: main] Trial #102: GFLOPs: 17.8548. Time: 33827.3526 us. Best GFLOPs: 112.7433
2026-04-07 12:35:19 [INFO] [task_scheduler.cc:137] [Task #0: main] Trial #103: GFLOPs: 23.1006. Time: 26145.5824 us. Best GFLOPs: 112.7433
2026-04-07 12:35:19 [INFO] [task_scheduler.cc:137] [Task #0: main] Trial #104: GFLOPs: 29.1543. Time: 20716.6652 us. Best GFLOPs: 112.7433
2026-04-07 12:35:19 [INFO] [task_scheduler.cc:137] [Task #0: main] Trial #105: GFLOPs: 24.3995. Time: 24753.7366 us. Best GFLOPs: 112.7433
2026-04-07 12:35:19 [INFO] [task_scheduler.cc:137] [Task #0: main] Trial #106: GFLOPs: 21.8040. Time: 27700.4606 us. Best GFLOPs: 112.7433
2026-04-07 12:35:19 [INFO] [task_scheduler.cc:137] [Task #0: main] Trial #107: GFLOPs: 75.7153. Time: 7976.9892 us. Best GFLOPs: 112.7433
2026-04-07 12:35:19 [INFO] [task_scheduler.cc:137] [Task #0: main] Trial #108: GFLOPs: 19.8998. Time: 30351.0632 us. Best GFLOPs: 112.7433
2026-04-07 12:35:19 [INFO] [task_scheduler.cc:137] [Task #0: main] Trial #109: GFLOPs: 73.0931. Time: 8263.1520 us. Best GFLOPs: 112.7433
2026-04-07 12:35:19 [INFO] [task_scheduler.cc:137] [Task #0: main] Trial #110: GFLOPs: 6.0303. Time: 100157.6018 us. Best GFLOPs: 112.7433
2026-04-07 12:35:19 [INFO] [task_scheduler.cc:137] [Task #0: main] Trial #111: GFLOPs: 55.2193. Time: 10937.8431 us. Best GFLOPs: 112.7433
2026-04-07 12:35:19 [INFO] [task_scheduler.cc:137] [Task #0: main] Trial #112: GFLOPs: 40.2014. Time: 15023.8591 us. Best GFLOPs: 112.7433
2026-04-07 12:35:19 [INFO] [task_scheduler.cc:137] [Task #0: main] Trial #113: GFLOPs: 25.6917. Time: 23508.7731 us. Best GFLOPs: 112.7433
2026-04-07 12:35:19 [INFO] [task_scheduler.cc:137] [Task #0: main] Trial #114: GFLOPs: 75.4614. Time: 8003.8243 us. Best GFLOPs: 112.7433
2026-04-07 12:35:19 [INFO] [task_scheduler.cc:137] [Task #0: main] Trial #115: GFLOPs: 8.7560. Time: 68978.7672 us. Best GFLOPs: 112.7433
2026-04-07 12:35:19 [INFO] [task_scheduler.cc:137] [Task #0: main] Trial #116: GFLOPs: 50.1674. Time: 12039.2955 us. Best GFLOPs: 112.7433
2026-04-07 12:35:19 [INFO] [task_scheduler.cc:137] [Task #0: main] Trial #117: GFLOPs: 23.1856. Time: 26049.7474 us. Best GFLOPs: 112.7433
2026-04-07 12:35:19 [INFO] [task_scheduler.cc:137] [Task #0: main] Trial #118: GFLOPs: 23.2830. Time: 25940.7858 us. Best GFLOPs: 112.7433
2026-04-07 12:35:19 [INFO] [task_scheduler.cc:137] [Task #0: main] Trial #119: GFLOPs: 41.8555. Time: 14430.1202 us. Best GFLOPs: 112.7433
2026-04-07 12:35:19 [INFO] [task_scheduler.cc:137] [Task #0: main] Trial #120: GFLOPs: 69.2671. Time: 8719.5724 us. Best GFLOPs: 112.7433
2026-04-07 12:35:19 [INFO] [task_scheduler.cc:137] [Task #0: main] Trial #121: GFLOPs: 40.2157. Time: 15018.4919 us. Best GFLOPs: 112.7433
2026-04-07 12:35:19 [INFO] [task_scheduler.cc:137] [Task #0: main] Trial #122: GFLOPs: 62.4532. Time: 9670.9231 us. Best GFLOPs: 112.7433
2026-04-07 12:35:19 [INFO] [task_scheduler.cc:137] [Task #0: main] Trial #123: GFLOPs: 69.9726. Time: 8631.6658 us. Best GFLOPs: 112.7433
2026-04-07 12:35:19 [INFO] [task_scheduler.cc:137] [Task #0: main] Trial #124: GFLOPs: 9.3103. Time: 64872.1052 us. Best GFLOPs: 112.7433
2026-04-07 12:35:19 [INFO] [task_scheduler.cc:137] [Task #0: main] Trial #125: GFLOPs: 8.1970. Time: 73683.1856 us. Best GFLOPs: 112.7433
2026-04-07 12:35:19 [INFO] [task_scheduler.cc:137] [Task #0: main] Trial #126: GFLOPs: 78.3373. Time: 7709.9926 us. Best GFLOPs: 112.7433
2026-04-07 12:35:19 [INFO] [task_scheduler.cc:137] [Task #0: main] Trial #127: GFLOPs: 15.9057. Time: 37972.4786 us. Best GFLOPs: 112.7433
2026-04-07 12:35:19 [INFO] [task_scheduler.cc:137] [Task #0: main] Trial #128: GFLOPs: 78.3444. Time: 7709.2890 us. Best GFLOPs: 112.7433
2026-04-07 12:35:19 [INFO] [evolutionary_search.cc:711] Generating candidates......
2026-04-07 12:35:19 [INFO] [evolutionary_search.cc:713] Picked top 91 candidate(s) from database
2026-04-07 12:35:19 [INFO] [evolutionary_search.cc:530] Sample-Init-Population summary:
Postproc #0 [meta_schedule.DisallowDynamicLoop(0x5bdf3ba37f68)]: 0 failure(s)
Postproc #1 [meta_schedule.RewriteParallelVectorizeUnroll(0x5bdf3b443b98)]: 0 failure(s)
Postproc #2 [meta_schedule.RewriteReductionBlock(0x5bdf398745c8)]: 0 failure(s)
Postproc #3 [meta_schedule.RewriteLayout(0x5bdf3b9bcdd8)]: 0 failure(s)
2026-04-07 12:35:19 [INFO] [evolutionary_search.cc:721] Sampled 366 candidate(s)
2026-04-07 12:35:20 [INFO] [evolutionary_search.cc:619] Evolve iter #0 done. Summary:
Postproc #0 [meta_schedule.DisallowDynamicLoop(0x5bdf3ba37f68)]: 0 failure(s)
Postproc #1 [meta_schedule.RewriteParallelVectorizeUnroll(0x5bdf3b443b98)]: 0 failure(s)
Postproc #2 [meta_schedule.RewriteReductionBlock(0x5bdf398745c8)]: 0 failure(s)
Postproc #3 [meta_schedule.RewriteLayout(0x5bdf3b9bcdd8)]: 0 failure(s)
2026-04-07 12:35:20 [INFO] [evolutionary_search.cc:619] Evolve iter #1 done. Summary:
Postproc #0 [meta_schedule.DisallowDynamicLoop(0x5bdf3ba37f68)]: 0 failure(s)
Postproc #1 [meta_schedule.RewriteParallelVectorizeUnroll(0x5bdf3b443b98)]: 0 failure(s)
Postproc #2 [meta_schedule.RewriteReductionBlock(0x5bdf398745c8)]: 0 failure(s)
Postproc #3 [meta_schedule.RewriteLayout(0x5bdf3b9bcdd8)]: 0 failure(s)
2026-04-07 12:35:21 [INFO] [evolutionary_search.cc:619] Evolve iter #2 done. Summary:
Postproc #0 [meta_schedule.DisallowDynamicLoop(0x5bdf3ba37f68)]: 0 failure(s)
Postproc #1 [meta_schedule.RewriteParallelVectorizeUnroll(0x5bdf3b443b98)]: 0 failure(s)
Postproc #2 [meta_schedule.RewriteReductionBlock(0x5bdf398745c8)]: 0 failure(s)
Postproc #3 [meta_schedule.RewriteLayout(0x5bdf3b9bcdd8)]: 0 failure(s)
2026-04-07 12:35:22 [INFO] [evolutionary_search.cc:647] Scores of the best 64 candidates:
[1 : 16]:	0.8580  0.8495  0.8495  0.8097  0.7684  0.7661  0.7646  0.7646  0.7626  0.7593  0.7499  0.7493  0.7465  0.7464  0.7453  0.7378
[17 : 32]:	0.7310  0.7310  0.7310  0.7296  0.7292  0.7287  0.7287  0.7280  0.7264  0.7264  0.7223  0.7212  0.7185  0.7175  0.7151  0.7134
[33 : 48]:	0.7124  0.7124  0.7101  0.7092  0.7032  0.7032  0.7032  0.7032  0.7018  0.7018  0.6987  0.6976  0.6970  0.6955  0.6955  0.6897
[49 : 64]:	0.6897  0.6895  0.6808  0.6798  0.6768  0.6760  0.6753  0.6729  0.6719  0.6715  0.6712  0.6703  0.6689  0.6689  0.6689  0.6663
2026-04-07 12:35:22 [INFO] [evolutionary_search.cc:725] Got 64 candidate(s) with evolutionary search
2026-04-07 12:35:22 [INFO] [evolutionary_search.cc:728] Sending 64 candidates(s) for measurement
2026-04-07 12:35:56 [INFO] [task_scheduler.cc:137] [Task #0: main] Trial #129: GFLOPs: 77.4362. Time: 7799.7119 us. Best GFLOPs: 112.7433
2026-04-07 12:35:56 [INFO] [task_scheduler.cc:137] [Task #0: main] Trial #130: GFLOPs: 97.5809. Time: 6189.5309 us. Best GFLOPs: 112.7433
2026-04-07 12:35:56 [INFO] [task_scheduler.cc:137] [Task #0: main] Trial #131: GFLOPs: 77.7052. Time: 7772.7098 us. Best GFLOPs: 112.7433
2026-04-07 12:35:56 [INFO] [task_scheduler.cc:137] [Task #0: main] Trial #132: GFLOPs: 38.4504. Time: 15708.0251 us. Best GFLOPs: 112.7433
2026-04-07 12:35:56 [INFO] [task_scheduler.cc:137] [Task #0: main] Trial #133: GFLOPs: 105.2042. Time: 5741.0256 us. Best GFLOPs: 112.7433
2026-04-07 12:35:56 [INFO] [task_scheduler.cc:137] [Task #0: main] Trial #134: GFLOPs: 102.1901. Time: 5910.3552 us. Best GFLOPs: 112.7433
2026-04-07 12:35:56 [INFO] [task_scheduler.cc:137] [Task #0: main] Trial #135: GFLOPs: 29.7219. Time: 20321.0192 us. Best GFLOPs: 112.7433
2026-04-07 12:35:56 [INFO] [task_scheduler.cc:137] [Task #0: main] Trial #136: GFLOPs: 37.3973. Time: 16150.3444 us. Best GFLOPs: 112.7433
2026-04-07 12:35:56 [INFO] [task_scheduler.cc:137] [Task #0: main] Trial #137: GFLOPs: 65.0947. Time: 9278.4817 us. Best GFLOPs: 112.7433
2026-04-07 12:35:56 [INFO] [task_scheduler.cc:137] [Task #0: main] Trial #138: GFLOPs: 69.9348. Time: 8636.3259 us. Best GFLOPs: 112.7433
2026-04-07 12:35:56 [INFO] [task_scheduler.cc:137] [Task #0: main] Trial #139: GFLOPs: 68.8159. Time: 8776.7537 us. Best GFLOPs: 112.7433
2026-04-07 12:35:56 [INFO] [task_scheduler.cc:137] [Task #0: main] Trial #140: GFLOPs: 107.8389. Time: 5600.7607 us. Best GFLOPs: 112.7433
2026-04-07 12:35:56 [INFO] [task_scheduler.cc:137] [Task #0: main] Trial #141: GFLOPs: 92.5071. Time: 6529.0071 us. Best GFLOPs: 112.7433
2026-04-07 12:35:56 [INFO] [task_scheduler.cc:137] [Task #0: main] Trial #142: GFLOPs: 16.9854. Time: 35558.7194 us. Best GFLOPs: 112.7433
2026-04-07 12:35:56 [INFO] [task_scheduler.cc:137] [Task #0: main] Trial #143: GFLOPs: 67.3098. Time: 8973.1296 us. Best GFLOPs: 112.7433
2026-04-07 12:35:56 [INFO] [task_scheduler.cc:137] [Task #0: main] Trial #144: GFLOPs: 20.9702. Time: 28801.8376 us. Best GFLOPs: 112.7433
2026-04-07 12:35:56 [INFO] [task_scheduler.cc:137] [Task #0: main] Trial #145: GFLOPs: 18.6965. Time: 32304.3716 us. Best GFLOPs: 112.7433
2026-04-07 12:35:56 [INFO] [task_scheduler.cc:137] [Task #0: main] Trial #146: GFLOPs: 28.7376. Time: 21017.0246 us. Best GFLOPs: 112.7433
2026-04-07 12:35:56 [INFO] [task_scheduler.cc:137] [Task #0: main] Trial #147: GFLOPs: 25.4928. Time: 23692.1926 us. Best GFLOPs: 112.7433
2026-04-07 12:35:56 [INFO] [task_scheduler.cc:137] [Task #0: main] Trial #148: GFLOPs: 24.0711. Time: 25091.4452 us. Best GFLOPs: 112.7433
2026-04-07 12:35:56 [INFO] [task_scheduler.cc:137] [Task #0: main] Trial #149: GFLOPs: 40.9355. Time: 14754.4104 us. Best GFLOPs: 112.7433
2026-04-07 12:35:56 [INFO] [task_scheduler.cc:137] [Task #0: main] Trial #150: GFLOPs: 34.1583. Time: 17681.7673 us. Best GFLOPs: 112.7433
2026-04-07 12:35:56 [INFO] [task_scheduler.cc:137] [Task #0: main] Trial #151: GFLOPs: 27.9175. Time: 21634.4126 us. Best GFLOPs: 112.7433
2026-04-07 12:35:56 [INFO] [task_scheduler.cc:137] [Task #0: main] Trial #152: GFLOPs: 106.0659. Time: 5694.3835 us. Best GFLOPs: 112.7433
2026-04-07 12:35:56 [INFO] [task_scheduler.cc:137] [Task #0: main] Trial #153: GFLOPs: 86.1675. Time: 7009.3697 us. Best GFLOPs: 112.7433
2026-04-07 12:35:56 [INFO] [task_scheduler.cc:137] [Task #0: main] Trial #154: GFLOPs: 84.4368. Time: 7153.0433 us. Best GFLOPs: 112.7433
2026-04-07 12:35:56 [INFO] [task_scheduler.cc:137] [Task #0: main] Trial #155: GFLOPs: 35.5891. Time: 16970.9217 us. Best GFLOPs: 112.7433
2026-04-07 12:35:56 [INFO] [task_scheduler.cc:137] [Task #0: main] Trial #156: GFLOPs: 63.1626. Time: 9562.2936 us. Best GFLOPs: 112.7433
2026-04-07 12:35:56 [INFO] [task_scheduler.cc:137] [Task #0: main] Trial #157: GFLOPs: 77.5879. Time: 7784.4544 us. Best GFLOPs: 112.7433
2026-04-07 12:35:56 [INFO] [task_scheduler.cc:137] [Task #0: main] Trial #158: GFLOPs: 83.3579. Time: 7245.6172 us. Best GFLOPs: 112.7433
2026-04-07 12:35:56 [INFO] [task_scheduler.cc:137] [Task #0: main] Trial #159: GFLOPs: 97.5084. Time: 6194.1297 us. Best GFLOPs: 112.7433
2026-04-07 12:35:56 [INFO] [task_scheduler.cc:137] [Task #0: main] Trial #160: GFLOPs: 17.5998. Time: 34317.4052 us. Best GFLOPs: 112.7433
2026-04-07 12:35:56 [INFO] [task_scheduler.cc:137] [Task #0: main] Trial #161: GFLOPs: 87.9756. Time: 6865.3124 us. Best GFLOPs: 112.7433
2026-04-07 12:35:56 [INFO] [task_scheduler.cc:137] [Task #0: main] Trial #162: GFLOPs: 93.7927. Time: 6439.5201 us. Best GFLOPs: 112.7433
2026-04-07 12:35:56 [INFO] [task_scheduler.cc:137] [Task #0: main] Trial #163: GFLOPs: 98.7928. Time: 6113.6042 us. Best GFLOPs: 112.7433
2026-04-07 12:35:56 [INFO] [task_scheduler.cc:137] [Task #0: main] Trial #164: GFLOPs: 17.3149. Time: 34882.1680 us. Best GFLOPs: 112.7433
2026-04-07 12:35:56 [INFO] [task_scheduler.cc:137] [Task #0: main] Trial #165: GFLOPs: 79.6516. Time: 7582.7657 us. Best GFLOPs: 112.7433
2026-04-07 12:35:56 [INFO] [task_scheduler.cc:137] [Task #0: main] Trial #166: GFLOPs: 95.0822. Time: 6352.1852 us. Best GFLOPs: 112.7433
2026-04-07 12:35:56 [INFO] [task_scheduler.cc:137] [Task #0: main] Trial #167: GFLOPs: 70.8488. Time: 8524.9152 us. Best GFLOPs: 112.7433
2026-04-07 12:35:56 [INFO] [task_scheduler.cc:137] [Task #0: main] Trial #168: GFLOPs: 82.2307. Time: 7344.9385 us. Best GFLOPs: 112.7433
2026-04-07 12:35:56 [INFO] [task_scheduler.cc:137] [Task #0: main] Trial #169: GFLOPs: 21.8207. Time: 27679.2664 us. Best GFLOPs: 112.7433
2026-04-07 12:35:56 [INFO] [task_scheduler.cc:137] [Task #0: main] Trial #170: GFLOPs: 30.3595. Time: 19894.2675 us. Best GFLOPs: 112.7433
2026-04-07 12:35:56 [INFO] [task_scheduler.cc:137] [Task #0: main] Trial #171: GFLOPs: 16.5376. Time: 36521.6140 us. Best GFLOPs: 112.7433
2026-04-07 12:35:56 [INFO] [task_scheduler.cc:137] [Task #0: main] Trial #172: GFLOPs: 58.5591. Time: 10314.0152 us. Best GFLOPs: 112.7433
2026-04-07 12:35:56 [INFO] [task_scheduler.cc:137] [Task #0: main] Trial #173: GFLOPs: 91.3072. Time: 6614.8101 us. Best GFLOPs: 112.7433
2026-04-07 12:35:56 [INFO] [task_scheduler.cc:137] [Task #0: main] Trial #174: GFLOPs: 104.4362. Time: 5783.2437 us. Best GFLOPs: 112.7433
2026-04-07 12:35:56 [INFO] [task_scheduler.cc:137] [Task #0: main] Trial #175: GFLOPs: 91.0759. Time: 6631.6071 us. Best GFLOPs: 112.7433
2026-04-07 12:35:56 [INFO] [task_scheduler.cc:137] [Task #0: main] Trial #176: GFLOPs: 77.2984. Time: 7813.6138 us. Best GFLOPs: 112.7433
2026-04-07 12:35:56 [INFO] [task_scheduler.cc:137] [Task #0: main] Trial #177: GFLOPs: 74.2700. Time: 8132.2212 us. Best GFLOPs: 112.7433
2026-04-07 12:35:56 [INFO] [task_scheduler.cc:137] [Task #0: main] Trial #178: GFLOPs: 89.9180. Time: 6717.0096 us. Best GFLOPs: 112.7433
2026-04-07 12:35:56 [INFO] [task_scheduler.cc:137] [Task #0: main] Trial #179: GFLOPs: 70.4786. Time: 8569.6858 us. Best GFLOPs: 112.7433
2026-04-07 12:35:56 [INFO] [task_scheduler.cc:137] [Task #0: main] Trial #180: GFLOPs: 84.4834. Time: 7149.0979 us. Best GFLOPs: 112.7433
2026-04-07 12:35:56 [INFO] [task_scheduler.cc:137] [Task #0: main] Trial #181: GFLOPs: 33.6465. Time: 17950.7527 us. Best GFLOPs: 112.7433
2026-04-07 12:35:56 [INFO] [task_scheduler.cc:137] [Task #0: main] Trial #182: GFLOPs: 16.1923. Time: 37300.4356 us. Best GFLOPs: 112.7433
2026-04-07 12:35:56 [INFO] [task_scheduler.cc:137] [Task #0: main] Trial #183: GFLOPs: 83.0294. Time: 7274.2876 us. Best GFLOPs: 112.7433
2026-04-07 12:35:56 [INFO] [task_scheduler.cc:137] [Task #0: main] Trial #184: GFLOPs: 55.4126. Time: 10899.6920 us. Best GFLOPs: 112.7433
2026-04-07 12:35:56 [INFO] [task_scheduler.cc:137] [Task #0: main] Trial #185: GFLOPs: 37.1567. Time: 16254.9166 us. Best GFLOPs: 112.7433
2026-04-07 12:35:56 [INFO] [task_scheduler.cc:137] [Task #0: main] Trial #186: GFLOPs: 54.9426. Time: 10992.9139 us. Best GFLOPs: 112.7433
2026-04-07 12:35:56 [INFO] [task_scheduler.cc:137] [Task #0: main] Trial #187: GFLOPs: 79.9118. Time: 7558.0815 us. Best GFLOPs: 112.7433
2026-04-07 12:35:56 [INFO] [task_scheduler.cc:137] [Task #0: main] Trial #188: GFLOPs: 30.2348. Time: 19976.2996 us. Best GFLOPs: 112.7433
2026-04-07 12:35:56 [INFO] [task_scheduler.cc:137] [Task #0: main] Trial #189: GFLOPs: 5.1093. Time: 118212.5030 us. Best GFLOPs: 112.7433
2026-04-07 12:35:56 [INFO] [task_scheduler.cc:137] [Task #0: main] Trial #190: GFLOPs: 47.7261. Time: 12655.1374 us. Best GFLOPs: 112.7433
2026-04-07 12:35:56 [INFO] [task_scheduler.cc:137] [Task #0: main] Trial #191: GFLOPs: 36.4046. Time: 16590.7418 us. Best GFLOPs: 112.7433
2026-04-07 12:35:56 [INFO] [task_scheduler.cc:137] [Task #0: main] Trial #192: GFLOPs: 70.0332. Time: 8624.1875 us. Best GFLOPs: 112.7433
2026-04-07 12:35:56 [INFO] [evolutionary_search.cc:711] Generating candidates......
2026-04-07 12:35:57 [INFO] [evolutionary_search.cc:713] Picked top 91 candidate(s) from database
2026-04-07 12:35:57 [INFO] [evolutionary_search.cc:530] Sample-Init-Population summary:
Postproc #0 [meta_schedule.DisallowDynamicLoop(0x5bdf3ba37f68)]: 0 failure(s)
Postproc #1 [meta_schedule.RewriteParallelVectorizeUnroll(0x5bdf3b443b98)]: 0 failure(s)
Postproc #2 [meta_schedule.RewriteReductionBlock(0x5bdf398745c8)]: 0 failure(s)
Postproc #3 [meta_schedule.RewriteLayout(0x5bdf3b9bcdd8)]: 0 failure(s)
2026-04-07 12:35:57 [INFO] [evolutionary_search.cc:721] Sampled 366 candidate(s)
2026-04-07 12:35:58 [INFO] [evolutionary_search.cc:619] Evolve iter #0 done. Summary:
Postproc #0 [meta_schedule.DisallowDynamicLoop(0x5bdf3ba37f68)]: 0 failure(s)
Postproc #1 [meta_schedule.RewriteParallelVectorizeUnroll(0x5bdf3b443b98)]: 0 failure(s)
Postproc #2 [meta_schedule.RewriteReductionBlock(0x5bdf398745c8)]: 0 failure(s)
Postproc #3 [meta_schedule.RewriteLayout(0x5bdf3b9bcdd8)]: 0 failure(s)
2026-04-07 12:35:58 [INFO] [evolutionary_search.cc:619] Evolve iter #1 done. Summary:
Postproc #0 [meta_schedule.DisallowDynamicLoop(0x5bdf3ba37f68)]: 0 failure(s)
Postproc #1 [meta_schedule.RewriteParallelVectorizeUnroll(0x5bdf3b443b98)]: 0 failure(s)
Postproc #2 [meta_schedule.RewriteReductionBlock(0x5bdf398745c8)]: 0 failure(s)
Postproc #3 [meta_schedule.RewriteLayout(0x5bdf3b9bcdd8)]: 0 failure(s)
2026-04-07 12:35:59 [INFO] [evolutionary_search.cc:619] Evolve iter #2 done. Summary:
Postproc #0 [meta_schedule.DisallowDynamicLoop(0x5bdf3ba37f68)]: 0 failure(s)
Postproc #1 [meta_schedule.RewriteParallelVectorizeUnroll(0x5bdf3b443b98)]: 0 failure(s)
Postproc #2 [meta_schedule.RewriteReductionBlock(0x5bdf398745c8)]: 0 failure(s)
Postproc #3 [meta_schedule.RewriteLayout(0x5bdf3b9bcdd8)]: 0 failure(s)
2026-04-07 12:36:00 [INFO] [evolutionary_search.cc:647] Scores of the best 64 candidates:
[1 : 16]:	0.9489  0.9262  0.9184  0.9034  0.8984  0.8949  0.8909  0.8909  0.8848  0.8813  0.8813  0.8655  0.8591  0.8563  0.8471  0.8420
[17 : 32]:	0.8410  0.8351  0.8340  0.8311  0.8284  0.8260  0.8227  0.8165  0.8152  0.8065  0.8045  0.8015  0.8015  0.8014  0.8014  0.8012
[33 : 48]:	0.8008  0.8007  0.7987  0.7981  0.7959  0.7959  0.7959  0.7910  0.7884  0.7877  0.7861  0.7846  0.7803  0.7795  0.7762  0.7739
[49 : 64]:	0.7727  0.7727  0.7709  0.7709  0.7709  0.7705  0.7694  0.7667  0.7666  0.7633  0.7631  0.7624  0.7622  0.7612  0.7604  0.7603
2026-04-07 12:36:00 [INFO] [evolutionary_search.cc:725] Got 64 candidate(s) with evolutionary search
2026-04-07 12:36:00 [INFO] [evolutionary_search.cc:728] Sending 64 candidates(s) for measurement
2026-04-07 12:36:33 [INFO] [task_scheduler.cc:137] [Task #0: main] Trial #193: GFLOPs: 96.1923. Time: 6278.8766 us. Best GFLOPs: 112.7433
2026-04-07 12:36:33 [INFO] [task_scheduler.cc:137] [Task #0: main] Trial #194: GFLOPs: 110.0826. Time: 5486.6065 us. Best GFLOPs: 112.7433
2026-04-07 12:36:33 [INFO] [task_scheduler.cc:137] [Task #0: main] Trial #195: GFLOPs: 107.5700. Time: 5614.7622 us. Best GFLOPs: 112.7433
2026-04-07 12:36:33 [INFO] [task_scheduler.cc:137] [Task #0: main] Trial #196: GFLOPs: 102.1302. Time: 5913.8188 us. Best GFLOPs: 112.7433
2026-04-07 12:36:33 [INFO] [task_scheduler.cc:137] [Task #0: main] Trial #197: GFLOPs: 106.0632. Time: 5694.5267 us. Best GFLOPs: 112.7433
2026-04-07 12:36:33 [INFO] [task_scheduler.cc:137] [Task #0: main] Trial #198: GFLOPs: 80.1168. Time: 7538.7435 us. Best GFLOPs: 112.7433
2026-04-07 12:36:33 [INFO] [task_scheduler.cc:137] [Task #0: main] Trial #199: GFLOPs: 93.0661. Time: 6489.7935 us. Best GFLOPs: 112.7433
2026-04-07 12:36:33 [INFO] [task_scheduler.cc:137] [Task #0: main] Trial #200: GFLOPs: 102.5906. Time: 5887.2800 us. Best GFLOPs: 112.7433
2026-04-07 12:36:33 [INFO] [task_scheduler.cc:137] [Task #0: main] Trial #201: GFLOPs: 54.3407. Time: 11114.6909 us. Best GFLOPs: 112.7433
2026-04-07 12:36:33 [INFO] [task_scheduler.cc:137] [Task #0: main] Trial #202: GFLOPs: 77.8157. Time: 7761.6712 us. Best GFLOPs: 112.7433
2026-04-07 12:36:33 [INFO] [task_scheduler.cc:137] [Task #0: main] Trial #203: GFLOPs: 68.7015. Time: 8791.3666 us. Best GFLOPs: 112.7433
2026-04-07 12:36:33 [INFO] [task_scheduler.cc:137] [Task #0: main] Trial #204: GFLOPs: 88.7217. Time: 6807.5773 us. Best GFLOPs: 112.7433
2026-04-07 12:36:33 [INFO] [task_scheduler.cc:137] [Task #0: main] Trial #205: GFLOPs: 91.4579. Time: 6603.9104 us. Best GFLOPs: 112.7433
2026-04-07 12:36:33 [INFO] [task_scheduler.cc:137] [Task #0: main] Trial #206: GFLOPs: 80.3672. Time: 7515.2529 us. Best GFLOPs: 112.7433
2026-04-07 12:36:33 [INFO] [task_scheduler.cc:137] [Task #0: main] Trial #207: GFLOPs: 85.0748. Time: 7099.3994 us. Best GFLOPs: 112.7433
2026-04-07 12:36:33 [INFO] [task_scheduler.cc:137] [Task #0: main] Trial #208: GFLOPs: 100.9431. Time: 5983.3712 us. Best GFLOPs: 112.7433
2026-04-07 12:36:33 [INFO] [task_scheduler.cc:137] [Task #0: main] Trial #209: GFLOPs: 73.2230. Time: 8248.4982 us. Best GFLOPs: 112.7433
2026-04-07 12:36:33 [INFO] [task_scheduler.cc:137] [Task #0: main] Trial #210: GFLOPs: 76.5945. Time: 7885.4215 us. Best GFLOPs: 112.7433
2026-04-07 12:36:33 [INFO] [task_scheduler.cc:137] [Task #0: main] Trial #211: GFLOPs: 90.5434. Time: 6670.6124 us. Best GFLOPs: 112.7433
2026-04-07 12:36:33 [INFO] [task_scheduler.cc:137] [Task #0: main] Trial #212: GFLOPs: 81.7494. Time: 7388.1872 us. Best GFLOPs: 112.7433
2026-04-07 12:36:33 [INFO] [task_scheduler.cc:137] [Task #0: main] Trial #213: GFLOPs: 71.5659. Time: 8439.4926 us. Best GFLOPs: 112.7433
2026-04-07 12:36:33 [INFO] [task_scheduler.cc:137] [Task #0: main] Trial #214: GFLOPs: 92.3576. Time: 6539.5794 us. Best GFLOPs: 112.7433
2026-04-07 12:36:33 [INFO] [task_scheduler.cc:137] [Task #0: main] Trial #215: GFLOPs: 93.7353. Time: 6443.4608 us. Best GFLOPs: 112.7433
2026-04-07 12:36:33 [INFO] [task_scheduler.cc:137] [Task #0: main] Trial #216: GFLOPs: 74.9455. Time: 8058.9156 us. Best GFLOPs: 112.7433
2026-04-07 12:36:33 [INFO] [task_scheduler.cc:137] [Task #0: main] Trial #217: GFLOPs: 50.6327. Time: 11928.6583 us. Best GFLOPs: 112.7433
2026-04-07 12:36:33 [INFO] [task_scheduler.cc:137] [Task #0: main] Trial #218: GFLOPs: 80.2614. Time: 7525.1560 us. Best GFLOPs: 112.7433
2026-04-07 12:36:33 [INFO] [task_scheduler.cc:137] [Task #0: main] Trial #219: GFLOPs: 85.3925. Time: 7072.9818 us. Best GFLOPs: 112.7433
2026-04-07 12:36:33 [INFO] [task_scheduler.cc:137] [Task #0: main] Trial #220: GFLOPs: 97.0506. Time: 6223.3487 us. Best GFLOPs: 112.7433
2026-04-07 12:36:33 [INFO] [task_scheduler.cc:137] [Task #0: main] Trial #221: GFLOPs: 97.5572. Time: 6191.0351 us. Best GFLOPs: 112.7433
2026-04-07 12:36:33 [INFO] [task_scheduler.cc:137] [Task #0: main] Trial #222: GFLOPs: 70.1642. Time: 8608.0899 us. Best GFLOPs: 112.7433
2026-04-07 12:36:33 [INFO] [task_scheduler.cc:137] [Task #0: main] Trial #223: GFLOPs: 69.7833. Time: 8655.0731 us. Best GFLOPs: 112.7433
2026-04-07 12:36:33 [INFO] [task_scheduler.cc:137] [Task #0: main] Trial #224: GFLOPs: 54.0369. Time: 11177.1766 us. Best GFLOPs: 112.7433
2026-04-07 12:36:33 [INFO] [task_scheduler.cc:137] [Task #0: main] Trial #225: GFLOPs: 86.3733. Time: 6992.6661 us. Best GFLOPs: 112.7433
2026-04-07 12:36:33 [INFO] [task_scheduler.cc:137] [Task #0: main] Trial #226: GFLOPs: 30.7688. Time: 19629.6080 us. Best GFLOPs: 112.7433
2026-04-07 12:36:33 [INFO] [task_scheduler.cc:137] [Task #0: main] Trial #227: GFLOPs: 77.9466. Time: 7748.6322 us. Best GFLOPs: 112.7433
2026-04-07 12:36:33 [INFO] [task_scheduler.cc:137] [Task #0: main] Trial #228: GFLOPs: 73.9607. Time: 8166.2208 us. Best GFLOPs: 112.7433
2026-04-07 12:36:33 [INFO] [task_scheduler.cc:137] [Task #0: main] Trial #229: GFLOPs: 64.6702. Time: 9339.3828 us. Best GFLOPs: 112.7433
2026-04-07 12:36:33 [INFO] [task_scheduler.cc:137] [Task #0: main] Trial #230: GFLOPs: 58.7178. Time: 10286.1448 us. Best GFLOPs: 112.7433
2026-04-07 12:36:33 [INFO] [task_scheduler.cc:137] [Task #0: main] Trial #231: GFLOPs: 61.8787. Time: 9760.7097 us. Best GFLOPs: 112.7433
2026-04-07 12:36:33 [INFO] [task_scheduler.cc:137] [Task #0: main] Trial #232: GFLOPs: 96.2511. Time: 6275.0456 us. Best GFLOPs: 112.7433
2026-04-07 12:36:33 [INFO] [task_scheduler.cc:137] [Task #0: main] Trial #233: GFLOPs: 89.3323. Time: 6761.0489 us. Best GFLOPs: 112.7433
2026-04-07 12:36:33 [INFO] [task_scheduler.cc:137] [Task #0: main] Trial #234: GFLOPs: 95.8786. Time: 6299.4214 us. Best GFLOPs: 112.7433
2026-04-07 12:36:33 [INFO] [task_scheduler.cc:137] [Task #0: main] Trial #235: GFLOPs: 108.8066. Time: 5550.9454 us. Best GFLOPs: 112.7433
2026-04-07 12:36:33 [INFO] [task_scheduler.cc:137] [Task #0: main] Trial #236: GFLOPs: 87.0223. Time: 6940.5181 us. Best GFLOPs: 112.7433
2026-04-07 12:36:33 [INFO] [task_scheduler.cc:137] [Task #0: main] Trial #237: GFLOPs: 75.5455. Time: 7994.9120 us. Best GFLOPs: 112.7433
2026-04-07 12:36:33 [INFO] [task_scheduler.cc:137] [Task #0: main] Trial #238: GFLOPs: 83.1958. Time: 7259.7423 us. Best GFLOPs: 112.7433
2026-04-07 12:36:33 [INFO] [task_scheduler.cc:137] [Task #0: main] Trial #239: GFLOPs: 88.5243. Time: 6822.7531 us. Best GFLOPs: 112.7433
2026-04-07 12:36:33 [INFO] [task_scheduler.cc:137] [Task #0: main] Trial #240: GFLOPs: 81.1973. Time: 7438.4183 us. Best GFLOPs: 112.7433
2026-04-07 12:36:33 [INFO] [task_scheduler.cc:137] [Task #0: main] Trial #241: GFLOPs: 67.1950. Time: 8988.4586 us. Best GFLOPs: 112.7433
2026-04-07 12:36:33 [INFO] [task_scheduler.cc:137] [Task #0: main] Trial #242: GFLOPs: 73.2113. Time: 8249.8204 us. Best GFLOPs: 112.7433
2026-04-07 12:36:33 [INFO] [task_scheduler.cc:137] [Task #0: main] Trial #243: GFLOPs: 53.0553. Time: 11383.9687 us. Best GFLOPs: 112.7433
2026-04-07 12:36:33 [INFO] [task_scheduler.cc:137] [Task #0: main] Trial #244: GFLOPs: 45.5207. Time: 13268.2331 us. Best GFLOPs: 112.7433
2026-04-07 12:36:33 [INFO] [task_scheduler.cc:137] [Task #0: main] Trial #245: GFLOPs: 58.5412. Time: 10317.1678 us. Best GFLOPs: 112.7433
2026-04-07 12:36:33 [INFO] [task_scheduler.cc:137] [Task #0: main] Trial #246: GFLOPs: 65.5756. Time: 9210.4313 us. Best GFLOPs: 112.7433
2026-04-07 12:36:33 [INFO] [task_scheduler.cc:137] [Task #0: main] Trial #247: GFLOPs: 74.6502. Time: 8090.7963 us. Best GFLOPs: 112.7433
2026-04-07 12:36:33 [INFO] [task_scheduler.cc:137] [Task #0: main] Trial #248: GFLOPs: 87.9084. Time: 6870.5577 us. Best GFLOPs: 112.7433
2026-04-07 12:36:33 [INFO] [task_scheduler.cc:137] [Task #0: main] Trial #249: GFLOPs: 81.5811. Time: 7403.4302 us. Best GFLOPs: 112.7433
2026-04-07 12:36:33 [INFO] [task_scheduler.cc:137] [Task #0: main] Trial #250: GFLOPs: 99.6445. Time: 6061.3434 us. Best GFLOPs: 112.7433
2026-04-07 12:36:33 [INFO] [task_scheduler.cc:137] [Task #0: main] Trial #251: GFLOPs: 71.8101. Time: 8410.7895 us. Best GFLOPs: 112.7433
2026-04-07 12:36:33 [INFO] [task_scheduler.cc:137] [Task #0: main] Trial #252: GFLOPs: 28.3117. Time: 21333.2538 us. Best GFLOPs: 112.7433
2026-04-07 12:36:33 [INFO] [task_scheduler.cc:137] [Task #0: main] Trial #253: GFLOPs: 34.7147. Time: 17398.3885 us. Best GFLOPs: 112.7433
2026-04-07 12:36:33 [INFO] [task_scheduler.cc:137] [Task #0: main] Trial #254: GFLOPs: 28.3330. Time: 21317.1970 us. Best GFLOPs: 112.7433
2026-04-07 12:36:33 [INFO] [task_scheduler.cc:137] [Task #0: main] Trial #255: GFLOPs: 29.9129. Time: 20191.2844 us. Best GFLOPs: 112.7433
2026-04-07 12:36:33 [INFO] [task_scheduler.cc:137] [Task #0: main] Trial #256: GFLOPs: 9.8666. Time: 61214.4246 us. Best GFLOPs: 112.7433
2026-04-07 12:36:33 [INFO] [evolutionary_search.cc:711] Generating candidates......
2026-04-07 12:36:34 [INFO] [evolutionary_search.cc:713] Picked top 91 candidate(s) from database
2026-04-07 12:36:34 [INFO] [evolutionary_search.cc:530] Sample-Init-Population summary:
Postproc #0 [meta_schedule.DisallowDynamicLoop(0x5bdf3ba37f68)]: 0 failure(s)
Postproc #1 [meta_schedule.RewriteParallelVectorizeUnroll(0x5bdf3b443b98)]: 0 failure(s)
Postproc #2 [meta_schedule.RewriteReductionBlock(0x5bdf398745c8)]: 0 failure(s)
Postproc #3 [meta_schedule.RewriteLayout(0x5bdf3b9bcdd8)]: 0 failure(s)
2026-04-07 12:36:34 [INFO] [evolutionary_search.cc:721] Sampled 366 candidate(s)
2026-04-07 12:36:34 [INFO] [evolutionary_search.cc:619] Evolve iter #0 done. Summary:
Postproc #0 [meta_schedule.DisallowDynamicLoop(0x5bdf3ba37f68)]: 0 failure(s)
Postproc #1 [meta_schedule.RewriteParallelVectorizeUnroll(0x5bdf3b443b98)]: 0 failure(s)
Postproc #2 [meta_schedule.RewriteReductionBlock(0x5bdf398745c8)]: 0 failure(s)
Postproc #3 [meta_schedule.RewriteLayout(0x5bdf3b9bcdd8)]: 0 failure(s)
2026-04-07 12:36:35 [INFO] [evolutionary_search.cc:619] Evolve iter #1 done. Summary:
Postproc #0 [meta_schedule.DisallowDynamicLoop(0x5bdf3ba37f68)]: 0 failure(s)
Postproc #1 [meta_schedule.RewriteParallelVectorizeUnroll(0x5bdf3b443b98)]: 0 failure(s)
Postproc #2 [meta_schedule.RewriteReductionBlock(0x5bdf398745c8)]: 0 failure(s)
Postproc #3 [meta_schedule.RewriteLayout(0x5bdf3b9bcdd8)]: 0 failure(s)
2026-04-07 12:36:36 [INFO] [evolutionary_search.cc:619] Evolve iter #2 done. Summary:
Postproc #0 [meta_schedule.DisallowDynamicLoop(0x5bdf3ba37f68)]: 0 failure(s)
Postproc #1 [meta_schedule.RewriteParallelVectorizeUnroll(0x5bdf3b443b98)]: 0 failure(s)
Postproc #2 [meta_schedule.RewriteReductionBlock(0x5bdf398745c8)]: 0 failure(s)
Postproc #3 [meta_schedule.RewriteLayout(0x5bdf3b9bcdd8)]: 0 failure(s)
2026-04-07 12:36:37 [INFO] [evolutionary_search.cc:647] Scores of the best 48 candidates:
[1 : 16]:	0.9490  0.9345  0.9216  0.9166  0.9122  0.9121  0.9114  0.9081  0.9060  0.8974  0.8972  0.8920  0.8738  0.8701  0.8690  0.8670
[17 : 32]:	0.8615  0.8603  0.8580  0.8519  0.8437  0.8409  0.8386  0.8385  0.8378  0.8347  0.8346  0.8324  0.8324  0.8295  0.8293  0.8227
[33 : 48]:	0.8221  0.8208  0.8195  0.8090  0.8078  0.8064  0.8015  0.7985  0.7919  0.7910  0.7900  0.7883  0.7882  0.7875  0.7871  0.7871
2026-04-07 12:36:37 [INFO] [evolutionary_search.cc:725] Got 48 candidate(s) with evolutionary search
2026-04-07 12:36:37 [INFO] [evolutionary_search.cc:728] Sending 48 candidates(s) for measurement
2026-04-07 12:37:08 [INFO] [task_scheduler.cc:137] [Task #0: main] Trial #257: GFLOPs: 126.5765. Time: 4771.6578 us. Best GFLOPs: 126.5765
2026-04-07 12:37:08 [INFO] [task_scheduler.cc:137] [Task #0: main] Trial #258: GFLOPs: 93.4433. Time: 6463.5939 us. Best GFLOPs: 126.5765
2026-04-07 12:37:08 [INFO] [task_scheduler.cc:137] [Task #0: main] Trial #259: GFLOPs: 96.0656. Time: 6287.1617 us. Best GFLOPs: 126.5765
2026-04-07 12:37:08 [INFO] [task_scheduler.cc:137] [Task #0: main] Trial #260: GFLOPs: 114.4510. Time: 5277.1913 us. Best GFLOPs: 126.5765
2026-04-07 12:37:08 [INFO] [task_scheduler.cc:137] [Task #0: main] Trial #261: GFLOPs: 108.7148. Time: 5555.6373 us. Best GFLOPs: 126.5765
2026-04-07 12:37:08 [INFO] [task_scheduler.cc:137] [Task #0: main] Trial #262: GFLOPs: 116.5907. Time: 5180.3446 us. Best GFLOPs: 126.5765
2026-04-07 12:37:08 [INFO] [task_scheduler.cc:137] [Task #0: main] Trial #263: GFLOPs: 113.8432. Time: 5305.3642 us. Best GFLOPs: 126.5765
2026-04-07 12:37:08 [INFO] [task_scheduler.cc:137] [Task #0: main] Trial #264: GFLOPs: 117.5429. Time: 5138.3768 us. Best GFLOPs: 126.5765
2026-04-07 12:37:08 [INFO] [task_scheduler.cc:137] [Task #0: main] Trial #265: GFLOPs: 75.6782. Time: 7980.8986 us. Best GFLOPs: 126.5765
2026-04-07 12:37:08 [INFO] [task_scheduler.cc:137] [Task #0: main] Trial #266: GFLOPs: 79.6523. Time: 7582.7073 us. Best GFLOPs: 126.5765
2026-04-07 12:37:08 [INFO] [task_scheduler.cc:137] [Task #0: main] Trial #267: GFLOPs: 100.1915. Time: 6028.2519 us. Best GFLOPs: 126.5765
2026-04-07 12:37:08 [INFO] [task_scheduler.cc:137] [Task #0: main] Trial #268: GFLOPs: 125.5406. Time: 4811.0309 us. Best GFLOPs: 126.5765
2026-04-07 12:37:08 [INFO] [task_scheduler.cc:137] [Task #0: main] Trial #269: GFLOPs: 107.2700. Time: 5630.4622 us. Best GFLOPs: 126.5765
2026-04-07 12:37:08 [INFO] [task_scheduler.cc:137] [Task #0: main] Trial #270: GFLOPs: 111.8523. Time: 5399.7985 us. Best GFLOPs: 126.5765
2026-04-07 12:37:08 [INFO] [task_scheduler.cc:137] [Task #0: main] Trial #271: GFLOPs: 110.9859. Time: 5441.9496 us. Best GFLOPs: 126.5765
2026-04-07 12:37:08 [INFO] [task_scheduler.cc:137] [Task #0: main] Trial #272: GFLOPs: 112.0704. Time: 5389.2891 us. Best GFLOPs: 126.5765
2026-04-07 12:37:08 [INFO] [task_scheduler.cc:137] [Task #0: main] Trial #273: GFLOPs: 57.0183. Time: 10592.7382 us. Best GFLOPs: 126.5765
2026-04-07 12:37:08 [INFO] [task_scheduler.cc:137] [Task #0: main] Trial #274: GFLOPs: 105.9920. Time: 5698.3548 us. Best GFLOPs: 126.5765
2026-04-07 12:37:08 [INFO] [task_scheduler.cc:137] [Task #0: main] Trial #275: GFLOPs: 118.4869. Time: 5097.4388 us. Best GFLOPs: 126.5765
2026-04-07 12:37:08 [INFO] [task_scheduler.cc:137] [Task #0: main] Trial #276: GFLOPs: 118.2763. Time: 5106.5144 us. Best GFLOPs: 126.5765
2026-04-07 12:37:08 [INFO] [task_scheduler.cc:137] [Task #0: main] Trial #277: GFLOPs: 85.9643. Time: 7025.9381 us. Best GFLOPs: 126.5765
2026-04-07 12:37:08 [INFO] [task_scheduler.cc:137] [Task #0: main] Trial #278: GFLOPs: 70.1797. Time: 8606.1923 us. Best GFLOPs: 126.5765
2026-04-07 12:37:08 [INFO] [task_scheduler.cc:137] [Task #0: main] Trial #279: GFLOPs: 108.7008. Time: 5556.3489 us. Best GFLOPs: 126.5765
2026-04-07 12:37:08 [INFO] [task_scheduler.cc:137] [Task #0: main] Trial #280: GFLOPs: 76.4933. Time: 7895.8487 us. Best GFLOPs: 126.5765
2026-04-07 12:37:08 [INFO] [task_scheduler.cc:137] [Task #0: main] Trial #281: GFLOPs: 95.3930. Time: 6331.4895 us. Best GFLOPs: 126.5765
2026-04-07 12:37:08 [INFO] [task_scheduler.cc:137] [Task #0: main] Trial #282: GFLOPs: 67.5949. Time: 8935.2843 us. Best GFLOPs: 126.5765
2026-04-07 12:37:08 [INFO] [task_scheduler.cc:137] [Task #0: main] Trial #283: GFLOPs: 90.8361. Time: 6649.1167 us. Best GFLOPs: 126.5765
2026-04-07 12:37:08 [INFO] [task_scheduler.cc:137] [Task #0: main] Trial #284: GFLOPs: 68.0910. Time: 8870.1824 us. Best GFLOPs: 126.5765
2026-04-07 12:37:08 [INFO] [task_scheduler.cc:137] [Task #0: main] Trial #285: GFLOPs: 88.1951. Time: 6848.2260 us. Best GFLOPs: 126.5765
2026-04-07 12:37:08 [INFO] [task_scheduler.cc:137] [Task #0: main] Trial #286: GFLOPs: 76.6184. Time: 7882.9605 us. Best GFLOPs: 126.5765
2026-04-07 12:37:08 [INFO] [task_scheduler.cc:137] [Task #0: main] Trial #287: GFLOPs: 61.8727. Time: 9761.6599 us. Best GFLOPs: 126.5765
2026-04-07 12:37:08 [INFO] [task_scheduler.cc:137] [Task #0: main] Trial #288: GFLOPs: 69.8531. Time: 8646.4313 us. Best GFLOPs: 126.5765
2026-04-07 12:37:08 [INFO] [task_scheduler.cc:137] [Task #0: main] Trial #289: GFLOPs: 109.5588. Time: 5512.8347 us. Best GFLOPs: 126.5765
2026-04-07 12:37:08 [INFO] [task_scheduler.cc:137] [Task #0: main] Trial #290: GFLOPs: 97.5494. Time: 6191.5284 us. Best GFLOPs: 126.5765
2026-04-07 12:37:08 [INFO] [task_scheduler.cc:137] [Task #0: main] Trial #291: GFLOPs: 73.4770. Time: 8219.9815 us. Best GFLOPs: 126.5765
2026-04-07 12:37:08 [INFO] [task_scheduler.cc:137] [Task #0: main] Trial #292: GFLOPs: 81.6136. Time: 7400.4795 us. Best GFLOPs: 126.5765
2026-04-07 12:37:08 [INFO] [task_scheduler.cc:137] [Task #0: main] Trial #293: GFLOPs: 101.1750. Time: 5969.6523 us. Best GFLOPs: 126.5765
2026-04-07 12:37:08 [INFO] [task_scheduler.cc:137] [Task #0: main] Trial #294: GFLOPs: 72.5190. Time: 8328.5765 us. Best GFLOPs: 126.5765
2026-04-07 12:37:08 [INFO] [task_scheduler.cc:137] [Task #0: main] Trial #295: GFLOPs: 78.2051. Time: 7723.0211 us. Best GFLOPs: 126.5765
2026-04-07 12:37:08 [INFO] [task_scheduler.cc:137] [Task #0: main] Trial #296: GFLOPs: 84.8941. Time: 7114.5079 us. Best GFLOPs: 126.5765
2026-04-07 12:37:08 [INFO] [task_scheduler.cc:137] [Task #0: main] Trial #297: GFLOPs: 62.6118. Time: 9646.4200 us. Best GFLOPs: 126.5765
2026-04-07 12:37:08 [INFO] [task_scheduler.cc:137] [Task #0: main] Trial #298: GFLOPs: 94.5064. Time: 6390.8892 us. Best GFLOPs: 126.5765
2026-04-07 12:37:08 [INFO] [task_scheduler.cc:137] [Task #0: main] Trial #299: GFLOPs: 57.8223. Time: 10445.4437 us. Best GFLOPs: 126.5765
2026-04-07 12:37:08 [INFO] [task_scheduler.cc:137] [Task #0: main] Trial #300: GFLOPs: 71.1624. Time: 8487.3422 us. Best GFLOPs: 126.5765
2026-04-07 12:37:08 [INFO] [task_scheduler.cc:137] [Task #0: main] Trial #301: GFLOPs: 98.5378. Time: 6129.4245 us. Best GFLOPs: 126.5765
2026-04-07 12:37:08 [INFO] [task_scheduler.cc:137] [Task #0: main] Trial #302: GFLOPs: 29.1426. Time: 20725.0006 us. Best GFLOPs: 126.5765
2026-04-07 12:37:08 [INFO] [task_scheduler.cc:137] [Task #0: main] Trial #303: GFLOPs: 15.9509. Time: 37864.9808 us. Best GFLOPs: 126.5765
2026-04-07 12:37:08 [INFO] [task_scheduler.cc:137] [Task #0: main] Trial #304: GFLOPs: 27.1375. Time: 22256.2662 us. Best GFLOPs: 126.5765
