2026-04-07 16:36:42 [INFO] Logging directory: research/results/metaschedule/8020/iter_01/13c0a530712caaa2/mlp_expand/M_384/logs
2026-04-07 16:36:42 [INFO] [task_scheduler.cc:165] Initializing Task #0: "main"
2026-04-07 16:36:42 [INFO] [task_scheduler.cc:326] 
 ID | Name |       FLOP | Weight | Speed (GFLOPS) | Latency (us) | Weighted Latency (us) | Trials | Done 
---------------------------------------------------------------------------------------------------------
  0 | main | 1811939328 |      1 |            N/A |          N/A |                   N/A |      0 |      
---------------------------------------------------------------------------------------------------------
Total trials: 0
Total latency (us): 0

2026-04-07 16:36:42 [INFO] [task_scheduler.cc:186] TaskScheduler picks Task #0: "main"
2026-04-07 16:36:44 [INFO] [task_scheduler.cc:199] Sending 64 sample(s) to builder
2026-04-07 16:36:54 [INFO] [task_scheduler.cc:201] Sending 64 sample(s) to runner
2026-04-07 16:37:21 [DEBUG] XGB iter   0: tr-p-rmse: 0.418964	tr-a-peak@32: 1.000000	tr-rmse: 0.254172	tr-rmse: 0.254172
2026-04-07 16:37:21 [DEBUG] XGB iter  25: tr-p-rmse: 0.056862	tr-a-peak@32: 1.000000	tr-rmse: 0.297637	tr-rmse: 0.297637
2026-04-07 16:37:21 [DEBUG] XGB iter  50: tr-p-rmse: 0.056854	tr-a-peak@32: 1.000000	tr-rmse: 0.297648	tr-rmse: 0.297648
2026-04-07 16:37:21 [DEBUG] XGB iter  75: tr-p-rmse: 0.056854	tr-a-peak@32: 1.000000	tr-rmse: 0.297648	tr-rmse: 0.297648
2026-04-07 16:37:21 [DEBUG] XGB stopped. Best iteration: [34] tr-p-rmse:0.05685	tr-a-peak@32:1.00000	tr-rmse:0.29765	tr-rmse:0.29765 
2026-04-07 16:37:21 [INFO] [task_scheduler.cc:243] [Updated] Task #0: "main"
2026-04-07 16:37:21 [INFO] [task_scheduler.cc:326] 
 ID | Name |       FLOP | Weight | Speed (GFLOPS) | Latency (us) | Weighted Latency (us) | Trials | Done 
---------------------------------------------------------------------------------------------------------
  0 | main | 1811939328 |      1 |       100.5863 |   18013.7800 |            18013.7800 |     64 |      
---------------------------------------------------------------------------------------------------------
Total trials: 64
Total latency (us): 18013.8

2026-04-07 16:37:21 [INFO] [task_scheduler.cc:186] TaskScheduler picks Task #0: "main"
2026-04-07 16:37:24 [INFO] [task_scheduler.cc:199] Sending 64 sample(s) to builder
2026-04-07 16:37:34 [INFO] [task_scheduler.cc:201] Sending 64 sample(s) to runner
2026-04-07 16:38:07 [DEBUG] XGB validation: p-rmse: 0.263216	a-peak@32: 0.843459
2026-04-07 16:38:07 [DEBUG] XGB iter   0: tr-p-rmse: 0.427048	tr-a-peak@32: 0.995875	tr-rmse: 0.260234	tr-rmse: 0.260234
2026-04-07 16:38:07 [DEBUG] XGB iter  25: tr-p-rmse: 0.056176	tr-a-peak@32: 1.000000	tr-rmse: 0.301096	tr-rmse: 0.301096
2026-04-07 16:38:08 [DEBUG] XGB iter  50: tr-p-rmse: 0.056138	tr-a-peak@32: 1.000000	tr-rmse: 0.301157	tr-rmse: 0.301157
2026-04-07 16:38:08 [DEBUG] XGB iter  75: tr-p-rmse: 0.056138	tr-a-peak@32: 1.000000	tr-rmse: 0.301157	tr-rmse: 0.301157
2026-04-07 16:38:08 [DEBUG] XGB stopped. Best iteration: [33] tr-p-rmse:0.05614	tr-a-peak@32:1.00000	tr-rmse:0.30116	tr-rmse:0.30116 
2026-04-07 16:38:08 [INFO] [task_scheduler.cc:243] [Updated] Task #0: "main"
2026-04-07 16:38:08 [INFO] [task_scheduler.cc:326] 
 ID | Name |       FLOP | Weight | Speed (GFLOPS) | Latency (us) | Weighted Latency (us) | Trials | Done 
---------------------------------------------------------------------------------------------------------
  0 | main | 1811939328 |      1 |       100.5863 |   18013.7800 |            18013.7800 |    128 |      
---------------------------------------------------------------------------------------------------------
Total trials: 128
Total latency (us): 18013.8

2026-04-07 16:38:08 [INFO] [task_scheduler.cc:186] TaskScheduler picks Task #0: "main"
2026-04-07 16:38:13 [INFO] [task_scheduler.cc:199] Sending 24 sample(s) to builder
2026-04-07 16:38:20 [INFO] [task_scheduler.cc:201] Sending 24 sample(s) to runner
2026-04-07 16:38:27 [DEBUG] XGB validation: p-rmse: 0.192943	a-peak@32: 0.999397
2026-04-07 16:38:27 [INFO] [task_scheduler.cc:243] [Updated] Task #0: "main"
2026-04-07 16:38:27 [INFO] [task_scheduler.cc:326] 
 ID | Name |       FLOP | Weight | Speed (GFLOPS) | Latency (us) | Weighted Latency (us) | Trials | Done 
---------------------------------------------------------------------------------------------------------
  0 | main | 1811939328 |      1 |       106.9608 |   16940.2247 |            16940.2247 |    152 |      
---------------------------------------------------------------------------------------------------------
Total trials: 152
Total latency (us): 16940.2

2026-04-07 16:38:27 [INFO] [task_scheduler.cc:266] Task #0 has finished. Remaining task(s): 0
2026-04-07 16:38:27 [INFO] [task_scheduler.cc:326] 
 ID | Name |       FLOP | Weight | Speed (GFLOPS) | Latency (us) | Weighted Latency (us) | Trials | Done 
---------------------------------------------------------------------------------------------------------
  0 | main | 1811939328 |      1 |       106.9608 |   16940.2247 |            16940.2247 |    152 |    Y 
---------------------------------------------------------------------------------------------------------
Total trials: 152
Total latency (us): 16940.2

2026-04-07 16:38:30 [INFO] LocalBuilder: max_workers = 12
2026-04-07 16:38:31 [INFO] LocalRunner: max_workers = 1
