2026-04-07 18:38:04 [INFO] Logging directory: research/results/metaschedule/8020/iter_01/c6cfef5f3bd72748/mlp_expand/M_128/logs
2026-04-07 18:38:04 [INFO] [task_scheduler.cc:165] Initializing Task #0: "main"
2026-04-07 18:38:04 [INFO] [task_scheduler.cc:326] 
 ID | Name |      FLOP | Weight | Speed (GFLOPS) | Latency (us) | Weighted Latency (us) | Trials | Done 
--------------------------------------------------------------------------------------------------------
  0 | main | 603979776 |      1 |            N/A |          N/A |                   N/A |      0 |      
--------------------------------------------------------------------------------------------------------
Total trials: 0
Total latency (us): 0

2026-04-07 18:38:04 [INFO] [task_scheduler.cc:186] TaskScheduler picks Task #0: "main"
2026-04-07 18:38:05 [INFO] [task_scheduler.cc:199] Sending 32 sample(s) to builder
2026-04-07 18:38:12 [INFO] [task_scheduler.cc:201] Sending 32 sample(s) to runner
2026-04-07 18:38:22 [DEBUG] XGB iter   0: tr-p-rmse: 0.432129	tr-a-peak@32: 1.000000	tr-rmse: 0.240630	tr-rmse: 0.240630
2026-04-07 18:38:22 [DEBUG] XGB iter  25: tr-p-rmse: 0.078716	tr-a-peak@32: 1.000000	tr-rmse: 0.278263	tr-rmse: 0.278263
2026-04-07 18:38:22 [DEBUG] XGB iter  50: tr-p-rmse: 0.078625	tr-a-peak@32: 1.000000	tr-rmse: 0.278389	tr-rmse: 0.278389
2026-04-07 18:38:22 [DEBUG] XGB iter  75: tr-p-rmse: 0.078625	tr-a-peak@32: 1.000000	tr-rmse: 0.278389	tr-rmse: 0.278389
2026-04-07 18:38:22 [DEBUG] XGB stopped. Best iteration: [36] tr-p-rmse:0.07863	tr-a-peak@32:1.00000	tr-rmse:0.27839	tr-rmse:0.27839 
2026-04-07 18:38:22 [INFO] [task_scheduler.cc:243] [Updated] Task #0: "main"
2026-04-07 18:38:22 [INFO] [task_scheduler.cc:326] 
 ID | Name |      FLOP | Weight | Speed (GFLOPS) | Latency (us) | Weighted Latency (us) | Trials | Done 
--------------------------------------------------------------------------------------------------------
  0 | main | 603979776 |      1 |       100.9668 |    5981.9615 |             5981.9615 |     32 |      
--------------------------------------------------------------------------------------------------------
Total trials: 32
Total latency (us): 5981.96

2026-04-07 18:38:22 [INFO] [task_scheduler.cc:186] TaskScheduler picks Task #0: "main"
2026-04-07 18:38:23 [INFO] [task_scheduler.cc:199] Sending 32 sample(s) to builder
2026-04-07 18:38:32 [INFO] [task_scheduler.cc:201] Sending 32 sample(s) to runner
2026-04-07 18:38:41 [DEBUG] XGB validation: p-rmse: 0.223834	a-peak@32: 0.981781
2026-04-07 18:38:41 [DEBUG] XGB iter   0: tr-p-rmse: 0.403775	tr-a-peak@32: 1.000000	tr-rmse: 0.247403	tr-rmse: 0.247403
2026-04-07 18:38:41 [DEBUG] XGB iter  25: tr-p-rmse: 0.064598	tr-a-peak@32: 1.000000	tr-rmse: 0.287207	tr-rmse: 0.287207
2026-04-07 18:38:41 [DEBUG] XGB iter  50: tr-p-rmse: 0.064519	tr-a-peak@32: 1.000000	tr-rmse: 0.287315	tr-rmse: 0.287315
2026-04-07 18:38:41 [DEBUG] XGB iter  75: tr-p-rmse: 0.064519	tr-a-peak@32: 1.000000	tr-rmse: 0.287315	tr-rmse: 0.287315
2026-04-07 18:38:41 [DEBUG] XGB stopped. Best iteration: [36] tr-p-rmse:0.06452	tr-a-peak@32:1.00000	tr-rmse:0.28731	tr-rmse:0.28731 
2026-04-07 18:38:41 [INFO] [task_scheduler.cc:243] [Updated] Task #0: "main"
2026-04-07 18:38:41 [INFO] [task_scheduler.cc:326] 
 ID | Name |      FLOP | Weight | Speed (GFLOPS) | Latency (us) | Weighted Latency (us) | Trials | Done 
--------------------------------------------------------------------------------------------------------
  0 | main | 603979776 |      1 |       100.9668 |    5981.9615 |             5981.9615 |     64 |      
--------------------------------------------------------------------------------------------------------
Total trials: 64
Total latency (us): 5981.96

2026-04-07 18:38:41 [INFO] [task_scheduler.cc:186] TaskScheduler picks Task #0: "main"
2026-04-07 18:38:42 [INFO] [task_scheduler.cc:199] Sending 32 sample(s) to builder
2026-04-07 18:38:50 [INFO] [task_scheduler.cc:201] Sending 32 sample(s) to runner
2026-04-07 18:38:59 [DEBUG] XGB validation: p-rmse: 0.218954	a-peak@32: 0.969970
2026-04-07 18:38:59 [DEBUG] XGB iter   0: tr-p-rmse: 0.395431	tr-a-peak@32: 1.000000	tr-rmse: 0.250290	tr-rmse: 0.250290
2026-04-07 18:38:59 [DEBUG] XGB iter  25: tr-p-rmse: 0.053801	tr-a-peak@32: 0.999522	tr-rmse: 0.276592	tr-rmse: 0.276592
2026-04-07 18:38:59 [DEBUG] XGB iter  50: tr-p-rmse: 0.052848	tr-a-peak@32: 0.999522	tr-rmse: 0.276564	tr-rmse: 0.276564
2026-04-07 18:38:59 [DEBUG] XGB iter  75: tr-p-rmse: 0.052848	tr-a-peak@32: 0.999522	tr-rmse: 0.276564	tr-rmse: 0.276564
2026-04-07 18:38:59 [DEBUG] XGB stopped. Best iteration: [33] tr-p-rmse:0.05285	tr-a-peak@32:0.99952	tr-rmse:0.27656	tr-rmse:0.27656 
2026-04-07 18:38:59 [INFO] [task_scheduler.cc:243] [Updated] Task #0: "main"
2026-04-07 18:38:59 [INFO] [task_scheduler.cc:326] 
 ID | Name |      FLOP | Weight | Speed (GFLOPS) | Latency (us) | Weighted Latency (us) | Trials | Done 
--------------------------------------------------------------------------------------------------------
  0 | main | 603979776 |      1 |       102.5363 |    5890.3967 |             5890.3967 |     96 |      
--------------------------------------------------------------------------------------------------------
Total trials: 96
Total latency (us): 5890.4

2026-04-07 18:38:59 [INFO] [task_scheduler.cc:186] TaskScheduler picks Task #0: "main"
2026-04-07 18:39:00 [INFO] [task_scheduler.cc:199] Sending 18 sample(s) to builder
2026-04-07 18:39:10 [INFO] [task_scheduler.cc:201] Sending 18 sample(s) to runner
2026-04-07 18:39:15 [DEBUG] XGB validation: p-rmse: 0.252905	a-peak@32: 0.911300
2026-04-07 18:39:15 [INFO] [task_scheduler.cc:243] [Updated] Task #0: "main"
2026-04-07 18:39:15 [INFO] [task_scheduler.cc:326] 
 ID | Name |      FLOP | Weight | Speed (GFLOPS) | Latency (us) | Weighted Latency (us) | Trials | Done 
--------------------------------------------------------------------------------------------------------
  0 | main | 603979776 |      1 |       102.5363 |    5890.3967 |             5890.3967 |    114 |      
--------------------------------------------------------------------------------------------------------
Total trials: 114
Total latency (us): 5890.4

2026-04-07 18:39:15 [INFO] [task_scheduler.cc:266] Task #0 has finished. Remaining task(s): 0
2026-04-07 18:39:15 [INFO] [task_scheduler.cc:326] 
 ID | Name |      FLOP | Weight | Speed (GFLOPS) | Latency (us) | Weighted Latency (us) | Trials | Done 
--------------------------------------------------------------------------------------------------------
  0 | main | 603979776 |      1 |       102.5363 |    5890.3967 |             5890.3967 |    114 |    Y 
--------------------------------------------------------------------------------------------------------
Total trials: 114
Total latency (us): 5890.4

2026-04-07 18:39:18 [INFO] LocalBuilder: max_workers = 12
2026-04-07 18:39:19 [INFO] LocalRunner: max_workers = 1
