2026-04-07 13:39:58 [INFO] [task_scheduler.cc:166] Initializing Task #0: "main"
2026-04-07 13:39:58 [INFO] [task_scheduler.cc:41] 
# from tvm.script import ir as I
# from tvm.script import tir as T

@I.ir_module
class Module:
    @T.prim_func
    def main(A: T.Buffer((16, 3072), "float32"), B: T.Buffer((3072, 768), "float32"), C: T.Buffer((16, 768), "float32")):
        T.func_attr({"tir.noalias": True})
        # with T.block("root"):
        for i, j, k in T.grid(16, 768, 3072):
            with T.block("C"):
                vi, vj, vk = T.axis.remap("SSR", [i, j, k])
                T.reads(A[vi, vk], B[vk, vj])
                T.writes(C[vi, vj])
                with T.init():
                    C[vi, vj] = T.float32(0.0)
                C[vi, vj] = C[vi, vj] + A[vi, vk] * B[vk, vj]
2026-04-07 13:39:58 [INFO] [task_scheduler.cc:170] Total 3 design space(s) generated
2026-04-07 13:39:58 [INFO] [task_scheduler.cc:176] Design space #0:
# from tvm.script import ir as I
# from tvm.script import tir as T

@I.ir_module
class Module:
    @T.prim_func
    def main(A: T.Buffer((16, 3072), "float32"), B: T.Buffer((3072, 768), "float32"), C: T.Buffer((16, 768), "float32")):
        T.func_attr({"tir.noalias": True})
        with T.block("root"):
            T.reads()
            T.writes()
            T.block_attr({"meta_schedule.parallel": 128, "meta_schedule.unroll_explicit": 16, "meta_schedule.vectorize": 64})
            C_global = T.alloc_buffer((16, 768))
            for i_0, j_0, i_1, j_1 in T.grid(4, 32, 4, 6):
                for k_0, i_2, j_2, k_1, i_3, j_3 in T.grid(128, 1, 2, 24, 1, 2):
                    with T.block("C"):
                        vi = T.axis.spatial(16, i_0 * 4 + i_1 + i_2 + i_3)
                        vj = T.axis.spatial(768, j_0 * 24 + j_1 * 4 + j_2 * 2 + j_3)
                        vk = T.axis.reduce(3072, k_0 * 24 + k_1)
                        T.reads(A[vi, vk], B[vk, vj])
                        T.writes(C_global[vi, vj])
                        T.block_attr({"meta_schedule.tiling_structure": "SSRSRS"})
                        with T.init():
                            C_global[vi, vj] = T.float32(0.0)
                        C_global[vi, vj] = C_global[vi, vj] + A[vi, vk] * B[vk, vj]
                for ax0, ax1 in T.grid(1, 4):
                    with T.block("C_global"):
                        v0 = T.axis.spatial(16, i_0 * 4 + i_1 + ax0)
                        v1 = T.axis.spatial(768, j_0 * 24 + j_1 * 4 + ax1)
                        T.reads(C_global[v0, v1])
                        T.writes(C[v0, v1])
                        C[v0, v1] = C_global[v0, v1]
b0 = sch.get_block(name="C", func_name="main")
b1 = sch.get_block(name="root", func_name="main")
sch.annotate(block_or_loop=b0, ann_key="meta_schedule.tiling_structure", ann_val="SSRSRS")
l2, l3, l4 = sch.get_loops(block=b0)
v5, v6, v7, v8 = sch.sample_perfect_tile(loop=l2, n=4, max_innermost_factor=64, decision=[4, 4, 1, 1])
l9, l10, l11, l12 = sch.split(loop=l2, factors=[v5, v6, v7, v8], preserve_unit_iters=True, disable_predication=False)
v13, v14, v15, v16 = sch.sample_perfect_tile(loop=l3, n=4, max_innermost_factor=64, decision=[32, 6, 2, 2])
l17, l18, l19, l20 = sch.split(loop=l3, factors=[v13, v14, v15, v16], preserve_unit_iters=True, disable_predication=False)
v21, v22 = sch.sample_perfect_tile(loop=l4, n=2, max_innermost_factor=64, decision=[128, 24])
l23, l24 = sch.split(loop=l4, factors=[v21, v22], preserve_unit_iters=True, disable_predication=False)
sch.reorder(l9, l17, l10, l18, l23, l11, l19, l24, l12, l20)
b25 = sch.cache_write(block=b0, write_buffer_index=0, storage_scope="global")
sch.reverse_compute_at(block=b25, loop=l18, preserve_unit_loops=True, index=-1)
sch.annotate(block_or_loop=b1, ann_key="meta_schedule.parallel", ann_val=128)
sch.annotate(block_or_loop=b1, ann_key="meta_schedule.vectorize", ann_val=64)
v26 = sch.sample_categorical(candidates=[0, 16, 64, 512], probs=[0.25, 0.25, 0.25, 0.25], decision=1)
sch.annotate(block_or_loop=b1, ann_key="meta_schedule.unroll_explicit", ann_val=v26)
2026-04-07 13:39:58 [INFO] [task_scheduler.cc:176] Design space #1:
# from tvm.script import ir as I
# from tvm.script import tir as T

@I.ir_module
class Module:
    @T.prim_func
    def main(A: T.Buffer((16, 3072), "float32"), B: T.Buffer((3072, 768), "float32"), C: T.Buffer((16, 768), "float32")):
        T.func_attr({"tir.noalias": True})
        with T.block("root"):
            T.reads()
            T.writes()
            T.block_attr({"meta_schedule.parallel": 128, "meta_schedule.unroll_explicit": 16, "meta_schedule.vectorize": 64})
            C_global = T.alloc_buffer((16, 768))
            for i_0, j_0 in T.grid(4, 32):
                for i_1, j_1, k_0, i_2, j_2, k_1, i_3, j_3 in T.grid(4, 6, 128, 1, 2, 24, 1, 2):
                    with T.block("C"):
                        vi = T.axis.spatial(16, i_0 * 4 + i_1 + i_2 + i_3)
                        vj = T.axis.spatial(768, j_0 * 24 + j_1 * 4 + j_2 * 2 + j_3)
                        vk = T.axis.reduce(3072, k_0 * 24 + k_1)
                        T.reads(A[vi, vk], B[vk, vj])
                        T.writes(C_global[vi, vj])
                        T.block_attr({"meta_schedule.tiling_structure": "SSRSRS"})
                        with T.init():
                            C_global[vi, vj] = T.float32(0.0)
                        C_global[vi, vj] = C_global[vi, vj] + A[vi, vk] * B[vk, vj]
                for ax0, ax1 in T.grid(4, 24):
                    with T.block("C_global"):
                        v0 = T.axis.spatial(16, i_0 * 4 + ax0)
                        v1 = T.axis.spatial(768, j_0 * 24 + ax1)
                        T.reads(C_global[v0, v1])
                        T.writes(C[v0, v1])
                        C[v0, v1] = C_global[v0, v1]
b0 = sch.get_block(name="C", func_name="main")
b1 = sch.get_block(name="root", func_name="main")
sch.annotate(block_or_loop=b0, ann_key="meta_schedule.tiling_structure", ann_val="SSRSRS")
l2, l3, l4 = sch.get_loops(block=b0)
v5, v6, v7, v8 = sch.sample_perfect_tile(loop=l2, n=4, max_innermost_factor=64, decision=[4, 4, 1, 1])
l9, l10, l11, l12 = sch.split(loop=l2, factors=[v5, v6, v7, v8], preserve_unit_iters=True, disable_predication=False)
v13, v14, v15, v16 = sch.sample_perfect_tile(loop=l3, n=4, max_innermost_factor=64, decision=[32, 6, 2, 2])
l17, l18, l19, l20 = sch.split(loop=l3, factors=[v13, v14, v15, v16], preserve_unit_iters=True, disable_predication=False)
v21, v22 = sch.sample_perfect_tile(loop=l4, n=2, max_innermost_factor=64, decision=[128, 24])
l23, l24 = sch.split(loop=l4, factors=[v21, v22], preserve_unit_iters=True, disable_predication=False)
sch.reorder(l9, l17, l10, l18, l23, l11, l19, l24, l12, l20)
b25 = sch.cache_write(block=b0, write_buffer_index=0, storage_scope="global")
sch.reverse_compute_at(block=b25, loop=l17, preserve_unit_loops=True, index=-1)
sch.annotate(block_or_loop=b1, ann_key="meta_schedule.parallel", ann_val=128)
sch.annotate(block_or_loop=b1, ann_key="meta_schedule.vectorize", ann_val=64)
v26 = sch.sample_categorical(candidates=[0, 16, 64, 512], probs=[0.25, 0.25, 0.25, 0.25], decision=1)
sch.annotate(block_or_loop=b1, ann_key="meta_schedule.unroll_explicit", ann_val=v26)
2026-04-07 13:39:58 [INFO] [task_scheduler.cc:176] Design space #2:
# from tvm.script import ir as I
# from tvm.script import tir as T

@I.ir_module
class Module:
    @T.prim_func
    def main(A: T.Buffer((16, 3072), "float32"), B: T.Buffer((3072, 768), "float32"), C: T.Buffer((16, 768), "float32")):
        T.func_attr({"tir.noalias": True})
        with T.block("root"):
            T.reads()
            T.writes()
            T.block_attr({"meta_schedule.parallel": 128, "meta_schedule.unroll_explicit": 0, "meta_schedule.vectorize": 64})
            for i_0, j_0, i_1, j_1, k_0, i_2, j_2, k_1, i_3, j_3 in T.grid(4, 32, 4, 6, 128, 1, 2, 24, 1, 2):
                with T.block("C"):
                    vi = T.axis.spatial(16, i_0 * 4 + i_1 + i_2 + i_3)
                    vj = T.axis.spatial(768, j_0 * 24 + j_1 * 4 + j_2 * 2 + j_3)
                    vk = T.axis.reduce(3072, k_0 * 24 + k_1)
                    T.reads(A[vi, vk], B[vk, vj])
                    T.writes(C[vi, vj])
                    T.block_attr({"meta_schedule.tiling_structure": "SSRSRS"})
                    with T.init():
                        C[vi, vj] = T.float32(0.0)
                    C[vi, vj] = C[vi, vj] + A[vi, vk] * B[vk, vj]
b0 = sch.get_block(name="C", func_name="main")
b1 = sch.get_block(name="root", func_name="main")
sch.annotate(block_or_loop=b0, ann_key="meta_schedule.tiling_structure", ann_val="SSRSRS")
l2, l3, l4 = sch.get_loops(block=b0)
v5, v6, v7, v8 = sch.sample_perfect_tile(loop=l2, n=4, max_innermost_factor=64, decision=[4, 4, 1, 1])
l9, l10, l11, l12 = sch.split(loop=l2, factors=[v5, v6, v7, v8], preserve_unit_iters=True, disable_predication=False)
v13, v14, v15, v16 = sch.sample_perfect_tile(loop=l3, n=4, max_innermost_factor=64, decision=[32, 6, 2, 2])
l17, l18, l19, l20 = sch.split(loop=l3, factors=[v13, v14, v15, v16], preserve_unit_iters=True, disable_predication=False)
v21, v22 = sch.sample_perfect_tile(loop=l4, n=2, max_innermost_factor=64, decision=[128, 24])
l23, l24 = sch.split(loop=l4, factors=[v21, v22], preserve_unit_iters=True, disable_predication=False)
sch.reorder(l9, l17, l10, l18, l23, l11, l19, l24, l12, l20)
sch.annotate(block_or_loop=b1, ann_key="meta_schedule.parallel", ann_val=128)
sch.annotate(block_or_loop=b1, ann_key="meta_schedule.vectorize", ann_val=64)
v25 = sch.sample_categorical(candidates=[0, 16, 64, 512], probs=[0.25, 0.25, 0.25, 0.25], decision=0)
sch.annotate(block_or_loop=b1, ann_key="meta_schedule.unroll_explicit", ann_val=v25)
2026-04-07 13:39:58 [INFO] [evolutionary_search.cc:711] Generating candidates......
2026-04-07 13:39:58 [INFO] [evolutionary_search.cc:713] Picked top 0 candidate(s) from database
2026-04-07 13:39:58 [INFO] [evolutionary_search.cc:530] Sample-Init-Population summary:
Postproc #0 [meta_schedule.DisallowDynamicLoop(0x5bdf3d2170a8)]: 0 failure(s)
Postproc #1 [meta_schedule.RewriteParallelVectorizeUnroll(0x5bdf3cd9f1a8)]: 0 failure(s)
Postproc #2 [meta_schedule.RewriteReductionBlock(0x5bdf3cb96c48)]: 0 failure(s)
Postproc #3 [meta_schedule.RewriteLayout(0x5bdf3cfcc6d8)]: 0 failure(s)
2026-04-07 13:39:58 [INFO] [evolutionary_search.cc:721] Sampled 614 candidate(s)
2026-04-07 13:39:58 [INFO] [evolutionary_search.cc:619] Evolve iter #0 done. Summary:
Postproc #0 [meta_schedule.DisallowDynamicLoop(0x5bdf3d2170a8)]: 0 failure(s)
Postproc #1 [meta_schedule.RewriteParallelVectorizeUnroll(0x5bdf3cd9f1a8)]: 0 failure(s)
Postproc #2 [meta_schedule.RewriteReductionBlock(0x5bdf3cb96c48)]: 0 failure(s)
Postproc #3 [meta_schedule.RewriteLayout(0x5bdf3cfcc6d8)]: 0 failure(s)
2026-04-07 13:39:59 [INFO] [evolutionary_search.cc:619] Evolve iter #1 done. Summary:
Postproc #0 [meta_schedule.DisallowDynamicLoop(0x5bdf3d2170a8)]: 0 failure(s)
Postproc #1 [meta_schedule.RewriteParallelVectorizeUnroll(0x5bdf3cd9f1a8)]: 0 failure(s)
Postproc #2 [meta_schedule.RewriteReductionBlock(0x5bdf3cb96c48)]: 0 failure(s)
Postproc #3 [meta_schedule.RewriteLayout(0x5bdf3cfcc6d8)]: 0 failure(s)
2026-04-07 13:39:59 [INFO] [evolutionary_search.cc:619] Evolve iter #2 done. Summary:
Postproc #0 [meta_schedule.DisallowDynamicLoop(0x5bdf3d2170a8)]: 0 failure(s)
Postproc #1 [meta_schedule.RewriteParallelVectorizeUnroll(0x5bdf3cd9f1a8)]: 0 failure(s)
Postproc #2 [meta_schedule.RewriteReductionBlock(0x5bdf3cb96c48)]: 0 failure(s)
Postproc #3 [meta_schedule.RewriteLayout(0x5bdf3cfcc6d8)]: 0 failure(s)
2026-04-07 13:39:59 [INFO] [evolutionary_search.cc:619] Evolve iter #3 done. Summary:
Postproc #0 [meta_schedule.DisallowDynamicLoop(0x5bdf3d2170a8)]: 0 failure(s)
Postproc #1 [meta_schedule.RewriteParallelVectorizeUnroll(0x5bdf3cd9f1a8)]: 0 failure(s)
Postproc #2 [meta_schedule.RewriteReductionBlock(0x5bdf3cb96c48)]: 0 failure(s)
Postproc #3 [meta_schedule.RewriteLayout(0x5bdf3cfcc6d8)]: 0 failure(s)
2026-04-07 13:39:59 [INFO] [evolutionary_search.cc:647] Scores of the best 64 candidates:
[1 : 16]:	0.9994  0.9988  0.9987  0.9985  0.9984  0.9982  0.9980  0.9978  0.9977  0.9977  0.9977  0.9975  0.9967  0.9964  0.9949  0.9946
[17 : 32]:	0.9941  0.9941  0.9937  0.9933  0.9931  0.9927  0.9926  0.9924  0.9915  0.9910  0.9907  0.9900  0.9897  0.9896  0.9893  0.9892
[33 : 48]:	0.9890  0.9889  0.9888  0.9880  0.9879  0.9879  0.9877  0.9875  0.9875  0.9864  0.9861  0.9857  0.9849  0.9847  0.9837  0.9836
[49 : 64]:	0.9835  0.9835  0.9831  0.9826  0.9825  0.9819  0.9815  0.9815  0.9793  0.9787  0.9784  0.9783  0.9779  0.9778  0.9776  0.9772
2026-04-07 13:39:59 [INFO] [evolutionary_search.cc:725] Got 64 candidate(s) with evolutionary search
2026-04-07 13:39:59 [INFO] [evolutionary_search.cc:728] Sending 64 candidates(s) for measurement
2026-04-07 13:40:29 [INFO] [task_scheduler.cc:137] [Task #0: main] Trial #1: GFLOPs: 23.9136. Time: 3157.0994 us. Best GFLOPs: 23.9136
2026-04-07 13:40:29 [INFO] [task_scheduler.cc:137] [Task #0: main] Trial #2: GFLOPs: 5.5060. Time: 13711.7916 us. Best GFLOPs: 23.9136
2026-04-07 13:40:29 [INFO] [task_scheduler.cc:137] [Task #0: main] Trial #3: GFLOPs: 8.5013. Time: 8880.7012 us. Best GFLOPs: 23.9136
2026-04-07 13:40:29 [INFO] [task_scheduler.cc:137] [Task #0: main] Trial #4: GFLOPs: 20.3032. Time: 3718.5026 us. Best GFLOPs: 23.9136
2026-04-07 13:40:29 [INFO] [task_scheduler.cc:137] [Task #0: main] Trial #5: GFLOPs: 51.6114. Time: 1462.8070 us. Best GFLOPs: 51.6114
2026-04-07 13:40:29 [INFO] [task_scheduler.cc:137] [Task #0: main] Trial #6: GFLOPs: 2.2313. Time: 33834.9126 us. Best GFLOPs: 51.6114
2026-04-07 13:40:29 [INFO] [task_scheduler.cc:137] [Task #0: main] Trial #7: GFLOPs: 54.3771. Time: 1388.4054 us. Best GFLOPs: 54.3771
2026-04-07 13:40:29 [INFO] [task_scheduler.cc:137] [Task #0: main] Trial #8: GFLOPs: 23.0380. Time: 3277.0786 us. Best GFLOPs: 54.3771
2026-04-07 13:40:29 [INFO] [task_scheduler.cc:137] [Task #0: main] Trial #9: GFLOPs: 28.0342. Time: 2693.0501 us. Best GFLOPs: 54.3771
2026-04-07 13:40:29 [INFO] [task_scheduler.cc:137] [Task #0: main] Trial #10: GFLOPs: 24.3773. Time: 3097.0453 us. Best GFLOPs: 54.3771
2026-04-07 13:40:29 [INFO] [task_scheduler.cc:137] [Task #0: main] Trial #11: GFLOPs: 4.5966. Time: 16424.5503 us. Best GFLOPs: 54.3771
2026-04-07 13:40:29 [INFO] [task_scheduler.cc:137] [Task #0: main] Trial #12: GFLOPs: 4.9784. Time: 15165.1038 us. Best GFLOPs: 54.3771
2026-04-07 13:40:29 [INFO] [task_scheduler.cc:137] [Task #0: main] Trial #13: GFLOPs: 26.3644. Time: 2863.6123 us. Best GFLOPs: 54.3771
2026-04-07 13:40:29 [INFO] [task_scheduler.cc:137] [Task #0: main] Trial #14: GFLOPs: 38.7070. Time: 1950.4846 us. Best GFLOPs: 54.3771
2026-04-07 13:40:29 [INFO] [task_scheduler.cc:137] [Task #0: main] Trial #15: GFLOPs: 43.5401. Time: 1733.9744 us. Best GFLOPs: 54.3771
2026-04-07 13:40:29 [INFO] [task_scheduler.cc:137] [Task #0: main] Trial #16: GFLOPs: 30.1282. Time: 2505.8705 us. Best GFLOPs: 54.3771
2026-04-07 13:40:29 [INFO] [task_scheduler.cc:137] [Task #0: main] Trial #17: GFLOPs: 18.3460. Time: 4115.2067 us. Best GFLOPs: 54.3771
2026-04-07 13:40:29 [INFO] [task_scheduler.cc:137] [Task #0: main] Trial #18: GFLOPs: 33.5568. Time: 2249.8398 us. Best GFLOPs: 54.3771
2026-04-07 13:40:29 [INFO] [task_scheduler.cc:137] [Task #0: main] Trial #19: GFLOPs: 6.0067. Time: 12568.9680 us. Best GFLOPs: 54.3771
2026-04-07 13:40:29 [INFO] [task_scheduler.cc:137] [Task #0: main] Trial #20: GFLOPs: 40.7366. Time: 1853.3104 us. Best GFLOPs: 54.3771
2026-04-07 13:40:29 [INFO] [task_scheduler.cc:137] [Task #0: main] Trial #21: GFLOPs: 4.3011. Time: 17552.8594 us. Best GFLOPs: 54.3771
2026-04-07 13:40:29 [INFO] [task_scheduler.cc:137] [Task #0: main] Trial #22: GFLOPs: 47.8864. Time: 1576.5945 us. Best GFLOPs: 54.3771
2026-04-07 13:40:29 [INFO] [task_scheduler.cc:137] [Task #0: main] Trial #23: GFLOPs: 27.4448. Time: 2750.8828 us. Best GFLOPs: 54.3771
2026-04-07 13:40:29 [INFO] [task_scheduler.cc:137] [Task #0: main] Trial #24: GFLOPs: 14.1135. Time: 5349.3231 us. Best GFLOPs: 54.3771
2026-04-07 13:40:29 [INFO] [task_scheduler.cc:137] [Task #0: main] Trial #25: GFLOPs: 24.2919. Time: 3107.9231 us. Best GFLOPs: 54.3771
2026-04-07 13:40:29 [INFO] [task_scheduler.cc:137] [Task #0: main] Trial #26: GFLOPs: 61.5170. Time: 1227.2620 us. Best GFLOPs: 61.5170
2026-04-07 13:40:29 [INFO] [task_scheduler.cc:137] [Task #0: main] Trial #27: GFLOPs: 3.0779. Time: 24529.1862 us. Best GFLOPs: 61.5170
2026-04-07 13:40:29 [INFO] [task_scheduler.cc:137] [Task #0: main] Trial #28: GFLOPs: 18.7298. Time: 4030.8745 us. Best GFLOPs: 61.5170
2026-04-07 13:40:29 [INFO] [task_scheduler.cc:137] [Task #0: main] Trial #29: GFLOPs: 5.0307. Time: 15007.2259 us. Best GFLOPs: 61.5170
2026-04-07 13:40:29 [INFO] [task_scheduler.cc:137] [Task #0: main] Trial #30: GFLOPs: 60.7373. Time: 1243.0168 us. Best GFLOPs: 61.5170
2026-04-07 13:40:29 [INFO] [task_scheduler.cc:137] [Task #0: main] Trial #31: GFLOPs: 11.8863. Time: 6351.6625 us. Best GFLOPs: 61.5170
2026-04-07 13:40:29 [INFO] [task_scheduler.cc:137] [Task #0: main] Trial #32: GFLOPs: 20.0956. Time: 3756.9167 us. Best GFLOPs: 61.5170
2026-04-07 13:40:29 [INFO] [task_scheduler.cc:137] [Task #0: main] Trial #33: GFLOPs: 17.8844. Time: 4221.4144 us. Best GFLOPs: 61.5170
2026-04-07 13:40:29 [INFO] [task_scheduler.cc:137] [Task #0: main] Trial #34: GFLOPs: 26.0650. Time: 2896.5076 us. Best GFLOPs: 61.5170
2026-04-07 13:40:29 [INFO] [task_scheduler.cc:137] [Task #0: main] Trial #35: GFLOPs: 10.3329. Time: 7306.5386 us. Best GFLOPs: 61.5170
2026-04-07 13:40:29 [INFO] [task_scheduler.cc:137] [Task #0: main] Trial #36: GFLOPs: 6.9230. Time: 10905.2383 us. Best GFLOPs: 61.5170
2026-04-07 13:40:29 [INFO] [task_scheduler.cc:137] [Task #0: main] Trial #37: GFLOPs: 18.1831. Time: 4152.0571 us. Best GFLOPs: 61.5170
2026-04-07 13:40:29 [INFO] [task_scheduler.cc:137] [Task #0: main] Trial #38: GFLOPs: 1.8250. Time: 41368.2310 us. Best GFLOPs: 61.5170
2026-04-07 13:40:29 [INFO] [task_scheduler.cc:137] [Task #0: main] Trial #39: GFLOPs: 1.7815. Time: 42379.3796 us. Best GFLOPs: 61.5170
2026-04-07 13:40:29 [INFO] [task_scheduler.cc:137] [Task #0: main] Trial #40: GFLOPs: 1.9133. Time: 39458.4886 us. Best GFLOPs: 61.5170
2026-04-07 13:40:29 [INFO] [task_scheduler.cc:137] [Task #0: main] Trial #41: GFLOPs: 45.5894. Time: 1656.0313 us. Best GFLOPs: 61.5170
2026-04-07 13:40:29 [INFO] [task_scheduler.cc:137] [Task #0: main] Trial #42: GFLOPs: 26.2533. Time: 2875.7370 us. Best GFLOPs: 61.5170
2026-04-07 13:40:29 [INFO] [task_scheduler.cc:137] [Task #0: main] Trial #43: GFLOPs: 29.1555. Time: 2589.4742 us. Best GFLOPs: 61.5170
2026-04-07 13:40:29 [INFO] [task_scheduler.cc:137] [Task #0: main] Trial #44: GFLOPs: 33.8464. Time: 2230.5940 us. Best GFLOPs: 61.5170
2026-04-07 13:40:29 [INFO] [task_scheduler.cc:137] [Task #0: main] Trial #45: GFLOPs: 15.4084. Time: 4899.7683 us. Best GFLOPs: 61.5170
2026-04-07 13:40:29 [INFO] [task_scheduler.cc:137] [Task #0: main] Trial #46: GFLOPs: 22.3262. Time: 3381.5619 us. Best GFLOPs: 61.5170
2026-04-07 13:40:29 [INFO] [task_scheduler.cc:137] [Task #0: main] Trial #47: GFLOPs: 11.1803. Time: 6752.7008 us. Best GFLOPs: 61.5170
2026-04-07 13:40:29 [INFO] [task_scheduler.cc:137] [Task #0: main] Trial #48: GFLOPs: 15.3855. Time: 4907.0564 us. Best GFLOPs: 61.5170
2026-04-07 13:40:29 [INFO] [task_scheduler.cc:137] [Task #0: main] Trial #49: GFLOPs: 28.2493. Time: 2672.5387 us. Best GFLOPs: 61.5170
2026-04-07 13:40:29 [INFO] [task_scheduler.cc:137] [Task #0: main] Trial #50: GFLOPs: 36.0426. Time: 2094.6758 us. Best GFLOPs: 61.5170
2026-04-07 13:40:29 [INFO] [task_scheduler.cc:137] [Task #0: main] Trial #51: GFLOPs: 29.6386. Time: 2547.2678 us. Best GFLOPs: 61.5170
2026-04-07 13:40:29 [INFO] [task_scheduler.cc:137] [Task #0: main] Trial #52: GFLOPs: 28.3654. Time: 2661.6055 us. Best GFLOPs: 61.5170
2026-04-07 13:40:29 [INFO] [task_scheduler.cc:137] [Task #0: main] Trial #53: GFLOPs: 13.5279. Time: 5580.8789 us. Best GFLOPs: 61.5170
2026-04-07 13:40:29 [INFO] [task_scheduler.cc:137] [Task #0: main] Trial #54: GFLOPs: 18.2180. Time: 4144.1196 us. Best GFLOPs: 61.5170
2026-04-07 13:40:29 [INFO] [task_scheduler.cc:137] [Task #0: main] Trial #55: GFLOPs: 31.7994. Time: 2374.1823 us. Best GFLOPs: 61.5170
2026-04-07 13:40:29 [INFO] [task_scheduler.cc:137] [Task #0: main] Trial #56: GFLOPs: 30.2078. Time: 2499.2671 us. Best GFLOPs: 61.5170
2026-04-07 13:40:29 [INFO] [task_scheduler.cc:137] [Task #0: main] Trial #57: GFLOPs: 20.3290. Time: 3713.7878 us. Best GFLOPs: 61.5170
2026-04-07 13:40:29 [INFO] [task_scheduler.cc:137] [Task #0: main] Trial #58: GFLOPs: 15.7353. Time: 4797.9565 us. Best GFLOPs: 61.5170
2026-04-07 13:40:29 [INFO] [task_scheduler.cc:137] [Task #0: main] Trial #59: GFLOPs: 11.6563. Time: 6476.9684 us. Best GFLOPs: 61.5170
2026-04-07 13:40:29 [INFO] [task_scheduler.cc:137] [Task #0: main] Trial #60: GFLOPs: 7.4528. Time: 10130.1186 us. Best GFLOPs: 61.5170
2026-04-07 13:40:29 [INFO] [task_scheduler.cc:137] [Task #0: main] Trial #61: GFLOPs: 0.9999. Time: 75503.2456 us. Best GFLOPs: 61.5170
2026-04-07 13:40:29 [INFO] [task_scheduler.cc:137] [Task #0: main] Trial #62: GFLOPs: 40.8567. Time: 1847.8592 us. Best GFLOPs: 61.5170
2026-04-07 13:40:29 [INFO] [task_scheduler.cc:137] [Task #0: main] Trial #63: GFLOPs: 57.2193. Time: 1319.4413 us. Best GFLOPs: 61.5170
2026-04-07 13:40:29 [INFO] [task_scheduler.cc:137] [Task #0: main] Trial #64: GFLOPs: 1.0249. Time: 73663.4950 us. Best GFLOPs: 61.5170
2026-04-07 13:40:29 [INFO] [evolutionary_search.cc:711] Generating candidates......
2026-04-07 13:40:29 [INFO] [evolutionary_search.cc:713] Picked top 64 candidate(s) from database
2026-04-07 13:40:29 [INFO] [evolutionary_search.cc:530] Sample-Init-Population summary:
Postproc #0 [meta_schedule.DisallowDynamicLoop(0x5bdf3d2170a8)]: 0 failure(s)
Postproc #1 [meta_schedule.RewriteParallelVectorizeUnroll(0x5bdf3cd9f1a8)]: 0 failure(s)
Postproc #2 [meta_schedule.RewriteReductionBlock(0x5bdf3cb96c48)]: 0 failure(s)
Postproc #3 [meta_schedule.RewriteLayout(0x5bdf3cfcc6d8)]: 0 failure(s)
2026-04-07 13:40:29 [INFO] [evolutionary_search.cc:721] Sampled 550 candidate(s)
2026-04-07 13:40:29 [INFO] [evolutionary_search.cc:619] Evolve iter #0 done. Summary:
Postproc #0 [meta_schedule.DisallowDynamicLoop(0x5bdf3d2170a8)]: 0 failure(s)
Postproc #1 [meta_schedule.RewriteParallelVectorizeUnroll(0x5bdf3cd9f1a8)]: 0 failure(s)
Postproc #2 [meta_schedule.RewriteReductionBlock(0x5bdf3cb96c48)]: 0 failure(s)
Postproc #3 [meta_schedule.RewriteLayout(0x5bdf3cfcc6d8)]: 0 failure(s)
2026-04-07 13:40:30 [INFO] [evolutionary_search.cc:619] Evolve iter #1 done. Summary:
Postproc #0 [meta_schedule.DisallowDynamicLoop(0x5bdf3d2170a8)]: 0 failure(s)
Postproc #1 [meta_schedule.RewriteParallelVectorizeUnroll(0x5bdf3cd9f1a8)]: 0 failure(s)
Postproc #2 [meta_schedule.RewriteReductionBlock(0x5bdf3cb96c48)]: 0 failure(s)
Postproc #3 [meta_schedule.RewriteLayout(0x5bdf3cfcc6d8)]: 0 failure(s)
2026-04-07 13:40:30 [INFO] [evolutionary_search.cc:619] Evolve iter #2 done. Summary:
Postproc #0 [meta_schedule.DisallowDynamicLoop(0x5bdf3d2170a8)]: 0 failure(s)
Postproc #1 [meta_schedule.RewriteParallelVectorizeUnroll(0x5bdf3cd9f1a8)]: 0 failure(s)
Postproc #2 [meta_schedule.RewriteReductionBlock(0x5bdf3cb96c48)]: 0 failure(s)
Postproc #3 [meta_schedule.RewriteLayout(0x5bdf3cfcc6d8)]: 0 failure(s)
2026-04-07 13:40:30 [INFO] [evolutionary_search.cc:619] Evolve iter #3 done. Summary:
Postproc #0 [meta_schedule.DisallowDynamicLoop(0x5bdf3d2170a8)]: 0 failure(s)
Postproc #1 [meta_schedule.RewriteParallelVectorizeUnroll(0x5bdf3cd9f1a8)]: 0 failure(s)
Postproc #2 [meta_schedule.RewriteReductionBlock(0x5bdf3cb96c48)]: 0 failure(s)
Postproc #3 [meta_schedule.RewriteLayout(0x5bdf3cfcc6d8)]: 0 failure(s)
2026-04-07 13:40:30 [INFO] [evolutionary_search.cc:647] Scores of the best 64 candidates:
[1 : 16]:	0.9996  0.9977  0.9958  0.9952  0.9940  0.9940  0.9930  0.9927  0.9927  0.9923  0.9920  0.9916  0.9915  0.9914  0.9912  0.9906
[17 : 32]:	0.9905  0.9904  0.9902  0.9892  0.9884  0.9877  0.9875  0.9874  0.9872  0.9865  0.9856  0.9853  0.9842  0.9842  0.9839  0.9838
[33 : 48]:	0.9837  0.9832  0.9831  0.9830  0.9828  0.9820  0.9814  0.9812  0.9810  0.9809  0.9806  0.9805  0.9798  0.9795  0.9778  0.9769
[49 : 64]:	0.9768  0.9767  0.9766  0.9763  0.9751  0.9747  0.9738  0.9734  0.9729  0.9724  0.9721  0.9719  0.9717  0.9716  0.9713  0.9707
2026-04-07 13:40:30 [INFO] [evolutionary_search.cc:725] Got 64 candidate(s) with evolutionary search
2026-04-07 13:40:30 [INFO] [evolutionary_search.cc:728] Sending 63 candidates(s) for measurement
2026-04-07 13:40:58 [INFO] [task_scheduler.cc:137] [Task #0: main] Trial #65: GFLOPs: 27.0477. Time: 2791.2722 us. Best GFLOPs: 61.5170
2026-04-07 13:40:58 [INFO] [task_scheduler.cc:137] [Task #0: main] Trial #66: GFLOPs: 12.9903. Time: 5811.8441 us. Best GFLOPs: 61.5170
2026-04-07 13:40:58 [INFO] [task_scheduler.cc:137] [Task #0: main] Trial #67: GFLOPs: 6.6736. Time: 11312.8472 us. Best GFLOPs: 61.5170
2026-04-07 13:40:58 [INFO] [task_scheduler.cc:137] [Task #0: main] Trial #68: GFLOPs: 21.0031. Time: 3594.5947 us. Best GFLOPs: 61.5170
2026-04-07 13:40:58 [INFO] [task_scheduler.cc:137] [Task #0: main] Trial #69: GFLOPs: 20.9208. Time: 3608.7246 us. Best GFLOPs: 61.5170
2026-04-07 13:40:58 [INFO] [task_scheduler.cc:137] [Task #0: main] Trial #70: GFLOPs: 38.5461. Time: 1958.6285 us. Best GFLOPs: 61.5170
2026-04-07 13:40:58 [INFO] [task_scheduler.cc:137] [Task #0: main] Trial #71: GFLOPs: 41.9534. Time: 1799.5534 us. Best GFLOPs: 61.5170
2026-04-07 13:40:58 [INFO] [task_scheduler.cc:137] [Task #0: main] Trial #72: GFLOPs: 24.5907. Time: 3070.1598 us. Best GFLOPs: 61.5170
2026-04-07 13:40:58 [INFO] [task_scheduler.cc:137] [Task #0: main] Trial #73: GFLOPs: 22.6853. Time: 3328.0284 us. Best GFLOPs: 61.5170
2026-04-07 13:40:58 [INFO] [task_scheduler.cc:137] [Task #0: main] Trial #74: GFLOPs: 79.8584. Time: 945.3919 us. Best GFLOPs: 79.8584
2026-04-07 13:40:58 [INFO] [task_scheduler.cc:137] [Task #0: main] Trial #75: GFLOPs: 5.4953. Time: 13738.6449 us. Best GFLOPs: 79.8584
2026-04-07 13:40:58 [INFO] [task_scheduler.cc:137] [Task #0: main] Trial #76: GFLOPs: 82.1045. Time: 919.5295 us. Best GFLOPs: 82.1045
2026-04-07 13:40:58 [INFO] [task_scheduler.cc:137] [Task #0: main] Trial #77: GFLOPs: 4.5885. Time: 16453.8046 us. Best GFLOPs: 82.1045
2026-04-07 13:40:58 [INFO] [task_scheduler.cc:137] [Task #0: main] Trial #78: GFLOPs: 12.7007. Time: 5944.3467 us. Best GFLOPs: 82.1045
2026-04-07 13:40:58 [INFO] [task_scheduler.cc:137] [Task #0: main] Trial #79: GFLOPs: 5.5766. Time: 13538.3574 us. Best GFLOPs: 82.1045
2026-04-07 13:40:58 [INFO] [task_scheduler.cc:137] [Task #0: main] Trial #80: GFLOPs: 63.3523. Time: 1191.7090 us. Best GFLOPs: 82.1045
2026-04-07 13:40:58 [INFO] [task_scheduler.cc:137] [Task #0: main] Trial #81: GFLOPs: 19.8044. Time: 3812.1604 us. Best GFLOPs: 82.1045
2026-04-07 13:40:58 [INFO] [task_scheduler.cc:137] [Task #0: main] Trial #82: GFLOPs: 51.3257. Time: 1470.9494 us. Best GFLOPs: 82.1045
2026-04-07 13:40:58 [INFO] [task_scheduler.cc:137] [Task #0: main] Trial #83: GFLOPs: 57.6748. Time: 1309.0191 us. Best GFLOPs: 82.1045
2026-04-07 13:40:58 [INFO] [task_scheduler.cc:137] [Task #0: main] Trial #84: GFLOPs: 27.3980. Time: 2755.5856 us. Best GFLOPs: 82.1045
2026-04-07 13:40:58 [INFO] [task_scheduler.cc:137] [Task #0: main] Trial #85: GFLOPs: 23.8846. Time: 3160.9301 us. Best GFLOPs: 82.1045
2026-04-07 13:40:58 [INFO] [task_scheduler.cc:137] [Task #0: main] Trial #86: GFLOPs: 18.7042. Time: 4036.3853 us. Best GFLOPs: 82.1045
2026-04-07 13:40:58 [INFO] [task_scheduler.cc:137] [Task #0: main] Trial #87: GFLOPs: 47.1530. Time: 1601.1175 us. Best GFLOPs: 82.1045
2026-04-07 13:40:58 [INFO] [task_scheduler.cc:137] [Task #0: main] Trial #88: GFLOPs: 40.4680. Time: 1865.6101 us. Best GFLOPs: 82.1045
2026-04-07 13:40:58 [INFO] [task_scheduler.cc:137] [Task #0: main] Trial #89: GFLOPs: 70.9723. Time: 1063.7599 us. Best GFLOPs: 82.1045
2026-04-07 13:40:58 [INFO] [task_scheduler.cc:137] [Task #0: main] Trial #90: GFLOPs: 70.2943. Time: 1074.0206 us. Best GFLOPs: 82.1045
2026-04-07 13:40:58 [INFO] [task_scheduler.cc:137] [Task #0: main] Trial #91: GFLOPs: 29.7958. Time: 2533.8270 us. Best GFLOPs: 82.1045
2026-04-07 13:40:58 [INFO] [task_scheduler.cc:137] [Task #0: main] Trial #92: GFLOPs: 44.3301. Time: 1703.0766 us. Best GFLOPs: 82.1045
2026-04-07 13:40:58 [INFO] [task_scheduler.cc:137] [Task #0: main] Trial #93: GFLOPs: 19.1966. Time: 3932.8598 us. Best GFLOPs: 82.1045
2026-04-07 13:40:58 [INFO] [task_scheduler.cc:137] [Task #0: main] Trial #94: GFLOPs: 10.4883. Time: 7198.2517 us. Best GFLOPs: 82.1045
2026-04-07 13:40:58 [INFO] [task_scheduler.cc:137] [Task #0: main] Trial #95: GFLOPs: 32.7460. Time: 2305.5476 us. Best GFLOPs: 82.1045
2026-04-07 13:40:58 [INFO] [task_scheduler.cc:137] [Task #0: main] Trial #96: GFLOPs: 31.5109. Time: 2395.9145 us. Best GFLOPs: 82.1045
2026-04-07 13:40:58 [INFO] [task_scheduler.cc:137] [Task #0: main] Trial #97: GFLOPs: 18.9320. Time: 3987.8310 us. Best GFLOPs: 82.1045
2026-04-07 13:40:58 [INFO] [task_scheduler.cc:137] [Task #0: main] Trial #98: GFLOPs: 24.7294. Time: 3052.9428 us. Best GFLOPs: 82.1045
2026-04-07 13:40:58 [INFO] [task_scheduler.cc:137] [Task #0: main] Trial #99: GFLOPs: 1.6788. Time: 44971.6950 us. Best GFLOPs: 82.1045
2026-04-07 13:40:58 [INFO] [task_scheduler.cc:137] [Task #0: main] Trial #100: GFLOPs: 1.9472. Time: 38772.9646 us. Best GFLOPs: 82.1045
2026-04-07 13:40:58 [INFO] [task_scheduler.cc:137] [Task #0: main] Trial #101: GFLOPs: 36.6147. Time: 2061.9442 us. Best GFLOPs: 82.1045
2026-04-07 13:40:58 [INFO] [task_scheduler.cc:137] [Task #0: main] Trial #102: GFLOPs: 54.4919. Time: 1385.4798 us. Best GFLOPs: 82.1045
2026-04-07 13:40:58 [INFO] [task_scheduler.cc:137] [Task #0: main] Trial #103: GFLOPs: 27.4856. Time: 2746.7976 us. Best GFLOPs: 82.1045
2026-04-07 13:40:58 [INFO] [task_scheduler.cc:137] [Task #0: main] Trial #104: GFLOPs: 22.9304. Time: 3292.4651 us. Best GFLOPs: 82.1045
2026-04-07 13:40:58 [INFO] [task_scheduler.cc:137] [Task #0: main] Trial #105: GFLOPs: 6.1602. Time: 12255.7253 us. Best GFLOPs: 82.1045
2026-04-07 13:40:58 [INFO] [task_scheduler.cc:137] [Task #0: main] Trial #106: GFLOPs: 19.2265. Time: 3926.7306 us. Best GFLOPs: 82.1045
2026-04-07 13:40:58 [INFO] [task_scheduler.cc:137] [Task #0: main] Trial #107: GFLOPs: 32.2581. Time: 2340.4195 us. Best GFLOPs: 82.1045
2026-04-07 13:40:58 [INFO] [task_scheduler.cc:137] [Task #0: main] Trial #108: GFLOPs: 19.9113. Time: 3791.6984 us. Best GFLOPs: 82.1045
2026-04-07 13:40:58 [INFO] [task_scheduler.cc:137] [Task #0: main] Trial #109: GFLOPs: 55.6616. Time: 1356.3649 us. Best GFLOPs: 82.1045
2026-04-07 13:40:58 [INFO] [task_scheduler.cc:137] [Task #0: main] Trial #110: GFLOPs: 12.4139. Time: 6081.7117 us. Best GFLOPs: 82.1045
2026-04-07 13:40:58 [INFO] [task_scheduler.cc:137] [Task #0: main] Trial #111: GFLOPs: 46.8214. Time: 1612.4560 us. Best GFLOPs: 82.1045
2026-04-07 13:40:58 [INFO] [task_scheduler.cc:137] [Task #0: main] Trial #112: GFLOPs: 22.9441. Time: 3290.4998 us. Best GFLOPs: 82.1045
2026-04-07 13:40:58 [INFO] [task_scheduler.cc:137] [Task #0: main] Trial #113: GFLOPs: 17.5001. Time: 4314.1265 us. Best GFLOPs: 82.1045
2026-04-07 13:40:58 [INFO] [task_scheduler.cc:137] [Task #0: main] Trial #114: GFLOPs: 9.2821. Time: 8133.6583 us. Best GFLOPs: 82.1045
2026-04-07 13:40:58 [INFO] [task_scheduler.cc:137] [Task #0: main] Trial #115: GFLOPs: 45.0230. Time: 1676.8660 us. Best GFLOPs: 82.1045
2026-04-07 13:40:58 [INFO] [task_scheduler.cc:137] [Task #0: main] Trial #116: GFLOPs: 12.9500. Time: 5829.9001 us. Best GFLOPs: 82.1045
2026-04-07 13:40:58 [INFO] [task_scheduler.cc:137] [Task #0: main] Trial #117: GFLOPs: 6.5103. Time: 11596.6448 us. Best GFLOPs: 82.1045
2026-04-07 13:40:58 [INFO] [task_scheduler.cc:137] [Task #0: main] Trial #118: GFLOPs: 17.5033. Time: 4313.3256 us. Best GFLOPs: 82.1045
2026-04-07 13:40:58 [INFO] [task_scheduler.cc:137] [Task #0: main] Trial #119: GFLOPs: 32.2695. Time: 2339.5929 us. Best GFLOPs: 82.1045
2026-04-07 13:40:58 [INFO] [task_scheduler.cc:137] [Task #0: main] Trial #120: GFLOPs: 44.1024. Time: 1711.8668 us. Best GFLOPs: 82.1045
2026-04-07 13:40:58 [INFO] [task_scheduler.cc:137] [Task #0: main] Trial #121: GFLOPs: 11.6582. Time: 6475.9106 us. Best GFLOPs: 82.1045
2026-04-07 13:40:58 [INFO] [task_scheduler.cc:137] [Task #0: main] Trial #122: GFLOPs: 29.7549. Time: 2537.3093 us. Best GFLOPs: 82.1045
2026-04-07 13:40:58 [INFO] [task_scheduler.cc:137] [Task #0: main] Trial #123: GFLOPs: 12.2440. Time: 6166.0907 us. Best GFLOPs: 82.1045
2026-04-07 13:40:58 [INFO] [task_scheduler.cc:137] [Task #0: main] Trial #124: GFLOPs: 18.4654. Time: 4088.5859 us. Best GFLOPs: 82.1045
2026-04-07 13:40:58 [INFO] [task_scheduler.cc:137] [Task #0: main] Trial #125: GFLOPs: 19.4126. Time: 3889.0938 us. Best GFLOPs: 82.1045
2026-04-07 13:40:58 [INFO] [task_scheduler.cc:137] [Task #0: main] Trial #126: GFLOPs: 26.8236. Time: 2814.5872 us. Best GFLOPs: 82.1045
2026-04-07 13:40:58 [INFO] [task_scheduler.cc:137] [Task #0: main] Trial #127: GFLOPs: 22.3928. Time: 3371.5022 us. Best GFLOPs: 82.1045
2026-04-07 13:40:58 [INFO] [evolutionary_search.cc:711] Generating candidates......
2026-04-07 13:40:58 [INFO] [evolutionary_search.cc:713] Picked top 122 candidate(s) from database
2026-04-07 13:40:59 [INFO] [evolutionary_search.cc:530] Sample-Init-Population summary:
Postproc #0 [meta_schedule.DisallowDynamicLoop(0x5bdf3d2170a8)]: 0 failure(s)
Postproc #1 [meta_schedule.RewriteParallelVectorizeUnroll(0x5bdf3cd9f1a8)]: 0 failure(s)
Postproc #2 [meta_schedule.RewriteReductionBlock(0x5bdf3cb96c48)]: 0 failure(s)
Postproc #3 [meta_schedule.RewriteLayout(0x5bdf3cfcc6d8)]: 0 failure(s)
2026-04-07 13:40:59 [INFO] [evolutionary_search.cc:721] Sampled 492 candidate(s)
2026-04-07 13:41:00 [INFO] [evolutionary_search.cc:619] Evolve iter #0 done. Summary:
Postproc #0 [meta_schedule.DisallowDynamicLoop(0x5bdf3d2170a8)]: 0 failure(s)
Postproc #1 [meta_schedule.RewriteParallelVectorizeUnroll(0x5bdf3cd9f1a8)]: 0 failure(s)
Postproc #2 [meta_schedule.RewriteReductionBlock(0x5bdf3cb96c48)]: 0 failure(s)
Postproc #3 [meta_schedule.RewriteLayout(0x5bdf3cfcc6d8)]: 0 failure(s)
2026-04-07 13:41:01 [INFO] [evolutionary_search.cc:619] Evolve iter #1 done. Summary:
Postproc #0 [meta_schedule.DisallowDynamicLoop(0x5bdf3d2170a8)]: 0 failure(s)
Postproc #1 [meta_schedule.RewriteParallelVectorizeUnroll(0x5bdf3cd9f1a8)]: 0 failure(s)
Postproc #2 [meta_schedule.RewriteReductionBlock(0x5bdf3cb96c48)]: 0 failure(s)
Postproc #3 [meta_schedule.RewriteLayout(0x5bdf3cfcc6d8)]: 0 failure(s)
2026-04-07 13:41:02 [INFO] [evolutionary_search.cc:619] Evolve iter #2 done. Summary:
Postproc #0 [meta_schedule.DisallowDynamicLoop(0x5bdf3d2170a8)]: 0 failure(s)
Postproc #1 [meta_schedule.RewriteParallelVectorizeUnroll(0x5bdf3cd9f1a8)]: 0 failure(s)
Postproc #2 [meta_schedule.RewriteReductionBlock(0x5bdf3cb96c48)]: 0 failure(s)
Postproc #3 [meta_schedule.RewriteLayout(0x5bdf3cfcc6d8)]: 0 failure(s)
2026-04-07 13:41:03 [INFO] [evolutionary_search.cc:619] Evolve iter #3 done. Summary:
Postproc #0 [meta_schedule.DisallowDynamicLoop(0x5bdf3d2170a8)]: 0 failure(s)
Postproc #1 [meta_schedule.RewriteParallelVectorizeUnroll(0x5bdf3cd9f1a8)]: 0 failure(s)
Postproc #2 [meta_schedule.RewriteReductionBlock(0x5bdf3cb96c48)]: 0 failure(s)
Postproc #3 [meta_schedule.RewriteLayout(0x5bdf3cfcc6d8)]: 0 failure(s)
2026-04-07 13:41:03 [INFO] [evolutionary_search.cc:647] Scores of the best 64 candidates:
[1 : 16]:	0.9893  0.9814  0.9814  0.9814  0.9814  0.9814  0.9066  0.9057  0.9030  0.8647  0.8647  0.8624  0.8518  0.8518  0.8511  0.8501
[17 : 32]:	0.8367  0.8283  0.8217  0.8217  0.8186  0.8169  0.8094  0.8091  0.8091  0.8091  0.8077  0.8044  0.8026  0.8019  0.8013  0.7975
[33 : 48]:	0.7933  0.7933  0.7924  0.7916  0.7906  0.7906  0.7860  0.7844  0.7841  0.7832  0.7819  0.7805  0.7780  0.7777  0.7770  0.7767
[49 : 64]:	0.7767  0.7767  0.7767  0.7760  0.7752  0.7724  0.7719  0.7717  0.7709  0.7706  0.7682  0.7675  0.7661  0.7653  0.7650  0.7646
2026-04-07 13:41:03 [INFO] [evolutionary_search.cc:725] Got 64 candidate(s) with evolutionary search
2026-04-07 13:41:03 [INFO] [evolutionary_search.cc:728] Sending 64 candidates(s) for measurement
2026-04-07 13:41:39 [INFO] [task_scheduler.cc:137] [Task #0: main] Trial #128: GFLOPs: 58.4921. Time: 1290.7301 us. Best GFLOPs: 82.1045
2026-04-07 13:41:39 [INFO] [task_scheduler.cc:137] [Task #0: main] Trial #129: GFLOPs: 85.4024. Time: 884.0206 us. Best GFLOPs: 85.4024
2026-04-07 13:41:39 [INFO] [task_scheduler.cc:137] [Task #0: main] Trial #130: GFLOPs: 72.9927. Time: 1034.3148 us. Best GFLOPs: 85.4024
2026-04-07 13:41:39 [INFO] [task_scheduler.cc:137] [Task #0: main] Trial #131: GFLOPs: 76.4743. Time: 987.2265 us. Best GFLOPs: 85.4024
2026-04-07 13:41:39 [INFO] [task_scheduler.cc:137] [Task #0: main] Trial #132: GFLOPs: 77.5471. Time: 973.5692 us. Best GFLOPs: 85.4024
2026-04-07 13:41:39 [INFO] [task_scheduler.cc:137] [Task #0: main] Trial #133: GFLOPs: 67.9443. Time: 1111.1676 us. Best GFLOPs: 85.4024
2026-04-07 13:41:39 [INFO] [task_scheduler.cc:137] [Task #0: main] Trial #134: GFLOPs: 60.6689. Time: 1244.4178 us. Best GFLOPs: 85.4024
2026-04-07 13:41:39 [INFO] [task_scheduler.cc:137] [Task #0: main] Trial #135: GFLOPs: 58.2662. Time: 1295.7341 us. Best GFLOPs: 85.4024
2026-04-07 13:41:39 [INFO] [task_scheduler.cc:137] [Task #0: main] Trial #136: GFLOPs: 83.9315. Time: 899.5132 us. Best GFLOPs: 85.4024
2026-04-07 13:41:39 [INFO] [task_scheduler.cc:137] [Task #0: main] Trial #137: GFLOPs: 43.2404. Time: 1745.9945 us. Best GFLOPs: 85.4024
2026-04-07 13:41:39 [INFO] [task_scheduler.cc:137] [Task #0: main] Trial #138: GFLOPs: 29.0384. Time: 2599.9193 us. Best GFLOPs: 85.4024
2026-04-07 13:41:39 [INFO] [task_scheduler.cc:137] [Task #0: main] Trial #139: GFLOPs: 75.5407. Time: 999.4273 us. Best GFLOPs: 85.4024
2026-04-07 13:41:39 [INFO] [task_scheduler.cc:137] [Task #0: main] Trial #140: GFLOPs: 61.2860. Time: 1231.8879 us. Best GFLOPs: 85.4024
2026-04-07 13:41:39 [INFO] [task_scheduler.cc:137] [Task #0: main] Trial #141: GFLOPs: 57.7439. Time: 1307.4543 us. Best GFLOPs: 85.4024
2026-04-07 13:41:39 [INFO] [task_scheduler.cc:137] [Task #0: main] Trial #142: GFLOPs: 62.7174. Time: 1203.7724 us. Best GFLOPs: 85.4024
2026-04-07 13:41:39 [INFO] [task_scheduler.cc:137] [Task #0: main] Trial #143: GFLOPs: 58.3349. Time: 1294.2070 us. Best GFLOPs: 85.4024
2026-04-07 13:41:39 [INFO] [task_scheduler.cc:137] [Task #0: main] Trial #144: GFLOPs: 33.9015. Time: 2226.9628 us. Best GFLOPs: 85.4024
2026-04-07 13:41:39 [INFO] [task_scheduler.cc:137] [Task #0: main] Trial #145: GFLOPs: 64.9698. Time: 1162.0392 us. Best GFLOPs: 85.4024
2026-04-07 13:41:39 [INFO] [task_scheduler.cc:137] [Task #0: main] Trial #146: GFLOPs: 25.6157. Time: 2947.3149 us. Best GFLOPs: 85.4024
2026-04-07 13:41:39 [INFO] [task_scheduler.cc:137] [Task #0: main] Trial #147: GFLOPs: 28.2031. Time: 2676.9202 us. Best GFLOPs: 85.4024
2026-04-07 13:41:39 [INFO] [task_scheduler.cc:137] [Task #0: main] Trial #148: GFLOPs: 31.5258. Time: 2394.7835 us. Best GFLOPs: 85.4024
2026-04-07 13:41:39 [INFO] [task_scheduler.cc:137] [Task #0: main] Trial #149: GFLOPs: 50.2439. Time: 1502.6204 us. Best GFLOPs: 85.4024
2026-04-07 13:41:39 [INFO] [task_scheduler.cc:137] [Task #0: main] Trial #150: GFLOPs: 27.6039. Time: 2735.0261 us. Best GFLOPs: 85.4024
2026-04-07 13:41:39 [INFO] [task_scheduler.cc:137] [Task #0: main] Trial #151: GFLOPs: 26.0962. Time: 2893.0441 us. Best GFLOPs: 85.4024
2026-04-07 13:41:39 [INFO] [task_scheduler.cc:137] [Task #0: main] Trial #152: GFLOPs: 22.6475. Time: 3333.5904 us. Best GFLOPs: 85.4024
2026-04-07 13:41:39 [INFO] [task_scheduler.cc:137] [Task #0: main] Trial #153: GFLOPs: 48.4353. Time: 1558.7280 us. Best GFLOPs: 85.4024
2026-04-07 13:41:39 [INFO] [task_scheduler.cc:137] [Task #0: main] Trial #154: GFLOPs: 35.7702. Time: 2110.6258 us. Best GFLOPs: 85.4024
2026-04-07 13:41:39 [INFO] [task_scheduler.cc:137] [Task #0: main] Trial #155: GFLOPs: 40.0767. Time: 1883.8261 us. Best GFLOPs: 85.4024
2026-04-07 13:41:39 [INFO] [task_scheduler.cc:137] [Task #0: main] Trial #156: GFLOPs: 24.0135. Time: 3143.9636 us. Best GFLOPs: 85.4024
2026-04-07 13:41:39 [INFO] [task_scheduler.cc:137] [Task #0: main] Trial #157: GFLOPs: 10.3740. Time: 7277.5827 us. Best GFLOPs: 85.4024
2026-04-07 13:41:39 [INFO] [task_scheduler.cc:137] [Task #0: main] Trial #158: GFLOPs: 43.9659. Time: 1717.1843 us. Best GFLOPs: 85.4024
2026-04-07 13:41:39 [INFO] [task_scheduler.cc:137] [Task #0: main] Trial #159: GFLOPs: 40.6222. Time: 1858.5285 us. Best GFLOPs: 85.4024
2026-04-07 13:41:39 [INFO] [task_scheduler.cc:137] [Task #0: main] Trial #160: GFLOPs: 42.5785. Time: 1773.1351 us. Best GFLOPs: 85.4024
2026-04-07 13:41:39 [INFO] [task_scheduler.cc:137] [Task #0: main] Trial #161: GFLOPs: 52.7884. Time: 1430.1898 us. Best GFLOPs: 85.4024
2026-04-07 13:41:39 [INFO] [task_scheduler.cc:137] [Task #0: main] Trial #162: GFLOPs: 40.3941. Time: 1869.0219 us. Best GFLOPs: 85.4024
2026-04-07 13:41:39 [INFO] [task_scheduler.cc:137] [Task #0: main] Trial #163: GFLOPs: 43.4315. Time: 1738.3099 us. Best GFLOPs: 85.4024
2026-04-07 13:41:39 [INFO] [task_scheduler.cc:137] [Task #0: main] Trial #164: GFLOPs: 47.8473. Time: 1577.8822 us. Best GFLOPs: 85.4024
2026-04-07 13:41:39 [INFO] [task_scheduler.cc:137] [Task #0: main] Trial #165: GFLOPs: 53.1668. Time: 1420.0124 us. Best GFLOPs: 85.4024
2026-04-07 13:41:39 [INFO] [task_scheduler.cc:137] [Task #0: main] Trial #166: GFLOPs: 61.9890. Time: 1217.9165 us. Best GFLOPs: 85.4024
2026-04-07 13:41:39 [INFO] [task_scheduler.cc:137] [Task #0: main] Trial #167: GFLOPs: 36.1637. Time: 2087.6592 us. Best GFLOPs: 85.4024
2026-04-07 13:41:39 [INFO] [task_scheduler.cc:137] [Task #0: main] Trial #168: GFLOPs: 47.4384. Time: 1591.4828 us. Best GFLOPs: 85.4024
2026-04-07 13:41:39 [INFO] [task_scheduler.cc:137] [Task #0: main] Trial #169: GFLOPs: 33.7873. Time: 2234.4947 us. Best GFLOPs: 85.4024
2026-04-07 13:41:39 [INFO] [task_scheduler.cc:137] [Task #0: main] Trial #170: GFLOPs: 35.7457. Time: 2112.0732 us. Best GFLOPs: 85.4024
2026-04-07 13:41:39 [INFO] [task_scheduler.cc:137] [Task #0: main] Trial #171: GFLOPs: 40.8059. Time: 1850.1586 us. Best GFLOPs: 85.4024
2026-04-07 13:41:39 [INFO] [task_scheduler.cc:137] [Task #0: main] Trial #172: GFLOPs: 44.7338. Time: 1687.7042 us. Best GFLOPs: 85.4024
2026-04-07 13:41:39 [INFO] [task_scheduler.cc:137] [Task #0: main] Trial #173: GFLOPs: 39.9649. Time: 1889.0942 us. Best GFLOPs: 85.4024
2026-04-07 13:41:39 [INFO] [task_scheduler.cc:137] [Task #0: main] Trial #174: GFLOPs: 8.8682. Time: 8513.2554 us. Best GFLOPs: 85.4024
2026-04-07 13:41:39 [INFO] [task_scheduler.cc:137] [Task #0: main] Trial #175: GFLOPs: 41.1158. Time: 1836.2149 us. Best GFLOPs: 85.4024
2026-04-07 13:41:39 [INFO] [task_scheduler.cc:137] [Task #0: main] Trial #176: GFLOPs: 43.7751. Time: 1724.6674 us. Best GFLOPs: 85.4024
2026-04-07 13:41:39 [INFO] [task_scheduler.cc:137] [Task #0: main] Trial #177: GFLOPs: 38.7275. Time: 1949.4537 us. Best GFLOPs: 85.4024
2026-04-07 13:41:39 [INFO] [task_scheduler.cc:137] [Task #0: main] Trial #178: GFLOPs: 43.9791. Time: 1716.6657 us. Best GFLOPs: 85.4024
2026-04-07 13:41:39 [INFO] [task_scheduler.cc:137] [Task #0: main] Trial #179: GFLOPs: 62.9602. Time: 1199.1298 us. Best GFLOPs: 85.4024
2026-04-07 13:41:39 [INFO] [task_scheduler.cc:137] [Task #0: main] Trial #180: GFLOPs: 69.4331. Time: 1087.3416 us. Best GFLOPs: 85.4024
2026-04-07 13:41:39 [INFO] [task_scheduler.cc:137] [Task #0: main] Trial #181: GFLOPs: 48.3439. Time: 1561.6761 us. Best GFLOPs: 85.4024
2026-04-07 13:41:39 [INFO] [task_scheduler.cc:137] [Task #0: main] Trial #182: GFLOPs: 41.3647. Time: 1825.1662 us. Best GFLOPs: 85.4024
2026-04-07 13:41:39 [INFO] [task_scheduler.cc:137] [Task #0: main] Trial #183: GFLOPs: 36.5972. Time: 2062.9277 us. Best GFLOPs: 85.4024
2026-04-07 13:41:39 [INFO] [task_scheduler.cc:137] [Task #0: main] Trial #184: GFLOPs: 38.9371. Time: 1938.9608 us. Best GFLOPs: 85.4024
2026-04-07 13:41:39 [INFO] [task_scheduler.cc:137] [Task #0: main] Trial #185: GFLOPs: 42.5795. Time: 1773.0941 us. Best GFLOPs: 85.4024
2026-04-07 13:41:39 [INFO] [task_scheduler.cc:137] [Task #0: main] Trial #186: GFLOPs: 51.3648. Time: 1469.8279 us. Best GFLOPs: 85.4024
2026-04-07 13:41:39 [INFO] [task_scheduler.cc:137] [Task #0: main] Trial #187: GFLOPs: 45.0227. Time: 1676.8747 us. Best GFLOPs: 85.4024
2026-04-07 13:41:39 [INFO] [task_scheduler.cc:137] [Task #0: main] Trial #188: GFLOPs: 6.5730. Time: 11486.0049 us. Best GFLOPs: 85.4024
2026-04-07 13:41:39 [INFO] [task_scheduler.cc:137] [Task #0: main] Trial #189: GFLOPs: 18.7542. Time: 4025.6214 us. Best GFLOPs: 85.4024
2026-04-07 13:41:39 [INFO] [task_scheduler.cc:137] [Task #0: main] Trial #190: GFLOPs: 30.8755. Time: 2445.2242 us. Best GFLOPs: 85.4024
2026-04-07 13:41:39 [INFO] [task_scheduler.cc:137] [Task #0: main] Trial #191: GFLOPs: 5.0912. Time: 14829.1056 us. Best GFLOPs: 85.4024
2026-04-07 13:41:39 [INFO] [evolutionary_search.cc:711] Generating candidates......
2026-04-07 13:41:39 [INFO] [evolutionary_search.cc:713] Picked top 122 candidate(s) from database
2026-04-07 13:41:39 [INFO] [evolutionary_search.cc:530] Sample-Init-Population summary:
Postproc #0 [meta_schedule.DisallowDynamicLoop(0x5bdf3d2170a8)]: 0 failure(s)
Postproc #1 [meta_schedule.RewriteParallelVectorizeUnroll(0x5bdf3cd9f1a8)]: 0 failure(s)
Postproc #2 [meta_schedule.RewriteReductionBlock(0x5bdf3cb96c48)]: 0 failure(s)
Postproc #3 [meta_schedule.RewriteLayout(0x5bdf3cfcc6d8)]: 0 failure(s)
2026-04-07 13:41:39 [INFO] [evolutionary_search.cc:721] Sampled 492 candidate(s)
2026-04-07 13:41:40 [INFO] [evolutionary_search.cc:619] Evolve iter #0 done. Summary:
Postproc #0 [meta_schedule.DisallowDynamicLoop(0x5bdf3d2170a8)]: 0 failure(s)
Postproc #1 [meta_schedule.RewriteParallelVectorizeUnroll(0x5bdf3cd9f1a8)]: 0 failure(s)
Postproc #2 [meta_schedule.RewriteReductionBlock(0x5bdf3cb96c48)]: 0 failure(s)
Postproc #3 [meta_schedule.RewriteLayout(0x5bdf3cfcc6d8)]: 0 failure(s)
2026-04-07 13:41:41 [INFO] [evolutionary_search.cc:619] Evolve iter #1 done. Summary:
Postproc #0 [meta_schedule.DisallowDynamicLoop(0x5bdf3d2170a8)]: 0 failure(s)
Postproc #1 [meta_schedule.RewriteParallelVectorizeUnroll(0x5bdf3cd9f1a8)]: 0 failure(s)
Postproc #2 [meta_schedule.RewriteReductionBlock(0x5bdf3cb96c48)]: 0 failure(s)
Postproc #3 [meta_schedule.RewriteLayout(0x5bdf3cfcc6d8)]: 0 failure(s)
2026-04-07 13:41:42 [INFO] [evolutionary_search.cc:619] Evolve iter #2 done. Summary:
Postproc #0 [meta_schedule.DisallowDynamicLoop(0x5bdf3d2170a8)]: 0 failure(s)
Postproc #1 [meta_schedule.RewriteParallelVectorizeUnroll(0x5bdf3cd9f1a8)]: 0 failure(s)
Postproc #2 [meta_schedule.RewriteReductionBlock(0x5bdf3cb96c48)]: 0 failure(s)
Postproc #3 [meta_schedule.RewriteLayout(0x5bdf3cfcc6d8)]: 0 failure(s)
2026-04-07 13:41:43 [INFO] [evolutionary_search.cc:619] Evolve iter #3 done. Summary:
Postproc #0 [meta_schedule.DisallowDynamicLoop(0x5bdf3d2170a8)]: 0 failure(s)
Postproc #1 [meta_schedule.RewriteParallelVectorizeUnroll(0x5bdf3cd9f1a8)]: 0 failure(s)
Postproc #2 [meta_schedule.RewriteReductionBlock(0x5bdf3cb96c48)]: 0 failure(s)
Postproc #3 [meta_schedule.RewriteLayout(0x5bdf3cfcc6d8)]: 0 failure(s)
2026-04-07 13:41:44 [INFO] [evolutionary_search.cc:647] Scores of the best 39 candidates:
[1 : 16]:	0.9265  0.9234  0.9234  0.9216  0.9127  0.9078  0.8899  0.8729  0.8708  0.8705  0.8688  0.8663  0.8625  0.8607  0.8584  0.8582
[17 : 32]:	0.8571  0.8518  0.8509  0.8499  0.8499  0.8484  0.8477  0.8471  0.8471  0.8450  0.8411  0.8404  0.8393  0.8393  0.8386  0.8376
[33 : 39]:	0.8376  0.8375  0.8370  0.8349  0.8333  0.8333  0.8320
2026-04-07 13:41:44 [INFO] [evolutionary_search.cc:725] Got 39 candidate(s) with evolutionary search
2026-04-07 13:41:44 [INFO] [evolutionary_search.cc:728] Sending 39 candidates(s) for measurement
2026-04-07 13:42:06 [INFO] [task_scheduler.cc:137] [Task #0: main] Trial #192: GFLOPs: 58.8795. Time: 1282.2370 us. Best GFLOPs: 85.4024
2026-04-07 13:42:06 [INFO] [task_scheduler.cc:137] [Task #0: main] Trial #193: GFLOPs: 66.7390. Time: 1131.2354 us. Best GFLOPs: 85.4024
2026-04-07 13:42:06 [INFO] [task_scheduler.cc:137] [Task #0: main] Trial #194: GFLOPs: 66.7017. Time: 1131.8665 us. Best GFLOPs: 85.4024
2026-04-07 13:42:06 [INFO] [task_scheduler.cc:137] [Task #0: main] Trial #195: GFLOPs: 74.8692. Time: 1008.3921 us. Best GFLOPs: 85.4024
2026-04-07 13:42:06 [INFO] [task_scheduler.cc:137] [Task #0: main] Trial #196: GFLOPs: 81.7546. Time: 923.4649 us. Best GFLOPs: 85.4024
2026-04-07 13:42:06 [INFO] [task_scheduler.cc:137] [Task #0: main] Trial #197: GFLOPs: 81.8296. Time: 922.6183 us. Best GFLOPs: 85.4024
2026-04-07 13:42:06 [INFO] [task_scheduler.cc:137] [Task #0: main] Trial #198: GFLOPs: 68.8395. Time: 1096.7176 us. Best GFLOPs: 85.4024
2026-04-07 13:42:06 [INFO] [task_scheduler.cc:137] [Task #0: main] Trial #199: GFLOPs: 76.3391. Time: 988.9748 us. Best GFLOPs: 85.4024
2026-04-07 13:42:06 [INFO] [task_scheduler.cc:137] [Task #0: main] Trial #200: GFLOPs: 59.9842. Time: 1258.6224 us. Best GFLOPs: 85.4024
2026-04-07 13:42:06 [INFO] [task_scheduler.cc:137] [Task #0: main] Trial #201: GFLOPs: 48.6675. Time: 1551.2908 us. Best GFLOPs: 85.4024
2026-04-07 13:42:06 [INFO] [task_scheduler.cc:137] [Task #0: main] Trial #202: GFLOPs: 77.0495. Time: 979.8565 us. Best GFLOPs: 85.4024
2026-04-07 13:42:06 [INFO] [task_scheduler.cc:137] [Task #0: main] Trial #203: GFLOPs: 74.5609. Time: 1012.5605 us. Best GFLOPs: 85.4024
2026-04-07 13:42:06 [INFO] [task_scheduler.cc:137] [Task #0: main] Trial #204: GFLOPs: 84.8436. Time: 889.8428 us. Best GFLOPs: 85.4024
2026-04-07 13:42:06 [INFO] [task_scheduler.cc:137] [Task #0: main] Trial #205: GFLOPs: 44.9251. Time: 1680.5179 us. Best GFLOPs: 85.4024
2026-04-07 13:42:06 [INFO] [task_scheduler.cc:137] [Task #0: main] Trial #206: GFLOPs: 43.7409. Time: 1726.0173 us. Best GFLOPs: 85.4024
2026-04-07 13:42:06 [INFO] [task_scheduler.cc:137] [Task #0: main] Trial #207: GFLOPs: 39.3085. Time: 1920.6377 us. Best GFLOPs: 85.4024
2026-04-07 13:42:06 [INFO] [task_scheduler.cc:137] [Task #0: main] Trial #208: GFLOPs: 75.5068. Time: 999.8765 us. Best GFLOPs: 85.4024
2026-04-07 13:42:06 [INFO] [task_scheduler.cc:137] [Task #0: main] Trial #209: GFLOPs: 50.8295. Time: 1485.3077 us. Best GFLOPs: 85.4024
2026-04-07 13:42:06 [INFO] [task_scheduler.cc:137] [Task #0: main] Trial #210: GFLOPs: 71.8440. Time: 1050.8533 us. Best GFLOPs: 85.4024
2026-04-07 13:42:06 [INFO] [task_scheduler.cc:137] [Task #0: main] Trial #211: GFLOPs: 76.1647. Time: 991.2399 us. Best GFLOPs: 85.4024
2026-04-07 13:42:06 [INFO] [task_scheduler.cc:137] [Task #0: main] Trial #212: GFLOPs: 75.3118. Time: 1002.4650 us. Best GFLOPs: 85.4024
2026-04-07 13:42:06 [INFO] [task_scheduler.cc:137] [Task #0: main] Trial #213: GFLOPs: 80.9005. Time: 933.2138 us. Best GFLOPs: 85.4024
2026-04-07 13:42:06 [INFO] [task_scheduler.cc:137] [Task #0: main] Trial #214: GFLOPs: 44.1027. Time: 1711.8549 us. Best GFLOPs: 85.4024
2026-04-07 13:42:06 [INFO] [task_scheduler.cc:137] [Task #0: main] Trial #215: GFLOPs: 63.2726. Time: 1193.2093 us. Best GFLOPs: 85.4024
2026-04-07 13:42:06 [INFO] [task_scheduler.cc:137] [Task #0: main] Trial #216: GFLOPs: 73.0872. Time: 1032.9787 us. Best GFLOPs: 85.4024
2026-04-07 13:42:06 [INFO] [task_scheduler.cc:137] [Task #0: main] Trial #217: GFLOPs: 58.2321. Time: 1296.4918 us. Best GFLOPs: 85.4024
2026-04-07 13:42:06 [INFO] [task_scheduler.cc:137] [Task #0: main] Trial #218: GFLOPs: 72.8083. Time: 1036.9352 us. Best GFLOPs: 85.4024
2026-04-07 13:42:06 [INFO] [task_scheduler.cc:137] [Task #0: main] Trial #219: GFLOPs: 65.5783. Time: 1151.2561 us. Best GFLOPs: 85.4024
2026-04-07 13:42:06 [INFO] [task_scheduler.cc:137] [Task #0: main] Trial #220: GFLOPs: 62.3433. Time: 1210.9965 us. Best GFLOPs: 85.4024
2026-04-07 13:42:06 [INFO] [task_scheduler.cc:137] [Task #0: main] Trial #221: GFLOPs: 55.9159. Time: 1350.1964 us. Best GFLOPs: 85.4024
2026-04-07 13:42:06 [INFO] [task_scheduler.cc:137] [Task #0: main] Trial #222: GFLOPs: 60.7282. Time: 1243.2034 us. Best GFLOPs: 85.4024
2026-04-07 13:42:06 [INFO] [task_scheduler.cc:137] [Task #0: main] Trial #223: GFLOPs: 70.9924. Time: 1063.4584 us. Best GFLOPs: 85.4024
2026-04-07 13:42:06 [INFO] [task_scheduler.cc:137] [Task #0: main] Trial #224: GFLOPs: 47.4345. Time: 1591.6166 us. Best GFLOPs: 85.4024
2026-04-07 13:42:06 [INFO] [task_scheduler.cc:137] [Task #0: main] Trial #225: GFLOPs: 67.3370. Time: 1121.1880 us. Best GFLOPs: 85.4024
2026-04-07 13:42:06 [INFO] [task_scheduler.cc:137] [Task #0: main] Trial #226: GFLOPs: 79.4790. Time: 949.9043 us. Best GFLOPs: 85.4024
2026-04-07 13:42:06 [INFO] [task_scheduler.cc:137] [Task #0: main] Trial #227: GFLOPs: 73.7884. Time: 1023.1621 us. Best GFLOPs: 85.4024
2026-04-07 13:42:06 [INFO] [task_scheduler.cc:137] [Task #0: main] Trial #228: GFLOPs: 81.7849. Time: 923.1223 us. Best GFLOPs: 85.4024
2026-04-07 13:42:06 [INFO] [task_scheduler.cc:137] [Task #0: main] Trial #229: GFLOPs: 79.8467. Time: 945.5297 us. Best GFLOPs: 85.4024
2026-04-07 13:42:06 [INFO] [task_scheduler.cc:137] [Task #0: main] Trial #230: GFLOPs: 56.4072. Time: 1338.4363 us. Best GFLOPs: 85.4024
