2026-04-07 14:48:12 [INFO] Logging directory: research/results/metaschedule/8020/iter_01/6d75cc9d5624ca79/mlp_reduce/M_16/logs
2026-04-07 14:48:12 [INFO] [task_scheduler.cc:165] Initializing Task #0: "main"
2026-04-07 14:48:12 [INFO] [task_scheduler.cc:326] 
 ID | Name |     FLOP | Weight | Speed (GFLOPS) | Latency (us) | Weighted Latency (us) | Trials | Done 
-------------------------------------------------------------------------------------------------------
  0 | main | 75497472 |      1 |            N/A |          N/A |                   N/A |      0 |      
-------------------------------------------------------------------------------------------------------
Total trials: 0
Total latency (us): 0

2026-04-07 14:48:12 [INFO] [task_scheduler.cc:186] TaskScheduler picks Task #0: "main"
2026-04-07 14:48:14 [INFO] [task_scheduler.cc:199] Sending 32 sample(s) to builder
2026-04-07 14:48:22 [INFO] [task_scheduler.cc:201] Sending 32 sample(s) to runner
2026-04-07 14:48:31 [DEBUG] XGB iter   0: tr-p-rmse: 0.556760	tr-a-peak@32: 1.000000	tr-rmse: 0.255499	tr-rmse: 0.255499
2026-04-07 14:48:31 [DEBUG] XGB iter  25: tr-p-rmse: 0.099017	tr-a-peak@32: 1.000000	tr-rmse: 0.284502	tr-rmse: 0.284502
2026-04-07 14:48:31 [DEBUG] XGB iter  50: tr-p-rmse: 0.098883	tr-a-peak@32: 1.000000	tr-rmse: 0.284632	tr-rmse: 0.284632
2026-04-07 14:48:31 [DEBUG] XGB iter  75: tr-p-rmse: 0.098883	tr-a-peak@32: 1.000000	tr-rmse: 0.284632	tr-rmse: 0.284632
2026-04-07 14:48:31 [DEBUG] XGB stopped. Best iteration: [38] tr-p-rmse:0.09888	tr-a-peak@32:1.00000	tr-rmse:0.28463	tr-rmse:0.28463 
2026-04-07 14:48:32 [INFO] [task_scheduler.cc:243] [Updated] Task #0: "main"
2026-04-07 14:48:32 [INFO] [task_scheduler.cc:326] 
 ID | Name |     FLOP | Weight | Speed (GFLOPS) | Latency (us) | Weighted Latency (us) | Trials | Done 
-------------------------------------------------------------------------------------------------------
  0 | main | 75497472 |      1 |        76.9228 |     981.4700 |              981.4700 |     32 |      
-------------------------------------------------------------------------------------------------------
Total trials: 32
Total latency (us): 981.47

2026-04-07 14:48:32 [INFO] [task_scheduler.cc:186] TaskScheduler picks Task #0: "main"
2026-04-07 14:48:34 [INFO] [task_scheduler.cc:199] Sending 32 sample(s) to builder
2026-04-07 14:48:43 [INFO] [task_scheduler.cc:201] Sending 32 sample(s) to runner
2026-04-07 14:48:53 [DEBUG] XGB validation: p-rmse: 0.301226	a-peak@32: 1.000000
2026-04-07 14:48:53 [DEBUG] XGB iter   0: tr-p-rmse: 0.521832	tr-a-peak@32: 1.000000	tr-rmse: 0.237053	tr-rmse: 0.237053
2026-04-07 14:48:53 [DEBUG] XGB iter  25: tr-p-rmse: 0.070097	tr-a-peak@32: 1.000000	tr-rmse: 0.250015	tr-rmse: 0.250015
2026-04-07 14:48:53 [DEBUG] XGB iter  50: tr-p-rmse: 0.070069	tr-a-peak@32: 1.000000	tr-rmse: 0.250046	tr-rmse: 0.250046
2026-04-07 14:48:53 [DEBUG] XGB iter  75: tr-p-rmse: 0.070069	tr-a-peak@32: 1.000000	tr-rmse: 0.250046	tr-rmse: 0.250046
2026-04-07 14:48:53 [DEBUG] XGB stopped. Best iteration: [35] tr-p-rmse:0.07007	tr-a-peak@32:1.00000	tr-rmse:0.25005	tr-rmse:0.25005 
2026-04-07 14:48:53 [INFO] [task_scheduler.cc:243] [Updated] Task #0: "main"
2026-04-07 14:48:53 [INFO] [task_scheduler.cc:326] 
 ID | Name |     FLOP | Weight | Speed (GFLOPS) | Latency (us) | Weighted Latency (us) | Trials | Done 
-------------------------------------------------------------------------------------------------------
  0 | main | 75497472 |      1 |        76.9228 |     981.4700 |              981.4700 |     64 |      
-------------------------------------------------------------------------------------------------------
Total trials: 64
Total latency (us): 981.47

2026-04-07 14:48:53 [INFO] [task_scheduler.cc:186] TaskScheduler picks Task #0: "main"
2026-04-07 14:48:55 [INFO] [task_scheduler.cc:199] Sending 32 sample(s) to builder
2026-04-07 14:49:08 [INFO] [task_scheduler.cc:201] Sending 32 sample(s) to runner
2026-04-07 14:49:18 [DEBUG] XGB validation: p-rmse: 0.194393	a-peak@32: 0.990531
2026-04-07 14:49:18 [DEBUG] XGB iter   0: tr-p-rmse: 0.506341	tr-a-peak@32: 1.000000	tr-rmse: 0.224514	tr-rmse: 0.224514
2026-04-07 14:49:18 [DEBUG] XGB iter  25: tr-p-rmse: 0.064615	tr-a-peak@32: 1.000000	tr-rmse: 0.248477	tr-rmse: 0.248477
2026-04-07 14:49:18 [DEBUG] XGB iter  50: tr-p-rmse: 0.064462	tr-a-peak@32: 1.000000	tr-rmse: 0.248659	tr-rmse: 0.248659
2026-04-07 14:49:18 [DEBUG] XGB iter  75: tr-p-rmse: 0.064462	tr-a-peak@32: 1.000000	tr-rmse: 0.248659	tr-rmse: 0.248659
2026-04-07 14:49:18 [DEBUG] XGB stopped. Best iteration: [39] tr-p-rmse:0.06446	tr-a-peak@32:1.00000	tr-rmse:0.24866	tr-rmse:0.24866 
2026-04-07 14:49:18 [INFO] [task_scheduler.cc:243] [Updated] Task #0: "main"
2026-04-07 14:49:18 [INFO] [task_scheduler.cc:326] 
 ID | Name |     FLOP | Weight | Speed (GFLOPS) | Latency (us) | Weighted Latency (us) | Trials | Done 
-------------------------------------------------------------------------------------------------------
  0 | main | 75497472 |      1 |        76.9228 |     981.4700 |              981.4700 |     96 |      
-------------------------------------------------------------------------------------------------------
Total trials: 96
Total latency (us): 981.47

2026-04-07 14:49:18 [INFO] [task_scheduler.cc:186] TaskScheduler picks Task #0: "main"
2026-04-07 14:49:20 [INFO] [task_scheduler.cc:199] Sending 32 sample(s) to builder
2026-04-07 14:49:28 [INFO] [task_scheduler.cc:201] Sending 32 sample(s) to runner
2026-04-07 14:49:37 [DEBUG] XGB validation: p-rmse: 0.210948	a-peak@32: 0.914169
2026-04-07 14:49:37 [DEBUG] XGB iter   0: tr-p-rmse: 0.511010	tr-a-peak@32: 1.000000	tr-rmse: 0.227136	tr-rmse: 0.227136
2026-04-07 14:49:37 [DEBUG] XGB iter  25: tr-p-rmse: 0.067411	tr-a-peak@32: 1.000000	tr-rmse: 0.243922	tr-rmse: 0.243922
2026-04-07 14:49:38 [DEBUG] XGB iter  50: tr-p-rmse: 0.062695	tr-a-peak@32: 1.000000	tr-rmse: 0.243945	tr-rmse: 0.243945
2026-04-07 14:49:38 [DEBUG] XGB iter  75: tr-p-rmse: 0.062695	tr-a-peak@32: 1.000000	tr-rmse: 0.243945	tr-rmse: 0.243945
2026-04-07 14:49:38 [DEBUG] XGB stopped. Best iteration: [46] tr-p-rmse:0.06270	tr-a-peak@32:1.00000	tr-rmse:0.24394	tr-rmse:0.24394 
2026-04-07 14:49:38 [INFO] [task_scheduler.cc:243] [Updated] Task #0: "main"
2026-04-07 14:49:38 [INFO] [task_scheduler.cc:326] 
 ID | Name |     FLOP | Weight | Speed (GFLOPS) | Latency (us) | Weighted Latency (us) | Trials | Done 
-------------------------------------------------------------------------------------------------------
  0 | main | 75497472 |      1 |        80.8282 |     934.0487 |              934.0487 |    128 |      
-------------------------------------------------------------------------------------------------------
Total trials: 128
Total latency (us): 934.049

2026-04-07 14:49:38 [INFO] [task_scheduler.cc:186] TaskScheduler picks Task #0: "main"
2026-04-07 14:49:43 [INFO] [task_scheduler.cc:199] Sending 32 sample(s) to builder
2026-04-07 14:49:50 [INFO] [task_scheduler.cc:201] Sending 32 sample(s) to runner
2026-04-07 14:50:00 [DEBUG] XGB validation: p-rmse: 0.291047	a-peak@32: 0.981626
2026-04-07 14:50:00 [DEBUG] XGB iter   0: tr-p-rmse: 0.486303	tr-a-peak@32: 1.000000	tr-rmse: 0.231541	tr-rmse: 0.231541
2026-04-07 14:50:00 [DEBUG] XGB iter  25: tr-p-rmse: 0.067837	tr-a-peak@32: 1.000000	tr-rmse: 0.264720	tr-rmse: 0.264720
2026-04-07 14:50:00 [DEBUG] XGB iter  50: tr-p-rmse: 0.064467	tr-a-peak@32: 1.000000	tr-rmse: 0.264808	tr-rmse: 0.264808
2026-04-07 14:50:00 [DEBUG] XGB iter  75: tr-p-rmse: 0.064467	tr-a-peak@32: 1.000000	tr-rmse: 0.264808	tr-rmse: 0.264808
2026-04-07 14:50:00 [DEBUG] XGB stopped. Best iteration: [45] tr-p-rmse:0.06447	tr-a-peak@32:1.00000	tr-rmse:0.26481	tr-rmse:0.26481 
2026-04-07 14:50:00 [INFO] [task_scheduler.cc:243] [Updated] Task #0: "main"
2026-04-07 14:50:00 [INFO] [task_scheduler.cc:326] 
 ID | Name |     FLOP | Weight | Speed (GFLOPS) | Latency (us) | Weighted Latency (us) | Trials | Done 
-------------------------------------------------------------------------------------------------------
  0 | main | 75497472 |      1 |        93.1806 |     810.2277 |              810.2277 |    160 |      
-------------------------------------------------------------------------------------------------------
Total trials: 160
Total latency (us): 810.228

2026-04-07 14:50:00 [INFO] [task_scheduler.cc:186] TaskScheduler picks Task #0: "main"
2026-04-07 14:50:05 [INFO] [task_scheduler.cc:199] Sending 32 sample(s) to builder
2026-04-07 14:50:14 [INFO] [task_scheduler.cc:201] Sending 32 sample(s) to runner
2026-04-07 14:50:22 [DEBUG] XGB validation: p-rmse: 0.269203	a-peak@32: 0.999492
2026-04-07 14:50:22 [DEBUG] XGB iter   0: tr-p-rmse: 0.469418	tr-a-peak@32: 0.998983	tr-rmse: 0.277796	tr-rmse: 0.277796
2026-04-07 14:50:22 [DEBUG] XGB iter  25: tr-p-rmse: 0.077633	tr-a-peak@32: 0.999492	tr-rmse: 0.315724	tr-rmse: 0.315724
2026-04-07 14:50:22 [DEBUG] XGB iter  50: tr-p-rmse: 0.074557	tr-a-peak@32: 0.999492	tr-rmse: 0.315811	tr-rmse: 0.315811
2026-04-07 14:50:22 [DEBUG] XGB iter  75: tr-p-rmse: 0.074557	tr-a-peak@32: 0.999492	tr-rmse: 0.315811	tr-rmse: 0.315811
2026-04-07 14:50:22 [DEBUG] XGB stopped. Best iteration: [41] tr-p-rmse:0.07456	tr-a-peak@32:0.99949	tr-rmse:0.31581	tr-rmse:0.31581 
2026-04-07 14:50:22 [INFO] [task_scheduler.cc:243] [Updated] Task #0: "main"
2026-04-07 14:50:22 [INFO] [task_scheduler.cc:326] 
 ID | Name |     FLOP | Weight | Speed (GFLOPS) | Latency (us) | Weighted Latency (us) | Trials | Done 
-------------------------------------------------------------------------------------------------------
  0 | main | 75497472 |      1 |        99.1110 |     761.7470 |              761.7470 |    192 |      
-------------------------------------------------------------------------------------------------------
Total trials: 192
Total latency (us): 761.747

2026-04-07 14:50:22 [INFO] [task_scheduler.cc:186] TaskScheduler picks Task #0: "main"
2026-04-07 14:50:28 [INFO] [task_scheduler.cc:199] Sending 32 sample(s) to builder
2026-04-07 14:50:36 [INFO] [task_scheduler.cc:201] Sending 32 sample(s) to runner
2026-04-07 14:50:45 [DEBUG] XGB validation: p-rmse: 0.120536	a-peak@32: 1.000000
2026-04-07 14:50:45 [INFO] [task_scheduler.cc:243] [Updated] Task #0: "main"
2026-04-07 14:50:45 [INFO] [task_scheduler.cc:326] 
 ID | Name |     FLOP | Weight | Speed (GFLOPS) | Latency (us) | Weighted Latency (us) | Trials | Done 
-------------------------------------------------------------------------------------------------------
  0 | main | 75497472 |      1 |       104.6228 |     721.6158 |              721.6158 |    224 |      
-------------------------------------------------------------------------------------------------------
Total trials: 224
Total latency (us): 721.616

2026-04-07 14:50:45 [INFO] [task_scheduler.cc:186] TaskScheduler picks Task #0: "main"
2026-04-07 14:50:51 [INFO] [task_scheduler.cc:199] Sending 6 sample(s) to builder
2026-04-07 14:50:54 [INFO] [task_scheduler.cc:201] Sending 6 sample(s) to runner
2026-04-07 14:50:56 [DEBUG] XGB validation: p-rmse: 0.215370	a-peak@32: 0.903774
2026-04-07 14:50:56 [INFO] [task_scheduler.cc:243] [Updated] Task #0: "main"
2026-04-07 14:50:56 [INFO] [task_scheduler.cc:326] 
 ID | Name |     FLOP | Weight | Speed (GFLOPS) | Latency (us) | Weighted Latency (us) | Trials | Done 
-------------------------------------------------------------------------------------------------------
  0 | main | 75497472 |      1 |       104.6228 |     721.6158 |              721.6158 |    230 |      
-------------------------------------------------------------------------------------------------------
Total trials: 230
Total latency (us): 721.616

2026-04-07 14:50:56 [INFO] [task_scheduler.cc:266] Task #0 has finished. Remaining task(s): 0
2026-04-07 14:50:56 [INFO] [task_scheduler.cc:326] 
 ID | Name |     FLOP | Weight | Speed (GFLOPS) | Latency (us) | Weighted Latency (us) | Trials | Done 
-------------------------------------------------------------------------------------------------------
  0 | main | 75497472 |      1 |       104.6228 |     721.6158 |              721.6158 |    230 |    Y 
-------------------------------------------------------------------------------------------------------
Total trials: 230
Total latency (us): 721.616

2026-04-07 14:50:56 [INFO] LocalBuilder: max_workers = 12
2026-04-07 14:50:57 [INFO] LocalRunner: max_workers = 1
