2026-04-07 15:27:57 [INFO] Logging directory: research/results/metaschedule/8020/iter_01/97ba7abd357335fa/mlp_expand/M_384/logs
2026-04-07 15:27:57 [INFO] [task_scheduler.cc:165] Initializing Task #0: "main"
2026-04-07 15:27:57 [INFO] [task_scheduler.cc:326] 
 ID | Name |       FLOP | Weight | Speed (GFLOPS) | Latency (us) | Weighted Latency (us) | Trials | Done 
---------------------------------------------------------------------------------------------------------
  0 | main | 1811939328 |      1 |            N/A |          N/A |                   N/A |      0 |      
---------------------------------------------------------------------------------------------------------
Total trials: 0
Total latency (us): 0

2026-04-07 15:27:57 [INFO] [task_scheduler.cc:186] TaskScheduler picks Task #0: "main"
2026-04-07 15:27:58 [INFO] [task_scheduler.cc:199] Sending 64 sample(s) to builder
2026-04-07 15:28:09 [INFO] [task_scheduler.cc:201] Sending 64 sample(s) to runner
2026-04-07 15:28:43 [DEBUG] XGB iter   0: tr-p-rmse: 0.389818	tr-a-peak@32: 1.000000	tr-rmse: 0.273355	tr-rmse: 0.273355
2026-04-07 15:28:43 [DEBUG] XGB iter  25: tr-p-rmse: 0.065286	tr-a-peak@32: 1.000000	tr-rmse: 0.302005	tr-rmse: 0.302005
2026-04-07 15:28:43 [DEBUG] XGB iter  50: tr-p-rmse: 0.065265	tr-a-peak@32: 1.000000	tr-rmse: 0.302037	tr-rmse: 0.302037
2026-04-07 15:28:43 [DEBUG] XGB iter  75: tr-p-rmse: 0.065265	tr-a-peak@32: 1.000000	tr-rmse: 0.302037	tr-rmse: 0.302037
2026-04-07 15:28:43 [DEBUG] XGB stopped. Best iteration: [46] tr-p-rmse:0.06527	tr-a-peak@32:1.00000	tr-rmse:0.30204	tr-rmse:0.30204 
2026-04-07 15:28:43 [INFO] [task_scheduler.cc:243] [Updated] Task #0: "main"
2026-04-07 15:28:43 [INFO] [task_scheduler.cc:326] 
 ID | Name |       FLOP | Weight | Speed (GFLOPS) | Latency (us) | Weighted Latency (us) | Trials | Done 
---------------------------------------------------------------------------------------------------------
  0 | main | 1811939328 |      1 |       107.9984 |   16777.4608 |            16777.4608 |     64 |      
---------------------------------------------------------------------------------------------------------
Total trials: 64
Total latency (us): 16777.5

2026-04-07 15:28:43 [INFO] [task_scheduler.cc:186] TaskScheduler picks Task #0: "main"
2026-04-07 15:28:44 [INFO] [task_scheduler.cc:199] Sending 64 sample(s) to builder
2026-04-07 15:28:58 [INFO] [task_scheduler.cc:201] Sending 64 sample(s) to runner
2026-04-07 15:29:27 [DEBUG] XGB validation: p-rmse: 0.234456	a-peak@32: 0.954691
2026-04-07 15:29:27 [DEBUG] XGB iter   0: tr-p-rmse: 0.399327	tr-a-peak@32: 1.000000	tr-rmse: 0.242194	tr-rmse: 0.242194
2026-04-07 15:29:27 [DEBUG] XGB iter  25: tr-p-rmse: 0.050953	tr-a-peak@32: 1.000000	tr-rmse: 0.280907	tr-rmse: 0.280907
2026-04-07 15:29:27 [DEBUG] XGB iter  50: tr-p-rmse: 0.050927	tr-a-peak@32: 1.000000	tr-rmse: 0.280947	tr-rmse: 0.280947
2026-04-07 15:29:27 [DEBUG] XGB iter  75: tr-p-rmse: 0.050927	tr-a-peak@32: 1.000000	tr-rmse: 0.280947	tr-rmse: 0.280947
2026-04-07 15:29:27 [DEBUG] XGB stopped. Best iteration: [41] tr-p-rmse:0.05093	tr-a-peak@32:1.00000	tr-rmse:0.28095	tr-rmse:0.28095 
2026-04-07 15:29:27 [INFO] [task_scheduler.cc:243] [Updated] Task #0: "main"
2026-04-07 15:29:27 [INFO] [task_scheduler.cc:326] 
 ID | Name |       FLOP | Weight | Speed (GFLOPS) | Latency (us) | Weighted Latency (us) | Trials | Done 
---------------------------------------------------------------------------------------------------------
  0 | main | 1811939328 |      1 |       117.9607 |   15360.5402 |            15360.5402 |    128 |      
---------------------------------------------------------------------------------------------------------
Total trials: 128
Total latency (us): 15360.5

2026-04-07 15:29:27 [INFO] [task_scheduler.cc:186] TaskScheduler picks Task #0: "main"
2026-04-07 15:29:30 [INFO] [task_scheduler.cc:199] Sending 63 sample(s) to builder
2026-04-07 15:29:44 [INFO] [task_scheduler.cc:201] Sending 63 sample(s) to runner
2026-04-07 15:30:03 [DEBUG] XGB validation: p-rmse: 0.262094	a-peak@32: 0.982186
2026-04-07 15:30:03 [DEBUG] XGB iter   0: tr-p-rmse: 0.373638	tr-a-peak@32: 0.999098	tr-rmse: 0.258453	tr-rmse: 0.258453
2026-04-07 15:30:03 [DEBUG] XGB iter  25: tr-p-rmse: 0.053740	tr-a-peak@32: 0.999098	tr-rmse: 0.295967	tr-rmse: 0.295967
2026-04-07 15:30:03 [DEBUG] XGB iter  50: tr-p-rmse: 0.053721	tr-a-peak@32: 0.999098	tr-rmse: 0.295999	tr-rmse: 0.295999
2026-04-07 15:30:03 [DEBUG] XGB iter  75: tr-p-rmse: 0.053721	tr-a-peak@32: 0.999098	tr-rmse: 0.295999	tr-rmse: 0.295999
2026-04-07 15:30:03 [DEBUG] XGB stopped. Best iteration: [37] tr-p-rmse:0.05372	tr-a-peak@32:0.99910	tr-rmse:0.29600	tr-rmse:0.29600 
2026-04-07 15:30:03 [INFO] [task_scheduler.cc:243] [Updated] Task #0: "main"
2026-04-07 15:30:03 [INFO] [task_scheduler.cc:326] 
 ID | Name |       FLOP | Weight | Speed (GFLOPS) | Latency (us) | Weighted Latency (us) | Trials | Done 
---------------------------------------------------------------------------------------------------------
  0 | main | 1811939328 |      1 |       117.9607 |   15360.5402 |            15360.5402 |    191 |      
---------------------------------------------------------------------------------------------------------
Total trials: 191
Total latency (us): 15360.5

2026-04-07 15:30:03 [INFO] [task_scheduler.cc:186] TaskScheduler picks Task #0: "main"
2026-04-07 15:30:06 [INFO] [task_scheduler.cc:199] Sending 37 sample(s) to builder
2026-04-07 15:30:15 [INFO] [task_scheduler.cc:201] Sending 37 sample(s) to runner
2026-04-07 15:30:29 [DEBUG] XGB validation: p-rmse: 0.318562	a-peak@32: 0.985689
2026-04-07 15:30:29 [INFO] [task_scheduler.cc:243] [Updated] Task #0: "main"
2026-04-07 15:30:29 [INFO] [task_scheduler.cc:326] 
 ID | Name |       FLOP | Weight | Speed (GFLOPS) | Latency (us) | Weighted Latency (us) | Trials | Done 
---------------------------------------------------------------------------------------------------------
  0 | main | 1811939328 |      1 |       122.5449 |   14785.9272 |            14785.9272 |    228 |      
---------------------------------------------------------------------------------------------------------
Total trials: 228
Total latency (us): 14785.9

2026-04-07 15:30:29 [INFO] [task_scheduler.cc:266] Task #0 has finished. Remaining task(s): 0
2026-04-07 15:30:29 [INFO] [task_scheduler.cc:326] 
 ID | Name |       FLOP | Weight | Speed (GFLOPS) | Latency (us) | Weighted Latency (us) | Trials | Done 
---------------------------------------------------------------------------------------------------------
  0 | main | 1811939328 |      1 |       122.5449 |   14785.9272 |            14785.9272 |    228 |    Y 
---------------------------------------------------------------------------------------------------------
Total trials: 228
Total latency (us): 14785.9

2026-04-07 15:30:35 [INFO] LocalBuilder: max_workers = 12
2026-04-07 15:30:36 [INFO] LocalRunner: max_workers = 1
