2026-04-07 13:53:37 [INFO] [task_scheduler.cc:166] Initializing Task #0: "main"
2026-04-07 13:53:37 [INFO] [task_scheduler.cc:41] 
# from tvm.script import ir as I
# from tvm.script import tir as T

@I.ir_module
class Module:
    @T.prim_func
    def main(A: T.Buffer((16, 768), "float32"), B: T.Buffer((768, 3072), "float32"), C: T.Buffer((16, 3072), "float32")):
        T.func_attr({"tir.noalias": True})
        # with T.block("root"):
        for i, j, k in T.grid(16, 3072, 768):
            with T.block("C"):
                vi, vj, vk = T.axis.remap("SSR", [i, j, k])
                T.reads(A[vi, vk], B[vk, vj])
                T.writes(C[vi, vj])
                with T.init():
                    C[vi, vj] = T.float32(0.0)
                C[vi, vj] = C[vi, vj] + A[vi, vk] * B[vk, vj]
2026-04-07 13:53:37 [INFO] [task_scheduler.cc:170] Total 3 design space(s) generated
2026-04-07 13:53:37 [INFO] [task_scheduler.cc:176] Design space #0:
# from tvm.script import ir as I
# from tvm.script import tir as T

@I.ir_module
class Module:
    @T.prim_func
    def main(A: T.Buffer((16, 768), "float32"), B: T.Buffer((768, 3072), "float32"), C: T.Buffer((16, 3072), "float32")):
        T.func_attr({"tir.noalias": True})
        with T.block("root"):
            T.reads()
            T.writes()
            T.block_attr({"meta_schedule.parallel": 128, "meta_schedule.unroll_explicit": 64, "meta_schedule.vectorize": 64})
            C_global = T.alloc_buffer((16, 3072))
            for i_0, j_0, i_1, j_1 in T.grid(2, 3, 8, 8):
                for k_0, i_2, j_2, k_1, i_3, j_3 in T.grid(16, 1, 4, 48, 1, 32):
                    with T.block("C"):
                        vi = T.axis.spatial(16, i_0 * 8 + i_1 + i_2 + i_3)
                        vj = T.axis.spatial(3072, j_0 * 1024 + j_1 * 128 + j_2 * 32 + j_3)
                        vk = T.axis.reduce(768, k_0 * 48 + k_1)
                        T.reads(A[vi, vk], B[vk, vj])
                        T.writes(C_global[vi, vj])
                        T.block_attr({"meta_schedule.tiling_structure": "SSRSRS"})
                        with T.init():
                            C_global[vi, vj] = T.float32(0.0)
                        C_global[vi, vj] = C_global[vi, vj] + A[vi, vk] * B[vk, vj]
                for ax0, ax1 in T.grid(1, 128):
                    with T.block("C_global"):
                        v0 = T.axis.spatial(16, i_0 * 8 + i_1 + ax0)
                        v1 = T.axis.spatial(3072, j_0 * 1024 + j_1 * 128 + ax1)
                        T.reads(C_global[v0, v1])
                        T.writes(C[v0, v1])
                        C[v0, v1] = C_global[v0, v1]
b0 = sch.get_block(name="C", func_name="main")
b1 = sch.get_block(name="root", func_name="main")
sch.annotate(block_or_loop=b0, ann_key="meta_schedule.tiling_structure", ann_val="SSRSRS")
l2, l3, l4 = sch.get_loops(block=b0)
v5, v6, v7, v8 = sch.sample_perfect_tile(loop=l2, n=4, max_innermost_factor=64, decision=[2, 8, 1, 1])
l9, l10, l11, l12 = sch.split(loop=l2, factors=[v5, v6, v7, v8], preserve_unit_iters=True, disable_predication=False)
v13, v14, v15, v16 = sch.sample_perfect_tile(loop=l3, n=4, max_innermost_factor=64, decision=[3, 8, 4, 32])
l17, l18, l19, l20 = sch.split(loop=l3, factors=[v13, v14, v15, v16], preserve_unit_iters=True, disable_predication=False)
v21, v22 = sch.sample_perfect_tile(loop=l4, n=2, max_innermost_factor=64, decision=[16, 48])
l23, l24 = sch.split(loop=l4, factors=[v21, v22], preserve_unit_iters=True, disable_predication=False)
sch.reorder(l9, l17, l10, l18, l23, l11, l19, l24, l12, l20)
b25 = sch.cache_write(block=b0, write_buffer_index=0, storage_scope="global")
sch.reverse_compute_at(block=b25, loop=l18, preserve_unit_loops=True, index=-1)
sch.annotate(block_or_loop=b1, ann_key="meta_schedule.parallel", ann_val=128)
sch.annotate(block_or_loop=b1, ann_key="meta_schedule.vectorize", ann_val=64)
v26 = sch.sample_categorical(candidates=[0, 16, 64, 512], probs=[0.25, 0.25, 0.25, 0.25], decision=2)
sch.annotate(block_or_loop=b1, ann_key="meta_schedule.unroll_explicit", ann_val=v26)
2026-04-07 13:53:37 [INFO] [task_scheduler.cc:176] Design space #1:
# from tvm.script import ir as I
# from tvm.script import tir as T

@I.ir_module
class Module:
    @T.prim_func
    def main(A: T.Buffer((16, 768), "float32"), B: T.Buffer((768, 3072), "float32"), C: T.Buffer((16, 3072), "float32")):
        T.func_attr({"tir.noalias": True})
        with T.block("root"):
            T.reads()
            T.writes()
            T.block_attr({"meta_schedule.parallel": 128, "meta_schedule.unroll_explicit": 0, "meta_schedule.vectorize": 64})
            C_global = T.alloc_buffer((16, 3072))
            for i_0, j_0 in T.grid(2, 3):
                for i_1, j_1, k_0, i_2, j_2, k_1, i_3, j_3 in T.grid(8, 8, 16, 1, 4, 48, 1, 32):
                    with T.block("C"):
                        vi = T.axis.spatial(16, i_0 * 8 + i_1 + i_2 + i_3)
                        vj = T.axis.spatial(3072, j_0 * 1024 + j_1 * 128 + j_2 * 32 + j_3)
                        vk = T.axis.reduce(768, k_0 * 48 + k_1)
                        T.reads(A[vi, vk], B[vk, vj])
                        T.writes(C_global[vi, vj])
                        T.block_attr({"meta_schedule.tiling_structure": "SSRSRS"})
                        with T.init():
                            C_global[vi, vj] = T.float32(0.0)
                        C_global[vi, vj] = C_global[vi, vj] + A[vi, vk] * B[vk, vj]
                for ax0, ax1 in T.grid(8, 1024):
                    with T.block("C_global"):
                        v0 = T.axis.spatial(16, i_0 * 8 + ax0)
                        v1 = T.axis.spatial(3072, j_0 * 1024 + ax1)
                        T.reads(C_global[v0, v1])
                        T.writes(C[v0, v1])
                        C[v0, v1] = C_global[v0, v1]
b0 = sch.get_block(name="C", func_name="main")
b1 = sch.get_block(name="root", func_name="main")
sch.annotate(block_or_loop=b0, ann_key="meta_schedule.tiling_structure", ann_val="SSRSRS")
l2, l3, l4 = sch.get_loops(block=b0)
v5, v6, v7, v8 = sch.sample_perfect_tile(loop=l2, n=4, max_innermost_factor=64, decision=[2, 8, 1, 1])
l9, l10, l11, l12 = sch.split(loop=l2, factors=[v5, v6, v7, v8], preserve_unit_iters=True, disable_predication=False)
v13, v14, v15, v16 = sch.sample_perfect_tile(loop=l3, n=4, max_innermost_factor=64, decision=[3, 8, 4, 32])
l17, l18, l19, l20 = sch.split(loop=l3, factors=[v13, v14, v15, v16], preserve_unit_iters=True, disable_predication=False)
v21, v22 = sch.sample_perfect_tile(loop=l4, n=2, max_innermost_factor=64, decision=[16, 48])
l23, l24 = sch.split(loop=l4, factors=[v21, v22], preserve_unit_iters=True, disable_predication=False)
sch.reorder(l9, l17, l10, l18, l23, l11, l19, l24, l12, l20)
b25 = sch.cache_write(block=b0, write_buffer_index=0, storage_scope="global")
sch.reverse_compute_at(block=b25, loop=l17, preserve_unit_loops=True, index=-1)
sch.annotate(block_or_loop=b1, ann_key="meta_schedule.parallel", ann_val=128)
sch.annotate(block_or_loop=b1, ann_key="meta_schedule.vectorize", ann_val=64)
v26 = sch.sample_categorical(candidates=[0, 16, 64, 512], probs=[0.25, 0.25, 0.25, 0.25], decision=0)
sch.annotate(block_or_loop=b1, ann_key="meta_schedule.unroll_explicit", ann_val=v26)
2026-04-07 13:53:37 [INFO] [task_scheduler.cc:176] Design space #2:
# from tvm.script import ir as I
# from tvm.script import tir as T

@I.ir_module
class Module:
    @T.prim_func
    def main(A: T.Buffer((16, 768), "float32"), B: T.Buffer((768, 3072), "float32"), C: T.Buffer((16, 3072), "float32")):
        T.func_attr({"tir.noalias": True})
        with T.block("root"):
            T.reads()
            T.writes()
            T.block_attr({"meta_schedule.parallel": 128, "meta_schedule.unroll_explicit": 0, "meta_schedule.vectorize": 64})
            for i_0, j_0, i_1, j_1, k_0, i_2, j_2, k_1, i_3, j_3 in T.grid(2, 3, 8, 8, 16, 1, 4, 48, 1, 32):
                with T.block("C"):
                    vi = T.axis.spatial(16, i_0 * 8 + i_1 + i_2 + i_3)
                    vj = T.axis.spatial(3072, j_0 * 1024 + j_1 * 128 + j_2 * 32 + j_3)
                    vk = T.axis.reduce(768, k_0 * 48 + k_1)
                    T.reads(A[vi, vk], B[vk, vj])
                    T.writes(C[vi, vj])
                    T.block_attr({"meta_schedule.tiling_structure": "SSRSRS"})
                    with T.init():
                        C[vi, vj] = T.float32(0.0)
                    C[vi, vj] = C[vi, vj] + A[vi, vk] * B[vk, vj]
b0 = sch.get_block(name="C", func_name="main")
b1 = sch.get_block(name="root", func_name="main")
sch.annotate(block_or_loop=b0, ann_key="meta_schedule.tiling_structure", ann_val="SSRSRS")
l2, l3, l4 = sch.get_loops(block=b0)
v5, v6, v7, v8 = sch.sample_perfect_tile(loop=l2, n=4, max_innermost_factor=64, decision=[2, 8, 1, 1])
l9, l10, l11, l12 = sch.split(loop=l2, factors=[v5, v6, v7, v8], preserve_unit_iters=True, disable_predication=False)
v13, v14, v15, v16 = sch.sample_perfect_tile(loop=l3, n=4, max_innermost_factor=64, decision=[3, 8, 4, 32])
l17, l18, l19, l20 = sch.split(loop=l3, factors=[v13, v14, v15, v16], preserve_unit_iters=True, disable_predication=False)
v21, v22 = sch.sample_perfect_tile(loop=l4, n=2, max_innermost_factor=64, decision=[16, 48])
l23, l24 = sch.split(loop=l4, factors=[v21, v22], preserve_unit_iters=True, disable_predication=False)
sch.reorder(l9, l17, l10, l18, l23, l11, l19, l24, l12, l20)
sch.annotate(block_or_loop=b1, ann_key="meta_schedule.parallel", ann_val=128)
sch.annotate(block_or_loop=b1, ann_key="meta_schedule.vectorize", ann_val=64)
v25 = sch.sample_categorical(candidates=[0, 16, 64, 512], probs=[0.25, 0.25, 0.25, 0.25], decision=0)
sch.annotate(block_or_loop=b1, ann_key="meta_schedule.unroll_explicit", ann_val=v25)
2026-04-07 13:53:37 [INFO] [evolutionary_search.cc:711] Generating candidates......
2026-04-07 13:53:37 [INFO] [evolutionary_search.cc:713] Picked top 0 candidate(s) from database
2026-04-07 13:53:37 [INFO] [evolutionary_search.cc:530] Sample-Init-Population summary:
Postproc #0 [meta_schedule.DisallowDynamicLoop(0x5bdf3d296798)]: 0 failure(s)
Postproc #1 [meta_schedule.RewriteParallelVectorizeUnroll(0x5bdf3cce88d8)]: 0 failure(s)
Postproc #2 [meta_schedule.RewriteReductionBlock(0x5bdf3da8fe38)]: 0 failure(s)
Postproc #3 [meta_schedule.RewriteLayout(0x5bdf3d2411c8)]: 0 failure(s)
2026-04-07 13:53:37 [INFO] [evolutionary_search.cc:721] Sampled 609 candidate(s)
2026-04-07 13:53:37 [INFO] [evolutionary_search.cc:619] Evolve iter #0 done. Summary:
Postproc #0 [meta_schedule.DisallowDynamicLoop(0x5bdf3d296798)]: 0 failure(s)
Postproc #1 [meta_schedule.RewriteParallelVectorizeUnroll(0x5bdf3cce88d8)]: 0 failure(s)
Postproc #2 [meta_schedule.RewriteReductionBlock(0x5bdf3da8fe38)]: 0 failure(s)
Postproc #3 [meta_schedule.RewriteLayout(0x5bdf3d2411c8)]: 0 failure(s)
2026-04-07 13:53:38 [INFO] [evolutionary_search.cc:619] Evolve iter #1 done. Summary:
Postproc #0 [meta_schedule.DisallowDynamicLoop(0x5bdf3d296798)]: 0 failure(s)
Postproc #1 [meta_schedule.RewriteParallelVectorizeUnroll(0x5bdf3cce88d8)]: 0 failure(s)
Postproc #2 [meta_schedule.RewriteReductionBlock(0x5bdf3da8fe38)]: 0 failure(s)
Postproc #3 [meta_schedule.RewriteLayout(0x5bdf3d2411c8)]: 0 failure(s)
2026-04-07 13:53:38 [INFO] [evolutionary_search.cc:619] Evolve iter #2 done. Summary:
Postproc #0 [meta_schedule.DisallowDynamicLoop(0x5bdf3d296798)]: 0 failure(s)
Postproc #1 [meta_schedule.RewriteParallelVectorizeUnroll(0x5bdf3cce88d8)]: 0 failure(s)
Postproc #2 [meta_schedule.RewriteReductionBlock(0x5bdf3da8fe38)]: 0 failure(s)
Postproc #3 [meta_schedule.RewriteLayout(0x5bdf3d2411c8)]: 0 failure(s)
2026-04-07 13:53:39 [INFO] [evolutionary_search.cc:619] Evolve iter #3 done. Summary:
Postproc #0 [meta_schedule.DisallowDynamicLoop(0x5bdf3d296798)]: 0 failure(s)
Postproc #1 [meta_schedule.RewriteParallelVectorizeUnroll(0x5bdf3cce88d8)]: 0 failure(s)
Postproc #2 [meta_schedule.RewriteReductionBlock(0x5bdf3da8fe38)]: 0 failure(s)
Postproc #3 [meta_schedule.RewriteLayout(0x5bdf3d2411c8)]: 0 failure(s)
2026-04-07 13:53:39 [INFO] [evolutionary_search.cc:647] Scores of the best 64 candidates:
[1 : 16]:	0.9998  0.9991  0.9988  0.9985  0.9973  0.9972  0.9972  0.9968  0.9966  0.9963  0.9961  0.9960  0.9951  0.9950  0.9944  0.9943
[17 : 32]:	0.9939  0.9939  0.9934  0.9918  0.9917  0.9903  0.9903  0.9902  0.9897  0.9895  0.9893  0.9891  0.9888  0.9888  0.9886  0.9882
[33 : 48]:	0.9882  0.9873  0.9871  0.9870  0.9868  0.9866  0.9862  0.9861  0.9860  0.9858  0.9852  0.9845  0.9837  0.9831  0.9829  0.9829
[49 : 64]:	0.9826  0.9824  0.9819  0.9815  0.9814  0.9812  0.9801  0.9800  0.9793  0.9792  0.9782  0.9782  0.9780  0.9766  0.9762  0.9759
2026-04-07 13:53:39 [INFO] [evolutionary_search.cc:725] Got 64 candidate(s) with evolutionary search
2026-04-07 13:53:39 [INFO] [evolutionary_search.cc:728] Sending 64 candidates(s) for measurement
2026-04-07 13:54:06 [INFO] [task_scheduler.cc:137] [Task #0: main] Trial #1: GFLOPs: 55.2992. Time: 1365.2534 us. Best GFLOPs: 55.2992
2026-04-07 13:54:06 [INFO] [task_scheduler.cc:137] [Task #0: main] Trial #2: GFLOPs: 44.7764. Time: 1686.0983 us. Best GFLOPs: 55.2992
2026-04-07 13:54:06 [INFO] [task_scheduler.cc:137] [Task #0: main] Trial #3: GFLOPs: 65.5713. Time: 1151.3805 us. Best GFLOPs: 65.5713
2026-04-07 13:54:06 [INFO] [task_scheduler.cc:137] [Task #0: main] Trial #4: GFLOPs: 32.6132. Time: 2314.9344 us. Best GFLOPs: 65.5713
2026-04-07 13:54:06 [INFO] [task_scheduler.cc:137] [Task #0: main] Trial #5: GFLOPs: 26.5001. Time: 2848.9545 us. Best GFLOPs: 65.5713
2026-04-07 13:54:06 [INFO] [task_scheduler.cc:137] [Task #0: main] Trial #6: GFLOPs: 42.2785. Time: 1785.7199 us. Best GFLOPs: 65.5713
2026-04-07 13:54:06 [INFO] [task_scheduler.cc:137] [Task #0: main] Trial #7: GFLOPs: 26.7502. Time: 2822.3179 us. Best GFLOPs: 65.5713
2026-04-07 13:54:06 [INFO] [task_scheduler.cc:137] [Task #0: main] Trial #8: GFLOPs: 11.2899. Time: 6687.1710 us. Best GFLOPs: 65.5713
2026-04-07 13:54:06 [INFO] [task_scheduler.cc:137] [Task #0: main] Trial #9: GFLOPs: 11.3076. Time: 6676.7012 us. Best GFLOPs: 65.5713
2026-04-07 13:54:06 [INFO] [task_scheduler.cc:137] [Task #0: main] Trial #10: GFLOPs: 32.9954. Time: 2288.1204 us. Best GFLOPs: 65.5713
2026-04-07 13:54:06 [INFO] [task_scheduler.cc:137] [Task #0: main] Trial #11: GFLOPs: 16.4992. Time: 4575.8365 us. Best GFLOPs: 65.5713
2026-04-07 13:54:06 [INFO] [task_scheduler.cc:137] [Task #0: main] Trial #12: GFLOPs: 53.6157. Time: 1408.1215 us. Best GFLOPs: 65.5713
2026-04-07 13:54:06 [INFO] [task_scheduler.cc:137] [Task #0: main] Trial #13: GFLOPs: 53.5462. Time: 1409.9502 us. Best GFLOPs: 65.5713
2026-04-07 13:54:06 [INFO] [task_scheduler.cc:137] [Task #0: main] Trial #14: GFLOPs: 61.5276. Time: 1227.0501 us. Best GFLOPs: 65.5713
2026-04-07 13:54:06 [INFO] [task_scheduler.cc:137] [Task #0: main] Trial #15: GFLOPs: 57.0160. Time: 1324.1443 us. Best GFLOPs: 65.5713
2026-04-07 13:54:06 [INFO] [task_scheduler.cc:137] [Task #0: main] Trial #16: GFLOPs: 50.3863. Time: 1498.3730 us. Best GFLOPs: 65.5713
2026-04-07 13:54:06 [INFO] [task_scheduler.cc:137] [Task #0: main] Trial #17: GFLOPs: 6.4658. Time: 11676.4860 us. Best GFLOPs: 65.5713
2026-04-07 13:54:06 [INFO] [task_scheduler.cc:137] [Task #0: main] Trial #18: GFLOPs: 24.0129. Time: 3144.0435 us. Best GFLOPs: 65.5713
2026-04-07 13:54:06 [INFO] [task_scheduler.cc:137] [Task #0: main] Trial #19: GFLOPs: 18.4660. Time: 4088.4549 us. Best GFLOPs: 65.5713
2026-04-07 13:54:06 [INFO] [task_scheduler.cc:137] [Task #0: main] Trial #20: GFLOPs: 16.4484. Time: 4589.9464 us. Best GFLOPs: 65.5713
2026-04-07 13:54:06 [INFO] [task_scheduler.cc:137] [Task #0: main] Trial #21: GFLOPs: 5.2605. Time: 14351.8665 us. Best GFLOPs: 65.5713
2026-04-07 13:54:06 [INFO] [task_scheduler.cc:137] [Task #0: main] Trial #22: GFLOPs: 12.0285. Time: 6276.5394 us. Best GFLOPs: 65.5713
2026-04-07 13:54:06 [INFO] [task_scheduler.cc:137] [Task #0: main] Trial #23: GFLOPs: 69.1939. Time: 1091.0998 us. Best GFLOPs: 69.1939
2026-04-07 13:54:06 [INFO] [task_scheduler.cc:137] [Task #0: main] Trial #24: GFLOPs: 47.8038. Time: 1579.3205 us. Best GFLOPs: 69.1939
2026-04-07 13:54:06 [INFO] [task_scheduler.cc:137] [Task #0: main] Trial #25: GFLOPs: 33.7797. Time: 2234.9973 us. Best GFLOPs: 69.1939
2026-04-07 13:54:06 [INFO] [task_scheduler.cc:137] [Task #0: main] Trial #26: GFLOPs: 23.7485. Time: 3179.0395 us. Best GFLOPs: 69.1939
2026-04-07 13:54:06 [INFO] [task_scheduler.cc:137] [Task #0: main] Trial #27: GFLOPs: 7.9543. Time: 9491.3972 us. Best GFLOPs: 69.1939
2026-04-07 13:54:06 [INFO] [task_scheduler.cc:137] [Task #0: main] Trial #28: GFLOPs: 16.0144. Time: 4714.3417 us. Best GFLOPs: 69.1939
2026-04-07 13:54:06 [INFO] [task_scheduler.cc:137] [Task #0: main] Trial #29: GFLOPs: 88.1077. Time: 856.8771 us. Best GFLOPs: 88.1077
2026-04-07 13:54:06 [INFO] [task_scheduler.cc:137] [Task #0: main] Trial #30: GFLOPs: 39.0788. Time: 1931.9298 us. Best GFLOPs: 88.1077
2026-04-07 13:54:06 [INFO] [task_scheduler.cc:137] [Task #0: main] Trial #31: GFLOPs: 17.1729. Time: 4396.3103 us. Best GFLOPs: 88.1077
2026-04-07 13:54:06 [INFO] [task_scheduler.cc:137] [Task #0: main] Trial #32: GFLOPs: 49.3545. Time: 1529.6989 us. Best GFLOPs: 88.1077
2026-04-07 13:54:06 [INFO] [task_scheduler.cc:137] [Task #0: main] Trial #33: GFLOPs: 19.1742. Time: 3937.4583 us. Best GFLOPs: 88.1077
2026-04-07 13:54:06 [INFO] [task_scheduler.cc:137] [Task #0: main] Trial #34: GFLOPs: 25.5637. Time: 2953.3041 us. Best GFLOPs: 88.1077
2026-04-07 13:54:06 [INFO] [task_scheduler.cc:137] [Task #0: main] Trial #35: GFLOPs: 4.7048. Time: 16047.0340 us. Best GFLOPs: 88.1077
2026-04-07 13:54:06 [INFO] [task_scheduler.cc:137] [Task #0: main] Trial #36: GFLOPs: 46.0765. Time: 1638.5235 us. Best GFLOPs: 88.1077
2026-04-07 13:54:06 [INFO] [task_scheduler.cc:137] [Task #0: main] Trial #37: GFLOPs: 41.4195. Time: 1822.7526 us. Best GFLOPs: 88.1077
2026-04-07 13:54:06 [INFO] [task_scheduler.cc:137] [Task #0: main] Trial #38: GFLOPs: 17.3500. Time: 4351.4414 us. Best GFLOPs: 88.1077
2026-04-07 13:54:06 [INFO] [task_scheduler.cc:137] [Task #0: main] Trial #39: GFLOPs: 77.0496. Time: 979.8556 us. Best GFLOPs: 88.1077
2026-04-07 13:54:06 [INFO] [task_scheduler.cc:137] [Task #0: main] Trial #40: GFLOPs: 8.8300. Time: 8550.0868 us. Best GFLOPs: 88.1077
2026-04-07 13:54:06 [INFO] [task_scheduler.cc:137] [Task #0: main] Trial #41: GFLOPs: 37.8744. Time: 1993.3654 us. Best GFLOPs: 88.1077
2026-04-07 13:54:06 [INFO] [task_scheduler.cc:137] [Task #0: main] Trial #42: GFLOPs: 22.2284. Time: 3396.4453 us. Best GFLOPs: 88.1077
2026-04-07 13:54:06 [INFO] [task_scheduler.cc:137] [Task #0: main] Trial #43: GFLOPs: 52.7176. Time: 1432.1104 us. Best GFLOPs: 88.1077
2026-04-07 13:54:06 [INFO] [task_scheduler.cc:137] [Task #0: main] Trial #44: GFLOPs: 62.4113. Time: 1209.6761 us. Best GFLOPs: 88.1077
2026-04-07 13:54:06 [INFO] [task_scheduler.cc:137] [Task #0: main] Trial #45: GFLOPs: 40.3830. Time: 1869.5356 us. Best GFLOPs: 88.1077
2026-04-07 13:54:06 [INFO] [task_scheduler.cc:137] [Task #0: main] Trial #46: GFLOPs: 32.3682. Time: 2332.4579 us. Best GFLOPs: 88.1077
2026-04-07 13:54:06 [INFO] [task_scheduler.cc:137] [Task #0: main] Trial #47: GFLOPs: 33.4743. Time: 2255.3859 us. Best GFLOPs: 88.1077
2026-04-07 13:54:06 [INFO] [task_scheduler.cc:137] [Task #0: main] Trial #48: GFLOPs: 56.4811. Time: 1336.6853 us. Best GFLOPs: 88.1077
2026-04-07 13:54:06 [INFO] [task_scheduler.cc:137] [Task #0: main] Trial #49: GFLOPs: 13.7011. Time: 5510.3275 us. Best GFLOPs: 88.1077
2026-04-07 13:54:06 [INFO] [task_scheduler.cc:137] [Task #0: main] Trial #50: GFLOPs: 20.6626. Time: 3653.8262 us. Best GFLOPs: 88.1077
2026-04-07 13:54:06 [INFO] [task_scheduler.cc:137] [Task #0: main] Trial #51: GFLOPs: 43.5817. Time: 1732.3198 us. Best GFLOPs: 88.1077
2026-04-07 13:54:06 [INFO] [task_scheduler.cc:137] [Task #0: main] Trial #52: GFLOPs: 9.2639. Time: 8149.6732 us. Best GFLOPs: 88.1077
2026-04-07 13:54:06 [INFO] [task_scheduler.cc:137] [Task #0: main] Trial #53: GFLOPs: 37.0125. Time: 2039.7840 us. Best GFLOPs: 88.1077
2026-04-07 13:54:06 [INFO] [task_scheduler.cc:137] [Task #0: main] Trial #54: GFLOPs: 27.5561. Time: 2739.7694 us. Best GFLOPs: 88.1077
2026-04-07 13:54:06 [INFO] [task_scheduler.cc:137] [Task #0: main] Trial #55: GFLOPs: 60.9645. Time: 1238.3835 us. Best GFLOPs: 88.1077
2026-04-07 13:54:06 [INFO] [task_scheduler.cc:137] [Task #0: main] Trial #56: GFLOPs: 48.6916. Time: 1550.5230 us. Best GFLOPs: 88.1077
2026-04-07 13:54:06 [INFO] [task_scheduler.cc:137] [Task #0: main] Trial #57: GFLOPs: 34.3324. Time: 2199.0125 us. Best GFLOPs: 88.1077
2026-04-07 13:54:06 [INFO] [task_scheduler.cc:137] [Task #0: main] Trial #58: GFLOPs: 72.3717. Time: 1043.1906 us. Best GFLOPs: 88.1077
2026-04-07 13:54:06 [INFO] [task_scheduler.cc:137] [Task #0: main] Trial #59: GFLOPs: 37.4870. Time: 2013.9635 us. Best GFLOPs: 88.1077
2026-04-07 13:54:06 [INFO] [task_scheduler.cc:137] [Task #0: main] Trial #60: GFLOPs: 45.0418. Time: 1676.1643 us. Best GFLOPs: 88.1077
2026-04-07 13:54:06 [INFO] [task_scheduler.cc:137] [Task #0: main] Trial #61: GFLOPs: 12.5916. Time: 5995.8741 us. Best GFLOPs: 88.1077
2026-04-07 13:54:06 [INFO] [task_scheduler.cc:137] [Task #0: main] Trial #62: GFLOPs: 91.0403. Time: 829.2752 us. Best GFLOPs: 91.0403
2026-04-07 13:54:06 [INFO] [task_scheduler.cc:137] [Task #0: main] Trial #63: GFLOPs: 24.8761. Time: 3034.9340 us. Best GFLOPs: 91.0403
2026-04-07 13:54:06 [INFO] [task_scheduler.cc:137] [Task #0: main] Trial #64: GFLOPs: 19.8797. Time: 3797.7160 us. Best GFLOPs: 91.0403
2026-04-07 13:54:06 [INFO] [evolutionary_search.cc:711] Generating candidates......
2026-04-07 13:54:06 [INFO] [evolutionary_search.cc:713] Picked top 64 candidate(s) from database
2026-04-07 13:54:06 [INFO] [evolutionary_search.cc:530] Sample-Init-Population summary:
Postproc #0 [meta_schedule.DisallowDynamicLoop(0x5bdf3d296798)]: 0 failure(s)
Postproc #1 [meta_schedule.RewriteParallelVectorizeUnroll(0x5bdf3cce88d8)]: 0 failure(s)
Postproc #2 [meta_schedule.RewriteReductionBlock(0x5bdf3da8fe38)]: 0 failure(s)
Postproc #3 [meta_schedule.RewriteLayout(0x5bdf3d2411c8)]: 0 failure(s)
2026-04-07 13:54:06 [INFO] [evolutionary_search.cc:721] Sampled 545 candidate(s)
2026-04-07 13:54:07 [INFO] [evolutionary_search.cc:619] Evolve iter #0 done. Summary:
Postproc #0 [meta_schedule.DisallowDynamicLoop(0x5bdf3d296798)]: 0 failure(s)
Postproc #1 [meta_schedule.RewriteParallelVectorizeUnroll(0x5bdf3cce88d8)]: 0 failure(s)
Postproc #2 [meta_schedule.RewriteReductionBlock(0x5bdf3da8fe38)]: 0 failure(s)
Postproc #3 [meta_schedule.RewriteLayout(0x5bdf3d2411c8)]: 0 failure(s)
2026-04-07 13:54:07 [INFO] [evolutionary_search.cc:619] Evolve iter #1 done. Summary:
Postproc #0 [meta_schedule.DisallowDynamicLoop(0x5bdf3d296798)]: 0 failure(s)
Postproc #1 [meta_schedule.RewriteParallelVectorizeUnroll(0x5bdf3cce88d8)]: 0 failure(s)
Postproc #2 [meta_schedule.RewriteReductionBlock(0x5bdf3da8fe38)]: 0 failure(s)
Postproc #3 [meta_schedule.RewriteLayout(0x5bdf3d2411c8)]: 0 failure(s)
2026-04-07 13:54:07 [INFO] [evolutionary_search.cc:619] Evolve iter #2 done. Summary:
Postproc #0 [meta_schedule.DisallowDynamicLoop(0x5bdf3d296798)]: 0 failure(s)
Postproc #1 [meta_schedule.RewriteParallelVectorizeUnroll(0x5bdf3cce88d8)]: 0 failure(s)
Postproc #2 [meta_schedule.RewriteReductionBlock(0x5bdf3da8fe38)]: 0 failure(s)
Postproc #3 [meta_schedule.RewriteLayout(0x5bdf3d2411c8)]: 0 failure(s)
2026-04-07 13:54:08 [INFO] [evolutionary_search.cc:619] Evolve iter #3 done. Summary:
Postproc #0 [meta_schedule.DisallowDynamicLoop(0x5bdf3d296798)]: 0 failure(s)
Postproc #1 [meta_schedule.RewriteParallelVectorizeUnroll(0x5bdf3cce88d8)]: 0 failure(s)
Postproc #2 [meta_schedule.RewriteReductionBlock(0x5bdf3da8fe38)]: 0 failure(s)
Postproc #3 [meta_schedule.RewriteLayout(0x5bdf3d2411c8)]: 0 failure(s)
2026-04-07 13:54:08 [INFO] [evolutionary_search.cc:647] Scores of the best 64 candidates:
[1 : 16]:	1.0000  0.9997  0.9996  0.9994  0.9992  0.9991  0.9990  0.9990  0.9987  0.9977  0.9977  0.9973  0.9972  0.9968  0.9962  0.9953
[17 : 32]:	0.9950  0.9950  0.9946  0.9946  0.9942  0.9937  0.9936  0.9933  0.9932  0.9931  0.9930  0.9926  0.9925  0.9920  0.9919  0.9912
[33 : 48]:	0.9910  0.9909  0.9908  0.9908  0.9896  0.9896  0.9893  0.9888  0.9886  0.9872  0.9854  0.9851  0.9851  0.9841  0.9837  0.9837
[49 : 64]:	0.9837  0.9827  0.9825  0.9825  0.9819  0.9813  0.9813  0.9810  0.9800  0.9792  0.9781  0.9779  0.9775  0.9768  0.9764  0.9762
2026-04-07 13:54:08 [INFO] [evolutionary_search.cc:725] Got 64 candidate(s) with evolutionary search
2026-04-07 13:54:08 [INFO] [evolutionary_search.cc:728] Sending 64 candidates(s) for measurement
2026-04-07 13:54:34 [INFO] [task_scheduler.cc:137] [Task #0: main] Trial #65: GFLOPs: 17.4372. Time: 4329.6896 us. Best GFLOPs: 91.0403
2026-04-07 13:54:34 [INFO] [task_scheduler.cc:137] [Task #0: main] Trial #66: GFLOPs: 73.7155. Time: 1024.1735 us. Best GFLOPs: 91.0403
2026-04-07 13:54:34 [INFO] [task_scheduler.cc:137] [Task #0: main] Trial #67: GFLOPs: 66.7479. Time: 1131.0842 us. Best GFLOPs: 91.0403
2026-04-07 13:54:34 [INFO] [task_scheduler.cc:137] [Task #0: main] Trial #68: GFLOPs: 37.0694. Time: 2036.6509 us. Best GFLOPs: 91.0403
2026-04-07 13:54:34 [INFO] [task_scheduler.cc:137] [Task #0: main] Trial #69: GFLOPs: 14.8073. Time: 5098.6689 us. Best GFLOPs: 91.0403
2026-04-07 13:54:34 [INFO] [task_scheduler.cc:137] [Task #0: main] Trial #70: GFLOPs: 23.3541. Time: 3232.7316 us. Best GFLOPs: 91.0403
2026-04-07 13:54:34 [INFO] [task_scheduler.cc:137] [Task #0: main] Trial #71: GFLOPs: 20.5271. Time: 3677.9406 us. Best GFLOPs: 91.0403
2026-04-07 13:54:34 [INFO] [task_scheduler.cc:137] [Task #0: main] Trial #72: GFLOPs: 53.0068. Time: 1424.2977 us. Best GFLOPs: 91.0403
2026-04-07 13:54:34 [INFO] [task_scheduler.cc:137] [Task #0: main] Trial #73: GFLOPs: 40.1977. Time: 1878.1543 us. Best GFLOPs: 91.0403
2026-04-07 13:54:34 [INFO] [task_scheduler.cc:137] [Task #0: main] Trial #74: GFLOPs: 68.7525. Time: 1098.1046 us. Best GFLOPs: 91.0403
2026-04-07 13:54:34 [INFO] [task_scheduler.cc:137] [Task #0: main] Trial #75: GFLOPs: 2.6501. Time: 28489.0293 us. Best GFLOPs: 91.0403
2026-04-07 13:54:34 [INFO] [task_scheduler.cc:137] [Task #0: main] Trial #76: GFLOPs: 83.5820. Time: 903.2738 us. Best GFLOPs: 91.0403
2026-04-07 13:54:34 [INFO] [task_scheduler.cc:137] [Task #0: main] Trial #77: GFLOPs: 26.8539. Time: 2811.4206 us. Best GFLOPs: 91.0403
2026-04-07 13:54:34 [INFO] [task_scheduler.cc:137] [Task #0: main] Trial #78: GFLOPs: 57.1571. Time: 1320.8760 us. Best GFLOPs: 91.0403
2026-04-07 13:54:34 [INFO] [task_scheduler.cc:137] [Task #0: main] Trial #79: GFLOPs: 33.2101. Time: 2273.3256 us. Best GFLOPs: 91.0403
2026-04-07 13:54:34 [INFO] [task_scheduler.cc:137] [Task #0: main] Trial #80: GFLOPs: 15.3443. Time: 4920.2323 us. Best GFLOPs: 91.0403
2026-04-07 13:54:34 [INFO] [task_scheduler.cc:137] [Task #0: main] Trial #81: GFLOPs: 31.3524. Time: 2408.0282 us. Best GFLOPs: 91.0403
2026-04-07 13:54:34 [INFO] [task_scheduler.cc:137] [Task #0: main] Trial #82: GFLOPs: 41.7789. Time: 1807.0730 us. Best GFLOPs: 91.0403
2026-04-07 13:54:34 [INFO] [task_scheduler.cc:137] [Task #0: main] Trial #83: GFLOPs: 38.3091. Time: 1970.7426 us. Best GFLOPs: 91.0403
2026-04-07 13:54:34 [INFO] [task_scheduler.cc:137] [Task #0: main] Trial #84: GFLOPs: 59.9144. Time: 1260.0879 us. Best GFLOPs: 91.0403
2026-04-07 13:54:34 [INFO] [task_scheduler.cc:137] [Task #0: main] Trial #85: GFLOPs: 45.7377. Time: 1650.6633 us. Best GFLOPs: 91.0403
2026-04-07 13:54:34 [INFO] [task_scheduler.cc:137] [Task #0: main] Trial #86: GFLOPs: 33.7518. Time: 2236.8444 us. Best GFLOPs: 91.0403
2026-04-07 13:54:34 [INFO] [task_scheduler.cc:137] [Task #0: main] Trial #87: GFLOPs: 11.2833. Time: 6691.0629 us. Best GFLOPs: 91.0403
2026-04-07 13:54:34 [INFO] [task_scheduler.cc:137] [Task #0: main] Trial #88: GFLOPs: 56.1333. Time: 1344.9682 us. Best GFLOPs: 91.0403
2026-04-07 13:54:34 [INFO] [task_scheduler.cc:137] [Task #0: main] Trial #89: GFLOPs: 9.4135. Time: 8020.1377 us. Best GFLOPs: 91.0403
2026-04-07 13:54:34 [INFO] [task_scheduler.cc:137] [Task #0: main] Trial #90: GFLOPs: 13.4434. Time: 5615.9625 us. Best GFLOPs: 91.0403
2026-04-07 13:54:34 [INFO] [task_scheduler.cc:137] [Task #0: main] Trial #91: GFLOPs: 27.6921. Time: 2726.3182 us. Best GFLOPs: 91.0403
2026-04-07 13:54:34 [INFO] [task_scheduler.cc:137] [Task #0: main] Trial #92: GFLOPs: 15.7896. Time: 4781.4665 us. Best GFLOPs: 91.0403
2026-04-07 13:54:34 [INFO] [task_scheduler.cc:137] [Task #0: main] Trial #93: GFLOPs: 15.9592. Time: 4730.6660 us. Best GFLOPs: 91.0403
2026-04-07 13:54:34 [INFO] [task_scheduler.cc:137] [Task #0: main] Trial #94: GFLOPs: 67.8469. Time: 1112.7617 us. Best GFLOPs: 91.0403
2026-04-07 13:54:34 [INFO] [task_scheduler.cc:137] [Task #0: main] Trial #95: GFLOPs: 34.0443. Time: 2217.6251 us. Best GFLOPs: 91.0403
2026-04-07 13:54:34 [INFO] [task_scheduler.cc:137] [Task #0: main] Trial #96: GFLOPs: 28.7561. Time: 2625.4457 us. Best GFLOPs: 91.0403
2026-04-07 13:54:34 [INFO] [task_scheduler.cc:137] [Task #0: main] Trial #97: GFLOPs: 17.4390. Time: 4329.2314 us. Best GFLOPs: 91.0403
2026-04-07 13:54:34 [INFO] [task_scheduler.cc:137] [Task #0: main] Trial #98: GFLOPs: 58.3395. Time: 1294.1059 us. Best GFLOPs: 91.0403
2026-04-07 13:54:34 [INFO] [task_scheduler.cc:137] [Task #0: main] Trial #99: GFLOPs: 16.3805. Time: 4608.9795 us. Best GFLOPs: 91.0403
2026-04-07 13:54:34 [INFO] [task_scheduler.cc:137] [Task #0: main] Trial #100: GFLOPs: 71.1838. Time: 1060.5996 us. Best GFLOPs: 91.0403
2026-04-07 13:54:34 [INFO] [task_scheduler.cc:137] [Task #0: main] Trial #101: GFLOPs: 31.0082. Time: 2434.7567 us. Best GFLOPs: 91.0403
2026-04-07 13:54:34 [INFO] [task_scheduler.cc:137] [Task #0: main] Trial #102: GFLOPs: 40.4620. Time: 1865.8843 us. Best GFLOPs: 91.0403
2026-04-07 13:54:34 [INFO] [task_scheduler.cc:137] [Task #0: main] Trial #103: GFLOPs: 44.9884. Time: 1678.1531 us. Best GFLOPs: 91.0403
2026-04-07 13:54:34 [INFO] [task_scheduler.cc:137] [Task #0: main] Trial #104: GFLOPs: 33.3235. Time: 2265.5912 us. Best GFLOPs: 91.0403
2026-04-07 13:54:34 [INFO] [task_scheduler.cc:137] [Task #0: main] Trial #105: GFLOPs: 34.8186. Time: 2168.3099 us. Best GFLOPs: 91.0403
2026-04-07 13:54:34 [INFO] [task_scheduler.cc:137] [Task #0: main] Trial #106: GFLOPs: 40.4811. Time: 1865.0037 us. Best GFLOPs: 91.0403
2026-04-07 13:54:34 [INFO] [task_scheduler.cc:137] [Task #0: main] Trial #107: GFLOPs: 23.1851. Time: 3256.2925 us. Best GFLOPs: 91.0403
2026-04-07 13:54:34 [INFO] [task_scheduler.cc:137] [Task #0: main] Trial #108: GFLOPs: 45.4905. Time: 1659.6333 us. Best GFLOPs: 91.0403
2026-04-07 13:54:34 [INFO] [task_scheduler.cc:137] [Task #0: main] Trial #109: GFLOPs: 50.1135. Time: 1506.5283 us. Best GFLOPs: 91.0403
2026-04-07 13:54:34 [INFO] [task_scheduler.cc:137] [Task #0: main] Trial #110: GFLOPs: 9.6816. Time: 7798.0075 us. Best GFLOPs: 91.0403
2026-04-07 13:54:34 [INFO] [task_scheduler.cc:137] [Task #0: main] Trial #111: GFLOPs: 72.7463. Time: 1037.8183 us. Best GFLOPs: 91.0403
2026-04-07 13:54:34 [INFO] [task_scheduler.cc:137] [Task #0: main] Trial #112: GFLOPs: 7.2723. Time: 10381.4483 us. Best GFLOPs: 91.0403
2026-04-07 13:54:34 [INFO] [task_scheduler.cc:137] [Task #0: main] Trial #113: GFLOPs: 30.1396. Time: 2504.9251 us. Best GFLOPs: 91.0403
2026-04-07 13:54:34 [INFO] [task_scheduler.cc:137] [Task #0: main] Trial #114: GFLOPs: 36.1617. Time: 2087.7761 us. Best GFLOPs: 91.0403
2026-04-07 13:54:34 [INFO] [task_scheduler.cc:137] [Task #0: main] Trial #115: GFLOPs: 44.1787. Time: 1708.9120 us. Best GFLOPs: 91.0403
2026-04-07 13:54:34 [INFO] [task_scheduler.cc:137] [Task #0: main] Trial #116: GFLOPs: 37.0888. Time: 2035.5846 us. Best GFLOPs: 91.0403
2026-04-07 13:54:34 [INFO] [task_scheduler.cc:137] [Task #0: main] Trial #117: GFLOPs: 22.2508. Time: 3393.0261 us. Best GFLOPs: 91.0403
2026-04-07 13:54:34 [INFO] [task_scheduler.cc:137] [Task #0: main] Trial #118: GFLOPs: 31.9195. Time: 2365.2430 us. Best GFLOPs: 91.0403
2026-04-07 13:54:34 [INFO] [task_scheduler.cc:137] [Task #0: main] Trial #119: GFLOPs: 41.4959. Time: 1819.3978 us. Best GFLOPs: 91.0403
2026-04-07 13:54:34 [INFO] [task_scheduler.cc:137] [Task #0: main] Trial #120: GFLOPs: 40.5963. Time: 1859.7146 us. Best GFLOPs: 91.0403
2026-04-07 13:54:34 [INFO] [task_scheduler.cc:137] [Task #0: main] Trial #121: GFLOPs: 7.7912. Time: 9690.1022 us. Best GFLOPs: 91.0403
2026-04-07 13:54:34 [INFO] [task_scheduler.cc:137] [Task #0: main] Trial #122: GFLOPs: 22.6411. Time: 3334.5279 us. Best GFLOPs: 91.0403
2026-04-07 13:54:34 [INFO] [task_scheduler.cc:137] [Task #0: main] Trial #123: GFLOPs: 16.6195. Time: 4542.7078 us. Best GFLOPs: 91.0403
2026-04-07 13:54:34 [INFO] [task_scheduler.cc:137] [Task #0: main] Trial #124: GFLOPs: 65.1494. Time: 1158.8369 us. Best GFLOPs: 91.0403
2026-04-07 13:54:34 [INFO] [task_scheduler.cc:137] [Task #0: main] Trial #125: GFLOPs: 26.2455. Time: 2876.5923 us. Best GFLOPs: 91.0403
2026-04-07 13:54:34 [INFO] [task_scheduler.cc:137] [Task #0: main] Trial #126: GFLOPs: 15.2087. Time: 4964.0844 us. Best GFLOPs: 91.0403
2026-04-07 13:54:34 [INFO] [task_scheduler.cc:137] [Task #0: main] Trial #127: GFLOPs: 22.7712. Time: 3315.4872 us. Best GFLOPs: 91.0403
2026-04-07 13:54:34 [INFO] [task_scheduler.cc:137] [Task #0: main] Trial #128: GFLOPs: 12.8745. Time: 5864.1051 us. Best GFLOPs: 91.0403
2026-04-07 13:54:34 [INFO] [evolutionary_search.cc:711] Generating candidates......
2026-04-07 13:54:34 [INFO] [evolutionary_search.cc:713] Picked top 121 candidate(s) from database
2026-04-07 13:54:34 [INFO] [evolutionary_search.cc:530] Sample-Init-Population summary:
Postproc #0 [meta_schedule.DisallowDynamicLoop(0x5bdf3d296798)]: 0 failure(s)
Postproc #1 [meta_schedule.RewriteParallelVectorizeUnroll(0x5bdf3cce88d8)]: 0 failure(s)
Postproc #2 [meta_schedule.RewriteReductionBlock(0x5bdf3da8fe38)]: 0 failure(s)
Postproc #3 [meta_schedule.RewriteLayout(0x5bdf3d2411c8)]: 0 failure(s)
2026-04-07 13:54:34 [INFO] [evolutionary_search.cc:721] Sampled 488 candidate(s)
2026-04-07 13:54:35 [INFO] [evolutionary_search.cc:619] Evolve iter #0 done. Summary:
Postproc #0 [meta_schedule.DisallowDynamicLoop(0x5bdf3d296798)]: 0 failure(s)
Postproc #1 [meta_schedule.RewriteParallelVectorizeUnroll(0x5bdf3cce88d8)]: 0 failure(s)
Postproc #2 [meta_schedule.RewriteReductionBlock(0x5bdf3da8fe38)]: 0 failure(s)
Postproc #3 [meta_schedule.RewriteLayout(0x5bdf3d2411c8)]: 0 failure(s)
2026-04-07 13:54:36 [INFO] [evolutionary_search.cc:619] Evolve iter #1 done. Summary:
Postproc #0 [meta_schedule.DisallowDynamicLoop(0x5bdf3d296798)]: 0 failure(s)
Postproc #1 [meta_schedule.RewriteParallelVectorizeUnroll(0x5bdf3cce88d8)]: 0 failure(s)
Postproc #2 [meta_schedule.RewriteReductionBlock(0x5bdf3da8fe38)]: 0 failure(s)
Postproc #3 [meta_schedule.RewriteLayout(0x5bdf3d2411c8)]: 0 failure(s)
2026-04-07 13:54:37 [INFO] [evolutionary_search.cc:619] Evolve iter #2 done. Summary:
Postproc #0 [meta_schedule.DisallowDynamicLoop(0x5bdf3d296798)]: 0 failure(s)
Postproc #1 [meta_schedule.RewriteParallelVectorizeUnroll(0x5bdf3cce88d8)]: 0 failure(s)
Postproc #2 [meta_schedule.RewriteReductionBlock(0x5bdf3da8fe38)]: 0 failure(s)
Postproc #3 [meta_schedule.RewriteLayout(0x5bdf3d2411c8)]: 0 failure(s)
2026-04-07 13:54:38 [INFO] [evolutionary_search.cc:619] Evolve iter #3 done. Summary:
Postproc #0 [meta_schedule.DisallowDynamicLoop(0x5bdf3d296798)]: 0 failure(s)
Postproc #1 [meta_schedule.RewriteParallelVectorizeUnroll(0x5bdf3cce88d8)]: 0 failure(s)
Postproc #2 [meta_schedule.RewriteReductionBlock(0x5bdf3da8fe38)]: 0 failure(s)
Postproc #3 [meta_schedule.RewriteLayout(0x5bdf3d2411c8)]: 0 failure(s)
2026-04-07 13:54:39 [INFO] [evolutionary_search.cc:647] Scores of the best 64 candidates:
[1 : 16]:	0.9539  0.9489  0.9453  0.9441  0.9160  0.9114  0.9085  0.9061  0.9048  0.9003  0.8976  0.8922  0.8896  0.8871  0.8715  0.8681
[17 : 32]:	0.8664  0.8596  0.8523  0.8519  0.8519  0.8508  0.8499  0.8382  0.8359  0.8234  0.8226  0.8202  0.8191  0.8183  0.8182  0.8170
[33 : 48]:	0.8170  0.8127  0.8124  0.8113  0.8085  0.8085  0.8085  0.8085  0.8085  0.8084  0.8057  0.8057  0.8057  0.8050  0.8035  0.8035
[49 : 64]:	0.8034  0.8010  0.8008  0.8007  0.8005  0.7974  0.7974  0.7956  0.7941  0.7928  0.7902  0.7862  0.7843  0.7812  0.7805  0.7805
2026-04-07 13:54:39 [INFO] [evolutionary_search.cc:725] Got 64 candidate(s) with evolutionary search
2026-04-07 13:54:39 [INFO] [evolutionary_search.cc:728] Sending 64 candidates(s) for measurement
2026-04-07 13:55:05 [INFO] [task_scheduler.cc:137] [Task #0: main] Trial #129: GFLOPs: 38.1656. Time: 1978.1576 us. Best GFLOPs: 91.0403
2026-04-07 13:55:05 [INFO] [task_scheduler.cc:137] [Task #0: main] Trial #130: GFLOPs: 68.9543. Time: 1094.8920 us. Best GFLOPs: 91.0403
2026-04-07 13:55:05 [INFO] [task_scheduler.cc:137] [Task #0: main] Trial #131: GFLOPs: 79.1825. Time: 953.4614 us. Best GFLOPs: 91.0403
2026-04-07 13:55:05 [INFO] [task_scheduler.cc:137] [Task #0: main] Trial #132: GFLOPs: 86.3065. Time: 874.7601 us. Best GFLOPs: 91.0403
2026-04-07 13:55:05 [INFO] [task_scheduler.cc:137] [Task #0: main] Trial #133: GFLOPs: 81.0505. Time: 931.4873 us. Best GFLOPs: 91.0403
2026-04-07 13:55:05 [INFO] [task_scheduler.cc:137] [Task #0: main] Trial #134: GFLOPs: 74.2931. Time: 1016.2109 us. Best GFLOPs: 91.0403
2026-04-07 13:55:05 [INFO] [task_scheduler.cc:137] [Task #0: main] Trial #135: GFLOPs: 78.5067. Time: 961.6691 us. Best GFLOPs: 91.0403
2026-04-07 13:55:05 [INFO] [task_scheduler.cc:137] [Task #0: main] Trial #136: GFLOPs: 72.8997. Time: 1035.6351 us. Best GFLOPs: 91.0403
2026-04-07 13:55:05 [INFO] [task_scheduler.cc:137] [Task #0: main] Trial #137: GFLOPs: 74.8590. Time: 1008.5294 us. Best GFLOPs: 91.0403
2026-04-07 13:55:05 [INFO] [task_scheduler.cc:137] [Task #0: main] Trial #138: GFLOPs: 62.0880. Time: 1215.9748 us. Best GFLOPs: 91.0403
2026-04-07 13:55:05 [INFO] [task_scheduler.cc:137] [Task #0: main] Trial #139: GFLOPs: 41.5737. Time: 1815.9894 us. Best GFLOPs: 91.0403
2026-04-07 13:55:05 [INFO] [task_scheduler.cc:137] [Task #0: main] Trial #140: GFLOPs: 62.6953. Time: 1204.1967 us. Best GFLOPs: 91.0403
2026-04-07 13:55:05 [INFO] [task_scheduler.cc:137] [Task #0: main] Trial #141: GFLOPs: 97.5019. Time: 774.3177 us. Best GFLOPs: 97.5019
2026-04-07 13:55:05 [INFO] [task_scheduler.cc:137] [Task #0: main] Trial #142: GFLOPs: 75.1748. Time: 1004.2924 us. Best GFLOPs: 97.5019
2026-04-07 13:55:05 [INFO] [task_scheduler.cc:137] [Task #0: main] Trial #143: GFLOPs: 61.7384. Time: 1222.8612 us. Best GFLOPs: 97.5019
2026-04-07 13:55:05 [INFO] [task_scheduler.cc:137] [Task #0: main] Trial #144: GFLOPs: 26.9464. Time: 2801.7616 us. Best GFLOPs: 97.5019
2026-04-07 13:55:05 [INFO] [task_scheduler.cc:137] [Task #0: main] Trial #145: GFLOPs: 67.2152. Time: 1123.2195 us. Best GFLOPs: 97.5019
2026-04-07 13:55:05 [INFO] [task_scheduler.cc:137] [Task #0: main] Trial #146: GFLOPs: 78.0310. Time: 967.5320 us. Best GFLOPs: 97.5019
2026-04-07 13:55:05 [INFO] [task_scheduler.cc:137] [Task #0: main] Trial #147: GFLOPs: 63.1780. Time: 1194.9967 us. Best GFLOPs: 97.5019
2026-04-07 13:55:05 [INFO] [task_scheduler.cc:137] [Task #0: main] Trial #148: GFLOPs: 55.0153. Time: 1372.2987 us. Best GFLOPs: 97.5019
2026-04-07 13:55:05 [INFO] [task_scheduler.cc:137] [Task #0: main] Trial #149: GFLOPs: 50.8762. Time: 1483.9446 us. Best GFLOPs: 97.5019
2026-04-07 13:55:05 [INFO] [task_scheduler.cc:137] [Task #0: main] Trial #150: GFLOPs: 72.2378. Time: 1045.1242 us. Best GFLOPs: 97.5019
2026-04-07 13:55:05 [INFO] [task_scheduler.cc:137] [Task #0: main] Trial #151: GFLOPs: 52.6965. Time: 1432.6841 us. Best GFLOPs: 97.5019
2026-04-07 13:55:05 [INFO] [task_scheduler.cc:137] [Task #0: main] Trial #152: GFLOPs: 63.1818. Time: 1194.9244 us. Best GFLOPs: 97.5019
2026-04-07 13:55:05 [INFO] [task_scheduler.cc:137] [Task #0: main] Trial #153: GFLOPs: 63.5563. Time: 1187.8829 us. Best GFLOPs: 97.5019
2026-04-07 13:55:05 [INFO] [task_scheduler.cc:137] [Task #0: main] Trial #154: GFLOPs: 69.6849. Time: 1083.4117 us. Best GFLOPs: 97.5019
2026-04-07 13:55:05 [INFO] [task_scheduler.cc:137] [Task #0: main] Trial #155: GFLOPs: 72.1624. Time: 1046.2155 us. Best GFLOPs: 97.5019
2026-04-07 13:55:05 [INFO] [task_scheduler.cc:137] [Task #0: main] Trial #156: GFLOPs: 28.6048. Time: 2639.3310 us. Best GFLOPs: 97.5019
2026-04-07 13:55:05 [INFO] [task_scheduler.cc:137] [Task #0: main] Trial #157: GFLOPs: 56.7256. Time: 1330.9246 us. Best GFLOPs: 97.5019
2026-04-07 13:55:05 [INFO] [task_scheduler.cc:137] [Task #0: main] Trial #158: GFLOPs: 53.7710. Time: 1404.0548 us. Best GFLOPs: 97.5019
2026-04-07 13:55:05 [INFO] [task_scheduler.cc:137] [Task #0: main] Trial #159: GFLOPs: 63.2734. Time: 1193.1947 us. Best GFLOPs: 97.5019
2026-04-07 13:55:05 [INFO] [task_scheduler.cc:137] [Task #0: main] Trial #160: GFLOPs: 24.6976. Time: 3056.8798 us. Best GFLOPs: 97.5019
2026-04-07 13:55:05 [INFO] [task_scheduler.cc:137] [Task #0: main] Trial #161: GFLOPs: 77.4874. Time: 974.3194 us. Best GFLOPs: 97.5019
2026-04-07 13:55:05 [INFO] [task_scheduler.cc:137] [Task #0: main] Trial #162: GFLOPs: 61.5423. Time: 1226.7572 us. Best GFLOPs: 97.5019
2026-04-07 13:55:05 [INFO] [task_scheduler.cc:137] [Task #0: main] Trial #163: GFLOPs: 69.5672. Time: 1085.2460 us. Best GFLOPs: 97.5019
2026-04-07 13:55:05 [INFO] [task_scheduler.cc:137] [Task #0: main] Trial #164: GFLOPs: 71.9329. Time: 1049.5548 us. Best GFLOPs: 97.5019
2026-04-07 13:55:05 [INFO] [task_scheduler.cc:137] [Task #0: main] Trial #165: GFLOPs: 47.8063. Time: 1579.2372 us. Best GFLOPs: 97.5019
2026-04-07 13:55:05 [INFO] [task_scheduler.cc:137] [Task #0: main] Trial #166: GFLOPs: 60.8895. Time: 1239.9088 us. Best GFLOPs: 97.5019
2026-04-07 13:55:05 [INFO] [task_scheduler.cc:137] [Task #0: main] Trial #167: GFLOPs: 54.1795. Time: 1393.4698 us. Best GFLOPs: 97.5019
2026-04-07 13:55:05 [INFO] [task_scheduler.cc:137] [Task #0: main] Trial #168: GFLOPs: 54.3367. Time: 1389.4386 us. Best GFLOPs: 97.5019
2026-04-07 13:55:05 [INFO] [task_scheduler.cc:137] [Task #0: main] Trial #169: GFLOPs: 53.5346. Time: 1410.2544 us. Best GFLOPs: 97.5019
2026-04-07 13:55:05 [INFO] [task_scheduler.cc:137] [Task #0: main] Trial #170: GFLOPs: 33.4969. Time: 2253.8668 us. Best GFLOPs: 97.5019
2026-04-07 13:55:05 [INFO] [task_scheduler.cc:137] [Task #0: main] Trial #171: GFLOPs: 44.6229. Time: 1691.8982 us. Best GFLOPs: 97.5019
2026-04-07 13:55:05 [INFO] [task_scheduler.cc:137] [Task #0: main] Trial #172: GFLOPs: 37.7263. Time: 2001.1881 us. Best GFLOPs: 97.5019
2026-04-07 13:55:05 [INFO] [task_scheduler.cc:137] [Task #0: main] Trial #173: GFLOPs: 42.1172. Time: 1792.5550 us. Best GFLOPs: 97.5019
2026-04-07 13:55:05 [INFO] [task_scheduler.cc:137] [Task #0: main] Trial #174: GFLOPs: 72.0342. Time: 1048.0777 us. Best GFLOPs: 97.5019
2026-04-07 13:55:05 [INFO] [task_scheduler.cc:137] [Task #0: main] Trial #175: GFLOPs: 56.7786. Time: 1329.6807 us. Best GFLOPs: 97.5019
2026-04-07 13:55:05 [INFO] [task_scheduler.cc:137] [Task #0: main] Trial #176: GFLOPs: 48.0745. Time: 1570.4261 us. Best GFLOPs: 97.5019
2026-04-07 13:55:05 [INFO] [task_scheduler.cc:137] [Task #0: main] Trial #177: GFLOPs: 70.4967. Time: 1070.9357 us. Best GFLOPs: 97.5019
2026-04-07 13:55:05 [INFO] [task_scheduler.cc:137] [Task #0: main] Trial #178: GFLOPs: 30.7128. Time: 2458.1785 us. Best GFLOPs: 97.5019
2026-04-07 13:55:05 [INFO] [task_scheduler.cc:137] [Task #0: main] Trial #179: GFLOPs: 68.0825. Time: 1108.9115 us. Best GFLOPs: 97.5019
2026-04-07 13:55:05 [INFO] [task_scheduler.cc:137] [Task #0: main] Trial #180: GFLOPs: 65.1671. Time: 1158.5209 us. Best GFLOPs: 97.5019
2026-04-07 13:55:05 [INFO] [task_scheduler.cc:137] [Task #0: main] Trial #181: GFLOPs: 76.9952. Time: 980.5478 us. Best GFLOPs: 97.5019
2026-04-07 13:55:05 [INFO] [task_scheduler.cc:137] [Task #0: main] Trial #182: GFLOPs: 72.5737. Time: 1040.2875 us. Best GFLOPs: 97.5019
2026-04-07 13:55:05 [INFO] [task_scheduler.cc:137] [Task #0: main] Trial #183: GFLOPs: 72.5353. Time: 1040.8378 us. Best GFLOPs: 97.5019
2026-04-07 13:55:05 [INFO] [task_scheduler.cc:137] [Task #0: main] Trial #184: GFLOPs: 23.6443. Time: 3193.0563 us. Best GFLOPs: 97.5019
2026-04-07 13:55:05 [INFO] [task_scheduler.cc:137] [Task #0: main] Trial #185: GFLOPs: 19.7098. Time: 3830.4557 us. Best GFLOPs: 97.5019
2026-04-07 13:55:05 [INFO] [task_scheduler.cc:137] [Task #0: main] Trial #186: GFLOPs: 63.5832. Time: 1187.3811 us. Best GFLOPs: 97.5019
2026-04-07 13:55:05 [INFO] [task_scheduler.cc:137] [Task #0: main] Trial #187: GFLOPs: 82.8314. Time: 911.4598 us. Best GFLOPs: 97.5019
2026-04-07 13:55:05 [INFO] [task_scheduler.cc:137] [Task #0: main] Trial #188: GFLOPs: 37.5202. Time: 2012.1796 us. Best GFLOPs: 97.5019
2026-04-07 13:55:05 [INFO] [task_scheduler.cc:137] [Task #0: main] Trial #189: GFLOPs: 79.1289. Time: 954.1080 us. Best GFLOPs: 97.5019
2026-04-07 13:55:05 [INFO] [task_scheduler.cc:137] [Task #0: main] Trial #190: GFLOPs: 60.1432. Time: 1255.2948 us. Best GFLOPs: 97.5019
2026-04-07 13:55:05 [INFO] [task_scheduler.cc:137] [Task #0: main] Trial #191: GFLOPs: 22.5583. Time: 3346.7733 us. Best GFLOPs: 97.5019
2026-04-07 13:55:05 [INFO] [task_scheduler.cc:137] [Task #0: main] Trial #192: GFLOPs: 26.7889. Time: 2818.2321 us. Best GFLOPs: 97.5019
2026-04-07 13:55:05 [INFO] [evolutionary_search.cc:711] Generating candidates......
2026-04-07 13:55:05 [INFO] [evolutionary_search.cc:713] Picked top 121 candidate(s) from database
2026-04-07 13:55:06 [INFO] [evolutionary_search.cc:530] Sample-Init-Population summary:
Postproc #0 [meta_schedule.DisallowDynamicLoop(0x5bdf3d296798)]: 0 failure(s)
Postproc #1 [meta_schedule.RewriteParallelVectorizeUnroll(0x5bdf3cce88d8)]: 0 failure(s)
Postproc #2 [meta_schedule.RewriteReductionBlock(0x5bdf3da8fe38)]: 0 failure(s)
Postproc #3 [meta_schedule.RewriteLayout(0x5bdf3d2411c8)]: 0 failure(s)
2026-04-07 13:55:06 [INFO] [evolutionary_search.cc:721] Sampled 488 candidate(s)
2026-04-07 13:55:07 [INFO] [evolutionary_search.cc:619] Evolve iter #0 done. Summary:
Postproc #0 [meta_schedule.DisallowDynamicLoop(0x5bdf3d296798)]: 0 failure(s)
Postproc #1 [meta_schedule.RewriteParallelVectorizeUnroll(0x5bdf3cce88d8)]: 0 failure(s)
Postproc #2 [meta_schedule.RewriteReductionBlock(0x5bdf3da8fe38)]: 0 failure(s)
Postproc #3 [meta_schedule.RewriteLayout(0x5bdf3d2411c8)]: 0 failure(s)
2026-04-07 13:55:08 [INFO] [evolutionary_search.cc:619] Evolve iter #1 done. Summary:
Postproc #0 [meta_schedule.DisallowDynamicLoop(0x5bdf3d296798)]: 0 failure(s)
Postproc #1 [meta_schedule.RewriteParallelVectorizeUnroll(0x5bdf3cce88d8)]: 0 failure(s)
Postproc #2 [meta_schedule.RewriteReductionBlock(0x5bdf3da8fe38)]: 0 failure(s)
Postproc #3 [meta_schedule.RewriteLayout(0x5bdf3d2411c8)]: 0 failure(s)
2026-04-07 13:55:09 [INFO] [evolutionary_search.cc:619] Evolve iter #2 done. Summary:
Postproc #0 [meta_schedule.DisallowDynamicLoop(0x5bdf3d296798)]: 0 failure(s)
Postproc #1 [meta_schedule.RewriteParallelVectorizeUnroll(0x5bdf3cce88d8)]: 0 failure(s)
Postproc #2 [meta_schedule.RewriteReductionBlock(0x5bdf3da8fe38)]: 0 failure(s)
Postproc #3 [meta_schedule.RewriteLayout(0x5bdf3d2411c8)]: 0 failure(s)
2026-04-07 13:55:10 [INFO] [evolutionary_search.cc:619] Evolve iter #3 done. Summary:
Postproc #0 [meta_schedule.DisallowDynamicLoop(0x5bdf3d296798)]: 0 failure(s)
Postproc #1 [meta_schedule.RewriteParallelVectorizeUnroll(0x5bdf3cce88d8)]: 0 failure(s)
Postproc #2 [meta_schedule.RewriteReductionBlock(0x5bdf3da8fe38)]: 0 failure(s)
Postproc #3 [meta_schedule.RewriteLayout(0x5bdf3d2411c8)]: 0 failure(s)
2026-04-07 13:55:11 [INFO] [evolutionary_search.cc:647] Scores of the best 36 candidates:
[1 : 16]:	0.9281  0.9158  0.8976  0.8976  0.8955  0.8777  0.8584  0.8492  0.8456  0.8429  0.8381  0.8307  0.8291  0.8261  0.8249  0.8230
[17 : 32]:	0.8186  0.8186  0.8143  0.8143  0.8126  0.8126  0.8082  0.8069  0.8066  0.8066  0.8064  0.8056  0.8056  0.8056  0.8056  0.8030
[33 : 36]:	0.7995  0.7991  0.7974  0.7965
2026-04-07 13:55:11 [INFO] [evolutionary_search.cc:725] Got 36 candidate(s) with evolutionary search
2026-04-07 13:55:11 [INFO] [evolutionary_search.cc:728] Sending 36 candidates(s) for measurement
2026-04-07 13:55:30 [INFO] [task_scheduler.cc:137] [Task #0: main] Trial #193: GFLOPs: 104.3793. Time: 723.2994 us. Best GFLOPs: 104.3793
2026-04-07 13:55:30 [INFO] [task_scheduler.cc:137] [Task #0: main] Trial #194: GFLOPs: 104.0473. Time: 725.6069 us. Best GFLOPs: 104.3793
2026-04-07 13:55:30 [INFO] [task_scheduler.cc:137] [Task #0: main] Trial #195: GFLOPs: 107.3100. Time: 703.5452 us. Best GFLOPs: 107.3100
2026-04-07 13:55:30 [INFO] [task_scheduler.cc:137] [Task #0: main] Trial #196: GFLOPs: 104.8972. Time: 719.7280 us. Best GFLOPs: 107.3100
2026-04-07 13:55:30 [INFO] [task_scheduler.cc:137] [Task #0: main] Trial #197: GFLOPs: 35.0678. Time: 2152.9010 us. Best GFLOPs: 107.3100
2026-04-07 13:55:30 [INFO] [task_scheduler.cc:137] [Task #0: main] Trial #198: GFLOPs: 102.0916. Time: 739.5070 us. Best GFLOPs: 107.3100
2026-04-07 13:55:30 [INFO] [task_scheduler.cc:137] [Task #0: main] Trial #199: GFLOPs: 93.3299. Time: 808.9311 us. Best GFLOPs: 107.3100
2026-04-07 13:55:30 [INFO] [task_scheduler.cc:137] [Task #0: main] Trial #200: GFLOPs: 83.6678. Time: 902.3482 us. Best GFLOPs: 107.3100
2026-04-07 13:55:30 [INFO] [task_scheduler.cc:137] [Task #0: main] Trial #201: GFLOPs: 78.2827. Time: 964.4206 us. Best GFLOPs: 107.3100
2026-04-07 13:55:30 [INFO] [task_scheduler.cc:137] [Task #0: main] Trial #202: GFLOPs: 78.6795. Time: 959.5572 us. Best GFLOPs: 107.3100
2026-04-07 13:55:30 [INFO] [task_scheduler.cc:137] [Task #0: main] Trial #203: GFLOPs: 80.1427. Time: 942.0377 us. Best GFLOPs: 107.3100
2026-04-07 13:55:30 [INFO] [task_scheduler.cc:137] [Task #0: main] Trial #204: GFLOPs: 95.7917. Time: 788.1420 us. Best GFLOPs: 107.3100
2026-04-07 13:55:30 [INFO] [task_scheduler.cc:137] [Task #0: main] Trial #205: GFLOPs: 50.3461. Time: 1499.5688 us. Best GFLOPs: 107.3100
2026-04-07 13:55:30 [INFO] [task_scheduler.cc:137] [Task #0: main] Trial #206: GFLOPs: 89.7874. Time: 840.8472 us. Best GFLOPs: 107.3100
2026-04-07 13:55:30 [INFO] [task_scheduler.cc:137] [Task #0: main] Trial #207: GFLOPs: 46.8812. Time: 1610.3999 us. Best GFLOPs: 107.3100
2026-04-07 13:55:30 [INFO] [task_scheduler.cc:137] [Task #0: main] Trial #208: GFLOPs: 88.4356. Time: 853.6999 us. Best GFLOPs: 107.3100
2026-04-07 13:55:30 [INFO] [task_scheduler.cc:137] [Task #0: main] Trial #209: GFLOPs: 62.3222. Time: 1211.4054 us. Best GFLOPs: 107.3100
2026-04-07 13:55:30 [INFO] [task_scheduler.cc:137] [Task #0: main] Trial #210: GFLOPs: 69.2661. Time: 1089.9623 us. Best GFLOPs: 107.3100
2026-04-07 13:55:30 [INFO] [task_scheduler.cc:137] [Task #0: main] Trial #211: GFLOPs: 94.2896. Time: 800.6980 us. Best GFLOPs: 107.3100
2026-04-07 13:55:30 [INFO] [task_scheduler.cc:137] [Task #0: main] Trial #212: GFLOPs: 77.6451. Time: 972.3407 us. Best GFLOPs: 107.3100
2026-04-07 13:55:30 [INFO] [task_scheduler.cc:137] [Task #0: main] Trial #213: GFLOPs: 72.2808. Time: 1044.5022 us. Best GFLOPs: 107.3100
2026-04-07 13:55:30 [INFO] [task_scheduler.cc:137] [Task #0: main] Trial #214: GFLOPs: 77.6838. Time: 971.8560 us. Best GFLOPs: 107.3100
2026-04-07 13:55:30 [INFO] [task_scheduler.cc:137] [Task #0: main] Trial #215: GFLOPs: 66.0997. Time: 1142.1751 us. Best GFLOPs: 107.3100
2026-04-07 13:55:30 [INFO] [task_scheduler.cc:137] [Task #0: main] Trial #216: GFLOPs: 60.5355. Time: 1247.1606 us. Best GFLOPs: 107.3100
2026-04-07 13:55:30 [INFO] [task_scheduler.cc:137] [Task #0: main] Trial #217: GFLOPs: 76.5584. Time: 986.1423 us. Best GFLOPs: 107.3100
2026-04-07 13:55:30 [INFO] [task_scheduler.cc:137] [Task #0: main] Trial #218: GFLOPs: 65.9842. Time: 1144.1748 us. Best GFLOPs: 107.3100
2026-04-07 13:55:30 [INFO] [task_scheduler.cc:137] [Task #0: main] Trial #219: GFLOPs: 73.0357. Time: 1033.7064 us. Best GFLOPs: 107.3100
2026-04-07 13:55:30 [INFO] [task_scheduler.cc:137] [Task #0: main] Trial #220: GFLOPs: 88.8969. Time: 849.2696 us. Best GFLOPs: 107.3100
2026-04-07 13:55:30 [INFO] [task_scheduler.cc:137] [Task #0: main] Trial #221: GFLOPs: 73.4886. Time: 1027.3352 us. Best GFLOPs: 107.3100
2026-04-07 13:55:30 [INFO] [task_scheduler.cc:137] [Task #0: main] Trial #222: GFLOPs: 78.6877. Time: 959.4570 us. Best GFLOPs: 107.3100
2026-04-07 13:55:30 [INFO] [task_scheduler.cc:137] [Task #0: main] Trial #223: GFLOPs: 72.1441. Time: 1046.4814 us. Best GFLOPs: 107.3100
2026-04-07 13:55:30 [INFO] [task_scheduler.cc:137] [Task #0: main] Trial #224: GFLOPs: 69.9094. Time: 1079.9328 us. Best GFLOPs: 107.3100
2026-04-07 13:55:30 [INFO] [task_scheduler.cc:137] [Task #0: main] Trial #225: GFLOPs: 69.0741. Time: 1092.9932 us. Best GFLOPs: 107.3100
2026-04-07 13:55:30 [INFO] [task_scheduler.cc:137] [Task #0: main] Trial #226: GFLOPs: 82.2075. Time: 918.3768 us. Best GFLOPs: 107.3100
2026-04-07 13:55:30 [INFO] [task_scheduler.cc:137] [Task #0: main] Trial #227: GFLOPs: 74.1926. Time: 1017.5875 us. Best GFLOPs: 107.3100
2026-04-07 13:55:30 [INFO] [task_scheduler.cc:137] [Task #0: main] Trial #228: GFLOPs: 19.8062. Time: 3811.8176 us. Best GFLOPs: 107.3100
