2026-04-07 19:39:46 [INFO] Logging directory: research/results/metaschedule/8020/iter_01/8b642a7fbbe1bf15/qkv/M_128/logs
2026-04-07 19:39:46 [INFO] [task_scheduler.cc:165] Initializing Task #0: "main"
2026-04-07 19:39:46 [INFO] [task_scheduler.cc:326] 
 ID | Name |      FLOP | Weight | Speed (GFLOPS) | Latency (us) | Weighted Latency (us) | Trials | Done 
--------------------------------------------------------------------------------------------------------
  0 | main | 150994944 |      1 |            N/A |          N/A |                   N/A |      0 |      
--------------------------------------------------------------------------------------------------------
Total trials: 0
Total latency (us): 0

2026-04-07 19:39:46 [INFO] [task_scheduler.cc:186] TaskScheduler picks Task #0: "main"
2026-04-07 19:39:47 [INFO] [task_scheduler.cc:199] Sending 64 sample(s) to builder
2026-04-07 19:39:56 [INFO] [task_scheduler.cc:201] Sending 64 sample(s) to runner
2026-04-07 19:40:06 [DEBUG] XGB iter   0: tr-p-rmse: 0.453865	tr-a-peak@32: 1.000000	tr-rmse: 0.251277	tr-rmse: 0.251277
2026-04-07 19:40:06 [DEBUG] XGB iter  25: tr-p-rmse: 0.055629	tr-a-peak@32: 1.000000	tr-rmse: 0.269603	tr-rmse: 0.269603
2026-04-07 19:40:06 [DEBUG] XGB iter  50: tr-p-rmse: 0.054929	tr-a-peak@32: 1.000000	tr-rmse: 0.269822	tr-rmse: 0.269822
2026-04-07 19:40:06 [DEBUG] XGB iter  75: tr-p-rmse: 0.054929	tr-a-peak@32: 1.000000	tr-rmse: 0.269822	tr-rmse: 0.269822
2026-04-07 19:40:06 [DEBUG] XGB stopped. Best iteration: [42] tr-p-rmse:0.05493	tr-a-peak@32:1.00000	tr-rmse:0.26982	tr-rmse:0.26982 
2026-04-07 19:40:06 [INFO] [task_scheduler.cc:243] [Updated] Task #0: "main"
2026-04-07 19:40:06 [INFO] [task_scheduler.cc:326] 
 ID | Name |      FLOP | Weight | Speed (GFLOPS) | Latency (us) | Weighted Latency (us) | Trials | Done 
--------------------------------------------------------------------------------------------------------
  0 | main | 150994944 |      1 |       110.5684 |    1365.6243 |             1365.6243 |     64 |      
--------------------------------------------------------------------------------------------------------
Total trials: 64
Total latency (us): 1365.62

2026-04-07 19:40:06 [INFO] [task_scheduler.cc:186] TaskScheduler picks Task #0: "main"
2026-04-07 19:40:07 [INFO] [task_scheduler.cc:199] Sending 13 sample(s) to builder
2026-04-07 19:40:14 [INFO] [task_scheduler.cc:201] Sending 13 sample(s) to runner
2026-04-07 19:40:16 [DEBUG] XGB validation: p-rmse: 0.255149	a-peak@32: 0.831946
2026-04-07 19:40:16 [DEBUG] XGB iter   0: tr-p-rmse: 0.452644	tr-a-peak@32: 1.000000	tr-rmse: 0.265302	tr-rmse: 0.265302
2026-04-07 19:40:16 [DEBUG] XGB iter  25: tr-p-rmse: 0.068252	tr-a-peak@32: 0.999491	tr-rmse: 0.282589	tr-rmse: 0.282589
2026-04-07 19:40:16 [DEBUG] XGB iter  50: tr-p-rmse: 0.066115	tr-a-peak@32: 0.999491	tr-rmse: 0.282968	tr-rmse: 0.282968
2026-04-07 19:40:16 [DEBUG] XGB iter  75: tr-p-rmse: 0.066115	tr-a-peak@32: 0.999491	tr-rmse: 0.282968	tr-rmse: 0.282968
2026-04-07 19:40:16 [DEBUG] XGB stopped. Best iteration: [45] tr-p-rmse:0.06611	tr-a-peak@32:0.99949	tr-rmse:0.28297	tr-rmse:0.28297 
2026-04-07 19:40:16 [INFO] [task_scheduler.cc:243] [Updated] Task #0: "main"
2026-04-07 19:40:16 [INFO] [task_scheduler.cc:326] 
 ID | Name |      FLOP | Weight | Speed (GFLOPS) | Latency (us) | Weighted Latency (us) | Trials | Done 
--------------------------------------------------------------------------------------------------------
  0 | main | 150994944 |      1 |       112.3978 |    1343.3974 |             1343.3974 |     77 |      
--------------------------------------------------------------------------------------------------------
Total trials: 77
Total latency (us): 1343.4

2026-04-07 19:40:16 [INFO] [task_scheduler.cc:266] Task #0 has finished. Remaining task(s): 0
2026-04-07 19:40:16 [INFO] [task_scheduler.cc:326] 
 ID | Name |      FLOP | Weight | Speed (GFLOPS) | Latency (us) | Weighted Latency (us) | Trials | Done 
--------------------------------------------------------------------------------------------------------
  0 | main | 150994944 |      1 |       112.3978 |    1343.3974 |             1343.3974 |     77 |    Y 
--------------------------------------------------------------------------------------------------------
Total trials: 77
Total latency (us): 1343.4

2026-04-07 19:40:16 [INFO] LocalBuilder: max_workers = 12
2026-04-07 19:40:18 [INFO] LocalRunner: max_workers = 1
