2026-04-10 16:00:26 [INFO] [task_scheduler.cc:166] Initializing Task #0: "main"
2026-04-10 16:00:26 [INFO] [task_scheduler.cc:41] 
# from tvm.script import ir as I
# from tvm.script import tir as T

@I.ir_module
class Module:
    @T.prim_func
    def main(A: T.Buffer((256, 3072), "float32"), B: T.Buffer((3072, 768), "float32"), C: T.Buffer((256, 768), "float32")):
        T.func_attr({"tir.noalias": True})
        # with T.block("root"):
        for i, j, k in T.grid(256, 768, 3072):
            with T.block("C"):
                vi, vj, vk = T.axis.remap("SSR", [i, j, k])
                T.reads(A[vi, vk], B[vk, vj])
                T.writes(C[vi, vj])
                with T.init():
                    C[vi, vj] = T.float32(0.0)
                C[vi, vj] = C[vi, vj] + A[vi, vk] * B[vk, vj]
2026-04-10 16:00:26 [INFO] [task_scheduler.cc:170] Total 3 design space(s) generated
2026-04-10 16:00:26 [INFO] [task_scheduler.cc:176] Design space #0:
# from tvm.script import ir as I
# from tvm.script import tir as T

@I.ir_module
class Module:
    @T.prim_func
    def main(A: T.Buffer((256, 3072), "float32"), B: T.Buffer((3072, 768), "float32"), C: T.Buffer((256, 768), "float32")):
        T.func_attr({"tir.noalias": True})
        with T.block("root"):
            T.reads()
            T.writes()
            T.block_attr({"meta_schedule.parallel": 128, "meta_schedule.unroll_explicit": 16, "meta_schedule.vectorize": 64})
            C_global = T.alloc_buffer((256, 768))
            for i_0, j_0, i_1, j_1 in T.grid(4, 16, 2, 16):
                for k_0, i_2, j_2, k_1, i_3, j_3 in T.grid(96, 8, 3, 32, 4, 1):
                    with T.block("C"):
                        vi = T.axis.spatial(256, i_0 * 64 + i_1 * 32 + i_2 * 4 + i_3)
                        vj = T.axis.spatial(768, j_0 * 48 + j_1 * 3 + j_2 + j_3)
                        vk = T.axis.reduce(3072, k_0 * 32 + k_1)
                        T.reads(A[vi, vk], B[vk, vj])
                        T.writes(C_global[vi, vj])
                        T.block_attr({"meta_schedule.tiling_structure": "SSRSRS"})
                        with T.init():
                            C_global[vi, vj] = T.float32(0.0)
                        C_global[vi, vj] = C_global[vi, vj] + A[vi, vk] * B[vk, vj]
                for ax0, ax1 in T.grid(32, 3):
                    with T.block("C_global"):
                        v0 = T.axis.spatial(256, i_0 * 64 + i_1 * 32 + ax0)
                        v1 = T.axis.spatial(768, j_0 * 48 + j_1 * 3 + ax1)
                        T.reads(C_global[v0, v1])
                        T.writes(C[v0, v1])
                        C[v0, v1] = C_global[v0, v1]
b0 = sch.get_block(name="C", func_name="main")
b1 = sch.get_block(name="root", func_name="main")
sch.annotate(block_or_loop=b0, ann_key="meta_schedule.tiling_structure", ann_val="SSRSRS")
l2, l3, l4 = sch.get_loops(block=b0)
v5, v6, v7, v8 = sch.sample_perfect_tile(loop=l2, n=4, max_innermost_factor=64, decision=[4, 2, 8, 4])
l9, l10, l11, l12 = sch.split(loop=l2, factors=[v5, v6, v7, v8], preserve_unit_iters=True, disable_predication=False)
v13, v14, v15, v16 = sch.sample_perfect_tile(loop=l3, n=4, max_innermost_factor=64, decision=[16, 16, 3, 1])
l17, l18, l19, l20 = sch.split(loop=l3, factors=[v13, v14, v15, v16], preserve_unit_iters=True, disable_predication=False)
v21, v22 = sch.sample_perfect_tile(loop=l4, n=2, max_innermost_factor=64, decision=[96, 32])
l23, l24 = sch.split(loop=l4, factors=[v21, v22], preserve_unit_iters=True, disable_predication=False)
sch.reorder(l9, l17, l10, l18, l23, l11, l19, l24, l12, l20)
b25 = sch.cache_write(block=b0, write_buffer_index=0, storage_scope="global")
sch.reverse_compute_at(block=b25, loop=l18, preserve_unit_loops=True, index=-1)
sch.annotate(block_or_loop=b1, ann_key="meta_schedule.parallel", ann_val=128)
sch.annotate(block_or_loop=b1, ann_key="meta_schedule.vectorize", ann_val=64)
v26 = sch.sample_categorical(candidates=[0, 16, 64, 512], probs=[0.25, 0.25, 0.25, 0.25], decision=1)
sch.annotate(block_or_loop=b1, ann_key="meta_schedule.unroll_explicit", ann_val=v26)
2026-04-10 16:00:26 [INFO] [task_scheduler.cc:176] Design space #1:
# from tvm.script import ir as I
# from tvm.script import tir as T

@I.ir_module
class Module:
    @T.prim_func
    def main(A: T.Buffer((256, 3072), "float32"), B: T.Buffer((3072, 768), "float32"), C: T.Buffer((256, 768), "float32")):
        T.func_attr({"tir.noalias": True})
        with T.block("root"):
            T.reads()
            T.writes()
            T.block_attr({"meta_schedule.parallel": 128, "meta_schedule.unroll_explicit": 16, "meta_schedule.vectorize": 64})
            C_global = T.alloc_buffer((256, 768))
            for i_0, j_0 in T.grid(4, 16):
                for i_1, j_1, k_0, i_2, j_2, k_1, i_3, j_3 in T.grid(2, 16, 96, 8, 3, 32, 4, 1):
                    with T.block("C"):
                        vi = T.axis.spatial(256, i_0 * 64 + i_1 * 32 + i_2 * 4 + i_3)
                        vj = T.axis.spatial(768, j_0 * 48 + j_1 * 3 + j_2 + j_3)
                        vk = T.axis.reduce(3072, k_0 * 32 + k_1)
                        T.reads(A[vi, vk], B[vk, vj])
                        T.writes(C_global[vi, vj])
                        T.block_attr({"meta_schedule.tiling_structure": "SSRSRS"})
                        with T.init():
                            C_global[vi, vj] = T.float32(0.0)
                        C_global[vi, vj] = C_global[vi, vj] + A[vi, vk] * B[vk, vj]
                for ax0, ax1 in T.grid(64, 48):
                    with T.block("C_global"):
                        v0 = T.axis.spatial(256, i_0 * 64 + ax0)
                        v1 = T.axis.spatial(768, j_0 * 48 + ax1)
                        T.reads(C_global[v0, v1])
                        T.writes(C[v0, v1])
                        C[v0, v1] = C_global[v0, v1]
b0 = sch.get_block(name="C", func_name="main")
b1 = sch.get_block(name="root", func_name="main")
sch.annotate(block_or_loop=b0, ann_key="meta_schedule.tiling_structure", ann_val="SSRSRS")
l2, l3, l4 = sch.get_loops(block=b0)
v5, v6, v7, v8 = sch.sample_perfect_tile(loop=l2, n=4, max_innermost_factor=64, decision=[4, 2, 8, 4])
l9, l10, l11, l12 = sch.split(loop=l2, factors=[v5, v6, v7, v8], preserve_unit_iters=True, disable_predication=False)
v13, v14, v15, v16 = sch.sample_perfect_tile(loop=l3, n=4, max_innermost_factor=64, decision=[16, 16, 3, 1])
l17, l18, l19, l20 = sch.split(loop=l3, factors=[v13, v14, v15, v16], preserve_unit_iters=True, disable_predication=False)
v21, v22 = sch.sample_perfect_tile(loop=l4, n=2, max_innermost_factor=64, decision=[96, 32])
l23, l24 = sch.split(loop=l4, factors=[v21, v22], preserve_unit_iters=True, disable_predication=False)
sch.reorder(l9, l17, l10, l18, l23, l11, l19, l24, l12, l20)
b25 = sch.cache_write(block=b0, write_buffer_index=0, storage_scope="global")
sch.reverse_compute_at(block=b25, loop=l17, preserve_unit_loops=True, index=-1)
sch.annotate(block_or_loop=b1, ann_key="meta_schedule.parallel", ann_val=128)
sch.annotate(block_or_loop=b1, ann_key="meta_schedule.vectorize", ann_val=64)
v26 = sch.sample_categorical(candidates=[0, 16, 64, 512], probs=[0.25, 0.25, 0.25, 0.25], decision=1)
sch.annotate(block_or_loop=b1, ann_key="meta_schedule.unroll_explicit", ann_val=v26)
2026-04-10 16:00:26 [INFO] [task_scheduler.cc:176] Design space #2:
# from tvm.script import ir as I
# from tvm.script import tir as T

@I.ir_module
class Module:
    @T.prim_func
    def main(A: T.Buffer((256, 3072), "float32"), B: T.Buffer((3072, 768), "float32"), C: T.Buffer((256, 768), "float32")):
        T.func_attr({"tir.noalias": True})
        with T.block("root"):
            T.reads()
            T.writes()
            T.block_attr({"meta_schedule.parallel": 128, "meta_schedule.unroll_explicit": 0, "meta_schedule.vectorize": 64})
            for i_0, j_0, i_1, j_1, k_0, i_2, j_2, k_1, i_3, j_3 in T.grid(4, 16, 2, 16, 96, 8, 3, 32, 4, 1):
                with T.block("C"):
                    vi = T.axis.spatial(256, i_0 * 64 + i_1 * 32 + i_2 * 4 + i_3)
                    vj = T.axis.spatial(768, j_0 * 48 + j_1 * 3 + j_2 + j_3)
                    vk = T.axis.reduce(3072, k_0 * 32 + k_1)
                    T.reads(A[vi, vk], B[vk, vj])
                    T.writes(C[vi, vj])
                    T.block_attr({"meta_schedule.tiling_structure": "SSRSRS"})
                    with T.init():
                        C[vi, vj] = T.float32(0.0)
                    C[vi, vj] = C[vi, vj] + A[vi, vk] * B[vk, vj]
b0 = sch.get_block(name="C", func_name="main")
b1 = sch.get_block(name="root", func_name="main")
sch.annotate(block_or_loop=b0, ann_key="meta_schedule.tiling_structure", ann_val="SSRSRS")
l2, l3, l4 = sch.get_loops(block=b0)
v5, v6, v7, v8 = sch.sample_perfect_tile(loop=l2, n=4, max_innermost_factor=64, decision=[4, 2, 8, 4])
l9, l10, l11, l12 = sch.split(loop=l2, factors=[v5, v6, v7, v8], preserve_unit_iters=True, disable_predication=False)
v13, v14, v15, v16 = sch.sample_perfect_tile(loop=l3, n=4, max_innermost_factor=64, decision=[16, 16, 3, 1])
l17, l18, l19, l20 = sch.split(loop=l3, factors=[v13, v14, v15, v16], preserve_unit_iters=True, disable_predication=False)
v21, v22 = sch.sample_perfect_tile(loop=l4, n=2, max_innermost_factor=64, decision=[96, 32])
l23, l24 = sch.split(loop=l4, factors=[v21, v22], preserve_unit_iters=True, disable_predication=False)
sch.reorder(l9, l17, l10, l18, l23, l11, l19, l24, l12, l20)
sch.annotate(block_or_loop=b1, ann_key="meta_schedule.parallel", ann_val=128)
sch.annotate(block_or_loop=b1, ann_key="meta_schedule.vectorize", ann_val=64)
v25 = sch.sample_categorical(candidates=[0, 16, 64, 512], probs=[0.25, 0.25, 0.25, 0.25], decision=0)
sch.annotate(block_or_loop=b1, ann_key="meta_schedule.unroll_explicit", ann_val=v25)
2026-04-10 16:00:26 [INFO] [evolutionary_search.cc:711] Generating candidates......
2026-04-10 16:00:26 [INFO] [evolutionary_search.cc:713] Picked top 0 candidate(s) from database
2026-04-10 16:00:26 [INFO] [evolutionary_search.cc:530] Sample-Init-Population summary:
Postproc #0 [meta_schedule.DisallowDynamicLoop(0x60ffc84e8618)]: 0 failure(s)
Postproc #1 [meta_schedule.RewriteParallelVectorizeUnroll(0x60ffc8567a08)]: 0 failure(s)
Postproc #2 [meta_schedule.RewriteReductionBlock(0x60ffc8516738)]: 0 failure(s)
Postproc #3 [meta_schedule.RewriteLayout(0x60ffc8597568)]: 0 failure(s)
2026-04-10 16:00:26 [INFO] [evolutionary_search.cc:721] Sampled 461 candidate(s)
2026-04-10 16:00:26 [INFO] [evolutionary_search.cc:619] Evolve iter #0 done. Summary:
Postproc #0 [meta_schedule.DisallowDynamicLoop(0x60ffc84e8618)]: 0 failure(s)
Postproc #1 [meta_schedule.RewriteParallelVectorizeUnroll(0x60ffc8567a08)]: 0 failure(s)
Postproc #2 [meta_schedule.RewriteReductionBlock(0x60ffc8516738)]: 0 failure(s)
Postproc #3 [meta_schedule.RewriteLayout(0x60ffc8597568)]: 0 failure(s)
2026-04-10 16:00:27 [INFO] [evolutionary_search.cc:619] Evolve iter #1 done. Summary:
Postproc #0 [meta_schedule.DisallowDynamicLoop(0x60ffc84e8618)]: 0 failure(s)
Postproc #1 [meta_schedule.RewriteParallelVectorizeUnroll(0x60ffc8567a08)]: 0 failure(s)
Postproc #2 [meta_schedule.RewriteReductionBlock(0x60ffc8516738)]: 0 failure(s)
Postproc #3 [meta_schedule.RewriteLayout(0x60ffc8597568)]: 0 failure(s)
2026-04-10 16:00:27 [INFO] [evolutionary_search.cc:619] Evolve iter #2 done. Summary:
Postproc #0 [meta_schedule.DisallowDynamicLoop(0x60ffc84e8618)]: 0 failure(s)
Postproc #1 [meta_schedule.RewriteParallelVectorizeUnroll(0x60ffc8567a08)]: 0 failure(s)
Postproc #2 [meta_schedule.RewriteReductionBlock(0x60ffc8516738)]: 0 failure(s)
Postproc #3 [meta_schedule.RewriteLayout(0x60ffc8597568)]: 0 failure(s)
2026-04-10 16:00:27 [INFO] [evolutionary_search.cc:647] Scores of the best 64 candidates:
[1 : 16]:	0.9999  0.9994  0.9986  0.9983  0.9982  0.9954  0.9948  0.9937  0.9937  0.9936  0.9922  0.9920  0.9905  0.9905  0.9899  0.9893
[17 : 32]:	0.9891  0.9877  0.9871  0.9866  0.9858  0.9848  0.9847  0.9841  0.9838  0.9835  0.9823  0.9819  0.9809  0.9801  0.9797  0.9785
[33 : 48]:	0.9758  0.9755  0.9752  0.9752  0.9751  0.9746  0.9745  0.9734  0.9733  0.9732  0.9732  0.9727  0.9717  0.9716  0.9690  0.9684
[49 : 64]:	0.9677  0.9674  0.9671  0.9663  0.9638  0.9636  0.9616  0.9606  0.9606  0.9597  0.9589  0.9585  0.9584  0.9583  0.9581  0.9581
2026-04-10 16:00:27 [INFO] [evolutionary_search.cc:725] Got 64 candidate(s) with evolutionary search
2026-04-10 16:00:27 [INFO] [evolutionary_search.cc:728] Sending 64 candidates(s) for measurement
