2026-04-07 13:44:35 [INFO] Logging directory: research/results/metaschedule/8020/iter_01/af2b8d740d18fbde/mlp_reduce/M_384/logs
2026-04-07 13:44:35 [INFO] [task_scheduler.cc:165] Initializing Task #0: "main"
2026-04-07 13:44:35 [INFO] [task_scheduler.cc:326] 
 ID | Name |       FLOP | Weight | Speed (GFLOPS) | Latency (us) | Weighted Latency (us) | Trials | Done 
---------------------------------------------------------------------------------------------------------
  0 | main | 1811939328 |      1 |            N/A |          N/A |                   N/A |      0 |      
---------------------------------------------------------------------------------------------------------
Total trials: 0
Total latency (us): 0

2026-04-07 13:44:35 [INFO] [task_scheduler.cc:186] TaskScheduler picks Task #0: "main"
2026-04-07 13:44:37 [INFO] [task_scheduler.cc:199] Sending 64 sample(s) to builder
2026-04-07 13:44:49 [INFO] [task_scheduler.cc:201] Sending 64 sample(s) to runner
2026-04-07 13:45:26 [DEBUG] XGB iter   0: tr-p-rmse: 0.428515	tr-a-peak@32: 0.908392	tr-rmse: 0.241550	tr-rmse: 0.241550
2026-04-07 13:45:26 [DEBUG] XGB iter  25: tr-p-rmse: 0.055689	tr-a-peak@32: 1.000000	tr-rmse: 0.269587	tr-rmse: 0.269587
2026-04-07 13:45:27 [DEBUG] XGB iter  50: tr-p-rmse: 0.055692	tr-a-peak@32: 1.000000	tr-rmse: 0.269584	tr-rmse: 0.269584
2026-04-07 13:45:27 [DEBUG] XGB stopped. Best iteration: [22] tr-p-rmse:0.05568	tr-a-peak@32:1.00000	tr-rmse:0.26960	tr-rmse:0.26960 
2026-04-07 13:45:27 [INFO] [task_scheduler.cc:243] [Updated] Task #0: "main"
2026-04-07 13:45:27 [INFO] [task_scheduler.cc:326] 
 ID | Name |       FLOP | Weight | Speed (GFLOPS) | Latency (us) | Weighted Latency (us) | Trials | Done 
---------------------------------------------------------------------------------------------------------
  0 | main | 1811939328 |      1 |        96.1926 |   18836.5736 |            18836.5736 |     64 |      
---------------------------------------------------------------------------------------------------------
Total trials: 64
Total latency (us): 18836.6

2026-04-07 13:45:27 [INFO] [task_scheduler.cc:186] TaskScheduler picks Task #0: "main"
2026-04-07 13:45:29 [INFO] [task_scheduler.cc:199] Sending 64 sample(s) to builder
2026-04-07 13:45:38 [INFO] [task_scheduler.cc:201] Sending 64 sample(s) to runner
2026-04-07 13:46:16 [DEBUG] XGB validation: p-rmse: 0.184488	a-peak@32: 0.992228
2026-04-07 13:46:16 [DEBUG] XGB iter   0: tr-p-rmse: 0.427267	tr-a-peak@32: 0.855582	tr-rmse: 0.224921	tr-rmse: 0.224921
2026-04-07 13:46:16 [DEBUG] XGB iter  25: tr-p-rmse: 0.047434	tr-a-peak@32: 1.000000	tr-rmse: 0.245038	tr-rmse: 0.245038
2026-04-07 13:46:16 [DEBUG] XGB iter  50: tr-p-rmse: 0.047419	tr-a-peak@32: 1.000000	tr-rmse: 0.245061	tr-rmse: 0.245061
2026-04-07 13:46:16 [DEBUG] XGB iter  75: tr-p-rmse: 0.047419	tr-a-peak@32: 1.000000	tr-rmse: 0.245061	tr-rmse: 0.245061
2026-04-07 13:46:16 [DEBUG] XGB stopped. Best iteration: [32] tr-p-rmse:0.04742	tr-a-peak@32:1.00000	tr-rmse:0.24506	tr-rmse:0.24506 
2026-04-07 13:46:16 [INFO] [task_scheduler.cc:243] [Updated] Task #0: "main"
2026-04-07 13:46:16 [INFO] [task_scheduler.cc:326] 
 ID | Name |       FLOP | Weight | Speed (GFLOPS) | Latency (us) | Weighted Latency (us) | Trials | Done 
---------------------------------------------------------------------------------------------------------
  0 | main | 1811939328 |      1 |       102.1300 |   17741.4971 |            17741.4971 |    128 |      
---------------------------------------------------------------------------------------------------------
Total trials: 128
Total latency (us): 17741.5

2026-04-07 13:46:16 [INFO] [task_scheduler.cc:186] TaskScheduler picks Task #0: "main"
2026-04-07 13:46:22 [INFO] [task_scheduler.cc:199] Sending 64 sample(s) to builder
2026-04-07 13:46:39 [INFO] [task_scheduler.cc:201] Sending 64 sample(s) to runner
2026-04-07 13:47:01 [DEBUG] XGB validation: p-rmse: 0.177046	a-peak@32: 0.995279
2026-04-07 13:47:01 [DEBUG] XGB iter   0: tr-p-rmse: 0.374004	tr-a-peak@32: 0.853301	tr-rmse: 0.249617	tr-rmse: 0.249617
2026-04-07 13:47:01 [DEBUG] XGB iter  25: tr-p-rmse: 0.041719	tr-a-peak@32: 0.999969	tr-rmse: 0.278425	tr-rmse: 0.278425
2026-04-07 13:47:01 [DEBUG] XGB iter  50: tr-p-rmse: 0.041722	tr-a-peak@32: 0.999969	tr-rmse: 0.278421	tr-rmse: 0.278421
2026-04-07 13:47:01 [DEBUG] XGB stopped. Best iteration: [19] tr-p-rmse:0.04169	tr-a-peak@32:0.99997	tr-rmse:0.27848	tr-rmse:0.27848 
2026-04-07 13:47:01 [INFO] [task_scheduler.cc:243] [Updated] Task #0: "main"
2026-04-07 13:47:01 [INFO] [task_scheduler.cc:326] 
 ID | Name |       FLOP | Weight | Speed (GFLOPS) | Latency (us) | Weighted Latency (us) | Trials | Done 
---------------------------------------------------------------------------------------------------------
  0 | main | 1811939328 |      1 |       102.1804 |   17732.7400 |            17732.7400 |    192 |      
---------------------------------------------------------------------------------------------------------
Total trials: 192
Total latency (us): 17732.7

2026-04-07 13:47:01 [INFO] [task_scheduler.cc:186] TaskScheduler picks Task #0: "main"
2026-04-07 13:47:07 [INFO] [task_scheduler.cc:199] Sending 38 sample(s) to builder
2026-04-07 13:47:20 [INFO] [task_scheduler.cc:201] Sending 38 sample(s) to runner
2026-04-07 13:47:32 [DEBUG] XGB validation: p-rmse: 0.187740	a-peak@32: 1.000000
2026-04-07 13:47:32 [INFO] [task_scheduler.cc:243] [Updated] Task #0: "main"
2026-04-07 13:47:32 [INFO] [task_scheduler.cc:326] 
 ID | Name |       FLOP | Weight | Speed (GFLOPS) | Latency (us) | Weighted Latency (us) | Trials | Done 
---------------------------------------------------------------------------------------------------------
  0 | main | 1811939328 |      1 |       125.0066 |   14494.7449 |            14494.7449 |    230 |      
---------------------------------------------------------------------------------------------------------
Total trials: 230
Total latency (us): 14494.7

2026-04-07 13:47:32 [INFO] [task_scheduler.cc:266] Task #0 has finished. Remaining task(s): 0
2026-04-07 13:47:32 [INFO] [task_scheduler.cc:326] 
 ID | Name |       FLOP | Weight | Speed (GFLOPS) | Latency (us) | Weighted Latency (us) | Trials | Done 
---------------------------------------------------------------------------------------------------------
  0 | main | 1811939328 |      1 |       125.0066 |   14494.7449 |            14494.7449 |    230 |    Y 
---------------------------------------------------------------------------------------------------------
Total trials: 230
Total latency (us): 14494.7

2026-04-07 13:47:35 [INFO] LocalBuilder: max_workers = 12
2026-04-07 13:47:37 [INFO] LocalRunner: max_workers = 1
