2026-04-07 14:32:17 [INFO] Logging directory: research/results/metaschedule/8020/iter_01/6d75cc9d5624ca79/qkv/M_128/logs
2026-04-07 14:32:17 [INFO] [task_scheduler.cc:165] Initializing Task #0: "main"
2026-04-07 14:32:17 [INFO] [task_scheduler.cc:326] 
 ID | Name |      FLOP | Weight | Speed (GFLOPS) | Latency (us) | Weighted Latency (us) | Trials | Done 
--------------------------------------------------------------------------------------------------------
  0 | main | 150994944 |      1 |            N/A |          N/A |                   N/A |      0 |      
--------------------------------------------------------------------------------------------------------
Total trials: 0
Total latency (us): 0

2026-04-07 14:32:17 [INFO] [task_scheduler.cc:186] TaskScheduler picks Task #0: "main"
2026-04-07 14:32:19 [INFO] [task_scheduler.cc:199] Sending 32 sample(s) to builder
2026-04-07 14:32:26 [INFO] [task_scheduler.cc:201] Sending 32 sample(s) to runner
2026-04-07 14:32:35 [DEBUG] XGB iter   0: tr-p-rmse: 0.453808	tr-a-peak@32: 1.000000	tr-rmse: 0.266771	tr-rmse: 0.266771
2026-04-07 14:32:35 [DEBUG] XGB iter  25: tr-p-rmse: 0.054823	tr-a-peak@32: 1.000000	tr-rmse: 0.288917	tr-rmse: 0.288917
2026-04-07 14:32:35 [DEBUG] XGB iter  50: tr-p-rmse: 0.054866	tr-a-peak@32: 1.000000	tr-rmse: 0.288860	tr-rmse: 0.288860
2026-04-07 14:32:35 [DEBUG] XGB stopped. Best iteration: [22] tr-p-rmse:0.05471	tr-a-peak@32:1.00000	tr-rmse:0.28907	tr-rmse:0.28907 
2026-04-07 14:32:35 [INFO] [task_scheduler.cc:243] [Updated] Task #0: "main"
2026-04-07 14:32:35 [INFO] [task_scheduler.cc:326] 
 ID | Name |      FLOP | Weight | Speed (GFLOPS) | Latency (us) | Weighted Latency (us) | Trials | Done 
--------------------------------------------------------------------------------------------------------
  0 | main | 150994944 |      1 |       104.6619 |    1442.6927 |             1442.6927 |     32 |      
--------------------------------------------------------------------------------------------------------
Total trials: 32
Total latency (us): 1442.69

2026-04-07 14:32:35 [INFO] [task_scheduler.cc:186] TaskScheduler picks Task #0: "main"
2026-04-07 14:32:37 [INFO] [task_scheduler.cc:199] Sending 32 sample(s) to builder
2026-04-07 14:32:45 [INFO] [task_scheduler.cc:201] Sending 32 sample(s) to runner
2026-04-07 14:32:54 [DEBUG] XGB validation: p-rmse: 0.288469	a-peak@32: 1.000000
2026-04-07 14:32:54 [DEBUG] XGB iter   0: tr-p-rmse: 0.450208	tr-a-peak@32: 1.000000	tr-rmse: 0.251506	tr-rmse: 0.251506
2026-04-07 14:32:54 [DEBUG] XGB iter  25: tr-p-rmse: 0.049794	tr-a-peak@32: 1.000000	tr-rmse: 0.288037	tr-rmse: 0.288037
2026-04-07 14:32:55 [DEBUG] XGB iter  50: tr-p-rmse: 0.049773	tr-a-peak@32: 1.000000	tr-rmse: 0.288065	tr-rmse: 0.288065
2026-04-07 14:32:55 [DEBUG] XGB iter  75: tr-p-rmse: 0.049773	tr-a-peak@32: 1.000000	tr-rmse: 0.288065	tr-rmse: 0.288065
2026-04-07 14:32:55 [DEBUG] XGB stopped. Best iteration: [36] tr-p-rmse:0.04977	tr-a-peak@32:1.00000	tr-rmse:0.28807	tr-rmse:0.28807 
2026-04-07 14:32:55 [INFO] [task_scheduler.cc:243] [Updated] Task #0: "main"
2026-04-07 14:32:55 [INFO] [task_scheduler.cc:326] 
 ID | Name |      FLOP | Weight | Speed (GFLOPS) | Latency (us) | Weighted Latency (us) | Trials | Done 
--------------------------------------------------------------------------------------------------------
  0 | main | 150994944 |      1 |       123.3751 |    1223.8688 |             1223.8688 |     64 |      
--------------------------------------------------------------------------------------------------------
Total trials: 64
Total latency (us): 1223.87

2026-04-07 14:32:55 [INFO] [task_scheduler.cc:186] TaskScheduler picks Task #0: "main"
2026-04-07 14:32:57 [INFO] [task_scheduler.cc:199] Sending 31 sample(s) to builder
2026-04-07 14:33:08 [INFO] [task_scheduler.cc:201] Sending 31 sample(s) to runner
2026-04-07 14:33:16 [DEBUG] XGB validation: p-rmse: 0.185015	a-peak@32: 0.954228
2026-04-07 14:33:16 [DEBUG] XGB iter   0: tr-p-rmse: 0.431105	tr-a-peak@32: 1.000000	tr-rmse: 0.235600	tr-rmse: 0.235600
2026-04-07 14:33:17 [DEBUG] XGB iter  25: tr-p-rmse: 0.045161	tr-a-peak@32: 1.000000	tr-rmse: 0.272932	tr-rmse: 0.272932
2026-04-07 14:33:17 [DEBUG] XGB iter  50: tr-p-rmse: 0.045147	tr-a-peak@32: 1.000000	tr-rmse: 0.272949	tr-rmse: 0.272949
2026-04-07 14:33:17 [DEBUG] XGB iter  75: tr-p-rmse: 0.045147	tr-a-peak@32: 1.000000	tr-rmse: 0.272949	tr-rmse: 0.272949
2026-04-07 14:33:17 [DEBUG] XGB stopped. Best iteration: [34] tr-p-rmse:0.04515	tr-a-peak@32:1.00000	tr-rmse:0.27295	tr-rmse:0.27295 
2026-04-07 14:33:17 [INFO] [task_scheduler.cc:243] [Updated] Task #0: "main"
2026-04-07 14:33:17 [INFO] [task_scheduler.cc:326] 
 ID | Name |      FLOP | Weight | Speed (GFLOPS) | Latency (us) | Weighted Latency (us) | Trials | Done 
--------------------------------------------------------------------------------------------------------
  0 | main | 150994944 |      1 |       123.3751 |    1223.8688 |             1223.8688 |     95 |      
--------------------------------------------------------------------------------------------------------
Total trials: 95
Total latency (us): 1223.87

2026-04-07 14:33:17 [INFO] [task_scheduler.cc:186] TaskScheduler picks Task #0: "main"
2026-04-07 14:33:19 [INFO] [task_scheduler.cc:199] Sending 32 sample(s) to builder
2026-04-07 14:33:26 [INFO] [task_scheduler.cc:201] Sending 32 sample(s) to runner
2026-04-07 14:33:35 [DEBUG] XGB validation: p-rmse: 0.204095	a-peak@32: 1.000000
2026-04-07 14:33:35 [DEBUG] XGB iter   0: tr-p-rmse: 0.425710	tr-a-peak@32: 0.959353	tr-rmse: 0.234709	tr-rmse: 0.234709
2026-04-07 14:33:35 [DEBUG] XGB iter  25: tr-p-rmse: 0.049468	tr-a-peak@32: 1.000000	tr-rmse: 0.259751	tr-rmse: 0.259751
2026-04-07 14:33:35 [DEBUG] XGB iter  50: tr-p-rmse: 0.049453	tr-a-peak@32: 1.000000	tr-rmse: 0.259771	tr-rmse: 0.259771
2026-04-07 14:33:35 [DEBUG] XGB iter  75: tr-p-rmse: 0.049453	tr-a-peak@32: 1.000000	tr-rmse: 0.259771	tr-rmse: 0.259771
2026-04-07 14:33:35 [DEBUG] XGB stopped. Best iteration: [32] tr-p-rmse:0.04945	tr-a-peak@32:1.00000	tr-rmse:0.25977	tr-rmse:0.25977 
2026-04-07 14:33:35 [INFO] [task_scheduler.cc:243] [Updated] Task #0: "main"
2026-04-07 14:33:35 [INFO] [task_scheduler.cc:326] 
 ID | Name |      FLOP | Weight | Speed (GFLOPS) | Latency (us) | Weighted Latency (us) | Trials | Done 
--------------------------------------------------------------------------------------------------------
  0 | main | 150994944 |      1 |       123.3751 |    1223.8688 |             1223.8688 |    127 |      
--------------------------------------------------------------------------------------------------------
Total trials: 127
Total latency (us): 1223.87

2026-04-07 14:33:35 [INFO] [task_scheduler.cc:186] TaskScheduler picks Task #0: "main"
2026-04-07 14:33:40 [INFO] [task_scheduler.cc:199] Sending 32 sample(s) to builder
2026-04-07 14:33:49 [INFO] [task_scheduler.cc:201] Sending 32 sample(s) to runner
2026-04-07 14:33:59 [DEBUG] XGB validation: p-rmse: 0.311809	a-peak@32: 1.000000
2026-04-07 14:33:59 [DEBUG] XGB iter   0: tr-p-rmse: 0.395131	tr-a-peak@32: 0.753121	tr-rmse: 0.233852	tr-rmse: 0.233852
2026-04-07 14:33:59 [DEBUG] XGB iter  25: tr-p-rmse: 0.047281	tr-a-peak@32: 1.000000	tr-rmse: 0.284863	tr-rmse: 0.284863
2026-04-07 14:33:59 [DEBUG] XGB iter  50: tr-p-rmse: 0.047263	tr-a-peak@32: 1.000000	tr-rmse: 0.284892	tr-rmse: 0.284892
2026-04-07 14:33:59 [DEBUG] XGB iter  75: tr-p-rmse: 0.047263	tr-a-peak@32: 1.000000	tr-rmse: 0.284892	tr-rmse: 0.284892
2026-04-07 14:33:59 [DEBUG] XGB stopped. Best iteration: [32] tr-p-rmse:0.04726	tr-a-peak@32:1.00000	tr-rmse:0.28489	tr-rmse:0.28489 
2026-04-07 14:33:59 [INFO] [task_scheduler.cc:243] [Updated] Task #0: "main"
2026-04-07 14:33:59 [INFO] [task_scheduler.cc:326] 
 ID | Name |      FLOP | Weight | Speed (GFLOPS) | Latency (us) | Weighted Latency (us) | Trials | Done 
--------------------------------------------------------------------------------------------------------
  0 | main | 150994944 |      1 |       123.8040 |    1219.6288 |             1219.6288 |    159 |      
--------------------------------------------------------------------------------------------------------
Total trials: 159
Total latency (us): 1219.63

2026-04-07 14:33:59 [INFO] [task_scheduler.cc:186] TaskScheduler picks Task #0: "main"
2026-04-07 14:34:05 [INFO] [task_scheduler.cc:199] Sending 32 sample(s) to builder
2026-04-07 14:34:16 [INFO] [task_scheduler.cc:201] Sending 32 sample(s) to runner
2026-04-07 14:34:26 [DEBUG] XGB validation: p-rmse: 0.276091	a-peak@32: 0.998992
2026-04-07 14:34:26 [DEBUG] XGB iter   0: tr-p-rmse: 0.378840	tr-a-peak@32: 0.999675	tr-rmse: 0.250192	tr-rmse: 0.250192
2026-04-07 14:34:26 [DEBUG] XGB iter  25: tr-p-rmse: 0.048899	tr-a-peak@32: 0.999892	tr-rmse: 0.306582	tr-rmse: 0.306582
2026-04-07 14:34:26 [DEBUG] XGB iter  50: tr-p-rmse: 0.048836	tr-a-peak@32: 0.999892	tr-rmse: 0.306692	tr-rmse: 0.306692
2026-04-07 14:34:26 [DEBUG] XGB iter  75: tr-p-rmse: 0.048836	tr-a-peak@32: 0.999892	tr-rmse: 0.306692	tr-rmse: 0.306692
2026-04-07 14:34:26 [DEBUG] XGB stopped. Best iteration: [36] tr-p-rmse:0.04884	tr-a-peak@32:0.99989	tr-rmse:0.30669	tr-rmse:0.30669 
2026-04-07 14:34:26 [INFO] [task_scheduler.cc:243] [Updated] Task #0: "main"
2026-04-07 14:34:26 [INFO] [task_scheduler.cc:326] 
 ID | Name |      FLOP | Weight | Speed (GFLOPS) | Latency (us) | Weighted Latency (us) | Trials | Done 
--------------------------------------------------------------------------------------------------------
  0 | main | 150994944 |      1 |       123.8040 |    1219.6288 |             1219.6288 |    191 |      
--------------------------------------------------------------------------------------------------------
Total trials: 191
Total latency (us): 1219.63

2026-04-07 14:34:26 [INFO] [task_scheduler.cc:186] TaskScheduler picks Task #0: "main"
2026-04-07 14:34:33 [INFO] [task_scheduler.cc:199] Sending 32 sample(s) to builder
2026-04-07 14:34:42 [INFO] [task_scheduler.cc:201] Sending 32 sample(s) to runner
2026-04-07 14:34:51 [DEBUG] XGB validation: p-rmse: 0.155154	a-peak@32: 0.996054
2026-04-07 14:34:51 [INFO] [task_scheduler.cc:243] [Updated] Task #0: "main"
2026-04-07 14:34:51 [INFO] [task_scheduler.cc:326] 
 ID | Name |      FLOP | Weight | Speed (GFLOPS) | Latency (us) | Weighted Latency (us) | Trials | Done 
--------------------------------------------------------------------------------------------------------
  0 | main | 150994944 |      1 |       123.8040 |    1219.6288 |             1219.6288 |    223 |      
--------------------------------------------------------------------------------------------------------
Total trials: 223
Total latency (us): 1219.63

2026-04-07 14:34:51 [INFO] [task_scheduler.cc:186] TaskScheduler picks Task #0: "main"
2026-04-07 14:34:57 [INFO] [task_scheduler.cc:199] Sending 7 sample(s) to builder
2026-04-07 14:35:01 [INFO] [task_scheduler.cc:201] Sending 7 sample(s) to runner
2026-04-07 14:35:03 [DEBUG] XGB validation: p-rmse: 0.126246	a-peak@32: 1.000000
2026-04-07 14:35:03 [DEBUG] XGB iter   0: tr-p-rmse: 0.352628	tr-a-peak@32: 0.990637	tr-rmse: 0.278661	tr-rmse: 0.278661
2026-04-07 14:35:03 [DEBUG] XGB iter  25: tr-p-rmse: 0.046484	tr-a-peak@32: 0.998948	tr-rmse: 0.334761	tr-rmse: 0.334761
2026-04-07 14:35:03 [DEBUG] XGB iter  50: tr-p-rmse: 0.046470	tr-a-peak@32: 0.998948	tr-rmse: 0.334790	tr-rmse: 0.334790
2026-04-07 14:35:03 [DEBUG] XGB iter  75: tr-p-rmse: 0.046470	tr-a-peak@32: 0.998948	tr-rmse: 0.334790	tr-rmse: 0.334790
2026-04-07 14:35:03 [DEBUG] XGB stopped. Best iteration: [31] tr-p-rmse:0.04647	tr-a-peak@32:0.99895	tr-rmse:0.33479	tr-rmse:0.33479 
2026-04-07 14:35:03 [INFO] [task_scheduler.cc:243] [Updated] Task #0: "main"
2026-04-07 14:35:03 [INFO] [task_scheduler.cc:326] 
 ID | Name |      FLOP | Weight | Speed (GFLOPS) | Latency (us) | Weighted Latency (us) | Trials | Done 
--------------------------------------------------------------------------------------------------------
  0 | main | 150994944 |      1 |       123.8040 |    1219.6288 |             1219.6288 |    230 |      
--------------------------------------------------------------------------------------------------------
Total trials: 230
Total latency (us): 1219.63

2026-04-07 14:35:03 [INFO] [task_scheduler.cc:266] Task #0 has finished. Remaining task(s): 0
2026-04-07 14:35:03 [INFO] [task_scheduler.cc:326] 
 ID | Name |      FLOP | Weight | Speed (GFLOPS) | Latency (us) | Weighted Latency (us) | Trials | Done 
--------------------------------------------------------------------------------------------------------
  0 | main | 150994944 |      1 |       123.8040 |    1219.6288 |             1219.6288 |    230 |    Y 
--------------------------------------------------------------------------------------------------------
Total trials: 230
Total latency (us): 1219.63

2026-04-07 14:35:04 [INFO] LocalBuilder: max_workers = 12
2026-04-07 14:35:05 [INFO] LocalRunner: max_workers = 1
