2026-04-07 15:03:47 [INFO] [task_scheduler.cc:166] Initializing Task #0: "main"
2026-04-07 15:03:47 [INFO] [task_scheduler.cc:41] 
# from tvm.script import ir as I
# from tvm.script import tir as T

@I.ir_module
class Module:
    @T.prim_func
    def main(A: T.Buffer((16, 768), "float32"), B: T.Buffer((768, 3072), "float32"), C: T.Buffer((16, 3072), "float32")):
        T.func_attr({"tir.noalias": True})
        # with T.block("root"):
        for i, j, k in T.grid(16, 3072, 768):
            with T.block("C"):
                vi, vj, vk = T.axis.remap("SSR", [i, j, k])
                T.reads(A[vi, vk], B[vk, vj])
                T.writes(C[vi, vj])
                with T.init():
                    C[vi, vj] = T.float32(0.0)
                C[vi, vj] = C[vi, vj] + A[vi, vk] * B[vk, vj]
2026-04-07 15:03:47 [INFO] [task_scheduler.cc:170] Total 3 design space(s) generated
2026-04-07 15:03:47 [INFO] [task_scheduler.cc:176] Design space #0:
# from tvm.script import ir as I
# from tvm.script import tir as T

@I.ir_module
class Module:
    @T.prim_func
    def main(A: T.Buffer((16, 768), "float32"), B: T.Buffer((768, 3072), "float32"), C: T.Buffer((16, 3072), "float32")):
        T.func_attr({"tir.noalias": True})
        with T.block("root"):
            T.reads()
            T.writes()
            T.block_attr({"meta_schedule.parallel": 128, "meta_schedule.unroll_explicit": 512, "meta_schedule.vectorize": 64})
            C_global = T.alloc_buffer((16, 3072))
            for i_0, j_0, i_1, j_1 in T.grid(1, 1, 2, 12):
                for k_0, i_2, j_2, k_1, i_3, j_3 in T.grid(128, 2, 64, 6, 4, 4):
                    with T.block("C"):
                        vi = T.axis.spatial(16, i_0 * 16 + i_1 * 8 + i_2 * 4 + i_3)
                        vj = T.axis.spatial(3072, j_0 * 3072 + j_1 * 256 + j_2 * 4 + j_3)
                        vk = T.axis.reduce(768, k_0 * 6 + k_1)
                        T.reads(A[vi, vk], B[vk, vj])
                        T.writes(C_global[vi, vj])
                        T.block_attr({"meta_schedule.tiling_structure": "SSRSRS"})
                        with T.init():
                            C_global[vi, vj] = T.float32(0.0)
                        C_global[vi, vj] = C_global[vi, vj] + A[vi, vk] * B[vk, vj]
                for ax0, ax1 in T.grid(8, 256):
                    with T.block("C_global"):
                        v0 = T.axis.spatial(16, i_1 * 8 + ax0)
                        v1 = T.axis.spatial(3072, j_1 * 256 + ax1)
                        T.reads(C_global[v0, v1])
                        T.writes(C[v0, v1])
                        C[v0, v1] = C_global[v0, v1]
b0 = sch.get_block(name="C", func_name="main")
b1 = sch.get_block(name="root", func_name="main")
sch.annotate(block_or_loop=b0, ann_key="meta_schedule.tiling_structure", ann_val="SSRSRS")
l2, l3, l4 = sch.get_loops(block=b0)
v5, v6, v7, v8 = sch.sample_perfect_tile(loop=l2, n=4, max_innermost_factor=64, decision=[1, 2, 2, 4])
l9, l10, l11, l12 = sch.split(loop=l2, factors=[v5, v6, v7, v8], preserve_unit_iters=True, disable_predication=False)
v13, v14, v15, v16 = sch.sample_perfect_tile(loop=l3, n=4, max_innermost_factor=64, decision=[1, 12, 64, 4])
l17, l18, l19, l20 = sch.split(loop=l3, factors=[v13, v14, v15, v16], preserve_unit_iters=True, disable_predication=False)
v21, v22 = sch.sample_perfect_tile(loop=l4, n=2, max_innermost_factor=64, decision=[128, 6])
l23, l24 = sch.split(loop=l4, factors=[v21, v22], preserve_unit_iters=True, disable_predication=False)
sch.reorder(l9, l17, l10, l18, l23, l11, l19, l24, l12, l20)
b25 = sch.cache_write(block=b0, write_buffer_index=0, storage_scope="global")
sch.reverse_compute_at(block=b25, loop=l18, preserve_unit_loops=True, index=-1)
sch.annotate(block_or_loop=b1, ann_key="meta_schedule.parallel", ann_val=128)
sch.annotate(block_or_loop=b1, ann_key="meta_schedule.vectorize", ann_val=64)
v26 = sch.sample_categorical(candidates=[0, 16, 64, 512], probs=[0.25, 0.25, 0.25, 0.25], decision=3)
sch.annotate(block_or_loop=b1, ann_key="meta_schedule.unroll_explicit", ann_val=v26)
2026-04-07 15:03:47 [INFO] [task_scheduler.cc:176] Design space #1:
# from tvm.script import ir as I
# from tvm.script import tir as T

@I.ir_module
class Module:
    @T.prim_func
    def main(A: T.Buffer((16, 768), "float32"), B: T.Buffer((768, 3072), "float32"), C: T.Buffer((16, 3072), "float32")):
        T.func_attr({"tir.noalias": True})
        with T.block("root"):
            T.reads()
            T.writes()
            T.block_attr({"meta_schedule.parallel": 128, "meta_schedule.unroll_explicit": 512, "meta_schedule.vectorize": 64})
            C_global = T.alloc_buffer((16, 3072))
            for i_0, j_0 in T.grid(1, 1):
                for i_1, j_1, k_0, i_2, j_2, k_1, i_3, j_3 in T.grid(2, 12, 128, 2, 64, 6, 4, 4):
                    with T.block("C"):
                        vi = T.axis.spatial(16, i_0 * 16 + i_1 * 8 + i_2 * 4 + i_3)
                        vj = T.axis.spatial(3072, j_0 * 3072 + j_1 * 256 + j_2 * 4 + j_3)
                        vk = T.axis.reduce(768, k_0 * 6 + k_1)
                        T.reads(A[vi, vk], B[vk, vj])
                        T.writes(C_global[vi, vj])
                        T.block_attr({"meta_schedule.tiling_structure": "SSRSRS"})
                        with T.init():
                            C_global[vi, vj] = T.float32(0.0)
                        C_global[vi, vj] = C_global[vi, vj] + A[vi, vk] * B[vk, vj]
                for ax0, ax1 in T.grid(16, 3072):
                    with T.block("C_global"):
                        v0, v1 = T.axis.remap("SS", [ax0, ax1])
                        T.reads(C_global[v0, v1])
                        T.writes(C[v0, v1])
                        C[v0, v1] = C_global[v0, v1]
b0 = sch.get_block(name="C", func_name="main")
b1 = sch.get_block(name="root", func_name="main")
sch.annotate(block_or_loop=b0, ann_key="meta_schedule.tiling_structure", ann_val="SSRSRS")
l2, l3, l4 = sch.get_loops(block=b0)
v5, v6, v7, v8 = sch.sample_perfect_tile(loop=l2, n=4, max_innermost_factor=64, decision=[1, 2, 2, 4])
l9, l10, l11, l12 = sch.split(loop=l2, factors=[v5, v6, v7, v8], preserve_unit_iters=True, disable_predication=False)
v13, v14, v15, v16 = sch.sample_perfect_tile(loop=l3, n=4, max_innermost_factor=64, decision=[1, 12, 64, 4])
l17, l18, l19, l20 = sch.split(loop=l3, factors=[v13, v14, v15, v16], preserve_unit_iters=True, disable_predication=False)
v21, v22 = sch.sample_perfect_tile(loop=l4, n=2, max_innermost_factor=64, decision=[128, 6])
l23, l24 = sch.split(loop=l4, factors=[v21, v22], preserve_unit_iters=True, disable_predication=False)
sch.reorder(l9, l17, l10, l18, l23, l11, l19, l24, l12, l20)
b25 = sch.cache_write(block=b0, write_buffer_index=0, storage_scope="global")
sch.reverse_compute_at(block=b25, loop=l17, preserve_unit_loops=True, index=-1)
sch.annotate(block_or_loop=b1, ann_key="meta_schedule.parallel", ann_val=128)
sch.annotate(block_or_loop=b1, ann_key="meta_schedule.vectorize", ann_val=64)
v26 = sch.sample_categorical(candidates=[0, 16, 64, 512], probs=[0.25, 0.25, 0.25, 0.25], decision=3)
sch.annotate(block_or_loop=b1, ann_key="meta_schedule.unroll_explicit", ann_val=v26)
2026-04-07 15:03:47 [INFO] [task_scheduler.cc:176] Design space #2:
# from tvm.script import ir as I
# from tvm.script import tir as T

@I.ir_module
class Module:
    @T.prim_func
    def main(A: T.Buffer((16, 768), "float32"), B: T.Buffer((768, 3072), "float32"), C: T.Buffer((16, 3072), "float32")):
        T.func_attr({"tir.noalias": True})
        with T.block("root"):
            T.reads()
            T.writes()
            T.block_attr({"meta_schedule.parallel": 128, "meta_schedule.unroll_explicit": 64, "meta_schedule.vectorize": 64})
            for i_0, j_0, i_1, j_1, k_0, i_2, j_2, k_1, i_3, j_3 in T.grid(1, 1, 2, 12, 128, 2, 64, 6, 4, 4):
                with T.block("C"):
                    vi = T.axis.spatial(16, i_0 * 16 + i_1 * 8 + i_2 * 4 + i_3)
                    vj = T.axis.spatial(3072, j_0 * 3072 + j_1 * 256 + j_2 * 4 + j_3)
                    vk = T.axis.reduce(768, k_0 * 6 + k_1)
                    T.reads(A[vi, vk], B[vk, vj])
                    T.writes(C[vi, vj])
                    T.block_attr({"meta_schedule.tiling_structure": "SSRSRS"})
                    with T.init():
                        C[vi, vj] = T.float32(0.0)
                    C[vi, vj] = C[vi, vj] + A[vi, vk] * B[vk, vj]
b0 = sch.get_block(name="C", func_name="main")
b1 = sch.get_block(name="root", func_name="main")
sch.annotate(block_or_loop=b0, ann_key="meta_schedule.tiling_structure", ann_val="SSRSRS")
l2, l3, l4 = sch.get_loops(block=b0)
v5, v6, v7, v8 = sch.sample_perfect_tile(loop=l2, n=4, max_innermost_factor=64, decision=[1, 2, 2, 4])
l9, l10, l11, l12 = sch.split(loop=l2, factors=[v5, v6, v7, v8], preserve_unit_iters=True, disable_predication=False)
v13, v14, v15, v16 = sch.sample_perfect_tile(loop=l3, n=4, max_innermost_factor=64, decision=[1, 12, 64, 4])
l17, l18, l19, l20 = sch.split(loop=l3, factors=[v13, v14, v15, v16], preserve_unit_iters=True, disable_predication=False)
v21, v22 = sch.sample_perfect_tile(loop=l4, n=2, max_innermost_factor=64, decision=[128, 6])
l23, l24 = sch.split(loop=l4, factors=[v21, v22], preserve_unit_iters=True, disable_predication=False)
sch.reorder(l9, l17, l10, l18, l23, l11, l19, l24, l12, l20)
sch.annotate(block_or_loop=b1, ann_key="meta_schedule.parallel", ann_val=128)
sch.annotate(block_or_loop=b1, ann_key="meta_schedule.vectorize", ann_val=64)
v25 = sch.sample_categorical(candidates=[0, 16, 64, 512], probs=[0.25, 0.25, 0.25, 0.25], decision=2)
sch.annotate(block_or_loop=b1, ann_key="meta_schedule.unroll_explicit", ann_val=v25)
2026-04-07 15:03:47 [INFO] [evolutionary_search.cc:711] Generating candidates......
2026-04-07 15:03:47 [INFO] [evolutionary_search.cc:713] Picked top 0 candidate(s) from database
2026-04-07 15:03:47 [INFO] [evolutionary_search.cc:530] Sample-Init-Population summary:
Postproc #0 [meta_schedule.DisallowDynamicLoop(0x5bdf3f855518)]: 0 failure(s)
Postproc #1 [meta_schedule.RewriteParallelVectorizeUnroll(0x5bdf403928e8)]: 0 failure(s)
Postproc #2 [meta_schedule.RewriteReductionBlock(0x5bdf3fc72618)]: 0 failure(s)
Postproc #3 [meta_schedule.RewriteLayout(0x5bdf4036fcc8)]: 0 failure(s)
2026-04-07 15:03:47 [INFO] [evolutionary_search.cc:721] Sampled 609 candidate(s)
2026-04-07 15:03:47 [INFO] [evolutionary_search.cc:619] Evolve iter #0 done. Summary:
Postproc #0 [meta_schedule.DisallowDynamicLoop(0x5bdf3f855518)]: 0 failure(s)
Postproc #1 [meta_schedule.RewriteParallelVectorizeUnroll(0x5bdf403928e8)]: 0 failure(s)
Postproc #2 [meta_schedule.RewriteReductionBlock(0x5bdf3fc72618)]: 0 failure(s)
Postproc #3 [meta_schedule.RewriteLayout(0x5bdf4036fcc8)]: 0 failure(s)
2026-04-07 15:03:48 [INFO] [evolutionary_search.cc:619] Evolve iter #1 done. Summary:
Postproc #0 [meta_schedule.DisallowDynamicLoop(0x5bdf3f855518)]: 0 failure(s)
Postproc #1 [meta_schedule.RewriteParallelVectorizeUnroll(0x5bdf403928e8)]: 0 failure(s)
Postproc #2 [meta_schedule.RewriteReductionBlock(0x5bdf3fc72618)]: 0 failure(s)
Postproc #3 [meta_schedule.RewriteLayout(0x5bdf4036fcc8)]: 0 failure(s)
2026-04-07 15:03:48 [INFO] [evolutionary_search.cc:619] Evolve iter #2 done. Summary:
Postproc #0 [meta_schedule.DisallowDynamicLoop(0x5bdf3f855518)]: 0 failure(s)
Postproc #1 [meta_schedule.RewriteParallelVectorizeUnroll(0x5bdf403928e8)]: 0 failure(s)
Postproc #2 [meta_schedule.RewriteReductionBlock(0x5bdf3fc72618)]: 0 failure(s)
Postproc #3 [meta_schedule.RewriteLayout(0x5bdf4036fcc8)]: 0 failure(s)
2026-04-07 15:03:49 [INFO] [evolutionary_search.cc:619] Evolve iter #3 done. Summary:
Postproc #0 [meta_schedule.DisallowDynamicLoop(0x5bdf3f855518)]: 0 failure(s)
Postproc #1 [meta_schedule.RewriteParallelVectorizeUnroll(0x5bdf403928e8)]: 0 failure(s)
Postproc #2 [meta_schedule.RewriteReductionBlock(0x5bdf3fc72618)]: 0 failure(s)
Postproc #3 [meta_schedule.RewriteLayout(0x5bdf4036fcc8)]: 0 failure(s)
2026-04-07 15:03:49 [INFO] [evolutionary_search.cc:647] Scores of the best 64 candidates:
[1 : 16]:	0.9995  0.9986  0.9970  0.9969  0.9968  0.9967  0.9962  0.9959  0.9956  0.9949  0.9945  0.9944  0.9943  0.9942  0.9936  0.9934
[17 : 32]:	0.9927  0.9922  0.9914  0.9913  0.9907  0.9903  0.9902  0.9901  0.9896  0.9895  0.9889  0.9877  0.9875  0.9871  0.9870  0.9862
[33 : 48]:	0.9853  0.9853  0.9852  0.9850  0.9848  0.9846  0.9819  0.9804  0.9803  0.9799  0.9798  0.9798  0.9790  0.9790  0.9789  0.9778
[49 : 64]:	0.9776  0.9775  0.9771  0.9765  0.9762  0.9762  0.9754  0.9743  0.9742  0.9739  0.9734  0.9731  0.9731  0.9731  0.9729  0.9729
2026-04-07 15:03:49 [INFO] [evolutionary_search.cc:725] Got 64 candidate(s) with evolutionary search
2026-04-07 15:03:49 [INFO] [evolutionary_search.cc:728] Sending 64 candidates(s) for measurement
2026-04-07 15:04:14 [INFO] [task_scheduler.cc:137] [Task #0: main] Trial #1: GFLOPs: 43.4141. Time: 1739.0096 us. Best GFLOPs: 43.4141
2026-04-07 15:04:14 [INFO] [task_scheduler.cc:137] [Task #0: main] Trial #2: GFLOPs: 7.1771. Time: 10519.2543 us. Best GFLOPs: 43.4141
2026-04-07 15:04:14 [INFO] [task_scheduler.cc:137] [Task #0: main] Trial #3: GFLOPs: 5.1915. Time: 14542.6280 us. Best GFLOPs: 43.4141
2026-04-07 15:04:14 [INFO] [task_scheduler.cc:137] [Task #0: main] Trial #4: GFLOPs: 33.4075. Time: 2259.8972 us. Best GFLOPs: 43.4141
2026-04-07 15:04:14 [INFO] [task_scheduler.cc:137] [Task #0: main] Trial #5: GFLOPs: 22.0174. Time: 3428.9908 us. Best GFLOPs: 43.4141
2026-04-07 15:04:14 [INFO] [task_scheduler.cc:137] [Task #0: main] Trial #6: GFLOPs: 27.1993. Time: 2775.7092 us. Best GFLOPs: 43.4141
2026-04-07 15:04:14 [INFO] [task_scheduler.cc:137] [Task #0: main] Trial #7: GFLOPs: 45.4648. Time: 1660.5689 us. Best GFLOPs: 45.4648
2026-04-07 15:04:14 [INFO] [task_scheduler.cc:137] [Task #0: main] Trial #8: GFLOPs: 31.9957. Time: 2359.6153 us. Best GFLOPs: 45.4648
2026-04-07 15:04:14 [INFO] [task_scheduler.cc:137] [Task #0: main] Trial #9: GFLOPs: 6.5462. Time: 11533.0771 us. Best GFLOPs: 45.4648
2026-04-07 15:04:14 [INFO] [task_scheduler.cc:137] [Task #0: main] Trial #10: GFLOPs: 23.4944. Time: 3213.4238 us. Best GFLOPs: 45.4648
2026-04-07 15:04:14 [INFO] [task_scheduler.cc:137] [Task #0: main] Trial #11: GFLOPs: 41.4928. Time: 1819.5340 us. Best GFLOPs: 45.4648
2026-04-07 15:04:14 [INFO] [task_scheduler.cc:137] [Task #0: main] Trial #12: GFLOPs: 18.0202. Time: 4189.6030 us. Best GFLOPs: 45.4648
2026-04-07 15:04:14 [INFO] [task_scheduler.cc:137] [Task #0: main] Trial #13: GFLOPs: 27.7204. Time: 2723.5395 us. Best GFLOPs: 45.4648
2026-04-07 15:04:14 [INFO] [task_scheduler.cc:137] [Task #0: main] Trial #14: GFLOPs: 24.6187. Time: 3066.6709 us. Best GFLOPs: 45.4648
2026-04-07 15:04:14 [INFO] [task_scheduler.cc:137] [Task #0: main] Trial #15: GFLOPs: 17.4805. Time: 4318.9560 us. Best GFLOPs: 45.4648
2026-04-07 15:04:14 [INFO] [task_scheduler.cc:137] [Task #0: main] Trial #16: GFLOPs: 44.2554. Time: 1705.9505 us. Best GFLOPs: 45.4648
2026-04-07 15:04:14 [INFO] [task_scheduler.cc:137] [Task #0: main] Trial #17: GFLOPs: 26.2278. Time: 2878.5287 us. Best GFLOPs: 45.4648
2026-04-07 15:04:14 [INFO] [task_scheduler.cc:137] [Task #0: main] Trial #18: GFLOPs: 41.2647. Time: 1829.5916 us. Best GFLOPs: 45.4648
2026-04-07 15:04:14 [INFO] [task_scheduler.cc:137] [Task #0: main] Trial #19: GFLOPs: 38.6322. Time: 1954.2638 us. Best GFLOPs: 45.4648
2026-04-07 15:04:14 [INFO] [task_scheduler.cc:137] [Task #0: main] Trial #20: GFLOPs: 60.0023. Time: 1258.2429 us. Best GFLOPs: 60.0023
2026-04-07 15:04:14 [INFO] [task_scheduler.cc:137] [Task #0: main] Trial #21: GFLOPs: 1.9866. Time: 38002.6470 us. Best GFLOPs: 60.0023
2026-04-07 15:04:14 [INFO] [task_scheduler.cc:137] [Task #0: main] Trial #22: GFLOPs: 20.0794. Time: 3759.9489 us. Best GFLOPs: 60.0023
2026-04-07 15:04:14 [INFO] [task_scheduler.cc:137] [Task #0: main] Trial #23: GFLOPs: 9.3468. Time: 8077.3617 us. Best GFLOPs: 60.0023
2026-04-07 15:04:14 [INFO] [task_scheduler.cc:137] [Task #0: main] Trial #24: GFLOPs: 16.9278. Time: 4459.9750 us. Best GFLOPs: 60.0023
2026-04-07 15:04:14 [INFO] [task_scheduler.cc:137] [Task #0: main] Trial #25: GFLOPs: 57.7743. Time: 1306.7666 us. Best GFLOPs: 60.0023
2026-04-07 15:04:14 [INFO] [task_scheduler.cc:137] [Task #0: main] Trial #26: GFLOPs: 22.9491. Time: 3289.7733 us. Best GFLOPs: 60.0023
2026-04-07 15:04:14 [INFO] [task_scheduler.cc:137] [Task #0: main] Trial #27: GFLOPs: 15.6344. Time: 4828.9391 us. Best GFLOPs: 60.0023
2026-04-07 15:04:14 [INFO] [task_scheduler.cc:137] [Task #0: main] Trial #28: GFLOPs: 26.5324. Time: 2845.4808 us. Best GFLOPs: 60.0023
2026-04-07 15:04:14 [INFO] [task_scheduler.cc:137] [Task #0: main] Trial #29: GFLOPs: 40.8806. Time: 1846.7821 us. Best GFLOPs: 60.0023
2026-04-07 15:04:14 [INFO] [task_scheduler.cc:137] [Task #0: main] Trial #30: GFLOPs: 31.9340. Time: 2364.1700 us. Best GFLOPs: 60.0023
2026-04-07 15:04:14 [INFO] [task_scheduler.cc:137] [Task #0: main] Trial #31: GFLOPs: 34.4422. Time: 2192.0080 us. Best GFLOPs: 60.0023
2026-04-07 15:04:14 [INFO] [task_scheduler.cc:137] [Task #0: main] Trial #32: GFLOPs: 3.6818. Time: 20505.3120 us. Best GFLOPs: 60.0023
2026-04-07 15:04:14 [INFO] [task_scheduler.cc:137] [Task #0: main] Trial #33: GFLOPs: 17.2877. Time: 4367.1086 us. Best GFLOPs: 60.0023
2026-04-07 15:04:14 [INFO] [task_scheduler.cc:137] [Task #0: main] Trial #34: GFLOPs: 16.8754. Time: 4473.8203 us. Best GFLOPs: 60.0023
2026-04-07 15:04:14 [INFO] [task_scheduler.cc:137] [Task #0: main] Trial #35: GFLOPs: 36.3306. Time: 2078.0680 us. Best GFLOPs: 60.0023
2026-04-07 15:04:14 [INFO] [task_scheduler.cc:137] [Task #0: main] Trial #36: GFLOPs: 45.1327. Time: 1672.7876 us. Best GFLOPs: 60.0023
2026-04-07 15:04:14 [INFO] [task_scheduler.cc:137] [Task #0: main] Trial #37: GFLOPs: 5.7097. Time: 13222.6711 us. Best GFLOPs: 60.0023
2026-04-07 15:04:14 [INFO] [task_scheduler.cc:137] [Task #0: main] Trial #38: GFLOPs: 10.4588. Time: 7218.5536 us. Best GFLOPs: 60.0023
2026-04-07 15:04:14 [INFO] [task_scheduler.cc:137] [Task #0: main] Trial #39: GFLOPs: 28.3166. Time: 2666.1867 us. Best GFLOPs: 60.0023
2026-04-07 15:04:14 [INFO] [task_scheduler.cc:137] [Task #0: main] Trial #40: GFLOPs: 31.2920. Time: 2412.6771 us. Best GFLOPs: 60.0023
2026-04-07 15:04:14 [INFO] [task_scheduler.cc:137] [Task #0: main] Trial #41: GFLOPs: 26.7449. Time: 2822.8785 us. Best GFLOPs: 60.0023
2026-04-07 15:04:14 [INFO] [task_scheduler.cc:137] [Task #0: main] Trial #42: GFLOPs: 9.4523. Time: 7987.1764 us. Best GFLOPs: 60.0023
2026-04-07 15:04:14 [INFO] [task_scheduler.cc:137] [Task #0: main] Trial #43: GFLOPs: 12.5967. Time: 5993.4425 us. Best GFLOPs: 60.0023
2026-04-07 15:04:14 [INFO] [task_scheduler.cc:137] [Task #0: main] Trial #44: GFLOPs: 31.4918. Time: 2397.3669 us. Best GFLOPs: 60.0023
2026-04-07 15:04:14 [INFO] [task_scheduler.cc:137] [Task #0: main] Trial #45: GFLOPs: 47.8340. Time: 1578.3211 us. Best GFLOPs: 60.0023
2026-04-07 15:04:14 [INFO] [task_scheduler.cc:137] [Task #0: main] Trial #46: GFLOPs: 33.8557. Time: 2229.9750 us. Best GFLOPs: 60.0023
2026-04-07 15:04:14 [INFO] [task_scheduler.cc:137] [Task #0: main] Trial #47: GFLOPs: 45.1752. Time: 1671.2144 us. Best GFLOPs: 60.0023
2026-04-07 15:04:14 [INFO] [task_scheduler.cc:137] [Task #0: main] Trial #48: GFLOPs: 12.8597. Time: 5870.8409 us. Best GFLOPs: 60.0023
2026-04-07 15:04:14 [INFO] [task_scheduler.cc:137] [Task #0: main] Trial #49: GFLOPs: 9.4749. Time: 7968.1907 us. Best GFLOPs: 60.0023
2026-04-07 15:04:14 [INFO] [task_scheduler.cc:137] [Task #0: main] Trial #50: GFLOPs: 76.4669. Time: 987.3225 us. Best GFLOPs: 76.4669
2026-04-07 15:04:14 [INFO] [task_scheduler.cc:137] [Task #0: main] Trial #51: GFLOPs: 15.8065. Time: 4776.3590 us. Best GFLOPs: 76.4669
2026-04-07 15:04:14 [INFO] [task_scheduler.cc:137] [Task #0: main] Trial #52: GFLOPs: 32.2228. Time: 2342.9814 us. Best GFLOPs: 76.4669
2026-04-07 15:04:14 [INFO] [task_scheduler.cc:137] [Task #0: main] Trial #53: GFLOPs: 11.4253. Time: 6607.9245 us. Best GFLOPs: 76.4669
2026-04-07 15:04:14 [INFO] [task_scheduler.cc:137] [Task #0: main] Trial #54: GFLOPs: 14.0210. Time: 5384.6034 us. Best GFLOPs: 76.4669
2026-04-07 15:04:14 [INFO] [task_scheduler.cc:137] [Task #0: main] Trial #55: GFLOPs: 10.2499. Time: 7365.7089 us. Best GFLOPs: 76.4669
2026-04-07 15:04:14 [INFO] [task_scheduler.cc:137] [Task #0: main] Trial #56: GFLOPs: 35.5603. Time: 2123.0813 us. Best GFLOPs: 76.4669
2026-04-07 15:04:14 [INFO] [task_scheduler.cc:137] [Task #0: main] Trial #57: GFLOPs: 45.3794. Time: 1663.6939 us. Best GFLOPs: 76.4669
2026-04-07 15:04:14 [INFO] [task_scheduler.cc:137] [Task #0: main] Trial #58: GFLOPs: 14.8841. Time: 5072.3425 us. Best GFLOPs: 76.4669
2026-04-07 15:04:14 [INFO] [task_scheduler.cc:137] [Task #0: main] Trial #59: GFLOPs: 55.2871. Time: 1365.5528 us. Best GFLOPs: 76.4669
2026-04-07 15:04:14 [INFO] [task_scheduler.cc:137] [Task #0: main] Trial #60: GFLOPs: 32.3050. Time: 2337.0204 us. Best GFLOPs: 76.4669
2026-04-07 15:04:14 [INFO] [task_scheduler.cc:137] [Task #0: main] Trial #61: GFLOPs: 31.6614. Time: 2384.5263 us. Best GFLOPs: 76.4669
2026-04-07 15:04:14 [INFO] [task_scheduler.cc:137] [Task #0: main] Trial #62: GFLOPs: 61.8273. Time: 1221.1028 us. Best GFLOPs: 76.4669
2026-04-07 15:04:14 [INFO] [task_scheduler.cc:137] [Task #0: main] Trial #63: GFLOPs: 20.7939. Time: 3630.7569 us. Best GFLOPs: 76.4669
2026-04-07 15:04:14 [INFO] [task_scheduler.cc:137] [Task #0: main] Trial #64: GFLOPs: 40.5784. Time: 1860.5318 us. Best GFLOPs: 76.4669
2026-04-07 15:04:14 [INFO] [evolutionary_search.cc:711] Generating candidates......
2026-04-07 15:04:14 [INFO] [evolutionary_search.cc:713] Picked top 64 candidate(s) from database
2026-04-07 15:04:15 [INFO] [evolutionary_search.cc:530] Sample-Init-Population summary:
Postproc #0 [meta_schedule.DisallowDynamicLoop(0x5bdf3f855518)]: 0 failure(s)
Postproc #1 [meta_schedule.RewriteParallelVectorizeUnroll(0x5bdf403928e8)]: 0 failure(s)
Postproc #2 [meta_schedule.RewriteReductionBlock(0x5bdf3fc72618)]: 0 failure(s)
Postproc #3 [meta_schedule.RewriteLayout(0x5bdf4036fcc8)]: 0 failure(s)
2026-04-07 15:04:15 [INFO] [evolutionary_search.cc:721] Sampled 545 candidate(s)
2026-04-07 15:04:15 [INFO] [evolutionary_search.cc:619] Evolve iter #0 done. Summary:
Postproc #0 [meta_schedule.DisallowDynamicLoop(0x5bdf3f855518)]: 0 failure(s)
Postproc #1 [meta_schedule.RewriteParallelVectorizeUnroll(0x5bdf403928e8)]: 0 failure(s)
Postproc #2 [meta_schedule.RewriteReductionBlock(0x5bdf3fc72618)]: 0 failure(s)
Postproc #3 [meta_schedule.RewriteLayout(0x5bdf4036fcc8)]: 0 failure(s)
2026-04-07 15:04:15 [INFO] [evolutionary_search.cc:619] Evolve iter #1 done. Summary:
Postproc #0 [meta_schedule.DisallowDynamicLoop(0x5bdf3f855518)]: 0 failure(s)
Postproc #1 [meta_schedule.RewriteParallelVectorizeUnroll(0x5bdf403928e8)]: 0 failure(s)
Postproc #2 [meta_schedule.RewriteReductionBlock(0x5bdf3fc72618)]: 0 failure(s)
Postproc #3 [meta_schedule.RewriteLayout(0x5bdf4036fcc8)]: 0 failure(s)
2026-04-07 15:04:16 [INFO] [evolutionary_search.cc:619] Evolve iter #2 done. Summary:
Postproc #0 [meta_schedule.DisallowDynamicLoop(0x5bdf3f855518)]: 0 failure(s)
Postproc #1 [meta_schedule.RewriteParallelVectorizeUnroll(0x5bdf403928e8)]: 0 failure(s)
Postproc #2 [meta_schedule.RewriteReductionBlock(0x5bdf3fc72618)]: 0 failure(s)
Postproc #3 [meta_schedule.RewriteLayout(0x5bdf4036fcc8)]: 0 failure(s)
2026-04-07 15:04:16 [INFO] [evolutionary_search.cc:619] Evolve iter #3 done. Summary:
Postproc #0 [meta_schedule.DisallowDynamicLoop(0x5bdf3f855518)]: 0 failure(s)
Postproc #1 [meta_schedule.RewriteParallelVectorizeUnroll(0x5bdf403928e8)]: 0 failure(s)
Postproc #2 [meta_schedule.RewriteReductionBlock(0x5bdf3fc72618)]: 0 failure(s)
Postproc #3 [meta_schedule.RewriteLayout(0x5bdf4036fcc8)]: 0 failure(s)
2026-04-07 15:04:16 [INFO] [evolutionary_search.cc:647] Scores of the best 64 candidates:
[1 : 16]:	1.0000  0.9993  0.9991  0.9986  0.9961  0.9952  0.9947  0.9944  0.9942  0.9938  0.9937  0.9935  0.9932  0.9922  0.9922  0.9922
[17 : 32]:	0.9918  0.9913  0.9909  0.9906  0.9905  0.9904  0.9900  0.9899  0.9897  0.9894  0.9894  0.9894  0.9893  0.9892  0.9889  0.9888
[33 : 48]:	0.9876  0.9875  0.9873  0.9860  0.9859  0.9849  0.9849  0.9831  0.9829  0.9826  0.9820  0.9812  0.9809  0.9808  0.9802  0.9801
[49 : 64]:	0.9799  0.9796  0.9789  0.9786  0.9785  0.9783  0.9782  0.9776  0.9775  0.9775  0.9772  0.9770  0.9767  0.9763  0.9756  0.9741
2026-04-07 15:04:16 [INFO] [evolutionary_search.cc:725] Got 64 candidate(s) with evolutionary search
2026-04-07 15:04:16 [INFO] [evolutionary_search.cc:728] Sending 64 candidates(s) for measurement
2026-04-07 15:04:42 [INFO] [task_scheduler.cc:137] [Task #0: main] Trial #65: GFLOPs: 58.3284. Time: 1294.3521 us. Best GFLOPs: 76.4669
2026-04-07 15:04:42 [INFO] [task_scheduler.cc:137] [Task #0: main] Trial #66: GFLOPs: 27.2303. Time: 2772.5525 us. Best GFLOPs: 76.4669
2026-04-07 15:04:42 [INFO] [task_scheduler.cc:137] [Task #0: main] Trial #67: GFLOPs: 18.2356. Time: 4140.1176 us. Best GFLOPs: 76.4669
2026-04-07 15:04:42 [INFO] [task_scheduler.cc:137] [Task #0: main] Trial #68: GFLOPs: 16.6827. Time: 4525.5041 us. Best GFLOPs: 76.4669
2026-04-07 15:04:42 [INFO] [task_scheduler.cc:137] [Task #0: main] Trial #69: GFLOPs: 57.7837. Time: 1306.5529 us. Best GFLOPs: 76.4669
2026-04-07 15:04:42 [INFO] [task_scheduler.cc:137] [Task #0: main] Trial #70: GFLOPs: 31.9402. Time: 2363.7118 us. Best GFLOPs: 76.4669
2026-04-07 15:04:42 [INFO] [task_scheduler.cc:137] [Task #0: main] Trial #71: GFLOPs: 19.6885. Time: 3834.6024 us. Best GFLOPs: 76.4669
2026-04-07 15:04:42 [INFO] [task_scheduler.cc:137] [Task #0: main] Trial #72: GFLOPs: 10.7313. Time: 7035.2729 us. Best GFLOPs: 76.4669
2026-04-07 15:04:42 [INFO] [task_scheduler.cc:137] [Task #0: main] Trial #73: GFLOPs: 55.4745. Time: 1360.9411 us. Best GFLOPs: 76.4669
2026-04-07 15:04:42 [INFO] [task_scheduler.cc:137] [Task #0: main] Trial #74: GFLOPs: 14.3950. Time: 5244.6993 us. Best GFLOPs: 76.4669
2026-04-07 15:04:42 [INFO] [task_scheduler.cc:137] [Task #0: main] Trial #75: GFLOPs: 18.8789. Time: 3999.0400 us. Best GFLOPs: 76.4669
2026-04-07 15:04:42 [INFO] [task_scheduler.cc:137] [Task #0: main] Trial #76: GFLOPs: 4.4842. Time: 16836.4718 us. Best GFLOPs: 76.4669
2026-04-07 15:04:42 [INFO] [task_scheduler.cc:137] [Task #0: main] Trial #77: GFLOPs: 52.6479. Time: 1434.0075 us. Best GFLOPs: 76.4669
2026-04-07 15:04:42 [INFO] [task_scheduler.cc:137] [Task #0: main] Trial #78: GFLOPs: 53.8103. Time: 1403.0295 us. Best GFLOPs: 76.4669
2026-04-07 15:04:42 [INFO] [task_scheduler.cc:137] [Task #0: main] Trial #79: GFLOPs: 34.5325. Time: 2186.2737 us. Best GFLOPs: 76.4669
2026-04-07 15:04:42 [INFO] [task_scheduler.cc:137] [Task #0: main] Trial #80: GFLOPs: 18.1827. Time: 4152.1526 us. Best GFLOPs: 76.4669
2026-04-07 15:04:42 [INFO] [task_scheduler.cc:137] [Task #0: main] Trial #81: GFLOPs: 42.3092. Time: 1784.4234 us. Best GFLOPs: 76.4669
2026-04-07 15:04:42 [INFO] [task_scheduler.cc:137] [Task #0: main] Trial #82: GFLOPs: 73.2516. Time: 1030.6593 us. Best GFLOPs: 76.4669
2026-04-07 15:04:42 [INFO] [task_scheduler.cc:137] [Task #0: main] Trial #83: GFLOPs: 19.8252. Time: 3808.1643 us. Best GFLOPs: 76.4669
2026-04-07 15:04:42 [INFO] [task_scheduler.cc:137] [Task #0: main] Trial #84: GFLOPs: 7.8562. Time: 9609.9821 us. Best GFLOPs: 76.4669
2026-04-07 15:04:42 [INFO] [task_scheduler.cc:137] [Task #0: main] Trial #85: GFLOPs: 39.4234. Time: 1915.0398 us. Best GFLOPs: 76.4669
2026-04-07 15:04:42 [INFO] [task_scheduler.cc:137] [Task #0: main] Trial #86: GFLOPs: 62.8764. Time: 1200.7279 us. Best GFLOPs: 76.4669
2026-04-07 15:04:42 [INFO] [task_scheduler.cc:137] [Task #0: main] Trial #87: GFLOPs: 14.3893. Time: 5246.7650 us. Best GFLOPs: 76.4669
2026-04-07 15:04:42 [INFO] [task_scheduler.cc:137] [Task #0: main] Trial #88: GFLOPs: 31.7417. Time: 2378.4963 us. Best GFLOPs: 76.4669
2026-04-07 15:04:42 [INFO] [task_scheduler.cc:137] [Task #0: main] Trial #89: GFLOPs: 36.6713. Time: 2058.7619 us. Best GFLOPs: 76.4669
2026-04-07 15:04:42 [INFO] [task_scheduler.cc:137] [Task #0: main] Trial #90: GFLOPs: 12.1807. Time: 6198.1390 us. Best GFLOPs: 76.4669
2026-04-07 15:04:42 [INFO] [task_scheduler.cc:137] [Task #0: main] Trial #91: GFLOPs: 12.5466. Time: 6017.3418 us. Best GFLOPs: 76.4669
2026-04-07 15:04:42 [INFO] [task_scheduler.cc:137] [Task #0: main] Trial #92: GFLOPs: 16.4818. Time: 4580.6497 us. Best GFLOPs: 76.4669
2026-04-07 15:04:42 [INFO] [task_scheduler.cc:137] [Task #0: main] Trial #93: GFLOPs: 26.8872. Time: 2807.9371 us. Best GFLOPs: 76.4669
2026-04-07 15:04:42 [INFO] [task_scheduler.cc:137] [Task #0: main] Trial #94: GFLOPs: 15.6818. Time: 4814.3489 us. Best GFLOPs: 76.4669
2026-04-07 15:04:42 [INFO] [task_scheduler.cc:137] [Task #0: main] Trial #95: GFLOPs: 50.0131. Time: 1509.5527 us. Best GFLOPs: 76.4669
2026-04-07 15:04:42 [INFO] [task_scheduler.cc:137] [Task #0: main] Trial #96: GFLOPs: 16.4629. Time: 4585.9213 us. Best GFLOPs: 76.4669
2026-04-07 15:04:42 [INFO] [task_scheduler.cc:137] [Task #0: main] Trial #97: GFLOPs: 15.1099. Time: 4996.5455 us. Best GFLOPs: 76.4669
2026-04-07 15:04:42 [INFO] [task_scheduler.cc:137] [Task #0: main] Trial #98: GFLOPs: 60.7810. Time: 1242.1225 us. Best GFLOPs: 76.4669
2026-04-07 15:04:42 [INFO] [task_scheduler.cc:137] [Task #0: main] Trial #99: GFLOPs: 62.4874. Time: 1208.2036 us. Best GFLOPs: 76.4669
2026-04-07 15:04:42 [INFO] [task_scheduler.cc:137] [Task #0: main] Trial #100: GFLOPs: 26.8998. Time: 2806.6193 us. Best GFLOPs: 76.4669
2026-04-07 15:04:42 [INFO] [task_scheduler.cc:137] [Task #0: main] Trial #101: GFLOPs: 6.8579. Time: 11008.7547 us. Best GFLOPs: 76.4669
2026-04-07 15:04:42 [INFO] [task_scheduler.cc:137] [Task #0: main] Trial #102: GFLOPs: 59.6812. Time: 1265.0118 us. Best GFLOPs: 76.4669
2026-04-07 15:04:42 [INFO] [task_scheduler.cc:137] [Task #0: main] Trial #103: GFLOPs: 40.7321. Time: 1853.5134 us. Best GFLOPs: 76.4669
2026-04-07 15:04:42 [INFO] [task_scheduler.cc:137] [Task #0: main] Trial #104: GFLOPs: 52.3782. Time: 1441.3922 us. Best GFLOPs: 76.4669
2026-04-07 15:04:42 [INFO] [task_scheduler.cc:137] [Task #0: main] Trial #105: GFLOPs: 24.0992. Time: 3132.7822 us. Best GFLOPs: 76.4669
2026-04-07 15:04:42 [INFO] [task_scheduler.cc:137] [Task #0: main] Trial #106: GFLOPs: 19.2308. Time: 3925.8570 us. Best GFLOPs: 76.4669
2026-04-07 15:04:42 [INFO] [task_scheduler.cc:137] [Task #0: main] Trial #107: GFLOPs: 56.4521. Time: 1337.3728 us. Best GFLOPs: 76.4669
2026-04-07 15:04:42 [INFO] [task_scheduler.cc:137] [Task #0: main] Trial #108: GFLOPs: 16.3230. Time: 4625.2151 us. Best GFLOPs: 76.4669
2026-04-07 15:04:42 [INFO] [task_scheduler.cc:137] [Task #0: main] Trial #109: GFLOPs: 15.1894. Time: 4970.4161 us. Best GFLOPs: 76.4669
2026-04-07 15:04:42 [INFO] [task_scheduler.cc:137] [Task #0: main] Trial #110: GFLOPs: 24.2785. Time: 3109.6391 us. Best GFLOPs: 76.4669
2026-04-07 15:04:42 [INFO] [task_scheduler.cc:137] [Task #0: main] Trial #111: GFLOPs: 20.8687. Time: 3617.7408 us. Best GFLOPs: 76.4669
2026-04-07 15:04:42 [INFO] [task_scheduler.cc:137] [Task #0: main] Trial #112: GFLOPs: 21.2674. Time: 3549.9141 us. Best GFLOPs: 76.4669
2026-04-07 15:04:42 [INFO] [task_scheduler.cc:137] [Task #0: main] Trial #113: GFLOPs: 40.7565. Time: 1852.4031 us. Best GFLOPs: 76.4669
2026-04-07 15:04:42 [INFO] [task_scheduler.cc:137] [Task #0: main] Trial #114: GFLOPs: 40.8811. Time: 1846.7594 us. Best GFLOPs: 76.4669
2026-04-07 15:04:42 [INFO] [task_scheduler.cc:137] [Task #0: main] Trial #115: GFLOPs: 71.5267. Time: 1055.5149 us. Best GFLOPs: 76.4669
2026-04-07 15:04:42 [INFO] [task_scheduler.cc:137] [Task #0: main] Trial #116: GFLOPs: 51.0171. Time: 1479.8464 us. Best GFLOPs: 76.4669
2026-04-07 15:04:42 [INFO] [task_scheduler.cc:137] [Task #0: main] Trial #117: GFLOPs: 21.5041. Time: 3510.8391 us. Best GFLOPs: 76.4669
2026-04-07 15:04:42 [INFO] [task_scheduler.cc:137] [Task #0: main] Trial #118: GFLOPs: 18.2498. Time: 4136.8999 us. Best GFLOPs: 76.4669
2026-04-07 15:04:42 [INFO] [task_scheduler.cc:137] [Task #0: main] Trial #119: GFLOPs: 33.2055. Time: 2273.6450 us. Best GFLOPs: 76.4669
2026-04-07 15:04:42 [INFO] [task_scheduler.cc:137] [Task #0: main] Trial #120: GFLOPs: 50.7256. Time: 1488.3502 us. Best GFLOPs: 76.4669
2026-04-07 15:04:42 [INFO] [task_scheduler.cc:137] [Task #0: main] Trial #121: GFLOPs: 15.0986. Time: 5000.2839 us. Best GFLOPs: 76.4669
2026-04-07 15:04:42 [INFO] [task_scheduler.cc:137] [Task #0: main] Trial #122: GFLOPs: 26.8671. Time: 2810.0385 us. Best GFLOPs: 76.4669
2026-04-07 15:04:42 [INFO] [task_scheduler.cc:137] [Task #0: main] Trial #123: GFLOPs: 28.3116. Time: 2666.6659 us. Best GFLOPs: 76.4669
2026-04-07 15:04:42 [INFO] [task_scheduler.cc:137] [Task #0: main] Trial #124: GFLOPs: 31.4892. Time: 2397.5641 us. Best GFLOPs: 76.4669
2026-04-07 15:04:42 [INFO] [task_scheduler.cc:137] [Task #0: main] Trial #125: GFLOPs: 21.6038. Time: 3494.6354 us. Best GFLOPs: 76.4669
2026-04-07 15:04:42 [INFO] [task_scheduler.cc:137] [Task #0: main] Trial #126: GFLOPs: 23.3729. Time: 3230.1290 us. Best GFLOPs: 76.4669
2026-04-07 15:04:42 [INFO] [task_scheduler.cc:137] [Task #0: main] Trial #127: GFLOPs: 13.7009. Time: 5510.3848 us. Best GFLOPs: 76.4669
2026-04-07 15:04:42 [INFO] [task_scheduler.cc:137] [Task #0: main] Trial #128: GFLOPs: 11.0668. Time: 6821.9806 us. Best GFLOPs: 76.4669
2026-04-07 15:04:42 [INFO] [evolutionary_search.cc:711] Generating candidates......
2026-04-07 15:04:42 [INFO] [evolutionary_search.cc:713] Picked top 121 candidate(s) from database
2026-04-07 15:04:42 [INFO] [evolutionary_search.cc:530] Sample-Init-Population summary:
Postproc #0 [meta_schedule.DisallowDynamicLoop(0x5bdf3f855518)]: 0 failure(s)
Postproc #1 [meta_schedule.RewriteParallelVectorizeUnroll(0x5bdf403928e8)]: 0 failure(s)
Postproc #2 [meta_schedule.RewriteReductionBlock(0x5bdf3fc72618)]: 0 failure(s)
Postproc #3 [meta_schedule.RewriteLayout(0x5bdf4036fcc8)]: 0 failure(s)
2026-04-07 15:04:42 [INFO] [evolutionary_search.cc:721] Sampled 488 candidate(s)
2026-04-07 15:04:43 [INFO] [evolutionary_search.cc:619] Evolve iter #0 done. Summary:
Postproc #0 [meta_schedule.DisallowDynamicLoop(0x5bdf3f855518)]: 0 failure(s)
Postproc #1 [meta_schedule.RewriteParallelVectorizeUnroll(0x5bdf403928e8)]: 0 failure(s)
Postproc #2 [meta_schedule.RewriteReductionBlock(0x5bdf3fc72618)]: 0 failure(s)
Postproc #3 [meta_schedule.RewriteLayout(0x5bdf4036fcc8)]: 0 failure(s)
2026-04-07 15:04:44 [INFO] [evolutionary_search.cc:619] Evolve iter #1 done. Summary:
Postproc #0 [meta_schedule.DisallowDynamicLoop(0x5bdf3f855518)]: 0 failure(s)
Postproc #1 [meta_schedule.RewriteParallelVectorizeUnroll(0x5bdf403928e8)]: 0 failure(s)
Postproc #2 [meta_schedule.RewriteReductionBlock(0x5bdf3fc72618)]: 0 failure(s)
Postproc #3 [meta_schedule.RewriteLayout(0x5bdf4036fcc8)]: 0 failure(s)
2026-04-07 15:04:45 [INFO] [evolutionary_search.cc:619] Evolve iter #2 done. Summary:
Postproc #0 [meta_schedule.DisallowDynamicLoop(0x5bdf3f855518)]: 0 failure(s)
Postproc #1 [meta_schedule.RewriteParallelVectorizeUnroll(0x5bdf403928e8)]: 0 failure(s)
Postproc #2 [meta_schedule.RewriteReductionBlock(0x5bdf3fc72618)]: 0 failure(s)
Postproc #3 [meta_schedule.RewriteLayout(0x5bdf4036fcc8)]: 0 failure(s)
2026-04-07 15:04:46 [INFO] [evolutionary_search.cc:619] Evolve iter #3 done. Summary:
Postproc #0 [meta_schedule.DisallowDynamicLoop(0x5bdf3f855518)]: 0 failure(s)
Postproc #1 [meta_schedule.RewriteParallelVectorizeUnroll(0x5bdf403928e8)]: 0 failure(s)
Postproc #2 [meta_schedule.RewriteReductionBlock(0x5bdf3fc72618)]: 0 failure(s)
Postproc #3 [meta_schedule.RewriteLayout(0x5bdf4036fcc8)]: 0 failure(s)
2026-04-07 15:04:47 [INFO] [evolutionary_search.cc:647] Scores of the best 64 candidates:
[1 : 16]:	0.9246  0.9180  0.9174  0.9167  0.9167  0.9120  0.9120  0.9120  0.9120  0.9107  0.9091  0.8947  0.8821  0.8816  0.8805  0.8786
[17 : 32]:	0.8786  0.8710  0.8682  0.8628  0.8575  0.8575  0.8575  0.8575  0.8529  0.8529  0.8506  0.8506  0.8506  0.8504  0.8503  0.8503
[33 : 48]:	0.8498  0.8475  0.8462  0.8428  0.8422  0.8422  0.8397  0.8397  0.8394  0.8355  0.8299  0.8299  0.8298  0.8298  0.8298  0.8294
[49 : 64]:	0.8294  0.8279  0.8278  0.8236  0.8216  0.8203  0.8186  0.8173  0.8173  0.8155  0.8148  0.8148  0.8106  0.8106  0.8079  0.8073
2026-04-07 15:04:47 [INFO] [evolutionary_search.cc:725] Got 64 candidate(s) with evolutionary search
2026-04-07 15:04:47 [INFO] [evolutionary_search.cc:728] Sending 64 candidates(s) for measurement
2026-04-07 15:05:15 [INFO] [task_scheduler.cc:137] [Task #0: main] Trial #129: GFLOPs: 93.0100. Time: 811.7138 us. Best GFLOPs: 93.0100
2026-04-07 15:05:15 [INFO] [task_scheduler.cc:137] [Task #0: main] Trial #130: GFLOPs: 93.3789. Time: 808.5066 us. Best GFLOPs: 93.3789
2026-04-07 15:05:15 [INFO] [task_scheduler.cc:137] [Task #0: main] Trial #131: GFLOPs: 79.1378. Time: 954.0001 us. Best GFLOPs: 93.3789
2026-04-07 15:05:15 [INFO] [task_scheduler.cc:137] [Task #0: main] Trial #132: GFLOPs: 49.9815. Time: 1510.5076 us. Best GFLOPs: 93.3789
2026-04-07 15:05:15 [INFO] [task_scheduler.cc:137] [Task #0: main] Trial #133: GFLOPs: 44.4687. Time: 1697.7660 us. Best GFLOPs: 93.3789
2026-04-07 15:05:15 [INFO] [task_scheduler.cc:137] [Task #0: main] Trial #134: GFLOPs: 60.5822. Time: 1246.1994 us. Best GFLOPs: 93.3789
2026-04-07 15:05:15 [INFO] [task_scheduler.cc:137] [Task #0: main] Trial #135: GFLOPs: 86.3782. Time: 874.0337 us. Best GFLOPs: 93.3789
2026-04-07 15:05:15 [INFO] [task_scheduler.cc:137] [Task #0: main] Trial #136: GFLOPs: 90.4149. Time: 835.0112 us. Best GFLOPs: 93.3789
2026-04-07 15:05:15 [INFO] [task_scheduler.cc:137] [Task #0: main] Trial #137: GFLOPs: 83.1917. Time: 907.5121 us. Best GFLOPs: 93.3789
2026-04-07 15:05:15 [INFO] [task_scheduler.cc:137] [Task #0: main] Trial #138: GFLOPs: 79.7210. Time: 947.0208 us. Best GFLOPs: 93.3789
2026-04-07 15:05:15 [INFO] [task_scheduler.cc:137] [Task #0: main] Trial #139: GFLOPs: 73.0529. Time: 1033.4631 us. Best GFLOPs: 93.3789
2026-04-07 15:05:15 [INFO] [task_scheduler.cc:137] [Task #0: main] Trial #140: GFLOPs: 68.7897. Time: 1097.5120 us. Best GFLOPs: 93.3789
2026-04-07 15:05:15 [INFO] [task_scheduler.cc:137] [Task #0: main] Trial #141: GFLOPs: 64.9946. Time: 1161.5954 us. Best GFLOPs: 93.3789
2026-04-07 15:05:15 [INFO] [task_scheduler.cc:137] [Task #0: main] Trial #142: GFLOPs: 70.0505. Time: 1077.7577 us. Best GFLOPs: 93.3789
2026-04-07 15:05:15 [INFO] [task_scheduler.cc:137] [Task #0: main] Trial #143: GFLOPs: 70.7307. Time: 1067.3930 us. Best GFLOPs: 93.3789
2026-04-07 15:05:15 [INFO] [task_scheduler.cc:137] [Task #0: main] Trial #144: GFLOPs: 58.7095. Time: 1285.9488 us. Best GFLOPs: 93.3789
2026-04-07 15:05:15 [INFO] [task_scheduler.cc:137] [Task #0: main] Trial #145: GFLOPs: 68.3657. Time: 1104.3174 us. Best GFLOPs: 93.3789
2026-04-07 15:05:15 [INFO] [task_scheduler.cc:137] [Task #0: main] Trial #146: GFLOPs: 47.8441. Time: 1577.9906 us. Best GFLOPs: 93.3789
2026-04-07 15:05:15 [INFO] [task_scheduler.cc:137] [Task #0: main] Trial #147: GFLOPs: 76.3525. Time: 988.8021 us. Best GFLOPs: 93.3789
2026-04-07 15:05:15 [INFO] [task_scheduler.cc:137] [Task #0: main] Trial #148: GFLOPs: 60.7629. Time: 1242.4936 us. Best GFLOPs: 93.3789
2026-04-07 15:05:15 [INFO] [task_scheduler.cc:137] [Task #0: main] Trial #149: GFLOPs: 66.6442. Time: 1132.8442 us. Best GFLOPs: 93.3789
2026-04-07 15:05:15 [INFO] [task_scheduler.cc:137] [Task #0: main] Trial #150: GFLOPs: 73.7047. Time: 1024.3241 us. Best GFLOPs: 93.3789
2026-04-07 15:05:15 [INFO] [task_scheduler.cc:137] [Task #0: main] Trial #151: GFLOPs: 68.4900. Time: 1102.3132 us. Best GFLOPs: 93.3789
2026-04-07 15:05:15 [INFO] [task_scheduler.cc:137] [Task #0: main] Trial #152: GFLOPs: 72.5665. Time: 1040.3894 us. Best GFLOPs: 93.3789
2026-04-07 15:05:15 [INFO] [task_scheduler.cc:137] [Task #0: main] Trial #153: GFLOPs: 50.7807. Time: 1486.7348 us. Best GFLOPs: 93.3789
2026-04-07 15:05:15 [INFO] [task_scheduler.cc:137] [Task #0: main] Trial #154: GFLOPs: 60.0327. Time: 1257.6054 us. Best GFLOPs: 93.3789
2026-04-07 15:05:15 [INFO] [task_scheduler.cc:137] [Task #0: main] Trial #155: GFLOPs: 61.4397. Time: 1228.8058 us. Best GFLOPs: 93.3789
2026-04-07 15:05:15 [INFO] [task_scheduler.cc:137] [Task #0: main] Trial #156: GFLOPs: 62.5240. Time: 1207.4965 us. Best GFLOPs: 93.3789
2026-04-07 15:05:15 [INFO] [task_scheduler.cc:137] [Task #0: main] Trial #157: GFLOPs: 54.3828. Time: 1388.2599 us. Best GFLOPs: 93.3789
2026-04-07 15:05:15 [INFO] [task_scheduler.cc:137] [Task #0: main] Trial #158: GFLOPs: 79.8271. Time: 945.7630 us. Best GFLOPs: 93.3789
2026-04-07 15:05:15 [INFO] [task_scheduler.cc:137] [Task #0: main] Trial #159: GFLOPs: 68.7225. Time: 1098.5853 us. Best GFLOPs: 93.3789
2026-04-07 15:05:15 [INFO] [task_scheduler.cc:137] [Task #0: main] Trial #160: GFLOPs: 65.4130. Time: 1154.1663 us. Best GFLOPs: 93.3789
2026-04-07 15:05:15 [INFO] [task_scheduler.cc:137] [Task #0: main] Trial #161: GFLOPs: 77.7255. Time: 971.3349 us. Best GFLOPs: 93.3789
2026-04-07 15:05:15 [INFO] [task_scheduler.cc:137] [Task #0: main] Trial #162: GFLOPs: 36.0785. Time: 2092.5905 us. Best GFLOPs: 93.3789
2026-04-07 15:05:15 [INFO] [task_scheduler.cc:137] [Task #0: main] Trial #163: GFLOPs: 65.6884. Time: 1149.3272 us. Best GFLOPs: 93.3789
2026-04-07 15:05:15 [INFO] [task_scheduler.cc:137] [Task #0: main] Trial #164: GFLOPs: 49.5931. Time: 1522.3395 us. Best GFLOPs: 93.3789
2026-04-07 15:05:15 [INFO] [task_scheduler.cc:137] [Task #0: main] Trial #165: GFLOPs: 65.6252. Time: 1150.4349 us. Best GFLOPs: 93.3789
2026-04-07 15:05:15 [INFO] [task_scheduler.cc:137] [Task #0: main] Trial #166: GFLOPs: 63.4380. Time: 1190.0984 us. Best GFLOPs: 93.3789
2026-04-07 15:05:15 [INFO] [task_scheduler.cc:137] [Task #0: main] Trial #167: GFLOPs: 45.3608. Time: 1664.3785 us. Best GFLOPs: 93.3789
2026-04-07 15:05:15 [INFO] [task_scheduler.cc:137] [Task #0: main] Trial #168: GFLOPs: 44.8836. Time: 1682.0732 us. Best GFLOPs: 93.3789
2026-04-07 15:05:15 [INFO] [task_scheduler.cc:137] [Task #0: main] Trial #169: GFLOPs: 58.3031. Time: 1294.9139 us. Best GFLOPs: 93.3789
2026-04-07 15:05:15 [INFO] [task_scheduler.cc:137] [Task #0: main] Trial #170: GFLOPs: 76.6805. Time: 984.5720 us. Best GFLOPs: 93.3789
2026-04-07 15:05:15 [INFO] [task_scheduler.cc:137] [Task #0: main] Trial #171: GFLOPs: 77.8392. Time: 969.9162 us. Best GFLOPs: 93.3789
2026-04-07 15:05:15 [INFO] [task_scheduler.cc:137] [Task #0: main] Trial #172: GFLOPs: 74.2297. Time: 1017.0784 us. Best GFLOPs: 93.3789
2026-04-07 15:05:15 [INFO] [task_scheduler.cc:137] [Task #0: main] Trial #173: GFLOPs: 67.4673. Time: 1119.0234 us. Best GFLOPs: 93.3789
2026-04-07 15:05:15 [INFO] [task_scheduler.cc:137] [Task #0: main] Trial #174: GFLOPs: 46.9564. Time: 1607.8206 us. Best GFLOPs: 93.3789
2026-04-07 15:05:15 [INFO] [task_scheduler.cc:137] [Task #0: main] Trial #175: GFLOPs: 62.2753. Time: 1212.3188 us. Best GFLOPs: 93.3789
2026-04-07 15:05:15 [INFO] [task_scheduler.cc:137] [Task #0: main] Trial #176: GFLOPs: 28.6062. Time: 2639.1994 us. Best GFLOPs: 93.3789
2026-04-07 15:05:15 [INFO] [task_scheduler.cc:137] [Task #0: main] Trial #177: GFLOPs: 31.0434. Time: 2431.9938 us. Best GFLOPs: 93.3789
2026-04-07 15:05:15 [INFO] [task_scheduler.cc:137] [Task #0: main] Trial #178: GFLOPs: 57.5397. Time: 1312.0947 us. Best GFLOPs: 93.3789
2026-04-07 15:05:15 [INFO] [task_scheduler.cc:137] [Task #0: main] Trial #179: GFLOPs: 47.5025. Time: 1589.3383 us. Best GFLOPs: 93.3789
2026-04-07 15:05:15 [INFO] [task_scheduler.cc:137] [Task #0: main] Trial #180: GFLOPs: 67.7784. Time: 1113.8868 us. Best GFLOPs: 93.3789
2026-04-07 15:05:15 [INFO] [task_scheduler.cc:137] [Task #0: main] Trial #181: GFLOPs: 44.5013. Time: 1696.5245 us. Best GFLOPs: 93.3789
2026-04-07 15:05:15 [INFO] [task_scheduler.cc:137] [Task #0: main] Trial #182: GFLOPs: 57.0103. Time: 1324.2780 us. Best GFLOPs: 93.3789
2026-04-07 15:05:15 [INFO] [task_scheduler.cc:137] [Task #0: main] Trial #183: GFLOPs: 51.7420. Time: 1459.1127 us. Best GFLOPs: 93.3789
2026-04-07 15:05:15 [INFO] [task_scheduler.cc:137] [Task #0: main] Trial #184: GFLOPs: 25.1208. Time: 3005.3712 us. Best GFLOPs: 93.3789
2026-04-07 15:05:15 [INFO] [task_scheduler.cc:137] [Task #0: main] Trial #185: GFLOPs: 22.1112. Time: 3414.4373 us. Best GFLOPs: 93.3789
2026-04-07 15:05:15 [INFO] [task_scheduler.cc:137] [Task #0: main] Trial #186: GFLOPs: 51.0289. Time: 1479.5047 us. Best GFLOPs: 93.3789
2026-04-07 15:05:15 [INFO] [task_scheduler.cc:137] [Task #0: main] Trial #187: GFLOPs: 34.2288. Time: 2205.6690 us. Best GFLOPs: 93.3789
2026-04-07 15:05:15 [INFO] [task_scheduler.cc:137] [Task #0: main] Trial #188: GFLOPs: 43.5570. Time: 1733.3009 us. Best GFLOPs: 93.3789
2026-04-07 15:05:15 [INFO] [task_scheduler.cc:137] [Task #0: main] Trial #189: GFLOPs: 31.9247. Time: 2364.8598 us. Best GFLOPs: 93.3789
2026-04-07 15:05:15 [INFO] [task_scheduler.cc:137] [Task #0: main] Trial #190: GFLOPs: 8.5875. Time: 8791.5699 us. Best GFLOPs: 93.3789
2026-04-07 15:05:15 [INFO] [task_scheduler.cc:137] [Task #0: main] Trial #191: GFLOPs: 26.3325. Time: 2867.0854 us. Best GFLOPs: 93.3789
2026-04-07 15:05:15 [INFO] [task_scheduler.cc:137] [Task #0: main] Trial #192: GFLOPs: 4.7237. Time: 15982.7880 us. Best GFLOPs: 93.3789
2026-04-07 15:05:15 [INFO] [evolutionary_search.cc:711] Generating candidates......
2026-04-07 15:05:16 [INFO] [evolutionary_search.cc:713] Picked top 121 candidate(s) from database
2026-04-07 15:05:16 [INFO] [evolutionary_search.cc:530] Sample-Init-Population summary:
Postproc #0 [meta_schedule.DisallowDynamicLoop(0x5bdf3f855518)]: 0 failure(s)
Postproc #1 [meta_schedule.RewriteParallelVectorizeUnroll(0x5bdf403928e8)]: 0 failure(s)
Postproc #2 [meta_schedule.RewriteReductionBlock(0x5bdf3fc72618)]: 0 failure(s)
Postproc #3 [meta_schedule.RewriteLayout(0x5bdf4036fcc8)]: 0 failure(s)
2026-04-07 15:05:16 [INFO] [evolutionary_search.cc:721] Sampled 488 candidate(s)
2026-04-07 15:05:17 [INFO] [evolutionary_search.cc:619] Evolve iter #0 done. Summary:
Postproc #0 [meta_schedule.DisallowDynamicLoop(0x5bdf3f855518)]: 0 failure(s)
Postproc #1 [meta_schedule.RewriteParallelVectorizeUnroll(0x5bdf403928e8)]: 0 failure(s)
Postproc #2 [meta_schedule.RewriteReductionBlock(0x5bdf3fc72618)]: 0 failure(s)
Postproc #3 [meta_schedule.RewriteLayout(0x5bdf4036fcc8)]: 0 failure(s)
2026-04-07 15:05:18 [INFO] [evolutionary_search.cc:619] Evolve iter #1 done. Summary:
Postproc #0 [meta_schedule.DisallowDynamicLoop(0x5bdf3f855518)]: 0 failure(s)
Postproc #1 [meta_schedule.RewriteParallelVectorizeUnroll(0x5bdf403928e8)]: 0 failure(s)
Postproc #2 [meta_schedule.RewriteReductionBlock(0x5bdf3fc72618)]: 0 failure(s)
Postproc #3 [meta_schedule.RewriteLayout(0x5bdf4036fcc8)]: 0 failure(s)
2026-04-07 15:05:19 [INFO] [evolutionary_search.cc:619] Evolve iter #2 done. Summary:
Postproc #0 [meta_schedule.DisallowDynamicLoop(0x5bdf3f855518)]: 0 failure(s)
Postproc #1 [meta_schedule.RewriteParallelVectorizeUnroll(0x5bdf403928e8)]: 0 failure(s)
Postproc #2 [meta_schedule.RewriteReductionBlock(0x5bdf3fc72618)]: 0 failure(s)
Postproc #3 [meta_schedule.RewriteLayout(0x5bdf4036fcc8)]: 0 failure(s)
2026-04-07 15:05:20 [INFO] [evolutionary_search.cc:619] Evolve iter #3 done. Summary:
Postproc #0 [meta_schedule.DisallowDynamicLoop(0x5bdf3f855518)]: 0 failure(s)
Postproc #1 [meta_schedule.RewriteParallelVectorizeUnroll(0x5bdf403928e8)]: 0 failure(s)
Postproc #2 [meta_schedule.RewriteReductionBlock(0x5bdf3fc72618)]: 0 failure(s)
Postproc #3 [meta_schedule.RewriteLayout(0x5bdf4036fcc8)]: 0 failure(s)
2026-04-07 15:05:21 [INFO] [evolutionary_search.cc:647] Scores of the best 36 candidates:
[1 : 16]:	0.9432  0.8831  0.8764  0.8764  0.8745  0.8745  0.8745  0.8745  0.8742  0.8522  0.8492  0.8376  0.8376  0.8376  0.8295  0.8232
[17 : 32]:	0.8174  0.8169  0.8148  0.8080  0.8052  0.8041  0.8023  0.7977  0.7931  0.7921  0.7918  0.7918  0.7918  0.7913  0.7903  0.7788
[33 : 36]:	0.7787  0.7749  0.7733  0.7728
2026-04-07 15:05:21 [INFO] [evolutionary_search.cc:725] Got 36 candidate(s) with evolutionary search
2026-04-07 15:05:21 [INFO] [evolutionary_search.cc:728] Sending 36 candidates(s) for measurement
2026-04-07 15:05:37 [INFO] [task_scheduler.cc:137] [Task #0: main] Trial #193: GFLOPs: 89.5006. Time: 843.5411 us. Best GFLOPs: 93.3789
2026-04-07 15:05:37 [INFO] [task_scheduler.cc:137] [Task #0: main] Trial #194: GFLOPs: 88.6832. Time: 851.3165 us. Best GFLOPs: 93.3789
2026-04-07 15:05:37 [INFO] [task_scheduler.cc:137] [Task #0: main] Trial #195: GFLOPs: 56.7276. Time: 1330.8775 us. Best GFLOPs: 93.3789
2026-04-07 15:05:37 [INFO] [task_scheduler.cc:137] [Task #0: main] Trial #196: GFLOPs: 66.5593. Time: 1134.2886 us. Best GFLOPs: 93.3789
2026-04-07 15:05:37 [INFO] [task_scheduler.cc:137] [Task #0: main] Trial #197: GFLOPs: 60.5140. Time: 1247.6024 us. Best GFLOPs: 93.3789
2026-04-07 15:05:37 [INFO] [task_scheduler.cc:137] [Task #0: main] Trial #198: GFLOPs: 57.8376. Time: 1305.3365 us. Best GFLOPs: 93.3789
2026-04-07 15:05:37 [INFO] [task_scheduler.cc:137] [Task #0: main] Trial #199: GFLOPs: 65.8793. Time: 1145.9967 us. Best GFLOPs: 93.3789
2026-04-07 15:05:37 [INFO] [task_scheduler.cc:137] [Task #0: main] Trial #200: GFLOPs: 77.9476. Time: 968.5665 us. Best GFLOPs: 93.3789
2026-04-07 15:05:37 [INFO] [task_scheduler.cc:137] [Task #0: main] Trial #201: GFLOPs: 75.0858. Time: 1005.4833 us. Best GFLOPs: 93.3789
2026-04-07 15:05:37 [INFO] [task_scheduler.cc:137] [Task #0: main] Trial #202: GFLOPs: 59.9212. Time: 1259.9467 us. Best GFLOPs: 93.3789
2026-04-07 15:05:37 [INFO] [task_scheduler.cc:137] [Task #0: main] Trial #203: GFLOPs: 68.8777. Time: 1096.1095 us. Best GFLOPs: 93.3789
2026-04-07 15:05:37 [INFO] [task_scheduler.cc:137] [Task #0: main] Trial #204: GFLOPs: 87.9669. Time: 858.2482 us. Best GFLOPs: 93.3789
2026-04-07 15:05:37 [INFO] [task_scheduler.cc:137] [Task #0: main] Trial #205: GFLOPs: 67.5672. Time: 1117.3681 us. Best GFLOPs: 93.3789
2026-04-07 15:05:37 [INFO] [task_scheduler.cc:137] [Task #0: main] Trial #206: GFLOPs: 57.4595. Time: 1313.9261 us. Best GFLOPs: 93.3789
2026-04-07 15:05:37 [INFO] [task_scheduler.cc:137] [Task #0: main] Trial #207: GFLOPs: 49.5002. Time: 1525.1957 us. Best GFLOPs: 93.3789
2026-04-07 15:05:37 [INFO] [task_scheduler.cc:137] [Task #0: main] Trial #208: GFLOPs: 84.2245. Time: 896.3839 us. Best GFLOPs: 93.3789
2026-04-07 15:05:37 [INFO] [task_scheduler.cc:137] [Task #0: main] Trial #209: GFLOPs: 30.8667. Time: 2445.9219 us. Best GFLOPs: 93.3789
2026-04-07 15:05:37 [INFO] [task_scheduler.cc:137] [Task #0: main] Trial #210: GFLOPs: 72.1250. Time: 1046.7590 us. Best GFLOPs: 93.3789
2026-04-07 15:05:37 [INFO] [task_scheduler.cc:137] [Task #0: main] Trial #211: GFLOPs: 81.9301. Time: 921.4861 us. Best GFLOPs: 93.3789
2026-04-07 15:05:37 [INFO] [task_scheduler.cc:137] [Task #0: main] Trial #212: GFLOPs: 79.8997. Time: 944.9027 us. Best GFLOPs: 93.3789
2026-04-07 15:05:37 [INFO] [task_scheduler.cc:137] [Task #0: main] Trial #213: GFLOPs: 19.6987. Time: 3832.6092 us. Best GFLOPs: 93.3789
2026-04-07 15:05:37 [INFO] [task_scheduler.cc:137] [Task #0: main] Trial #214: GFLOPs: 68.6287. Time: 1100.0855 us. Best GFLOPs: 93.3789
2026-04-07 15:05:37 [INFO] [task_scheduler.cc:137] [Task #0: main] Trial #215: GFLOPs: 68.3092. Time: 1105.2320 us. Best GFLOPs: 93.3789
2026-04-07 15:05:37 [INFO] [task_scheduler.cc:137] [Task #0: main] Trial #216: GFLOPs: 61.4420. Time: 1228.7608 us. Best GFLOPs: 93.3789
2026-04-07 15:05:37 [INFO] [task_scheduler.cc:137] [Task #0: main] Trial #217: GFLOPs: 90.0925. Time: 837.9994 us. Best GFLOPs: 93.3789
2026-04-07 15:05:37 [INFO] [task_scheduler.cc:137] [Task #0: main] Trial #218: GFLOPs: 72.6715. Time: 1038.8868 us. Best GFLOPs: 93.3789
2026-04-07 15:05:37 [INFO] [task_scheduler.cc:137] [Task #0: main] Trial #219: GFLOPs: 83.5298. Time: 903.8393 us. Best GFLOPs: 93.3789
2026-04-07 15:05:37 [INFO] [task_scheduler.cc:137] [Task #0: main] Trial #220: GFLOPs: 79.8161. Time: 945.8934 us. Best GFLOPs: 93.3789
2026-04-07 15:05:37 [INFO] [task_scheduler.cc:137] [Task #0: main] Trial #221: GFLOPs: 77.6099. Time: 972.7812 us. Best GFLOPs: 93.3789
2026-04-07 15:05:37 [INFO] [task_scheduler.cc:137] [Task #0: main] Trial #222: GFLOPs: 57.5450. Time: 1311.9739 us. Best GFLOPs: 93.3789
2026-04-07 15:05:37 [INFO] [task_scheduler.cc:137] [Task #0: main] Trial #223: GFLOPs: 80.1544. Time: 941.9004 us. Best GFLOPs: 93.3789
2026-04-07 15:05:37 [INFO] [task_scheduler.cc:137] [Task #0: main] Trial #224: GFLOPs: 73.6956. Time: 1024.4500 us. Best GFLOPs: 93.3789
2026-04-07 15:05:37 [INFO] [task_scheduler.cc:137] [Task #0: main] Trial #225: GFLOPs: 63.4077. Time: 1190.6668 us. Best GFLOPs: 93.3789
2026-04-07 15:05:37 [INFO] [task_scheduler.cc:137] [Task #0: main] Trial #226: GFLOPs: 77.9200. Time: 968.9101 us. Best GFLOPs: 93.3789
2026-04-07 15:05:37 [INFO] [task_scheduler.cc:137] [Task #0: main] Trial #227: GFLOPs: 68.7238. Time: 1098.5645 us. Best GFLOPs: 93.3789
2026-04-07 15:05:37 [INFO] [task_scheduler.cc:137] [Task #0: main] Trial #228: GFLOPs: 12.9224. Time: 5842.3665 us. Best GFLOPs: 93.3789
