2026-04-07 15:03:47 [INFO] Logging directory: research/results/metaschedule/8020/iter_01/f0abb6bb0c61d7da/mlp_expand/M_16/logs
2026-04-07 15:03:47 [INFO] [task_scheduler.cc:165] Initializing Task #0: "main"
2026-04-07 15:03:47 [INFO] [task_scheduler.cc:326] 
 ID | Name |     FLOP | Weight | Speed (GFLOPS) | Latency (us) | Weighted Latency (us) | Trials | Done 
-------------------------------------------------------------------------------------------------------
  0 | main | 75497472 |      1 |            N/A |          N/A |                   N/A |      0 |      
-------------------------------------------------------------------------------------------------------
Total trials: 0
Total latency (us): 0

2026-04-07 15:03:47 [INFO] [task_scheduler.cc:186] TaskScheduler picks Task #0: "main"
2026-04-07 15:03:49 [INFO] [task_scheduler.cc:199] Sending 64 sample(s) to builder
2026-04-07 15:03:59 [INFO] [task_scheduler.cc:201] Sending 64 sample(s) to runner
2026-04-07 15:04:14 [DEBUG] XGB iter   0: tr-p-rmse: 0.417937	tr-a-peak@32: 0.726070	tr-rmse: 0.191030	tr-rmse: 0.191030
2026-04-07 15:04:14 [DEBUG] XGB iter  25: tr-p-rmse: 0.061173	tr-a-peak@32: 1.000000	tr-rmse: 0.217020	tr-rmse: 0.217020
2026-04-07 15:04:14 [DEBUG] XGB iter  50: tr-p-rmse: 0.061177	tr-a-peak@32: 1.000000	tr-rmse: 0.217015	tr-rmse: 0.217015
2026-04-07 15:04:14 [DEBUG] XGB stopped. Best iteration: [20] tr-p-rmse:0.06114	tr-a-peak@32:1.00000	tr-rmse:0.21705	tr-rmse:0.21705 
2026-04-07 15:04:14 [INFO] [task_scheduler.cc:243] [Updated] Task #0: "main"
2026-04-07 15:04:14 [INFO] [task_scheduler.cc:326] 
 ID | Name |     FLOP | Weight | Speed (GFLOPS) | Latency (us) | Weighted Latency (us) | Trials | Done 
-------------------------------------------------------------------------------------------------------
  0 | main | 75497472 |      1 |        76.4669 |     987.3225 |              987.3225 |     64 |      
-------------------------------------------------------------------------------------------------------
Total trials: 64
Total latency (us): 987.323

2026-04-07 15:04:14 [INFO] [task_scheduler.cc:186] TaskScheduler picks Task #0: "main"
2026-04-07 15:04:16 [INFO] [task_scheduler.cc:199] Sending 64 sample(s) to builder
2026-04-07 15:04:26 [INFO] [task_scheduler.cc:201] Sending 64 sample(s) to runner
2026-04-07 15:04:42 [DEBUG] XGB validation: p-rmse: 0.248442	a-peak@32: 0.822254
2026-04-07 15:04:42 [DEBUG] XGB iter   0: tr-p-rmse: 0.423658	tr-a-peak@32: 0.957247	tr-rmse: 0.226498	tr-rmse: 0.226498
2026-04-07 15:04:42 [DEBUG] XGB iter  25: tr-p-rmse: 0.047315	tr-a-peak@32: 0.998686	tr-rmse: 0.257875	tr-rmse: 0.257875
2026-04-07 15:04:42 [DEBUG] XGB iter  50: tr-p-rmse: 0.047310	tr-a-peak@32: 0.998686	tr-rmse: 0.257881	tr-rmse: 0.257881
2026-04-07 15:04:42 [DEBUG] XGB iter  75: tr-p-rmse: 0.047310	tr-a-peak@32: 0.998686	tr-rmse: 0.257881	tr-rmse: 0.257881
2026-04-07 15:04:42 [DEBUG] XGB stopped. Best iteration: [32] tr-p-rmse:0.04731	tr-a-peak@32:0.99869	tr-rmse:0.25788	tr-rmse:0.25788 
2026-04-07 15:04:42 [INFO] [task_scheduler.cc:243] [Updated] Task #0: "main"
2026-04-07 15:04:42 [INFO] [task_scheduler.cc:326] 
 ID | Name |     FLOP | Weight | Speed (GFLOPS) | Latency (us) | Weighted Latency (us) | Trials | Done 
-------------------------------------------------------------------------------------------------------
  0 | main | 75497472 |      1 |        76.4669 |     987.3225 |              987.3225 |    128 |      
-------------------------------------------------------------------------------------------------------
Total trials: 128
Total latency (us): 987.323

2026-04-07 15:04:42 [INFO] [task_scheduler.cc:186] TaskScheduler picks Task #0: "main"
2026-04-07 15:04:47 [INFO] [task_scheduler.cc:199] Sending 64 sample(s) to builder
2026-04-07 15:05:01 [INFO] [task_scheduler.cc:201] Sending 64 sample(s) to runner
2026-04-07 15:05:15 [DEBUG] XGB validation: p-rmse: 0.215212	a-peak@32: 0.999877
2026-04-07 15:05:15 [DEBUG] XGB iter   0: tr-p-rmse: 0.403030	tr-a-peak@32: 0.970236	tr-rmse: 0.230570	tr-rmse: 0.230570
2026-04-07 15:05:15 [DEBUG] XGB iter  25: tr-p-rmse: 0.049070	tr-a-peak@32: 0.999877	tr-rmse: 0.263492	tr-rmse: 0.263492
2026-04-07 15:05:15 [DEBUG] XGB iter  50: tr-p-rmse: 0.049057	tr-a-peak@32: 0.999877	tr-rmse: 0.263513	tr-rmse: 0.263513
2026-04-07 15:05:15 [DEBUG] XGB iter  75: tr-p-rmse: 0.049057	tr-a-peak@32: 0.999877	tr-rmse: 0.263513	tr-rmse: 0.263513
2026-04-07 15:05:15 [DEBUG] XGB stopped. Best iteration: [36] tr-p-rmse:0.04906	tr-a-peak@32:0.99988	tr-rmse:0.26351	tr-rmse:0.26351 
2026-04-07 15:05:15 [INFO] [task_scheduler.cc:243] [Updated] Task #0: "main"
2026-04-07 15:05:15 [INFO] [task_scheduler.cc:326] 
 ID | Name |     FLOP | Weight | Speed (GFLOPS) | Latency (us) | Weighted Latency (us) | Trials | Done 
-------------------------------------------------------------------------------------------------------
  0 | main | 75497472 |      1 |        93.3789 |     808.5066 |              808.5066 |    192 |      
-------------------------------------------------------------------------------------------------------
Total trials: 192
Total latency (us): 808.507

2026-04-07 15:05:15 [INFO] [task_scheduler.cc:186] TaskScheduler picks Task #0: "main"
2026-04-07 15:05:21 [INFO] [task_scheduler.cc:199] Sending 36 sample(s) to builder
2026-04-07 15:05:29 [INFO] [task_scheduler.cc:201] Sending 36 sample(s) to runner
2026-04-07 15:05:37 [DEBUG] XGB validation: p-rmse: 0.194849	a-peak@32: 0.995073
2026-04-07 15:05:37 [INFO] [task_scheduler.cc:243] [Updated] Task #0: "main"
2026-04-07 15:05:37 [INFO] [task_scheduler.cc:326] 
 ID | Name |     FLOP | Weight | Speed (GFLOPS) | Latency (us) | Weighted Latency (us) | Trials | Done 
-------------------------------------------------------------------------------------------------------
  0 | main | 75497472 |      1 |        93.3789 |     808.5066 |              808.5066 |    228 |      
-------------------------------------------------------------------------------------------------------
Total trials: 228
Total latency (us): 808.507

2026-04-07 15:05:37 [INFO] [task_scheduler.cc:266] Task #0 has finished. Remaining task(s): 0
2026-04-07 15:05:37 [INFO] [task_scheduler.cc:326] 
 ID | Name |     FLOP | Weight | Speed (GFLOPS) | Latency (us) | Weighted Latency (us) | Trials | Done 
-------------------------------------------------------------------------------------------------------
  0 | main | 75497472 |      1 |        93.3789 |     808.5066 |              808.5066 |    228 |    Y 
-------------------------------------------------------------------------------------------------------
Total trials: 228
Total latency (us): 808.507

2026-04-07 15:05:37 [INFO] LocalBuilder: max_workers = 12
2026-04-07 15:05:39 [INFO] LocalRunner: max_workers = 1
