2026-04-07 12:29:02 [INFO] Logging directory: research/results/metaschedule/8020/iter_01/5b3b84008e95bfc1/qkv/M_384/logs
2026-04-07 12:29:02 [INFO] [task_scheduler.cc:165] Initializing Task #0: "main"
2026-04-07 12:29:02 [INFO] [task_scheduler.cc:326] 
 ID | Name |      FLOP | Weight | Speed (GFLOPS) | Latency (us) | Weighted Latency (us) | Trials | Done 
--------------------------------------------------------------------------------------------------------
  0 | main | 452984832 |      1 |            N/A |          N/A |                   N/A |      0 |      
--------------------------------------------------------------------------------------------------------
Total trials: 0
Total latency (us): 0

2026-04-07 12:29:02 [INFO] [task_scheduler.cc:186] TaskScheduler picks Task #0: "main"
2026-04-07 12:29:03 [INFO] [task_scheduler.cc:199] Sending 64 sample(s) to builder
2026-04-07 12:29:15 [INFO] [task_scheduler.cc:201] Sending 64 sample(s) to runner
2026-04-07 12:29:34 [DEBUG] XGB iter   0: tr-p-rmse: 0.404364	tr-a-peak@32: 0.923112	tr-rmse: 0.260977	tr-rmse: 0.260977
2026-04-07 12:29:34 [DEBUG] XGB iter  25: tr-p-rmse: 0.054339	tr-a-peak@32: 1.000000	tr-rmse: 0.273537	tr-rmse: 0.273537
2026-04-07 12:29:34 [DEBUG] XGB iter  50: tr-p-rmse: 0.054256	tr-a-peak@32: 1.000000	tr-rmse: 0.273650	tr-rmse: 0.273650
2026-04-07 12:29:34 [DEBUG] XGB iter  75: tr-p-rmse: 0.054256	tr-a-peak@32: 1.000000	tr-rmse: 0.273650	tr-rmse: 0.273650
2026-04-07 12:29:34 [DEBUG] XGB stopped. Best iteration: [37] tr-p-rmse:0.05426	tr-a-peak@32:1.00000	tr-rmse:0.27365	tr-rmse:0.27365 
2026-04-07 12:29:34 [INFO] [task_scheduler.cc:243] [Updated] Task #0: "main"
2026-04-07 12:29:34 [INFO] [task_scheduler.cc:326] 
 ID | Name |      FLOP | Weight | Speed (GFLOPS) | Latency (us) | Weighted Latency (us) | Trials | Done 
--------------------------------------------------------------------------------------------------------
  0 | main | 452984832 |      1 |       115.1491 |    3933.8983 |             3933.8983 |     64 |      
--------------------------------------------------------------------------------------------------------
Total trials: 64
Total latency (us): 3933.9

2026-04-07 12:29:34 [INFO] [task_scheduler.cc:186] TaskScheduler picks Task #0: "main"
2026-04-07 12:29:35 [INFO] [task_scheduler.cc:199] Sending 64 sample(s) to builder
2026-04-07 12:29:46 [INFO] [task_scheduler.cc:201] Sending 64 sample(s) to runner
2026-04-07 12:30:05 [DEBUG] XGB validation: p-rmse: 0.214637	a-peak@32: 0.891284
2026-04-07 12:30:05 [DEBUG] XGB iter   0: tr-p-rmse: 0.411189	tr-a-peak@32: 0.831034	tr-rmse: 0.217463	tr-rmse: 0.217463
2026-04-07 12:30:05 [DEBUG] XGB iter  25: tr-p-rmse: 0.052182	tr-a-peak@32: 1.000000	tr-rmse: 0.249019	tr-rmse: 0.249019
2026-04-07 12:30:05 [DEBUG] XGB iter  50: tr-p-rmse: 0.052143	tr-a-peak@32: 1.000000	tr-rmse: 0.249080	tr-rmse: 0.249080
2026-04-07 12:30:05 [DEBUG] XGB iter  75: tr-p-rmse: 0.052143	tr-a-peak@32: 1.000000	tr-rmse: 0.249080	tr-rmse: 0.249080
2026-04-07 12:30:05 [DEBUG] XGB stopped. Best iteration: [34] tr-p-rmse:0.05214	tr-a-peak@32:1.00000	tr-rmse:0.24908	tr-rmse:0.24908 
2026-04-07 12:30:05 [INFO] [task_scheduler.cc:243] [Updated] Task #0: "main"
2026-04-07 12:30:05 [INFO] [task_scheduler.cc:326] 
 ID | Name |      FLOP | Weight | Speed (GFLOPS) | Latency (us) | Weighted Latency (us) | Trials | Done 
--------------------------------------------------------------------------------------------------------
  0 | main | 452984832 |      1 |       127.9076 |    3541.4992 |             3541.4992 |    128 |      
--------------------------------------------------------------------------------------------------------
Total trials: 128
Total latency (us): 3541.5

2026-04-07 12:30:05 [INFO] [task_scheduler.cc:186] TaskScheduler picks Task #0: "main"
2026-04-07 12:30:08 [INFO] [task_scheduler.cc:199] Sending 64 sample(s) to builder
2026-04-07 12:30:17 [INFO] [task_scheduler.cc:201] Sending 64 sample(s) to runner
2026-04-07 12:30:35 [DEBUG] XGB validation: p-rmse: 0.217628	a-peak@32: 1.000000
2026-04-07 12:30:35 [DEBUG] XGB iter   0: tr-p-rmse: 0.371433	tr-a-peak@32: 0.999765	tr-rmse: 0.242509	tr-rmse: 0.242509
2026-04-07 12:30:35 [DEBUG] XGB iter  25: tr-p-rmse: 0.053017	tr-a-peak@32: 0.999765	tr-rmse: 0.256614	tr-rmse: 0.256614
2026-04-07 12:30:35 [DEBUG] XGB iter  50: tr-p-rmse: 0.052990	tr-a-peak@32: 0.999765	tr-rmse: 0.256661	tr-rmse: 0.256661
2026-04-07 12:30:35 [DEBUG] XGB iter  75: tr-p-rmse: 0.052990	tr-a-peak@32: 0.999765	tr-rmse: 0.256661	tr-rmse: 0.256661
2026-04-07 12:30:35 [DEBUG] XGB stopped. Best iteration: [35] tr-p-rmse:0.05299	tr-a-peak@32:0.99977	tr-rmse:0.25666	tr-rmse:0.25666 
2026-04-07 12:30:35 [INFO] [task_scheduler.cc:243] [Updated] Task #0: "main"
2026-04-07 12:30:35 [INFO] [task_scheduler.cc:326] 
 ID | Name |      FLOP | Weight | Speed (GFLOPS) | Latency (us) | Weighted Latency (us) | Trials | Done 
--------------------------------------------------------------------------------------------------------
  0 | main | 452984832 |      1 |       127.9076 |    3541.4992 |             3541.4992 |    192 |      
--------------------------------------------------------------------------------------------------------
Total trials: 192
Total latency (us): 3541.5

2026-04-07 12:30:35 [INFO] [task_scheduler.cc:186] TaskScheduler picks Task #0: "main"
2026-04-07 12:30:38 [INFO] [task_scheduler.cc:199] Sending 64 sample(s) to builder
2026-04-07 12:30:48 [INFO] [task_scheduler.cc:201] Sending 64 sample(s) to runner
2026-04-07 12:31:06 [DEBUG] XGB validation: p-rmse: 0.279978	a-peak@32: 0.993348
2026-04-07 12:31:06 [DEBUG] XGB iter   0: tr-p-rmse: 0.369600	tr-a-peak@32: 0.998371	tr-rmse: 0.248687	tr-rmse: 0.248687
2026-04-07 12:31:06 [DEBUG] XGB iter  25: tr-p-rmse: 0.052817	tr-a-peak@32: 1.000000	tr-rmse: 0.279662	tr-rmse: 0.279662
2026-04-07 12:31:06 [DEBUG] XGB iter  50: tr-p-rmse: 0.052803	tr-a-peak@32: 1.000000	tr-rmse: 0.279685	tr-rmse: 0.279685
2026-04-07 12:31:06 [DEBUG] XGB iter  75: tr-p-rmse: 0.052803	tr-a-peak@32: 1.000000	tr-rmse: 0.279685	tr-rmse: 0.279685
2026-04-07 12:31:06 [DEBUG] XGB stopped. Best iteration: [38] tr-p-rmse:0.05280	tr-a-peak@32:1.00000	tr-rmse:0.27968	tr-rmse:0.27968 
2026-04-07 12:31:06 [INFO] [task_scheduler.cc:243] [Updated] Task #0: "main"
2026-04-07 12:31:06 [INFO] [task_scheduler.cc:326] 
 ID | Name |      FLOP | Weight | Speed (GFLOPS) | Latency (us) | Weighted Latency (us) | Trials | Done 
--------------------------------------------------------------------------------------------------------
  0 | main | 452984832 |      1 |       138.6417 |    3267.3069 |             3267.3069 |    256 |      
--------------------------------------------------------------------------------------------------------
Total trials: 256
Total latency (us): 3267.31

2026-04-07 12:31:06 [INFO] [task_scheduler.cc:186] TaskScheduler picks Task #0: "main"
2026-04-07 12:31:09 [INFO] [task_scheduler.cc:199] Sending 51 sample(s) to builder
2026-04-07 12:31:17 [INFO] [task_scheduler.cc:201] Sending 51 sample(s) to runner
2026-04-07 12:31:30 [DEBUG] XGB validation: p-rmse: 0.111033	a-peak@32: 1.000000
2026-04-07 12:31:30 [INFO] [task_scheduler.cc:243] [Updated] Task #0: "main"
2026-04-07 12:31:30 [INFO] [task_scheduler.cc:326] 
 ID | Name |      FLOP | Weight | Speed (GFLOPS) | Latency (us) | Weighted Latency (us) | Trials | Done 
--------------------------------------------------------------------------------------------------------
  0 | main | 452984832 |      1 |       140.7635 |    3218.0552 |             3218.0552 |    307 |      
--------------------------------------------------------------------------------------------------------
Total trials: 307
Total latency (us): 3218.06

2026-04-07 12:31:30 [INFO] [task_scheduler.cc:266] Task #0 has finished. Remaining task(s): 0
2026-04-07 12:31:30 [INFO] [task_scheduler.cc:326] 
 ID | Name |      FLOP | Weight | Speed (GFLOPS) | Latency (us) | Weighted Latency (us) | Trials | Done 
--------------------------------------------------------------------------------------------------------
  0 | main | 452984832 |      1 |       140.7635 |    3218.0552 |             3218.0552 |    307 |    Y 
--------------------------------------------------------------------------------------------------------
Total trials: 307
Total latency (us): 3218.06

2026-04-07 12:31:31 [INFO] LocalBuilder: max_workers = 12
2026-04-07 12:31:32 [INFO] LocalRunner: max_workers = 1
