2026-04-07 18:16:15 [INFO] [task_scheduler.cc:166] Initializing Task #0: "main"
2026-04-07 18:16:15 [INFO] [task_scheduler.cc:41] 
# from tvm.script import ir as I
# from tvm.script import tir as T

@I.ir_module
class Module:
    @T.prim_func
    def main(A: T.Buffer((384, 768), "float32"), B: T.Buffer((768, 768), "float32"), C: T.Buffer((384, 768), "float32")):
        T.func_attr({"tir.noalias": True})
        # with T.block("root"):
        for i, j, k in T.grid(384, 768, 768):
            with T.block("C"):
                vi, vj, vk = T.axis.remap("SSR", [i, j, k])
                T.reads(A[vi, vk], B[vk, vj])
                T.writes(C[vi, vj])
                with T.init():
                    C[vi, vj] = T.float32(0.0)
                C[vi, vj] = C[vi, vj] + A[vi, vk] * B[vk, vj]
2026-04-07 18:16:15 [INFO] [task_scheduler.cc:170] Total 3 design space(s) generated
2026-04-07 18:16:15 [INFO] [task_scheduler.cc:176] Design space #0:
# from tvm.script import ir as I
# from tvm.script import tir as T

@I.ir_module
class Module:
    @T.prim_func
    def main(A: T.Buffer((384, 768), "float32"), B: T.Buffer((768, 768), "float32"), C: T.Buffer((384, 768), "float32")):
        T.func_attr({"tir.noalias": True})
        with T.block("root"):
            T.reads()
            T.writes()
            T.block_attr({"meta_schedule.parallel": 128, "meta_schedule.unroll_explicit": 64, "meta_schedule.vectorize": 64})
            C_global = T.alloc_buffer((384, 768))
            for i_0, j_0, i_1, j_1 in T.grid(48, 8, 2, 4):
                for k_0, i_2, j_2, k_1, i_3, j_3 in T.grid(384, 4, 24, 2, 1, 1):
                    with T.block("C"):
                        vi = T.axis.spatial(384, i_0 * 8 + i_1 * 4 + i_2 + i_3)
                        vj = T.axis.spatial(768, j_0 * 96 + j_1 * 24 + j_2 + j_3)
                        vk = T.axis.reduce(768, k_0 * 2 + k_1)
                        T.reads(A[vi, vk], B[vk, vj])
                        T.writes(C_global[vi, vj])
                        T.block_attr({"meta_schedule.tiling_structure": "SSRSRS"})
                        with T.init():
                            C_global[vi, vj] = T.float32(0.0)
                        C_global[vi, vj] = C_global[vi, vj] + A[vi, vk] * B[vk, vj]
                for ax0, ax1 in T.grid(4, 24):
                    with T.block("C_global"):
                        v0 = T.axis.spatial(384, i_0 * 8 + i_1 * 4 + ax0)
                        v1 = T.axis.spatial(768, j_0 * 96 + j_1 * 24 + ax1)
                        T.reads(C_global[v0, v1])
                        T.writes(C[v0, v1])
                        C[v0, v1] = C_global[v0, v1]
b0 = sch.get_block(name="C", func_name="main")
b1 = sch.get_block(name="root", func_name="main")
sch.annotate(block_or_loop=b0, ann_key="meta_schedule.tiling_structure", ann_val="SSRSRS")
l2, l3, l4 = sch.get_loops(block=b0)
v5, v6, v7, v8 = sch.sample_perfect_tile(loop=l2, n=4, max_innermost_factor=64, decision=[48, 2, 4, 1])
l9, l10, l11, l12 = sch.split(loop=l2, factors=[v5, v6, v7, v8], preserve_unit_iters=True, disable_predication=False)
v13, v14, v15, v16 = sch.sample_perfect_tile(loop=l3, n=4, max_innermost_factor=64, decision=[8, 4, 24, 1])
l17, l18, l19, l20 = sch.split(loop=l3, factors=[v13, v14, v15, v16], preserve_unit_iters=True, disable_predication=False)
v21, v22 = sch.sample_perfect_tile(loop=l4, n=2, max_innermost_factor=64, decision=[384, 2])
l23, l24 = sch.split(loop=l4, factors=[v21, v22], preserve_unit_iters=True, disable_predication=False)
sch.reorder(l9, l17, l10, l18, l23, l11, l19, l24, l12, l20)
b25 = sch.cache_write(block=b0, write_buffer_index=0, storage_scope="global")
sch.reverse_compute_at(block=b25, loop=l18, preserve_unit_loops=True, index=-1)
sch.annotate(block_or_loop=b1, ann_key="meta_schedule.parallel", ann_val=128)
sch.annotate(block_or_loop=b1, ann_key="meta_schedule.vectorize", ann_val=64)
v26 = sch.sample_categorical(candidates=[0, 16, 64, 512], probs=[0.25, 0.25, 0.25, 0.25], decision=2)
sch.annotate(block_or_loop=b1, ann_key="meta_schedule.unroll_explicit", ann_val=v26)
2026-04-07 18:16:15 [INFO] [task_scheduler.cc:176] Design space #1:
# from tvm.script import ir as I
# from tvm.script import tir as T

@I.ir_module
class Module:
    @T.prim_func
    def main(A: T.Buffer((384, 768), "float32"), B: T.Buffer((768, 768), "float32"), C: T.Buffer((384, 768), "float32")):
        T.func_attr({"tir.noalias": True})
        with T.block("root"):
            T.reads()
            T.writes()
            T.block_attr({"meta_schedule.parallel": 128, "meta_schedule.unroll_explicit": 512, "meta_schedule.vectorize": 64})
            C_global = T.alloc_buffer((384, 768))
            for i_0, j_0 in T.grid(48, 8):
                for i_1, j_1, k_0, i_2, j_2, k_1, i_3, j_3 in T.grid(2, 4, 384, 4, 24, 2, 1, 1):
                    with T.block("C"):
                        vi = T.axis.spatial(384, i_0 * 8 + i_1 * 4 + i_2 + i_3)
                        vj = T.axis.spatial(768, j_0 * 96 + j_1 * 24 + j_2 + j_3)
                        vk = T.axis.reduce(768, k_0 * 2 + k_1)
                        T.reads(A[vi, vk], B[vk, vj])
                        T.writes(C_global[vi, vj])
                        T.block_attr({"meta_schedule.tiling_structure": "SSRSRS"})
                        with T.init():
                            C_global[vi, vj] = T.float32(0.0)
                        C_global[vi, vj] = C_global[vi, vj] + A[vi, vk] * B[vk, vj]
                for ax0, ax1 in T.grid(8, 96):
                    with T.block("C_global"):
                        v0 = T.axis.spatial(384, i_0 * 8 + ax0)
                        v1 = T.axis.spatial(768, j_0 * 96 + ax1)
                        T.reads(C_global[v0, v1])
                        T.writes(C[v0, v1])
                        C[v0, v1] = C_global[v0, v1]
b0 = sch.get_block(name="C", func_name="main")
b1 = sch.get_block(name="root", func_name="main")
sch.annotate(block_or_loop=b0, ann_key="meta_schedule.tiling_structure", ann_val="SSRSRS")
l2, l3, l4 = sch.get_loops(block=b0)
v5, v6, v7, v8 = sch.sample_perfect_tile(loop=l2, n=4, max_innermost_factor=64, decision=[48, 2, 4, 1])
l9, l10, l11, l12 = sch.split(loop=l2, factors=[v5, v6, v7, v8], preserve_unit_iters=True, disable_predication=False)
v13, v14, v15, v16 = sch.sample_perfect_tile(loop=l3, n=4, max_innermost_factor=64, decision=[8, 4, 24, 1])
l17, l18, l19, l20 = sch.split(loop=l3, factors=[v13, v14, v15, v16], preserve_unit_iters=True, disable_predication=False)
v21, v22 = sch.sample_perfect_tile(loop=l4, n=2, max_innermost_factor=64, decision=[384, 2])
l23, l24 = sch.split(loop=l4, factors=[v21, v22], preserve_unit_iters=True, disable_predication=False)
sch.reorder(l9, l17, l10, l18, l23, l11, l19, l24, l12, l20)
b25 = sch.cache_write(block=b0, write_buffer_index=0, storage_scope="global")
sch.reverse_compute_at(block=b25, loop=l17, preserve_unit_loops=True, index=-1)
sch.annotate(block_or_loop=b1, ann_key="meta_schedule.parallel", ann_val=128)
sch.annotate(block_or_loop=b1, ann_key="meta_schedule.vectorize", ann_val=64)
v26 = sch.sample_categorical(candidates=[0, 16, 64, 512], probs=[0.25, 0.25, 0.25, 0.25], decision=3)
sch.annotate(block_or_loop=b1, ann_key="meta_schedule.unroll_explicit", ann_val=v26)
2026-04-07 18:16:15 [INFO] [task_scheduler.cc:176] Design space #2:
# from tvm.script import ir as I
# from tvm.script import tir as T

@I.ir_module
class Module:
    @T.prim_func
    def main(A: T.Buffer((384, 768), "float32"), B: T.Buffer((768, 768), "float32"), C: T.Buffer((384, 768), "float32")):
        T.func_attr({"tir.noalias": True})
        with T.block("root"):
            T.reads()
            T.writes()
            T.block_attr({"meta_schedule.parallel": 128, "meta_schedule.unroll_explicit": 512, "meta_schedule.vectorize": 64})
            for i_0, j_0, i_1, j_1, k_0, i_2, j_2, k_1, i_3, j_3 in T.grid(48, 8, 2, 4, 384, 4, 24, 2, 1, 1):
                with T.block("C"):
                    vi = T.axis.spatial(384, i_0 * 8 + i_1 * 4 + i_2 + i_3)
                    vj = T.axis.spatial(768, j_0 * 96 + j_1 * 24 + j_2 + j_3)
                    vk = T.axis.reduce(768, k_0 * 2 + k_1)
                    T.reads(A[vi, vk], B[vk, vj])
                    T.writes(C[vi, vj])
                    T.block_attr({"meta_schedule.tiling_structure": "SSRSRS"})
                    with T.init():
                        C[vi, vj] = T.float32(0.0)
                    C[vi, vj] = C[vi, vj] + A[vi, vk] * B[vk, vj]
b0 = sch.get_block(name="C", func_name="main")
b1 = sch.get_block(name="root", func_name="main")
sch.annotate(block_or_loop=b0, ann_key="meta_schedule.tiling_structure", ann_val="SSRSRS")
l2, l3, l4 = sch.get_loops(block=b0)
v5, v6, v7, v8 = sch.sample_perfect_tile(loop=l2, n=4, max_innermost_factor=64, decision=[48, 2, 4, 1])
l9, l10, l11, l12 = sch.split(loop=l2, factors=[v5, v6, v7, v8], preserve_unit_iters=True, disable_predication=False)
v13, v14, v15, v16 = sch.sample_perfect_tile(loop=l3, n=4, max_innermost_factor=64, decision=[8, 4, 24, 1])
l17, l18, l19, l20 = sch.split(loop=l3, factors=[v13, v14, v15, v16], preserve_unit_iters=True, disable_predication=False)
v21, v22 = sch.sample_perfect_tile(loop=l4, n=2, max_innermost_factor=64, decision=[384, 2])
l23, l24 = sch.split(loop=l4, factors=[v21, v22], preserve_unit_iters=True, disable_predication=False)
sch.reorder(l9, l17, l10, l18, l23, l11, l19, l24, l12, l20)
sch.annotate(block_or_loop=b1, ann_key="meta_schedule.parallel", ann_val=128)
sch.annotate(block_or_loop=b1, ann_key="meta_schedule.vectorize", ann_val=64)
v25 = sch.sample_categorical(candidates=[0, 16, 64, 512], probs=[0.25, 0.25, 0.25, 0.25], decision=3)
sch.annotate(block_or_loop=b1, ann_key="meta_schedule.unroll_explicit", ann_val=v25)
2026-04-07 18:16:15 [INFO] [evolutionary_search.cc:711] Generating candidates......
2026-04-07 18:16:15 [INFO] [evolutionary_search.cc:713] Picked top 0 candidate(s) from database
2026-04-07 18:16:15 [INFO] [evolutionary_search.cc:530] Sample-Init-Population summary:
Postproc #0 [meta_schedule.DisallowDynamicLoop(0x5bdf46138c78)]: 0 failure(s)
Postproc #1 [meta_schedule.RewriteParallelVectorizeUnroll(0x5bdf459d34d8)]: 0 failure(s)
Postproc #2 [meta_schedule.RewriteReductionBlock(0x5bdf46188878)]: 0 failure(s)
Postproc #3 [meta_schedule.RewriteLayout(0x5bdf4614bf88)]: 0 failure(s)
2026-04-07 18:16:15 [INFO] [evolutionary_search.cc:721] Sampled 461 candidate(s)
2026-04-07 18:16:15 [INFO] [evolutionary_search.cc:619] Evolve iter #0 done. Summary:
Postproc #0 [meta_schedule.DisallowDynamicLoop(0x5bdf46138c78)]: 0 failure(s)
Postproc #1 [meta_schedule.RewriteParallelVectorizeUnroll(0x5bdf459d34d8)]: 0 failure(s)
Postproc #2 [meta_schedule.RewriteReductionBlock(0x5bdf46188878)]: 0 failure(s)
Postproc #3 [meta_schedule.RewriteLayout(0x5bdf4614bf88)]: 0 failure(s)
2026-04-07 18:16:16 [INFO] [evolutionary_search.cc:619] Evolve iter #1 done. Summary:
Postproc #0 [meta_schedule.DisallowDynamicLoop(0x5bdf46138c78)]: 0 failure(s)
Postproc #1 [meta_schedule.RewriteParallelVectorizeUnroll(0x5bdf459d34d8)]: 0 failure(s)
Postproc #2 [meta_schedule.RewriteReductionBlock(0x5bdf46188878)]: 0 failure(s)
Postproc #3 [meta_schedule.RewriteLayout(0x5bdf4614bf88)]: 0 failure(s)
2026-04-07 18:16:16 [INFO] [evolutionary_search.cc:619] Evolve iter #2 done. Summary:
Postproc #0 [meta_schedule.DisallowDynamicLoop(0x5bdf46138c78)]: 0 failure(s)
Postproc #1 [meta_schedule.RewriteParallelVectorizeUnroll(0x5bdf459d34d8)]: 0 failure(s)
Postproc #2 [meta_schedule.RewriteReductionBlock(0x5bdf46188878)]: 0 failure(s)
Postproc #3 [meta_schedule.RewriteLayout(0x5bdf4614bf88)]: 0 failure(s)
2026-04-07 18:16:16 [INFO] [evolutionary_search.cc:647] Scores of the best 64 candidates:
[1 : 16]:	0.9992  0.9975  0.9958  0.9952  0.9948  0.9945  0.9944  0.9939  0.9936  0.9935  0.9928  0.9917  0.9899  0.9885  0.9881  0.9878
[17 : 32]:	0.9875  0.9867  0.9858  0.9853  0.9848  0.9813  0.9811  0.9802  0.9791  0.9790  0.9789  0.9756  0.9746  0.9738  0.9732  0.9725
[33 : 48]:	0.9724  0.9724  0.9722  0.9712  0.9707  0.9701  0.9700  0.9688  0.9678  0.9678  0.9667  0.9666  0.9661  0.9656  0.9655  0.9648
[49 : 64]:	0.9646  0.9646  0.9644  0.9642  0.9641  0.9640  0.9636  0.9624  0.9619  0.9594  0.9586  0.9580  0.9579  0.9576  0.9568  0.9563
2026-04-07 18:16:16 [INFO] [evolutionary_search.cc:725] Got 64 candidate(s) with evolutionary search
2026-04-07 18:16:16 [INFO] [evolutionary_search.cc:728] Sending 64 candidates(s) for measurement
2026-04-07 18:16:47 [INFO] [task_scheduler.cc:137] [Task #0: main] Trial #1: GFLOPs: 94.1273. Time: 4812.4708 us. Best GFLOPs: 94.1273
2026-04-07 18:16:47 [INFO] [task_scheduler.cc:137] [Task #0: main] Trial #2: GFLOPs: 44.3523. Time: 10213.3417 us. Best GFLOPs: 94.1273
2026-04-07 18:16:47 [INFO] [task_scheduler.cc:137] [Task #0: main] Trial #3: GFLOPs: 29.5277. Time: 15341.0375 us. Best GFLOPs: 94.1273
2026-04-07 18:16:47 [INFO] [task_scheduler.cc:137] [Task #0: main] Trial #4: GFLOPs: 17.9850. Time: 25186.7453 us. Best GFLOPs: 94.1273
2026-04-07 18:16:47 [INFO] [task_scheduler.cc:137] [Task #0: main] Trial #5: GFLOPs: 60.9136. Time: 7436.5151 us. Best GFLOPs: 94.1273
2026-04-07 18:16:47 [INFO] [task_scheduler.cc:137] [Task #0: main] Trial #6: GFLOPs: 82.5692. Time: 5486.1221 us. Best GFLOPs: 94.1273
2026-04-07 18:16:47 [INFO] [task_scheduler.cc:137] [Task #0: main] Trial #7: GFLOPs: 89.2919. Time: 5073.0780 us. Best GFLOPs: 94.1273
2026-04-07 18:16:47 [INFO] [task_scheduler.cc:137] [Task #0: main] Trial #8: GFLOPs: 10.6606. Time: 42491.6760 us. Best GFLOPs: 94.1273
2026-04-07 18:16:47 [INFO] [task_scheduler.cc:137] [Task #0: main] Trial #9: GFLOPs: 39.5989. Time: 11439.3408 us. Best GFLOPs: 94.1273
2026-04-07 18:16:47 [INFO] [task_scheduler.cc:137] [Task #0: main] Trial #10: GFLOPs: 44.7088. Time: 10131.8841 us. Best GFLOPs: 94.1273
2026-04-07 18:16:47 [INFO] [task_scheduler.cc:137] [Task #0: main] Trial #11: GFLOPs: 31.1155. Time: 14558.1516 us. Best GFLOPs: 94.1273
2026-04-07 18:16:47 [INFO] [task_scheduler.cc:137] [Task #0: main] Trial #12: GFLOPs: 64.6840. Time: 7003.0458 us. Best GFLOPs: 94.1273
2026-04-07 18:16:47 [INFO] [task_scheduler.cc:137] [Task #0: main] Trial #13: GFLOPs: 50.8398. Time: 8910.0429 us. Best GFLOPs: 94.1273
2026-04-07 18:16:47 [INFO] [task_scheduler.cc:137] [Task #0: main] Trial #14: GFLOPs: 12.1489. Time: 37286.1237 us. Best GFLOPs: 94.1273
2026-04-07 18:16:47 [INFO] [task_scheduler.cc:137] [Task #0: main] Trial #15: GFLOPs: 28.5097. Time: 15888.8095 us. Best GFLOPs: 94.1273
2026-04-07 18:16:47 [INFO] [task_scheduler.cc:137] [Task #0: main] Trial #16: GFLOPs: 57.2856. Time: 7907.4779 us. Best GFLOPs: 94.1273
2026-04-07 18:16:47 [INFO] [task_scheduler.cc:137] [Task #0: main] Trial #17: GFLOPs: 17.9661. Time: 25213.3637 us. Best GFLOPs: 94.1273
2026-04-07 18:16:47 [INFO] [task_scheduler.cc:137] [Task #0: main] Trial #18: GFLOPs: 78.8860. Time: 5742.2702 us. Best GFLOPs: 94.1273
2026-04-07 18:16:47 [INFO] [task_scheduler.cc:137] [Task #0: main] Trial #19: GFLOPs: 34.2576. Time: 13222.8911 us. Best GFLOPs: 94.1273
2026-04-07 18:16:47 [INFO] [task_scheduler.cc:137] [Task #0: main] Trial #20: GFLOPs: 50.0911. Time: 9043.2176 us. Best GFLOPs: 94.1273
2026-04-07 18:16:47 [INFO] [task_scheduler.cc:137] [Task #0: main] Trial #21: GFLOPs: 38.8481. Time: 11660.4190 us. Best GFLOPs: 94.1273
2026-04-07 18:16:47 [INFO] [task_scheduler.cc:137] [Task #0: main] Trial #22: GFLOPs: 64.5246. Time: 7020.3453 us. Best GFLOPs: 94.1273
2026-04-07 18:16:47 [INFO] [task_scheduler.cc:137] [Task #0: main] Trial #23: GFLOPs: 108.2571. Time: 4184.3443 us. Best GFLOPs: 108.2571
2026-04-07 18:16:47 [INFO] [task_scheduler.cc:137] [Task #0: main] Trial #24: GFLOPs: 80.8517. Time: 5602.6596 us. Best GFLOPs: 108.2571
2026-04-07 18:16:47 [INFO] [task_scheduler.cc:137] [Task #0: main] Trial #25: GFLOPs: 41.2635. Time: 10977.8572 us. Best GFLOPs: 108.2571
2026-04-07 18:16:47 [INFO] [task_scheduler.cc:137] [Task #0: main] Trial #26: GFLOPs: 57.6196. Time: 7861.6496 us. Best GFLOPs: 108.2571
2026-04-07 18:16:47 [INFO] [task_scheduler.cc:137] [Task #0: main] Trial #27: GFLOPs: 105.2054. Time: 4305.7201 us. Best GFLOPs: 108.2571
2026-04-07 18:16:47 [INFO] [task_scheduler.cc:137] [Task #0: main] Trial #28: GFLOPs: 39.9432. Time: 11340.7171 us. Best GFLOPs: 108.2571
2026-04-07 18:16:47 [INFO] [task_scheduler.cc:137] [Task #0: main] Trial #29: GFLOPs: 65.6339. Time: 6901.6870 us. Best GFLOPs: 108.2571
2026-04-07 18:16:47 [INFO] [task_scheduler.cc:137] [Task #0: main] Trial #30: GFLOPs: 28.1293. Time: 16103.6912 us. Best GFLOPs: 108.2571
2026-04-07 18:16:47 [INFO] [task_scheduler.cc:137] [Task #0: main] Trial #31: GFLOPs: 92.3362. Time: 4905.8225 us. Best GFLOPs: 108.2571
2026-04-07 18:16:47 [INFO] [task_scheduler.cc:137] [Task #0: main] Trial #32: GFLOPs: 17.9050. Time: 25299.4120 us. Best GFLOPs: 108.2571
2026-04-07 18:16:47 [INFO] [task_scheduler.cc:137] [Task #0: main] Trial #33: GFLOPs: 22.9547. Time: 19733.8765 us. Best GFLOPs: 108.2571
2026-04-07 18:16:47 [INFO] [task_scheduler.cc:137] [Task #0: main] Trial #34: GFLOPs: 41.8894. Time: 10813.8349 us. Best GFLOPs: 108.2571
2026-04-07 18:16:47 [INFO] [task_scheduler.cc:137] [Task #0: main] Trial #35: GFLOPs: 26.5497. Time: 17061.7763 us. Best GFLOPs: 108.2571
2026-04-07 18:16:47 [INFO] [task_scheduler.cc:137] [Task #0: main] Trial #36: GFLOPs: 56.7014. Time: 7988.9540 us. Best GFLOPs: 108.2571
2026-04-07 18:16:47 [INFO] [task_scheduler.cc:137] [Task #0: main] Trial #37: GFLOPs: 26.1175. Time: 17344.0803 us. Best GFLOPs: 108.2571
2026-04-07 18:16:47 [INFO] [task_scheduler.cc:137] [Task #0: main] Trial #38: GFLOPs: 45.8847. Time: 9872.2360 us. Best GFLOPs: 108.2571
2026-04-07 18:16:47 [INFO] [task_scheduler.cc:137] [Task #0: main] Trial #39: GFLOPs: 18.7202. Time: 24197.6473 us. Best GFLOPs: 108.2571
2026-04-07 18:16:47 [INFO] [task_scheduler.cc:137] [Task #0: main] Trial #40: GFLOPs: 91.2776. Time: 4962.7189 us. Best GFLOPs: 108.2571
2026-04-07 18:16:47 [INFO] [task_scheduler.cc:137] [Task #0: main] Trial #41: GFLOPs: 25.4477. Time: 17800.5860 us. Best GFLOPs: 108.2571
2026-04-07 18:16:47 [INFO] [task_scheduler.cc:137] [Task #0: main] Trial #42: GFLOPs: 16.6388. Time: 27224.5657 us. Best GFLOPs: 108.2571
2026-04-07 18:16:47 [INFO] [task_scheduler.cc:137] [Task #0: main] Trial #43: GFLOPs: 8.2694. Time: 54778.2370 us. Best GFLOPs: 108.2571
2026-04-07 18:16:47 [INFO] [task_scheduler.cc:137] [Task #0: main] Trial #44: GFLOPs: 73.8880. Time: 6130.6980 us. Best GFLOPs: 108.2571
2026-04-07 18:16:47 [INFO] [task_scheduler.cc:137] [Task #0: main] Trial #45: GFLOPs: 43.7527. Time: 10353.3110 us. Best GFLOPs: 108.2571
2026-04-07 18:16:47 [INFO] [task_scheduler.cc:137] [Task #0: main] Trial #46: GFLOPs: 20.1852. Time: 22441.4043 us. Best GFLOPs: 108.2571
2026-04-07 18:16:47 [INFO] [task_scheduler.cc:137] [Task #0: main] Trial #47: GFLOPs: 118.9117. Time: 3809.4224 us. Best GFLOPs: 118.9117
2026-04-07 18:16:47 [INFO] [task_scheduler.cc:137] [Task #0: main] Trial #48: GFLOPs: 58.8338. Time: 7699.3995 us. Best GFLOPs: 118.9117
2026-04-07 18:16:47 [INFO] [task_scheduler.cc:137] [Task #0: main] Trial #49: GFLOPs: 67.3933. Time: 6721.5105 us. Best GFLOPs: 118.9117
2026-04-07 18:16:47 [INFO] [task_scheduler.cc:137] [Task #0: main] Trial #50: GFLOPs: 28.0940. Time: 16123.8900 us. Best GFLOPs: 118.9117
2026-04-07 18:16:47 [INFO] [task_scheduler.cc:137] [Task #0: main] Trial #51: GFLOPs: 34.6552. Time: 13071.1940 us. Best GFLOPs: 118.9117
2026-04-07 18:16:47 [INFO] [task_scheduler.cc:137] [Task #0: main] Trial #52: GFLOPs: 21.1640. Time: 21403.5227 us. Best GFLOPs: 118.9117
2026-04-07 18:16:47 [INFO] [task_scheduler.cc:137] [Task #0: main] Trial #53: GFLOPs: 58.8357. Time: 7699.1427 us. Best GFLOPs: 118.9117
2026-04-07 18:16:47 [INFO] [task_scheduler.cc:137] [Task #0: main] Trial #54: GFLOPs: 119.1204. Time: 3802.7483 us. Best GFLOPs: 119.1204
2026-04-07 18:16:47 [INFO] [task_scheduler.cc:137] [Task #0: main] Trial #55: GFLOPs: 17.2139. Time: 26315.1357 us. Best GFLOPs: 119.1204
2026-04-07 18:16:47 [INFO] [task_scheduler.cc:137] [Task #0: main] Trial #56: GFLOPs: 30.5694. Time: 14818.2582 us. Best GFLOPs: 119.1204
2026-04-07 18:16:47 [INFO] [task_scheduler.cc:137] [Task #0: main] Trial #57: GFLOPs: 72.1901. Time: 6274.8888 us. Best GFLOPs: 119.1204
2026-04-07 18:16:47 [INFO] [task_scheduler.cc:137] [Task #0: main] Trial #58: GFLOPs: 82.0664. Time: 5519.7328 us. Best GFLOPs: 119.1204
2026-04-07 18:16:47 [INFO] [task_scheduler.cc:137] [Task #0: main] Trial #59: GFLOPs: 75.1768. Time: 6025.5931 us. Best GFLOPs: 119.1204
2026-04-07 18:16:47 [INFO] [task_scheduler.cc:137] [Task #0: main] Trial #60: GFLOPs: 16.5030. Time: 27448.6560 us. Best GFLOPs: 119.1204
2026-04-07 18:16:47 [INFO] [task_scheduler.cc:137] [Task #0: main] Trial #61: GFLOPs: 50.3718. Time: 8992.8219 us. Best GFLOPs: 119.1204
2026-04-07 18:16:47 [INFO] [task_scheduler.cc:137] [Task #0: main] Trial #62: GFLOPs: 109.9121. Time: 4121.3380 us. Best GFLOPs: 119.1204
2026-04-07 18:16:47 [INFO] [task_scheduler.cc:137] [Task #0: main] Trial #63: GFLOPs: 39.1937. Time: 11557.5820 us. Best GFLOPs: 119.1204
2026-04-07 18:16:47 [INFO] [task_scheduler.cc:137] [Task #0: main] Trial #64: GFLOPs: 101.7550. Time: 4451.7201 us. Best GFLOPs: 119.1204
2026-04-07 18:16:47 [INFO] [evolutionary_search.cc:711] Generating candidates......
2026-04-07 18:16:47 [INFO] [evolutionary_search.cc:713] Picked top 64 candidate(s) from database
2026-04-07 18:16:47 [INFO] [evolutionary_search.cc:530] Sample-Init-Population summary:
Postproc #0 [meta_schedule.DisallowDynamicLoop(0x5bdf46138c78)]: 0 failure(s)
Postproc #1 [meta_schedule.RewriteParallelVectorizeUnroll(0x5bdf459d34d8)]: 0 failure(s)
Postproc #2 [meta_schedule.RewriteReductionBlock(0x5bdf46188878)]: 0 failure(s)
Postproc #3 [meta_schedule.RewriteLayout(0x5bdf4614bf88)]: 0 failure(s)
2026-04-07 18:16:47 [INFO] [evolutionary_search.cc:721] Sampled 397 candidate(s)
2026-04-07 18:16:48 [INFO] [evolutionary_search.cc:619] Evolve iter #0 done. Summary:
Postproc #0 [meta_schedule.DisallowDynamicLoop(0x5bdf46138c78)]: 0 failure(s)
Postproc #1 [meta_schedule.RewriteParallelVectorizeUnroll(0x5bdf459d34d8)]: 0 failure(s)
Postproc #2 [meta_schedule.RewriteReductionBlock(0x5bdf46188878)]: 0 failure(s)
Postproc #3 [meta_schedule.RewriteLayout(0x5bdf4614bf88)]: 0 failure(s)
2026-04-07 18:16:48 [INFO] [evolutionary_search.cc:619] Evolve iter #1 done. Summary:
Postproc #0 [meta_schedule.DisallowDynamicLoop(0x5bdf46138c78)]: 0 failure(s)
Postproc #1 [meta_schedule.RewriteParallelVectorizeUnroll(0x5bdf459d34d8)]: 0 failure(s)
Postproc #2 [meta_schedule.RewriteReductionBlock(0x5bdf46188878)]: 0 failure(s)
Postproc #3 [meta_schedule.RewriteLayout(0x5bdf4614bf88)]: 0 failure(s)
2026-04-07 18:16:48 [INFO] [evolutionary_search.cc:619] Evolve iter #2 done. Summary:
Postproc #0 [meta_schedule.DisallowDynamicLoop(0x5bdf46138c78)]: 0 failure(s)
Postproc #1 [meta_schedule.RewriteParallelVectorizeUnroll(0x5bdf459d34d8)]: 0 failure(s)
Postproc #2 [meta_schedule.RewriteReductionBlock(0x5bdf46188878)]: 0 failure(s)
Postproc #3 [meta_schedule.RewriteLayout(0x5bdf4614bf88)]: 0 failure(s)
2026-04-07 18:16:48 [INFO] [evolutionary_search.cc:647] Scores of the best 51 candidates:
[1 : 16]:	0.9998  0.9987  0.9970  0.9956  0.9955  0.9948  0.9938  0.9925  0.9914  0.9912  0.9893  0.9890  0.9890  0.9887  0.9884  0.9883
[17 : 32]:	0.9878  0.9872  0.9869  0.9866  0.9851  0.9840  0.9821  0.9818  0.9803  0.9798  0.9792  0.9792  0.9787  0.9777  0.9773  0.9773
[33 : 48]:	0.9773  0.9767  0.9752  0.9736  0.9736  0.9736  0.9732  0.9730  0.9723  0.9707  0.9703  0.9701  0.9698  0.9693  0.9678  0.9677
[49 : 51]:	0.9664  0.9651  0.9597
2026-04-07 18:16:48 [INFO] [evolutionary_search.cc:725] Got 51 candidate(s) with evolutionary search
2026-04-07 18:16:48 [INFO] [evolutionary_search.cc:728] Sending 51 candidates(s) for measurement
2026-04-07 18:17:10 [INFO] [task_scheduler.cc:137] [Task #0: main] Trial #65: GFLOPs: 51.9126. Time: 8725.9178 us. Best GFLOPs: 119.1204
2026-04-07 18:17:10 [INFO] [task_scheduler.cc:137] [Task #0: main] Trial #66: GFLOPs: 69.2514. Time: 6541.1677 us. Best GFLOPs: 119.1204
2026-04-07 18:17:10 [INFO] [task_scheduler.cc:137] [Task #0: main] Trial #67: GFLOPs: 10.1130. Time: 44792.4730 us. Best GFLOPs: 119.1204
2026-04-07 18:17:10 [INFO] [task_scheduler.cc:137] [Task #0: main] Trial #68: GFLOPs: 85.0879. Time: 5323.7301 us. Best GFLOPs: 119.1204
2026-04-07 18:17:10 [INFO] [task_scheduler.cc:137] [Task #0: main] Trial #69: GFLOPs: 8.8626. Time: 51112.0400 us. Best GFLOPs: 119.1204
2026-04-07 18:17:10 [INFO] [task_scheduler.cc:137] [Task #0: main] Trial #70: GFLOPs: 61.0003. Time: 7425.9472 us. Best GFLOPs: 119.1204
2026-04-07 18:17:10 [INFO] [task_scheduler.cc:137] [Task #0: main] Trial #71: GFLOPs: 93.3130. Time: 4854.4688 us. Best GFLOPs: 119.1204
2026-04-07 18:17:10 [INFO] [task_scheduler.cc:137] [Task #0: main] Trial #72: GFLOPs: 51.1273. Time: 8859.9459 us. Best GFLOPs: 119.1204
2026-04-07 18:17:10 [INFO] [task_scheduler.cc:137] [Task #0: main] Trial #73: GFLOPs: 55.5433. Time: 8155.5199 us. Best GFLOPs: 119.1204
2026-04-07 18:17:10 [INFO] [task_scheduler.cc:137] [Task #0: main] Trial #74: GFLOPs: 46.3157. Time: 9780.3836 us. Best GFLOPs: 119.1204
2026-04-07 18:17:10 [INFO] [task_scheduler.cc:137] [Task #0: main] Trial #75: GFLOPs: 58.9178. Time: 7688.4160 us. Best GFLOPs: 119.1204
2026-04-07 18:17:10 [INFO] [task_scheduler.cc:137] [Task #0: main] Trial #76: GFLOPs: 63.2795. Time: 7158.4778 us. Best GFLOPs: 119.1204
2026-04-07 18:17:10 [INFO] [task_scheduler.cc:137] [Task #0: main] Trial #77: GFLOPs: 44.7221. Time: 10128.8853 us. Best GFLOPs: 119.1204
2026-04-07 18:17:10 [INFO] [task_scheduler.cc:137] [Task #0: main] Trial #78: GFLOPs: 118.7274. Time: 3815.3341 us. Best GFLOPs: 119.1204
2026-04-07 18:17:10 [INFO] [task_scheduler.cc:137] [Task #0: main] Trial #79: GFLOPs: 40.4508. Time: 11198.4087 us. Best GFLOPs: 119.1204
2026-04-07 18:17:10 [INFO] [task_scheduler.cc:137] [Task #0: main] Trial #80: GFLOPs: 29.4647. Time: 15373.8390 us. Best GFLOPs: 119.1204
2026-04-07 18:17:10 [INFO] [task_scheduler.cc:137] [Task #0: main] Trial #81: GFLOPs: 12.0642. Time: 37548.0003 us. Best GFLOPs: 119.1204
2026-04-07 18:17:10 [INFO] [task_scheduler.cc:137] [Task #0: main] Trial #82: GFLOPs: 29.0719. Time: 15581.5508 us. Best GFLOPs: 119.1204
2026-04-07 18:17:10 [INFO] [task_scheduler.cc:137] [Task #0: main] Trial #83: GFLOPs: 84.0208. Time: 5391.3440 us. Best GFLOPs: 119.1204
2026-04-07 18:17:10 [INFO] [task_scheduler.cc:137] [Task #0: main] Trial #84: GFLOPs: 66.9397. Time: 6767.0573 us. Best GFLOPs: 119.1204
2026-04-07 18:17:10 [INFO] [task_scheduler.cc:137] [Task #0: main] Trial #85: GFLOPs: 79.9235. Time: 5667.7322 us. Best GFLOPs: 119.1204
2026-04-07 18:17:10 [INFO] [task_scheduler.cc:137] [Task #0: main] Trial #86: GFLOPs: 16.1337. Time: 28076.9593 us. Best GFLOPs: 119.1204
2026-04-07 18:17:10 [INFO] [task_scheduler.cc:137] [Task #0: main] Trial #87: GFLOPs: 34.4789. Time: 13138.0140 us. Best GFLOPs: 119.1204
2026-04-07 18:17:10 [INFO] [task_scheduler.cc:137] [Task #0: main] Trial #88: GFLOPs: 36.2444. Time: 12498.0590 us. Best GFLOPs: 119.1204
2026-04-07 18:17:10 [INFO] [task_scheduler.cc:137] [Task #0: main] Trial #89: GFLOPs: 56.3569. Time: 8037.7926 us. Best GFLOPs: 119.1204
2026-04-07 18:17:10 [INFO] [task_scheduler.cc:137] [Task #0: main] Trial #90: GFLOPs: 10.8391. Time: 41791.7140 us. Best GFLOPs: 119.1204
2026-04-07 18:17:10 [INFO] [task_scheduler.cc:137] [Task #0: main] Trial #91: GFLOPs: 32.8248. Time: 13800.0995 us. Best GFLOPs: 119.1204
2026-04-07 18:17:10 [INFO] [task_scheduler.cc:137] [Task #0: main] Trial #92: GFLOPs: 94.6053. Time: 4788.1567 us. Best GFLOPs: 119.1204
2026-04-07 18:17:10 [INFO] [task_scheduler.cc:137] [Task #0: main] Trial #93: GFLOPs: 35.8125. Time: 12648.8068 us. Best GFLOPs: 119.1204
2026-04-07 18:17:10 [INFO] [task_scheduler.cc:137] [Task #0: main] Trial #94: GFLOPs: 30.4143. Time: 14893.7970 us. Best GFLOPs: 119.1204
2026-04-07 18:17:10 [INFO] [task_scheduler.cc:137] [Task #0: main] Trial #95: GFLOPs: 36.4797. Time: 12417.4613 us. Best GFLOPs: 119.1204
2026-04-07 18:17:10 [INFO] [task_scheduler.cc:137] [Task #0: main] Trial #96: GFLOPs: 15.8878. Time: 28511.4407 us. Best GFLOPs: 119.1204
2026-04-07 18:17:10 [INFO] [task_scheduler.cc:137] [Task #0: main] Trial #97: GFLOPs: 8.3061. Time: 54536.3667 us. Best GFLOPs: 119.1204
2026-04-07 18:17:10 [INFO] [task_scheduler.cc:137] [Task #0: main] Trial #98: GFLOPs: 30.6851. Time: 14762.3642 us. Best GFLOPs: 119.1204
2026-04-07 18:17:10 [INFO] [task_scheduler.cc:137] [Task #0: main] Trial #99: GFLOPs: 81.5619. Time: 5553.8807 us. Best GFLOPs: 119.1204
2026-04-07 18:17:10 [INFO] [task_scheduler.cc:137] [Task #0: main] Trial #100: GFLOPs: 66.0383. Time: 6859.4301 us. Best GFLOPs: 119.1204
2026-04-07 18:17:10 [INFO] [task_scheduler.cc:137] [Task #0: main] Trial #101: GFLOPs: 44.1316. Time: 10264.4058 us. Best GFLOPs: 119.1204
2026-04-07 18:17:10 [INFO] [task_scheduler.cc:137] [Task #0: main] Trial #102: GFLOPs: 78.6736. Time: 5757.7745 us. Best GFLOPs: 119.1204
2026-04-07 18:17:10 [INFO] [task_scheduler.cc:137] [Task #0: main] Trial #103: GFLOPs: 56.6217. Time: 8000.2029 us. Best GFLOPs: 119.1204
2026-04-07 18:17:10 [INFO] [task_scheduler.cc:137] [Task #0: main] Trial #104: GFLOPs: 22.1763. Time: 20426.5427 us. Best GFLOPs: 119.1204
2026-04-07 18:17:10 [INFO] [task_scheduler.cc:137] [Task #0: main] Trial #105: GFLOPs: 48.5027. Time: 9339.3810 us. Best GFLOPs: 119.1204
2026-04-07 18:17:10 [INFO] [task_scheduler.cc:137] [Task #0: main] Trial #106: GFLOPs: 59.6080. Time: 7599.3997 us. Best GFLOPs: 119.1204
2026-04-07 18:17:10 [INFO] [task_scheduler.cc:137] [Task #0: main] Trial #107: GFLOPs: 28.3854. Time: 15958.4008 us. Best GFLOPs: 119.1204
2026-04-07 18:17:10 [INFO] [task_scheduler.cc:137] [Task #0: main] Trial #108: GFLOPs: 81.8823. Time: 5532.1458 us. Best GFLOPs: 119.1204
2026-04-07 18:17:10 [INFO] [task_scheduler.cc:137] [Task #0: main] Trial #109: GFLOPs: 64.9901. Time: 6970.0628 us. Best GFLOPs: 119.1204
2026-04-07 18:17:10 [INFO] [task_scheduler.cc:137] [Task #0: main] Trial #110: GFLOPs: 59.2320. Time: 7647.6420 us. Best GFLOPs: 119.1204
2026-04-07 18:17:10 [INFO] [task_scheduler.cc:137] [Task #0: main] Trial #111: GFLOPs: 67.3496. Time: 6725.8757 us. Best GFLOPs: 119.1204
2026-04-07 18:17:10 [INFO] [task_scheduler.cc:137] [Task #0: main] Trial #112: GFLOPs: 86.3752. Time: 5244.3831 us. Best GFLOPs: 119.1204
2026-04-07 18:17:10 [INFO] [task_scheduler.cc:137] [Task #0: main] Trial #113: GFLOPs: 73.4099. Time: 6170.6267 us. Best GFLOPs: 119.1204
2026-04-07 18:17:10 [INFO] [task_scheduler.cc:137] [Task #0: main] Trial #114: GFLOPs: 52.9576. Time: 8553.7335 us. Best GFLOPs: 119.1204
2026-04-07 18:17:10 [INFO] [task_scheduler.cc:137] [Task #0: main] Trial #115: GFLOPs: 16.3746. Time: 27663.8663 us. Best GFLOPs: 119.1204
