2026-04-07 18:16:15 [INFO] Logging directory: research/results/metaschedule/8020/iter_01/681641fa220916ab/qkv/M_384/logs
2026-04-07 18:16:15 [INFO] [task_scheduler.cc:165] Initializing Task #0: "main"
2026-04-07 18:16:15 [INFO] [task_scheduler.cc:326] 
 ID | Name |      FLOP | Weight | Speed (GFLOPS) | Latency (us) | Weighted Latency (us) | Trials | Done 
--------------------------------------------------------------------------------------------------------
  0 | main | 452984832 |      1 |            N/A |          N/A |                   N/A |      0 |      
--------------------------------------------------------------------------------------------------------
Total trials: 0
Total latency (us): 0

2026-04-07 18:16:15 [INFO] [task_scheduler.cc:186] TaskScheduler picks Task #0: "main"
2026-04-07 18:16:16 [INFO] [task_scheduler.cc:199] Sending 64 sample(s) to builder
2026-04-07 18:16:33 [INFO] [task_scheduler.cc:201] Sending 64 sample(s) to runner
2026-04-07 18:16:47 [DEBUG] XGB iter   0: tr-p-rmse: 0.427077	tr-a-peak@32: 1.000000	tr-rmse: 0.285397	tr-rmse: 0.285397
2026-04-07 18:16:47 [DEBUG] XGB iter  25: tr-p-rmse: 0.047037	tr-a-peak@32: 1.000000	tr-rmse: 0.302997	tr-rmse: 0.302997
2026-04-07 18:16:47 [DEBUG] XGB iter  50: tr-p-rmse: 0.046981	tr-a-peak@32: 1.000000	tr-rmse: 0.303073	tr-rmse: 0.303073
2026-04-07 18:16:47 [DEBUG] XGB iter  75: tr-p-rmse: 0.046981	tr-a-peak@32: 1.000000	tr-rmse: 0.303073	tr-rmse: 0.303073
2026-04-07 18:16:47 [DEBUG] XGB stopped. Best iteration: [36] tr-p-rmse:0.04698	tr-a-peak@32:1.00000	tr-rmse:0.30307	tr-rmse:0.30307 
2026-04-07 18:16:47 [INFO] [task_scheduler.cc:243] [Updated] Task #0: "main"
2026-04-07 18:16:47 [INFO] [task_scheduler.cc:326] 
 ID | Name |      FLOP | Weight | Speed (GFLOPS) | Latency (us) | Weighted Latency (us) | Trials | Done 
--------------------------------------------------------------------------------------------------------
  0 | main | 452984832 |      1 |       119.1204 |    3802.7483 |             3802.7483 |     64 |      
--------------------------------------------------------------------------------------------------------
Total trials: 64
Total latency (us): 3802.75

2026-04-07 18:16:47 [INFO] [task_scheduler.cc:186] TaskScheduler picks Task #0: "main"
2026-04-07 18:16:48 [INFO] [task_scheduler.cc:199] Sending 51 sample(s) to builder
2026-04-07 18:16:58 [INFO] [task_scheduler.cc:201] Sending 51 sample(s) to runner
2026-04-07 18:17:09 [DEBUG] XGB validation: p-rmse: 0.205300	a-peak@32: 0.905643
2026-04-07 18:17:09 [DEBUG] XGB iter   0: tr-p-rmse: 0.419272	tr-a-peak@32: 1.000000	tr-rmse: 0.252978	tr-rmse: 0.252978
2026-04-07 18:17:09 [DEBUG] XGB iter  25: tr-p-rmse: 0.044657	tr-a-peak@32: 1.000000	tr-rmse: 0.269839	tr-rmse: 0.269839
2026-04-07 18:17:09 [DEBUG] XGB iter  50: tr-p-rmse: 0.044607	tr-a-peak@32: 1.000000	tr-rmse: 0.269907	tr-rmse: 0.269907
2026-04-07 18:17:09 [DEBUG] XGB iter  75: tr-p-rmse: 0.044607	tr-a-peak@32: 1.000000	tr-rmse: 0.269907	tr-rmse: 0.269907
2026-04-07 18:17:09 [DEBUG] XGB stopped. Best iteration: [36] tr-p-rmse:0.04461	tr-a-peak@32:1.00000	tr-rmse:0.26991	tr-rmse:0.26991 
2026-04-07 18:17:10 [INFO] [task_scheduler.cc:243] [Updated] Task #0: "main"
2026-04-07 18:17:10 [INFO] [task_scheduler.cc:326] 
 ID | Name |      FLOP | Weight | Speed (GFLOPS) | Latency (us) | Weighted Latency (us) | Trials | Done 
--------------------------------------------------------------------------------------------------------
  0 | main | 452984832 |      1 |       119.1204 |    3802.7483 |             3802.7483 |    115 |      
--------------------------------------------------------------------------------------------------------
Total trials: 115
Total latency (us): 3802.75

2026-04-07 18:17:10 [INFO] [task_scheduler.cc:266] Task #0 has finished. Remaining task(s): 0
2026-04-07 18:17:10 [INFO] [task_scheduler.cc:326] 
 ID | Name |      FLOP | Weight | Speed (GFLOPS) | Latency (us) | Weighted Latency (us) | Trials | Done 
--------------------------------------------------------------------------------------------------------
  0 | main | 452984832 |      1 |       119.1204 |    3802.7483 |             3802.7483 |    115 |    Y 
--------------------------------------------------------------------------------------------------------
Total trials: 115
Total latency (us): 3802.75

2026-04-07 18:17:10 [INFO] LocalBuilder: max_workers = 12
2026-04-07 18:17:11 [INFO] LocalRunner: max_workers = 1
