2026-04-07 19:17:49 [INFO] Logging directory: research/results/metaschedule/8020/iter_01/9db4dd383f9f0938/mlp_reduce/M_384/logs
2026-04-07 19:17:49 [INFO] [task_scheduler.cc:165] Initializing Task #0: "main"
2026-04-07 19:17:49 [INFO] [task_scheduler.cc:326] 
 ID | Name |       FLOP | Weight | Speed (GFLOPS) | Latency (us) | Weighted Latency (us) | Trials | Done 
---------------------------------------------------------------------------------------------------------
  0 | main | 1811939328 |      1 |            N/A |          N/A |                   N/A |      0 |      
---------------------------------------------------------------------------------------------------------
Total trials: 0
Total latency (us): 0

2026-04-07 19:17:49 [INFO] [task_scheduler.cc:186] TaskScheduler picks Task #0: "main"
2026-04-07 19:17:50 [INFO] [task_scheduler.cc:199] Sending 64 sample(s) to builder
2026-04-07 19:17:58 [INFO] [task_scheduler.cc:201] Sending 64 sample(s) to runner
2026-04-07 19:18:24 [DEBUG] XGB iter   0: tr-p-rmse: 0.431275	tr-a-peak@32: 0.943850	tr-rmse: 0.240575	tr-rmse: 0.240575
2026-04-07 19:18:24 [DEBUG] XGB iter  25: tr-p-rmse: 0.040033	tr-a-peak@32: 1.000000	tr-rmse: 0.262016	tr-rmse: 0.262016
2026-04-07 19:18:24 [DEBUG] XGB iter  50: tr-p-rmse: 0.040030	tr-a-peak@32: 1.000000	tr-rmse: 0.262019	tr-rmse: 0.262019
2026-04-07 19:18:24 [DEBUG] XGB iter  75: tr-p-rmse: 0.040030	tr-a-peak@32: 1.000000	tr-rmse: 0.262019	tr-rmse: 0.262019
2026-04-07 19:18:24 [DEBUG] XGB stopped. Best iteration: [30] tr-p-rmse:0.04003	tr-a-peak@32:1.00000	tr-rmse:0.26202	tr-rmse:0.26202 
2026-04-07 19:18:24 [INFO] [task_scheduler.cc:243] [Updated] Task #0: "main"
2026-04-07 19:18:24 [INFO] [task_scheduler.cc:326] 
 ID | Name |       FLOP | Weight | Speed (GFLOPS) | Latency (us) | Weighted Latency (us) | Trials | Done 
---------------------------------------------------------------------------------------------------------
  0 | main | 1811939328 |      1 |       104.4568 |   17346.3088 |            17346.3088 |     64 |      
---------------------------------------------------------------------------------------------------------
Total trials: 64
Total latency (us): 17346.3

2026-04-07 19:18:24 [INFO] [task_scheduler.cc:186] TaskScheduler picks Task #0: "main"
2026-04-07 19:18:25 [INFO] [task_scheduler.cc:199] Sending 13 sample(s) to builder
2026-04-07 19:18:32 [INFO] [task_scheduler.cc:201] Sending 13 sample(s) to runner
2026-04-07 19:18:37 [DEBUG] XGB validation: p-rmse: 0.203184	a-peak@32: 0.927709
2026-04-07 19:18:37 [DEBUG] XGB iter   0: tr-p-rmse: 0.420039	tr-a-peak@32: 0.943850	tr-rmse: 0.238151	tr-rmse: 0.238151
2026-04-07 19:18:37 [DEBUG] XGB iter  25: tr-p-rmse: 0.049362	tr-a-peak@32: 0.998245	tr-rmse: 0.261395	tr-rmse: 0.261395
2026-04-07 19:18:37 [DEBUG] XGB iter  50: tr-p-rmse: 0.049360	tr-a-peak@32: 0.998245	tr-rmse: 0.261398	tr-rmse: 0.261398
2026-04-07 19:18:37 [DEBUG] XGB iter  75: tr-p-rmse: 0.049360	tr-a-peak@32: 0.998245	tr-rmse: 0.261398	tr-rmse: 0.261398
2026-04-07 19:18:37 [DEBUG] XGB stopped. Best iteration: [28] tr-p-rmse:0.04936	tr-a-peak@32:0.99825	tr-rmse:0.26140	tr-rmse:0.26140 
2026-04-07 19:18:37 [INFO] [task_scheduler.cc:243] [Updated] Task #0: "main"
2026-04-07 19:18:37 [INFO] [task_scheduler.cc:326] 
 ID | Name |       FLOP | Weight | Speed (GFLOPS) | Latency (us) | Weighted Latency (us) | Trials | Done 
---------------------------------------------------------------------------------------------------------
  0 | main | 1811939328 |      1 |       104.4568 |   17346.3088 |            17346.3088 |     77 |      
---------------------------------------------------------------------------------------------------------
Total trials: 77
Total latency (us): 17346.3

2026-04-07 19:18:37 [INFO] [task_scheduler.cc:266] Task #0 has finished. Remaining task(s): 0
2026-04-07 19:18:37 [INFO] [task_scheduler.cc:326] 
 ID | Name |       FLOP | Weight | Speed (GFLOPS) | Latency (us) | Weighted Latency (us) | Trials | Done 
---------------------------------------------------------------------------------------------------------
  0 | main | 1811939328 |      1 |       104.4568 |   17346.3088 |            17346.3088 |     77 |    Y 
---------------------------------------------------------------------------------------------------------
Total trials: 77
Total latency (us): 17346.3

2026-04-07 19:18:40 [INFO] LocalBuilder: max_workers = 12
2026-04-07 19:18:41 [INFO] LocalRunner: max_workers = 1
