2026-04-07 12:40:49 [INFO] Logging directory: research/results/metaschedule/8020/iter_01/5b3b84008e95bfc1/mlp_reduce/M_16/logs
2026-04-07 12:40:49 [INFO] [task_scheduler.cc:165] Initializing Task #0: "main"
2026-04-07 12:40:49 [INFO] [task_scheduler.cc:326] 
 ID | Name |     FLOP | Weight | Speed (GFLOPS) | Latency (us) | Weighted Latency (us) | Trials | Done 
-------------------------------------------------------------------------------------------------------
  0 | main | 75497472 |      1 |            N/A |          N/A |                   N/A |      0 |      
-------------------------------------------------------------------------------------------------------
Total trials: 0
Total latency (us): 0

2026-04-07 12:40:49 [INFO] [task_scheduler.cc:186] TaskScheduler picks Task #0: "main"
2026-04-07 12:40:50 [INFO] [task_scheduler.cc:199] Sending 63 sample(s) to builder
2026-04-07 12:41:01 [INFO] [task_scheduler.cc:201] Sending 63 sample(s) to runner
2026-04-07 12:41:18 [DEBUG] XGB iter   0: tr-p-rmse: 0.463185	tr-a-peak@32: 1.000000	tr-rmse: 0.222119	tr-rmse: 0.222119
2026-04-07 12:41:18 [DEBUG] XGB iter  25: tr-p-rmse: 0.064253	tr-a-peak@32: 1.000000	tr-rmse: 0.228074	tr-rmse: 0.228074
2026-04-07 12:41:18 [DEBUG] XGB iter  50: tr-p-rmse: 0.064175	tr-a-peak@32: 1.000000	tr-rmse: 0.228174	tr-rmse: 0.228174
2026-04-07 12:41:19 [DEBUG] XGB iter  75: tr-p-rmse: 0.064175	tr-a-peak@32: 1.000000	tr-rmse: 0.228174	tr-rmse: 0.228174
2026-04-07 12:41:19 [DEBUG] XGB stopped. Best iteration: [37] tr-p-rmse:0.06417	tr-a-peak@32:1.00000	tr-rmse:0.22817	tr-rmse:0.22817 
2026-04-07 12:41:19 [INFO] [task_scheduler.cc:243] [Updated] Task #0: "main"
2026-04-07 12:41:19 [INFO] [task_scheduler.cc:326] 
 ID | Name |     FLOP | Weight | Speed (GFLOPS) | Latency (us) | Weighted Latency (us) | Trials | Done 
-------------------------------------------------------------------------------------------------------
  0 | main | 75497472 |      1 |        70.8328 |    1065.8542 |             1065.8542 |     63 |      
-------------------------------------------------------------------------------------------------------
Total trials: 63
Total latency (us): 1065.85

2026-04-07 12:41:19 [INFO] [task_scheduler.cc:186] TaskScheduler picks Task #0: "main"
2026-04-07 12:41:20 [INFO] [task_scheduler.cc:199] Sending 63 sample(s) to builder
2026-04-07 12:41:32 [INFO] [task_scheduler.cc:201] Sending 63 sample(s) to runner
2026-04-07 12:41:50 [DEBUG] XGB validation: p-rmse: 0.251071	a-peak@32: 0.865617
2026-04-07 12:41:50 [DEBUG] XGB iter   0: tr-p-rmse: 0.460133	tr-a-peak@32: 1.000000	tr-rmse: 0.192939	tr-rmse: 0.192939
2026-04-07 12:41:50 [DEBUG] XGB iter  25: tr-p-rmse: 0.055408	tr-a-peak@32: 1.000000	tr-rmse: 0.216655	tr-rmse: 0.216655
2026-04-07 12:41:50 [DEBUG] XGB iter  50: tr-p-rmse: 0.055370	tr-a-peak@32: 1.000000	tr-rmse: 0.216702	tr-rmse: 0.216702
2026-04-07 12:41:50 [DEBUG] XGB iter  75: tr-p-rmse: 0.055370	tr-a-peak@32: 1.000000	tr-rmse: 0.216702	tr-rmse: 0.216702
2026-04-07 12:41:50 [DEBUG] XGB stopped. Best iteration: [34] tr-p-rmse:0.05537	tr-a-peak@32:1.00000	tr-rmse:0.21670	tr-rmse:0.21670 
2026-04-07 12:41:50 [INFO] [task_scheduler.cc:243] [Updated] Task #0: "main"
2026-04-07 12:41:50 [INFO] [task_scheduler.cc:326] 
 ID | Name |     FLOP | Weight | Speed (GFLOPS) | Latency (us) | Weighted Latency (us) | Trials | Done 
-------------------------------------------------------------------------------------------------------
  0 | main | 75497472 |      1 |        89.5363 |     843.2053 |              843.2053 |    126 |      
-------------------------------------------------------------------------------------------------------
Total trials: 126
Total latency (us): 843.205

2026-04-07 12:41:50 [INFO] [task_scheduler.cc:186] TaskScheduler picks Task #0: "main"
2026-04-07 12:41:53 [INFO] [task_scheduler.cc:199] Sending 64 sample(s) to builder
2026-04-07 12:42:06 [INFO] [task_scheduler.cc:201] Sending 64 sample(s) to runner
2026-04-07 12:42:24 [DEBUG] XGB validation: p-rmse: 0.352844	a-peak@32: 1.000000
2026-04-07 12:42:24 [DEBUG] XGB iter   0: tr-p-rmse: 0.456708	tr-a-peak@32: 0.993799	tr-rmse: 0.256509	tr-rmse: 0.256509
2026-04-07 12:42:24 [DEBUG] XGB iter  25: tr-p-rmse: 0.063622	tr-a-peak@32: 0.997298	tr-rmse: 0.293906	tr-rmse: 0.293906
2026-04-07 12:42:24 [DEBUG] XGB iter  50: tr-p-rmse: 0.062331	tr-a-peak@32: 0.997298	tr-rmse: 0.294028	tr-rmse: 0.294028
2026-04-07 12:42:24 [DEBUG] XGB iter  75: tr-p-rmse: 0.062331	tr-a-peak@32: 0.997298	tr-rmse: 0.294028	tr-rmse: 0.294028
2026-04-07 12:42:24 [DEBUG] XGB stopped. Best iteration: [39] tr-p-rmse:0.06233	tr-a-peak@32:0.99730	tr-rmse:0.29403	tr-rmse:0.29403 
2026-04-07 12:42:24 [INFO] [task_scheduler.cc:243] [Updated] Task #0: "main"
2026-04-07 12:42:24 [INFO] [task_scheduler.cc:326] 
 ID | Name |     FLOP | Weight | Speed (GFLOPS) | Latency (us) | Weighted Latency (us) | Trials | Done 
-------------------------------------------------------------------------------------------------------
  0 | main | 75497472 |      1 |       101.5463 |     743.4780 |              743.4780 |    190 |      
-------------------------------------------------------------------------------------------------------
Total trials: 190
Total latency (us): 743.478

2026-04-07 12:42:24 [INFO] [task_scheduler.cc:186] TaskScheduler picks Task #0: "main"
2026-04-07 12:42:27 [INFO] [task_scheduler.cc:199] Sending 64 sample(s) to builder
2026-04-07 12:42:40 [INFO] [task_scheduler.cc:201] Sending 64 sample(s) to runner
2026-04-07 12:42:57 [DEBUG] XGB validation: p-rmse: 0.170109	a-peak@32: 1.000000
2026-04-07 12:42:57 [DEBUG] XGB iter   0: tr-p-rmse: 0.416083	tr-a-peak@32: 1.000000	tr-rmse: 0.270641	tr-rmse: 0.270641
2026-04-07 12:42:57 [DEBUG] XGB iter  25: tr-p-rmse: 0.060601	tr-a-peak@32: 1.000000	tr-rmse: 0.324060	tr-rmse: 0.324060
2026-04-07 12:42:57 [DEBUG] XGB iter  50: tr-p-rmse: 0.060487	tr-a-peak@32: 1.000000	tr-rmse: 0.324256	tr-rmse: 0.324256
2026-04-07 12:42:58 [DEBUG] XGB iter  75: tr-p-rmse: 0.060487	tr-a-peak@32: 1.000000	tr-rmse: 0.324256	tr-rmse: 0.324256
2026-04-07 12:42:58 [DEBUG] XGB stopped. Best iteration: [38] tr-p-rmse:0.06049	tr-a-peak@32:1.00000	tr-rmse:0.32426	tr-rmse:0.32426 
2026-04-07 12:42:58 [INFO] [task_scheduler.cc:243] [Updated] Task #0: "main"
2026-04-07 12:42:58 [INFO] [task_scheduler.cc:326] 
 ID | Name |     FLOP | Weight | Speed (GFLOPS) | Latency (us) | Weighted Latency (us) | Trials | Done 
-------------------------------------------------------------------------------------------------------
  0 | main | 75497472 |      1 |       105.6314 |     714.7258 |              714.7258 |    254 |      
-------------------------------------------------------------------------------------------------------
Total trials: 254
Total latency (us): 714.726

2026-04-07 12:42:58 [INFO] [task_scheduler.cc:186] TaskScheduler picks Task #0: "main"
2026-04-07 12:43:01 [INFO] [task_scheduler.cc:199] Sending 53 sample(s) to builder
2026-04-07 12:43:12 [INFO] [task_scheduler.cc:201] Sending 53 sample(s) to runner
2026-04-07 12:43:28 [DEBUG] XGB validation: p-rmse: 0.121627	a-peak@32: 1.000000
2026-04-07 12:43:28 [DEBUG] XGB iter   0: tr-p-rmse: 0.387501	tr-a-peak@32: 1.000000	tr-rmse: 0.284473	tr-rmse: 0.284473
2026-04-07 12:43:28 [DEBUG] XGB iter  25: tr-p-rmse: 0.057621	tr-a-peak@32: 1.000000	tr-rmse: 0.342311	tr-rmse: 0.342311
2026-04-07 12:43:28 [DEBUG] XGB iter  50: tr-p-rmse: 0.057580	tr-a-peak@32: 1.000000	tr-rmse: 0.342387	tr-rmse: 0.342387
2026-04-07 12:43:28 [DEBUG] XGB iter  75: tr-p-rmse: 0.057580	tr-a-peak@32: 1.000000	tr-rmse: 0.342387	tr-rmse: 0.342387
2026-04-07 12:43:28 [DEBUG] XGB stopped. Best iteration: [40] tr-p-rmse:0.05758	tr-a-peak@32:1.00000	tr-rmse:0.34239	tr-rmse:0.34239 
2026-04-07 12:43:28 [INFO] [task_scheduler.cc:243] [Updated] Task #0: "main"
2026-04-07 12:43:28 [INFO] [task_scheduler.cc:326] 
 ID | Name |     FLOP | Weight | Speed (GFLOPS) | Latency (us) | Weighted Latency (us) | Trials | Done 
-------------------------------------------------------------------------------------------------------
  0 | main | 75497472 |      1 |       106.0494 |     711.9082 |              711.9082 |    307 |      
-------------------------------------------------------------------------------------------------------
Total trials: 307
Total latency (us): 711.908

2026-04-07 12:43:28 [INFO] [task_scheduler.cc:266] Task #0 has finished. Remaining task(s): 0
2026-04-07 12:43:28 [INFO] [task_scheduler.cc:326] 
 ID | Name |     FLOP | Weight | Speed (GFLOPS) | Latency (us) | Weighted Latency (us) | Trials | Done 
-------------------------------------------------------------------------------------------------------
  0 | main | 75497472 |      1 |       106.0494 |     711.9082 |              711.9082 |    307 |    Y 
-------------------------------------------------------------------------------------------------------
Total trials: 307
Total latency (us): 711.908

2026-04-07 12:43:28 [INFO] LocalBuilder: max_workers = 12
2026-04-07 12:43:29 [INFO] LocalRunner: max_workers = 1
