2026-04-07 16:54:08 [INFO] Logging directory: research/results/metaschedule/8020/iter_01/821538db8a53272c/mlp_reduce/M_384/logs
2026-04-07 16:54:08 [INFO] [task_scheduler.cc:165] Initializing Task #0: "main"
2026-04-07 16:54:08 [INFO] [task_scheduler.cc:326] 
 ID | Name |       FLOP | Weight | Speed (GFLOPS) | Latency (us) | Weighted Latency (us) | Trials | Done 
---------------------------------------------------------------------------------------------------------
  0 | main | 1811939328 |      1 |            N/A |          N/A |                   N/A |      0 |      
---------------------------------------------------------------------------------------------------------
Total trials: 0
Total latency (us): 0

2026-04-07 16:54:08 [INFO] [task_scheduler.cc:186] TaskScheduler picks Task #0: "main"
2026-04-07 16:54:09 [INFO] [task_scheduler.cc:199] Sending 64 sample(s) to builder
2026-04-07 16:54:21 [INFO] [task_scheduler.cc:201] Sending 64 sample(s) to runner
2026-04-07 16:54:47 [DEBUG] XGB iter   0: tr-p-rmse: 0.425339	tr-a-peak@32: 1.000000	tr-rmse: 0.239538	tr-rmse: 0.239538
2026-04-07 16:54:47 [DEBUG] XGB iter  25: tr-p-rmse: 0.043245	tr-a-peak@32: 1.000000	tr-rmse: 0.251791	tr-rmse: 0.251791
2026-04-07 16:54:47 [DEBUG] XGB iter  50: tr-p-rmse: 0.043251	tr-a-peak@32: 1.000000	tr-rmse: 0.251782	tr-rmse: 0.251782
2026-04-07 16:54:47 [DEBUG] XGB stopped. Best iteration: [19] tr-p-rmse:0.04318	tr-a-peak@32:1.00000	tr-rmse:0.25189	tr-rmse:0.25189 
2026-04-07 16:54:47 [INFO] [task_scheduler.cc:243] [Updated] Task #0: "main"
2026-04-07 16:54:47 [INFO] [task_scheduler.cc:326] 
 ID | Name |       FLOP | Weight | Speed (GFLOPS) | Latency (us) | Weighted Latency (us) | Trials | Done 
---------------------------------------------------------------------------------------------------------
  0 | main | 1811939328 |      1 |        88.9112 |   20379.1960 |            20379.1960 |     64 |      
---------------------------------------------------------------------------------------------------------
Total trials: 64
Total latency (us): 20379.2

2026-04-07 16:54:47 [INFO] [task_scheduler.cc:186] TaskScheduler picks Task #0: "main"
2026-04-07 16:54:49 [INFO] [task_scheduler.cc:199] Sending 64 sample(s) to builder
2026-04-07 16:55:01 [INFO] [task_scheduler.cc:201] Sending 64 sample(s) to runner
2026-04-07 16:55:28 [DEBUG] XGB validation: p-rmse: 0.320039	a-peak@32: 0.784874
2026-04-07 16:55:28 [DEBUG] XGB iter   0: tr-p-rmse: 0.473338	tr-a-peak@32: 1.000000	tr-rmse: 0.221123	tr-rmse: 0.221123
2026-04-07 16:55:28 [DEBUG] XGB iter  25: tr-p-rmse: 0.056007	tr-a-peak@32: 1.000000	tr-rmse: 0.231190	tr-rmse: 0.231190
2026-04-07 16:55:28 [DEBUG] XGB iter  50: tr-p-rmse: 0.055980	tr-a-peak@32: 1.000000	tr-rmse: 0.231226	tr-rmse: 0.231226
2026-04-07 16:55:28 [DEBUG] XGB iter  75: tr-p-rmse: 0.055980	tr-a-peak@32: 1.000000	tr-rmse: 0.231226	tr-rmse: 0.231226
2026-04-07 16:55:28 [DEBUG] XGB stopped. Best iteration: [36] tr-p-rmse:0.05598	tr-a-peak@32:1.00000	tr-rmse:0.23123	tr-rmse:0.23123 
2026-04-07 16:55:28 [INFO] [task_scheduler.cc:243] [Updated] Task #0: "main"
2026-04-07 16:55:28 [INFO] [task_scheduler.cc:326] 
 ID | Name |       FLOP | Weight | Speed (GFLOPS) | Latency (us) | Weighted Latency (us) | Trials | Done 
---------------------------------------------------------------------------------------------------------
  0 | main | 1811939328 |      1 |       122.2362 |   14823.2606 |            14823.2606 |    128 |      
---------------------------------------------------------------------------------------------------------
Total trials: 128
Total latency (us): 14823.3

2026-04-07 16:55:28 [INFO] [task_scheduler.cc:186] TaskScheduler picks Task #0: "main"
2026-04-07 16:55:34 [INFO] [task_scheduler.cc:199] Sending 25 sample(s) to builder
2026-04-07 16:55:44 [INFO] [task_scheduler.cc:201] Sending 25 sample(s) to runner
2026-04-07 16:55:54 [DEBUG] XGB validation: p-rmse: 0.603238	a-peak@32: 0.881484
2026-04-07 16:55:54 [INFO] [task_scheduler.cc:243] [Updated] Task #0: "main"
2026-04-07 16:55:54 [INFO] [task_scheduler.cc:326] 
 ID | Name |       FLOP | Weight | Speed (GFLOPS) | Latency (us) | Weighted Latency (us) | Trials | Done 
---------------------------------------------------------------------------------------------------------
  0 | main | 1811939328 |      1 |       122.2362 |   14823.2606 |            14823.2606 |    153 |      
---------------------------------------------------------------------------------------------------------
Total trials: 153
Total latency (us): 14823.3

2026-04-07 16:55:54 [INFO] [task_scheduler.cc:266] Task #0 has finished. Remaining task(s): 0
2026-04-07 16:55:54 [INFO] [task_scheduler.cc:326] 
 ID | Name |       FLOP | Weight | Speed (GFLOPS) | Latency (us) | Weighted Latency (us) | Trials | Done 
---------------------------------------------------------------------------------------------------------
  0 | main | 1811939328 |      1 |       122.2362 |   14823.2606 |            14823.2606 |    153 |    Y 
---------------------------------------------------------------------------------------------------------
Total trials: 153
Total latency (us): 14823.3

2026-04-07 16:56:00 [INFO] LocalBuilder: max_workers = 12
2026-04-07 16:56:01 [INFO] LocalRunner: max_workers = 1
