2026-04-07 14:26:30 [INFO] Logging directory: research/results/metaschedule/8020/iter_01/77c14b1b25c2720e/mlp_reduce/M_384/logs
2026-04-07 14:26:30 [INFO] [task_scheduler.cc:165] Initializing Task #0: "main"
2026-04-07 14:26:30 [INFO] [task_scheduler.cc:326] 
 ID | Name |       FLOP | Weight | Speed (GFLOPS) | Latency (us) | Weighted Latency (us) | Trials | Done 
---------------------------------------------------------------------------------------------------------
  0 | main | 1811939328 |      1 |            N/A |          N/A |                   N/A |      0 |      
---------------------------------------------------------------------------------------------------------
Total trials: 0
Total latency (us): 0

2026-04-07 14:26:30 [INFO] [task_scheduler.cc:186] TaskScheduler picks Task #0: "main"
2026-04-07 14:26:31 [INFO] [task_scheduler.cc:199] Sending 64 sample(s) to builder
2026-04-07 14:26:48 [INFO] [task_scheduler.cc:201] Sending 64 sample(s) to runner
2026-04-07 14:27:29 [DEBUG] XGB iter   0: tr-p-rmse: 0.447287	tr-a-peak@32: 0.999865	tr-rmse: 0.232381	tr-rmse: 0.232381
2026-04-07 14:27:29 [DEBUG] XGB iter  25: tr-p-rmse: 0.049632	tr-a-peak@32: 0.999865	tr-rmse: 0.271426	tr-rmse: 0.271426
2026-04-07 14:27:29 [DEBUG] XGB iter  50: tr-p-rmse: 0.049615	tr-a-peak@32: 0.999865	tr-rmse: 0.271447	tr-rmse: 0.271447
2026-04-07 14:27:29 [DEBUG] XGB iter  75: tr-p-rmse: 0.049615	tr-a-peak@32: 0.999865	tr-rmse: 0.271447	tr-rmse: 0.271447
2026-04-07 14:27:29 [DEBUG] XGB stopped. Best iteration: [33] tr-p-rmse:0.04961	tr-a-peak@32:0.99987	tr-rmse:0.27145	tr-rmse:0.27145 
2026-04-07 14:27:29 [INFO] [task_scheduler.cc:243] [Updated] Task #0: "main"
2026-04-07 14:27:29 [INFO] [task_scheduler.cc:326] 
 ID | Name |       FLOP | Weight | Speed (GFLOPS) | Latency (us) | Weighted Latency (us) | Trials | Done 
---------------------------------------------------------------------------------------------------------
  0 | main | 1811939328 |      1 |       100.5998 |   18011.3628 |            18011.3628 |     64 |      
---------------------------------------------------------------------------------------------------------
Total trials: 64
Total latency (us): 18011.4

2026-04-07 14:27:29 [INFO] [task_scheduler.cc:186] TaskScheduler picks Task #0: "main"
2026-04-07 14:27:30 [INFO] [task_scheduler.cc:199] Sending 63 sample(s) to builder
2026-04-07 14:27:42 [INFO] [task_scheduler.cc:201] Sending 63 sample(s) to runner
2026-04-07 14:28:20 [DEBUG] XGB validation: p-rmse: 0.213242	a-peak@32: 1.000000
2026-04-07 14:28:20 [DEBUG] XGB iter   0: tr-p-rmse: 0.422231	tr-a-peak@32: 1.000000	tr-rmse: 0.249434	tr-rmse: 0.249434
2026-04-07 14:28:20 [DEBUG] XGB iter  25: tr-p-rmse: 0.045378	tr-a-peak@32: 1.000000	tr-rmse: 0.281021	tr-rmse: 0.281021
2026-04-07 14:28:20 [DEBUG] XGB iter  50: tr-p-rmse: 0.045355	tr-a-peak@32: 1.000000	tr-rmse: 0.281056	tr-rmse: 0.281056
2026-04-07 14:28:20 [DEBUG] XGB iter  75: tr-p-rmse: 0.045355	tr-a-peak@32: 1.000000	tr-rmse: 0.281056	tr-rmse: 0.281056
2026-04-07 14:28:20 [DEBUG] XGB stopped. Best iteration: [33] tr-p-rmse:0.04535	tr-a-peak@32:1.00000	tr-rmse:0.28105	tr-rmse:0.28105 
2026-04-07 14:28:20 [INFO] [task_scheduler.cc:243] [Updated] Task #0: "main"
2026-04-07 14:28:20 [INFO] [task_scheduler.cc:326] 
 ID | Name |       FLOP | Weight | Speed (GFLOPS) | Latency (us) | Weighted Latency (us) | Trials | Done 
---------------------------------------------------------------------------------------------------------
  0 | main | 1811939328 |      1 |       106.9875 |   16935.9923 |            16935.9923 |    127 |      
---------------------------------------------------------------------------------------------------------
Total trials: 127
Total latency (us): 16936

2026-04-07 14:28:20 [INFO] [task_scheduler.cc:186] TaskScheduler picks Task #0: "main"
2026-04-07 14:28:24 [INFO] [task_scheduler.cc:199] Sending 64 sample(s) to builder
2026-04-07 14:28:42 [INFO] [task_scheduler.cc:201] Sending 64 sample(s) to runner
2026-04-07 14:29:07 [DEBUG] XGB validation: p-rmse: 0.354723	a-peak@32: 0.990052
2026-04-07 14:29:07 [DEBUG] XGB iter   0: tr-p-rmse: 0.401902	tr-a-peak@32: 0.995805	tr-rmse: 0.266208	tr-rmse: 0.266208
2026-04-07 14:29:07 [DEBUG] XGB iter  25: tr-p-rmse: 0.067211	tr-a-peak@32: 0.998711	tr-rmse: 0.307445	tr-rmse: 0.307445
2026-04-07 14:29:07 [DEBUG] XGB iter  50: tr-p-rmse: 0.067194	tr-a-peak@32: 0.998711	tr-rmse: 0.307476	tr-rmse: 0.307476
2026-04-07 14:29:07 [DEBUG] XGB iter  75: tr-p-rmse: 0.067194	tr-a-peak@32: 0.998711	tr-rmse: 0.307476	tr-rmse: 0.307476
2026-04-07 14:29:07 [DEBUG] XGB stopped. Best iteration: [33] tr-p-rmse:0.06719	tr-a-peak@32:0.99871	tr-rmse:0.30748	tr-rmse:0.30748 
2026-04-07 14:29:07 [INFO] [task_scheduler.cc:243] [Updated] Task #0: "main"
2026-04-07 14:29:07 [INFO] [task_scheduler.cc:326] 
 ID | Name |       FLOP | Weight | Speed (GFLOPS) | Latency (us) | Weighted Latency (us) | Trials | Done 
---------------------------------------------------------------------------------------------------------
  0 | main | 1811939328 |      1 |       109.1991 |   16592.9811 |            16592.9811 |    191 |      
---------------------------------------------------------------------------------------------------------
Total trials: 191
Total latency (us): 16593

2026-04-07 14:29:07 [INFO] [task_scheduler.cc:186] TaskScheduler picks Task #0: "main"
2026-04-07 14:29:10 [INFO] [task_scheduler.cc:199] Sending 39 sample(s) to builder
2026-04-07 14:29:21 [INFO] [task_scheduler.cc:201] Sending 39 sample(s) to runner
2026-04-07 14:29:36 [DEBUG] XGB validation: p-rmse: 0.216220	a-peak@32: 0.995934
2026-04-07 14:29:36 [DEBUG] XGB iter   0: tr-p-rmse: 0.383554	tr-a-peak@32: 0.996557	tr-rmse: 0.274339	tr-rmse: 0.274339
2026-04-07 14:29:36 [DEBUG] XGB iter  25: tr-p-rmse: 0.061412	tr-a-peak@32: 0.999275	tr-rmse: 0.313786	tr-rmse: 0.313786
2026-04-07 14:29:36 [DEBUG] XGB iter  50: tr-p-rmse: 0.061397	tr-a-peak@32: 0.999275	tr-rmse: 0.313813	tr-rmse: 0.313813
2026-04-07 14:29:36 [DEBUG] XGB iter  75: tr-p-rmse: 0.061397	tr-a-peak@32: 0.999275	tr-rmse: 0.313813	tr-rmse: 0.313813
2026-04-07 14:29:36 [DEBUG] XGB stopped. Best iteration: [36] tr-p-rmse:0.06140	tr-a-peak@32:0.99928	tr-rmse:0.31381	tr-rmse:0.31381 
2026-04-07 14:29:36 [INFO] [task_scheduler.cc:243] [Updated] Task #0: "main"
2026-04-07 14:29:36 [INFO] [task_scheduler.cc:326] 
 ID | Name |       FLOP | Weight | Speed (GFLOPS) | Latency (us) | Weighted Latency (us) | Trials | Done 
---------------------------------------------------------------------------------------------------------
  0 | main | 1811939328 |      1 |       109.1991 |   16592.9811 |            16592.9811 |    230 |      
---------------------------------------------------------------------------------------------------------
Total trials: 230
Total latency (us): 16593

2026-04-07 14:29:36 [INFO] [task_scheduler.cc:266] Task #0 has finished. Remaining task(s): 0
2026-04-07 14:29:36 [INFO] [task_scheduler.cc:326] 
 ID | Name |       FLOP | Weight | Speed (GFLOPS) | Latency (us) | Weighted Latency (us) | Trials | Done 
---------------------------------------------------------------------------------------------------------
  0 | main | 1811939328 |      1 |       109.1991 |   16592.9811 |            16592.9811 |    230 |    Y 
---------------------------------------------------------------------------------------------------------
Total trials: 230
Total latency (us): 16593

2026-04-07 14:29:41 [INFO] LocalBuilder: max_workers = 12
2026-04-07 14:29:43 [INFO] LocalRunner: max_workers = 1
