2026-04-07 14:35:06 [INFO] Logging directory: research/results/metaschedule/8020/iter_01/6d75cc9d5624ca79/qkv/M_384/logs
2026-04-07 14:35:06 [INFO] [task_scheduler.cc:165] Initializing Task #0: "main"
2026-04-07 14:35:06 [INFO] [task_scheduler.cc:326] 
 ID | Name |      FLOP | Weight | Speed (GFLOPS) | Latency (us) | Weighted Latency (us) | Trials | Done 
--------------------------------------------------------------------------------------------------------
  0 | main | 452984832 |      1 |            N/A |          N/A |                   N/A |      0 |      
--------------------------------------------------------------------------------------------------------
Total trials: 0
Total latency (us): 0

2026-04-07 14:35:06 [INFO] [task_scheduler.cc:186] TaskScheduler picks Task #0: "main"
2026-04-07 14:35:08 [INFO] [task_scheduler.cc:199] Sending 32 sample(s) to builder
2026-04-07 14:35:16 [INFO] [task_scheduler.cc:201] Sending 32 sample(s) to runner
2026-04-07 14:35:26 [DEBUG] XGB iter   0: tr-p-rmse: 0.419539	tr-a-peak@32: 1.000000	tr-rmse: 0.285492	tr-rmse: 0.285492
2026-04-07 14:35:26 [DEBUG] XGB iter  25: tr-p-rmse: 0.031126	tr-a-peak@32: 1.000000	tr-rmse: 0.295854	tr-rmse: 0.295854
2026-04-07 14:35:26 [DEBUG] XGB iter  50: tr-p-rmse: 0.031216	tr-a-peak@32: 1.000000	tr-rmse: 0.295748	tr-rmse: 0.295748
2026-04-07 14:35:26 [DEBUG] XGB stopped. Best iteration: [21] tr-p-rmse:0.03072	tr-a-peak@32:1.00000	tr-rmse:0.29635	tr-rmse:0.29635 
2026-04-07 14:35:26 [INFO] [task_scheduler.cc:243] [Updated] Task #0: "main"
2026-04-07 14:35:26 [INFO] [task_scheduler.cc:326] 
 ID | Name |      FLOP | Weight | Speed (GFLOPS) | Latency (us) | Weighted Latency (us) | Trials | Done 
--------------------------------------------------------------------------------------------------------
  0 | main | 452984832 |      1 |        83.4500 |    5428.2193 |             5428.2193 |     32 |      
--------------------------------------------------------------------------------------------------------
Total trials: 32
Total latency (us): 5428.22

2026-04-07 14:35:26 [INFO] [task_scheduler.cc:186] TaskScheduler picks Task #0: "main"
2026-04-07 14:35:28 [INFO] [task_scheduler.cc:199] Sending 32 sample(s) to builder
2026-04-07 14:35:38 [INFO] [task_scheduler.cc:201] Sending 32 sample(s) to runner
2026-04-07 14:35:48 [DEBUG] XGB validation: p-rmse: 0.265701	a-peak@32: 0.982201
2026-04-07 14:35:48 [DEBUG] XGB iter   0: tr-p-rmse: 0.421702	tr-a-peak@32: 1.000000	tr-rmse: 0.270899	tr-rmse: 0.270899
2026-04-07 14:35:48 [DEBUG] XGB iter  25: tr-p-rmse: 0.040163	tr-a-peak@32: 1.000000	tr-rmse: 0.292274	tr-rmse: 0.292274
2026-04-07 14:35:48 [DEBUG] XGB iter  50: tr-p-rmse: 0.040171	tr-a-peak@32: 1.000000	tr-rmse: 0.292265	tr-rmse: 0.292265
2026-04-07 14:35:48 [DEBUG] XGB stopped. Best iteration: [19] tr-p-rmse:0.04006	tr-a-peak@32:1.00000	tr-rmse:0.29240	tr-rmse:0.29240 
2026-04-07 14:35:48 [INFO] [task_scheduler.cc:243] [Updated] Task #0: "main"
2026-04-07 14:35:48 [INFO] [task_scheduler.cc:326] 
 ID | Name |      FLOP | Weight | Speed (GFLOPS) | Latency (us) | Weighted Latency (us) | Trials | Done 
--------------------------------------------------------------------------------------------------------
  0 | main | 452984832 |      1 |        91.9054 |    4928.8147 |             4928.8147 |     64 |      
--------------------------------------------------------------------------------------------------------
Total trials: 64
Total latency (us): 4928.81

2026-04-07 14:35:48 [INFO] [task_scheduler.cc:186] TaskScheduler picks Task #0: "main"
2026-04-07 14:35:50 [INFO] [task_scheduler.cc:199] Sending 32 sample(s) to builder
2026-04-07 14:35:58 [INFO] [task_scheduler.cc:201] Sending 32 sample(s) to runner
2026-04-07 14:36:07 [DEBUG] XGB validation: p-rmse: 0.345418	a-peak@32: 0.912546
2026-04-07 14:36:07 [DEBUG] XGB iter   0: tr-p-rmse: 0.432329	tr-a-peak@32: 1.000000	tr-rmse: 0.250593	tr-rmse: 0.250593
2026-04-07 14:36:07 [DEBUG] XGB iter  25: tr-p-rmse: 0.047272	tr-a-peak@32: 1.000000	tr-rmse: 0.283697	tr-rmse: 0.283697
2026-04-07 14:36:07 [DEBUG] XGB iter  50: tr-p-rmse: 0.047251	tr-a-peak@32: 1.000000	tr-rmse: 0.283724	tr-rmse: 0.283724
2026-04-07 14:36:07 [DEBUG] XGB iter  75: tr-p-rmse: 0.047251	tr-a-peak@32: 1.000000	tr-rmse: 0.283724	tr-rmse: 0.283724
2026-04-07 14:36:07 [DEBUG] XGB stopped. Best iteration: [34] tr-p-rmse:0.04725	tr-a-peak@32:1.00000	tr-rmse:0.28372	tr-rmse:0.28372 
2026-04-07 14:36:07 [INFO] [task_scheduler.cc:243] [Updated] Task #0: "main"
2026-04-07 14:36:07 [INFO] [task_scheduler.cc:326] 
 ID | Name |      FLOP | Weight | Speed (GFLOPS) | Latency (us) | Weighted Latency (us) | Trials | Done 
--------------------------------------------------------------------------------------------------------
  0 | main | 452984832 |      1 |       108.6310 |    4169.9422 |             4169.9422 |     96 |      
--------------------------------------------------------------------------------------------------------
Total trials: 96
Total latency (us): 4169.94

2026-04-07 14:36:07 [INFO] [task_scheduler.cc:186] TaskScheduler picks Task #0: "main"
2026-04-07 14:36:09 [INFO] [task_scheduler.cc:199] Sending 32 sample(s) to builder
2026-04-07 14:36:17 [INFO] [task_scheduler.cc:201] Sending 32 sample(s) to runner
2026-04-07 14:36:27 [DEBUG] XGB validation: p-rmse: 0.201249	a-peak@32: 0.923083
2026-04-07 14:36:27 [DEBUG] XGB iter   0: tr-p-rmse: 0.424877	tr-a-peak@32: 0.993233	tr-rmse: 0.246237	tr-rmse: 0.246237
2026-04-07 14:36:27 [DEBUG] XGB iter  25: tr-p-rmse: 0.049085	tr-a-peak@32: 1.000000	tr-rmse: 0.284880	tr-rmse: 0.284880
2026-04-07 14:36:27 [DEBUG] XGB iter  50: tr-p-rmse: 0.049073	tr-a-peak@32: 1.000000	tr-rmse: 0.284896	tr-rmse: 0.284896
2026-04-07 14:36:27 [DEBUG] XGB iter  75: tr-p-rmse: 0.049073	tr-a-peak@32: 1.000000	tr-rmse: 0.284896	tr-rmse: 0.284896
2026-04-07 14:36:27 [DEBUG] XGB stopped. Best iteration: [33] tr-p-rmse:0.04907	tr-a-peak@32:1.00000	tr-rmse:0.28490	tr-rmse:0.28490 
2026-04-07 14:36:27 [INFO] [task_scheduler.cc:243] [Updated] Task #0: "main"
2026-04-07 14:36:27 [INFO] [task_scheduler.cc:326] 
 ID | Name |      FLOP | Weight | Speed (GFLOPS) | Latency (us) | Weighted Latency (us) | Trials | Done 
--------------------------------------------------------------------------------------------------------
  0 | main | 452984832 |      1 |       108.6310 |    4169.9422 |             4169.9422 |    128 |      
--------------------------------------------------------------------------------------------------------
Total trials: 128
Total latency (us): 4169.94

2026-04-07 14:36:27 [INFO] [task_scheduler.cc:186] TaskScheduler picks Task #0: "main"
2026-04-07 14:36:33 [INFO] [task_scheduler.cc:199] Sending 32 sample(s) to builder
2026-04-07 14:36:42 [INFO] [task_scheduler.cc:201] Sending 32 sample(s) to runner
2026-04-07 14:36:51 [DEBUG] XGB validation: p-rmse: 0.136294	a-peak@32: 0.990568
2026-04-07 14:36:51 [DEBUG] XGB iter   0: tr-p-rmse: 0.396716	tr-a-peak@32: 0.996570	tr-rmse: 0.277037	tr-rmse: 0.277037
2026-04-07 14:36:51 [DEBUG] XGB iter  25: tr-p-rmse: 0.047065	tr-a-peak@32: 0.999571	tr-rmse: 0.315529	tr-rmse: 0.315529
2026-04-07 14:36:51 [DEBUG] XGB iter  50: tr-p-rmse: 0.047060	tr-a-peak@32: 0.999571	tr-rmse: 0.315536	tr-rmse: 0.315536
2026-04-07 14:36:51 [DEBUG] XGB iter  75: tr-p-rmse: 0.047060	tr-a-peak@32: 0.999571	tr-rmse: 0.315536	tr-rmse: 0.315536
2026-04-07 14:36:51 [DEBUG] XGB stopped. Best iteration: [32] tr-p-rmse:0.04706	tr-a-peak@32:0.99957	tr-rmse:0.31554	tr-rmse:0.31554 
2026-04-07 14:36:51 [INFO] [task_scheduler.cc:243] [Updated] Task #0: "main"
2026-04-07 14:36:51 [INFO] [task_scheduler.cc:326] 
 ID | Name |      FLOP | Weight | Speed (GFLOPS) | Latency (us) | Weighted Latency (us) | Trials | Done 
--------------------------------------------------------------------------------------------------------
  0 | main | 452984832 |      1 |       109.6498 |    4131.1958 |             4131.1958 |    160 |      
--------------------------------------------------------------------------------------------------------
Total trials: 160
Total latency (us): 4131.2

2026-04-07 14:36:51 [INFO] [task_scheduler.cc:186] TaskScheduler picks Task #0: "main"
2026-04-07 14:36:57 [INFO] [task_scheduler.cc:199] Sending 32 sample(s) to builder
2026-04-07 14:37:09 [INFO] [task_scheduler.cc:201] Sending 32 sample(s) to runner
2026-04-07 14:37:18 [DEBUG] XGB validation: p-rmse: 0.182258	a-peak@32: 0.996813
2026-04-07 14:37:18 [DEBUG] XGB iter   0: tr-p-rmse: 0.374131	tr-a-peak@32: 0.998859	tr-rmse: 0.281872	tr-rmse: 0.281872
2026-04-07 14:37:18 [DEBUG] XGB iter  25: tr-p-rmse: 0.051114	tr-a-peak@32: 1.000000	tr-rmse: 0.329952	tr-rmse: 0.329952
2026-04-07 14:37:18 [DEBUG] XGB iter  50: tr-p-rmse: 0.051108	tr-a-peak@32: 1.000000	tr-rmse: 0.329962	tr-rmse: 0.329962
2026-04-07 14:37:18 [DEBUG] XGB iter  75: tr-p-rmse: 0.051108	tr-a-peak@32: 1.000000	tr-rmse: 0.329962	tr-rmse: 0.329962
2026-04-07 14:37:18 [DEBUG] XGB stopped. Best iteration: [33] tr-p-rmse:0.05111	tr-a-peak@32:1.00000	tr-rmse:0.32996	tr-rmse:0.32996 
2026-04-07 14:37:18 [INFO] [task_scheduler.cc:243] [Updated] Task #0: "main"
2026-04-07 14:37:18 [INFO] [task_scheduler.cc:326] 
 ID | Name |      FLOP | Weight | Speed (GFLOPS) | Latency (us) | Weighted Latency (us) | Trials | Done 
--------------------------------------------------------------------------------------------------------
  0 | main | 452984832 |      1 |       113.5685 |    3988.6481 |             3988.6481 |    192 |      
--------------------------------------------------------------------------------------------------------
Total trials: 192
Total latency (us): 3988.65

2026-04-07 14:37:18 [INFO] [task_scheduler.cc:186] TaskScheduler picks Task #0: "main"
2026-04-07 14:37:24 [INFO] [task_scheduler.cc:199] Sending 32 sample(s) to builder
2026-04-07 14:37:35 [INFO] [task_scheduler.cc:201] Sending 32 sample(s) to runner
2026-04-07 14:37:43 [DEBUG] XGB validation: p-rmse: 0.191484	a-peak@32: 0.995307
2026-04-07 14:37:43 [INFO] [task_scheduler.cc:243] [Updated] Task #0: "main"
2026-04-07 14:37:43 [INFO] [task_scheduler.cc:326] 
 ID | Name |      FLOP | Weight | Speed (GFLOPS) | Latency (us) | Weighted Latency (us) | Trials | Done 
--------------------------------------------------------------------------------------------------------
  0 | main | 452984832 |      1 |       120.9885 |    3744.0330 |             3744.0330 |    224 |      
--------------------------------------------------------------------------------------------------------
Total trials: 224
Total latency (us): 3744.03

2026-04-07 14:37:43 [INFO] [task_scheduler.cc:186] TaskScheduler picks Task #0: "main"
2026-04-07 14:37:49 [INFO] [task_scheduler.cc:199] Sending 6 sample(s) to builder
2026-04-07 14:37:53 [INFO] [task_scheduler.cc:201] Sending 6 sample(s) to runner
2026-04-07 14:37:54 [DEBUG] XGB validation: p-rmse: 0.163426	a-peak@32: 0.985385
2026-04-07 14:37:54 [INFO] [task_scheduler.cc:243] [Updated] Task #0: "main"
2026-04-07 14:37:54 [INFO] [task_scheduler.cc:326] 
 ID | Name |      FLOP | Weight | Speed (GFLOPS) | Latency (us) | Weighted Latency (us) | Trials | Done 
--------------------------------------------------------------------------------------------------------
  0 | main | 452984832 |      1 |       120.9885 |    3744.0330 |             3744.0330 |    230 |      
--------------------------------------------------------------------------------------------------------
Total trials: 230
Total latency (us): 3744.03

2026-04-07 14:37:54 [INFO] [task_scheduler.cc:266] Task #0 has finished. Remaining task(s): 0
2026-04-07 14:37:54 [INFO] [task_scheduler.cc:326] 
 ID | Name |      FLOP | Weight | Speed (GFLOPS) | Latency (us) | Weighted Latency (us) | Trials | Done 
--------------------------------------------------------------------------------------------------------
  0 | main | 452984832 |      1 |       120.9885 |    3744.0330 |             3744.0330 |    230 |    Y 
--------------------------------------------------------------------------------------------------------
Total trials: 230
Total latency (us): 3744.03

2026-04-07 14:37:55 [INFO] LocalBuilder: max_workers = 12
2026-04-07 14:37:57 [INFO] LocalRunner: max_workers = 1
