2026-04-07 11:48:35 [INFO] Logging directory: research/results/metaschedule/8020/iter_01/00f2915d00a23c49/mlp_reduce/M_128/logs
2026-04-07 11:48:35 [INFO] [task_scheduler.cc:165] Initializing Task #0: "main"
2026-04-07 11:48:35 [INFO] [task_scheduler.cc:326] 
 ID | Name |      FLOP | Weight | Speed (GFLOPS) | Latency (us) | Weighted Latency (us) | Trials | Done 
--------------------------------------------------------------------------------------------------------
  0 | main | 603979776 |      1 |            N/A |          N/A |                   N/A |      0 |      
--------------------------------------------------------------------------------------------------------
Total trials: 0
Total latency (us): 0

2026-04-07 11:48:35 [INFO] [task_scheduler.cc:186] TaskScheduler picks Task #0: "main"
2026-04-07 11:48:37 [INFO] [task_scheduler.cc:199] Sending 64 sample(s) to builder
2026-04-07 11:48:48 [INFO] [task_scheduler.cc:201] Sending 64 sample(s) to runner
2026-04-07 11:49:12 [DEBUG] XGB iter   0: tr-p-rmse: 0.452804	tr-a-peak@32: 0.989274	tr-rmse: 0.265359	tr-rmse: 0.265359
2026-04-07 11:49:12 [DEBUG] XGB iter  25: tr-p-rmse: 0.060265	tr-a-peak@32: 0.999665	tr-rmse: 0.279279	tr-rmse: 0.279279
2026-04-07 11:49:12 [DEBUG] XGB iter  50: tr-p-rmse: 0.060263	tr-a-peak@32: 0.999665	tr-rmse: 0.279281	tr-rmse: 0.279281
2026-04-07 11:49:12 [DEBUG] XGB iter  75: tr-p-rmse: 0.060263	tr-a-peak@32: 0.999665	tr-rmse: 0.279281	tr-rmse: 0.279281
2026-04-07 11:49:12 [DEBUG] XGB stopped. Best iteration: [31] tr-p-rmse:0.06026	tr-a-peak@32:0.99967	tr-rmse:0.27928	tr-rmse:0.27928 
2026-04-07 11:49:12 [INFO] [task_scheduler.cc:243] [Updated] Task #0: "main"
2026-04-07 11:49:12 [INFO] [task_scheduler.cc:326] 
 ID | Name |      FLOP | Weight | Speed (GFLOPS) | Latency (us) | Weighted Latency (us) | Trials | Done 
--------------------------------------------------------------------------------------------------------
  0 | main | 603979776 |      1 |        78.4639 |    7697.5478 |             7697.5478 |     64 |      
--------------------------------------------------------------------------------------------------------
Total trials: 64
Total latency (us): 7697.55

2026-04-07 11:49:12 [INFO] [task_scheduler.cc:186] TaskScheduler picks Task #0: "main"
2026-04-07 11:49:15 [INFO] [task_scheduler.cc:199] Sending 64 sample(s) to builder
2026-04-07 11:49:26 [INFO] [task_scheduler.cc:201] Sending 64 sample(s) to runner
2026-04-07 11:49:49 [DEBUG] XGB validation: p-rmse: 0.251907	a-peak@32: 0.816695
2026-04-07 11:49:49 [DEBUG] XGB iter   0: tr-p-rmse: 0.473660	tr-a-peak@32: 1.000000	tr-rmse: 0.212792	tr-rmse: 0.212792
2026-04-07 11:49:49 [DEBUG] XGB iter  25: tr-p-rmse: 0.061351	tr-a-peak@32: 1.000000	tr-rmse: 0.230168	tr-rmse: 0.230168
2026-04-07 11:49:49 [DEBUG] XGB iter  50: tr-p-rmse: 0.061320	tr-a-peak@32: 1.000000	tr-rmse: 0.230205	tr-rmse: 0.230205
2026-04-07 11:49:49 [DEBUG] XGB iter  75: tr-p-rmse: 0.061320	tr-a-peak@32: 1.000000	tr-rmse: 0.230205	tr-rmse: 0.230205
2026-04-07 11:49:49 [DEBUG] XGB stopped. Best iteration: [43] tr-p-rmse:0.06132	tr-a-peak@32:1.00000	tr-rmse:0.23021	tr-rmse:0.23021 
2026-04-07 11:49:49 [INFO] [task_scheduler.cc:243] [Updated] Task #0: "main"
2026-04-07 11:49:49 [INFO] [task_scheduler.cc:326] 
 ID | Name |      FLOP | Weight | Speed (GFLOPS) | Latency (us) | Weighted Latency (us) | Trials | Done 
--------------------------------------------------------------------------------------------------------
  0 | main | 603979776 |      1 |        99.5441 |    6067.4614 |             6067.4614 |    128 |      
--------------------------------------------------------------------------------------------------------
Total trials: 128
Total latency (us): 6067.46

2026-04-07 11:49:49 [INFO] [task_scheduler.cc:186] TaskScheduler picks Task #0: "main"
2026-04-07 11:49:54 [INFO] [task_scheduler.cc:199] Sending 64 sample(s) to builder
2026-04-07 11:50:14 [INFO] [task_scheduler.cc:201] Sending 64 sample(s) to runner
2026-04-07 11:50:35 [DEBUG] XGB validation: p-rmse: 0.240162	a-peak@32: 0.937916
2026-04-07 11:50:35 [DEBUG] XGB iter   0: tr-p-rmse: 0.443556	tr-a-peak@32: 1.000000	tr-rmse: 0.260620	tr-rmse: 0.260620
2026-04-07 11:50:35 [DEBUG] XGB iter  25: tr-p-rmse: 0.064449	tr-a-peak@32: 1.000000	tr-rmse: 0.305032	tr-rmse: 0.305032
2026-04-07 11:50:35 [DEBUG] XGB iter  50: tr-p-rmse: 0.064402	tr-a-peak@32: 1.000000	tr-rmse: 0.305099	tr-rmse: 0.305099
2026-04-07 11:50:35 [DEBUG] XGB iter  75: tr-p-rmse: 0.064402	tr-a-peak@32: 1.000000	tr-rmse: 0.305099	tr-rmse: 0.305099
2026-04-07 11:50:35 [DEBUG] XGB stopped. Best iteration: [35] tr-p-rmse:0.06440	tr-a-peak@32:1.00000	tr-rmse:0.30510	tr-rmse:0.30510 
2026-04-07 11:50:35 [INFO] [task_scheduler.cc:243] [Updated] Task #0: "main"
2026-04-07 11:50:35 [INFO] [task_scheduler.cc:326] 
 ID | Name |      FLOP | Weight | Speed (GFLOPS) | Latency (us) | Weighted Latency (us) | Trials | Done 
--------------------------------------------------------------------------------------------------------
  0 | main | 603979776 |      1 |       106.6450 |    5663.4616 |             5663.4616 |    192 |      
--------------------------------------------------------------------------------------------------------
Total trials: 192
Total latency (us): 5663.46

2026-04-07 11:50:35 [INFO] [task_scheduler.cc:186] TaskScheduler picks Task #0: "main"
2026-04-07 11:50:41 [INFO] [task_scheduler.cc:199] Sending 64 sample(s) to builder
2026-04-07 11:50:53 [INFO] [task_scheduler.cc:201] Sending 64 sample(s) to runner
2026-04-07 11:51:13 [DEBUG] XGB validation: p-rmse: 0.257421	a-peak@32: 1.000000
2026-04-07 11:51:13 [DEBUG] XGB iter   0: tr-p-rmse: 0.420965	tr-a-peak@32: 0.996721	tr-rmse: 0.279114	tr-rmse: 0.279114
2026-04-07 11:51:13 [DEBUG] XGB iter  25: tr-p-rmse: 0.066257	tr-a-peak@32: 0.999180	tr-rmse: 0.329169	tr-rmse: 0.329169
2026-04-07 11:51:13 [DEBUG] XGB iter  50: tr-p-rmse: 0.066017	tr-a-peak@32: 0.999180	tr-rmse: 0.329246	tr-rmse: 0.329246
2026-04-07 11:51:13 [DEBUG] XGB iter  75: tr-p-rmse: 0.066017	tr-a-peak@32: 0.999180	tr-rmse: 0.329246	tr-rmse: 0.329246
2026-04-07 11:51:13 [DEBUG] XGB stopped. Best iteration: [35] tr-p-rmse:0.06602	tr-a-peak@32:0.99918	tr-rmse:0.32924	tr-rmse:0.32924 
2026-04-07 11:51:13 [INFO] [task_scheduler.cc:243] [Updated] Task #0: "main"
2026-04-07 11:51:13 [INFO] [task_scheduler.cc:326] 
 ID | Name |      FLOP | Weight | Speed (GFLOPS) | Latency (us) | Weighted Latency (us) | Trials | Done 
--------------------------------------------------------------------------------------------------------
  0 | main | 603979776 |      1 |       110.8775 |    5447.2687 |             5447.2687 |    256 |      
--------------------------------------------------------------------------------------------------------
Total trials: 256
Total latency (us): 5447.27

2026-04-07 11:51:13 [INFO] [task_scheduler.cc:186] TaskScheduler picks Task #0: "main"
2026-04-07 11:51:19 [INFO] [task_scheduler.cc:199] Sending 51 sample(s) to builder
2026-04-07 11:51:32 [INFO] [task_scheduler.cc:201] Sending 51 sample(s) to runner
2026-04-07 11:51:48 [DEBUG] XGB validation: p-rmse: 0.136419	a-peak@32: 0.950426
2026-04-07 11:51:48 [INFO] [task_scheduler.cc:243] [Updated] Task #0: "main"
2026-04-07 11:51:48 [INFO] [task_scheduler.cc:326] 
 ID | Name |      FLOP | Weight | Speed (GFLOPS) | Latency (us) | Weighted Latency (us) | Trials | Done 
--------------------------------------------------------------------------------------------------------
  0 | main | 603979776 |      1 |       111.7598 |    5404.2660 |             5404.2660 |    307 |      
--------------------------------------------------------------------------------------------------------
Total trials: 307
Total latency (us): 5404.27

2026-04-07 11:51:48 [INFO] [task_scheduler.cc:266] Task #0 has finished. Remaining task(s): 0
2026-04-07 11:51:48 [INFO] [task_scheduler.cc:326] 
 ID | Name |      FLOP | Weight | Speed (GFLOPS) | Latency (us) | Weighted Latency (us) | Trials | Done 
--------------------------------------------------------------------------------------------------------
  0 | main | 603979776 |      1 |       111.7598 |    5404.2660 |             5404.2660 |    307 |    Y 
--------------------------------------------------------------------------------------------------------
Total trials: 307
Total latency (us): 5404.27

2026-04-07 11:51:50 [INFO] LocalBuilder: max_workers = 12
2026-04-07 11:51:51 [INFO] LocalRunner: max_workers = 1
2026-04-10 15:49:02 [INFO] Logging directory: research/results/metaschedule/8020/iter_01/00f2915d00a23c49/mlp_reduce/M_128/logs
2026-04-10 15:49:02 [INFO] [task_scheduler.cc:165] Initializing Task #0: "main"
2026-04-10 15:49:02 [INFO] [task_scheduler.cc:326] 
 ID | Name |      FLOP | Weight | Speed (GFLOPS) | Latency (us) | Weighted Latency (us) | Trials | Done 
--------------------------------------------------------------------------------------------------------
  0 | main | 603979776 |      1 |            N/A |          N/A |                   N/A |      0 |      
--------------------------------------------------------------------------------------------------------
Total trials: 0
Total latency (us): 0

2026-04-10 15:49:02 [INFO] [task_scheduler.cc:186] TaskScheduler picks Task #0: "main"
2026-04-10 15:49:04 [INFO] [task_scheduler.cc:199] Sending 64 sample(s) to builder
2026-04-10 15:49:12 [INFO] [task_scheduler.cc:201] Sending 64 sample(s) to runner
2026-04-10 15:49:35 [INFO] LocalBuilder: max_workers = 12
2026-04-10 15:49:35 [INFO] LocalRunner: max_workers = 1
