2026-04-07 13:27:49 [INFO] [task_scheduler.cc:166] Initializing Task #0: "main"
2026-04-07 13:27:49 [INFO] [task_scheduler.cc:41] 
# from tvm.script import ir as I
# from tvm.script import tir as T

@I.ir_module
class Module:
    @T.prim_func
    def main(A: T.Buffer((128, 768), "float32"), B: T.Buffer((768, 768), "float32"), C: T.Buffer((128, 768), "float32")):
        T.func_attr({"tir.noalias": True})
        # with T.block("root"):
        for i, j, k in T.grid(128, 768, 768):
            with T.block("C"):
                vi, vj, vk = T.axis.remap("SSR", [i, j, k])
                T.reads(A[vi, vk], B[vk, vj])
                T.writes(C[vi, vj])
                with T.init():
                    C[vi, vj] = T.float32(0.0)
                C[vi, vj] = C[vi, vj] + A[vi, vk] * B[vk, vj]
2026-04-07 13:27:49 [INFO] [task_scheduler.cc:170] Total 3 design space(s) generated
2026-04-07 13:27:49 [INFO] [task_scheduler.cc:176] Design space #0:
# from tvm.script import ir as I
# from tvm.script import tir as T

@I.ir_module
class Module:
    @T.prim_func
    def main(A: T.Buffer((128, 768), "float32"), B: T.Buffer((768, 768), "float32"), C: T.Buffer((128, 768), "float32")):
        T.func_attr({"tir.noalias": True})
        with T.block("root"):
            T.reads()
            T.writes()
            T.block_attr({"meta_schedule.parallel": 128, "meta_schedule.unroll_explicit": 64, "meta_schedule.vectorize": 64})
            C_global = T.alloc_buffer((128, 768))
            for i_0, j_0, i_1, j_1 in T.grid(2, 1, 4, 12):
                for k_0, i_2, j_2, k_1, i_3, j_3 in T.grid(96, 1, 64, 8, 16, 1):
                    with T.block("C"):
                        vi = T.axis.spatial(128, i_0 * 64 + i_1 * 16 + i_2 * 16 + i_3)
                        vj = T.axis.spatial(768, j_0 * 768 + j_1 * 64 + j_2 + j_3)
                        vk = T.axis.reduce(768, k_0 * 8 + k_1)
                        T.reads(A[vi, vk], B[vk, vj])
                        T.writes(C_global[vi, vj])
                        T.block_attr({"meta_schedule.tiling_structure": "SSRSRS"})
                        with T.init():
                            C_global[vi, vj] = T.float32(0.0)
                        C_global[vi, vj] = C_global[vi, vj] + A[vi, vk] * B[vk, vj]
                for ax0, ax1 in T.grid(16, 64):
                    with T.block("C_global"):
                        v0 = T.axis.spatial(128, i_0 * 64 + i_1 * 16 + ax0)
                        v1 = T.axis.spatial(768, j_1 * 64 + ax1)
                        T.reads(C_global[v0, v1])
                        T.writes(C[v0, v1])
                        C[v0, v1] = C_global[v0, v1]
b0 = sch.get_block(name="C", func_name="main")
b1 = sch.get_block(name="root", func_name="main")
sch.annotate(block_or_loop=b0, ann_key="meta_schedule.tiling_structure", ann_val="SSRSRS")
l2, l3, l4 = sch.get_loops(block=b0)
v5, v6, v7, v8 = sch.sample_perfect_tile(loop=l2, n=4, max_innermost_factor=64, decision=[2, 4, 1, 16])
l9, l10, l11, l12 = sch.split(loop=l2, factors=[v5, v6, v7, v8], preserve_unit_iters=True, disable_predication=False)
v13, v14, v15, v16 = sch.sample_perfect_tile(loop=l3, n=4, max_innermost_factor=64, decision=[1, 12, 64, 1])
l17, l18, l19, l20 = sch.split(loop=l3, factors=[v13, v14, v15, v16], preserve_unit_iters=True, disable_predication=False)
v21, v22 = sch.sample_perfect_tile(loop=l4, n=2, max_innermost_factor=64, decision=[96, 8])
l23, l24 = sch.split(loop=l4, factors=[v21, v22], preserve_unit_iters=True, disable_predication=False)
sch.reorder(l9, l17, l10, l18, l23, l11, l19, l24, l12, l20)
b25 = sch.cache_write(block=b0, write_buffer_index=0, storage_scope="global")
sch.reverse_compute_at(block=b25, loop=l18, preserve_unit_loops=True, index=-1)
sch.annotate(block_or_loop=b1, ann_key="meta_schedule.parallel", ann_val=128)
sch.annotate(block_or_loop=b1, ann_key="meta_schedule.vectorize", ann_val=64)
v26 = sch.sample_categorical(candidates=[0, 16, 64, 512], probs=[0.25, 0.25, 0.25, 0.25], decision=2)
sch.annotate(block_or_loop=b1, ann_key="meta_schedule.unroll_explicit", ann_val=v26)
2026-04-07 13:27:49 [INFO] [task_scheduler.cc:176] Design space #1:
# from tvm.script import ir as I
# from tvm.script import tir as T

@I.ir_module
class Module:
    @T.prim_func
    def main(A: T.Buffer((128, 768), "float32"), B: T.Buffer((768, 768), "float32"), C: T.Buffer((128, 768), "float32")):
        T.func_attr({"tir.noalias": True})
        with T.block("root"):
            T.reads()
            T.writes()
            T.block_attr({"meta_schedule.parallel": 128, "meta_schedule.unroll_explicit": 64, "meta_schedule.vectorize": 64})
            C_global = T.alloc_buffer((128, 768))
            for i_0, j_0 in T.grid(2, 1):
                for i_1, j_1, k_0, i_2, j_2, k_1, i_3, j_3 in T.grid(4, 12, 96, 1, 64, 8, 16, 1):
                    with T.block("C"):
                        vi = T.axis.spatial(128, i_0 * 64 + i_1 * 16 + i_2 * 16 + i_3)
                        vj = T.axis.spatial(768, j_0 * 768 + j_1 * 64 + j_2 + j_3)
                        vk = T.axis.reduce(768, k_0 * 8 + k_1)
                        T.reads(A[vi, vk], B[vk, vj])
                        T.writes(C_global[vi, vj])
                        T.block_attr({"meta_schedule.tiling_structure": "SSRSRS"})
                        with T.init():
                            C_global[vi, vj] = T.float32(0.0)
                        C_global[vi, vj] = C_global[vi, vj] + A[vi, vk] * B[vk, vj]
                for ax0, ax1 in T.grid(64, 768):
                    with T.block("C_global"):
                        v0 = T.axis.spatial(128, i_0 * 64 + ax0)
                        v1 = T.axis.spatial(768, ax1)
                        T.reads(C_global[v0, v1])
                        T.writes(C[v0, v1])
                        C[v0, v1] = C_global[v0, v1]
b0 = sch.get_block(name="C", func_name="main")
b1 = sch.get_block(name="root", func_name="main")
sch.annotate(block_or_loop=b0, ann_key="meta_schedule.tiling_structure", ann_val="SSRSRS")
l2, l3, l4 = sch.get_loops(block=b0)
v5, v6, v7, v8 = sch.sample_perfect_tile(loop=l2, n=4, max_innermost_factor=64, decision=[2, 4, 1, 16])
l9, l10, l11, l12 = sch.split(loop=l2, factors=[v5, v6, v7, v8], preserve_unit_iters=True, disable_predication=False)
v13, v14, v15, v16 = sch.sample_perfect_tile(loop=l3, n=4, max_innermost_factor=64, decision=[1, 12, 64, 1])
l17, l18, l19, l20 = sch.split(loop=l3, factors=[v13, v14, v15, v16], preserve_unit_iters=True, disable_predication=False)
v21, v22 = sch.sample_perfect_tile(loop=l4, n=2, max_innermost_factor=64, decision=[96, 8])
l23, l24 = sch.split(loop=l4, factors=[v21, v22], preserve_unit_iters=True, disable_predication=False)
sch.reorder(l9, l17, l10, l18, l23, l11, l19, l24, l12, l20)
b25 = sch.cache_write(block=b0, write_buffer_index=0, storage_scope="global")
sch.reverse_compute_at(block=b25, loop=l17, preserve_unit_loops=True, index=-1)
sch.annotate(block_or_loop=b1, ann_key="meta_schedule.parallel", ann_val=128)
sch.annotate(block_or_loop=b1, ann_key="meta_schedule.vectorize", ann_val=64)
v26 = sch.sample_categorical(candidates=[0, 16, 64, 512], probs=[0.25, 0.25, 0.25, 0.25], decision=2)
sch.annotate(block_or_loop=b1, ann_key="meta_schedule.unroll_explicit", ann_val=v26)
2026-04-07 13:27:49 [INFO] [task_scheduler.cc:176] Design space #2:
# from tvm.script import ir as I
# from tvm.script import tir as T

@I.ir_module
class Module:
    @T.prim_func
    def main(A: T.Buffer((128, 768), "float32"), B: T.Buffer((768, 768), "float32"), C: T.Buffer((128, 768), "float32")):
        T.func_attr({"tir.noalias": True})
        with T.block("root"):
            T.reads()
            T.writes()
            T.block_attr({"meta_schedule.parallel": 128, "meta_schedule.unroll_explicit": 0, "meta_schedule.vectorize": 64})
            for i_0, j_0, i_1, j_1, k_0, i_2, j_2, k_1, i_3, j_3 in T.grid(2, 1, 4, 12, 96, 1, 64, 8, 16, 1):
                with T.block("C"):
                    vi = T.axis.spatial(128, i_0 * 64 + i_1 * 16 + i_2 * 16 + i_3)
                    vj = T.axis.spatial(768, j_0 * 768 + j_1 * 64 + j_2 + j_3)
                    vk = T.axis.reduce(768, k_0 * 8 + k_1)
                    T.reads(A[vi, vk], B[vk, vj])
                    T.writes(C[vi, vj])
                    T.block_attr({"meta_schedule.tiling_structure": "SSRSRS"})
                    with T.init():
                        C[vi, vj] = T.float32(0.0)
                    C[vi, vj] = C[vi, vj] + A[vi, vk] * B[vk, vj]
b0 = sch.get_block(name="C", func_name="main")
b1 = sch.get_block(name="root", func_name="main")
sch.annotate(block_or_loop=b0, ann_key="meta_schedule.tiling_structure", ann_val="SSRSRS")
l2, l3, l4 = sch.get_loops(block=b0)
v5, v6, v7, v8 = sch.sample_perfect_tile(loop=l2, n=4, max_innermost_factor=64, decision=[2, 4, 1, 16])
l9, l10, l11, l12 = sch.split(loop=l2, factors=[v5, v6, v7, v8], preserve_unit_iters=True, disable_predication=False)
v13, v14, v15, v16 = sch.sample_perfect_tile(loop=l3, n=4, max_innermost_factor=64, decision=[1, 12, 64, 1])
l17, l18, l19, l20 = sch.split(loop=l3, factors=[v13, v14, v15, v16], preserve_unit_iters=True, disable_predication=False)
v21, v22 = sch.sample_perfect_tile(loop=l4, n=2, max_innermost_factor=64, decision=[96, 8])
l23, l24 = sch.split(loop=l4, factors=[v21, v22], preserve_unit_iters=True, disable_predication=False)
sch.reorder(l9, l17, l10, l18, l23, l11, l19, l24, l12, l20)
sch.annotate(block_or_loop=b1, ann_key="meta_schedule.parallel", ann_val=128)
sch.annotate(block_or_loop=b1, ann_key="meta_schedule.vectorize", ann_val=64)
v25 = sch.sample_categorical(candidates=[0, 16, 64, 512], probs=[0.25, 0.25, 0.25, 0.25], decision=0)
sch.annotate(block_or_loop=b1, ann_key="meta_schedule.unroll_explicit", ann_val=v25)
2026-04-07 13:27:49 [INFO] [evolutionary_search.cc:711] Generating candidates......
2026-04-07 13:27:49 [INFO] [evolutionary_search.cc:713] Picked top 0 candidate(s) from database
2026-04-07 13:27:49 [INFO] [evolutionary_search.cc:530] Sample-Init-Population summary:
Postproc #0 [meta_schedule.DisallowDynamicLoop(0x5bdf3c4dfbb8)]: 0 failure(s)
Postproc #1 [meta_schedule.RewriteParallelVectorizeUnroll(0x5bdf3c841c38)]: 0 failure(s)
Postproc #2 [meta_schedule.RewriteReductionBlock(0x5bdf3c759378)]: 0 failure(s)
Postproc #3 [meta_schedule.RewriteLayout(0x5bdf3c41f668)]: 0 failure(s)
2026-04-07 13:27:49 [INFO] [evolutionary_search.cc:721] Sampled 614 candidate(s)
2026-04-07 13:27:49 [INFO] [evolutionary_search.cc:619] Evolve iter #0 done. Summary:
Postproc #0 [meta_schedule.DisallowDynamicLoop(0x5bdf3c4dfbb8)]: 0 failure(s)
Postproc #1 [meta_schedule.RewriteParallelVectorizeUnroll(0x5bdf3c841c38)]: 0 failure(s)
Postproc #2 [meta_schedule.RewriteReductionBlock(0x5bdf3c759378)]: 0 failure(s)
Postproc #3 [meta_schedule.RewriteLayout(0x5bdf3c41f668)]: 0 failure(s)
2026-04-07 13:27:50 [INFO] [evolutionary_search.cc:619] Evolve iter #1 done. Summary:
Postproc #0 [meta_schedule.DisallowDynamicLoop(0x5bdf3c4dfbb8)]: 0 failure(s)
Postproc #1 [meta_schedule.RewriteParallelVectorizeUnroll(0x5bdf3c841c38)]: 0 failure(s)
Postproc #2 [meta_schedule.RewriteReductionBlock(0x5bdf3c759378)]: 0 failure(s)
Postproc #3 [meta_schedule.RewriteLayout(0x5bdf3c41f668)]: 0 failure(s)
2026-04-07 13:27:50 [INFO] [evolutionary_search.cc:619] Evolve iter #2 done. Summary:
Postproc #0 [meta_schedule.DisallowDynamicLoop(0x5bdf3c4dfbb8)]: 0 failure(s)
Postproc #1 [meta_schedule.RewriteParallelVectorizeUnroll(0x5bdf3c841c38)]: 0 failure(s)
Postproc #2 [meta_schedule.RewriteReductionBlock(0x5bdf3c759378)]: 0 failure(s)
Postproc #3 [meta_schedule.RewriteLayout(0x5bdf3c41f668)]: 0 failure(s)
2026-04-07 13:27:50 [INFO] [evolutionary_search.cc:619] Evolve iter #3 done. Summary:
Postproc #0 [meta_schedule.DisallowDynamicLoop(0x5bdf3c4dfbb8)]: 0 failure(s)
Postproc #1 [meta_schedule.RewriteParallelVectorizeUnroll(0x5bdf3c841c38)]: 0 failure(s)
Postproc #2 [meta_schedule.RewriteReductionBlock(0x5bdf3c759378)]: 0 failure(s)
Postproc #3 [meta_schedule.RewriteLayout(0x5bdf3c41f668)]: 0 failure(s)
2026-04-07 13:27:50 [INFO] [evolutionary_search.cc:647] Scores of the best 64 candidates:
[1 : 16]:	0.9997  0.9997  0.9996  0.9986  0.9985  0.9980  0.9975  0.9973  0.9971  0.9964  0.9957  0.9956  0.9955  0.9952  0.9952  0.9948
[17 : 32]:	0.9947  0.9946  0.9946  0.9936  0.9936  0.9935  0.9923  0.9922  0.9922  0.9909  0.9902  0.9894  0.9888  0.9882  0.9881  0.9880
[33 : 48]:	0.9868  0.9867  0.9863  0.9855  0.9851  0.9848  0.9847  0.9844  0.9828  0.9824  0.9823  0.9820  0.9817  0.9817  0.9815  0.9815
[49 : 64]:	0.9814  0.9813  0.9809  0.9809  0.9806  0.9805  0.9796  0.9783  0.9780  0.9776  0.9773  0.9759  0.9757  0.9751  0.9750  0.9748
2026-04-07 13:27:50 [INFO] [evolutionary_search.cc:725] Got 64 candidate(s) with evolutionary search
2026-04-07 13:27:50 [INFO] [evolutionary_search.cc:728] Sending 64 candidates(s) for measurement
2026-04-07 13:28:21 [INFO] [task_scheduler.cc:137] [Task #0: main] Trial #1: GFLOPs: 87.4560. Time: 1726.5253 us. Best GFLOPs: 87.4560
2026-04-07 13:28:21 [INFO] [task_scheduler.cc:137] [Task #0: main] Trial #2: GFLOPs: 74.8725. Time: 2016.6944 us. Best GFLOPs: 87.4560
2026-04-07 13:28:21 [INFO] [task_scheduler.cc:137] [Task #0: main] Trial #3: GFLOPs: 46.4806. Time: 3248.5612 us. Best GFLOPs: 87.4560
2026-04-07 13:28:21 [INFO] [task_scheduler.cc:137] [Task #0: main] Trial #4: GFLOPs: 28.4135. Time: 5314.1905 us. Best GFLOPs: 87.4560
2026-04-07 13:28:21 [INFO] [task_scheduler.cc:137] [Task #0: main] Trial #5: GFLOPs: 91.2209. Time: 1655.2664 us. Best GFLOPs: 91.2209
2026-04-07 13:28:21 [INFO] [task_scheduler.cc:137] [Task #0: main] Trial #6: GFLOPs: 67.8628. Time: 2225.0026 us. Best GFLOPs: 91.2209
2026-04-07 13:28:21 [INFO] [task_scheduler.cc:137] [Task #0: main] Trial #7: GFLOPs: 22.8443. Time: 6609.7390 us. Best GFLOPs: 91.2209
2026-04-07 13:28:21 [INFO] [task_scheduler.cc:137] [Task #0: main] Trial #8: GFLOPs: 78.0392. Time: 1934.8609 us. Best GFLOPs: 91.2209
2026-04-07 13:28:21 [INFO] [task_scheduler.cc:137] [Task #0: main] Trial #9: GFLOPs: 33.3072. Time: 4533.3998 us. Best GFLOPs: 91.2209
2026-04-07 13:28:21 [INFO] [task_scheduler.cc:137] [Task #0: main] Trial #10: GFLOPs: 88.8303. Time: 1699.8127 us. Best GFLOPs: 91.2209
2026-04-07 13:28:21 [INFO] [task_scheduler.cc:137] [Task #0: main] Trial #11: GFLOPs: 72.9160. Time: 2070.8081 us. Best GFLOPs: 91.2209
2026-04-07 13:28:21 [INFO] [task_scheduler.cc:137] [Task #0: main] Trial #12: GFLOPs: 16.3616. Time: 9228.5949 us. Best GFLOPs: 91.2209
2026-04-07 13:28:21 [INFO] [task_scheduler.cc:137] [Task #0: main] Trial #13: GFLOPs: 73.5147. Time: 2053.9417 us. Best GFLOPs: 91.2209
2026-04-07 13:28:21 [INFO] [task_scheduler.cc:137] [Task #0: main] Trial #14: GFLOPs: 11.9063. Time: 12681.8968 us. Best GFLOPs: 91.2209
2026-04-07 13:28:21 [INFO] [task_scheduler.cc:137] [Task #0: main] Trial #15: GFLOPs: 48.1508. Time: 3135.8761 us. Best GFLOPs: 91.2209
2026-04-07 13:28:21 [INFO] [task_scheduler.cc:137] [Task #0: main] Trial #16: GFLOPs: 38.2009. Time: 3952.6547 us. Best GFLOPs: 91.2209
2026-04-07 13:28:21 [INFO] [task_scheduler.cc:137] [Task #0: main] Trial #17: GFLOPs: 23.7378. Time: 6360.9564 us. Best GFLOPs: 91.2209
2026-04-07 13:28:21 [INFO] [task_scheduler.cc:137] [Task #0: main] Trial #18: GFLOPs: 8.9559. Time: 16859.9140 us. Best GFLOPs: 91.2209
2026-04-07 13:28:21 [INFO] [task_scheduler.cc:137] [Task #0: main] Trial #19: GFLOPs: 20.4904. Time: 7369.0593 us. Best GFLOPs: 91.2209
2026-04-07 13:28:21 [INFO] [task_scheduler.cc:137] [Task #0: main] Trial #20: GFLOPs: 61.9479. Time: 2437.4493 us. Best GFLOPs: 91.2209
2026-04-07 13:28:21 [INFO] [task_scheduler.cc:137] [Task #0: main] Trial #21: GFLOPs: 96.8464. Time: 1559.1176 us. Best GFLOPs: 96.8464
2026-04-07 13:28:21 [INFO] [task_scheduler.cc:137] [Task #0: main] Trial #22: GFLOPs: 66.2255. Time: 2280.0105 us. Best GFLOPs: 96.8464
2026-04-07 13:28:21 [INFO] [task_scheduler.cc:137] [Task #0: main] Trial #23: GFLOPs: 33.0184. Time: 4573.0595 us. Best GFLOPs: 96.8464
2026-04-07 13:28:21 [INFO] [task_scheduler.cc:137] [Task #0: main] Trial #24: GFLOPs: 31.1338. Time: 4849.8749 us. Best GFLOPs: 96.8464
2026-04-07 13:28:21 [INFO] [task_scheduler.cc:137] [Task #0: main] Trial #25: GFLOPs: 53.5287. Time: 2820.8218 us. Best GFLOPs: 96.8464
2026-04-07 13:28:21 [INFO] [task_scheduler.cc:137] [Task #0: main] Trial #26: GFLOPs: 22.2034. Time: 6800.5304 us. Best GFLOPs: 96.8464
2026-04-07 13:28:21 [INFO] [task_scheduler.cc:137] [Task #0: main] Trial #27: GFLOPs: 19.0169. Time: 7940.0447 us. Best GFLOPs: 96.8464
2026-04-07 13:28:21 [INFO] [task_scheduler.cc:137] [Task #0: main] Trial #28: GFLOPs: 21.5642. Time: 7002.1072 us. Best GFLOPs: 96.8464
2026-04-07 13:28:21 [INFO] [task_scheduler.cc:137] [Task #0: main] Trial #29: GFLOPs: 11.4187. Time: 13223.4294 us. Best GFLOPs: 96.8464
2026-04-07 13:28:21 [INFO] [task_scheduler.cc:137] [Task #0: main] Trial #30: GFLOPs: 27.3065. Time: 5529.6266 us. Best GFLOPs: 96.8464
2026-04-07 13:28:21 [INFO] [task_scheduler.cc:137] [Task #0: main] Trial #31: GFLOPs: 52.7444. Time: 2862.7694 us. Best GFLOPs: 96.8464
2026-04-07 13:28:21 [INFO] [task_scheduler.cc:137] [Task #0: main] Trial #32: GFLOPs: 66.7434. Time: 2262.3198 us. Best GFLOPs: 96.8464
2026-04-07 13:28:21 [INFO] [task_scheduler.cc:137] [Task #0: main] Trial #33: GFLOPs: 80.9804. Time: 1864.5869 us. Best GFLOPs: 96.8464
2026-04-07 13:28:21 [INFO] [task_scheduler.cc:137] [Task #0: main] Trial #34: GFLOPs: 81.1571. Time: 1860.5255 us. Best GFLOPs: 96.8464
2026-04-07 13:28:21 [INFO] [task_scheduler.cc:137] [Task #0: main] Trial #35: GFLOPs: 81.2955. Time: 1857.3597 us. Best GFLOPs: 96.8464
2026-04-07 13:28:21 [INFO] [task_scheduler.cc:137] [Task #0: main] Trial #36: GFLOPs: 76.8238. Time: 1965.4721 us. Best GFLOPs: 96.8464
2026-04-07 13:28:21 [INFO] [task_scheduler.cc:137] [Task #0: main] Trial #37: GFLOPs: 89.4515. Time: 1688.0082 us. Best GFLOPs: 96.8464
2026-04-07 13:28:21 [INFO] [task_scheduler.cc:137] [Task #0: main] Trial #38: GFLOPs: 43.3312. Time: 3484.6697 us. Best GFLOPs: 96.8464
2026-04-07 13:28:21 [INFO] [task_scheduler.cc:137] [Task #0: main] Trial #39: GFLOPs: 48.8871. Time: 3088.6470 us. Best GFLOPs: 96.8464
2026-04-07 13:28:21 [INFO] [task_scheduler.cc:137] [Task #0: main] Trial #40: GFLOPs: 4.8691. Time: 31011.0440 us. Best GFLOPs: 96.8464
2026-04-07 13:28:21 [INFO] [task_scheduler.cc:137] [Task #0: main] Trial #41: GFLOPs: 77.4217. Time: 1950.2916 us. Best GFLOPs: 96.8464
2026-04-07 13:28:21 [INFO] [task_scheduler.cc:137] [Task #0: main] Trial #42: GFLOPs: 66.3088. Time: 2277.1492 us. Best GFLOPs: 96.8464
2026-04-07 13:28:21 [INFO] [task_scheduler.cc:137] [Task #0: main] Trial #43: GFLOPs: 23.5759. Time: 6404.6236 us. Best GFLOPs: 96.8464
2026-04-07 13:28:21 [INFO] [task_scheduler.cc:137] [Task #0: main] Trial #44: GFLOPs: 16.9074. Time: 8930.7065 us. Best GFLOPs: 96.8464
2026-04-07 13:28:21 [INFO] [task_scheduler.cc:137] [Task #0: main] Trial #45: GFLOPs: 19.0098. Time: 7943.0041 us. Best GFLOPs: 96.8464
2026-04-07 13:28:21 [INFO] [task_scheduler.cc:137] [Task #0: main] Trial #46: GFLOPs: 22.1732. Time: 6809.7871 us. Best GFLOPs: 96.8464
2026-04-07 13:28:21 [INFO] [task_scheduler.cc:137] [Task #0: main] Trial #47: GFLOPs: 70.5484. Time: 2140.3031 us. Best GFLOPs: 96.8464
2026-04-07 13:28:21 [INFO] [task_scheduler.cc:137] [Task #0: main] Trial #48: GFLOPs: 17.2505. Time: 8753.0861 us. Best GFLOPs: 96.8464
2026-04-07 13:28:21 [INFO] [task_scheduler.cc:137] [Task #0: main] Trial #49: GFLOPs: 22.6814. Time: 6657.2187 us. Best GFLOPs: 96.8464
2026-04-07 13:28:21 [INFO] [task_scheduler.cc:137] [Task #0: main] Trial #50: GFLOPs: 11.8461. Time: 12746.3787 us. Best GFLOPs: 96.8464
2026-04-07 13:28:21 [INFO] [task_scheduler.cc:137] [Task #0: main] Trial #51: GFLOPs: 90.0527. Time: 1676.7389 us. Best GFLOPs: 96.8464
2026-04-07 13:28:21 [INFO] [task_scheduler.cc:137] [Task #0: main] Trial #52: GFLOPs: 24.0022. Time: 6290.8772 us. Best GFLOPs: 96.8464
2026-04-07 13:28:21 [INFO] [task_scheduler.cc:137] [Task #0: main] Trial #53: GFLOPs: 19.6584. Time: 7680.9484 us. Best GFLOPs: 96.8464
2026-04-07 13:28:21 [INFO] [task_scheduler.cc:137] [Task #0: main] Trial #54: GFLOPs: 98.1265. Time: 1538.7791 us. Best GFLOPs: 98.1265
2026-04-07 13:28:21 [INFO] [task_scheduler.cc:137] [Task #0: main] Trial #55: GFLOPs: 81.4636. Time: 1853.5273 us. Best GFLOPs: 98.1265
2026-04-07 13:28:21 [INFO] [task_scheduler.cc:137] [Task #0: main] Trial #56: GFLOPs: 26.0006. Time: 5807.3653 us. Best GFLOPs: 98.1265
2026-04-07 13:28:21 [INFO] [task_scheduler.cc:137] [Task #0: main] Trial #57: GFLOPs: 111.0997. Time: 1359.0942 us. Best GFLOPs: 111.0997
2026-04-07 13:28:21 [INFO] [task_scheduler.cc:137] [Task #0: main] Trial #58: GFLOPs: 35.4148. Time: 4263.6059 us. Best GFLOPs: 111.0997
2026-04-07 13:28:21 [INFO] [task_scheduler.cc:137] [Task #0: main] Trial #59: GFLOPs: 34.5612. Time: 4368.9150 us. Best GFLOPs: 111.0997
2026-04-07 13:28:21 [INFO] [task_scheduler.cc:137] [Task #0: main] Trial #60: GFLOPs: 24.8839. Time: 6067.9754 us. Best GFLOPs: 111.0997
2026-04-07 13:28:21 [INFO] [task_scheduler.cc:137] [Task #0: main] Trial #61: GFLOPs: 41.9022. Time: 3603.5118 us. Best GFLOPs: 111.0997
2026-04-07 13:28:21 [INFO] [task_scheduler.cc:137] [Task #0: main] Trial #62: GFLOPs: 5.3666. Time: 28135.9384 us. Best GFLOPs: 111.0997
2026-04-07 13:28:21 [INFO] [task_scheduler.cc:137] [Task #0: main] Trial #63: GFLOPs: 26.4643. Time: 5705.6134 us. Best GFLOPs: 111.0997
2026-04-07 13:28:21 [INFO] [task_scheduler.cc:137] [Task #0: main] Trial #64: GFLOPs: 51.2577. Time: 2945.7981 us. Best GFLOPs: 111.0997
2026-04-07 13:28:21 [INFO] [evolutionary_search.cc:711] Generating candidates......
2026-04-07 13:28:21 [INFO] [evolutionary_search.cc:713] Picked top 64 candidate(s) from database
2026-04-07 13:28:21 [INFO] [evolutionary_search.cc:530] Sample-Init-Population summary:
Postproc #0 [meta_schedule.DisallowDynamicLoop(0x5bdf3c4dfbb8)]: 0 failure(s)
Postproc #1 [meta_schedule.RewriteParallelVectorizeUnroll(0x5bdf3c841c38)]: 0 failure(s)
Postproc #2 [meta_schedule.RewriteReductionBlock(0x5bdf3c759378)]: 0 failure(s)
Postproc #3 [meta_schedule.RewriteLayout(0x5bdf3c41f668)]: 0 failure(s)
2026-04-07 13:28:21 [INFO] [evolutionary_search.cc:721] Sampled 550 candidate(s)
2026-04-07 13:28:22 [INFO] [evolutionary_search.cc:619] Evolve iter #0 done. Summary:
Postproc #0 [meta_schedule.DisallowDynamicLoop(0x5bdf3c4dfbb8)]: 0 failure(s)
Postproc #1 [meta_schedule.RewriteParallelVectorizeUnroll(0x5bdf3c841c38)]: 0 failure(s)
Postproc #2 [meta_schedule.RewriteReductionBlock(0x5bdf3c759378)]: 0 failure(s)
Postproc #3 [meta_schedule.RewriteLayout(0x5bdf3c41f668)]: 0 failure(s)
2026-04-07 13:28:22 [INFO] [evolutionary_search.cc:619] Evolve iter #1 done. Summary:
Postproc #0 [meta_schedule.DisallowDynamicLoop(0x5bdf3c4dfbb8)]: 0 failure(s)
Postproc #1 [meta_schedule.RewriteParallelVectorizeUnroll(0x5bdf3c841c38)]: 0 failure(s)
Postproc #2 [meta_schedule.RewriteReductionBlock(0x5bdf3c759378)]: 0 failure(s)
Postproc #3 [meta_schedule.RewriteLayout(0x5bdf3c41f668)]: 0 failure(s)
2026-04-07 13:28:22 [INFO] [evolutionary_search.cc:619] Evolve iter #2 done. Summary:
Postproc #0 [meta_schedule.DisallowDynamicLoop(0x5bdf3c4dfbb8)]: 0 failure(s)
Postproc #1 [meta_schedule.RewriteParallelVectorizeUnroll(0x5bdf3c841c38)]: 0 failure(s)
Postproc #2 [meta_schedule.RewriteReductionBlock(0x5bdf3c759378)]: 0 failure(s)
Postproc #3 [meta_schedule.RewriteLayout(0x5bdf3c41f668)]: 0 failure(s)
2026-04-07 13:28:23 [INFO] [evolutionary_search.cc:619] Evolve iter #3 done. Summary:
Postproc #0 [meta_schedule.DisallowDynamicLoop(0x5bdf3c4dfbb8)]: 0 failure(s)
Postproc #1 [meta_schedule.RewriteParallelVectorizeUnroll(0x5bdf3c841c38)]: 0 failure(s)
Postproc #2 [meta_schedule.RewriteReductionBlock(0x5bdf3c759378)]: 0 failure(s)
Postproc #3 [meta_schedule.RewriteLayout(0x5bdf3c41f668)]: 0 failure(s)
2026-04-07 13:28:23 [INFO] [evolutionary_search.cc:647] Scores of the best 64 candidates:
[1 : 16]:	0.9998  0.9989  0.9986  0.9980  0.9976  0.9972  0.9969  0.9965  0.9959  0.9950  0.9946  0.9946  0.9945  0.9945  0.9937  0.9936
[17 : 32]:	0.9930  0.9925  0.9924  0.9924  0.9923  0.9911  0.9904  0.9901  0.9898  0.9895  0.9894  0.9890  0.9885  0.9884  0.9875  0.9868
[33 : 48]:	0.9868  0.9860  0.9849  0.9844  0.9839  0.9837  0.9836  0.9833  0.9832  0.9832  0.9830  0.9818  0.9815  0.9813  0.9809  0.9799
[49 : 64]:	0.9794  0.9789  0.9787  0.9782  0.9771  0.9765  0.9759  0.9757  0.9752  0.9752  0.9751  0.9748  0.9744  0.9744  0.9741  0.9732
2026-04-07 13:28:23 [INFO] [evolutionary_search.cc:725] Got 64 candidate(s) with evolutionary search
2026-04-07 13:28:23 [INFO] [evolutionary_search.cc:728] Sending 64 candidates(s) for measurement
2026-04-07 13:28:51 [INFO] [task_scheduler.cc:137] [Task #0: main] Trial #65: GFLOPs: 30.8422. Time: 4895.7320 us. Best GFLOPs: 111.0997
2026-04-07 13:28:51 [INFO] [task_scheduler.cc:137] [Task #0: main] Trial #66: GFLOPs: 49.4246. Time: 3055.0586 us. Best GFLOPs: 111.0997
2026-04-07 13:28:51 [INFO] [task_scheduler.cc:137] [Task #0: main] Trial #67: GFLOPs: 13.0845. Time: 11539.9817 us. Best GFLOPs: 111.0997
2026-04-07 13:28:51 [INFO] [task_scheduler.cc:137] [Task #0: main] Trial #68: GFLOPs: 24.6623. Time: 6122.5016 us. Best GFLOPs: 111.0997
2026-04-07 13:28:51 [INFO] [task_scheduler.cc:137] [Task #0: main] Trial #69: GFLOPs: 93.8052. Time: 1609.6647 us. Best GFLOPs: 111.0997
2026-04-07 13:28:51 [INFO] [task_scheduler.cc:137] [Task #0: main] Trial #70: GFLOPs: 92.2739. Time: 1636.3782 us. Best GFLOPs: 111.0997
2026-04-07 13:28:51 [INFO] [task_scheduler.cc:137] [Task #0: main] Trial #71: GFLOPs: 22.6611. Time: 6663.1861 us. Best GFLOPs: 111.0997
2026-04-07 13:28:51 [INFO] [task_scheduler.cc:137] [Task #0: main] Trial #72: GFLOPs: 27.5857. Time: 5473.6626 us. Best GFLOPs: 111.0997
2026-04-07 13:28:51 [INFO] [task_scheduler.cc:137] [Task #0: main] Trial #73: GFLOPs: 23.9305. Time: 6309.7352 us. Best GFLOPs: 111.0997
2026-04-07 13:28:51 [INFO] [task_scheduler.cc:137] [Task #0: main] Trial #74: GFLOPs: 22.3177. Time: 6765.7074 us. Best GFLOPs: 111.0997
2026-04-07 13:28:51 [INFO] [task_scheduler.cc:137] [Task #0: main] Trial #75: GFLOPs: 30.8833. Time: 4889.2036 us. Best GFLOPs: 111.0997
2026-04-07 13:28:51 [INFO] [task_scheduler.cc:137] [Task #0: main] Trial #76: GFLOPs: 98.7138. Time: 1529.6235 us. Best GFLOPs: 111.0997
2026-04-07 13:28:51 [INFO] [task_scheduler.cc:137] [Task #0: main] Trial #77: GFLOPs: 19.1471. Time: 7886.0670 us. Best GFLOPs: 111.0997
2026-04-07 13:28:51 [INFO] [task_scheduler.cc:137] [Task #0: main] Trial #78: GFLOPs: 10.8615. Time: 13901.8760 us. Best GFLOPs: 111.0997
2026-04-07 13:28:51 [INFO] [task_scheduler.cc:137] [Task #0: main] Trial #79: GFLOPs: 43.4227. Time: 3477.3311 us. Best GFLOPs: 111.0997
2026-04-07 13:28:51 [INFO] [task_scheduler.cc:137] [Task #0: main] Trial #80: GFLOPs: 59.4215. Time: 2541.0828 us. Best GFLOPs: 111.0997
2026-04-07 13:28:51 [INFO] [task_scheduler.cc:137] [Task #0: main] Trial #81: GFLOPs: 21.2661. Time: 7100.2531 us. Best GFLOPs: 111.0997
2026-04-07 13:28:51 [INFO] [task_scheduler.cc:137] [Task #0: main] Trial #82: GFLOPs: 39.0352. Time: 3868.1706 us. Best GFLOPs: 111.0997
2026-04-07 13:28:51 [INFO] [task_scheduler.cc:137] [Task #0: main] Trial #83: GFLOPs: 68.5500. Time: 2202.6980 us. Best GFLOPs: 111.0997
2026-04-07 13:28:51 [INFO] [task_scheduler.cc:137] [Task #0: main] Trial #84: GFLOPs: 91.1914. Time: 1655.8029 us. Best GFLOPs: 111.0997
2026-04-07 13:28:51 [INFO] [task_scheduler.cc:137] [Task #0: main] Trial #85: GFLOPs: 16.4375. Time: 9186.0060 us. Best GFLOPs: 111.0997
2026-04-07 13:28:51 [INFO] [task_scheduler.cc:137] [Task #0: main] Trial #86: GFLOPs: 78.3838. Time: 1926.3528 us. Best GFLOPs: 111.0997
2026-04-07 13:28:51 [INFO] [task_scheduler.cc:137] [Task #0: main] Trial #87: GFLOPs: 46.8689. Time: 3221.6425 us. Best GFLOPs: 111.0997
2026-04-07 13:28:51 [INFO] [task_scheduler.cc:137] [Task #0: main] Trial #88: GFLOPs: 38.4693. Time: 3925.0760 us. Best GFLOPs: 111.0997
2026-04-07 13:28:51 [INFO] [task_scheduler.cc:137] [Task #0: main] Trial #89: GFLOPs: 13.1645. Time: 11469.8859 us. Best GFLOPs: 111.0997
2026-04-07 13:28:51 [INFO] [task_scheduler.cc:137] [Task #0: main] Trial #90: GFLOPs: 74.2040. Time: 2034.8632 us. Best GFLOPs: 111.0997
2026-04-07 13:28:51 [INFO] [task_scheduler.cc:137] [Task #0: main] Trial #91: GFLOPs: 22.0705. Time: 6841.4941 us. Best GFLOPs: 111.0997
2026-04-07 13:28:51 [INFO] [task_scheduler.cc:137] [Task #0: main] Trial #92: GFLOPs: 92.1009. Time: 1639.4522 us. Best GFLOPs: 111.0997
2026-04-07 13:28:51 [INFO] [task_scheduler.cc:137] [Task #0: main] Trial #93: GFLOPs: 42.9535. Time: 3515.3094 us. Best GFLOPs: 111.0997
2026-04-07 13:28:51 [INFO] [task_scheduler.cc:137] [Task #0: main] Trial #94: GFLOPs: 57.5776. Time: 2622.4621 us. Best GFLOPs: 111.0997
2026-04-07 13:28:51 [INFO] [task_scheduler.cc:137] [Task #0: main] Trial #95: GFLOPs: 45.8680. Time: 3291.9448 us. Best GFLOPs: 111.0997
2026-04-07 13:28:51 [INFO] [task_scheduler.cc:137] [Task #0: main] Trial #96: GFLOPs: 61.8599. Time: 2440.9172 us. Best GFLOPs: 111.0997
2026-04-07 13:28:51 [INFO] [task_scheduler.cc:137] [Task #0: main] Trial #97: GFLOPs: 7.4692. Time: 20215.5446 us. Best GFLOPs: 111.0997
2026-04-07 13:28:51 [INFO] [task_scheduler.cc:137] [Task #0: main] Trial #98: GFLOPs: 43.3224. Time: 3485.3785 us. Best GFLOPs: 111.0997
2026-04-07 13:28:51 [INFO] [task_scheduler.cc:137] [Task #0: main] Trial #99: GFLOPs: 26.8514. Time: 5623.3451 us. Best GFLOPs: 111.0997
2026-04-07 13:28:51 [INFO] [task_scheduler.cc:137] [Task #0: main] Trial #100: GFLOPs: 37.0160. Time: 4079.1788 us. Best GFLOPs: 111.0997
2026-04-07 13:28:51 [INFO] [task_scheduler.cc:137] [Task #0: main] Trial #101: GFLOPs: 106.4127. Time: 1418.9561 us. Best GFLOPs: 111.0997
2026-04-07 13:28:51 [INFO] [task_scheduler.cc:137] [Task #0: main] Trial #102: GFLOPs: 41.4065. Time: 3646.6505 us. Best GFLOPs: 111.0997
2026-04-07 13:28:51 [INFO] [task_scheduler.cc:137] [Task #0: main] Trial #103: GFLOPs: 54.1273. Time: 2789.6283 us. Best GFLOPs: 111.0997
2026-04-07 13:28:51 [INFO] [task_scheduler.cc:137] [Task #0: main] Trial #104: GFLOPs: 28.8725. Time: 5229.7076 us. Best GFLOPs: 111.0997
2026-04-07 13:28:51 [INFO] [task_scheduler.cc:137] [Task #0: main] Trial #105: GFLOPs: 23.8757. Time: 6324.2002 us. Best GFLOPs: 111.0997
2026-04-07 13:28:51 [INFO] [task_scheduler.cc:137] [Task #0: main] Trial #106: GFLOPs: 22.3121. Time: 6767.3979 us. Best GFLOPs: 111.0997
2026-04-07 13:28:51 [INFO] [task_scheduler.cc:137] [Task #0: main] Trial #107: GFLOPs: 78.1607. Time: 1931.8532 us. Best GFLOPs: 111.0997
2026-04-07 13:28:51 [INFO] [task_scheduler.cc:137] [Task #0: main] Trial #108: GFLOPs: 66.0473. Time: 2286.1649 us. Best GFLOPs: 111.0997
2026-04-07 13:28:51 [INFO] [task_scheduler.cc:137] [Task #0: main] Trial #109: GFLOPs: 28.2387. Time: 5347.0847 us. Best GFLOPs: 111.0997
2026-04-07 13:28:51 [INFO] [task_scheduler.cc:137] [Task #0: main] Trial #110: GFLOPs: 36.7546. Time: 4108.1911 us. Best GFLOPs: 111.0997
2026-04-07 13:28:51 [INFO] [task_scheduler.cc:137] [Task #0: main] Trial #111: GFLOPs: 47.6194. Time: 3170.8672 us. Best GFLOPs: 111.0997
2026-04-07 13:28:51 [INFO] [task_scheduler.cc:137] [Task #0: main] Trial #112: GFLOPs: 93.1865. Time: 1620.3525 us. Best GFLOPs: 111.0997
2026-04-07 13:28:51 [INFO] [task_scheduler.cc:137] [Task #0: main] Trial #113: GFLOPs: 91.4389. Time: 1651.3209 us. Best GFLOPs: 111.0997
2026-04-07 13:28:51 [INFO] [task_scheduler.cc:137] [Task #0: main] Trial #114: GFLOPs: 24.3490. Time: 6201.2772 us. Best GFLOPs: 111.0997
2026-04-07 13:28:51 [INFO] [task_scheduler.cc:137] [Task #0: main] Trial #115: GFLOPs: 30.8788. Time: 4889.9256 us. Best GFLOPs: 111.0997
2026-04-07 13:28:51 [INFO] [task_scheduler.cc:137] [Task #0: main] Trial #116: GFLOPs: 77.0757. Time: 1959.0463 us. Best GFLOPs: 111.0997
2026-04-07 13:28:51 [INFO] [task_scheduler.cc:137] [Task #0: main] Trial #117: GFLOPs: 23.4650. Time: 6434.9128 us. Best GFLOPs: 111.0997
2026-04-07 13:28:51 [INFO] [task_scheduler.cc:137] [Task #0: main] Trial #118: GFLOPs: 33.4435. Time: 4514.9330 us. Best GFLOPs: 111.0997
2026-04-07 13:28:51 [INFO] [task_scheduler.cc:137] [Task #0: main] Trial #119: GFLOPs: 36.2367. Time: 4166.9061 us. Best GFLOPs: 111.0997
2026-04-07 13:28:51 [INFO] [task_scheduler.cc:137] [Task #0: main] Trial #120: GFLOPs: 43.3144. Time: 3486.0224 us. Best GFLOPs: 111.0997
2026-04-07 13:28:51 [INFO] [task_scheduler.cc:137] [Task #0: main] Trial #121: GFLOPs: 79.2495. Time: 1905.3101 us. Best GFLOPs: 111.0997
2026-04-07 13:28:51 [INFO] [task_scheduler.cc:137] [Task #0: main] Trial #122: GFLOPs: 100.0393. Time: 1509.3556 us. Best GFLOPs: 111.0997
2026-04-07 13:28:51 [INFO] [task_scheduler.cc:137] [Task #0: main] Trial #123: GFLOPs: 48.7989. Time: 3094.2259 us. Best GFLOPs: 111.0997
2026-04-07 13:28:51 [INFO] [task_scheduler.cc:137] [Task #0: main] Trial #124: GFLOPs: 45.8103. Time: 3296.0938 us. Best GFLOPs: 111.0997
2026-04-07 13:28:51 [INFO] [task_scheduler.cc:137] [Task #0: main] Trial #125: GFLOPs: 63.7220. Time: 2369.5882 us. Best GFLOPs: 111.0997
2026-04-07 13:28:51 [INFO] [task_scheduler.cc:137] [Task #0: main] Trial #126: GFLOPs: 11.7768. Time: 12821.4272 us. Best GFLOPs: 111.0997
2026-04-07 13:28:51 [INFO] [task_scheduler.cc:137] [Task #0: main] Trial #127: GFLOPs: 17.3227. Time: 8716.6114 us. Best GFLOPs: 111.0997
2026-04-07 13:28:51 [INFO] [task_scheduler.cc:137] [Task #0: main] Trial #128: GFLOPs: 48.1581. Time: 3135.3990 us. Best GFLOPs: 111.0997
2026-04-07 13:28:51 [INFO] [evolutionary_search.cc:711] Generating candidates......
2026-04-07 13:28:51 [INFO] [evolutionary_search.cc:713] Picked top 122 candidate(s) from database
2026-04-07 13:28:51 [INFO] [evolutionary_search.cc:530] Sample-Init-Population summary:
Postproc #0 [meta_schedule.DisallowDynamicLoop(0x5bdf3c4dfbb8)]: 0 failure(s)
Postproc #1 [meta_schedule.RewriteParallelVectorizeUnroll(0x5bdf3c841c38)]: 0 failure(s)
Postproc #2 [meta_schedule.RewriteReductionBlock(0x5bdf3c759378)]: 0 failure(s)
Postproc #3 [meta_schedule.RewriteLayout(0x5bdf3c41f668)]: 0 failure(s)
2026-04-07 13:28:51 [INFO] [evolutionary_search.cc:721] Sampled 492 candidate(s)
2026-04-07 13:28:52 [INFO] [evolutionary_search.cc:619] Evolve iter #0 done. Summary:
Postproc #0 [meta_schedule.DisallowDynamicLoop(0x5bdf3c4dfbb8)]: 0 failure(s)
Postproc #1 [meta_schedule.RewriteParallelVectorizeUnroll(0x5bdf3c841c38)]: 0 failure(s)
Postproc #2 [meta_schedule.RewriteReductionBlock(0x5bdf3c759378)]: 0 failure(s)
Postproc #3 [meta_schedule.RewriteLayout(0x5bdf3c41f668)]: 0 failure(s)
2026-04-07 13:28:53 [INFO] [evolutionary_search.cc:619] Evolve iter #1 done. Summary:
Postproc #0 [meta_schedule.DisallowDynamicLoop(0x5bdf3c4dfbb8)]: 0 failure(s)
Postproc #1 [meta_schedule.RewriteParallelVectorizeUnroll(0x5bdf3c841c38)]: 0 failure(s)
Postproc #2 [meta_schedule.RewriteReductionBlock(0x5bdf3c759378)]: 0 failure(s)
Postproc #3 [meta_schedule.RewriteLayout(0x5bdf3c41f668)]: 0 failure(s)
2026-04-07 13:28:54 [INFO] [evolutionary_search.cc:619] Evolve iter #2 done. Summary:
Postproc #0 [meta_schedule.DisallowDynamicLoop(0x5bdf3c4dfbb8)]: 0 failure(s)
Postproc #1 [meta_schedule.RewriteParallelVectorizeUnroll(0x5bdf3c841c38)]: 0 failure(s)
Postproc #2 [meta_schedule.RewriteReductionBlock(0x5bdf3c759378)]: 0 failure(s)
Postproc #3 [meta_schedule.RewriteLayout(0x5bdf3c41f668)]: 0 failure(s)
2026-04-07 13:28:55 [INFO] [evolutionary_search.cc:619] Evolve iter #3 done. Summary:
Postproc #0 [meta_schedule.DisallowDynamicLoop(0x5bdf3c4dfbb8)]: 0 failure(s)
Postproc #1 [meta_schedule.RewriteParallelVectorizeUnroll(0x5bdf3c841c38)]: 0 failure(s)
Postproc #2 [meta_schedule.RewriteReductionBlock(0x5bdf3c759378)]: 0 failure(s)
Postproc #3 [meta_schedule.RewriteLayout(0x5bdf3c41f668)]: 0 failure(s)
2026-04-07 13:28:56 [INFO] [evolutionary_search.cc:647] Scores of the best 64 candidates:
[1 : 16]:	1.0092  0.9753  0.9753  0.9714  0.9612  0.9609  0.9549  0.9530  0.9483  0.9420  0.9392  0.9386  0.9242  0.9220  0.9199  0.9190
[17 : 32]:	0.9190  0.9190  0.9184  0.9184  0.9112  0.9081  0.9073  0.9071  0.9016  0.8965  0.8960  0.8952  0.8952  0.8912  0.8910  0.8909
[33 : 48]:	0.8909  0.8893  0.8888  0.8809  0.8791  0.8791  0.8780  0.8770  0.8763  0.8749  0.8719  0.8713  0.8694  0.8688  0.8682  0.8665
[49 : 64]:	0.8649  0.8640  0.8550  0.8548  0.8544  0.8521  0.8521  0.8494  0.8494  0.8475  0.8475  0.8475  0.8472  0.8470  0.8465  0.8453
2026-04-07 13:28:56 [INFO] [evolutionary_search.cc:725] Got 64 candidate(s) with evolutionary search
2026-04-07 13:28:56 [INFO] [evolutionary_search.cc:728] Sending 64 candidates(s) for measurement
2026-04-07 13:29:22 [INFO] [task_scheduler.cc:137] [Task #0: main] Trial #129: GFLOPs: 81.6177. Time: 1850.0262 us. Best GFLOPs: 111.0997
2026-04-07 13:29:22 [INFO] [task_scheduler.cc:137] [Task #0: main] Trial #130: GFLOPs: 111.0955. Time: 1359.1452 us. Best GFLOPs: 111.0997
2026-04-07 13:29:22 [INFO] [task_scheduler.cc:137] [Task #0: main] Trial #131: GFLOPs: 98.8336. Time: 1527.7692 us. Best GFLOPs: 111.0997
2026-04-07 13:29:22 [INFO] [task_scheduler.cc:137] [Task #0: main] Trial #132: GFLOPs: 92.2207. Time: 1637.3224 us. Best GFLOPs: 111.0997
2026-04-07 13:29:22 [INFO] [task_scheduler.cc:137] [Task #0: main] Trial #133: GFLOPs: 82.8258. Time: 1823.0424 us. Best GFLOPs: 111.0997
2026-04-07 13:29:22 [INFO] [task_scheduler.cc:137] [Task #0: main] Trial #134: GFLOPs: 113.5730. Time: 1329.4968 us. Best GFLOPs: 113.5730
2026-04-07 13:29:22 [INFO] [task_scheduler.cc:137] [Task #0: main] Trial #135: GFLOPs: 79.1286. Time: 1908.2212 us. Best GFLOPs: 113.5730
2026-04-07 13:29:22 [INFO] [task_scheduler.cc:137] [Task #0: main] Trial #136: GFLOPs: 85.2897. Time: 1770.3769 us. Best GFLOPs: 113.5730
2026-04-07 13:29:22 [INFO] [task_scheduler.cc:137] [Task #0: main] Trial #137: GFLOPs: 89.3023. Time: 1690.8296 us. Best GFLOPs: 113.5730
2026-04-07 13:29:22 [INFO] [task_scheduler.cc:137] [Task #0: main] Trial #138: GFLOPs: 77.3833. Time: 1951.2611 us. Best GFLOPs: 113.5730
2026-04-07 13:29:22 [INFO] [task_scheduler.cc:137] [Task #0: main] Trial #139: GFLOPs: 78.3615. Time: 1926.9027 us. Best GFLOPs: 113.5730
2026-04-07 13:29:22 [INFO] [task_scheduler.cc:137] [Task #0: main] Trial #140: GFLOPs: 107.3713. Time: 1406.2873 us. Best GFLOPs: 113.5730
2026-04-07 13:29:22 [INFO] [task_scheduler.cc:137] [Task #0: main] Trial #141: GFLOPs: 70.5193. Time: 2141.1858 us. Best GFLOPs: 113.5730
2026-04-07 13:29:22 [INFO] [task_scheduler.cc:137] [Task #0: main] Trial #142: GFLOPs: 78.7530. Time: 1917.3225 us. Best GFLOPs: 113.5730
2026-04-07 13:29:22 [INFO] [task_scheduler.cc:137] [Task #0: main] Trial #143: GFLOPs: 89.3386. Time: 1690.1419 us. Best GFLOPs: 113.5730
2026-04-07 13:29:22 [INFO] [task_scheduler.cc:137] [Task #0: main] Trial #144: GFLOPs: 76.4999. Time: 1973.7931 us. Best GFLOPs: 113.5730
2026-04-07 13:29:22 [INFO] [task_scheduler.cc:137] [Task #0: main] Trial #145: GFLOPs: 77.7471. Time: 1942.1306 us. Best GFLOPs: 113.5730
2026-04-07 13:29:22 [INFO] [task_scheduler.cc:137] [Task #0: main] Trial #146: GFLOPs: 79.7552. Time: 1893.2304 us. Best GFLOPs: 113.5730
2026-04-07 13:29:22 [INFO] [task_scheduler.cc:137] [Task #0: main] Trial #147: GFLOPs: 83.6695. Time: 1804.6595 us. Best GFLOPs: 113.5730
2026-04-07 13:29:22 [INFO] [task_scheduler.cc:137] [Task #0: main] Trial #148: GFLOPs: 83.4212. Time: 1810.0300 us. Best GFLOPs: 113.5730
2026-04-07 13:29:22 [INFO] [task_scheduler.cc:137] [Task #0: main] Trial #149: GFLOPs: 58.7086. Time: 2571.9383 us. Best GFLOPs: 113.5730
2026-04-07 13:29:22 [INFO] [task_scheduler.cc:137] [Task #0: main] Trial #150: GFLOPs: 68.4666. Time: 2205.3801 us. Best GFLOPs: 113.5730
2026-04-07 13:29:22 [INFO] [task_scheduler.cc:137] [Task #0: main] Trial #151: GFLOPs: 79.6332. Time: 1896.1296 us. Best GFLOPs: 113.5730
2026-04-07 13:29:22 [INFO] [task_scheduler.cc:137] [Task #0: main] Trial #152: GFLOPs: 73.6585. Time: 2049.9332 us. Best GFLOPs: 113.5730
2026-04-07 13:29:22 [INFO] [task_scheduler.cc:137] [Task #0: main] Trial #153: GFLOPs: 91.0146. Time: 1659.0183 us. Best GFLOPs: 113.5730
2026-04-07 13:29:22 [INFO] [task_scheduler.cc:137] [Task #0: main] Trial #154: GFLOPs: 94.7258. Time: 1594.0208 us. Best GFLOPs: 113.5730
2026-04-07 13:29:22 [INFO] [task_scheduler.cc:137] [Task #0: main] Trial #155: GFLOPs: 117.7777. Time: 1282.0339 us. Best GFLOPs: 117.7777
2026-04-07 13:29:22 [INFO] [task_scheduler.cc:137] [Task #0: main] Trial #156: GFLOPs: 63.6329. Time: 2372.9066 us. Best GFLOPs: 117.7777
2026-04-07 13:29:22 [INFO] [task_scheduler.cc:137] [Task #0: main] Trial #157: GFLOPs: 44.7959. Time: 3370.7347 us. Best GFLOPs: 117.7777
2026-04-07 13:29:22 [INFO] [task_scheduler.cc:137] [Task #0: main] Trial #158: GFLOPs: 56.7935. Time: 2658.6674 us. Best GFLOPs: 117.7777
2026-04-07 13:29:22 [INFO] [task_scheduler.cc:137] [Task #0: main] Trial #159: GFLOPs: 79.7521. Time: 1893.3029 us. Best GFLOPs: 117.7777
2026-04-07 13:29:22 [INFO] [task_scheduler.cc:137] [Task #0: main] Trial #160: GFLOPs: 57.8395. Time: 2610.5842 us. Best GFLOPs: 117.7777
2026-04-07 13:29:22 [INFO] [task_scheduler.cc:137] [Task #0: main] Trial #161: GFLOPs: 50.7423. Time: 2975.7218 us. Best GFLOPs: 117.7777
2026-04-07 13:29:22 [INFO] [task_scheduler.cc:137] [Task #0: main] Trial #162: GFLOPs: 102.8004. Time: 1468.8166 us. Best GFLOPs: 117.7777
2026-04-07 13:29:22 [INFO] [task_scheduler.cc:137] [Task #0: main] Trial #163: GFLOPs: 70.6973. Time: 2135.7944 us. Best GFLOPs: 117.7777
2026-04-07 13:29:22 [INFO] [task_scheduler.cc:137] [Task #0: main] Trial #164: GFLOPs: 89.6578. Time: 1684.1247 us. Best GFLOPs: 117.7777
2026-04-07 13:29:22 [INFO] [task_scheduler.cc:137] [Task #0: main] Trial #165: GFLOPs: 104.1962. Time: 1449.1399 us. Best GFLOPs: 117.7777
2026-04-07 13:29:22 [INFO] [task_scheduler.cc:137] [Task #0: main] Trial #166: GFLOPs: 92.4737. Time: 1632.8426 us. Best GFLOPs: 117.7777
2026-04-07 13:29:22 [INFO] [task_scheduler.cc:137] [Task #0: main] Trial #167: GFLOPs: 59.9332. Time: 2519.3871 us. Best GFLOPs: 117.7777
2026-04-07 13:29:22 [INFO] [task_scheduler.cc:137] [Task #0: main] Trial #168: GFLOPs: 37.0315. Time: 4077.4756 us. Best GFLOPs: 117.7777
2026-04-07 13:29:22 [INFO] [task_scheduler.cc:137] [Task #0: main] Trial #169: GFLOPs: 48.3589. Time: 3122.3789 us. Best GFLOPs: 117.7777
2026-04-07 13:29:22 [INFO] [task_scheduler.cc:137] [Task #0: main] Trial #170: GFLOPs: 72.1720. Time: 2092.1555 us. Best GFLOPs: 117.7777
2026-04-07 13:29:22 [INFO] [task_scheduler.cc:137] [Task #0: main] Trial #171: GFLOPs: 74.7944. Time: 2018.8007 us. Best GFLOPs: 117.7777
2026-04-07 13:29:22 [INFO] [task_scheduler.cc:137] [Task #0: main] Trial #172: GFLOPs: 78.2903. Time: 1928.6543 us. Best GFLOPs: 117.7777
2026-04-07 13:29:22 [INFO] [task_scheduler.cc:137] [Task #0: main] Trial #173: GFLOPs: 88.6646. Time: 1702.9893 us. Best GFLOPs: 117.7777
2026-04-07 13:29:22 [INFO] [task_scheduler.cc:137] [Task #0: main] Trial #174: GFLOPs: 81.7476. Time: 1847.0866 us. Best GFLOPs: 117.7777
2026-04-07 13:29:22 [INFO] [task_scheduler.cc:137] [Task #0: main] Trial #175: GFLOPs: 66.9264. Time: 2256.1332 us. Best GFLOPs: 117.7777
2026-04-07 13:29:22 [INFO] [task_scheduler.cc:137] [Task #0: main] Trial #176: GFLOPs: 80.4164. Time: 1877.6625 us. Best GFLOPs: 117.7777
2026-04-07 13:29:22 [INFO] [task_scheduler.cc:137] [Task #0: main] Trial #177: GFLOPs: 45.2573. Time: 3336.3657 us. Best GFLOPs: 117.7777
2026-04-07 13:29:22 [INFO] [task_scheduler.cc:137] [Task #0: main] Trial #178: GFLOPs: 74.2865. Time: 2032.6040 us. Best GFLOPs: 117.7777
2026-04-07 13:29:22 [INFO] [task_scheduler.cc:137] [Task #0: main] Trial #179: GFLOPs: 85.9963. Time: 1755.8301 us. Best GFLOPs: 117.7777
2026-04-07 13:29:22 [INFO] [task_scheduler.cc:137] [Task #0: main] Trial #180: GFLOPs: 45.4721. Time: 3320.6064 us. Best GFLOPs: 117.7777
2026-04-07 13:29:22 [INFO] [task_scheduler.cc:137] [Task #0: main] Trial #181: GFLOPs: 105.6300. Time: 1429.4700 us. Best GFLOPs: 117.7777
2026-04-07 13:29:22 [INFO] [task_scheduler.cc:137] [Task #0: main] Trial #182: GFLOPs: 28.6931. Time: 5262.4059 us. Best GFLOPs: 117.7777
2026-04-07 13:29:22 [INFO] [task_scheduler.cc:137] [Task #0: main] Trial #183: GFLOPs: 25.4825. Time: 5925.4438 us. Best GFLOPs: 117.7777
2026-04-07 13:29:22 [INFO] [task_scheduler.cc:137] [Task #0: main] Trial #184: GFLOPs: 78.0390. Time: 1934.8660 us. Best GFLOPs: 117.7777
2026-04-07 13:29:22 [INFO] [task_scheduler.cc:137] [Task #0: main] Trial #185: GFLOPs: 89.3453. Time: 1690.0162 us. Best GFLOPs: 117.7777
2026-04-07 13:29:22 [INFO] [task_scheduler.cc:137] [Task #0: main] Trial #186: GFLOPs: 108.0047. Time: 1398.0399 us. Best GFLOPs: 117.7777
2026-04-07 13:29:22 [INFO] [task_scheduler.cc:137] [Task #0: main] Trial #187: GFLOPs: 106.7389. Time: 1414.6201 us. Best GFLOPs: 117.7777
2026-04-07 13:29:22 [INFO] [task_scheduler.cc:137] [Task #0: main] Trial #188: GFLOPs: 85.8537. Time: 1758.7464 us. Best GFLOPs: 117.7777
2026-04-07 13:29:22 [INFO] [task_scheduler.cc:137] [Task #0: main] Trial #189: GFLOPs: 74.4456. Time: 2028.2601 us. Best GFLOPs: 117.7777
2026-04-07 13:29:22 [INFO] [task_scheduler.cc:137] [Task #0: main] Trial #190: GFLOPs: 38.6457. Time: 3907.1610 us. Best GFLOPs: 117.7777
2026-04-07 13:29:22 [INFO] [task_scheduler.cc:137] [Task #0: main] Trial #191: GFLOPs: 37.0706. Time: 4073.1679 us. Best GFLOPs: 117.7777
2026-04-07 13:29:22 [INFO] [task_scheduler.cc:137] [Task #0: main] Trial #192: GFLOPs: 74.1898. Time: 2035.2534 us. Best GFLOPs: 117.7777
2026-04-07 13:29:22 [INFO] [evolutionary_search.cc:711] Generating candidates......
2026-04-07 13:29:23 [INFO] [evolutionary_search.cc:713] Picked top 122 candidate(s) from database
2026-04-07 13:29:23 [INFO] [evolutionary_search.cc:530] Sample-Init-Population summary:
Postproc #0 [meta_schedule.DisallowDynamicLoop(0x5bdf3c4dfbb8)]: 0 failure(s)
Postproc #1 [meta_schedule.RewriteParallelVectorizeUnroll(0x5bdf3c841c38)]: 0 failure(s)
Postproc #2 [meta_schedule.RewriteReductionBlock(0x5bdf3c759378)]: 0 failure(s)
Postproc #3 [meta_schedule.RewriteLayout(0x5bdf3c41f668)]: 0 failure(s)
2026-04-07 13:29:23 [INFO] [evolutionary_search.cc:721] Sampled 492 candidate(s)
2026-04-07 13:29:24 [INFO] [evolutionary_search.cc:619] Evolve iter #0 done. Summary:
Postproc #0 [meta_schedule.DisallowDynamicLoop(0x5bdf3c4dfbb8)]: 0 failure(s)
Postproc #1 [meta_schedule.RewriteParallelVectorizeUnroll(0x5bdf3c841c38)]: 0 failure(s)
Postproc #2 [meta_schedule.RewriteReductionBlock(0x5bdf3c759378)]: 0 failure(s)
Postproc #3 [meta_schedule.RewriteLayout(0x5bdf3c41f668)]: 0 failure(s)
2026-04-07 13:29:25 [INFO] [evolutionary_search.cc:619] Evolve iter #1 done. Summary:
Postproc #0 [meta_schedule.DisallowDynamicLoop(0x5bdf3c4dfbb8)]: 0 failure(s)
Postproc #1 [meta_schedule.RewriteParallelVectorizeUnroll(0x5bdf3c841c38)]: 0 failure(s)
Postproc #2 [meta_schedule.RewriteReductionBlock(0x5bdf3c759378)]: 0 failure(s)
Postproc #3 [meta_schedule.RewriteLayout(0x5bdf3c41f668)]: 0 failure(s)
2026-04-07 13:29:26 [INFO] [evolutionary_search.cc:619] Evolve iter #2 done. Summary:
Postproc #0 [meta_schedule.DisallowDynamicLoop(0x5bdf3c4dfbb8)]: 0 failure(s)
Postproc #1 [meta_schedule.RewriteParallelVectorizeUnroll(0x5bdf3c841c38)]: 0 failure(s)
Postproc #2 [meta_schedule.RewriteReductionBlock(0x5bdf3c759378)]: 0 failure(s)
Postproc #3 [meta_schedule.RewriteLayout(0x5bdf3c41f668)]: 0 failure(s)
2026-04-07 13:29:27 [INFO] [evolutionary_search.cc:619] Evolve iter #3 done. Summary:
Postproc #0 [meta_schedule.DisallowDynamicLoop(0x5bdf3c4dfbb8)]: 0 failure(s)
Postproc #1 [meta_schedule.RewriteParallelVectorizeUnroll(0x5bdf3c841c38)]: 0 failure(s)
Postproc #2 [meta_schedule.RewriteReductionBlock(0x5bdf3c759378)]: 0 failure(s)
Postproc #3 [meta_schedule.RewriteLayout(0x5bdf3c41f668)]: 0 failure(s)
2026-04-07 13:29:28 [INFO] [evolutionary_search.cc:647] Scores of the best 38 candidates:
[1 : 16]:	0.9480  0.9468  0.9413  0.9262  0.9252  0.9229  0.9215  0.9143  0.9101  0.9069  0.9032  0.8957  0.8957  0.8934  0.8873  0.8868
[17 : 32]:	0.8868  0.8868  0.8839  0.8775  0.8754  0.8701  0.8685  0.8648  0.8574  0.8547  0.8536  0.8513  0.8436  0.8409  0.8364  0.8364
[33 : 38]:	0.8355  0.8347  0.8230  0.8187  0.8165  0.8139
2026-04-07 13:29:28 [INFO] [evolutionary_search.cc:725] Got 38 candidate(s) with evolutionary search
2026-04-07 13:29:28 [INFO] [evolutionary_search.cc:728] Sending 38 candidates(s) for measurement
2026-04-07 13:29:46 [INFO] [task_scheduler.cc:137] [Task #0: main] Trial #193: GFLOPs: 120.3130. Time: 1255.0181 us. Best GFLOPs: 120.3130
2026-04-07 13:29:46 [INFO] [task_scheduler.cc:137] [Task #0: main] Trial #194: GFLOPs: 111.6158. Time: 1352.8092 us. Best GFLOPs: 120.3130
2026-04-07 13:29:46 [INFO] [task_scheduler.cc:137] [Task #0: main] Trial #195: GFLOPs: 93.7536. Time: 1610.5505 us. Best GFLOPs: 120.3130
2026-04-07 13:29:46 [INFO] [task_scheduler.cc:137] [Task #0: main] Trial #196: GFLOPs: 104.3931. Time: 1446.4075 us. Best GFLOPs: 120.3130
2026-04-07 13:29:46 [INFO] [task_scheduler.cc:137] [Task #0: main] Trial #197: GFLOPs: 114.1381. Time: 1322.9139 us. Best GFLOPs: 120.3130
2026-04-07 13:29:46 [INFO] [task_scheduler.cc:137] [Task #0: main] Trial #198: GFLOPs: 108.3985. Time: 1392.9620 us. Best GFLOPs: 120.3130
2026-04-07 13:29:46 [INFO] [task_scheduler.cc:137] [Task #0: main] Trial #199: GFLOPs: 100.4742. Time: 1502.8223 us. Best GFLOPs: 120.3130
2026-04-07 13:29:46 [INFO] [task_scheduler.cc:137] [Task #0: main] Trial #200: GFLOPs: 115.2909. Time: 1309.6870 us. Best GFLOPs: 120.3130
2026-04-07 13:29:46 [INFO] [task_scheduler.cc:137] [Task #0: main] Trial #201: GFLOPs: 107.6714. Time: 1402.3686 us. Best GFLOPs: 120.3130
2026-04-07 13:29:46 [INFO] [task_scheduler.cc:137] [Task #0: main] Trial #202: GFLOPs: 91.7482. Time: 1645.7540 us. Best GFLOPs: 120.3130
2026-04-07 13:29:46 [INFO] [task_scheduler.cc:137] [Task #0: main] Trial #203: GFLOPs: 104.4272. Time: 1445.9346 us. Best GFLOPs: 120.3130
2026-04-07 13:29:46 [INFO] [task_scheduler.cc:137] [Task #0: main] Trial #204: GFLOPs: 112.3898. Time: 1343.4930 us. Best GFLOPs: 120.3130
2026-04-07 13:29:46 [INFO] [task_scheduler.cc:137] [Task #0: main] Trial #205: GFLOPs: 95.7015. Time: 1577.7699 us. Best GFLOPs: 120.3130
2026-04-07 13:29:46 [INFO] [task_scheduler.cc:137] [Task #0: main] Trial #206: GFLOPs: 108.0989. Time: 1396.8219 us. Best GFLOPs: 120.3130
2026-04-07 13:29:46 [INFO] [task_scheduler.cc:137] [Task #0: main] Trial #207: GFLOPs: 101.8957. Time: 1481.8582 us. Best GFLOPs: 120.3130
2026-04-07 13:29:46 [INFO] [task_scheduler.cc:137] [Task #0: main] Trial #208: GFLOPs: 91.9395. Time: 1642.3301 us. Best GFLOPs: 120.3130
2026-04-07 13:29:46 [INFO] [task_scheduler.cc:137] [Task #0: main] Trial #209: GFLOPs: 85.4855. Time: 1766.3232 us. Best GFLOPs: 120.3130
2026-04-07 13:29:46 [INFO] [task_scheduler.cc:137] [Task #0: main] Trial #210: GFLOPs: 100.3136. Time: 1505.2291 us. Best GFLOPs: 120.3130
2026-04-07 13:29:46 [INFO] [task_scheduler.cc:137] [Task #0: main] Trial #211: GFLOPs: 115.0479. Time: 1312.4533 us. Best GFLOPs: 120.3130
2026-04-07 13:29:46 [INFO] [task_scheduler.cc:137] [Task #0: main] Trial #212: GFLOPs: 97.3199. Time: 1551.5322 us. Best GFLOPs: 120.3130
2026-04-07 13:29:46 [INFO] [task_scheduler.cc:137] [Task #0: main] Trial #213: GFLOPs: 106.0403. Time: 1423.9399 us. Best GFLOPs: 120.3130
2026-04-07 13:29:46 [INFO] [task_scheduler.cc:137] [Task #0: main] Trial #214: GFLOPs: 117.5981. Time: 1283.9912 us. Best GFLOPs: 120.3130
2026-04-07 13:29:46 [INFO] [task_scheduler.cc:137] [Task #0: main] Trial #215: GFLOPs: 113.7368. Time: 1327.5817 us. Best GFLOPs: 120.3130
2026-04-07 13:29:46 [INFO] [task_scheduler.cc:137] [Task #0: main] Trial #216: GFLOPs: 104.3522. Time: 1446.9743 us. Best GFLOPs: 120.3130
2026-04-07 13:29:46 [INFO] [task_scheduler.cc:137] [Task #0: main] Trial #217: GFLOPs: 96.1370. Time: 1570.6220 us. Best GFLOPs: 120.3130
2026-04-07 13:29:46 [INFO] [task_scheduler.cc:137] [Task #0: main] Trial #218: GFLOPs: 113.9673. Time: 1324.8975 us. Best GFLOPs: 120.3130
2026-04-07 13:29:46 [INFO] [task_scheduler.cc:137] [Task #0: main] Trial #219: GFLOPs: 97.0716. Time: 1555.5012 us. Best GFLOPs: 120.3130
2026-04-07 13:29:46 [INFO] [task_scheduler.cc:137] [Task #0: main] Trial #220: GFLOPs: 71.0211. Time: 2126.0574 us. Best GFLOPs: 120.3130
2026-04-07 13:29:46 [INFO] [task_scheduler.cc:137] [Task #0: main] Trial #221: GFLOPs: 109.8580. Time: 1374.4553 us. Best GFLOPs: 120.3130
2026-04-07 13:29:46 [INFO] [task_scheduler.cc:137] [Task #0: main] Trial #222: GFLOPs: 68.7643. Time: 2195.8331 us. Best GFLOPs: 120.3130
2026-04-07 13:29:46 [INFO] [task_scheduler.cc:137] [Task #0: main] Trial #223: GFLOPs: 84.6558. Time: 1783.6342 us. Best GFLOPs: 120.3130
2026-04-07 13:29:46 [INFO] [task_scheduler.cc:137] [Task #0: main] Trial #224: GFLOPs: 87.6139. Time: 1723.4138 us. Best GFLOPs: 120.3130
2026-04-07 13:29:46 [INFO] [task_scheduler.cc:137] [Task #0: main] Trial #225: GFLOPs: 64.3840. Time: 2345.2246 us. Best GFLOPs: 120.3130
2026-04-07 13:29:46 [INFO] [task_scheduler.cc:137] [Task #0: main] Trial #226: GFLOPs: 92.4858. Time: 1632.6286 us. Best GFLOPs: 120.3130
2026-04-07 13:29:46 [INFO] [task_scheduler.cc:137] [Task #0: main] Trial #227: GFLOPs: 70.8298. Time: 2131.7992 us. Best GFLOPs: 120.3130
2026-04-07 13:29:46 [INFO] [task_scheduler.cc:137] [Task #0: main] Trial #228: GFLOPs: 78.1890. Time: 1931.1524 us. Best GFLOPs: 120.3130
2026-04-07 13:29:46 [INFO] [task_scheduler.cc:137] [Task #0: main] Trial #229: GFLOPs: 111.2352. Time: 1357.4391 us. Best GFLOPs: 120.3130
2026-04-07 13:29:46 [INFO] [task_scheduler.cc:137] [Task #0: main] Trial #230: GFLOPs: 46.4353. Time: 3251.7307 us. Best GFLOPs: 120.3130
