2026-04-07 19:19:48 [INFO] Logging directory: research/results/metaschedule/8020/iter_01/737afb813d7b01eb/qkv/M_384/logs
2026-04-07 19:19:48 [INFO] [task_scheduler.cc:165] Initializing Task #0: "main"
2026-04-07 19:19:48 [INFO] [task_scheduler.cc:326] 
 ID | Name |      FLOP | Weight | Speed (GFLOPS) | Latency (us) | Weighted Latency (us) | Trials | Done 
--------------------------------------------------------------------------------------------------------
  0 | main | 452984832 |      1 |            N/A |          N/A |                   N/A |      0 |      
--------------------------------------------------------------------------------------------------------
Total trials: 0
Total latency (us): 0

2026-04-07 19:19:48 [INFO] [task_scheduler.cc:186] TaskScheduler picks Task #0: "main"
2026-04-07 19:19:49 [INFO] [task_scheduler.cc:199] Sending 64 sample(s) to builder
2026-04-07 19:20:00 [INFO] [task_scheduler.cc:201] Sending 64 sample(s) to runner
2026-04-07 19:20:11 [DEBUG] XGB iter   0: tr-p-rmse: 0.424941	tr-a-peak@32: 1.000000	tr-rmse: 0.282104	tr-rmse: 0.282104
2026-04-07 19:20:11 [DEBUG] XGB iter  25: tr-p-rmse: 0.056441	tr-a-peak@32: 1.000000	tr-rmse: 0.312202	tr-rmse: 0.312202
2026-04-07 19:20:11 [DEBUG] XGB iter  50: tr-p-rmse: 0.056437	tr-a-peak@32: 1.000000	tr-rmse: 0.312209	tr-rmse: 0.312209
2026-04-07 19:20:11 [DEBUG] XGB iter  75: tr-p-rmse: 0.056437	tr-a-peak@32: 1.000000	tr-rmse: 0.312209	tr-rmse: 0.312209
2026-04-07 19:20:11 [DEBUG] XGB stopped. Best iteration: [29] tr-p-rmse:0.05644	tr-a-peak@32:1.00000	tr-rmse:0.31221	tr-rmse:0.31221 
2026-04-07 19:20:11 [INFO] [task_scheduler.cc:243] [Updated] Task #0: "main"
2026-04-07 19:20:11 [INFO] [task_scheduler.cc:326] 
 ID | Name |      FLOP | Weight | Speed (GFLOPS) | Latency (us) | Weighted Latency (us) | Trials | Done 
--------------------------------------------------------------------------------------------------------
  0 | main | 452984832 |      1 |       117.9373 |    3840.8940 |             3840.8940 |     64 |      
--------------------------------------------------------------------------------------------------------
Total trials: 64
Total latency (us): 3840.89

2026-04-07 19:20:11 [INFO] [task_scheduler.cc:186] TaskScheduler picks Task #0: "main"
2026-04-07 19:20:12 [INFO] [task_scheduler.cc:199] Sending 13 sample(s) to builder
2026-04-07 19:20:20 [INFO] [task_scheduler.cc:201] Sending 13 sample(s) to runner
2026-04-07 19:20:22 [DEBUG] XGB validation: p-rmse: 0.285060	a-peak@32: 0.951563
2026-04-07 19:20:22 [DEBUG] XGB iter   0: tr-p-rmse: 0.412683	tr-a-peak@32: 0.983359	tr-rmse: 0.282896	tr-rmse: 0.282896
2026-04-07 19:20:22 [DEBUG] XGB iter  25: tr-p-rmse: 0.050553	tr-a-peak@32: 1.000000	tr-rmse: 0.318647	tr-rmse: 0.318647
2026-04-07 19:20:22 [DEBUG] XGB iter  50: tr-p-rmse: 0.049554	tr-a-peak@32: 1.000000	tr-rmse: 0.318859	tr-rmse: 0.318859
2026-04-07 19:20:22 [DEBUG] XGB iter  75: tr-p-rmse: 0.049554	tr-a-peak@32: 1.000000	tr-rmse: 0.318859	tr-rmse: 0.318859
2026-04-07 19:20:22 [DEBUG] XGB stopped. Best iteration: [42] tr-p-rmse:0.04955	tr-a-peak@32:1.00000	tr-rmse:0.31886	tr-rmse:0.31886 
2026-04-07 19:20:22 [INFO] [task_scheduler.cc:243] [Updated] Task #0: "main"
2026-04-07 19:20:22 [INFO] [task_scheduler.cc:326] 
 ID | Name |      FLOP | Weight | Speed (GFLOPS) | Latency (us) | Weighted Latency (us) | Trials | Done 
--------------------------------------------------------------------------------------------------------
  0 | main | 452984832 |      1 |       117.9373 |    3840.8940 |             3840.8940 |     77 |      
--------------------------------------------------------------------------------------------------------
Total trials: 77
Total latency (us): 3840.89

2026-04-07 19:20:22 [INFO] [task_scheduler.cc:266] Task #0 has finished. Remaining task(s): 0
2026-04-07 19:20:22 [INFO] [task_scheduler.cc:326] 
 ID | Name |      FLOP | Weight | Speed (GFLOPS) | Latency (us) | Weighted Latency (us) | Trials | Done 
--------------------------------------------------------------------------------------------------------
  0 | main | 452984832 |      1 |       117.9373 |    3840.8940 |             3840.8940 |     77 |    Y 
--------------------------------------------------------------------------------------------------------
Total trials: 77
Total latency (us): 3840.89

2026-04-07 19:20:23 [INFO] LocalBuilder: max_workers = 12
2026-04-07 19:20:24 [INFO] LocalRunner: max_workers = 1
2026-04-10 15:54:00 [INFO] Logging directory: research/results/metaschedule/8020/iter_01/737afb813d7b01eb/qkv/M_384/logs
2026-04-10 15:54:00 [INFO] [task_scheduler.cc:165] Initializing Task #0: "main"
2026-04-10 15:54:00 [INFO] [task_scheduler.cc:326] 
 ID | Name |      FLOP | Weight | Speed (GFLOPS) | Latency (us) | Weighted Latency (us) | Trials | Done 
--------------------------------------------------------------------------------------------------------
  0 | main | 452984832 |      1 |            N/A |          N/A |                   N/A |      0 |      
--------------------------------------------------------------------------------------------------------
Total trials: 0
Total latency (us): 0

2026-04-10 15:54:00 [INFO] [task_scheduler.cc:186] TaskScheduler picks Task #0: "main"
2026-04-10 15:54:01 [INFO] [task_scheduler.cc:199] Sending 64 sample(s) to builder
2026-04-10 15:54:10 [INFO] [task_scheduler.cc:201] Sending 64 sample(s) to runner
2026-04-10 15:54:22 [INFO] LocalBuilder: max_workers = 12
2026-04-10 15:54:23 [INFO] LocalRunner: max_workers = 1
