2026-04-07 14:37:58 [INFO] [task_scheduler.cc:166] Initializing Task #0: "main"
2026-04-07 14:37:58 [INFO] [task_scheduler.cc:41] 
# from tvm.script import ir as I
# from tvm.script import tir as T

@I.ir_module
class Module:
    @T.prim_func
    def main(A: T.Buffer((16, 768), "float32"), B: T.Buffer((768, 3072), "float32"), C: T.Buffer((16, 3072), "float32")):
        T.func_attr({"tir.noalias": True})
        # with T.block("root"):
        for i, j, k in T.grid(16, 3072, 768):
            with T.block("C"):
                vi, vj, vk = T.axis.remap("SSR", [i, j, k])
                T.reads(A[vi, vk], B[vk, vj])
                T.writes(C[vi, vj])
                with T.init():
                    C[vi, vj] = T.float32(0.0)
                C[vi, vj] = C[vi, vj] + A[vi, vk] * B[vk, vj]
2026-04-07 14:37:58 [INFO] [task_scheduler.cc:170] Total 3 design space(s) generated
2026-04-07 14:37:58 [INFO] [task_scheduler.cc:176] Design space #0:
# from tvm.script import ir as I
# from tvm.script import tir as T

@I.ir_module
class Module:
    @T.prim_func
    def main(A: T.Buffer((16, 768), "float32"), B: T.Buffer((768, 3072), "float32"), C: T.Buffer((16, 3072), "float32")):
        T.func_attr({"tir.noalias": True})
        with T.block("root"):
            T.reads()
            T.writes()
            T.block_attr({"meta_schedule.parallel": 128, "meta_schedule.unroll_explicit": 64, "meta_schedule.vectorize": 64})
            C_global = T.alloc_buffer((16, 3072))
            for i_0, j_0, i_1, j_1 in T.grid(1, 32, 1, 16):
                for k_0, i_2, j_2, k_1, i_3, j_3 in T.grid(768, 2, 2, 1, 8, 3):
                    with T.block("C"):
                        vi = T.axis.spatial(16, i_0 * 16 + i_1 * 16 + i_2 * 8 + i_3)
                        vj = T.axis.spatial(3072, j_0 * 96 + j_1 * 6 + j_2 * 3 + j_3)
                        vk = T.axis.reduce(768, k_0 + k_1)
                        T.reads(A[vi, vk], B[vk, vj])
                        T.writes(C_global[vi, vj])
                        T.block_attr({"meta_schedule.tiling_structure": "SSRSRS"})
                        with T.init():
                            C_global[vi, vj] = T.float32(0.0)
                        C_global[vi, vj] = C_global[vi, vj] + A[vi, vk] * B[vk, vj]
                for ax0, ax1 in T.grid(16, 6):
                    with T.block("C_global"):
                        v0 = T.axis.spatial(16, ax0)
                        v1 = T.axis.spatial(3072, j_0 * 96 + j_1 * 6 + ax1)
                        T.reads(C_global[v0, v1])
                        T.writes(C[v0, v1])
                        C[v0, v1] = C_global[v0, v1]
b0 = sch.get_block(name="C", func_name="main")
b1 = sch.get_block(name="root", func_name="main")
sch.annotate(block_or_loop=b0, ann_key="meta_schedule.tiling_structure", ann_val="SSRSRS")
l2, l3, l4 = sch.get_loops(block=b0)
v5, v6, v7, v8 = sch.sample_perfect_tile(loop=l2, n=4, max_innermost_factor=64, decision=[1, 1, 2, 8])
l9, l10, l11, l12 = sch.split(loop=l2, factors=[v5, v6, v7, v8], preserve_unit_iters=True, disable_predication=False)
v13, v14, v15, v16 = sch.sample_perfect_tile(loop=l3, n=4, max_innermost_factor=64, decision=[32, 16, 2, 3])
l17, l18, l19, l20 = sch.split(loop=l3, factors=[v13, v14, v15, v16], preserve_unit_iters=True, disable_predication=False)
v21, v22 = sch.sample_perfect_tile(loop=l4, n=2, max_innermost_factor=64, decision=[768, 1])
l23, l24 = sch.split(loop=l4, factors=[v21, v22], preserve_unit_iters=True, disable_predication=False)
sch.reorder(l9, l17, l10, l18, l23, l11, l19, l24, l12, l20)
b25 = sch.cache_write(block=b0, write_buffer_index=0, storage_scope="global")
sch.reverse_compute_at(block=b25, loop=l18, preserve_unit_loops=True, index=-1)
sch.annotate(block_or_loop=b1, ann_key="meta_schedule.parallel", ann_val=128)
sch.annotate(block_or_loop=b1, ann_key="meta_schedule.vectorize", ann_val=64)
v26 = sch.sample_categorical(candidates=[0, 16, 64, 512], probs=[0.25, 0.25, 0.25, 0.25], decision=2)
sch.annotate(block_or_loop=b1, ann_key="meta_schedule.unroll_explicit", ann_val=v26)
2026-04-07 14:37:58 [INFO] [task_scheduler.cc:176] Design space #1:
# from tvm.script import ir as I
# from tvm.script import tir as T

@I.ir_module
class Module:
    @T.prim_func
    def main(A: T.Buffer((16, 768), "float32"), B: T.Buffer((768, 3072), "float32"), C: T.Buffer((16, 3072), "float32")):
        T.func_attr({"tir.noalias": True})
        with T.block("root"):
            T.reads()
            T.writes()
            T.block_attr({"meta_schedule.parallel": 128, "meta_schedule.unroll_explicit": 0, "meta_schedule.vectorize": 64})
            C_global = T.alloc_buffer((16, 3072))
            for i_0, j_0 in T.grid(1, 32):
                for i_1, j_1, k_0, i_2, j_2, k_1, i_3, j_3 in T.grid(1, 16, 768, 2, 2, 1, 8, 3):
                    with T.block("C"):
                        vi = T.axis.spatial(16, i_0 * 16 + i_1 * 16 + i_2 * 8 + i_3)
                        vj = T.axis.spatial(3072, j_0 * 96 + j_1 * 6 + j_2 * 3 + j_3)
                        vk = T.axis.reduce(768, k_0 + k_1)
                        T.reads(A[vi, vk], B[vk, vj])
                        T.writes(C_global[vi, vj])
                        T.block_attr({"meta_schedule.tiling_structure": "SSRSRS"})
                        with T.init():
                            C_global[vi, vj] = T.float32(0.0)
                        C_global[vi, vj] = C_global[vi, vj] + A[vi, vk] * B[vk, vj]
                for ax0, ax1 in T.grid(16, 96):
                    with T.block("C_global"):
                        v0 = T.axis.spatial(16, ax0)
                        v1 = T.axis.spatial(3072, j_0 * 96 + ax1)
                        T.reads(C_global[v0, v1])
                        T.writes(C[v0, v1])
                        C[v0, v1] = C_global[v0, v1]
b0 = sch.get_block(name="C", func_name="main")
b1 = sch.get_block(name="root", func_name="main")
sch.annotate(block_or_loop=b0, ann_key="meta_schedule.tiling_structure", ann_val="SSRSRS")
l2, l3, l4 = sch.get_loops(block=b0)
v5, v6, v7, v8 = sch.sample_perfect_tile(loop=l2, n=4, max_innermost_factor=64, decision=[1, 1, 2, 8])
l9, l10, l11, l12 = sch.split(loop=l2, factors=[v5, v6, v7, v8], preserve_unit_iters=True, disable_predication=False)
v13, v14, v15, v16 = sch.sample_perfect_tile(loop=l3, n=4, max_innermost_factor=64, decision=[32, 16, 2, 3])
l17, l18, l19, l20 = sch.split(loop=l3, factors=[v13, v14, v15, v16], preserve_unit_iters=True, disable_predication=False)
v21, v22 = sch.sample_perfect_tile(loop=l4, n=2, max_innermost_factor=64, decision=[768, 1])
l23, l24 = sch.split(loop=l4, factors=[v21, v22], preserve_unit_iters=True, disable_predication=False)
sch.reorder(l9, l17, l10, l18, l23, l11, l19, l24, l12, l20)
b25 = sch.cache_write(block=b0, write_buffer_index=0, storage_scope="global")
sch.reverse_compute_at(block=b25, loop=l17, preserve_unit_loops=True, index=-1)
sch.annotate(block_or_loop=b1, ann_key="meta_schedule.parallel", ann_val=128)
sch.annotate(block_or_loop=b1, ann_key="meta_schedule.vectorize", ann_val=64)
v26 = sch.sample_categorical(candidates=[0, 16, 64, 512], probs=[0.25, 0.25, 0.25, 0.25], decision=0)
sch.annotate(block_or_loop=b1, ann_key="meta_schedule.unroll_explicit", ann_val=v26)
2026-04-07 14:37:58 [INFO] [task_scheduler.cc:176] Design space #2:
# from tvm.script import ir as I
# from tvm.script import tir as T

@I.ir_module
class Module:
    @T.prim_func
    def main(A: T.Buffer((16, 768), "float32"), B: T.Buffer((768, 3072), "float32"), C: T.Buffer((16, 3072), "float32")):
        T.func_attr({"tir.noalias": True})
        with T.block("root"):
            T.reads()
            T.writes()
            T.block_attr({"meta_schedule.parallel": 128, "meta_schedule.unroll_explicit": 64, "meta_schedule.vectorize": 64})
            for i_0, j_0, i_1, j_1, k_0, i_2, j_2, k_1, i_3, j_3 in T.grid(1, 32, 1, 16, 768, 2, 2, 1, 8, 3):
                with T.block("C"):
                    vi = T.axis.spatial(16, i_0 * 16 + i_1 * 16 + i_2 * 8 + i_3)
                    vj = T.axis.spatial(3072, j_0 * 96 + j_1 * 6 + j_2 * 3 + j_3)
                    vk = T.axis.reduce(768, k_0 + k_1)
                    T.reads(A[vi, vk], B[vk, vj])
                    T.writes(C[vi, vj])
                    T.block_attr({"meta_schedule.tiling_structure": "SSRSRS"})
                    with T.init():
                        C[vi, vj] = T.float32(0.0)
                    C[vi, vj] = C[vi, vj] + A[vi, vk] * B[vk, vj]
b0 = sch.get_block(name="C", func_name="main")
b1 = sch.get_block(name="root", func_name="main")
sch.annotate(block_or_loop=b0, ann_key="meta_schedule.tiling_structure", ann_val="SSRSRS")
l2, l3, l4 = sch.get_loops(block=b0)
v5, v6, v7, v8 = sch.sample_perfect_tile(loop=l2, n=4, max_innermost_factor=64, decision=[1, 1, 2, 8])
l9, l10, l11, l12 = sch.split(loop=l2, factors=[v5, v6, v7, v8], preserve_unit_iters=True, disable_predication=False)
v13, v14, v15, v16 = sch.sample_perfect_tile(loop=l3, n=4, max_innermost_factor=64, decision=[32, 16, 2, 3])
l17, l18, l19, l20 = sch.split(loop=l3, factors=[v13, v14, v15, v16], preserve_unit_iters=True, disable_predication=False)
v21, v22 = sch.sample_perfect_tile(loop=l4, n=2, max_innermost_factor=64, decision=[768, 1])
l23, l24 = sch.split(loop=l4, factors=[v21, v22], preserve_unit_iters=True, disable_predication=False)
sch.reorder(l9, l17, l10, l18, l23, l11, l19, l24, l12, l20)
sch.annotate(block_or_loop=b1, ann_key="meta_schedule.parallel", ann_val=128)
sch.annotate(block_or_loop=b1, ann_key="meta_schedule.vectorize", ann_val=64)
v25 = sch.sample_categorical(candidates=[0, 16, 64, 512], probs=[0.25, 0.25, 0.25, 0.25], decision=2)
sch.annotate(block_or_loop=b1, ann_key="meta_schedule.unroll_explicit", ann_val=v25)
2026-04-07 14:37:58 [INFO] [evolutionary_search.cc:711] Generating candidates......
2026-04-07 14:37:58 [INFO] [evolutionary_search.cc:713] Picked top 0 candidate(s) from database
2026-04-07 14:37:58 [INFO] [evolutionary_search.cc:530] Sample-Init-Population summary:
Postproc #0 [meta_schedule.DisallowDynamicLoop(0x5bdf3ef096b8)]: 0 failure(s)
Postproc #1 [meta_schedule.RewriteParallelVectorizeUnroll(0x5bdf3ef4be68)]: 0 failure(s)
Postproc #2 [meta_schedule.RewriteReductionBlock(0x5bdf3eef68f8)]: 0 failure(s)
Postproc #3 [meta_schedule.RewriteLayout(0x5bdf3f631098)]: 0 failure(s)
2026-04-07 14:37:58 [INFO] [evolutionary_search.cc:721] Sampled 609 candidate(s)
2026-04-07 14:37:59 [INFO] [evolutionary_search.cc:619] Evolve iter #0 done. Summary:
Postproc #0 [meta_schedule.DisallowDynamicLoop(0x5bdf3ef096b8)]: 0 failure(s)
Postproc #1 [meta_schedule.RewriteParallelVectorizeUnroll(0x5bdf3ef4be68)]: 0 failure(s)
Postproc #2 [meta_schedule.RewriteReductionBlock(0x5bdf3eef68f8)]: 0 failure(s)
Postproc #3 [meta_schedule.RewriteLayout(0x5bdf3f631098)]: 0 failure(s)
2026-04-07 14:37:59 [INFO] [evolutionary_search.cc:619] Evolve iter #1 done. Summary:
Postproc #0 [meta_schedule.DisallowDynamicLoop(0x5bdf3ef096b8)]: 0 failure(s)
Postproc #1 [meta_schedule.RewriteParallelVectorizeUnroll(0x5bdf3ef4be68)]: 0 failure(s)
Postproc #2 [meta_schedule.RewriteReductionBlock(0x5bdf3eef68f8)]: 0 failure(s)
Postproc #3 [meta_schedule.RewriteLayout(0x5bdf3f631098)]: 0 failure(s)
2026-04-07 14:38:00 [INFO] [evolutionary_search.cc:619] Evolve iter #2 done. Summary:
Postproc #0 [meta_schedule.DisallowDynamicLoop(0x5bdf3ef096b8)]: 0 failure(s)
Postproc #1 [meta_schedule.RewriteParallelVectorizeUnroll(0x5bdf3ef4be68)]: 0 failure(s)
Postproc #2 [meta_schedule.RewriteReductionBlock(0x5bdf3eef68f8)]: 0 failure(s)
Postproc #3 [meta_schedule.RewriteLayout(0x5bdf3f631098)]: 0 failure(s)
2026-04-07 14:38:00 [INFO] [evolutionary_search.cc:619] Evolve iter #3 done. Summary:
Postproc #0 [meta_schedule.DisallowDynamicLoop(0x5bdf3ef096b8)]: 0 failure(s)
Postproc #1 [meta_schedule.RewriteParallelVectorizeUnroll(0x5bdf3ef4be68)]: 0 failure(s)
Postproc #2 [meta_schedule.RewriteReductionBlock(0x5bdf3eef68f8)]: 0 failure(s)
Postproc #3 [meta_schedule.RewriteLayout(0x5bdf3f631098)]: 0 failure(s)
2026-04-07 14:38:00 [INFO] [evolutionary_search.cc:647] Scores of the best 32 candidates:
[1 : 16]:	0.9999  0.9998  0.9991  0.9990  0.9987  0.9982  0.9971  0.9967  0.9962  0.9953  0.9950  0.9945  0.9920  0.9920  0.9920  0.9915
[17 : 32]:	0.9911  0.9911  0.9899  0.9898  0.9892  0.9891  0.9891  0.9891  0.9888  0.9883  0.9873  0.9873  0.9871  0.9869  0.9866  0.9855
2026-04-07 14:38:00 [INFO] [evolutionary_search.cc:725] Got 32 candidate(s) with evolutionary search
2026-04-07 14:38:00 [INFO] [evolutionary_search.cc:728] Sending 32 candidates(s) for measurement
2026-04-07 14:38:21 [INFO] [task_scheduler.cc:137] [Task #0: main] Trial #1: GFLOPs: 17.9930. Time: 4195.9473 us. Best GFLOPs: 17.9930
2026-04-07 14:38:21 [INFO] [task_scheduler.cc:137] [Task #0: main] Trial #2: GFLOPs: 21.2200. Time: 3557.8409 us. Best GFLOPs: 21.2200
2026-04-07 14:38:21 [INFO] [task_scheduler.cc:137] [Task #0: main] Trial #3: GFLOPs: 5.5355. Time: 13638.7866 us. Best GFLOPs: 21.2200
2026-04-07 14:38:21 [INFO] [task_scheduler.cc:137] [Task #0: main] Trial #4: GFLOPs: 26.9349. Time: 2802.9661 us. Best GFLOPs: 26.9349
2026-04-07 14:38:21 [INFO] [task_scheduler.cc:137] [Task #0: main] Trial #5: GFLOPs: 2.2320. Time: 33825.6728 us. Best GFLOPs: 26.9349
2026-04-07 14:38:21 [INFO] [task_scheduler.cc:137] [Task #0: main] Trial #6: GFLOPs: 14.2789. Time: 5287.3559 us. Best GFLOPs: 26.9349
2026-04-07 14:38:21 [INFO] [task_scheduler.cc:137] [Task #0: main] Trial #7: GFLOPs: 32.9131. Time: 2293.8447 us. Best GFLOPs: 32.9131
2026-04-07 14:38:21 [INFO] [task_scheduler.cc:137] [Task #0: main] Trial #8: GFLOPs: 20.6201. Time: 3661.3560 us. Best GFLOPs: 32.9131
2026-04-07 14:38:21 [INFO] [task_scheduler.cc:137] [Task #0: main] Trial #9: GFLOPs: 4.9159. Time: 15357.8451 us. Best GFLOPs: 32.9131
2026-04-07 14:38:21 [INFO] [task_scheduler.cc:137] [Task #0: main] Trial #10: GFLOPs: 41.5957. Time: 1815.0318 us. Best GFLOPs: 41.5957
2026-04-07 14:38:21 [INFO] [task_scheduler.cc:137] [Task #0: main] Trial #11: GFLOPs: 10.6595. Time: 7082.6597 us. Best GFLOPs: 41.5957
2026-04-07 14:38:21 [INFO] [task_scheduler.cc:137] [Task #0: main] Trial #12: GFLOPs: 41.6028. Time: 1814.7214 us. Best GFLOPs: 41.6028
2026-04-07 14:38:21 [INFO] [task_scheduler.cc:137] [Task #0: main] Trial #13: GFLOPs: 57.4335. Time: 1314.5193 us. Best GFLOPs: 57.4335
2026-04-07 14:38:21 [INFO] [task_scheduler.cc:137] [Task #0: main] Trial #14: GFLOPs: 24.0960. Time: 3133.1905 us. Best GFLOPs: 57.4335
2026-04-07 14:38:21 [INFO] [task_scheduler.cc:137] [Task #0: main] Trial #15: GFLOPs: 59.0236. Time: 1279.1062 us. Best GFLOPs: 59.0236
2026-04-07 14:38:21 [INFO] [task_scheduler.cc:137] [Task #0: main] Trial #16: GFLOPs: 29.6578. Time: 2545.6180 us. Best GFLOPs: 59.0236
2026-04-07 14:38:21 [INFO] [task_scheduler.cc:137] [Task #0: main] Trial #17: GFLOPs: 73.1295. Time: 1032.3809 us. Best GFLOPs: 73.1295
2026-04-07 14:38:21 [INFO] [task_scheduler.cc:137] [Task #0: main] Trial #18: GFLOPs: 43.4787. Time: 1736.4238 us. Best GFLOPs: 73.1295
2026-04-07 14:38:21 [INFO] [task_scheduler.cc:137] [Task #0: main] Trial #19: GFLOPs: 55.1798. Time: 1368.2075 us. Best GFLOPs: 73.1295
2026-04-07 14:38:21 [INFO] [task_scheduler.cc:137] [Task #0: main] Trial #20: GFLOPs: 44.2533. Time: 1706.0317 us. Best GFLOPs: 73.1295
2026-04-07 14:38:21 [INFO] [task_scheduler.cc:137] [Task #0: main] Trial #21: GFLOPs: 16.8171. Time: 4489.3388 us. Best GFLOPs: 73.1295
2026-04-07 14:38:21 [INFO] [task_scheduler.cc:137] [Task #0: main] Trial #22: GFLOPs: 25.3103. Time: 2982.8734 us. Best GFLOPs: 73.1295
2026-04-07 14:38:21 [INFO] [task_scheduler.cc:137] [Task #0: main] Trial #23: GFLOPs: 42.3032. Time: 1784.6765 us. Best GFLOPs: 73.1295
2026-04-07 14:38:21 [INFO] [task_scheduler.cc:137] [Task #0: main] Trial #24: GFLOPs: 65.8082. Time: 1147.2346 us. Best GFLOPs: 73.1295
2026-04-07 14:38:21 [INFO] [task_scheduler.cc:137] [Task #0: main] Trial #25: GFLOPs: 45.6807. Time: 1652.7200 us. Best GFLOPs: 73.1295
2026-04-07 14:38:21 [INFO] [task_scheduler.cc:137] [Task #0: main] Trial #26: GFLOPs: 15.8068. Time: 4776.2643 us. Best GFLOPs: 73.1295
2026-04-07 14:38:21 [INFO] [task_scheduler.cc:137] [Task #0: main] Trial #27: GFLOPs: 10.9896. Time: 6869.9102 us. Best GFLOPs: 73.1295
2026-04-07 14:38:21 [INFO] [task_scheduler.cc:137] [Task #0: main] Trial #28: GFLOPs: 30.9542. Time: 2439.0026 us. Best GFLOPs: 73.1295
2026-04-07 14:38:21 [INFO] [task_scheduler.cc:137] [Task #0: main] Trial #29: GFLOPs: 6.5272. Time: 11566.6689 us. Best GFLOPs: 73.1295
2026-04-07 14:38:21 [INFO] [task_scheduler.cc:137] [Task #0: main] Trial #30: GFLOPs: 9.9645. Time: 7576.6819 us. Best GFLOPs: 73.1295
2026-04-07 14:38:21 [INFO] [task_scheduler.cc:137] [Task #0: main] Trial #31: GFLOPs: 23.5835. Time: 3201.2850 us. Best GFLOPs: 73.1295
2026-04-07 14:38:21 [INFO] [task_scheduler.cc:137] [Task #0: main] Trial #32: GFLOPs: 16.4895. Time: 4578.5087 us. Best GFLOPs: 73.1295
2026-04-07 14:38:21 [INFO] [evolutionary_search.cc:711] Generating candidates......
2026-04-07 14:38:21 [INFO] [evolutionary_search.cc:713] Picked top 32 candidate(s) from database
2026-04-07 14:38:21 [INFO] [evolutionary_search.cc:530] Sample-Init-Population summary:
Postproc #0 [meta_schedule.DisallowDynamicLoop(0x5bdf3ef096b8)]: 0 failure(s)
Postproc #1 [meta_schedule.RewriteParallelVectorizeUnroll(0x5bdf3ef4be68)]: 0 failure(s)
Postproc #2 [meta_schedule.RewriteReductionBlock(0x5bdf3eef68f8)]: 0 failure(s)
Postproc #3 [meta_schedule.RewriteLayout(0x5bdf3f631098)]: 0 failure(s)
2026-04-07 14:38:21 [INFO] [evolutionary_search.cc:721] Sampled 577 candidate(s)
2026-04-07 14:38:21 [INFO] [evolutionary_search.cc:619] Evolve iter #0 done. Summary:
Postproc #0 [meta_schedule.DisallowDynamicLoop(0x5bdf3ef096b8)]: 0 failure(s)
Postproc #1 [meta_schedule.RewriteParallelVectorizeUnroll(0x5bdf3ef4be68)]: 0 failure(s)
Postproc #2 [meta_schedule.RewriteReductionBlock(0x5bdf3eef68f8)]: 0 failure(s)
Postproc #3 [meta_schedule.RewriteLayout(0x5bdf3f631098)]: 0 failure(s)
2026-04-07 14:38:22 [INFO] [evolutionary_search.cc:619] Evolve iter #1 done. Summary:
Postproc #0 [meta_schedule.DisallowDynamicLoop(0x5bdf3ef096b8)]: 0 failure(s)
Postproc #1 [meta_schedule.RewriteParallelVectorizeUnroll(0x5bdf3ef4be68)]: 0 failure(s)
Postproc #2 [meta_schedule.RewriteReductionBlock(0x5bdf3eef68f8)]: 0 failure(s)
Postproc #3 [meta_schedule.RewriteLayout(0x5bdf3f631098)]: 0 failure(s)
2026-04-07 14:38:22 [INFO] [evolutionary_search.cc:619] Evolve iter #2 done. Summary:
Postproc #0 [meta_schedule.DisallowDynamicLoop(0x5bdf3ef096b8)]: 0 failure(s)
Postproc #1 [meta_schedule.RewriteParallelVectorizeUnroll(0x5bdf3ef4be68)]: 0 failure(s)
Postproc #2 [meta_schedule.RewriteReductionBlock(0x5bdf3eef68f8)]: 0 failure(s)
Postproc #3 [meta_schedule.RewriteLayout(0x5bdf3f631098)]: 0 failure(s)
2026-04-07 14:38:22 [INFO] [evolutionary_search.cc:619] Evolve iter #3 done. Summary:
Postproc #0 [meta_schedule.DisallowDynamicLoop(0x5bdf3ef096b8)]: 0 failure(s)
Postproc #1 [meta_schedule.RewriteParallelVectorizeUnroll(0x5bdf3ef4be68)]: 0 failure(s)
Postproc #2 [meta_schedule.RewriteReductionBlock(0x5bdf3eef68f8)]: 0 failure(s)
Postproc #3 [meta_schedule.RewriteLayout(0x5bdf3f631098)]: 0 failure(s)
2026-04-07 14:38:23 [INFO] [evolutionary_search.cc:647] Scores of the best 32 candidates:
[1 : 16]:	0.9983  0.9980  0.9979  0.9977  0.9967  0.9965  0.9959  0.9955  0.9949  0.9949  0.9944  0.9923  0.9922  0.9921  0.9909  0.9900
[17 : 32]:	0.9897  0.9888  0.9883  0.9878  0.9876  0.9872  0.9871  0.9870  0.9863  0.9862  0.9856  0.9855  0.9854  0.9848  0.9847  0.9846
2026-04-07 14:38:23 [INFO] [evolutionary_search.cc:725] Got 32 candidate(s) with evolutionary search
2026-04-07 14:38:23 [INFO] [evolutionary_search.cc:728] Sending 32 candidates(s) for measurement
2026-04-07 14:38:41 [INFO] [task_scheduler.cc:137] [Task #0: main] Trial #33: GFLOPs: 51.4946. Time: 1466.1227 us. Best GFLOPs: 73.1295
2026-04-07 14:38:41 [INFO] [task_scheduler.cc:137] [Task #0: main] Trial #34: GFLOPs: 29.1132. Time: 2593.2418 us. Best GFLOPs: 73.1295
2026-04-07 14:38:41 [INFO] [task_scheduler.cc:137] [Task #0: main] Trial #35: GFLOPs: 18.2076. Time: 4146.4847 us. Best GFLOPs: 73.1295
2026-04-07 14:38:41 [INFO] [task_scheduler.cc:137] [Task #0: main] Trial #36: GFLOPs: 15.3729. Time: 4911.0906 us. Best GFLOPs: 73.1295
2026-04-07 14:38:41 [INFO] [task_scheduler.cc:137] [Task #0: main] Trial #37: GFLOPs: 43.9373. Time: 1718.3015 us. Best GFLOPs: 73.1295
2026-04-07 14:38:41 [INFO] [task_scheduler.cc:137] [Task #0: main] Trial #38: GFLOPs: 68.2467. Time: 1106.2430 us. Best GFLOPs: 73.1295
2026-04-07 14:38:41 [INFO] [task_scheduler.cc:137] [Task #0: main] Trial #39: GFLOPs: 31.6122. Time: 2388.2403 us. Best GFLOPs: 73.1295
2026-04-07 14:38:41 [INFO] [task_scheduler.cc:137] [Task #0: main] Trial #40: GFLOPs: 21.0147. Time: 3592.5949 us. Best GFLOPs: 73.1295
2026-04-07 14:38:41 [INFO] [task_scheduler.cc:137] [Task #0: main] Trial #41: GFLOPs: 13.3137. Time: 5670.6775 us. Best GFLOPs: 73.1295
2026-04-07 14:38:41 [INFO] [task_scheduler.cc:137] [Task #0: main] Trial #42: GFLOPs: 13.7214. Time: 5502.1608 us. Best GFLOPs: 73.1295
2026-04-07 14:38:41 [INFO] [task_scheduler.cc:137] [Task #0: main] Trial #43: GFLOPs: 50.1528. Time: 1505.3491 us. Best GFLOPs: 73.1295
2026-04-07 14:38:41 [INFO] [task_scheduler.cc:137] [Task #0: main] Trial #44: GFLOPs: 14.1614. Time: 5331.2239 us. Best GFLOPs: 73.1295
2026-04-07 14:38:41 [INFO] [task_scheduler.cc:137] [Task #0: main] Trial #45: GFLOPs: 42.8849. Time: 1760.4659 us. Best GFLOPs: 73.1295
2026-04-07 14:38:41 [INFO] [task_scheduler.cc:137] [Task #0: main] Trial #46: GFLOPs: 25.1479. Time: 3002.1331 us. Best GFLOPs: 73.1295
2026-04-07 14:38:41 [INFO] [task_scheduler.cc:137] [Task #0: main] Trial #47: GFLOPs: 32.7929. Time: 2302.2502 us. Best GFLOPs: 73.1295
2026-04-07 14:38:41 [INFO] [task_scheduler.cc:137] [Task #0: main] Trial #48: GFLOPs: 39.4721. Time: 1912.6794 us. Best GFLOPs: 73.1295
2026-04-07 14:38:41 [INFO] [task_scheduler.cc:137] [Task #0: main] Trial #49: GFLOPs: 30.5285. Time: 2473.0183 us. Best GFLOPs: 73.1295
2026-04-07 14:38:41 [INFO] [task_scheduler.cc:137] [Task #0: main] Trial #50: GFLOPs: 30.6611. Time: 2462.3218 us. Best GFLOPs: 73.1295
2026-04-07 14:38:41 [INFO] [task_scheduler.cc:137] [Task #0: main] Trial #51: GFLOPs: 60.7261. Time: 1243.2454 us. Best GFLOPs: 73.1295
2026-04-07 14:38:41 [INFO] [task_scheduler.cc:137] [Task #0: main] Trial #52: GFLOPs: 18.4443. Time: 4093.2594 us. Best GFLOPs: 73.1295
2026-04-07 14:38:41 [INFO] [task_scheduler.cc:137] [Task #0: main] Trial #53: GFLOPs: 1.9717. Time: 38291.0134 us. Best GFLOPs: 73.1295
2026-04-07 14:38:41 [INFO] [task_scheduler.cc:137] [Task #0: main] Trial #54: GFLOPs: 12.5984. Time: 5992.6396 us. Best GFLOPs: 73.1295
2026-04-07 14:38:41 [INFO] [task_scheduler.cc:137] [Task #0: main] Trial #55: GFLOPs: 10.1943. Time: 7405.8255 us. Best GFLOPs: 73.1295
2026-04-07 14:38:41 [INFO] [task_scheduler.cc:137] [Task #0: main] Trial #56: GFLOPs: 34.5692. Time: 2183.9539 us. Best GFLOPs: 73.1295
2026-04-07 14:38:41 [INFO] [task_scheduler.cc:137] [Task #0: main] Trial #57: GFLOPs: 9.0531. Time: 8339.4114 us. Best GFLOPs: 73.1295
2026-04-07 14:38:41 [INFO] [task_scheduler.cc:137] [Task #0: main] Trial #58: GFLOPs: 3.6425. Time: 20726.9054 us. Best GFLOPs: 73.1295
2026-04-07 14:38:41 [INFO] [task_scheduler.cc:137] [Task #0: main] Trial #59: GFLOPs: 26.9125. Time: 2805.2990 us. Best GFLOPs: 73.1295
2026-04-07 14:38:41 [INFO] [task_scheduler.cc:137] [Task #0: main] Trial #60: GFLOPs: 20.3332. Time: 3713.0064 us. Best GFLOPs: 73.1295
2026-04-07 14:38:41 [INFO] [task_scheduler.cc:137] [Task #0: main] Trial #61: GFLOPs: 19.0169. Time: 3970.0177 us. Best GFLOPs: 73.1295
2026-04-07 14:38:41 [INFO] [task_scheduler.cc:137] [Task #0: main] Trial #62: GFLOPs: 53.8336. Time: 1402.4238 us. Best GFLOPs: 73.1295
2026-04-07 14:38:41 [INFO] [task_scheduler.cc:137] [Task #0: main] Trial #63: GFLOPs: 26.9309. Time: 2803.3733 us. Best GFLOPs: 73.1295
2026-04-07 14:38:41 [INFO] [task_scheduler.cc:137] [Task #0: main] Trial #64: GFLOPs: 23.9625. Time: 3150.6452 us. Best GFLOPs: 73.1295
2026-04-07 14:38:41 [INFO] [evolutionary_search.cc:711] Generating candidates......
2026-04-07 14:38:41 [INFO] [evolutionary_search.cc:713] Picked top 64 candidate(s) from database
2026-04-07 14:38:41 [INFO] [evolutionary_search.cc:530] Sample-Init-Population summary:
Postproc #0 [meta_schedule.DisallowDynamicLoop(0x5bdf3ef096b8)]: 0 failure(s)
Postproc #1 [meta_schedule.RewriteParallelVectorizeUnroll(0x5bdf3ef4be68)]: 0 failure(s)
Postproc #2 [meta_schedule.RewriteReductionBlock(0x5bdf3eef68f8)]: 0 failure(s)
Postproc #3 [meta_schedule.RewriteLayout(0x5bdf3f631098)]: 0 failure(s)
2026-04-07 14:38:41 [INFO] [evolutionary_search.cc:721] Sampled 545 candidate(s)
2026-04-07 14:38:42 [INFO] [evolutionary_search.cc:619] Evolve iter #0 done. Summary:
Postproc #0 [meta_schedule.DisallowDynamicLoop(0x5bdf3ef096b8)]: 0 failure(s)
Postproc #1 [meta_schedule.RewriteParallelVectorizeUnroll(0x5bdf3ef4be68)]: 0 failure(s)
Postproc #2 [meta_schedule.RewriteReductionBlock(0x5bdf3eef68f8)]: 0 failure(s)
Postproc #3 [meta_schedule.RewriteLayout(0x5bdf3f631098)]: 0 failure(s)
2026-04-07 14:38:42 [INFO] [evolutionary_search.cc:619] Evolve iter #1 done. Summary:
Postproc #0 [meta_schedule.DisallowDynamicLoop(0x5bdf3ef096b8)]: 0 failure(s)
Postproc #1 [meta_schedule.RewriteParallelVectorizeUnroll(0x5bdf3ef4be68)]: 0 failure(s)
Postproc #2 [meta_schedule.RewriteReductionBlock(0x5bdf3eef68f8)]: 0 failure(s)
Postproc #3 [meta_schedule.RewriteLayout(0x5bdf3f631098)]: 0 failure(s)
2026-04-07 14:38:42 [INFO] [evolutionary_search.cc:619] Evolve iter #2 done. Summary:
Postproc #0 [meta_schedule.DisallowDynamicLoop(0x5bdf3ef096b8)]: 0 failure(s)
Postproc #1 [meta_schedule.RewriteParallelVectorizeUnroll(0x5bdf3ef4be68)]: 0 failure(s)
Postproc #2 [meta_schedule.RewriteReductionBlock(0x5bdf3eef68f8)]: 0 failure(s)
Postproc #3 [meta_schedule.RewriteLayout(0x5bdf3f631098)]: 0 failure(s)
2026-04-07 14:38:43 [INFO] [evolutionary_search.cc:619] Evolve iter #3 done. Summary:
Postproc #0 [meta_schedule.DisallowDynamicLoop(0x5bdf3ef096b8)]: 0 failure(s)
Postproc #1 [meta_schedule.RewriteParallelVectorizeUnroll(0x5bdf3ef4be68)]: 0 failure(s)
Postproc #2 [meta_schedule.RewriteReductionBlock(0x5bdf3eef68f8)]: 0 failure(s)
Postproc #3 [meta_schedule.RewriteLayout(0x5bdf3f631098)]: 0 failure(s)
2026-04-07 14:38:43 [INFO] [evolutionary_search.cc:647] Scores of the best 32 candidates:
[1 : 16]:	0.9998  0.9994  0.9992  0.9978  0.9977  0.9973  0.9961  0.9944  0.9943  0.9942  0.9940  0.9928  0.9928  0.9927  0.9927  0.9922
[17 : 32]:	0.9919  0.9915  0.9905  0.9901  0.9898  0.9893  0.9882  0.9873  0.9864  0.9863  0.9863  0.9861  0.9852  0.9852  0.9843  0.9837
2026-04-07 14:38:43 [INFO] [evolutionary_search.cc:725] Got 32 candidate(s) with evolutionary search
2026-04-07 14:38:43 [INFO] [evolutionary_search.cc:728] Sending 32 candidates(s) for measurement
2026-04-07 14:39:05 [INFO] [task_scheduler.cc:137] [Task #0: main] Trial #65: GFLOPs: 34.4615. Time: 2190.7793 us. Best GFLOPs: 73.1295
2026-04-07 14:39:05 [INFO] [task_scheduler.cc:137] [Task #0: main] Trial #66: GFLOPs: 15.2071. Time: 4964.6198 us. Best GFLOPs: 73.1295
2026-04-07 14:39:05 [INFO] [task_scheduler.cc:137] [Task #0: main] Trial #67: GFLOPs: 67.9524. Time: 1111.0346 us. Best GFLOPs: 73.1295
2026-04-07 14:39:05 [INFO] [task_scheduler.cc:137] [Task #0: main] Trial #68: GFLOPs: 14.9351. Time: 5055.0433 us. Best GFLOPs: 73.1295
2026-04-07 14:39:05 [INFO] [task_scheduler.cc:137] [Task #0: main] Trial #69: GFLOPs: 12.6330. Time: 5976.2088 us. Best GFLOPs: 73.1295
2026-04-07 14:39:05 [INFO] [task_scheduler.cc:137] [Task #0: main] Trial #70: GFLOPs: 48.0747. Time: 1570.4186 us. Best GFLOPs: 73.1295
2026-04-07 14:39:05 [INFO] [task_scheduler.cc:137] [Task #0: main] Trial #71: GFLOPs: 22.6516. Time: 3332.9866 us. Best GFLOPs: 73.1295
2026-04-07 14:39:05 [INFO] [task_scheduler.cc:137] [Task #0: main] Trial #72: GFLOPs: 15.9786. Time: 4724.9195 us. Best GFLOPs: 73.1295
2026-04-07 14:39:05 [INFO] [task_scheduler.cc:137] [Task #0: main] Trial #73: GFLOPs: 30.9111. Time: 2442.4104 us. Best GFLOPs: 73.1295
2026-04-07 14:39:05 [INFO] [task_scheduler.cc:137] [Task #0: main] Trial #74: GFLOPs: 14.3728. Time: 5252.7991 us. Best GFLOPs: 73.1295
2026-04-07 14:39:05 [INFO] [task_scheduler.cc:137] [Task #0: main] Trial #75: GFLOPs: 21.6031. Time: 3494.7470 us. Best GFLOPs: 73.1295
2026-04-07 14:39:05 [INFO] [task_scheduler.cc:137] [Task #0: main] Trial #76: GFLOPs: 21.5977. Time: 3495.6309 us. Best GFLOPs: 73.1295
2026-04-07 14:39:05 [INFO] [task_scheduler.cc:137] [Task #0: main] Trial #77: GFLOPs: 57.4849. Time: 1313.3449 us. Best GFLOPs: 73.1295
2026-04-07 14:39:05 [INFO] [task_scheduler.cc:137] [Task #0: main] Trial #78: GFLOPs: 9.1549. Time: 8246.6968 us. Best GFLOPs: 73.1295
2026-04-07 14:39:05 [INFO] [task_scheduler.cc:137] [Task #0: main] Trial #79: GFLOPs: 16.7757. Time: 4500.4019 us. Best GFLOPs: 73.1295
2026-04-07 14:39:05 [INFO] [task_scheduler.cc:137] [Task #0: main] Trial #80: GFLOPs: 8.7919. Time: 8587.1745 us. Best GFLOPs: 73.1295
2026-04-07 14:39:05 [INFO] [task_scheduler.cc:137] [Task #0: main] Trial #81: GFLOPs: 37.4812. Time: 2014.2731 us. Best GFLOPs: 73.1295
2026-04-07 14:39:05 [INFO] [task_scheduler.cc:137] [Task #0: main] Trial #82: GFLOPs: 19.4114. Time: 3889.3328 us. Best GFLOPs: 73.1295
2026-04-07 14:39:05 [INFO] [task_scheduler.cc:137] [Task #0: main] Trial #83: GFLOPs: 15.5110. Time: 4867.3506 us. Best GFLOPs: 73.1295
2026-04-07 14:39:05 [INFO] [task_scheduler.cc:137] [Task #0: main] Trial #84: GFLOPs: 26.0195. Time: 2901.5712 us. Best GFLOPs: 73.1295
2026-04-07 14:39:05 [INFO] [task_scheduler.cc:137] [Task #0: main] Trial #85: GFLOPs: 33.3618. Time: 2262.9913 us. Best GFLOPs: 73.1295
2026-04-07 14:39:05 [INFO] [task_scheduler.cc:137] [Task #0: main] Trial #86: GFLOPs: 44.9721. Time: 1678.7632 us. Best GFLOPs: 73.1295
2026-04-07 14:39:05 [INFO] [task_scheduler.cc:137] [Task #0: main] Trial #87: GFLOPs: 17.4352. Time: 4330.1700 us. Best GFLOPs: 73.1295
2026-04-07 14:39:05 [INFO] [task_scheduler.cc:137] [Task #0: main] Trial #88: GFLOPs: 10.6058. Time: 7118.4969 us. Best GFLOPs: 73.1295
2026-04-07 14:39:05 [INFO] [task_scheduler.cc:137] [Task #0: main] Trial #89: GFLOPs: 48.7979. Time: 1547.1447 us. Best GFLOPs: 73.1295
2026-04-07 14:39:05 [INFO] [task_scheduler.cc:137] [Task #0: main] Trial #90: GFLOPs: 31.1453. Time: 2424.0429 us. Best GFLOPs: 73.1295
2026-04-07 14:39:05 [INFO] [task_scheduler.cc:137] [Task #0: main] Trial #91: GFLOPs: 22.5413. Time: 3349.2981 us. Best GFLOPs: 73.1295
2026-04-07 14:39:05 [INFO] [task_scheduler.cc:137] [Task #0: main] Trial #92: GFLOPs: 30.1159. Time: 2506.8959 us. Best GFLOPs: 73.1295
2026-04-07 14:39:05 [INFO] [task_scheduler.cc:137] [Task #0: main] Trial #93: GFLOPs: 10.9046. Time: 6923.4560 us. Best GFLOPs: 73.1295
2026-04-07 14:39:05 [INFO] [task_scheduler.cc:137] [Task #0: main] Trial #94: GFLOPs: 34.8355. Time: 2167.2569 us. Best GFLOPs: 73.1295
2026-04-07 14:39:05 [INFO] [task_scheduler.cc:137] [Task #0: main] Trial #95: GFLOPs: 23.2338. Time: 3249.4732 us. Best GFLOPs: 73.1295
2026-04-07 14:39:05 [INFO] [task_scheduler.cc:137] [Task #0: main] Trial #96: GFLOPs: 9.1485. Time: 8252.4403 us. Best GFLOPs: 73.1295
2026-04-07 14:39:05 [INFO] [evolutionary_search.cc:711] Generating candidates......
2026-04-07 14:39:05 [INFO] [evolutionary_search.cc:713] Picked top 96 candidate(s) from database
2026-04-07 14:39:05 [INFO] [evolutionary_search.cc:530] Sample-Init-Population summary:
Postproc #0 [meta_schedule.DisallowDynamicLoop(0x5bdf3ef096b8)]: 0 failure(s)
Postproc #1 [meta_schedule.RewriteParallelVectorizeUnroll(0x5bdf3ef4be68)]: 0 failure(s)
Postproc #2 [meta_schedule.RewriteReductionBlock(0x5bdf3eef68f8)]: 0 failure(s)
Postproc #3 [meta_schedule.RewriteLayout(0x5bdf3f631098)]: 0 failure(s)
2026-04-07 14:39:05 [INFO] [evolutionary_search.cc:721] Sampled 513 candidate(s)
2026-04-07 14:39:05 [INFO] [evolutionary_search.cc:619] Evolve iter #0 done. Summary:
Postproc #0 [meta_schedule.DisallowDynamicLoop(0x5bdf3ef096b8)]: 0 failure(s)
Postproc #1 [meta_schedule.RewriteParallelVectorizeUnroll(0x5bdf3ef4be68)]: 0 failure(s)
Postproc #2 [meta_schedule.RewriteReductionBlock(0x5bdf3eef68f8)]: 0 failure(s)
Postproc #3 [meta_schedule.RewriteLayout(0x5bdf3f631098)]: 0 failure(s)
2026-04-07 14:39:06 [INFO] [evolutionary_search.cc:619] Evolve iter #1 done. Summary:
Postproc #0 [meta_schedule.DisallowDynamicLoop(0x5bdf3ef096b8)]: 0 failure(s)
Postproc #1 [meta_schedule.RewriteParallelVectorizeUnroll(0x5bdf3ef4be68)]: 0 failure(s)
Postproc #2 [meta_schedule.RewriteReductionBlock(0x5bdf3eef68f8)]: 0 failure(s)
Postproc #3 [meta_schedule.RewriteLayout(0x5bdf3f631098)]: 0 failure(s)
2026-04-07 14:39:06 [INFO] [evolutionary_search.cc:619] Evolve iter #2 done. Summary:
Postproc #0 [meta_schedule.DisallowDynamicLoop(0x5bdf3ef096b8)]: 0 failure(s)
Postproc #1 [meta_schedule.RewriteParallelVectorizeUnroll(0x5bdf3ef4be68)]: 0 failure(s)
Postproc #2 [meta_schedule.RewriteReductionBlock(0x5bdf3eef68f8)]: 0 failure(s)
Postproc #3 [meta_schedule.RewriteLayout(0x5bdf3f631098)]: 0 failure(s)
2026-04-07 14:39:06 [INFO] [evolutionary_search.cc:619] Evolve iter #3 done. Summary:
Postproc #0 [meta_schedule.DisallowDynamicLoop(0x5bdf3ef096b8)]: 0 failure(s)
Postproc #1 [meta_schedule.RewriteParallelVectorizeUnroll(0x5bdf3ef4be68)]: 0 failure(s)
Postproc #2 [meta_schedule.RewriteReductionBlock(0x5bdf3eef68f8)]: 0 failure(s)
Postproc #3 [meta_schedule.RewriteLayout(0x5bdf3f631098)]: 0 failure(s)
2026-04-07 14:39:06 [INFO] [evolutionary_search.cc:647] Scores of the best 32 candidates:
[1 : 16]:	1.0000  0.9999  0.9991  0.9990  0.9983  0.9982  0.9982  0.9980  0.9979  0.9974  0.9972  0.9962  0.9961  0.9949  0.9945  0.9944
[17 : 32]:	0.9938  0.9935  0.9926  0.9918  0.9912  0.9909  0.9909  0.9887  0.9882  0.9879  0.9879  0.9873  0.9868  0.9868  0.9863  0.9853
2026-04-07 14:39:06 [INFO] [evolutionary_search.cc:725] Got 32 candidate(s) with evolutionary search
2026-04-07 14:39:06 [INFO] [evolutionary_search.cc:728] Sending 32 candidates(s) for measurement
2026-04-07 14:39:24 [INFO] [task_scheduler.cc:137] [Task #0: main] Trial #97: GFLOPs: 57.7733. Time: 1306.7887 us. Best GFLOPs: 73.1295
2026-04-07 14:39:24 [INFO] [task_scheduler.cc:137] [Task #0: main] Trial #98: GFLOPs: 35.6924. Time: 2115.2229 us. Best GFLOPs: 73.1295
2026-04-07 14:39:24 [INFO] [task_scheduler.cc:137] [Task #0: main] Trial #99: GFLOPs: 32.9840. Time: 2288.9097 us. Best GFLOPs: 73.1295
2026-04-07 14:39:24 [INFO] [task_scheduler.cc:137] [Task #0: main] Trial #100: GFLOPs: 47.1112. Time: 1602.5392 us. Best GFLOPs: 73.1295
2026-04-07 14:39:24 [INFO] [task_scheduler.cc:137] [Task #0: main] Trial #101: GFLOPs: 18.2897. Time: 4127.8768 us. Best GFLOPs: 73.1295
2026-04-07 14:39:24 [INFO] [task_scheduler.cc:137] [Task #0: main] Trial #102: GFLOPs: 40.2743. Time: 1874.5829 us. Best GFLOPs: 73.1295
2026-04-07 14:39:24 [INFO] [task_scheduler.cc:137] [Task #0: main] Trial #103: GFLOPs: 22.4661. Time: 3360.5126 us. Best GFLOPs: 73.1295
2026-04-07 14:39:24 [INFO] [task_scheduler.cc:137] [Task #0: main] Trial #104: GFLOPs: 22.0201. Time: 3428.5664 us. Best GFLOPs: 73.1295
2026-04-07 14:39:24 [INFO] [task_scheduler.cc:137] [Task #0: main] Trial #105: GFLOPs: 9.1423. Time: 8258.0215 us. Best GFLOPs: 73.1295
2026-04-07 14:39:24 [INFO] [task_scheduler.cc:137] [Task #0: main] Trial #106: GFLOPs: 10.9713. Time: 6881.3426 us. Best GFLOPs: 73.1295
2026-04-07 14:39:24 [INFO] [task_scheduler.cc:137] [Task #0: main] Trial #107: GFLOPs: 57.5765. Time: 1311.2548 us. Best GFLOPs: 73.1295
2026-04-07 14:39:24 [INFO] [task_scheduler.cc:137] [Task #0: main] Trial #108: GFLOPs: 24.5451. Time: 3075.8665 us. Best GFLOPs: 73.1295
2026-04-07 14:39:24 [INFO] [task_scheduler.cc:137] [Task #0: main] Trial #109: GFLOPs: 17.3316. Time: 4356.0699 us. Best GFLOPs: 73.1295
2026-04-07 14:39:24 [INFO] [task_scheduler.cc:137] [Task #0: main] Trial #110: GFLOPs: 17.5346. Time: 4305.6170 us. Best GFLOPs: 73.1295
2026-04-07 14:39:24 [INFO] [task_scheduler.cc:137] [Task #0: main] Trial #111: GFLOPs: 14.0981. Time: 5355.1471 us. Best GFLOPs: 73.1295
2026-04-07 14:39:24 [INFO] [task_scheduler.cc:137] [Task #0: main] Trial #112: GFLOPs: 8.7938. Time: 8585.2765 us. Best GFLOPs: 73.1295
2026-04-07 14:39:24 [INFO] [task_scheduler.cc:137] [Task #0: main] Trial #113: GFLOPs: 68.7368. Time: 1098.3563 us. Best GFLOPs: 73.1295
2026-04-07 14:39:24 [INFO] [task_scheduler.cc:137] [Task #0: main] Trial #114: GFLOPs: 33.8775. Time: 2228.5440 us. Best GFLOPs: 73.1295
2026-04-07 14:39:24 [INFO] [task_scheduler.cc:137] [Task #0: main] Trial #115: GFLOPs: 45.3361. Time: 1665.2827 us. Best GFLOPs: 73.1295
2026-04-07 14:39:24 [INFO] [task_scheduler.cc:137] [Task #0: main] Trial #116: GFLOPs: 41.6323. Time: 1813.4366 us. Best GFLOPs: 73.1295
2026-04-07 14:39:24 [INFO] [task_scheduler.cc:137] [Task #0: main] Trial #117: GFLOPs: 19.0797. Time: 3956.9491 us. Best GFLOPs: 73.1295
2026-04-07 14:39:24 [INFO] [task_scheduler.cc:137] [Task #0: main] Trial #118: GFLOPs: 9.4644. Time: 7976.9569 us. Best GFLOPs: 73.1295
2026-04-07 14:39:24 [INFO] [task_scheduler.cc:137] [Task #0: main] Trial #119: GFLOPs: 14.5179. Time: 5200.2954 us. Best GFLOPs: 73.1295
2026-04-07 14:39:24 [INFO] [task_scheduler.cc:137] [Task #0: main] Trial #120: GFLOPs: 82.0454. Time: 920.1914 us. Best GFLOPs: 82.0454
2026-04-07 14:39:24 [INFO] [task_scheduler.cc:137] [Task #0: main] Trial #121: GFLOPs: 62.5110. Time: 1207.7471 us. Best GFLOPs: 82.0454
2026-04-07 14:39:24 [INFO] [task_scheduler.cc:137] [Task #0: main] Trial #122: GFLOPs: 16.5235. Time: 4569.0896 us. Best GFLOPs: 82.0454
2026-04-07 14:39:24 [INFO] [task_scheduler.cc:137] [Task #0: main] Trial #123: GFLOPs: 43.0595. Time: 1753.3271 us. Best GFLOPs: 82.0454
2026-04-07 14:39:24 [INFO] [task_scheduler.cc:137] [Task #0: main] Trial #124: GFLOPs: 16.9640. Time: 4450.4643 us. Best GFLOPs: 82.0454
2026-04-07 14:39:24 [INFO] [task_scheduler.cc:137] [Task #0: main] Trial #125: GFLOPs: 12.7859. Time: 5904.7586 us. Best GFLOPs: 82.0454
2026-04-07 14:39:24 [INFO] [task_scheduler.cc:137] [Task #0: main] Trial #126: GFLOPs: 40.3552. Time: 1870.8244 us. Best GFLOPs: 82.0454
2026-04-07 14:39:24 [INFO] [task_scheduler.cc:137] [Task #0: main] Trial #127: GFLOPs: 9.7916. Time: 7710.4621 us. Best GFLOPs: 82.0454
2026-04-07 14:39:24 [INFO] [task_scheduler.cc:137] [Task #0: main] Trial #128: GFLOPs: 46.0150. Time: 1640.7130 us. Best GFLOPs: 82.0454
2026-04-07 14:39:24 [INFO] [evolutionary_search.cc:711] Generating candidates......
2026-04-07 14:39:24 [INFO] [evolutionary_search.cc:713] Picked top 121 candidate(s) from database
2026-04-07 14:39:24 [INFO] [evolutionary_search.cc:530] Sample-Init-Population summary:
Postproc #0 [meta_schedule.DisallowDynamicLoop(0x5bdf3ef096b8)]: 0 failure(s)
Postproc #1 [meta_schedule.RewriteParallelVectorizeUnroll(0x5bdf3ef4be68)]: 0 failure(s)
Postproc #2 [meta_schedule.RewriteReductionBlock(0x5bdf3eef68f8)]: 0 failure(s)
Postproc #3 [meta_schedule.RewriteLayout(0x5bdf3f631098)]: 0 failure(s)
2026-04-07 14:39:24 [INFO] [evolutionary_search.cc:721] Sampled 488 candidate(s)
2026-04-07 14:39:25 [INFO] [evolutionary_search.cc:619] Evolve iter #0 done. Summary:
Postproc #0 [meta_schedule.DisallowDynamicLoop(0x5bdf3ef096b8)]: 0 failure(s)
Postproc #1 [meta_schedule.RewriteParallelVectorizeUnroll(0x5bdf3ef4be68)]: 0 failure(s)
Postproc #2 [meta_schedule.RewriteReductionBlock(0x5bdf3eef68f8)]: 0 failure(s)
Postproc #3 [meta_schedule.RewriteLayout(0x5bdf3f631098)]: 0 failure(s)
2026-04-07 14:39:26 [INFO] [evolutionary_search.cc:619] Evolve iter #1 done. Summary:
Postproc #0 [meta_schedule.DisallowDynamicLoop(0x5bdf3ef096b8)]: 0 failure(s)
Postproc #1 [meta_schedule.RewriteParallelVectorizeUnroll(0x5bdf3ef4be68)]: 0 failure(s)
Postproc #2 [meta_schedule.RewriteReductionBlock(0x5bdf3eef68f8)]: 0 failure(s)
Postproc #3 [meta_schedule.RewriteLayout(0x5bdf3f631098)]: 0 failure(s)
2026-04-07 14:39:27 [INFO] [evolutionary_search.cc:619] Evolve iter #2 done. Summary:
Postproc #0 [meta_schedule.DisallowDynamicLoop(0x5bdf3ef096b8)]: 0 failure(s)
Postproc #1 [meta_schedule.RewriteParallelVectorizeUnroll(0x5bdf3ef4be68)]: 0 failure(s)
Postproc #2 [meta_schedule.RewriteReductionBlock(0x5bdf3eef68f8)]: 0 failure(s)
Postproc #3 [meta_schedule.RewriteLayout(0x5bdf3f631098)]: 0 failure(s)
2026-04-07 14:39:28 [INFO] [evolutionary_search.cc:619] Evolve iter #3 done. Summary:
Postproc #0 [meta_schedule.DisallowDynamicLoop(0x5bdf3ef096b8)]: 0 failure(s)
Postproc #1 [meta_schedule.RewriteParallelVectorizeUnroll(0x5bdf3ef4be68)]: 0 failure(s)
Postproc #2 [meta_schedule.RewriteReductionBlock(0x5bdf3eef68f8)]: 0 failure(s)
Postproc #3 [meta_schedule.RewriteLayout(0x5bdf3f631098)]: 0 failure(s)
2026-04-07 14:39:29 [INFO] [evolutionary_search.cc:647] Scores of the best 32 candidates:
[1 : 16]:	0.9750  0.9300  0.9255  0.9255  0.8929  0.8801  0.8772  0.8692  0.8604  0.8604  0.8602  0.8594  0.8521  0.8483  0.8483  0.8483
[17 : 32]:	0.8483  0.8461  0.8432  0.8365  0.8284  0.8284  0.8278  0.8278  0.8224  0.8213  0.8191  0.8142  0.8121  0.8076  0.8019  0.7985
2026-04-07 14:39:29 [INFO] [evolutionary_search.cc:725] Got 32 candidate(s) with evolutionary search
2026-04-07 14:39:29 [INFO] [evolutionary_search.cc:728] Sending 32 candidates(s) for measurement
2026-04-07 14:39:50 [INFO] [task_scheduler.cc:137] [Task #0: main] Trial #129: GFLOPs: 70.2412. Time: 1074.8313 us. Best GFLOPs: 82.0454
2026-04-07 14:39:50 [INFO] [task_scheduler.cc:137] [Task #0: main] Trial #130: GFLOPs: 65.3350. Time: 1155.5433 us. Best GFLOPs: 82.0454
2026-04-07 14:39:50 [INFO] [task_scheduler.cc:137] [Task #0: main] Trial #131: GFLOPs: 51.0860. Time: 1477.8499 us. Best GFLOPs: 82.0454
2026-04-07 14:39:50 [INFO] [task_scheduler.cc:137] [Task #0: main] Trial #132: GFLOPs: 64.0575. Time: 1178.5897 us. Best GFLOPs: 82.0454
2026-04-07 14:39:50 [INFO] [task_scheduler.cc:137] [Task #0: main] Trial #133: GFLOPs: 57.9322. Time: 1303.2042 us. Best GFLOPs: 82.0454
2026-04-07 14:39:50 [INFO] [task_scheduler.cc:137] [Task #0: main] Trial #134: GFLOPs: 52.7549. Time: 1431.0978 us. Best GFLOPs: 82.0454
2026-04-07 14:39:50 [INFO] [task_scheduler.cc:137] [Task #0: main] Trial #135: GFLOPs: 20.2930. Time: 3720.3784 us. Best GFLOPs: 82.0454
2026-04-07 14:39:50 [INFO] [task_scheduler.cc:137] [Task #0: main] Trial #136: GFLOPs: 41.2441. Time: 1830.5052 us. Best GFLOPs: 82.0454
2026-04-07 14:39:50 [INFO] [task_scheduler.cc:137] [Task #0: main] Trial #137: GFLOPs: 61.0133. Time: 1237.3933 us. Best GFLOPs: 82.0454
2026-04-07 14:39:50 [INFO] [task_scheduler.cc:137] [Task #0: main] Trial #138: GFLOPs: 64.5223. Time: 1170.0995 us. Best GFLOPs: 82.0454
2026-04-07 14:39:50 [INFO] [task_scheduler.cc:137] [Task #0: main] Trial #139: GFLOPs: 89.4301. Time: 844.2065 us. Best GFLOPs: 89.4301
2026-04-07 14:39:50 [INFO] [task_scheduler.cc:137] [Task #0: main] Trial #140: GFLOPs: 68.4456. Time: 1103.0281 us. Best GFLOPs: 89.4301
2026-04-07 14:39:50 [INFO] [task_scheduler.cc:137] [Task #0: main] Trial #141: GFLOPs: 17.5714. Time: 4296.6199 us. Best GFLOPs: 89.4301
2026-04-07 14:39:50 [INFO] [task_scheduler.cc:137] [Task #0: main] Trial #142: GFLOPs: 42.9551. Time: 1757.5896 us. Best GFLOPs: 89.4301
2026-04-07 14:39:50 [INFO] [task_scheduler.cc:137] [Task #0: main] Trial #143: GFLOPs: 46.7323. Time: 1615.5294 us. Best GFLOPs: 89.4301
2026-04-07 14:39:50 [INFO] [task_scheduler.cc:137] [Task #0: main] Trial #144: GFLOPs: 24.6684. Time: 3060.4957 us. Best GFLOPs: 89.4301
2026-04-07 14:39:50 [INFO] [task_scheduler.cc:137] [Task #0: main] Trial #145: GFLOPs: 69.0055. Time: 1094.0793 us. Best GFLOPs: 89.4301
2026-04-07 14:39:50 [INFO] [task_scheduler.cc:137] [Task #0: main] Trial #146: GFLOPs: 60.7157. Time: 1243.4582 us. Best GFLOPs: 89.4301
2026-04-07 14:39:50 [INFO] [task_scheduler.cc:137] [Task #0: main] Trial #147: GFLOPs: 70.9636. Time: 1063.8905 us. Best GFLOPs: 89.4301
2026-04-07 14:39:50 [INFO] [task_scheduler.cc:137] [Task #0: main] Trial #148: GFLOPs: 57.7496. Time: 1307.3257 us. Best GFLOPs: 89.4301
2026-04-07 14:39:50 [INFO] [task_scheduler.cc:137] [Task #0: main] Trial #149: GFLOPs: 53.3723. Time: 1414.5431 us. Best GFLOPs: 89.4301
2026-04-07 14:39:50 [INFO] [task_scheduler.cc:137] [Task #0: main] Trial #150: GFLOPs: 63.4194. Time: 1190.4482 us. Best GFLOPs: 89.4301
2026-04-07 14:39:50 [INFO] [task_scheduler.cc:137] [Task #0: main] Trial #151: GFLOPs: 67.1369. Time: 1124.5300 us. Best GFLOPs: 89.4301
2026-04-07 14:39:50 [INFO] [task_scheduler.cc:137] [Task #0: main] Trial #152: GFLOPs: 40.0028. Time: 1887.3052 us. Best GFLOPs: 89.4301
2026-04-07 14:39:50 [INFO] [task_scheduler.cc:137] [Task #0: main] Trial #153: GFLOPs: 65.7820. Time: 1147.6926 us. Best GFLOPs: 89.4301
2026-04-07 14:39:50 [INFO] [task_scheduler.cc:137] [Task #0: main] Trial #154: GFLOPs: 43.9658. Time: 1717.1859 us. Best GFLOPs: 89.4301
2026-04-07 14:39:50 [INFO] [task_scheduler.cc:137] [Task #0: main] Trial #155: GFLOPs: 34.9697. Time: 2158.9382 us. Best GFLOPs: 89.4301
2026-04-07 14:39:50 [INFO] [task_scheduler.cc:137] [Task #0: main] Trial #156: GFLOPs: 16.4441. Time: 4591.1658 us. Best GFLOPs: 89.4301
2026-04-07 14:39:50 [INFO] [task_scheduler.cc:137] [Task #0: main] Trial #157: GFLOPs: 82.3427. Time: 916.8690 us. Best GFLOPs: 89.4301
2026-04-07 14:39:50 [INFO] [task_scheduler.cc:137] [Task #0: main] Trial #158: GFLOPs: 63.2343. Time: 1193.9314 us. Best GFLOPs: 89.4301
2026-04-07 14:39:50 [INFO] [task_scheduler.cc:137] [Task #0: main] Trial #159: GFLOPs: 60.5181. Time: 1247.5180 us. Best GFLOPs: 89.4301
2026-04-07 14:39:50 [INFO] [task_scheduler.cc:137] [Task #0: main] Trial #160: GFLOPs: 36.3628. Time: 2076.2261 us. Best GFLOPs: 89.4301
2026-04-07 14:39:50 [INFO] [evolutionary_search.cc:711] Generating candidates......
2026-04-07 14:39:50 [INFO] [evolutionary_search.cc:713] Picked top 121 candidate(s) from database
2026-04-07 14:39:50 [INFO] [evolutionary_search.cc:530] Sample-Init-Population summary:
Postproc #0 [meta_schedule.DisallowDynamicLoop(0x5bdf3ef096b8)]: 0 failure(s)
Postproc #1 [meta_schedule.RewriteParallelVectorizeUnroll(0x5bdf3ef4be68)]: 0 failure(s)
Postproc #2 [meta_schedule.RewriteReductionBlock(0x5bdf3eef68f8)]: 0 failure(s)
Postproc #3 [meta_schedule.RewriteLayout(0x5bdf3f631098)]: 0 failure(s)
2026-04-07 14:39:50 [INFO] [evolutionary_search.cc:721] Sampled 488 candidate(s)
2026-04-07 14:39:52 [INFO] [evolutionary_search.cc:619] Evolve iter #0 done. Summary:
Postproc #0 [meta_schedule.DisallowDynamicLoop(0x5bdf3ef096b8)]: 0 failure(s)
Postproc #1 [meta_schedule.RewriteParallelVectorizeUnroll(0x5bdf3ef4be68)]: 0 failure(s)
Postproc #2 [meta_schedule.RewriteReductionBlock(0x5bdf3eef68f8)]: 0 failure(s)
Postproc #3 [meta_schedule.RewriteLayout(0x5bdf3f631098)]: 0 failure(s)
2026-04-07 14:39:53 [INFO] [evolutionary_search.cc:619] Evolve iter #1 done. Summary:
Postproc #0 [meta_schedule.DisallowDynamicLoop(0x5bdf3ef096b8)]: 0 failure(s)
Postproc #1 [meta_schedule.RewriteParallelVectorizeUnroll(0x5bdf3ef4be68)]: 0 failure(s)
Postproc #2 [meta_schedule.RewriteReductionBlock(0x5bdf3eef68f8)]: 0 failure(s)
Postproc #3 [meta_schedule.RewriteLayout(0x5bdf3f631098)]: 0 failure(s)
2026-04-07 14:39:54 [INFO] [evolutionary_search.cc:619] Evolve iter #2 done. Summary:
Postproc #0 [meta_schedule.DisallowDynamicLoop(0x5bdf3ef096b8)]: 0 failure(s)
Postproc #1 [meta_schedule.RewriteParallelVectorizeUnroll(0x5bdf3ef4be68)]: 0 failure(s)
Postproc #2 [meta_schedule.RewriteReductionBlock(0x5bdf3eef68f8)]: 0 failure(s)
Postproc #3 [meta_schedule.RewriteLayout(0x5bdf3f631098)]: 0 failure(s)
2026-04-07 14:39:55 [INFO] [evolutionary_search.cc:619] Evolve iter #3 done. Summary:
Postproc #0 [meta_schedule.DisallowDynamicLoop(0x5bdf3ef096b8)]: 0 failure(s)
Postproc #1 [meta_schedule.RewriteParallelVectorizeUnroll(0x5bdf3ef4be68)]: 0 failure(s)
Postproc #2 [meta_schedule.RewriteReductionBlock(0x5bdf3eef68f8)]: 0 failure(s)
Postproc #3 [meta_schedule.RewriteLayout(0x5bdf3f631098)]: 0 failure(s)
2026-04-07 14:39:56 [INFO] [evolutionary_search.cc:647] Scores of the best 32 candidates:
[1 : 16]:	0.9247  0.9085  0.9083  0.8983  0.8983  0.8782  0.8762  0.8745  0.8734  0.8576  0.8559  0.8527  0.8420  0.8373  0.8373  0.8350
[17 : 32]:	0.8350  0.8286  0.8269  0.8120  0.8104  0.8092  0.8092  0.8075  0.8075  0.8075  0.8073  0.8050  0.8012  0.7951  0.7918  0.7917
2026-04-07 14:39:56 [INFO] [evolutionary_search.cc:725] Got 32 candidate(s) with evolutionary search
2026-04-07 14:39:56 [INFO] [evolutionary_search.cc:728] Sending 32 candidates(s) for measurement
2026-04-07 14:40:14 [INFO] [task_scheduler.cc:137] [Task #0: main] Trial #161: GFLOPs: 80.8929. Time: 933.3017 us. Best GFLOPs: 89.4301
2026-04-07 14:40:14 [INFO] [task_scheduler.cc:137] [Task #0: main] Trial #162: GFLOPs: 81.7661. Time: 923.3351 us. Best GFLOPs: 89.4301
2026-04-07 14:40:14 [INFO] [task_scheduler.cc:137] [Task #0: main] Trial #163: GFLOPs: 79.7892. Time: 946.2111 us. Best GFLOPs: 89.4301
2026-04-07 14:40:14 [INFO] [task_scheduler.cc:137] [Task #0: main] Trial #164: GFLOPs: 69.2037. Time: 1090.9457 us. Best GFLOPs: 89.4301
2026-04-07 14:40:14 [INFO] [task_scheduler.cc:137] [Task #0: main] Trial #165: GFLOPs: 43.3543. Time: 1741.4048 us. Best GFLOPs: 89.4301
2026-04-07 14:40:14 [INFO] [task_scheduler.cc:137] [Task #0: main] Trial #166: GFLOPs: 82.0442. Time: 920.2048 us. Best GFLOPs: 89.4301
2026-04-07 14:40:14 [INFO] [task_scheduler.cc:137] [Task #0: main] Trial #167: GFLOPs: 84.4096. Time: 894.4182 us. Best GFLOPs: 89.4301
2026-04-07 14:40:14 [INFO] [task_scheduler.cc:137] [Task #0: main] Trial #168: GFLOPs: 82.9635. Time: 910.0085 us. Best GFLOPs: 89.4301
2026-04-07 14:40:14 [INFO] [task_scheduler.cc:137] [Task #0: main] Trial #169: GFLOPs: 69.5209. Time: 1085.9685 us. Best GFLOPs: 89.4301
2026-04-07 14:40:14 [INFO] [task_scheduler.cc:137] [Task #0: main] Trial #170: GFLOPs: 65.7446. Time: 1148.3455 us. Best GFLOPs: 89.4301
2026-04-07 14:40:14 [INFO] [task_scheduler.cc:137] [Task #0: main] Trial #171: GFLOPs: 61.0364. Time: 1236.9255 us. Best GFLOPs: 89.4301
2026-04-07 14:40:14 [INFO] [task_scheduler.cc:137] [Task #0: main] Trial #172: GFLOPs: 60.0850. Time: 1256.5103 us. Best GFLOPs: 89.4301
2026-04-07 14:40:14 [INFO] [task_scheduler.cc:137] [Task #0: main] Trial #173: GFLOPs: 70.0826. Time: 1077.2641 us. Best GFLOPs: 89.4301
2026-04-07 14:40:14 [INFO] [task_scheduler.cc:137] [Task #0: main] Trial #174: GFLOPs: 75.5487. Time: 999.3215 us. Best GFLOPs: 89.4301
2026-04-07 14:40:14 [INFO] [task_scheduler.cc:137] [Task #0: main] Trial #175: GFLOPs: 80.6831. Time: 935.7283 us. Best GFLOPs: 89.4301
2026-04-07 14:40:14 [INFO] [task_scheduler.cc:137] [Task #0: main] Trial #176: GFLOPs: 71.8066. Time: 1051.4001 us. Best GFLOPs: 89.4301
2026-04-07 14:40:14 [INFO] [task_scheduler.cc:137] [Task #0: main] Trial #177: GFLOPs: 78.0743. Time: 966.9956 us. Best GFLOPs: 89.4301
2026-04-07 14:40:14 [INFO] [task_scheduler.cc:137] [Task #0: main] Trial #178: GFLOPs: 56.6343. Time: 1333.0691 us. Best GFLOPs: 89.4301
2026-04-07 14:40:14 [INFO] [task_scheduler.cc:137] [Task #0: main] Trial #179: GFLOPs: 51.8597. Time: 1455.8020 us. Best GFLOPs: 89.4301
2026-04-07 14:40:14 [INFO] [task_scheduler.cc:137] [Task #0: main] Trial #180: GFLOPs: 61.0021. Time: 1237.6210 us. Best GFLOPs: 89.4301
2026-04-07 14:40:14 [INFO] [task_scheduler.cc:137] [Task #0: main] Trial #181: GFLOPs: 55.0547. Time: 1371.3175 us. Best GFLOPs: 89.4301
2026-04-07 14:40:14 [INFO] [task_scheduler.cc:137] [Task #0: main] Trial #182: GFLOPs: 64.5174. Time: 1170.1871 us. Best GFLOPs: 89.4301
2026-04-07 14:40:14 [INFO] [task_scheduler.cc:137] [Task #0: main] Trial #183: GFLOPs: 60.2184. Time: 1253.7274 us. Best GFLOPs: 89.4301
2026-04-07 14:40:14 [INFO] [task_scheduler.cc:137] [Task #0: main] Trial #184: GFLOPs: 63.9804. Time: 1180.0085 us. Best GFLOPs: 89.4301
2026-04-07 14:40:14 [INFO] [task_scheduler.cc:137] [Task #0: main] Trial #185: GFLOPs: 38.0800. Time: 1982.6029 us. Best GFLOPs: 89.4301
2026-04-07 14:40:14 [INFO] [task_scheduler.cc:137] [Task #0: main] Trial #186: GFLOPs: 71.9679. Time: 1049.0435 us. Best GFLOPs: 89.4301
2026-04-07 14:40:14 [INFO] [task_scheduler.cc:137] [Task #0: main] Trial #187: GFLOPs: 76.9538. Time: 981.0749 us. Best GFLOPs: 89.4301
2026-04-07 14:40:14 [INFO] [task_scheduler.cc:137] [Task #0: main] Trial #188: GFLOPs: 63.8206. Time: 1182.9648 us. Best GFLOPs: 89.4301
2026-04-07 14:40:14 [INFO] [task_scheduler.cc:137] [Task #0: main] Trial #189: GFLOPs: 49.3473. Time: 1529.9209 us. Best GFLOPs: 89.4301
2026-04-07 14:40:14 [INFO] [task_scheduler.cc:137] [Task #0: main] Trial #190: GFLOPs: 66.1108. Time: 1141.9832 us. Best GFLOPs: 89.4301
2026-04-07 14:40:14 [INFO] [task_scheduler.cc:137] [Task #0: main] Trial #191: GFLOPs: 59.7405. Time: 1263.7577 us. Best GFLOPs: 89.4301
2026-04-07 14:40:14 [INFO] [task_scheduler.cc:137] [Task #0: main] Trial #192: GFLOPs: 50.0305. Time: 1509.0289 us. Best GFLOPs: 89.4301
2026-04-07 14:40:14 [INFO] [evolutionary_search.cc:711] Generating candidates......
2026-04-07 14:40:14 [INFO] [evolutionary_search.cc:713] Picked top 121 candidate(s) from database
2026-04-07 14:40:14 [INFO] [evolutionary_search.cc:530] Sample-Init-Population summary:
Postproc #0 [meta_schedule.DisallowDynamicLoop(0x5bdf3ef096b8)]: 0 failure(s)
Postproc #1 [meta_schedule.RewriteParallelVectorizeUnroll(0x5bdf3ef4be68)]: 0 failure(s)
Postproc #2 [meta_schedule.RewriteReductionBlock(0x5bdf3eef68f8)]: 0 failure(s)
Postproc #3 [meta_schedule.RewriteLayout(0x5bdf3f631098)]: 0 failure(s)
2026-04-07 14:40:14 [INFO] [evolutionary_search.cc:721] Sampled 488 candidate(s)
2026-04-07 14:40:15 [INFO] [evolutionary_search.cc:619] Evolve iter #0 done. Summary:
Postproc #0 [meta_schedule.DisallowDynamicLoop(0x5bdf3ef096b8)]: 0 failure(s)
Postproc #1 [meta_schedule.RewriteParallelVectorizeUnroll(0x5bdf3ef4be68)]: 0 failure(s)
Postproc #2 [meta_schedule.RewriteReductionBlock(0x5bdf3eef68f8)]: 0 failure(s)
Postproc #3 [meta_schedule.RewriteLayout(0x5bdf3f631098)]: 0 failure(s)
2026-04-07 14:40:16 [INFO] [evolutionary_search.cc:619] Evolve iter #1 done. Summary:
Postproc #0 [meta_schedule.DisallowDynamicLoop(0x5bdf3ef096b8)]: 0 failure(s)
Postproc #1 [meta_schedule.RewriteParallelVectorizeUnroll(0x5bdf3ef4be68)]: 0 failure(s)
Postproc #2 [meta_schedule.RewriteReductionBlock(0x5bdf3eef68f8)]: 0 failure(s)
Postproc #3 [meta_schedule.RewriteLayout(0x5bdf3f631098)]: 0 failure(s)
2026-04-07 14:40:17 [INFO] [evolutionary_search.cc:619] Evolve iter #2 done. Summary:
Postproc #0 [meta_schedule.DisallowDynamicLoop(0x5bdf3ef096b8)]: 0 failure(s)
Postproc #1 [meta_schedule.RewriteParallelVectorizeUnroll(0x5bdf3ef4be68)]: 0 failure(s)
Postproc #2 [meta_schedule.RewriteReductionBlock(0x5bdf3eef68f8)]: 0 failure(s)
Postproc #3 [meta_schedule.RewriteLayout(0x5bdf3f631098)]: 0 failure(s)
2026-04-07 14:40:18 [INFO] [evolutionary_search.cc:619] Evolve iter #3 done. Summary:
Postproc #0 [meta_schedule.DisallowDynamicLoop(0x5bdf3ef096b8)]: 0 failure(s)
Postproc #1 [meta_schedule.RewriteParallelVectorizeUnroll(0x5bdf3ef4be68)]: 0 failure(s)
Postproc #2 [meta_schedule.RewriteReductionBlock(0x5bdf3eef68f8)]: 0 failure(s)
Postproc #3 [meta_schedule.RewriteLayout(0x5bdf3f631098)]: 0 failure(s)
2026-04-07 14:40:19 [INFO] [evolutionary_search.cc:647] Scores of the best 32 candidates:
[1 : 16]:	0.9196  0.9159  0.8901  0.8901  0.8890  0.8762  0.8663  0.8663  0.8663  0.8648  0.8648  0.8575  0.8571  0.8571  0.8556  0.8535
[17 : 32]:	0.8509  0.8409  0.8333  0.8333  0.8328  0.8328  0.8250  0.8205  0.8198  0.8183  0.8183  0.8176  0.8175  0.8159  0.8083  0.8071
2026-04-07 14:40:19 [INFO] [evolutionary_search.cc:725] Got 32 candidate(s) with evolutionary search
2026-04-07 14:40:19 [INFO] [evolutionary_search.cc:728] Sending 32 candidates(s) for measurement
2026-04-07 14:40:37 [INFO] [task_scheduler.cc:137] [Task #0: main] Trial #193: GFLOPs: 83.7858. Time: 901.0768 us. Best GFLOPs: 89.4301
2026-04-07 14:40:37 [INFO] [task_scheduler.cc:137] [Task #0: main] Trial #194: GFLOPs: 94.9826. Time: 794.8561 us. Best GFLOPs: 94.9826
2026-04-07 14:40:37 [INFO] [task_scheduler.cc:137] [Task #0: main] Trial #195: GFLOPs: 75.2632. Time: 1003.1128 us. Best GFLOPs: 94.9826
2026-04-07 14:40:37 [INFO] [task_scheduler.cc:137] [Task #0: main] Trial #196: GFLOPs: 77.0819. Time: 979.4451 us. Best GFLOPs: 94.9826
2026-04-07 14:40:37 [INFO] [task_scheduler.cc:137] [Task #0: main] Trial #197: GFLOPs: 90.1268. Time: 837.6802 us. Best GFLOPs: 94.9826
2026-04-07 14:40:37 [INFO] [task_scheduler.cc:137] [Task #0: main] Trial #198: GFLOPs: 91.8541. Time: 821.9283 us. Best GFLOPs: 94.9826
2026-04-07 14:40:37 [INFO] [task_scheduler.cc:137] [Task #0: main] Trial #199: GFLOPs: 71.0818. Time: 1062.1206 us. Best GFLOPs: 94.9826
2026-04-07 14:40:37 [INFO] [task_scheduler.cc:137] [Task #0: main] Trial #200: GFLOPs: 53.7264. Time: 1405.2218 us. Best GFLOPs: 94.9826
2026-04-07 14:40:37 [INFO] [task_scheduler.cc:137] [Task #0: main] Trial #201: GFLOPs: 61.4284. Time: 1229.0318 us. Best GFLOPs: 94.9826
2026-04-07 14:40:37 [INFO] [task_scheduler.cc:137] [Task #0: main] Trial #202: GFLOPs: 60.6694. Time: 1244.4087 us. Best GFLOPs: 94.9826
2026-04-07 14:40:37 [INFO] [task_scheduler.cc:137] [Task #0: main] Trial #203: GFLOPs: 64.4305. Time: 1171.7668 us. Best GFLOPs: 94.9826
2026-04-07 14:40:37 [INFO] [task_scheduler.cc:137] [Task #0: main] Trial #204: GFLOPs: 89.9019. Time: 839.7762 us. Best GFLOPs: 94.9826
2026-04-07 14:40:37 [INFO] [task_scheduler.cc:137] [Task #0: main] Trial #205: GFLOPs: 80.4660. Time: 938.2531 us. Best GFLOPs: 94.9826
2026-04-07 14:40:37 [INFO] [task_scheduler.cc:137] [Task #0: main] Trial #206: GFLOPs: 82.9757. Time: 909.8746 us. Best GFLOPs: 94.9826
2026-04-07 14:40:37 [INFO] [task_scheduler.cc:137] [Task #0: main] Trial #207: GFLOPs: 83.8955. Time: 899.8989 us. Best GFLOPs: 94.9826
2026-04-07 14:40:37 [INFO] [task_scheduler.cc:137] [Task #0: main] Trial #208: GFLOPs: 95.0368. Time: 794.4023 us. Best GFLOPs: 95.0368
2026-04-07 14:40:37 [INFO] [task_scheduler.cc:137] [Task #0: main] Trial #209: GFLOPs: 42.8290. Time: 1762.7668 us. Best GFLOPs: 95.0368
2026-04-07 14:40:37 [INFO] [task_scheduler.cc:137] [Task #0: main] Trial #210: GFLOPs: 84.0700. Time: 898.0309 us. Best GFLOPs: 95.0368
2026-04-07 14:40:37 [INFO] [task_scheduler.cc:137] [Task #0: main] Trial #211: GFLOPs: 78.1054. Time: 966.6097 us. Best GFLOPs: 95.0368
2026-04-07 14:40:37 [INFO] [task_scheduler.cc:137] [Task #0: main] Trial #212: GFLOPs: 92.6003. Time: 815.3052 us. Best GFLOPs: 95.0368
2026-04-07 14:40:37 [INFO] [task_scheduler.cc:137] [Task #0: main] Trial #213: GFLOPs: 69.0721. Time: 1093.0240 us. Best GFLOPs: 95.0368
2026-04-07 14:40:37 [INFO] [task_scheduler.cc:137] [Task #0: main] Trial #214: GFLOPs: 53.3090. Time: 1416.2241 us. Best GFLOPs: 95.0368
2026-04-07 14:40:37 [INFO] [task_scheduler.cc:137] [Task #0: main] Trial #215: GFLOPs: 37.6663. Time: 2004.3755 us. Best GFLOPs: 95.0368
2026-04-07 14:40:37 [INFO] [task_scheduler.cc:137] [Task #0: main] Trial #216: GFLOPs: 81.4272. Time: 927.1772 us. Best GFLOPs: 95.0368
2026-04-07 14:40:37 [INFO] [task_scheduler.cc:137] [Task #0: main] Trial #217: GFLOPs: 66.5007. Time: 1135.2880 us. Best GFLOPs: 95.0368
2026-04-07 14:40:37 [INFO] [task_scheduler.cc:137] [Task #0: main] Trial #218: GFLOPs: 58.1803. Time: 1297.6463 us. Best GFLOPs: 95.0368
2026-04-07 14:40:37 [INFO] [task_scheduler.cc:137] [Task #0: main] Trial #219: GFLOPs: 62.6881. Time: 1204.3341 us. Best GFLOPs: 95.0368
2026-04-07 14:40:37 [INFO] [task_scheduler.cc:137] [Task #0: main] Trial #220: GFLOPs: 62.4431. Time: 1209.0595 us. Best GFLOPs: 95.0368
2026-04-07 14:40:37 [INFO] [task_scheduler.cc:137] [Task #0: main] Trial #221: GFLOPs: 69.2878. Time: 1089.6222 us. Best GFLOPs: 95.0368
2026-04-07 14:40:37 [INFO] [task_scheduler.cc:137] [Task #0: main] Trial #222: GFLOPs: 84.7766. Time: 890.5461 us. Best GFLOPs: 95.0368
2026-04-07 14:40:37 [INFO] [task_scheduler.cc:137] [Task #0: main] Trial #223: GFLOPs: 71.7803. Time: 1051.7858 us. Best GFLOPs: 95.0368
2026-04-07 14:40:37 [INFO] [task_scheduler.cc:137] [Task #0: main] Trial #224: GFLOPs: 29.8331. Time: 2530.6633 us. Best GFLOPs: 95.0368
2026-04-07 14:40:37 [INFO] [evolutionary_search.cc:711] Generating candidates......
2026-04-07 14:40:37 [INFO] [evolutionary_search.cc:713] Picked top 121 candidate(s) from database
2026-04-07 14:40:37 [INFO] [evolutionary_search.cc:530] Sample-Init-Population summary:
Postproc #0 [meta_schedule.DisallowDynamicLoop(0x5bdf3ef096b8)]: 0 failure(s)
Postproc #1 [meta_schedule.RewriteParallelVectorizeUnroll(0x5bdf3ef4be68)]: 0 failure(s)
Postproc #2 [meta_schedule.RewriteReductionBlock(0x5bdf3eef68f8)]: 0 failure(s)
Postproc #3 [meta_schedule.RewriteLayout(0x5bdf3f631098)]: 0 failure(s)
2026-04-07 14:40:37 [INFO] [evolutionary_search.cc:721] Sampled 488 candidate(s)
2026-04-07 14:40:38 [INFO] [evolutionary_search.cc:619] Evolve iter #0 done. Summary:
Postproc #0 [meta_schedule.DisallowDynamicLoop(0x5bdf3ef096b8)]: 0 failure(s)
Postproc #1 [meta_schedule.RewriteParallelVectorizeUnroll(0x5bdf3ef4be68)]: 0 failure(s)
Postproc #2 [meta_schedule.RewriteReductionBlock(0x5bdf3eef68f8)]: 0 failure(s)
Postproc #3 [meta_schedule.RewriteLayout(0x5bdf3f631098)]: 0 failure(s)
2026-04-07 14:40:39 [INFO] [evolutionary_search.cc:619] Evolve iter #1 done. Summary:
Postproc #0 [meta_schedule.DisallowDynamicLoop(0x5bdf3ef096b8)]: 0 failure(s)
Postproc #1 [meta_schedule.RewriteParallelVectorizeUnroll(0x5bdf3ef4be68)]: 0 failure(s)
Postproc #2 [meta_schedule.RewriteReductionBlock(0x5bdf3eef68f8)]: 0 failure(s)
Postproc #3 [meta_schedule.RewriteLayout(0x5bdf3f631098)]: 0 failure(s)
2026-04-07 14:40:40 [INFO] [evolutionary_search.cc:619] Evolve iter #2 done. Summary:
Postproc #0 [meta_schedule.DisallowDynamicLoop(0x5bdf3ef096b8)]: 0 failure(s)
Postproc #1 [meta_schedule.RewriteParallelVectorizeUnroll(0x5bdf3ef4be68)]: 0 failure(s)
Postproc #2 [meta_schedule.RewriteReductionBlock(0x5bdf3eef68f8)]: 0 failure(s)
Postproc #3 [meta_schedule.RewriteLayout(0x5bdf3f631098)]: 0 failure(s)
2026-04-07 14:40:41 [INFO] [evolutionary_search.cc:619] Evolve iter #3 done. Summary:
Postproc #0 [meta_schedule.DisallowDynamicLoop(0x5bdf3ef096b8)]: 0 failure(s)
Postproc #1 [meta_schedule.RewriteParallelVectorizeUnroll(0x5bdf3ef4be68)]: 0 failure(s)
Postproc #2 [meta_schedule.RewriteReductionBlock(0x5bdf3eef68f8)]: 0 failure(s)
Postproc #3 [meta_schedule.RewriteLayout(0x5bdf3f631098)]: 0 failure(s)
2026-04-07 14:40:42 [INFO] [evolutionary_search.cc:647] Scores of the best 4 candidates:
[1 : 4]:	0.9896  0.9786  0.9205  0.9197
2026-04-07 14:40:42 [INFO] [evolutionary_search.cc:725] Got 4 candidate(s) with evolutionary search
2026-04-07 14:40:42 [INFO] [evolutionary_search.cc:728] Sending 4 candidates(s) for measurement
2026-04-07 14:40:46 [INFO] [task_scheduler.cc:137] [Task #0: main] Trial #225: GFLOPs: 78.4203. Time: 962.7287 us. Best GFLOPs: 95.0368
2026-04-07 14:40:46 [INFO] [task_scheduler.cc:137] [Task #0: main] Trial #226: GFLOPs: 85.5423. Time: 882.5752 us. Best GFLOPs: 95.0368
2026-04-07 14:40:46 [INFO] [task_scheduler.cc:137] [Task #0: main] Trial #227: GFLOPs: 74.7467. Time: 1010.0440 us. Best GFLOPs: 95.0368
2026-04-07 14:40:46 [INFO] [task_scheduler.cc:137] [Task #0: main] Trial #228: GFLOPs: 84.8853. Time: 889.4054 us. Best GFLOPs: 95.0368
