2026-04-07 13:12:52 [INFO] Logging directory: research/results/metaschedule/8020/iter_01/be6598108ed7b9e8/mlp_reduce/M_16/logs
2026-04-07 13:12:52 [INFO] [task_scheduler.cc:165] Initializing Task #0: "main"
2026-04-07 13:12:52 [INFO] [task_scheduler.cc:326] 
 ID | Name |     FLOP | Weight | Speed (GFLOPS) | Latency (us) | Weighted Latency (us) | Trials | Done 
-------------------------------------------------------------------------------------------------------
  0 | main | 75497472 |      1 |            N/A |          N/A |                   N/A |      0 |      
-------------------------------------------------------------------------------------------------------
Total trials: 0
Total latency (us): 0

2026-04-07 13:12:52 [INFO] [task_scheduler.cc:186] TaskScheduler picks Task #0: "main"
2026-04-07 13:12:54 [INFO] [task_scheduler.cc:199] Sending 32 sample(s) to builder
2026-04-07 13:13:02 [INFO] [task_scheduler.cc:201] Sending 32 sample(s) to runner
2026-04-07 13:13:11 [DEBUG] XGB iter   0: tr-p-rmse: 0.477636	tr-a-peak@32: 0.906024	tr-rmse: 0.254251	tr-rmse: 0.254251
2026-04-07 13:13:12 [DEBUG] XGB iter  25: tr-p-rmse: 0.060512	tr-a-peak@32: 1.000000	tr-rmse: 0.249025	tr-rmse: 0.249025
2026-04-07 13:13:12 [DEBUG] XGB iter  50: tr-p-rmse: 0.060666	tr-a-peak@32: 1.000000	tr-rmse: 0.248881	tr-rmse: 0.248881
2026-04-07 13:13:12 [DEBUG] XGB stopped. Best iteration: [23] tr-p-rmse:0.06034	tr-a-peak@32:1.00000	tr-rmse:0.24919	tr-rmse:0.24919 
2026-04-07 13:13:12 [INFO] [task_scheduler.cc:243] [Updated] Task #0: "main"
2026-04-07 13:13:12 [INFO] [task_scheduler.cc:326] 
 ID | Name |     FLOP | Weight | Speed (GFLOPS) | Latency (us) | Weighted Latency (us) | Trials | Done 
-------------------------------------------------------------------------------------------------------
  0 | main | 75497472 |      1 |        65.1668 |    1158.5269 |             1158.5269 |     32 |      
-------------------------------------------------------------------------------------------------------
Total trials: 32
Total latency (us): 1158.53

2026-04-07 13:13:12 [INFO] [task_scheduler.cc:186] TaskScheduler picks Task #0: "main"
2026-04-07 13:13:13 [INFO] [task_scheduler.cc:199] Sending 32 sample(s) to builder
2026-04-07 13:13:21 [INFO] [task_scheduler.cc:201] Sending 32 sample(s) to runner
2026-04-07 13:13:31 [DEBUG] XGB validation: p-rmse: 0.208638	a-peak@32: 1.000000
2026-04-07 13:13:31 [DEBUG] XGB iter   0: tr-p-rmse: 0.462330	tr-a-peak@32: 0.680106	tr-rmse: 0.194661	tr-rmse: 0.194661
2026-04-07 13:13:31 [DEBUG] XGB iter  25: tr-p-rmse: 0.056713	tr-a-peak@32: 1.000000	tr-rmse: 0.196218	tr-rmse: 0.196218
2026-04-07 13:13:31 [DEBUG] XGB iter  50: tr-p-rmse: 0.056026	tr-a-peak@32: 1.000000	tr-rmse: 0.196442	tr-rmse: 0.196442
2026-04-07 13:13:31 [DEBUG] XGB iter  75: tr-p-rmse: 0.056026	tr-a-peak@32: 1.000000	tr-rmse: 0.196442	tr-rmse: 0.196442
2026-04-07 13:13:31 [DEBUG] XGB stopped. Best iteration: [41] tr-p-rmse:0.05603	tr-a-peak@32:1.00000	tr-rmse:0.19644	tr-rmse:0.19644 
2026-04-07 13:13:31 [INFO] [task_scheduler.cc:243] [Updated] Task #0: "main"
2026-04-07 13:13:31 [INFO] [task_scheduler.cc:326] 
 ID | Name |     FLOP | Weight | Speed (GFLOPS) | Latency (us) | Weighted Latency (us) | Trials | Done 
-------------------------------------------------------------------------------------------------------
  0 | main | 75497472 |      1 |        76.2283 |     990.4122 |              990.4122 |     64 |      
-------------------------------------------------------------------------------------------------------
Total trials: 64
Total latency (us): 990.412

2026-04-07 13:13:31 [INFO] [task_scheduler.cc:186] TaskScheduler picks Task #0: "main"
2026-04-07 13:13:32 [INFO] [task_scheduler.cc:199] Sending 32 sample(s) to builder
2026-04-07 13:13:40 [INFO] [task_scheduler.cc:201] Sending 32 sample(s) to runner
2026-04-07 13:13:50 [DEBUG] XGB validation: p-rmse: 0.218465	a-peak@32: 0.918601
2026-04-07 13:13:50 [DEBUG] XGB iter   0: tr-p-rmse: 0.468608	tr-a-peak@32: 0.678449	tr-rmse: 0.192090	tr-rmse: 0.192090
2026-04-07 13:13:50 [DEBUG] XGB iter  25: tr-p-rmse: 0.053616	tr-a-peak@32: 1.000000	tr-rmse: 0.173864	tr-rmse: 0.173864
2026-04-07 13:13:50 [DEBUG] XGB iter  50: tr-p-rmse: 0.053116	tr-a-peak@32: 1.000000	tr-rmse: 0.174023	tr-rmse: 0.174023
2026-04-07 13:13:50 [DEBUG] XGB iter  75: tr-p-rmse: 0.053116	tr-a-peak@32: 1.000000	tr-rmse: 0.174023	tr-rmse: 0.174023
2026-04-07 13:13:50 [DEBUG] XGB stopped. Best iteration: [45] tr-p-rmse:0.05312	tr-a-peak@32:1.00000	tr-rmse:0.17402	tr-rmse:0.17402 
2026-04-07 13:13:50 [INFO] [task_scheduler.cc:243] [Updated] Task #0: "main"
2026-04-07 13:13:50 [INFO] [task_scheduler.cc:326] 
 ID | Name |     FLOP | Weight | Speed (GFLOPS) | Latency (us) | Weighted Latency (us) | Trials | Done 
-------------------------------------------------------------------------------------------------------
  0 | main | 75497472 |      1 |        86.4917 |     872.8874 |              872.8874 |     96 |      
-------------------------------------------------------------------------------------------------------
Total trials: 96
Total latency (us): 872.887

2026-04-07 13:13:50 [INFO] [task_scheduler.cc:186] TaskScheduler picks Task #0: "main"
2026-04-07 13:13:52 [INFO] [task_scheduler.cc:199] Sending 32 sample(s) to builder
2026-04-07 13:14:01 [INFO] [task_scheduler.cc:201] Sending 32 sample(s) to runner
2026-04-07 13:14:11 [DEBUG] XGB validation: p-rmse: 0.173424	a-peak@32: 0.953520
2026-04-07 13:14:11 [DEBUG] XGB iter   0: tr-p-rmse: 0.474784	tr-a-peak@32: 0.704335	tr-rmse: 0.195970	tr-rmse: 0.195970
2026-04-07 13:14:11 [DEBUG] XGB iter  25: tr-p-rmse: 0.052753	tr-a-peak@32: 1.000000	tr-rmse: 0.196432	tr-rmse: 0.196432
2026-04-07 13:14:11 [DEBUG] XGB iter  50: tr-p-rmse: 0.052746	tr-a-peak@32: 1.000000	tr-rmse: 0.196442	tr-rmse: 0.196442
2026-04-07 13:14:11 [DEBUG] XGB iter  75: tr-p-rmse: 0.052746	tr-a-peak@32: 1.000000	tr-rmse: 0.196442	tr-rmse: 0.196442
2026-04-07 13:14:11 [DEBUG] XGB stopped. Best iteration: [31] tr-p-rmse:0.05275	tr-a-peak@32:1.00000	tr-rmse:0.19644	tr-rmse:0.19644 
2026-04-07 13:14:11 [INFO] [task_scheduler.cc:243] [Updated] Task #0: "main"
2026-04-07 13:14:11 [INFO] [task_scheduler.cc:326] 
 ID | Name |     FLOP | Weight | Speed (GFLOPS) | Latency (us) | Weighted Latency (us) | Trials | Done 
-------------------------------------------------------------------------------------------------------
  0 | main | 75497472 |      1 |        86.4917 |     872.8874 |              872.8874 |    128 |      
-------------------------------------------------------------------------------------------------------
Total trials: 128
Total latency (us): 872.887

2026-04-07 13:14:11 [INFO] [task_scheduler.cc:186] TaskScheduler picks Task #0: "main"
2026-04-07 13:14:16 [INFO] [task_scheduler.cc:199] Sending 32 sample(s) to builder
2026-04-07 13:14:25 [INFO] [task_scheduler.cc:201] Sending 32 sample(s) to runner
2026-04-07 13:14:34 [DEBUG] XGB validation: p-rmse: 0.224756	a-peak@32: 0.997384
2026-04-07 13:14:34 [DEBUG] XGB iter   0: tr-p-rmse: 0.445746	tr-a-peak@32: 0.861433	tr-rmse: 0.218359	tr-rmse: 0.218359
2026-04-07 13:14:34 [DEBUG] XGB iter  25: tr-p-rmse: 0.049657	tr-a-peak@32: 0.996774	tr-rmse: 0.211268	tr-rmse: 0.211268
2026-04-07 13:14:34 [DEBUG] XGB iter  50: tr-p-rmse: 0.049644	tr-a-peak@32: 0.996774	tr-rmse: 0.211283	tr-rmse: 0.211283
2026-04-07 13:14:34 [DEBUG] XGB iter  75: tr-p-rmse: 0.049644	tr-a-peak@32: 0.996774	tr-rmse: 0.211283	tr-rmse: 0.211283
2026-04-07 13:14:34 [DEBUG] XGB stopped. Best iteration: [36] tr-p-rmse:0.04964	tr-a-peak@32:0.99677	tr-rmse:0.21128	tr-rmse:0.21128 
2026-04-07 13:14:34 [INFO] [task_scheduler.cc:243] [Updated] Task #0: "main"
2026-04-07 13:14:34 [INFO] [task_scheduler.cc:326] 
 ID | Name |     FLOP | Weight | Speed (GFLOPS) | Latency (us) | Weighted Latency (us) | Trials | Done 
-------------------------------------------------------------------------------------------------------
  0 | main | 75497472 |      1 |        86.4917 |     872.8874 |              872.8874 |    160 |      
-------------------------------------------------------------------------------------------------------
Total trials: 160
Total latency (us): 872.887

2026-04-07 13:14:34 [INFO] [task_scheduler.cc:186] TaskScheduler picks Task #0: "main"
2026-04-07 13:14:39 [INFO] [task_scheduler.cc:199] Sending 32 sample(s) to builder
2026-04-07 13:14:53 [INFO] [task_scheduler.cc:201] Sending 32 sample(s) to runner
2026-04-07 13:15:01 [DEBUG] XGB validation: p-rmse: 0.259009	a-peak@32: 0.980455
2026-04-07 13:15:01 [DEBUG] XGB iter   0: tr-p-rmse: 0.432216	tr-a-peak@32: 0.814664	tr-rmse: 0.214816	tr-rmse: 0.214816
2026-04-07 13:15:01 [DEBUG] XGB iter  25: tr-p-rmse: 0.050174	tr-a-peak@32: 0.997524	tr-rmse: 0.181918	tr-rmse: 0.181918
2026-04-07 13:15:02 [DEBUG] XGB iter  50: tr-p-rmse: 0.050160	tr-a-peak@32: 0.997524	tr-rmse: 0.181935	tr-rmse: 0.181935
2026-04-07 13:15:02 [DEBUG] XGB iter  75: tr-p-rmse: 0.050160	tr-a-peak@32: 0.997524	tr-rmse: 0.181935	tr-rmse: 0.181935
2026-04-07 13:15:02 [DEBUG] XGB stopped. Best iteration: [35] tr-p-rmse:0.05016	tr-a-peak@32:0.99752	tr-rmse:0.18193	tr-rmse:0.18193 
2026-04-07 13:15:02 [INFO] [task_scheduler.cc:243] [Updated] Task #0: "main"
2026-04-07 13:15:02 [INFO] [task_scheduler.cc:326] 
 ID | Name |     FLOP | Weight | Speed (GFLOPS) | Latency (us) | Weighted Latency (us) | Trials | Done 
-------------------------------------------------------------------------------------------------------
  0 | main | 75497472 |      1 |        91.6040 |     824.1722 |              824.1722 |    192 |      
-------------------------------------------------------------------------------------------------------
Total trials: 192
Total latency (us): 824.172

2026-04-07 13:15:02 [INFO] [task_scheduler.cc:186] TaskScheduler picks Task #0: "main"
2026-04-07 13:15:07 [INFO] [task_scheduler.cc:199] Sending 32 sample(s) to builder
2026-04-07 13:15:17 [INFO] [task_scheduler.cc:201] Sending 32 sample(s) to runner
2026-04-07 13:15:27 [DEBUG] XGB validation: p-rmse: 0.109654	a-peak@32: 0.918552
2026-04-07 13:15:27 [INFO] [task_scheduler.cc:243] [Updated] Task #0: "main"
2026-04-07 13:15:27 [INFO] [task_scheduler.cc:326] 
 ID | Name |     FLOP | Weight | Speed (GFLOPS) | Latency (us) | Weighted Latency (us) | Trials | Done 
-------------------------------------------------------------------------------------------------------
  0 | main | 75497472 |      1 |        98.8891 |     763.4563 |              763.4563 |    224 |      
-------------------------------------------------------------------------------------------------------
Total trials: 224
Total latency (us): 763.456

2026-04-07 13:15:27 [INFO] [task_scheduler.cc:186] TaskScheduler picks Task #0: "main"
2026-04-07 13:15:32 [INFO] [task_scheduler.cc:199] Sending 32 sample(s) to builder
2026-04-07 13:15:42 [INFO] [task_scheduler.cc:201] Sending 32 sample(s) to runner
2026-04-07 13:15:51 [DEBUG] XGB validation: p-rmse: 0.120271	a-peak@32: 0.978725
2026-04-07 13:15:51 [DEBUG] XGB iter   0: tr-p-rmse: 0.398239	tr-a-peak@32: 1.000000	tr-rmse: 0.227727	tr-rmse: 0.227727
2026-04-07 13:15:51 [DEBUG] XGB iter  25: tr-p-rmse: 0.048376	tr-a-peak@32: 0.999980	tr-rmse: 0.203996	tr-rmse: 0.203996
2026-04-07 13:15:51 [DEBUG] XGB iter  50: tr-p-rmse: 0.048369	tr-a-peak@32: 0.999980	tr-rmse: 0.204005	tr-rmse: 0.204005
2026-04-07 13:15:51 [DEBUG] XGB iter  75: tr-p-rmse: 0.048369	tr-a-peak@32: 0.999980	tr-rmse: 0.204005	tr-rmse: 0.204005
2026-04-07 13:15:51 [DEBUG] XGB stopped. Best iteration: [33] tr-p-rmse:0.04837	tr-a-peak@32:0.99998	tr-rmse:0.20400	tr-rmse:0.20400 
2026-04-07 13:15:51 [INFO] [task_scheduler.cc:243] [Updated] Task #0: "main"
2026-04-07 13:15:51 [INFO] [task_scheduler.cc:326] 
 ID | Name |     FLOP | Weight | Speed (GFLOPS) | Latency (us) | Weighted Latency (us) | Trials | Done 
-------------------------------------------------------------------------------------------------------
  0 | main | 75497472 |      1 |        98.9518 |     762.9724 |              762.9724 |    256 |      
-------------------------------------------------------------------------------------------------------
Total trials: 256
Total latency (us): 762.972

2026-04-07 13:15:51 [INFO] [task_scheduler.cc:186] TaskScheduler picks Task #0: "main"
2026-04-07 13:15:56 [INFO] [task_scheduler.cc:199] Sending 32 sample(s) to builder
2026-04-07 13:16:05 [INFO] [task_scheduler.cc:201] Sending 32 sample(s) to runner
2026-04-07 13:16:14 [DEBUG] XGB validation: p-rmse: 0.206635	a-peak@32: 1.000000
2026-04-07 13:16:14 [INFO] [task_scheduler.cc:243] [Updated] Task #0: "main"
2026-04-07 13:16:14 [INFO] [task_scheduler.cc:326] 
 ID | Name |     FLOP | Weight | Speed (GFLOPS) | Latency (us) | Weighted Latency (us) | Trials | Done 
-------------------------------------------------------------------------------------------------------
  0 | main | 75497472 |      1 |       103.3148 |     730.7517 |              730.7517 |    288 |      
-------------------------------------------------------------------------------------------------------
Total trials: 288
Total latency (us): 730.752

2026-04-07 13:16:14 [INFO] [task_scheduler.cc:186] TaskScheduler picks Task #0: "main"
2026-04-07 13:16:19 [INFO] [task_scheduler.cc:199] Sending 19 sample(s) to builder
2026-04-07 13:16:30 [INFO] [task_scheduler.cc:201] Sending 19 sample(s) to runner
2026-04-07 13:16:36 [DEBUG] XGB validation: p-rmse: 0.248505	a-peak@32: 0.998092
2026-04-07 13:16:36 [INFO] [task_scheduler.cc:243] [Updated] Task #0: "main"
2026-04-07 13:16:36 [INFO] [task_scheduler.cc:326] 
 ID | Name |     FLOP | Weight | Speed (GFLOPS) | Latency (us) | Weighted Latency (us) | Trials | Done 
-------------------------------------------------------------------------------------------------------
  0 | main | 75497472 |      1 |       110.5871 |     682.6967 |              682.6967 |    307 |      
-------------------------------------------------------------------------------------------------------
Total trials: 307
Total latency (us): 682.697

2026-04-07 13:16:36 [INFO] [task_scheduler.cc:266] Task #0 has finished. Remaining task(s): 0
2026-04-07 13:16:36 [INFO] [task_scheduler.cc:326] 
 ID | Name |     FLOP | Weight | Speed (GFLOPS) | Latency (us) | Weighted Latency (us) | Trials | Done 
-------------------------------------------------------------------------------------------------------
  0 | main | 75497472 |      1 |       110.5871 |     682.6967 |              682.6967 |    307 |    Y 
-------------------------------------------------------------------------------------------------------
Total trials: 307
Total latency (us): 682.697

2026-04-07 13:16:37 [INFO] LocalBuilder: max_workers = 12
2026-04-07 13:16:38 [INFO] LocalRunner: max_workers = 1
