2026-04-10 14:01:37 [INFO] Logging directory: research/results/metaschedule/best_config/qkv/M_96/logs
2026-04-10 14:01:37 [INFO] [task_scheduler.cc:165] Initializing Task #0: "main"
2026-04-10 14:01:37 [INFO] [task_scheduler.cc:326] 
 ID | Name |      FLOP | Weight | Speed (GFLOPS) | Latency (us) | Weighted Latency (us) | Trials | Done 
--------------------------------------------------------------------------------------------------------
  0 | main | 113246208 |      1 |            N/A |          N/A |                   N/A |      0 |      
--------------------------------------------------------------------------------------------------------
Total trials: 0
Total latency (us): 0

2026-04-10 14:01:37 [INFO] [task_scheduler.cc:186] TaskScheduler picks Task #0: "main"
2026-04-10 14:01:38 [INFO] [task_scheduler.cc:199] Sending 63 sample(s) to builder
2026-04-10 14:01:50 [INFO] [task_scheduler.cc:201] Sending 63 sample(s) to runner
2026-04-10 14:02:00 [DEBUG] XGB iter   0: tr-p-rmse: 0.432328	tr-a-peak@32: 0.953851	tr-rmse: 0.272287	tr-rmse: 0.272287
2026-04-10 14:02:01 [DEBUG] XGB iter  25: tr-p-rmse: 0.075786	tr-a-peak@32: 1.000000	tr-rmse: 0.297527	tr-rmse: 0.297527
2026-04-10 14:02:01 [DEBUG] XGB iter  50: tr-p-rmse: 0.075797	tr-a-peak@32: 1.000000	tr-rmse: 0.297511	tr-rmse: 0.297511
2026-04-10 14:02:01 [DEBUG] XGB stopped. Best iteration: [21] tr-p-rmse:0.07573	tr-a-peak@32:1.00000	tr-rmse:0.29760	tr-rmse:0.29760 
2026-04-10 14:02:01 [INFO] [task_scheduler.cc:243] [Updated] Task #0: "main"
2026-04-10 14:02:01 [INFO] [task_scheduler.cc:326] 
 ID | Name |      FLOP | Weight | Speed (GFLOPS) | Latency (us) | Weighted Latency (us) | Trials | Done 
--------------------------------------------------------------------------------------------------------
  0 | main | 113246208 |      1 |       113.1689 |    1000.6830 |             1000.6830 |     63 |      
--------------------------------------------------------------------------------------------------------
Total trials: 63
Total latency (us): 1000.68

2026-04-10 14:02:01 [INFO] [task_scheduler.cc:186] TaskScheduler picks Task #0: "main"
2026-04-10 14:02:02 [INFO] [task_scheduler.cc:199] Sending 1 sample(s) to builder
2026-04-10 14:02:04 [INFO] [task_scheduler.cc:201] Sending 1 sample(s) to runner
2026-04-10 14:02:04 [DEBUG] XGB validation: p-rmse: 0.101235	a-peak@32: 1.000000
2026-04-10 14:02:04 [INFO] [task_scheduler.cc:243] [Updated] Task #0: "main"
2026-04-10 14:02:04 [INFO] [task_scheduler.cc:326] 
 ID | Name |      FLOP | Weight | Speed (GFLOPS) | Latency (us) | Weighted Latency (us) | Trials | Done 
--------------------------------------------------------------------------------------------------------
  0 | main | 113246208 |      1 |       113.1689 |    1000.6830 |             1000.6830 |     64 |      
--------------------------------------------------------------------------------------------------------
Total trials: 64
Total latency (us): 1000.68

2026-04-10 14:02:04 [INFO] [task_scheduler.cc:266] Task #0 has finished. Remaining task(s): 0
2026-04-10 14:02:04 [INFO] [task_scheduler.cc:326] 
 ID | Name |      FLOP | Weight | Speed (GFLOPS) | Latency (us) | Weighted Latency (us) | Trials | Done 
--------------------------------------------------------------------------------------------------------
  0 | main | 113246208 |      1 |       113.1689 |    1000.6830 |             1000.6830 |     64 |    Y 
--------------------------------------------------------------------------------------------------------
Total trials: 64
Total latency (us): 1000.68

2026-04-10 14:02:05 [INFO] LocalBuilder: max_workers = 12
2026-04-10 14:02:06 [INFO] LocalRunner: max_workers = 1
2026-04-10 15:06:35 [INFO] Logging directory: research/results/metaschedule/best_config/qkv/M_96/logs
2026-04-10 15:06:35 [INFO] [task_scheduler.cc:165] Initializing Task #0: "main"
2026-04-10 15:06:35 [INFO] [task_scheduler.cc:326] 
 ID | Name |      FLOP | Weight | Speed (GFLOPS) | Latency (us) | Weighted Latency (us) | Trials | Done 
--------------------------------------------------------------------------------------------------------
  0 | main | 113246208 |      1 |            N/A |          N/A |                   N/A |      0 |      
--------------------------------------------------------------------------------------------------------
Total trials: 0
Total latency (us): 0

2026-04-10 15:06:35 [INFO] [task_scheduler.cc:186] TaskScheduler picks Task #0: "main"
2026-04-10 15:06:37 [INFO] [task_scheduler.cc:199] Sending 64 sample(s) to builder
2026-04-10 15:06:51 [INFO] [task_scheduler.cc:201] Sending 64 sample(s) to runner
2026-04-10 15:07:03 [DEBUG] XGB iter   0: tr-p-rmse: 0.432199	tr-a-peak@32: 0.995303	tr-rmse: 0.236453	tr-rmse: 0.236453
2026-04-10 15:07:03 [DEBUG] XGB iter  25: tr-p-rmse: 0.054380	tr-a-peak@32: 1.000000	tr-rmse: 0.262078	tr-rmse: 0.262078
2026-04-10 15:07:03 [DEBUG] XGB iter  50: tr-p-rmse: 0.054353	tr-a-peak@32: 1.000000	tr-rmse: 0.262109	tr-rmse: 0.262109
2026-04-10 15:07:03 [DEBUG] XGB iter  75: tr-p-rmse: 0.054353	tr-a-peak@32: 1.000000	tr-rmse: 0.262109	tr-rmse: 0.262109
2026-04-10 15:07:03 [DEBUG] XGB stopped. Best iteration: [42] tr-p-rmse:0.05435	tr-a-peak@32:1.00000	tr-rmse:0.26211	tr-rmse:0.26211 
2026-04-10 15:07:03 [INFO] [task_scheduler.cc:243] [Updated] Task #0: "main"
2026-04-10 15:07:03 [INFO] [task_scheduler.cc:326] 
 ID | Name |      FLOP | Weight | Speed (GFLOPS) | Latency (us) | Weighted Latency (us) | Trials | Done 
--------------------------------------------------------------------------------------------------------
  0 | main | 113246208 |      1 |       107.9866 |    1048.7064 |             1048.7064 |     64 |      
--------------------------------------------------------------------------------------------------------
Total trials: 64
Total latency (us): 1048.71

2026-04-10 15:07:03 [INFO] [task_scheduler.cc:186] TaskScheduler picks Task #0: "main"
2026-04-10 15:07:04 [INFO] [task_scheduler.cc:199] Sending 13 sample(s) to builder
2026-04-10 15:07:11 [INFO] [task_scheduler.cc:201] Sending 13 sample(s) to runner
2026-04-10 15:07:14 [DEBUG] XGB validation: p-rmse: 0.304096	a-peak@32: 0.730522
2026-04-10 15:07:14 [DEBUG] XGB iter   0: tr-p-rmse: 0.437740	tr-a-peak@32: 1.000000	tr-rmse: 0.232574	tr-rmse: 0.232574
2026-04-10 15:07:14 [DEBUG] XGB iter  25: tr-p-rmse: 0.054290	tr-a-peak@32: 1.000000	tr-rmse: 0.248951	tr-rmse: 0.248951
2026-04-10 15:07:14 [DEBUG] XGB iter  50: tr-p-rmse: 0.054256	tr-a-peak@32: 1.000000	tr-rmse: 0.248990	tr-rmse: 0.248990
2026-04-10 15:07:14 [DEBUG] XGB iter  75: tr-p-rmse: 0.054256	tr-a-peak@32: 1.000000	tr-rmse: 0.248990	tr-rmse: 0.248990
2026-04-10 15:07:14 [DEBUG] XGB stopped. Best iteration: [37] tr-p-rmse:0.05426	tr-a-peak@32:1.00000	tr-rmse:0.24899	tr-rmse:0.24899 
2026-04-10 15:07:14 [INFO] [task_scheduler.cc:243] [Updated] Task #0: "main"
2026-04-10 15:07:14 [INFO] [task_scheduler.cc:326] 
 ID | Name |      FLOP | Weight | Speed (GFLOPS) | Latency (us) | Weighted Latency (us) | Trials | Done 
--------------------------------------------------------------------------------------------------------
  0 | main | 113246208 |      1 |       107.9866 |    1048.7064 |             1048.7064 |     77 |      
--------------------------------------------------------------------------------------------------------
Total trials: 77
Total latency (us): 1048.71

2026-04-10 15:07:14 [INFO] [task_scheduler.cc:266] Task #0 has finished. Remaining task(s): 0
2026-04-10 15:07:14 [INFO] [task_scheduler.cc:326] 
 ID | Name |      FLOP | Weight | Speed (GFLOPS) | Latency (us) | Weighted Latency (us) | Trials | Done 
--------------------------------------------------------------------------------------------------------
  0 | main | 113246208 |      1 |       107.9866 |    1048.7064 |             1048.7064 |     77 |    Y 
--------------------------------------------------------------------------------------------------------
Total trials: 77
Total latency (us): 1048.71

2026-04-10 15:07:14 [INFO] LocalBuilder: max_workers = 12
2026-04-10 15:07:16 [INFO] LocalRunner: max_workers = 1
2026-04-14 00:57:42 [INFO] Logging directory: research/results/metaschedule/best_config/qkv/M_96/logs
2026-04-14 00:57:42 [INFO] [task_scheduler.cc:165] Initializing Task #0: "main"
2026-04-14 00:57:42 [INFO] [task_scheduler.cc:326] 
 ID | Name |      FLOP | Weight | Speed (GFLOPS) | Latency (us) | Weighted Latency (us) | Trials | Done 
--------------------------------------------------------------------------------------------------------
  0 | main | 113246208 |      1 |            N/A |          N/A |                   N/A |      0 |      
--------------------------------------------------------------------------------------------------------
Total trials: 0
Total latency (us): 0

2026-04-14 00:57:42 [INFO] [task_scheduler.cc:186] TaskScheduler picks Task #0: "main"
2026-04-14 00:57:44 [INFO] [task_scheduler.cc:199] Sending 63 sample(s) to builder
2026-04-14 00:58:00 [INFO] [task_scheduler.cc:201] Sending 63 sample(s) to runner
2026-04-14 00:58:16 [DEBUG] XGB iter   0: tr-p-rmse: 0.438828	tr-a-peak@32: 1.000000	tr-rmse: 0.244304	tr-rmse: 0.244304
2026-04-14 00:58:16 [DEBUG] XGB iter  25: tr-p-rmse: 0.067409	tr-a-peak@32: 1.000000	tr-rmse: 0.275958	tr-rmse: 0.275958
2026-04-14 00:58:16 [DEBUG] XGB iter  50: tr-p-rmse: 0.067373	tr-a-peak@32: 1.000000	tr-rmse: 0.276005	tr-rmse: 0.276005
2026-04-14 00:58:16 [DEBUG] XGB iter  75: tr-p-rmse: 0.067373	tr-a-peak@32: 1.000000	tr-rmse: 0.276005	tr-rmse: 0.276005
2026-04-14 00:58:16 [DEBUG] XGB stopped. Best iteration: [34] tr-p-rmse:0.06737	tr-a-peak@32:1.00000	tr-rmse:0.27600	tr-rmse:0.27600 
2026-04-14 00:58:16 [INFO] [task_scheduler.cc:243] [Updated] Task #0: "main"
2026-04-14 00:58:16 [INFO] [task_scheduler.cc:326] 
 ID | Name |      FLOP | Weight | Speed (GFLOPS) | Latency (us) | Weighted Latency (us) | Trials | Done 
--------------------------------------------------------------------------------------------------------
  0 | main | 113246208 |      1 |        69.6536 |    1625.8477 |             1625.8477 |     63 |      
--------------------------------------------------------------------------------------------------------
Total trials: 63
Total latency (us): 1625.85

2026-04-14 00:58:16 [INFO] [task_scheduler.cc:186] TaskScheduler picks Task #0: "main"
2026-04-14 00:58:18 [INFO] [task_scheduler.cc:199] Sending 14 sample(s) to builder
2026-04-14 00:58:30 [INFO] [task_scheduler.cc:201] Sending 14 sample(s) to runner
2026-04-14 00:58:33 [DEBUG] XGB validation: p-rmse: 0.209638	a-peak@32: 0.857373
2026-04-14 00:58:33 [DEBUG] XGB iter   0: tr-p-rmse: 0.433951	tr-a-peak@32: 1.000000	tr-rmse: 0.235545	tr-rmse: 0.235545
2026-04-14 00:58:33 [DEBUG] XGB iter  25: tr-p-rmse: 0.060159	tr-a-peak@32: 1.000000	tr-rmse: 0.261795	tr-rmse: 0.261795
2026-04-14 00:58:33 [DEBUG] XGB iter  50: tr-p-rmse: 0.060146	tr-a-peak@32: 1.000000	tr-rmse: 0.261811	tr-rmse: 0.261811
2026-04-14 00:58:33 [DEBUG] XGB iter  75: tr-p-rmse: 0.060146	tr-a-peak@32: 1.000000	tr-rmse: 0.261811	tr-rmse: 0.261811
2026-04-14 00:58:33 [DEBUG] XGB stopped. Best iteration: [38] tr-p-rmse:0.06015	tr-a-peak@32:1.00000	tr-rmse:0.26181	tr-rmse:0.26181 
2026-04-14 00:58:33 [INFO] [task_scheduler.cc:243] [Updated] Task #0: "main"
2026-04-14 00:58:33 [INFO] [task_scheduler.cc:326] 
 ID | Name |      FLOP | Weight | Speed (GFLOPS) | Latency (us) | Weighted Latency (us) | Trials | Done 
--------------------------------------------------------------------------------------------------------
  0 | main | 113246208 |      1 |        69.6536 |    1625.8477 |             1625.8477 |     77 |      
--------------------------------------------------------------------------------------------------------
Total trials: 77
Total latency (us): 1625.85

2026-04-14 00:58:33 [INFO] [task_scheduler.cc:266] Task #0 has finished. Remaining task(s): 0
2026-04-14 00:58:33 [INFO] [task_scheduler.cc:326] 
 ID | Name |      FLOP | Weight | Speed (GFLOPS) | Latency (us) | Weighted Latency (us) | Trials | Done 
--------------------------------------------------------------------------------------------------------
  0 | main | 113246208 |      1 |        69.6536 |    1625.8477 |             1625.8477 |     77 |    Y 
--------------------------------------------------------------------------------------------------------
Total trials: 77
Total latency (us): 1625.85

2026-04-14 00:58:34 [INFO] LocalBuilder: max_workers = 12
2026-04-14 00:58:36 [INFO] LocalRunner: max_workers = 1
2026-04-14 01:37:24 [INFO] Logging directory: research/results/metaschedule/best_config/qkv/M_96/logs
2026-04-14 01:37:24 [INFO] [task_scheduler.cc:165] Initializing Task #0: "main"
2026-04-14 01:37:24 [INFO] [task_scheduler.cc:326] 
 ID | Name |      FLOP | Weight | Speed (GFLOPS) | Latency (us) | Weighted Latency (us) | Trials | Done 
--------------------------------------------------------------------------------------------------------
  0 | main | 113246208 |      1 |            N/A |          N/A |                   N/A |      0 |      
--------------------------------------------------------------------------------------------------------
Total trials: 0
Total latency (us): 0

2026-04-14 01:37:24 [INFO] [task_scheduler.cc:186] TaskScheduler picks Task #0: "main"
2026-04-14 01:37:26 [INFO] [task_scheduler.cc:199] Sending 64 sample(s) to builder
2026-04-14 01:37:42 [INFO] [task_scheduler.cc:201] Sending 64 sample(s) to runner
2026-04-14 01:37:57 [DEBUG] XGB iter   0: tr-p-rmse: 0.416838	tr-a-peak@32: 0.861330	tr-rmse: 0.225179	tr-rmse: 0.225179
2026-04-14 01:37:57 [DEBUG] XGB iter  25: tr-p-rmse: 0.067441	tr-a-peak@32: 1.000000	tr-rmse: 0.232629	tr-rmse: 0.232629
2026-04-14 01:37:57 [DEBUG] XGB iter  50: tr-p-rmse: 0.067430	tr-a-peak@32: 1.000000	tr-rmse: 0.232642	tr-rmse: 0.232642
2026-04-14 01:37:57 [DEBUG] XGB iter  75: tr-p-rmse: 0.067430	tr-a-peak@32: 1.000000	tr-rmse: 0.232642	tr-rmse: 0.232642
2026-04-14 01:37:57 [DEBUG] XGB stopped. Best iteration: [32] tr-p-rmse:0.06743	tr-a-peak@32:1.00000	tr-rmse:0.23264	tr-rmse:0.23264 
2026-04-14 01:37:57 [INFO] [task_scheduler.cc:243] [Updated] Task #0: "main"
2026-04-14 01:37:57 [INFO] [task_scheduler.cc:326] 
 ID | Name |      FLOP | Weight | Speed (GFLOPS) | Latency (us) | Weighted Latency (us) | Trials | Done 
--------------------------------------------------------------------------------------------------------
  0 | main | 113246208 |      1 |        89.5627 |    1264.4356 |             1264.4356 |     64 |      
--------------------------------------------------------------------------------------------------------
Total trials: 64
Total latency (us): 1264.44

2026-04-14 01:37:57 [INFO] [task_scheduler.cc:186] TaskScheduler picks Task #0: "main"
2026-04-14 01:37:59 [INFO] [task_scheduler.cc:199] Sending 13 sample(s) to builder
2026-04-14 01:38:07 [INFO] [task_scheduler.cc:201] Sending 13 sample(s) to runner
2026-04-14 01:38:10 [DEBUG] XGB validation: p-rmse: 0.211129	a-peak@32: 0.885711
2026-04-14 01:38:10 [DEBUG] XGB iter   0: tr-p-rmse: 0.422075	tr-a-peak@32: 0.899170	tr-rmse: 0.229011	tr-rmse: 0.229011
2026-04-14 01:38:10 [DEBUG] XGB iter  25: tr-p-rmse: 0.057611	tr-a-peak@32: 1.000000	tr-rmse: 0.240615	tr-rmse: 0.240615
2026-04-14 01:38:10 [DEBUG] XGB iter  50: tr-p-rmse: 0.057610	tr-a-peak@32: 1.000000	tr-rmse: 0.240617	tr-rmse: 0.240617
2026-04-14 01:38:10 [DEBUG] XGB iter  75: tr-p-rmse: 0.057610	tr-a-peak@32: 1.000000	tr-rmse: 0.240617	tr-rmse: 0.240617
2026-04-14 01:38:10 [DEBUG] XGB stopped. Best iteration: [27] tr-p-rmse:0.05761	tr-a-peak@32:1.00000	tr-rmse:0.24062	tr-rmse:0.24062 
2026-04-14 01:38:10 [INFO] [task_scheduler.cc:243] [Updated] Task #0: "main"
2026-04-14 01:38:10 [INFO] [task_scheduler.cc:326] 
 ID | Name |      FLOP | Weight | Speed (GFLOPS) | Latency (us) | Weighted Latency (us) | Trials | Done 
--------------------------------------------------------------------------------------------------------
  0 | main | 113246208 |      1 |        89.5627 |    1264.4356 |             1264.4356 |     77 |      
--------------------------------------------------------------------------------------------------------
Total trials: 77
Total latency (us): 1264.44

2026-04-14 01:38:10 [INFO] [task_scheduler.cc:266] Task #0 has finished. Remaining task(s): 0
2026-04-14 01:38:10 [INFO] [task_scheduler.cc:326] 
 ID | Name |      FLOP | Weight | Speed (GFLOPS) | Latency (us) | Weighted Latency (us) | Trials | Done 
--------------------------------------------------------------------------------------------------------
  0 | main | 113246208 |      1 |        89.5627 |    1264.4356 |             1264.4356 |     77 |    Y 
--------------------------------------------------------------------------------------------------------
Total trials: 77
Total latency (us): 1264.44

2026-04-14 01:38:11 [INFO] LocalBuilder: max_workers = 12
2026-04-14 01:38:13 [INFO] LocalRunner: max_workers = 1
