2026-04-07 15:54:02 [INFO] Logging directory: research/results/metaschedule/8020/iter_01/9bdcb64c25f472a5/mlp_reduce/M_16/logs
2026-04-07 15:54:02 [INFO] [task_scheduler.cc:165] Initializing Task #0: "main"
2026-04-07 15:54:02 [INFO] [task_scheduler.cc:326] 
 ID | Name |     FLOP | Weight | Speed (GFLOPS) | Latency (us) | Weighted Latency (us) | Trials | Done 
-------------------------------------------------------------------------------------------------------
  0 | main | 75497472 |      1 |            N/A |          N/A |                   N/A |      0 |      
-------------------------------------------------------------------------------------------------------
Total trials: 0
Total latency (us): 0

2026-04-07 15:54:02 [INFO] [task_scheduler.cc:186] TaskScheduler picks Task #0: "main"
2026-04-07 15:54:04 [INFO] [task_scheduler.cc:199] Sending 32 sample(s) to builder
2026-04-07 15:54:11 [INFO] [task_scheduler.cc:201] Sending 32 sample(s) to runner
2026-04-07 15:54:19 [DEBUG] XGB iter   0: tr-p-rmse: 0.467001	tr-a-peak@32: 1.000000	tr-rmse: 0.292928	tr-rmse: 0.292928
2026-04-07 15:54:19 [DEBUG] XGB iter  25: tr-p-rmse: 0.042901	tr-a-peak@32: 1.000000	tr-rmse: 0.319376	tr-rmse: 0.319376
2026-04-07 15:54:19 [DEBUG] XGB iter  50: tr-p-rmse: 0.042947	tr-a-peak@32: 1.000000	tr-rmse: 0.319316	tr-rmse: 0.319316
2026-04-07 15:54:19 [DEBUG] XGB stopped. Best iteration: [22] tr-p-rmse:0.04278	tr-a-peak@32:1.00000	tr-rmse:0.31954	tr-rmse:0.31954 
2026-04-07 15:54:19 [INFO] [task_scheduler.cc:243] [Updated] Task #0: "main"
2026-04-07 15:54:19 [INFO] [task_scheduler.cc:326] 
 ID | Name |     FLOP | Weight | Speed (GFLOPS) | Latency (us) | Weighted Latency (us) | Trials | Done 
-------------------------------------------------------------------------------------------------------
  0 | main | 75497472 |      1 |        85.0439 |     887.7467 |              887.7467 |     32 |      
-------------------------------------------------------------------------------------------------------
Total trials: 32
Total latency (us): 887.747

2026-04-07 15:54:19 [INFO] [task_scheduler.cc:186] TaskScheduler picks Task #0: "main"
2026-04-07 15:54:21 [INFO] [task_scheduler.cc:199] Sending 32 sample(s) to builder
2026-04-07 15:54:28 [INFO] [task_scheduler.cc:201] Sending 32 sample(s) to runner
2026-04-07 15:54:35 [DEBUG] XGB validation: p-rmse: 0.227493	a-peak@32: 0.972225
2026-04-07 15:54:35 [DEBUG] XGB iter   0: tr-p-rmse: 0.455150	tr-a-peak@32: 1.000000	tr-rmse: 0.255581	tr-rmse: 0.255581
2026-04-07 15:54:35 [DEBUG] XGB iter  25: tr-p-rmse: 0.051546	tr-a-peak@32: 1.000000	tr-rmse: 0.279351	tr-rmse: 0.279351
2026-04-07 15:54:35 [DEBUG] XGB iter  50: tr-p-rmse: 0.051506	tr-a-peak@32: 1.000000	tr-rmse: 0.279399	tr-rmse: 0.279399
2026-04-07 15:54:35 [DEBUG] XGB iter  75: tr-p-rmse: 0.051506	tr-a-peak@32: 1.000000	tr-rmse: 0.279399	tr-rmse: 0.279399
2026-04-07 15:54:35 [DEBUG] XGB stopped. Best iteration: [38] tr-p-rmse:0.05151	tr-a-peak@32:1.00000	tr-rmse:0.27940	tr-rmse:0.27940 
2026-04-07 15:54:35 [INFO] [task_scheduler.cc:243] [Updated] Task #0: "main"
2026-04-07 15:54:35 [INFO] [task_scheduler.cc:326] 
 ID | Name |     FLOP | Weight | Speed (GFLOPS) | Latency (us) | Weighted Latency (us) | Trials | Done 
-------------------------------------------------------------------------------------------------------
  0 | main | 75497472 |      1 |        85.0439 |     887.7467 |              887.7467 |     64 |      
-------------------------------------------------------------------------------------------------------
Total trials: 64
Total latency (us): 887.747

2026-04-07 15:54:35 [INFO] [task_scheduler.cc:186] TaskScheduler picks Task #0: "main"
2026-04-07 15:54:37 [INFO] [task_scheduler.cc:199] Sending 32 sample(s) to builder
2026-04-07 15:54:44 [INFO] [task_scheduler.cc:201] Sending 32 sample(s) to runner
2026-04-07 15:54:52 [DEBUG] XGB validation: p-rmse: 0.172848	a-peak@32: 0.980281
2026-04-07 15:54:52 [DEBUG] XGB iter   0: tr-p-rmse: 0.443253	tr-a-peak@32: 1.000000	tr-rmse: 0.236399	tr-rmse: 0.236399
2026-04-07 15:54:53 [DEBUG] XGB iter  25: tr-p-rmse: 0.055603	tr-a-peak@32: 1.000000	tr-rmse: 0.264632	tr-rmse: 0.264632
2026-04-07 15:54:53 [DEBUG] XGB iter  50: tr-p-rmse: 0.055585	tr-a-peak@32: 1.000000	tr-rmse: 0.264656	tr-rmse: 0.264656
2026-04-07 15:54:53 [DEBUG] XGB iter  75: tr-p-rmse: 0.055585	tr-a-peak@32: 1.000000	tr-rmse: 0.264656	tr-rmse: 0.264656
2026-04-07 15:54:53 [DEBUG] XGB stopped. Best iteration: [34] tr-p-rmse:0.05559	tr-a-peak@32:1.00000	tr-rmse:0.26466	tr-rmse:0.26466 
2026-04-07 15:54:53 [INFO] [task_scheduler.cc:243] [Updated] Task #0: "main"
2026-04-07 15:54:53 [INFO] [task_scheduler.cc:326] 
 ID | Name |     FLOP | Weight | Speed (GFLOPS) | Latency (us) | Weighted Latency (us) | Trials | Done 
-------------------------------------------------------------------------------------------------------
  0 | main | 75497472 |      1 |        85.0439 |     887.7467 |              887.7467 |     96 |      
-------------------------------------------------------------------------------------------------------
Total trials: 96
Total latency (us): 887.747

2026-04-07 15:54:53 [INFO] [task_scheduler.cc:186] TaskScheduler picks Task #0: "main"
2026-04-07 15:54:55 [INFO] [task_scheduler.cc:199] Sending 32 sample(s) to builder
2026-04-07 15:55:08 [INFO] [task_scheduler.cc:201] Sending 32 sample(s) to runner
2026-04-07 15:55:16 [DEBUG] XGB validation: p-rmse: 0.202089	a-peak@32: 0.944169
2026-04-07 15:55:16 [DEBUG] XGB iter   0: tr-p-rmse: 0.442859	tr-a-peak@32: 1.000000	tr-rmse: 0.226416	tr-rmse: 0.226416
2026-04-07 15:55:16 [DEBUG] XGB iter  25: tr-p-rmse: 0.053573	tr-a-peak@32: 1.000000	tr-rmse: 0.261814	tr-rmse: 0.261814
2026-04-07 15:55:16 [DEBUG] XGB iter  50: tr-p-rmse: 0.053551	tr-a-peak@32: 1.000000	tr-rmse: 0.261845	tr-rmse: 0.261845
2026-04-07 15:55:16 [DEBUG] XGB iter  75: tr-p-rmse: 0.053551	tr-a-peak@32: 1.000000	tr-rmse: 0.261845	tr-rmse: 0.261845
2026-04-07 15:55:16 [DEBUG] XGB stopped. Best iteration: [33] tr-p-rmse:0.05355	tr-a-peak@32:1.00000	tr-rmse:0.26184	tr-rmse:0.26184 
2026-04-07 15:55:16 [INFO] [task_scheduler.cc:243] [Updated] Task #0: "main"
2026-04-07 15:55:16 [INFO] [task_scheduler.cc:326] 
 ID | Name |     FLOP | Weight | Speed (GFLOPS) | Latency (us) | Weighted Latency (us) | Trials | Done 
-------------------------------------------------------------------------------------------------------
  0 | main | 75497472 |      1 |        90.4285 |     834.8860 |              834.8860 |    128 |      
-------------------------------------------------------------------------------------------------------
Total trials: 128
Total latency (us): 834.886

2026-04-07 15:55:16 [INFO] [task_scheduler.cc:186] TaskScheduler picks Task #0: "main"
2026-04-07 15:55:21 [INFO] [task_scheduler.cc:199] Sending 32 sample(s) to builder
2026-04-07 15:55:31 [INFO] [task_scheduler.cc:201] Sending 32 sample(s) to runner
2026-04-07 15:55:38 [DEBUG] XGB validation: p-rmse: 0.408937	a-peak@32: 0.952014
2026-04-07 15:55:38 [DEBUG] XGB iter   0: tr-p-rmse: 0.452135	tr-a-peak@32: 1.000000	tr-rmse: 0.202731	tr-rmse: 0.202731
2026-04-07 15:55:38 [DEBUG] XGB iter  25: tr-p-rmse: 0.061099	tr-a-peak@32: 1.000000	tr-rmse: 0.256276	tr-rmse: 0.256276
2026-04-07 15:55:38 [DEBUG] XGB iter  50: tr-p-rmse: 0.059074	tr-a-peak@32: 1.000000	tr-rmse: 0.256362	tr-rmse: 0.256362
2026-04-07 15:55:38 [DEBUG] XGB iter  75: tr-p-rmse: 0.059074	tr-a-peak@32: 1.000000	tr-rmse: 0.256362	tr-rmse: 0.256362
2026-04-07 15:55:38 [DEBUG] XGB stopped. Best iteration: [39] tr-p-rmse:0.05907	tr-a-peak@32:1.00000	tr-rmse:0.25636	tr-rmse:0.25636 
2026-04-07 15:55:38 [INFO] [task_scheduler.cc:243] [Updated] Task #0: "main"
2026-04-07 15:55:38 [INFO] [task_scheduler.cc:326] 
 ID | Name |     FLOP | Weight | Speed (GFLOPS) | Latency (us) | Weighted Latency (us) | Trials | Done 
-------------------------------------------------------------------------------------------------------
  0 | main | 75497472 |      1 |       103.7792 |     727.4814 |              727.4814 |    160 |      
-------------------------------------------------------------------------------------------------------
Total trials: 160
Total latency (us): 727.481

2026-04-07 15:55:38 [INFO] [task_scheduler.cc:186] TaskScheduler picks Task #0: "main"
2026-04-07 15:55:44 [INFO] [task_scheduler.cc:199] Sending 32 sample(s) to builder
2026-04-07 15:55:51 [INFO] [task_scheduler.cc:201] Sending 32 sample(s) to runner
2026-04-07 15:55:59 [DEBUG] XGB validation: p-rmse: 0.274747	a-peak@32: 1.000000
2026-04-07 15:55:59 [DEBUG] XGB iter   0: tr-p-rmse: 0.444581	tr-a-peak@32: 0.998729	tr-rmse: 0.225686	tr-rmse: 0.225686
2026-04-07 15:55:59 [DEBUG] XGB iter  25: tr-p-rmse: 0.054692	tr-a-peak@32: 1.000000	tr-rmse: 0.279583	tr-rmse: 0.279583
2026-04-07 15:55:59 [DEBUG] XGB iter  50: tr-p-rmse: 0.054624	tr-a-peak@32: 1.000000	tr-rmse: 0.279684	tr-rmse: 0.279684
2026-04-07 15:55:59 [DEBUG] XGB iter  75: tr-p-rmse: 0.054624	tr-a-peak@32: 1.000000	tr-rmse: 0.279684	tr-rmse: 0.279684
2026-04-07 15:55:59 [DEBUG] XGB stopped. Best iteration: [35] tr-p-rmse:0.05462	tr-a-peak@32:1.00000	tr-rmse:0.27968	tr-rmse:0.27968 
2026-04-07 15:55:59 [INFO] [task_scheduler.cc:243] [Updated] Task #0: "main"
2026-04-07 15:55:59 [INFO] [task_scheduler.cc:326] 
 ID | Name |     FLOP | Weight | Speed (GFLOPS) | Latency (us) | Weighted Latency (us) | Trials | Done 
-------------------------------------------------------------------------------------------------------
  0 | main | 75497472 |      1 |       106.5913 |     708.2895 |              708.2895 |    192 |      
-------------------------------------------------------------------------------------------------------
Total trials: 192
Total latency (us): 708.29

2026-04-07 15:55:59 [INFO] [task_scheduler.cc:186] TaskScheduler picks Task #0: "main"
2026-04-07 15:56:05 [INFO] [task_scheduler.cc:199] Sending 32 sample(s) to builder
2026-04-07 15:56:14 [INFO] [task_scheduler.cc:201] Sending 32 sample(s) to runner
2026-04-07 15:56:23 [DEBUG] XGB validation: p-rmse: 0.232438	a-peak@32: 0.999870
2026-04-07 15:56:23 [INFO] [task_scheduler.cc:243] [Updated] Task #0: "main"
2026-04-07 15:56:23 [INFO] [task_scheduler.cc:326] 
 ID | Name |     FLOP | Weight | Speed (GFLOPS) | Latency (us) | Weighted Latency (us) | Trials | Done 
-------------------------------------------------------------------------------------------------------
  0 | main | 75497472 |      1 |       110.7338 |     681.7927 |              681.7927 |    224 |      
-------------------------------------------------------------------------------------------------------
Total trials: 224
Total latency (us): 681.793

2026-04-07 15:56:23 [INFO] [task_scheduler.cc:186] TaskScheduler picks Task #0: "main"
2026-04-07 15:56:28 [INFO] [task_scheduler.cc:199] Sending 6 sample(s) to builder
2026-04-07 15:56:32 [INFO] [task_scheduler.cc:201] Sending 6 sample(s) to runner
2026-04-07 15:56:33 [DEBUG] XGB validation: p-rmse: 0.182665	a-peak@32: 0.965828
2026-04-07 15:56:33 [INFO] [task_scheduler.cc:243] [Updated] Task #0: "main"
2026-04-07 15:56:33 [INFO] [task_scheduler.cc:326] 
 ID | Name |     FLOP | Weight | Speed (GFLOPS) | Latency (us) | Weighted Latency (us) | Trials | Done 
-------------------------------------------------------------------------------------------------------
  0 | main | 75497472 |      1 |       110.7338 |     681.7927 |              681.7927 |    230 |      
-------------------------------------------------------------------------------------------------------
Total trials: 230
Total latency (us): 681.793

2026-04-07 15:56:33 [INFO] [task_scheduler.cc:266] Task #0 has finished. Remaining task(s): 0
2026-04-07 15:56:33 [INFO] [task_scheduler.cc:326] 
 ID | Name |     FLOP | Weight | Speed (GFLOPS) | Latency (us) | Weighted Latency (us) | Trials | Done 
-------------------------------------------------------------------------------------------------------
  0 | main | 75497472 |      1 |       110.7338 |     681.7927 |              681.7927 |    230 |    Y 
-------------------------------------------------------------------------------------------------------
Total trials: 230
Total latency (us): 681.793

2026-04-07 15:56:33 [INFO] LocalBuilder: max_workers = 12
2026-04-07 15:56:35 [INFO] LocalRunner: max_workers = 1
