2026-04-07 18:21:29 [INFO] Logging directory: research/results/metaschedule/8020/iter_01/681641fa220916ab/mlp_reduce/M_128/logs
2026-04-07 18:21:29 [INFO] [task_scheduler.cc:165] Initializing Task #0: "main"
2026-04-07 18:21:29 [INFO] [task_scheduler.cc:326] 
 ID | Name |      FLOP | Weight | Speed (GFLOPS) | Latency (us) | Weighted Latency (us) | Trials | Done 
--------------------------------------------------------------------------------------------------------
  0 | main | 603979776 |      1 |            N/A |          N/A |                   N/A |      0 |      
--------------------------------------------------------------------------------------------------------
Total trials: 0
Total latency (us): 0

2026-04-07 18:21:29 [INFO] [task_scheduler.cc:186] TaskScheduler picks Task #0: "main"
2026-04-07 18:21:30 [INFO] [task_scheduler.cc:199] Sending 64 sample(s) to builder
2026-04-07 18:21:42 [INFO] [task_scheduler.cc:201] Sending 64 sample(s) to runner
2026-04-07 18:21:59 [DEBUG] XGB iter   0: tr-p-rmse: 0.438339	tr-a-peak@32: 1.000000	tr-rmse: 0.228405	tr-rmse: 0.228405
2026-04-07 18:21:59 [DEBUG] XGB iter  25: tr-p-rmse: 0.050249	tr-a-peak@32: 1.000000	tr-rmse: 0.242474	tr-rmse: 0.242474
2026-04-07 18:21:59 [DEBUG] XGB iter  50: tr-p-rmse: 0.050032	tr-a-peak@32: 1.000000	tr-rmse: 0.242748	tr-rmse: 0.242748
2026-04-07 18:21:59 [DEBUG] XGB iter  75: tr-p-rmse: 0.050032	tr-a-peak@32: 1.000000	tr-rmse: 0.242748	tr-rmse: 0.242748
2026-04-07 18:21:59 [DEBUG] XGB stopped. Best iteration: [39] tr-p-rmse:0.05003	tr-a-peak@32:1.00000	tr-rmse:0.24275	tr-rmse:0.24275 
2026-04-07 18:21:59 [INFO] [task_scheduler.cc:243] [Updated] Task #0: "main"
2026-04-07 18:21:59 [INFO] [task_scheduler.cc:326] 
 ID | Name |      FLOP | Weight | Speed (GFLOPS) | Latency (us) | Weighted Latency (us) | Trials | Done 
--------------------------------------------------------------------------------------------------------
  0 | main | 603979776 |      1 |       109.6218 |    5509.6683 |             5509.6683 |     64 |      
--------------------------------------------------------------------------------------------------------
Total trials: 64
Total latency (us): 5509.67

2026-04-07 18:21:59 [INFO] [task_scheduler.cc:186] TaskScheduler picks Task #0: "main"
2026-04-07 18:22:01 [INFO] [task_scheduler.cc:199] Sending 51 sample(s) to builder
2026-04-07 18:22:11 [INFO] [task_scheduler.cc:201] Sending 51 sample(s) to runner
2026-04-07 18:22:26 [DEBUG] XGB validation: p-rmse: 0.203711	a-peak@32: 0.894216
2026-04-07 18:22:26 [DEBUG] XGB iter   0: tr-p-rmse: 0.467508	tr-a-peak@32: 1.000000	tr-rmse: 0.231348	tr-rmse: 0.231348
2026-04-07 18:22:26 [DEBUG] XGB iter  25: tr-p-rmse: 0.053631	tr-a-peak@32: 1.000000	tr-rmse: 0.228763	tr-rmse: 0.228763
2026-04-07 18:22:26 [DEBUG] XGB iter  50: tr-p-rmse: 0.053598	tr-a-peak@32: 1.000000	tr-rmse: 0.228799	tr-rmse: 0.228799
2026-04-07 18:22:26 [DEBUG] XGB iter  75: tr-p-rmse: 0.053598	tr-a-peak@32: 1.000000	tr-rmse: 0.228799	tr-rmse: 0.228799
2026-04-07 18:22:26 [DEBUG] XGB stopped. Best iteration: [36] tr-p-rmse:0.05360	tr-a-peak@32:1.00000	tr-rmse:0.22880	tr-rmse:0.22880 
2026-04-07 18:22:26 [INFO] [task_scheduler.cc:243] [Updated] Task #0: "main"
2026-04-07 18:22:26 [INFO] [task_scheduler.cc:326] 
 ID | Name |      FLOP | Weight | Speed (GFLOPS) | Latency (us) | Weighted Latency (us) | Trials | Done 
--------------------------------------------------------------------------------------------------------
  0 | main | 603979776 |      1 |       109.6218 |    5509.6683 |             5509.6683 |    115 |      
--------------------------------------------------------------------------------------------------------
Total trials: 115
Total latency (us): 5509.67

2026-04-07 18:22:26 [INFO] [task_scheduler.cc:266] Task #0 has finished. Remaining task(s): 0
2026-04-07 18:22:26 [INFO] [task_scheduler.cc:326] 
 ID | Name |      FLOP | Weight | Speed (GFLOPS) | Latency (us) | Weighted Latency (us) | Trials | Done 
--------------------------------------------------------------------------------------------------------
  0 | main | 603979776 |      1 |       109.6218 |    5509.6683 |             5509.6683 |    115 |    Y 
--------------------------------------------------------------------------------------------------------
Total trials: 115
Total latency (us): 5509.67

2026-04-07 18:22:27 [INFO] LocalBuilder: max_workers = 12
2026-04-07 18:22:28 [INFO] LocalRunner: max_workers = 1
