2026-04-07 17:41:03 [INFO] Logging directory: research/results/metaschedule/8020/iter_01/71ff28cf87bf944a/mlp_expand/M_16/logs
2026-04-07 17:41:03 [INFO] [task_scheduler.cc:165] Initializing Task #0: "main"
2026-04-07 17:41:03 [INFO] [task_scheduler.cc:326] 
 ID | Name |     FLOP | Weight | Speed (GFLOPS) | Latency (us) | Weighted Latency (us) | Trials | Done 
-------------------------------------------------------------------------------------------------------
  0 | main | 75497472 |      1 |            N/A |          N/A |                   N/A |      0 |      
-------------------------------------------------------------------------------------------------------
Total trials: 0
Total latency (us): 0

2026-04-07 17:41:03 [INFO] [task_scheduler.cc:186] TaskScheduler picks Task #0: "main"
2026-04-07 17:41:04 [INFO] [task_scheduler.cc:199] Sending 64 sample(s) to builder
2026-04-07 17:41:15 [INFO] [task_scheduler.cc:201] Sending 64 sample(s) to runner
2026-04-07 17:41:31 [DEBUG] XGB iter   0: tr-p-rmse: 0.433941	tr-a-peak@32: 1.000000	tr-rmse: 0.235702	tr-rmse: 0.235702
2026-04-07 17:41:31 [DEBUG] XGB iter  25: tr-p-rmse: 0.056629	tr-a-peak@32: 1.000000	tr-rmse: 0.258610	tr-rmse: 0.258610
2026-04-07 17:41:31 [DEBUG] XGB iter  50: tr-p-rmse: 0.056618	tr-a-peak@32: 1.000000	tr-rmse: 0.258625	tr-rmse: 0.258625
2026-04-07 17:41:31 [DEBUG] XGB iter  75: tr-p-rmse: 0.056618	tr-a-peak@32: 1.000000	tr-rmse: 0.258625	tr-rmse: 0.258625
2026-04-07 17:41:31 [DEBUG] XGB stopped. Best iteration: [33] tr-p-rmse:0.05662	tr-a-peak@32:1.00000	tr-rmse:0.25862	tr-rmse:0.25862 
2026-04-07 17:41:31 [INFO] [task_scheduler.cc:243] [Updated] Task #0: "main"
2026-04-07 17:41:31 [INFO] [task_scheduler.cc:326] 
 ID | Name |     FLOP | Weight | Speed (GFLOPS) | Latency (us) | Weighted Latency (us) | Trials | Done 
-------------------------------------------------------------------------------------------------------
  0 | main | 75497472 |      1 |        99.3574 |     759.8577 |              759.8577 |     64 |      
-------------------------------------------------------------------------------------------------------
Total trials: 64
Total latency (us): 759.858

2026-04-07 17:41:31 [INFO] [task_scheduler.cc:186] TaskScheduler picks Task #0: "main"
2026-04-07 17:41:32 [INFO] [task_scheduler.cc:199] Sending 64 sample(s) to builder
2026-04-07 17:41:41 [INFO] [task_scheduler.cc:201] Sending 64 sample(s) to runner
2026-04-07 17:41:56 [DEBUG] XGB validation: p-rmse: 0.209714	a-peak@32: 0.884441
2026-04-07 17:41:56 [DEBUG] XGB iter   0: tr-p-rmse: 0.436384	tr-a-peak@32: 0.994395	tr-rmse: 0.228687	tr-rmse: 0.228687
2026-04-07 17:41:56 [DEBUG] XGB iter  25: tr-p-rmse: 0.051395	tr-a-peak@32: 1.000000	tr-rmse: 0.260582	tr-rmse: 0.260582
2026-04-07 17:41:56 [DEBUG] XGB iter  50: tr-p-rmse: 0.051400	tr-a-peak@32: 1.000000	tr-rmse: 0.260575	tr-rmse: 0.260575
2026-04-07 17:41:56 [DEBUG] XGB stopped. Best iteration: [23] tr-p-rmse:0.05139	tr-a-peak@32:1.00000	tr-rmse:0.26059	tr-rmse:0.26059 
2026-04-07 17:41:56 [INFO] [task_scheduler.cc:243] [Updated] Task #0: "main"
2026-04-07 17:41:56 [INFO] [task_scheduler.cc:326] 
 ID | Name |     FLOP | Weight | Speed (GFLOPS) | Latency (us) | Weighted Latency (us) | Trials | Done 
-------------------------------------------------------------------------------------------------------
  0 | main | 75497472 |      1 |        99.3574 |     759.8577 |              759.8577 |    128 |      
-------------------------------------------------------------------------------------------------------
Total trials: 128
Total latency (us): 759.858

2026-04-07 17:41:56 [INFO] [task_scheduler.cc:186] TaskScheduler picks Task #0: "main"
2026-04-07 17:41:58 [INFO] [task_scheduler.cc:199] Sending 24 sample(s) to builder
2026-04-07 17:42:05 [INFO] [task_scheduler.cc:201] Sending 24 sample(s) to runner
2026-04-07 17:42:11 [DEBUG] XGB validation: p-rmse: 0.249025	a-peak@32: 0.985940
2026-04-07 17:42:11 [INFO] [task_scheduler.cc:243] [Updated] Task #0: "main"
2026-04-07 17:42:11 [INFO] [task_scheduler.cc:326] 
 ID | Name |     FLOP | Weight | Speed (GFLOPS) | Latency (us) | Weighted Latency (us) | Trials | Done 
-------------------------------------------------------------------------------------------------------
  0 | main | 75497472 |      1 |       109.0697 |     692.1946 |              692.1946 |    152 |      
-------------------------------------------------------------------------------------------------------
Total trials: 152
Total latency (us): 692.195

2026-04-07 17:42:11 [INFO] [task_scheduler.cc:266] Task #0 has finished. Remaining task(s): 0
2026-04-07 17:42:11 [INFO] [task_scheduler.cc:326] 
 ID | Name |     FLOP | Weight | Speed (GFLOPS) | Latency (us) | Weighted Latency (us) | Trials | Done 
-------------------------------------------------------------------------------------------------------
  0 | main | 75497472 |      1 |       109.0697 |     692.1946 |              692.1946 |    152 |    Y 
-------------------------------------------------------------------------------------------------------
Total trials: 152
Total latency (us): 692.195

2026-04-07 17:42:11 [INFO] LocalBuilder: max_workers = 12
2026-04-07 17:42:12 [INFO] LocalRunner: max_workers = 1
