2026-04-07 19:51:12 [INFO] Logging directory: research/results/metaschedule/8020/iter_01/23e1a456b455ed05/mlp_reduce/M_384/logs
2026-04-07 19:51:12 [INFO] [task_scheduler.cc:165] Initializing Task #0: "main"
2026-04-07 19:51:12 [INFO] [task_scheduler.cc:326] 
 ID | Name |       FLOP | Weight | Speed (GFLOPS) | Latency (us) | Weighted Latency (us) | Trials | Done 
---------------------------------------------------------------------------------------------------------
  0 | main | 1811939328 |      1 |            N/A |          N/A |                   N/A |      0 |      
---------------------------------------------------------------------------------------------------------
Total trials: 0
Total latency (us): 0

2026-04-07 19:51:12 [INFO] [task_scheduler.cc:186] TaskScheduler picks Task #0: "main"
2026-04-07 19:51:13 [INFO] [task_scheduler.cc:199] Sending 32 sample(s) to builder
2026-04-07 19:51:21 [INFO] [task_scheduler.cc:201] Sending 32 sample(s) to runner
2026-04-07 19:51:32 [DEBUG] XGB iter   0: tr-p-rmse: 0.443658	tr-a-peak@32: 1.000000	tr-rmse: 0.275144	tr-rmse: 0.275144
2026-04-07 19:51:33 [DEBUG] XGB iter  25: tr-p-rmse: 0.051143	tr-a-peak@32: 1.000000	tr-rmse: 0.280471	tr-rmse: 0.280471
2026-04-07 19:51:33 [DEBUG] XGB iter  50: tr-p-rmse: 0.051168	tr-a-peak@32: 1.000000	tr-rmse: 0.280437	tr-rmse: 0.280437
2026-04-07 19:51:33 [DEBUG] XGB stopped. Best iteration: [22] tr-p-rmse:0.05108	tr-a-peak@32:1.00000	tr-rmse:0.28055	tr-rmse:0.28055 
2026-04-07 19:51:33 [INFO] [task_scheduler.cc:243] [Updated] Task #0: "main"
2026-04-07 19:51:33 [INFO] [task_scheduler.cc:326] 
 ID | Name |       FLOP | Weight | Speed (GFLOPS) | Latency (us) | Weighted Latency (us) | Trials | Done 
---------------------------------------------------------------------------------------------------------
  0 | main | 1811939328 |      1 |        90.4709 |   20027.8625 |            20027.8625 |     32 |      
---------------------------------------------------------------------------------------------------------
Total trials: 32
Total latency (us): 20027.9

2026-04-07 19:51:33 [INFO] [task_scheduler.cc:186] TaskScheduler picks Task #0: "main"
2026-04-07 19:51:34 [INFO] [task_scheduler.cc:199] Sending 32 sample(s) to builder
2026-04-07 19:51:41 [INFO] [task_scheduler.cc:201] Sending 32 sample(s) to runner
2026-04-07 19:51:53 [DEBUG] XGB validation: p-rmse: 0.295547	a-peak@32: 0.935713
2026-04-07 19:51:53 [DEBUG] XGB iter   0: tr-p-rmse: 0.476295	tr-a-peak@32: 0.998255	tr-rmse: 0.248743	tr-rmse: 0.248743
2026-04-07 19:51:53 [DEBUG] XGB iter  25: tr-p-rmse: 0.054244	tr-a-peak@32: 1.000000	tr-rmse: 0.257912	tr-rmse: 0.257912
2026-04-07 19:51:53 [DEBUG] XGB iter  50: tr-p-rmse: 0.054222	tr-a-peak@32: 1.000000	tr-rmse: 0.257942	tr-rmse: 0.257942
2026-04-07 19:51:53 [DEBUG] XGB iter  75: tr-p-rmse: 0.054222	tr-a-peak@32: 1.000000	tr-rmse: 0.257942	tr-rmse: 0.257942
2026-04-07 19:51:53 [DEBUG] XGB stopped. Best iteration: [36] tr-p-rmse:0.05422	tr-a-peak@32:1.00000	tr-rmse:0.25794	tr-rmse:0.25794 
2026-04-07 19:51:53 [INFO] [task_scheduler.cc:243] [Updated] Task #0: "main"
2026-04-07 19:51:53 [INFO] [task_scheduler.cc:326] 
 ID | Name |       FLOP | Weight | Speed (GFLOPS) | Latency (us) | Weighted Latency (us) | Trials | Done 
---------------------------------------------------------------------------------------------------------
  0 | main | 1811939328 |      1 |       116.2563 |   15585.7237 |            15585.7237 |     64 |      
---------------------------------------------------------------------------------------------------------
Total trials: 64
Total latency (us): 15585.7

2026-04-07 19:51:53 [INFO] [task_scheduler.cc:186] TaskScheduler picks Task #0: "main"
2026-04-07 19:51:55 [INFO] [task_scheduler.cc:199] Sending 13 sample(s) to builder
2026-04-07 19:52:04 [INFO] [task_scheduler.cc:201] Sending 13 sample(s) to runner
2026-04-07 19:52:08 [DEBUG] XGB validation: p-rmse: 0.251129	a-peak@32: 0.879878
2026-04-07 19:52:08 [DEBUG] XGB iter   0: tr-p-rmse: 0.462427	tr-a-peak@32: 1.000000	tr-rmse: 0.242881	tr-rmse: 0.242881
2026-04-07 19:52:09 [DEBUG] XGB iter  25: tr-p-rmse: 0.054496	tr-a-peak@32: 1.000000	tr-rmse: 0.263650	tr-rmse: 0.263650
2026-04-07 19:52:09 [DEBUG] XGB iter  50: tr-p-rmse: 0.054427	tr-a-peak@32: 1.000000	tr-rmse: 0.263753	tr-rmse: 0.263753
2026-04-07 19:52:09 [DEBUG] XGB iter  75: tr-p-rmse: 0.054427	tr-a-peak@32: 1.000000	tr-rmse: 0.263753	tr-rmse: 0.263753
2026-04-07 19:52:09 [DEBUG] XGB stopped. Best iteration: [36] tr-p-rmse:0.05443	tr-a-peak@32:1.00000	tr-rmse:0.26375	tr-rmse:0.26375 
2026-04-07 19:52:09 [INFO] [task_scheduler.cc:243] [Updated] Task #0: "main"
2026-04-07 19:52:09 [INFO] [task_scheduler.cc:326] 
 ID | Name |       FLOP | Weight | Speed (GFLOPS) | Latency (us) | Weighted Latency (us) | Trials | Done 
---------------------------------------------------------------------------------------------------------
  0 | main | 1811939328 |      1 |       116.2563 |   15585.7237 |            15585.7237 |     77 |      
---------------------------------------------------------------------------------------------------------
Total trials: 77
Total latency (us): 15585.7

2026-04-07 19:52:09 [INFO] [task_scheduler.cc:266] Task #0 has finished. Remaining task(s): 0
2026-04-07 19:52:09 [INFO] [task_scheduler.cc:326] 
 ID | Name |       FLOP | Weight | Speed (GFLOPS) | Latency (us) | Weighted Latency (us) | Trials | Done 
---------------------------------------------------------------------------------------------------------
  0 | main | 1811939328 |      1 |       116.2563 |   15585.7237 |            15585.7237 |     77 |    Y 
---------------------------------------------------------------------------------------------------------
Total trials: 77
Total latency (us): 15585.7

