2026-04-07 12:31:33 [INFO] Logging directory: research/results/metaschedule/8020/iter_01/5b3b84008e95bfc1/mlp_expand/M_16/logs
2026-04-07 12:31:33 [INFO] [task_scheduler.cc:165] Initializing Task #0: "main"
2026-04-07 12:31:34 [INFO] [task_scheduler.cc:326] 
 ID | Name |     FLOP | Weight | Speed (GFLOPS) | Latency (us) | Weighted Latency (us) | Trials | Done 
-------------------------------------------------------------------------------------------------------
  0 | main | 75497472 |      1 |            N/A |          N/A |                   N/A |      0 |      
-------------------------------------------------------------------------------------------------------
Total trials: 0
Total latency (us): 0

2026-04-07 12:31:34 [INFO] [task_scheduler.cc:186] TaskScheduler picks Task #0: "main"
2026-04-07 12:31:35 [INFO] [task_scheduler.cc:199] Sending 64 sample(s) to builder
2026-04-07 12:31:45 [INFO] [task_scheduler.cc:201] Sending 64 sample(s) to runner
2026-04-07 12:32:05 [DEBUG] XGB iter   0: tr-p-rmse: 0.418772	tr-a-peak@32: 1.000000	tr-rmse: 0.224517	tr-rmse: 0.224517
2026-04-07 12:32:05 [DEBUG] XGB iter  25: tr-p-rmse: 0.047732	tr-a-peak@32: 1.000000	tr-rmse: 0.247731	tr-rmse: 0.247731
2026-04-07 12:32:05 [DEBUG] XGB iter  50: tr-p-rmse: 0.047729	tr-a-peak@32: 1.000000	tr-rmse: 0.247736	tr-rmse: 0.247736
2026-04-07 12:32:05 [DEBUG] XGB iter  75: tr-p-rmse: 0.047729	tr-a-peak@32: 1.000000	tr-rmse: 0.247736	tr-rmse: 0.247736
2026-04-07 12:32:05 [DEBUG] XGB stopped. Best iteration: [30] tr-p-rmse:0.04773	tr-a-peak@32:1.00000	tr-rmse:0.24774	tr-rmse:0.24774 
2026-04-07 12:32:05 [INFO] [task_scheduler.cc:243] [Updated] Task #0: "main"
2026-04-07 12:32:05 [INFO] [task_scheduler.cc:326] 
 ID | Name |     FLOP | Weight | Speed (GFLOPS) | Latency (us) | Weighted Latency (us) | Trials | Done 
-------------------------------------------------------------------------------------------------------
  0 | main | 75497472 |      1 |        97.1145 |     777.4071 |              777.4071 |     64 |      
-------------------------------------------------------------------------------------------------------
Total trials: 64
Total latency (us): 777.407

2026-04-07 12:32:05 [INFO] [task_scheduler.cc:186] TaskScheduler picks Task #0: "main"
2026-04-07 12:32:06 [INFO] [task_scheduler.cc:199] Sending 63 sample(s) to builder
2026-04-07 12:32:15 [INFO] [task_scheduler.cc:201] Sending 63 sample(s) to runner
2026-04-07 12:32:33 [DEBUG] XGB validation: p-rmse: 0.192202	a-peak@32: 1.000000
2026-04-07 12:32:33 [DEBUG] XGB iter   0: tr-p-rmse: 0.426158	tr-a-peak@32: 1.000000	tr-rmse: 0.225640	tr-rmse: 0.225640
2026-04-07 12:32:33 [DEBUG] XGB iter  25: tr-p-rmse: 0.057616	tr-a-peak@32: 1.000000	tr-rmse: 0.264233	tr-rmse: 0.264233
2026-04-07 12:32:33 [DEBUG] XGB iter  50: tr-p-rmse: 0.057614	tr-a-peak@32: 1.000000	tr-rmse: 0.264236	tr-rmse: 0.264236
2026-04-07 12:32:34 [DEBUG] XGB iter  75: tr-p-rmse: 0.057614	tr-a-peak@32: 1.000000	tr-rmse: 0.264236	tr-rmse: 0.264236
2026-04-07 12:32:34 [DEBUG] XGB stopped. Best iteration: [28] tr-p-rmse:0.05761	tr-a-peak@32:1.00000	tr-rmse:0.26424	tr-rmse:0.26424 
2026-04-07 12:32:34 [INFO] [task_scheduler.cc:243] [Updated] Task #0: "main"
2026-04-07 12:32:34 [INFO] [task_scheduler.cc:326] 
 ID | Name |     FLOP | Weight | Speed (GFLOPS) | Latency (us) | Weighted Latency (us) | Trials | Done 
-------------------------------------------------------------------------------------------------------
  0 | main | 75497472 |      1 |        97.1145 |     777.4071 |              777.4071 |    127 |      
-------------------------------------------------------------------------------------------------------
Total trials: 127
Total latency (us): 777.407

2026-04-07 12:32:34 [INFO] [task_scheduler.cc:186] TaskScheduler picks Task #0: "main"
2026-04-07 12:32:37 [INFO] [task_scheduler.cc:199] Sending 64 sample(s) to builder
2026-04-07 12:32:50 [INFO] [task_scheduler.cc:201] Sending 64 sample(s) to runner
2026-04-07 12:33:09 [DEBUG] XGB validation: p-rmse: 0.217084	a-peak@32: 1.000000
2026-04-07 12:33:09 [DEBUG] XGB iter   0: tr-p-rmse: 0.388761	tr-a-peak@32: 0.997365	tr-rmse: 0.254835	tr-rmse: 0.254835
2026-04-07 12:33:09 [DEBUG] XGB iter  25: tr-p-rmse: 0.061320	tr-a-peak@32: 0.997365	tr-rmse: 0.307754	tr-rmse: 0.307754
2026-04-07 12:33:09 [DEBUG] XGB iter  50: tr-p-rmse: 0.061302	tr-a-peak@32: 0.997365	tr-rmse: 0.307788	tr-rmse: 0.307788
2026-04-07 12:33:09 [DEBUG] XGB iter  75: tr-p-rmse: 0.061302	tr-a-peak@32: 0.997365	tr-rmse: 0.307788	tr-rmse: 0.307788
2026-04-07 12:33:09 [DEBUG] XGB stopped. Best iteration: [33] tr-p-rmse:0.06130	tr-a-peak@32:0.99736	tr-rmse:0.30779	tr-rmse:0.30779 
2026-04-07 12:33:09 [INFO] [task_scheduler.cc:243] [Updated] Task #0: "main"
2026-04-07 12:33:09 [INFO] [task_scheduler.cc:326] 
 ID | Name |     FLOP | Weight | Speed (GFLOPS) | Latency (us) | Weighted Latency (us) | Trials | Done 
-------------------------------------------------------------------------------------------------------
  0 | main | 75497472 |      1 |       100.7786 |     749.1418 |              749.1418 |    191 |      
-------------------------------------------------------------------------------------------------------
Total trials: 191
Total latency (us): 749.142

2026-04-07 12:33:09 [INFO] [task_scheduler.cc:186] TaskScheduler picks Task #0: "main"
2026-04-07 12:33:12 [INFO] [task_scheduler.cc:199] Sending 64 sample(s) to builder
2026-04-07 12:33:25 [INFO] [task_scheduler.cc:201] Sending 64 sample(s) to runner
2026-04-07 12:33:43 [DEBUG] XGB validation: p-rmse: 0.149792	a-peak@32: 1.000000
2026-04-07 12:33:43 [DEBUG] XGB iter   0: tr-p-rmse: 0.377820	tr-a-peak@32: 1.000000	tr-rmse: 0.237068	tr-rmse: 0.237068
2026-04-07 12:33:43 [DEBUG] XGB iter  25: tr-p-rmse: 0.056327	tr-a-peak@32: 1.000000	tr-rmse: 0.291327	tr-rmse: 0.291327
2026-04-07 12:33:43 [DEBUG] XGB iter  50: tr-p-rmse: 0.056316	tr-a-peak@32: 1.000000	tr-rmse: 0.291349	tr-rmse: 0.291349
2026-04-07 12:33:43 [DEBUG] XGB iter  75: tr-p-rmse: 0.056316	tr-a-peak@32: 1.000000	tr-rmse: 0.291349	tr-rmse: 0.291349
2026-04-07 12:33:43 [DEBUG] XGB stopped. Best iteration: [31] tr-p-rmse:0.05632	tr-a-peak@32:1.00000	tr-rmse:0.29135	tr-rmse:0.29135 
2026-04-07 12:33:43 [INFO] [task_scheduler.cc:243] [Updated] Task #0: "main"
2026-04-07 12:33:43 [INFO] [task_scheduler.cc:326] 
 ID | Name |     FLOP | Weight | Speed (GFLOPS) | Latency (us) | Weighted Latency (us) | Trials | Done 
-------------------------------------------------------------------------------------------------------
  0 | main | 75497472 |      1 |       112.4968 |     671.1077 |              671.1077 |    255 |      
-------------------------------------------------------------------------------------------------------
Total trials: 255
Total latency (us): 671.108

2026-04-07 12:33:43 [INFO] [task_scheduler.cc:186] TaskScheduler picks Task #0: "main"
2026-04-07 12:33:46 [INFO] [task_scheduler.cc:199] Sending 49 sample(s) to builder
2026-04-07 12:33:56 [INFO] [task_scheduler.cc:201] Sending 49 sample(s) to runner
2026-04-07 12:34:10 [DEBUG] XGB validation: p-rmse: 0.163348	a-peak@32: 1.000000
2026-04-07 12:34:10 [INFO] [task_scheduler.cc:243] [Updated] Task #0: "main"
2026-04-07 12:34:10 [INFO] [task_scheduler.cc:326] 
 ID | Name |     FLOP | Weight | Speed (GFLOPS) | Latency (us) | Weighted Latency (us) | Trials | Done 
-------------------------------------------------------------------------------------------------------
  0 | main | 75497472 |      1 |       112.4968 |     671.1077 |              671.1077 |    304 |      
-------------------------------------------------------------------------------------------------------
Total trials: 304
Total latency (us): 671.108

2026-04-07 12:34:10 [INFO] [task_scheduler.cc:266] Task #0 has finished. Remaining task(s): 0
2026-04-07 12:34:10 [INFO] [task_scheduler.cc:326] 
 ID | Name |     FLOP | Weight | Speed (GFLOPS) | Latency (us) | Weighted Latency (us) | Trials | Done 
-------------------------------------------------------------------------------------------------------
  0 | main | 75497472 |      1 |       112.4968 |     671.1077 |              671.1077 |    304 |    Y 
-------------------------------------------------------------------------------------------------------
Total trials: 304
Total latency (us): 671.108

2026-04-07 12:34:11 [INFO] LocalBuilder: max_workers = 12
2026-04-07 12:34:12 [INFO] LocalRunner: max_workers = 1
