2026-04-10 14:07:50 [INFO] [task_scheduler.cc:166] Initializing Task #0: "main"
2026-04-10 14:07:50 [INFO] [task_scheduler.cc:41] 
# from tvm.script import ir as I
# from tvm.script import tir as T

@I.ir_module
class Module:
    @T.prim_func
    def main(A: T.Buffer((384, 768), "float32"), B: T.Buffer((768, 3072), "float32"), C: T.Buffer((384, 3072), "float32")):
        T.func_attr({"tir.noalias": True})
        # with T.block("root"):
        for i, j, k in T.grid(384, 3072, 768):
            with T.block("C"):
                vi, vj, vk = T.axis.remap("SSR", [i, j, k])
                T.reads(A[vi, vk], B[vk, vj])
                T.writes(C[vi, vj])
                with T.init():
                    C[vi, vj] = T.float32(0.0)
                C[vi, vj] = C[vi, vj] + A[vi, vk] * B[vk, vj]
2026-04-10 14:07:50 [INFO] [task_scheduler.cc:170] Total 3 design space(s) generated
2026-04-10 14:07:50 [INFO] [task_scheduler.cc:176] Design space #0:
# from tvm.script import ir as I
# from tvm.script import tir as T

@I.ir_module
class Module:
    @T.prim_func
    def main(A: T.Buffer((384, 768), "float32"), B: T.Buffer((768, 3072), "float32"), C: T.Buffer((384, 3072), "float32")):
        T.func_attr({"tir.noalias": True})
        with T.block("root"):
            T.reads()
            T.writes()
            T.block_attr({"meta_schedule.parallel": 128, "meta_schedule.unroll_explicit": 512, "meta_schedule.vectorize": 64})
            C_global = T.alloc_buffer((384, 3072))
            for i_0, j_0, i_1, j_1 in T.grid(2, 384, 8, 1):
                for k_0, i_2, j_2, k_1, i_3, j_3 in T.grid(32, 3, 1, 24, 8, 8):
                    with T.block("C"):
                        vi = T.axis.spatial(384, i_0 * 192 + i_1 * 24 + i_2 * 8 + i_3)
                        vj = T.axis.spatial(3072, j_0 * 8 + j_1 * 8 + j_2 * 8 + j_3)
                        vk = T.axis.reduce(768, k_0 * 24 + k_1)
                        T.reads(A[vi, vk], B[vk, vj])
                        T.writes(C_global[vi, vj])
                        T.block_attr({"meta_schedule.tiling_structure": "SSRSRS"})
                        with T.init():
                            C_global[vi, vj] = T.float32(0.0)
                        C_global[vi, vj] = C_global[vi, vj] + A[vi, vk] * B[vk, vj]
                for ax0, ax1 in T.grid(24, 8):
                    with T.block("C_global"):
                        v0 = T.axis.spatial(384, i_0 * 192 + i_1 * 24 + ax0)
                        v1 = T.axis.spatial(3072, j_0 * 8 + ax1)
                        T.reads(C_global[v0, v1])
                        T.writes(C[v0, v1])
                        C[v0, v1] = C_global[v0, v1]
b0 = sch.get_block(name="C", func_name="main")
b1 = sch.get_block(name="root", func_name="main")
sch.annotate(block_or_loop=b0, ann_key="meta_schedule.tiling_structure", ann_val="SSRSRS")
l2, l3, l4 = sch.get_loops(block=b0)
v5, v6, v7, v8 = sch.sample_perfect_tile(loop=l2, n=4, max_innermost_factor=64, decision=[2, 8, 3, 8])
l9, l10, l11, l12 = sch.split(loop=l2, factors=[v5, v6, v7, v8], preserve_unit_iters=True, disable_predication=False)
v13, v14, v15, v16 = sch.sample_perfect_tile(loop=l3, n=4, max_innermost_factor=64, decision=[384, 1, 1, 8])
l17, l18, l19, l20 = sch.split(loop=l3, factors=[v13, v14, v15, v16], preserve_unit_iters=True, disable_predication=False)
v21, v22 = sch.sample_perfect_tile(loop=l4, n=2, max_innermost_factor=64, decision=[32, 24])
l23, l24 = sch.split(loop=l4, factors=[v21, v22], preserve_unit_iters=True, disable_predication=False)
sch.reorder(l9, l17, l10, l18, l23, l11, l19, l24, l12, l20)
b25 = sch.cache_write(block=b0, write_buffer_index=0, storage_scope="global")
sch.reverse_compute_at(block=b25, loop=l18, preserve_unit_loops=True, index=-1)
sch.annotate(block_or_loop=b1, ann_key="meta_schedule.parallel", ann_val=128)
sch.annotate(block_or_loop=b1, ann_key="meta_schedule.vectorize", ann_val=64)
v26 = sch.sample_categorical(candidates=[0, 16, 64, 512], probs=[0.25, 0.25, 0.25, 0.25], decision=3)
sch.annotate(block_or_loop=b1, ann_key="meta_schedule.unroll_explicit", ann_val=v26)
2026-04-10 14:07:50 [INFO] [task_scheduler.cc:176] Design space #1:
# from tvm.script import ir as I
# from tvm.script import tir as T

@I.ir_module
class Module:
    @T.prim_func
    def main(A: T.Buffer((384, 768), "float32"), B: T.Buffer((768, 3072), "float32"), C: T.Buffer((384, 3072), "float32")):
        T.func_attr({"tir.noalias": True})
        with T.block("root"):
            T.reads()
            T.writes()
            T.block_attr({"meta_schedule.parallel": 128, "meta_schedule.unroll_explicit": 64, "meta_schedule.vectorize": 64})
            C_global = T.alloc_buffer((384, 3072))
            for i_0, j_0 in T.grid(2, 384):
                for i_1, j_1, k_0, i_2, j_2, k_1, i_3, j_3 in T.grid(8, 1, 32, 3, 1, 24, 8, 8):
                    with T.block("C"):
                        vi = T.axis.spatial(384, i_0 * 192 + i_1 * 24 + i_2 * 8 + i_3)
                        vj = T.axis.spatial(3072, j_0 * 8 + j_1 * 8 + j_2 * 8 + j_3)
                        vk = T.axis.reduce(768, k_0 * 24 + k_1)
                        T.reads(A[vi, vk], B[vk, vj])
                        T.writes(C_global[vi, vj])
                        T.block_attr({"meta_schedule.tiling_structure": "SSRSRS"})
                        with T.init():
                            C_global[vi, vj] = T.float32(0.0)
                        C_global[vi, vj] = C_global[vi, vj] + A[vi, vk] * B[vk, vj]
                for ax0, ax1 in T.grid(192, 8):
                    with T.block("C_global"):
                        v0 = T.axis.spatial(384, i_0 * 192 + ax0)
                        v1 = T.axis.spatial(3072, j_0 * 8 + ax1)
                        T.reads(C_global[v0, v1])
                        T.writes(C[v0, v1])
                        C[v0, v1] = C_global[v0, v1]
b0 = sch.get_block(name="C", func_name="main")
b1 = sch.get_block(name="root", func_name="main")
sch.annotate(block_or_loop=b0, ann_key="meta_schedule.tiling_structure", ann_val="SSRSRS")
l2, l3, l4 = sch.get_loops(block=b0)
v5, v6, v7, v8 = sch.sample_perfect_tile(loop=l2, n=4, max_innermost_factor=64, decision=[2, 8, 3, 8])
l9, l10, l11, l12 = sch.split(loop=l2, factors=[v5, v6, v7, v8], preserve_unit_iters=True, disable_predication=False)
v13, v14, v15, v16 = sch.sample_perfect_tile(loop=l3, n=4, max_innermost_factor=64, decision=[384, 1, 1, 8])
l17, l18, l19, l20 = sch.split(loop=l3, factors=[v13, v14, v15, v16], preserve_unit_iters=True, disable_predication=False)
v21, v22 = sch.sample_perfect_tile(loop=l4, n=2, max_innermost_factor=64, decision=[32, 24])
l23, l24 = sch.split(loop=l4, factors=[v21, v22], preserve_unit_iters=True, disable_predication=False)
sch.reorder(l9, l17, l10, l18, l23, l11, l19, l24, l12, l20)
b25 = sch.cache_write(block=b0, write_buffer_index=0, storage_scope="global")
sch.reverse_compute_at(block=b25, loop=l17, preserve_unit_loops=True, index=-1)
sch.annotate(block_or_loop=b1, ann_key="meta_schedule.parallel", ann_val=128)
sch.annotate(block_or_loop=b1, ann_key="meta_schedule.vectorize", ann_val=64)
v26 = sch.sample_categorical(candidates=[0, 16, 64, 512], probs=[0.25, 0.25, 0.25, 0.25], decision=2)
sch.annotate(block_or_loop=b1, ann_key="meta_schedule.unroll_explicit", ann_val=v26)
2026-04-10 14:07:50 [INFO] [task_scheduler.cc:176] Design space #2:
# from tvm.script import ir as I
# from tvm.script import tir as T

@I.ir_module
class Module:
    @T.prim_func
    def main(A: T.Buffer((384, 768), "float32"), B: T.Buffer((768, 3072), "float32"), C: T.Buffer((384, 3072), "float32")):
        T.func_attr({"tir.noalias": True})
        with T.block("root"):
            T.reads()
            T.writes()
            T.block_attr({"meta_schedule.parallel": 128, "meta_schedule.unroll_explicit": 16, "meta_schedule.vectorize": 64})
            for i_0, j_0, i_1, j_1, k_0, i_2, j_2, k_1, i_3, j_3 in T.grid(2, 384, 8, 1, 32, 3, 1, 24, 8, 8):
                with T.block("C"):
                    vi = T.axis.spatial(384, i_0 * 192 + i_1 * 24 + i_2 * 8 + i_3)
                    vj = T.axis.spatial(3072, j_0 * 8 + j_1 * 8 + j_2 * 8 + j_3)
                    vk = T.axis.reduce(768, k_0 * 24 + k_1)
                    T.reads(A[vi, vk], B[vk, vj])
                    T.writes(C[vi, vj])
                    T.block_attr({"meta_schedule.tiling_structure": "SSRSRS"})
                    with T.init():
                        C[vi, vj] = T.float32(0.0)
                    C[vi, vj] = C[vi, vj] + A[vi, vk] * B[vk, vj]
b0 = sch.get_block(name="C", func_name="main")
b1 = sch.get_block(name="root", func_name="main")
sch.annotate(block_or_loop=b0, ann_key="meta_schedule.tiling_structure", ann_val="SSRSRS")
l2, l3, l4 = sch.get_loops(block=b0)
v5, v6, v7, v8 = sch.sample_perfect_tile(loop=l2, n=4, max_innermost_factor=64, decision=[2, 8, 3, 8])
l9, l10, l11, l12 = sch.split(loop=l2, factors=[v5, v6, v7, v8], preserve_unit_iters=True, disable_predication=False)
v13, v14, v15, v16 = sch.sample_perfect_tile(loop=l3, n=4, max_innermost_factor=64, decision=[384, 1, 1, 8])
l17, l18, l19, l20 = sch.split(loop=l3, factors=[v13, v14, v15, v16], preserve_unit_iters=True, disable_predication=False)
v21, v22 = sch.sample_perfect_tile(loop=l4, n=2, max_innermost_factor=64, decision=[32, 24])
l23, l24 = sch.split(loop=l4, factors=[v21, v22], preserve_unit_iters=True, disable_predication=False)
sch.reorder(l9, l17, l10, l18, l23, l11, l19, l24, l12, l20)
sch.annotate(block_or_loop=b1, ann_key="meta_schedule.parallel", ann_val=128)
sch.annotate(block_or_loop=b1, ann_key="meta_schedule.vectorize", ann_val=64)
v25 = sch.sample_categorical(candidates=[0, 16, 64, 512], probs=[0.25, 0.25, 0.25, 0.25], decision=1)
sch.annotate(block_or_loop=b1, ann_key="meta_schedule.unroll_explicit", ann_val=v25)
2026-04-10 14:07:50 [INFO] [evolutionary_search.cc:711] Generating candidates......
2026-04-10 14:07:50 [INFO] [evolutionary_search.cc:713] Picked top 0 candidate(s) from database
2026-04-10 14:07:50 [INFO] [evolutionary_search.cc:530] Sample-Init-Population summary:
Postproc #0 [meta_schedule.DisallowDynamicLoop(0x5cca8ae75368)]: 0 failure(s)
Postproc #1 [meta_schedule.RewriteParallelVectorizeUnroll(0x5cca8a9bf2d8)]: 0 failure(s)
Postproc #2 [meta_schedule.RewriteReductionBlock(0x5cca8ae36e08)]: 0 failure(s)
Postproc #3 [meta_schedule.RewriteLayout(0x5cca8ac50158)]: 0 failure(s)
2026-04-10 14:07:50 [INFO] [evolutionary_search.cc:721] Sampled 384 candidate(s)
2026-04-10 14:07:50 [INFO] [evolutionary_search.cc:619] Evolve iter #0 done. Summary:
Postproc #0 [meta_schedule.DisallowDynamicLoop(0x5cca8ae75368)]: 0 failure(s)
Postproc #1 [meta_schedule.RewriteParallelVectorizeUnroll(0x5cca8a9bf2d8)]: 0 failure(s)
Postproc #2 [meta_schedule.RewriteReductionBlock(0x5cca8ae36e08)]: 0 failure(s)
Postproc #3 [meta_schedule.RewriteLayout(0x5cca8ac50158)]: 0 failure(s)
2026-04-10 14:07:51 [INFO] [evolutionary_search.cc:619] Evolve iter #1 done. Summary:
Postproc #0 [meta_schedule.DisallowDynamicLoop(0x5cca8ae75368)]: 0 failure(s)
Postproc #1 [meta_schedule.RewriteParallelVectorizeUnroll(0x5cca8a9bf2d8)]: 0 failure(s)
Postproc #2 [meta_schedule.RewriteReductionBlock(0x5cca8ae36e08)]: 0 failure(s)
Postproc #3 [meta_schedule.RewriteLayout(0x5cca8ac50158)]: 0 failure(s)
2026-04-10 14:07:51 [INFO] [evolutionary_search.cc:619] Evolve iter #2 done. Summary:
Postproc #0 [meta_schedule.DisallowDynamicLoop(0x5cca8ae75368)]: 0 failure(s)
Postproc #1 [meta_schedule.RewriteParallelVectorizeUnroll(0x5cca8a9bf2d8)]: 0 failure(s)
Postproc #2 [meta_schedule.RewriteReductionBlock(0x5cca8ae36e08)]: 0 failure(s)
Postproc #3 [meta_schedule.RewriteLayout(0x5cca8ac50158)]: 0 failure(s)
2026-04-10 14:07:51 [INFO] [evolutionary_search.cc:647] Scores of the best 64 candidates:
[1 : 16]:	0.9995  0.9959  0.9945  0.9933  0.9921  0.9917  0.9914  0.9911  0.9903  0.9895  0.9867  0.9859  0.9829  0.9822  0.9819  0.9801
[17 : 32]:	0.9767  0.9760  0.9739  0.9738  0.9736  0.9729  0.9727  0.9723  0.9717  0.9713  0.9710  0.9703  0.9700  0.9700  0.9689  0.9689
[33 : 48]:	0.9685  0.9676  0.9670  0.9669  0.9659  0.9657  0.9649  0.9644  0.9643  0.9631  0.9622  0.9621  0.9602  0.9597  0.9594  0.9590
[49 : 64]:	0.9584  0.9581  0.9567  0.9549  0.9548  0.9545  0.9542  0.9540  0.9538  0.9533  0.9524  0.9520  0.9519  0.9504  0.9501  0.9485
2026-04-10 14:07:51 [INFO] [evolutionary_search.cc:725] Got 64 candidate(s) with evolutionary search
2026-04-10 14:07:51 [INFO] [evolutionary_search.cc:728] Sending 64 candidates(s) for measurement
2026-04-10 14:08:24 [INFO] [task_scheduler.cc:137] [Task #0: main] Trial #1: GFLOPs: 36.2541. Time: 49978.8755 us. Best GFLOPs: 36.2541
2026-04-10 14:08:24 [INFO] [task_scheduler.cc:137] [Task #0: main] Trial #2: GFLOPs: 57.4685. Time: 31529.2610 us. Best GFLOPs: 57.4685
2026-04-10 14:08:24 [INFO] [task_scheduler.cc:137] [Task #0: main] Trial #3: GFLOPs: 53.5080. Time: 33862.9485 us. Best GFLOPs: 57.4685
2026-04-10 14:08:24 [INFO] [task_scheduler.cc:137] [Task #0: main] Trial #4: GFLOPs: 79.1228. Time: 22900.3360 us. Best GFLOPs: 79.1228
2026-04-10 14:08:24 [INFO] [task_scheduler.cc:137] [Task #0: main] Trial #5: GFLOPs: 24.3955. Time: 74273.4040 us. Best GFLOPs: 79.1228
2026-04-10 14:08:24 [INFO] [task_scheduler.cc:137] [Task #0: main] Trial #6: GFLOPs: 26.9335. Time: 67274.4930 us. Best GFLOPs: 79.1228
2026-04-10 14:08:24 [INFO] [task_scheduler.cc:137] [Task #0: main] Trial #7: GFLOPs: 56.1291. Time: 32281.6320 us. Best GFLOPs: 79.1228
2026-04-10 14:08:24 [INFO] [task_scheduler.cc:137] [Task #0: main] Trial #8: GFLOPs: 18.5318. Time: 97774.6075 us. Best GFLOPs: 79.1228
2026-04-10 14:08:24 [INFO] [task_scheduler.cc:137] [Task #0: main] Trial #9: GFLOPs: 21.9533. Time: 82535.9760 us. Best GFLOPs: 79.1228
2026-04-10 14:08:24 [INFO] [task_scheduler.cc:137] [Task #0: main] Trial #10: GFLOPs: 37.4013. Time: 48445.9170 us. Best GFLOPs: 79.1228
2026-04-10 14:08:24 [INFO] [task_scheduler.cc:137] [Task #0: main] Trial #11: GFLOPs: 43.1892. Time: 41953.4885 us. Best GFLOPs: 79.1228
2026-04-10 14:08:24 [INFO] [task_scheduler.cc:137] [Task #0: main] Trial #12: GFLOPs: 67.3050. Time: 26921.3310 us. Best GFLOPs: 79.1228
2026-04-10 14:08:24 [INFO] [task_scheduler.cc:137] [Task #0: main] Trial #13: GFLOPs: 28.2855. Time: 64059.0180 us. Best GFLOPs: 79.1228
2026-04-10 14:08:24 [INFO] [task_scheduler.cc:137] [Task #0: main] Trial #14: GFLOPs: 41.2141. Time: 43964.0375 us. Best GFLOPs: 79.1228
2026-04-10 14:08:24 [INFO] [task_scheduler.cc:137] [Task #0: main] Trial #15: GFLOPs: 29.7137. Time: 60979.9245 us. Best GFLOPs: 79.1228
2026-04-10 14:08:24 [INFO] [task_scheduler.cc:137] [Task #0: main] Trial #16: GFLOPs: 19.8401. Time: 91327.2480 us. Best GFLOPs: 79.1228
2026-04-10 14:08:24 [INFO] [task_scheduler.cc:137] [Task #0: main] Trial #17: GFLOPs: 44.3731. Time: 40834.2165 us. Best GFLOPs: 79.1228
2026-04-10 14:08:24 [INFO] [task_scheduler.cc:137] [Task #0: main] Trial #18: GFLOPs: 38.4662. Time: 47104.7200 us. Best GFLOPs: 79.1228
2026-04-10 14:08:24 [INFO] [task_scheduler.cc:137] [Task #0: main] Trial #19: GFLOPs: 33.0291. Time: 54858.8595 us. Best GFLOPs: 79.1228
2026-04-10 14:08:24 [INFO] [task_scheduler.cc:137] [Task #0: main] Trial #20: GFLOPs: 124.0713. Time: 14604.0207 us. Best GFLOPs: 124.0713
2026-04-10 14:08:24 [INFO] [task_scheduler.cc:137] [Task #0: main] Trial #21: GFLOPs: 9.7717. Time: 185426.3995 us. Best GFLOPs: 124.0713
2026-04-10 14:08:24 [INFO] [task_scheduler.cc:137] [Task #0: main] Trial #22: GFLOPs: 16.3189. Time: 111033.1545 us. Best GFLOPs: 124.0713
2026-04-10 14:08:24 [INFO] [task_scheduler.cc:137] [Task #0: main] Trial #23: GFLOPs: 78.3737. Time: 23119.2350 us. Best GFLOPs: 124.0713
2026-04-10 14:08:24 [INFO] [task_scheduler.cc:137] [Task #0: main] Trial #24: GFLOPs: 19.2965. Time: 93899.8920 us. Best GFLOPs: 124.0713
2026-04-10 14:08:24 [INFO] [task_scheduler.cc:137] [Task #0: main] Trial #25: GFLOPs: 99.3100. Time: 18245.2877 us. Best GFLOPs: 124.0713
2026-04-10 14:08:24 [INFO] [task_scheduler.cc:137] [Task #0: main] Trial #26: GFLOPs: 25.5412. Time: 70941.7320 us. Best GFLOPs: 124.0713
2026-04-10 14:08:24 [INFO] [task_scheduler.cc:137] [Task #0: main] Trial #27: GFLOPs: 26.4156. Time: 68593.6225 us. Best GFLOPs: 124.0713
2026-04-10 14:08:24 [INFO] [task_scheduler.cc:137] [Task #0: main] Trial #28: GFLOPs: 47.6825. Time: 38000.1005 us. Best GFLOPs: 124.0713
2026-04-10 14:08:24 [INFO] [task_scheduler.cc:137] [Task #0: main] Trial #29: GFLOPs: 8.5021. Time: 213117.8950 us. Best GFLOPs: 124.0713
2026-04-10 14:08:24 [INFO] [task_scheduler.cc:137] [Task #0: main] Trial #30: GFLOPs: 90.5315. Time: 20014.4655 us. Best GFLOPs: 124.0713
2026-04-10 14:08:24 [INFO] [task_scheduler.cc:137] [Task #0: main] Trial #31: GFLOPs: 26.0119. Time: 69658.0715 us. Best GFLOPs: 124.0713
2026-04-10 14:08:24 [INFO] [task_scheduler.cc:137] [Task #0: main] Trial #32: GFLOPs: 96.6067. Time: 18755.8313 us. Best GFLOPs: 124.0713
2026-04-10 14:08:24 [INFO] [task_scheduler.cc:137] [Task #0: main] Trial #33: GFLOPs: 40.7277. Time: 44489.1580 us. Best GFLOPs: 124.0713
2026-04-10 14:08:24 [INFO] [task_scheduler.cc:137] [Task #0: main] Trial #34: GFLOPs: 62.0899. Time: 29182.5045 us. Best GFLOPs: 124.0713
2026-04-10 14:08:24 [INFO] [task_scheduler.cc:137] [Task #0: main] Trial #35: GFLOPs: 57.0133. Time: 31780.9760 us. Best GFLOPs: 124.0713
2026-04-10 14:08:24 [INFO] [task_scheduler.cc:137] [Task #0: main] Trial #36: GFLOPs: 39.1232. Time: 46313.7095 us. Best GFLOPs: 124.0713
2026-04-10 14:08:24 [INFO] [task_scheduler.cc:137] [Task #0: main] Trial #37: GFLOPs: 17.7802. Time: 101907.7325 us. Best GFLOPs: 124.0713
2026-04-10 14:08:24 [INFO] [task_scheduler.cc:137] [Task #0: main] Trial #38: GFLOPs: 89.3149. Time: 20287.0973 us. Best GFLOPs: 124.0713
2026-04-10 14:08:24 [INFO] [task_scheduler.cc:137] [Task #0: main] Trial #39: GFLOPs: 40.2912. Time: 44971.0450 us. Best GFLOPs: 124.0713
2026-04-10 14:08:24 [INFO] [task_scheduler.cc:137] [Task #0: main] Trial #40: GFLOPs: 49.3506. Time: 36715.6195 us. Best GFLOPs: 124.0713
2026-04-10 14:08:24 [INFO] [task_scheduler.cc:137] [Task #0: main] Trial #41: GFLOPs: 54.6838. Time: 33134.8535 us. Best GFLOPs: 124.0713
2026-04-10 14:08:24 [INFO] [task_scheduler.cc:137] [Task #0: main] Trial #42: GFLOPs: 72.3153. Time: 25056.0895 us. Best GFLOPs: 124.0713
2026-04-10 14:08:24 [INFO] [task_scheduler.cc:137] [Task #0: main] Trial #43: GFLOPs: 30.3165. Time: 59767.3755 us. Best GFLOPs: 124.0713
2026-04-10 14:08:24 [INFO] [task_scheduler.cc:137] [Task #0: main] Trial #44: GFLOPs: 22.9989. Time: 78783.6625 us. Best GFLOPs: 124.0713
2026-04-10 14:08:24 [INFO] [task_scheduler.cc:137] [Task #0: main] Trial #45: GFLOPs: 77.3703. Time: 23419.0545 us. Best GFLOPs: 124.0713
2026-04-10 14:08:24 [INFO] [task_scheduler.cc:137] [Task #0: main] Trial #46: GFLOPs: 37.3126. Time: 48561.0995 us. Best GFLOPs: 124.0713
2026-04-10 14:08:24 [INFO] [task_scheduler.cc:137] [Task #0: main] Trial #47: GFLOPs: 20.6070. Time: 87928.3650 us. Best GFLOPs: 124.0713
2026-04-10 14:08:24 [INFO] [task_scheduler.cc:137] [Task #0: main] Trial #48: GFLOPs: 12.1553. Time: 149065.5945 us. Best GFLOPs: 124.0713
2026-04-10 14:08:24 [INFO] [task_scheduler.cc:137] [Task #0: main] Trial #49: GFLOPs: 28.6724. Time: 63194.4620 us. Best GFLOPs: 124.0713
2026-04-10 14:08:24 [INFO] [task_scheduler.cc:137] [Task #0: main] Trial #50: GFLOPs: 74.3039. Time: 24385.5100 us. Best GFLOPs: 124.0713
2026-04-10 14:08:24 [INFO] [task_scheduler.cc:137] [Task #0: main] Trial #51: GFLOPs: 89.6594. Time: 20209.1440 us. Best GFLOPs: 124.0713
2026-04-10 14:08:24 [INFO] [task_scheduler.cc:137] [Task #0: main] Trial #52: GFLOPs: 54.0618. Time: 33516.0900 us. Best GFLOPs: 124.0713
2026-04-10 14:08:24 [INFO] [task_scheduler.cc:137] [Task #0: main] Trial #53: GFLOPs: 37.6407. Time: 48137.7765 us. Best GFLOPs: 124.0713
2026-04-10 14:08:24 [INFO] [task_scheduler.cc:137] [Task #0: main] Trial #54: GFLOPs: 54.1578. Time: 33456.6715 us. Best GFLOPs: 124.0713
2026-04-10 14:08:24 [INFO] [task_scheduler.cc:137] [Task #0: main] Trial #55: GFLOPs: 17.4249. Time: 103985.3590 us. Best GFLOPs: 124.0713
2026-04-10 14:08:24 [INFO] [task_scheduler.cc:137] [Task #0: main] Trial #56: GFLOPs: 34.7916. Time: 52079.8165 us. Best GFLOPs: 124.0713
2026-04-10 14:08:24 [INFO] [task_scheduler.cc:137] [Task #0: main] Trial #57: GFLOPs: 11.8762. Time: 152568.9955 us. Best GFLOPs: 124.0713
2026-04-10 14:08:24 [INFO] [task_scheduler.cc:137] [Task #0: main] Trial #58: GFLOPs: 28.2205. Time: 64206.5600 us. Best GFLOPs: 124.0713
2026-04-10 14:08:24 [INFO] [task_scheduler.cc:137] [Task #0: main] Trial #59: GFLOPs: 28.8560. Time: 62792.3685 us. Best GFLOPs: 124.0713
2026-04-10 14:08:24 [INFO] [task_scheduler.cc:137] [Task #0: main] Trial #60: GFLOPs: 18.6553. Time: 97127.5610 us. Best GFLOPs: 124.0713
2026-04-10 14:08:24 [INFO] [task_scheduler.cc:137] [Task #0: main] Trial #61: GFLOPs: 31.0752. Time: 58308.2930 us. Best GFLOPs: 124.0713
2026-04-10 14:08:24 [INFO] [task_scheduler.cc:137] [Task #0: main] Trial #62: GFLOPs: 15.6164. Time: 116027.9050 us. Best GFLOPs: 124.0713
2026-04-10 14:08:24 [INFO] [task_scheduler.cc:137] [Task #0: main] Trial #63: GFLOPs: 31.7337. Time: 57098.2080 us. Best GFLOPs: 124.0713
2026-04-10 14:08:24 [INFO] [task_scheduler.cc:137] [Task #0: main] Trial #64: GFLOPs: 80.4134. Time: 22532.8060 us. Best GFLOPs: 124.0713
2026-04-10 15:16:02 [INFO] [task_scheduler.cc:166] Initializing Task #0: "main"
2026-04-10 15:16:02 [INFO] [task_scheduler.cc:41] 
# from tvm.script import ir as I
# from tvm.script import tir as T

@I.ir_module
class Module:
    @T.prim_func
    def main(A: T.Buffer((384, 768), "float32"), B: T.Buffer((768, 3072), "float32"), C: T.Buffer((384, 3072), "float32")):
        T.func_attr({"tir.noalias": True})
        # with T.block("root"):
        for i, j, k in T.grid(384, 3072, 768):
            with T.block("C"):
                vi, vj, vk = T.axis.remap("SSR", [i, j, k])
                T.reads(A[vi, vk], B[vk, vj])
                T.writes(C[vi, vj])
                with T.init():
                    C[vi, vj] = T.float32(0.0)
                C[vi, vj] = C[vi, vj] + A[vi, vk] * B[vk, vj]
2026-04-10 15:16:02 [INFO] [task_scheduler.cc:170] Total 3 design space(s) generated
2026-04-10 15:16:02 [INFO] [task_scheduler.cc:176] Design space #0:
# from tvm.script import ir as I
# from tvm.script import tir as T

@I.ir_module
class Module:
    @T.prim_func
    def main(A: T.Buffer((384, 768), "float32"), B: T.Buffer((768, 3072), "float32"), C: T.Buffer((384, 3072), "float32")):
        T.func_attr({"tir.noalias": True})
        with T.block("root"):
            T.reads()
            T.writes()
            T.block_attr({"meta_schedule.parallel": 128, "meta_schedule.unroll_explicit": 64, "meta_schedule.vectorize": 64})
            C_global = T.alloc_buffer((384, 3072))
            for i_0, j_0, i_1, j_1 in T.grid(4, 8, 2, 6):
                for k_0, i_2, j_2, k_1, i_3, j_3 in T.grid(24, 4, 2, 32, 12, 32):
                    with T.block("C"):
                        vi = T.axis.spatial(384, i_0 * 96 + i_1 * 48 + i_2 * 12 + i_3)
                        vj = T.axis.spatial(3072, j_0 * 384 + j_1 * 64 + j_2 * 32 + j_3)
                        vk = T.axis.reduce(768, k_0 * 32 + k_1)
                        T.reads(A[vi, vk], B[vk, vj])
                        T.writes(C_global[vi, vj])
                        T.block_attr({"meta_schedule.tiling_structure": "SSRSRS"})
                        with T.init():
                            C_global[vi, vj] = T.float32(0.0)
                        C_global[vi, vj] = C_global[vi, vj] + A[vi, vk] * B[vk, vj]
                for ax0, ax1 in T.grid(48, 64):
                    with T.block("C_global"):
                        v0 = T.axis.spatial(384, i_0 * 96 + i_1 * 48 + ax0)
                        v1 = T.axis.spatial(3072, j_0 * 384 + j_1 * 64 + ax1)
                        T.reads(C_global[v0, v1])
                        T.writes(C[v0, v1])
                        C[v0, v1] = C_global[v0, v1]
b0 = sch.get_block(name="C", func_name="main")
b1 = sch.get_block(name="root", func_name="main")
sch.annotate(block_or_loop=b0, ann_key="meta_schedule.tiling_structure", ann_val="SSRSRS")
l2, l3, l4 = sch.get_loops(block=b0)
v5, v6, v7, v8 = sch.sample_perfect_tile(loop=l2, n=4, max_innermost_factor=64, decision=[4, 2, 4, 12])
l9, l10, l11, l12 = sch.split(loop=l2, factors=[v5, v6, v7, v8], preserve_unit_iters=True, disable_predication=False)
v13, v14, v15, v16 = sch.sample_perfect_tile(loop=l3, n=4, max_innermost_factor=64, decision=[8, 6, 2, 32])
l17, l18, l19, l20 = sch.split(loop=l3, factors=[v13, v14, v15, v16], preserve_unit_iters=True, disable_predication=False)
v21, v22 = sch.sample_perfect_tile(loop=l4, n=2, max_innermost_factor=64, decision=[24, 32])
l23, l24 = sch.split(loop=l4, factors=[v21, v22], preserve_unit_iters=True, disable_predication=False)
sch.reorder(l9, l17, l10, l18, l23, l11, l19, l24, l12, l20)
b25 = sch.cache_write(block=b0, write_buffer_index=0, storage_scope="global")
sch.reverse_compute_at(block=b25, loop=l18, preserve_unit_loops=True, index=-1)
sch.annotate(block_or_loop=b1, ann_key="meta_schedule.parallel", ann_val=128)
sch.annotate(block_or_loop=b1, ann_key="meta_schedule.vectorize", ann_val=64)
v26 = sch.sample_categorical(candidates=[0, 16, 64, 512], probs=[0.25, 0.25, 0.25, 0.25], decision=2)
sch.annotate(block_or_loop=b1, ann_key="meta_schedule.unroll_explicit", ann_val=v26)
2026-04-10 15:16:02 [INFO] [task_scheduler.cc:176] Design space #1:
# from tvm.script import ir as I
# from tvm.script import tir as T

@I.ir_module
class Module:
    @T.prim_func
    def main(A: T.Buffer((384, 768), "float32"), B: T.Buffer((768, 3072), "float32"), C: T.Buffer((384, 3072), "float32")):
        T.func_attr({"tir.noalias": True})
        with T.block("root"):
            T.reads()
            T.writes()
            T.block_attr({"meta_schedule.parallel": 128, "meta_schedule.unroll_explicit": 16, "meta_schedule.vectorize": 64})
            C_global = T.alloc_buffer((384, 3072))
            for i_0, j_0 in T.grid(4, 8):
                for i_1, j_1, k_0, i_2, j_2, k_1, i_3, j_3 in T.grid(2, 6, 24, 4, 2, 32, 12, 32):
                    with T.block("C"):
                        vi = T.axis.spatial(384, i_0 * 96 + i_1 * 48 + i_2 * 12 + i_3)
                        vj = T.axis.spatial(3072, j_0 * 384 + j_1 * 64 + j_2 * 32 + j_3)
                        vk = T.axis.reduce(768, k_0 * 32 + k_1)
                        T.reads(A[vi, vk], B[vk, vj])
                        T.writes(C_global[vi, vj])
                        T.block_attr({"meta_schedule.tiling_structure": "SSRSRS"})
                        with T.init():
                            C_global[vi, vj] = T.float32(0.0)
                        C_global[vi, vj] = C_global[vi, vj] + A[vi, vk] * B[vk, vj]
                for ax0, ax1 in T.grid(96, 384):
                    with T.block("C_global"):
                        v0 = T.axis.spatial(384, i_0 * 96 + ax0)
                        v1 = T.axis.spatial(3072, j_0 * 384 + ax1)
                        T.reads(C_global[v0, v1])
                        T.writes(C[v0, v1])
                        C[v0, v1] = C_global[v0, v1]
b0 = sch.get_block(name="C", func_name="main")
b1 = sch.get_block(name="root", func_name="main")
sch.annotate(block_or_loop=b0, ann_key="meta_schedule.tiling_structure", ann_val="SSRSRS")
l2, l3, l4 = sch.get_loops(block=b0)
v5, v6, v7, v8 = sch.sample_perfect_tile(loop=l2, n=4, max_innermost_factor=64, decision=[4, 2, 4, 12])
l9, l10, l11, l12 = sch.split(loop=l2, factors=[v5, v6, v7, v8], preserve_unit_iters=True, disable_predication=False)
v13, v14, v15, v16 = sch.sample_perfect_tile(loop=l3, n=4, max_innermost_factor=64, decision=[8, 6, 2, 32])
l17, l18, l19, l20 = sch.split(loop=l3, factors=[v13, v14, v15, v16], preserve_unit_iters=True, disable_predication=False)
v21, v22 = sch.sample_perfect_tile(loop=l4, n=2, max_innermost_factor=64, decision=[24, 32])
l23, l24 = sch.split(loop=l4, factors=[v21, v22], preserve_unit_iters=True, disable_predication=False)
sch.reorder(l9, l17, l10, l18, l23, l11, l19, l24, l12, l20)
b25 = sch.cache_write(block=b0, write_buffer_index=0, storage_scope="global")
sch.reverse_compute_at(block=b25, loop=l17, preserve_unit_loops=True, index=-1)
sch.annotate(block_or_loop=b1, ann_key="meta_schedule.parallel", ann_val=128)
sch.annotate(block_or_loop=b1, ann_key="meta_schedule.vectorize", ann_val=64)
v26 = sch.sample_categorical(candidates=[0, 16, 64, 512], probs=[0.25, 0.25, 0.25, 0.25], decision=1)
sch.annotate(block_or_loop=b1, ann_key="meta_schedule.unroll_explicit", ann_val=v26)
2026-04-10 15:16:02 [INFO] [task_scheduler.cc:176] Design space #2:
# from tvm.script import ir as I
# from tvm.script import tir as T

@I.ir_module
class Module:
    @T.prim_func
    def main(A: T.Buffer((384, 768), "float32"), B: T.Buffer((768, 3072), "float32"), C: T.Buffer((384, 3072), "float32")):
        T.func_attr({"tir.noalias": True})
        with T.block("root"):
            T.reads()
            T.writes()
            T.block_attr({"meta_schedule.parallel": 128, "meta_schedule.unroll_explicit": 16, "meta_schedule.vectorize": 64})
            for i_0, j_0, i_1, j_1, k_0, i_2, j_2, k_1, i_3, j_3 in T.grid(4, 8, 2, 6, 24, 4, 2, 32, 12, 32):
                with T.block("C"):
                    vi = T.axis.spatial(384, i_0 * 96 + i_1 * 48 + i_2 * 12 + i_3)
                    vj = T.axis.spatial(3072, j_0 * 384 + j_1 * 64 + j_2 * 32 + j_3)
                    vk = T.axis.reduce(768, k_0 * 32 + k_1)
                    T.reads(A[vi, vk], B[vk, vj])
                    T.writes(C[vi, vj])
                    T.block_attr({"meta_schedule.tiling_structure": "SSRSRS"})
                    with T.init():
                        C[vi, vj] = T.float32(0.0)
                    C[vi, vj] = C[vi, vj] + A[vi, vk] * B[vk, vj]
b0 = sch.get_block(name="C", func_name="main")
b1 = sch.get_block(name="root", func_name="main")
sch.annotate(block_or_loop=b0, ann_key="meta_schedule.tiling_structure", ann_val="SSRSRS")
l2, l3, l4 = sch.get_loops(block=b0)
v5, v6, v7, v8 = sch.sample_perfect_tile(loop=l2, n=4, max_innermost_factor=64, decision=[4, 2, 4, 12])
l9, l10, l11, l12 = sch.split(loop=l2, factors=[v5, v6, v7, v8], preserve_unit_iters=True, disable_predication=False)
v13, v14, v15, v16 = sch.sample_perfect_tile(loop=l3, n=4, max_innermost_factor=64, decision=[8, 6, 2, 32])
l17, l18, l19, l20 = sch.split(loop=l3, factors=[v13, v14, v15, v16], preserve_unit_iters=True, disable_predication=False)
v21, v22 = sch.sample_perfect_tile(loop=l4, n=2, max_innermost_factor=64, decision=[24, 32])
l23, l24 = sch.split(loop=l4, factors=[v21, v22], preserve_unit_iters=True, disable_predication=False)
sch.reorder(l9, l17, l10, l18, l23, l11, l19, l24, l12, l20)
sch.annotate(block_or_loop=b1, ann_key="meta_schedule.parallel", ann_val=128)
sch.annotate(block_or_loop=b1, ann_key="meta_schedule.vectorize", ann_val=64)
v25 = sch.sample_categorical(candidates=[0, 16, 64, 512], probs=[0.25, 0.25, 0.25, 0.25], decision=1)
sch.annotate(block_or_loop=b1, ann_key="meta_schedule.unroll_explicit", ann_val=v25)
2026-04-10 15:16:02 [INFO] [evolutionary_search.cc:711] Generating candidates......
2026-04-10 15:16:02 [INFO] [evolutionary_search.cc:713] Picked top 64 candidate(s) from database
2026-04-10 15:16:03 [INFO] [evolutionary_search.cc:530] Sample-Init-Population summary:
Postproc #0 [meta_schedule.DisallowDynamicLoop(0x5765931ab2d8)]: 0 failure(s)
Postproc #1 [meta_schedule.RewriteParallelVectorizeUnroll(0x5765924cfac8)]: 0 failure(s)
Postproc #2 [meta_schedule.RewriteReductionBlock(0x57659278e8a8)]: 0 failure(s)
Postproc #3 [meta_schedule.RewriteLayout(0x576593312f88)]: 0 failure(s)
2026-04-10 15:16:03 [INFO] [evolutionary_search.cc:721] Sampled 396 candidate(s)
2026-04-10 15:16:03 [INFO] [evolutionary_search.cc:619] Evolve iter #0 done. Summary:
Postproc #0 [meta_schedule.DisallowDynamicLoop(0x5765931ab2d8)]: 0 failure(s)
Postproc #1 [meta_schedule.RewriteParallelVectorizeUnroll(0x5765924cfac8)]: 0 failure(s)
Postproc #2 [meta_schedule.RewriteReductionBlock(0x57659278e8a8)]: 0 failure(s)
Postproc #3 [meta_schedule.RewriteLayout(0x576593312f88)]: 0 failure(s)
2026-04-10 15:16:03 [INFO] [evolutionary_search.cc:619] Evolve iter #1 done. Summary:
Postproc #0 [meta_schedule.DisallowDynamicLoop(0x5765931ab2d8)]: 0 failure(s)
Postproc #1 [meta_schedule.RewriteParallelVectorizeUnroll(0x5765924cfac8)]: 0 failure(s)
Postproc #2 [meta_schedule.RewriteReductionBlock(0x57659278e8a8)]: 0 failure(s)
Postproc #3 [meta_schedule.RewriteLayout(0x576593312f88)]: 0 failure(s)
2026-04-10 15:16:04 [INFO] [evolutionary_search.cc:619] Evolve iter #2 done. Summary:
Postproc #0 [meta_schedule.DisallowDynamicLoop(0x5765931ab2d8)]: 0 failure(s)
Postproc #1 [meta_schedule.RewriteParallelVectorizeUnroll(0x5765924cfac8)]: 0 failure(s)
Postproc #2 [meta_schedule.RewriteReductionBlock(0x57659278e8a8)]: 0 failure(s)
Postproc #3 [meta_schedule.RewriteLayout(0x576593312f88)]: 0 failure(s)
2026-04-10 15:16:04 [INFO] [evolutionary_search.cc:647] Scores of the best 64 candidates:
[1 : 16]:	0.9993  0.9976  0.9963  0.9951  0.9949  0.9948  0.9938  0.9920  0.9906  0.9905  0.9905  0.9901  0.9891  0.9836  0.9831  0.9828
[17 : 32]:	0.9823  0.9819  0.9817  0.9814  0.9804  0.9801  0.9801  0.9794  0.9787  0.9771  0.9758  0.9757  0.9750  0.9745  0.9732  0.9728
[33 : 48]:	0.9725  0.9693  0.9691  0.9690  0.9690  0.9688  0.9672  0.9665  0.9657  0.9654  0.9637  0.9621  0.9612  0.9597  0.9595  0.9590
[49 : 64]:	0.9590  0.9578  0.9561  0.9558  0.9548  0.9546  0.9541  0.9540  0.9535  0.9512  0.9508  0.9495  0.9493  0.9481  0.9464  0.9457
2026-04-10 15:16:04 [INFO] [evolutionary_search.cc:725] Got 64 candidate(s) with evolutionary search
2026-04-10 15:16:04 [INFO] [evolutionary_search.cc:728] Sending 64 candidates(s) for measurement
2026-04-10 15:16:45 [INFO] [task_scheduler.cc:137] [Task #0: main] Trial #1: GFLOPs: 41.8826. Time: 43262.3810 us. Best GFLOPs: 41.8826
2026-04-10 15:16:45 [INFO] [task_scheduler.cc:137] [Task #0: main] Trial #2: GFLOPs: 47.8805. Time: 37842.9195 us. Best GFLOPs: 47.8805
2026-04-10 15:16:45 [INFO] [task_scheduler.cc:137] [Task #0: main] Trial #3: GFLOPs: 13.4904. Time: 134312.8500 us. Best GFLOPs: 47.8805
2026-04-10 15:16:45 [INFO] [task_scheduler.cc:137] [Task #0: main] Trial #4: GFLOPs: 35.4156. Time: 51162.2015 us. Best GFLOPs: 47.8805
2026-04-10 15:16:45 [INFO] [task_scheduler.cc:137] [Task #0: main] Trial #5: GFLOPs: 14.4897. Time: 125050.3955 us. Best GFLOPs: 47.8805
2026-04-10 15:16:45 [INFO] [task_scheduler.cc:137] [Task #0: main] Trial #6: GFLOPs: 54.2093. Time: 33424.8790 us. Best GFLOPs: 54.2093
2026-04-10 15:16:45 [INFO] [task_scheduler.cc:137] [Task #0: main] Trial #7: GFLOPs: 61.1952. Time: 29609.1910 us. Best GFLOPs: 61.1952
2026-04-10 15:16:45 [INFO] [task_scheduler.cc:137] [Task #0: main] Trial #8: GFLOPs: 61.4169. Time: 29502.2975 us. Best GFLOPs: 61.4169
2026-04-10 15:16:45 [INFO] [task_scheduler.cc:137] [Task #0: main] Trial #9: GFLOPs: 48.9741. Time: 36997.8860 us. Best GFLOPs: 61.4169
2026-04-10 15:16:45 [INFO] [task_scheduler.cc:137] [Task #0: main] Trial #10: GFLOPs: 74.2538. Time: 24401.9595 us. Best GFLOPs: 74.2538
2026-04-10 15:16:45 [INFO] [task_scheduler.cc:137] [Task #0: main] Trial #11: GFLOPs: 67.2894. Time: 26927.5405 us. Best GFLOPs: 74.2538
2026-04-10 15:16:45 [INFO] [task_scheduler.cc:137] [Task #0: main] Trial #12: GFLOPs: 53.4576. Time: 33894.8785 us. Best GFLOPs: 74.2538
2026-04-10 15:16:45 [INFO] [task_scheduler.cc:137] [Task #0: main] Trial #13: GFLOPs: 20.5325. Time: 88247.4290 us. Best GFLOPs: 74.2538
2026-04-10 15:16:45 [INFO] [task_scheduler.cc:137] [Task #0: main] Trial #14: GFLOPs: 69.1818. Time: 26190.9925 us. Best GFLOPs: 74.2538
2026-04-10 15:16:45 [INFO] [task_scheduler.cc:137] [Task #0: main] Trial #15: GFLOPs: 66.7341. Time: 27151.6150 us. Best GFLOPs: 74.2538
2026-04-10 15:16:45 [INFO] [task_scheduler.cc:137] [Task #0: main] Trial #16: GFLOPs: 63.0833. Time: 28722.9650 us. Best GFLOPs: 74.2538
2026-04-10 15:16:45 [INFO] [task_scheduler.cc:137] [Task #0: main] Trial #17: GFLOPs: 4.7668. Time: 380117.4175 us. Best GFLOPs: 74.2538
2026-04-10 15:16:45 [INFO] [task_scheduler.cc:137] [Task #0: main] Trial #18: GFLOPs: 59.9163. Time: 30241.1520 us. Best GFLOPs: 74.2538
2026-04-10 15:16:45 [INFO] [task_scheduler.cc:137] [Task #0: main] Trial #19: GFLOPs: 19.8948. Time: 91076.1890 us. Best GFLOPs: 74.2538
2026-04-10 15:16:45 [INFO] [task_scheduler.cc:137] [Task #0: main] Trial #20: GFLOPs: 21.2940. Time: 85091.5900 us. Best GFLOPs: 74.2538
2026-04-10 15:16:45 [INFO] [task_scheduler.cc:137] [Task #0: main] Trial #21: GFLOPs: 38.6433. Time: 46888.8305 us. Best GFLOPs: 74.2538
2026-04-10 15:16:45 [INFO] [task_scheduler.cc:137] [Task #0: main] Trial #22: GFLOPs: 22.1055. Time: 81967.9100 us. Best GFLOPs: 74.2538
2026-04-10 15:16:45 [INFO] [task_scheduler.cc:137] [Task #0: main] Trial #23: GFLOPs: 38.9900. Time: 46471.9400 us. Best GFLOPs: 74.2538
2026-04-10 15:16:45 [INFO] [task_scheduler.cc:137] [Task #0: main] Trial #24: GFLOPs: 46.5818. Time: 38898.0220 us. Best GFLOPs: 74.2538
2026-04-10 15:16:45 [INFO] [task_scheduler.cc:137] [Task #0: main] Trial #25: GFLOPs: 23.5093. Time: 77073.4295 us. Best GFLOPs: 74.2538
2026-04-10 15:16:45 [INFO] [task_scheduler.cc:137] [Task #0: main] Trial #26: GFLOPs: 61.9486. Time: 29249.0845 us. Best GFLOPs: 74.2538
2026-04-10 15:16:45 [INFO] [task_scheduler.cc:137] [Task #0: main] Trial #27: GFLOPs: 9.0975. Time: 199169.8860 us. Best GFLOPs: 74.2538
2026-04-10 15:16:45 [INFO] [task_scheduler.cc:137] [Task #0: main] Trial #28: GFLOPs: 82.4175. Time: 21984.8960 us. Best GFLOPs: 82.4175
2026-04-10 15:16:45 [INFO] [task_scheduler.cc:137] [Task #0: main] Trial #29: GFLOPs: 8.0343. Time: 225525.2990 us. Best GFLOPs: 82.4175
2026-04-10 15:16:45 [INFO] [task_scheduler.cc:137] [Task #0: main] Trial #30: GFLOPs: 31.6506. Time: 57248.1130 us. Best GFLOPs: 82.4175
2026-04-10 15:16:45 [INFO] [task_scheduler.cc:137] [Task #0: main] Trial #31: GFLOPs: 46.1966. Time: 39222.3580 us. Best GFLOPs: 82.4175
2026-04-10 15:16:45 [INFO] [task_scheduler.cc:137] [Task #0: main] Trial #32: GFLOPs: 11.5257. Time: 157208.1120 us. Best GFLOPs: 82.4175
2026-04-10 15:16:45 [INFO] [task_scheduler.cc:137] [Task #0: main] Trial #33: GFLOPs: 68.8214. Time: 26328.1270 us. Best GFLOPs: 82.4175
2026-04-10 15:16:45 [INFO] [task_scheduler.cc:137] [Task #0: main] Trial #34: GFLOPs: 37.7771. Time: 47963.9060 us. Best GFLOPs: 82.4175
2026-04-10 15:16:45 [INFO] [task_scheduler.cc:137] [Task #0: main] Trial #35: GFLOPs: 26.4660. Time: 68463.0330 us. Best GFLOPs: 82.4175
2026-04-10 15:16:45 [INFO] [task_scheduler.cc:137] [Task #0: main] Trial #36: GFLOPs: 15.8011. Time: 114671.5290 us. Best GFLOPs: 82.4175
2026-04-10 15:16:45 [INFO] [task_scheduler.cc:137] [Task #0: main] Trial #37: GFLOPs: 27.2603. Time: 66467.9510 us. Best GFLOPs: 82.4175
2026-04-10 15:16:45 [INFO] [task_scheduler.cc:137] [Task #0: main] Trial #38: GFLOPs: 21.7987. Time: 83121.3540 us. Best GFLOPs: 82.4175
2026-04-10 15:16:45 [INFO] [task_scheduler.cc:137] [Task #0: main] Trial #39: GFLOPs: 22.6302. Time: 80067.3525 us. Best GFLOPs: 82.4175
2026-04-10 15:16:45 [INFO] [task_scheduler.cc:137] [Task #0: main] Trial #40: GFLOPs: 9.9637. Time: 181854.4270 us. Best GFLOPs: 82.4175
2026-04-10 15:16:45 [INFO] [task_scheduler.cc:137] [Task #0: main] Trial #41: GFLOPs: 77.0100. Time: 23528.6240 us. Best GFLOPs: 82.4175
2026-04-10 15:16:45 [INFO] [task_scheduler.cc:137] [Task #0: main] Trial #42: GFLOPs: 37.1843. Time: 48728.5690 us. Best GFLOPs: 82.4175
2026-04-10 15:16:45 [INFO] [task_scheduler.cc:137] [Task #0: main] Trial #43: GFLOPs: 14.5216. Time: 124775.0660 us. Best GFLOPs: 82.4175
2026-04-10 15:16:45 [INFO] [task_scheduler.cc:137] [Task #0: main] Trial #44: GFLOPs: 51.7883. Time: 34987.4115 us. Best GFLOPs: 82.4175
2026-04-10 15:16:45 [INFO] [task_scheduler.cc:137] [Task #0: main] Trial #45: GFLOPs: 89.7827. Time: 20181.3897 us. Best GFLOPs: 89.7827
2026-04-10 15:16:45 [INFO] [task_scheduler.cc:137] [Task #0: main] Trial #46: GFLOPs: 22.3104. Time: 81214.9005 us. Best GFLOPs: 89.7827
2026-04-10 15:16:45 [INFO] [task_scheduler.cc:137] [Task #0: main] Trial #47: GFLOPs: 30.8590. Time: 58716.6695 us. Best GFLOPs: 89.7827
2026-04-10 15:16:45 [INFO] [task_scheduler.cc:137] [Task #0: main] Trial #48: GFLOPs: 29.4328. Time: 61561.9780 us. Best GFLOPs: 89.7827
2026-04-10 15:16:45 [INFO] [task_scheduler.cc:137] [Task #0: main] Trial #49: GFLOPs: 62.8591. Time: 28825.4160 us. Best GFLOPs: 89.7827
2026-04-10 15:16:45 [INFO] [task_scheduler.cc:137] [Task #0: main] Trial #50: GFLOPs: 67.5226. Time: 26834.5645 us. Best GFLOPs: 89.7827
2026-04-10 15:16:45 [INFO] [task_scheduler.cc:137] [Task #0: main] Trial #51: GFLOPs: 1.0470. Time: 1730577.4185 us. Best GFLOPs: 89.7827
2026-04-10 15:16:45 [INFO] [task_scheduler.cc:137] [Task #0: main] Trial #52: GFLOPs: 6.5445. Time: 276866.0135 us. Best GFLOPs: 89.7827
2026-04-10 15:16:45 [INFO] [task_scheduler.cc:137] [Task #0: main] Trial #53: GFLOPs: 16.3501. Time: 110821.1620 us. Best GFLOPs: 89.7827
2026-04-10 15:16:45 [INFO] [task_scheduler.cc:137] [Task #0: main] Trial #54: GFLOPs: 57.2230. Time: 31664.5445 us. Best GFLOPs: 89.7827
2026-04-10 15:16:45 [INFO] [task_scheduler.cc:137] [Task #0: main] Trial #55: GFLOPs: 44.5848. Time: 40640.3155 us. Best GFLOPs: 89.7827
2026-04-10 15:16:45 [INFO] [task_scheduler.cc:137] [Task #0: main] Trial #56: GFLOPs: 17.1573. Time: 105607.4060 us. Best GFLOPs: 89.7827
2026-04-10 15:16:45 [INFO] [task_scheduler.cc:137] [Task #0: main] Trial #57: GFLOPs: 25.1167. Time: 72140.7050 us. Best GFLOPs: 89.7827
2026-04-10 15:16:45 [INFO] [task_scheduler.cc:137] [Task #0: main] Trial #58: GFLOPs: 12.0461. Time: 150417.6135 us. Best GFLOPs: 89.7827
2026-04-10 15:16:45 [INFO] [task_scheduler.cc:137] [Task #0: main] Trial #59: GFLOPs: 7.8295. Time: 231424.1410 us. Best GFLOPs: 89.7827
2026-04-10 15:16:45 [INFO] [task_scheduler.cc:137] [Task #0: main] Trial #60: GFLOPs: 92.1529. Time: 19662.3180 us. Best GFLOPs: 92.1529
2026-04-10 15:16:45 [INFO] [task_scheduler.cc:137] [Task #0: main] Trial #61: GFLOPs: 23.0734. Time: 78529.5275 us. Best GFLOPs: 92.1529
2026-04-10 15:16:45 [INFO] [task_scheduler.cc:137] [Task #0: main] Trial #62: GFLOPs: 80.6250. Time: 22473.6587 us. Best GFLOPs: 92.1529
2026-04-10 15:16:45 [INFO] [task_scheduler.cc:137] [Task #0: main] Trial #63: GFLOPs: 53.2007. Time: 34058.5400 us. Best GFLOPs: 92.1529
2026-04-10 15:16:45 [INFO] [task_scheduler.cc:137] [Task #0: main] Trial #64: GFLOPs: 68.9406. Time: 26282.6055 us. Best GFLOPs: 92.1529
2026-04-10 15:16:45 [INFO] [evolutionary_search.cc:711] Generating candidates......
2026-04-10 15:16:45 [INFO] [evolutionary_search.cc:713] Picked top 92 candidate(s) from database
2026-04-10 15:16:45 [INFO] [evolutionary_search.cc:530] Sample-Init-Population summary:
Postproc #0 [meta_schedule.DisallowDynamicLoop(0x5765931ab2d8)]: 0 failure(s)
Postproc #1 [meta_schedule.RewriteParallelVectorizeUnroll(0x5765924cfac8)]: 0 failure(s)
Postproc #2 [meta_schedule.RewriteReductionBlock(0x57659278e8a8)]: 0 failure(s)
Postproc #3 [meta_schedule.RewriteLayout(0x576593312f88)]: 0 failure(s)
2026-04-10 15:16:45 [INFO] [evolutionary_search.cc:721] Sampled 368 candidate(s)
2026-04-10 15:16:45 [INFO] [evolutionary_search.cc:619] Evolve iter #0 done. Summary:
Postproc #0 [meta_schedule.DisallowDynamicLoop(0x5765931ab2d8)]: 0 failure(s)
Postproc #1 [meta_schedule.RewriteParallelVectorizeUnroll(0x5765924cfac8)]: 0 failure(s)
Postproc #2 [meta_schedule.RewriteReductionBlock(0x57659278e8a8)]: 0 failure(s)
Postproc #3 [meta_schedule.RewriteLayout(0x576593312f88)]: 0 failure(s)
2026-04-10 15:16:46 [INFO] [evolutionary_search.cc:619] Evolve iter #1 done. Summary:
Postproc #0 [meta_schedule.DisallowDynamicLoop(0x5765931ab2d8)]: 0 failure(s)
Postproc #1 [meta_schedule.RewriteParallelVectorizeUnroll(0x5765924cfac8)]: 0 failure(s)
Postproc #2 [meta_schedule.RewriteReductionBlock(0x57659278e8a8)]: 0 failure(s)
Postproc #3 [meta_schedule.RewriteLayout(0x576593312f88)]: 0 failure(s)
2026-04-10 15:16:46 [INFO] [evolutionary_search.cc:619] Evolve iter #2 done. Summary:
Postproc #0 [meta_schedule.DisallowDynamicLoop(0x5765931ab2d8)]: 0 failure(s)
Postproc #1 [meta_schedule.RewriteParallelVectorizeUnroll(0x5765924cfac8)]: 0 failure(s)
Postproc #2 [meta_schedule.RewriteReductionBlock(0x57659278e8a8)]: 0 failure(s)
Postproc #3 [meta_schedule.RewriteLayout(0x576593312f88)]: 0 failure(s)
2026-04-10 15:16:46 [INFO] [evolutionary_search.cc:647] Scores of the best 13 candidates:
[1 : 13]:	0.9997  0.9990  0.9986  0.9985  0.9983  0.9979  0.9962  0.9954  0.9953  0.9951  0.9920  0.9910  0.9906
2026-04-10 15:16:46 [INFO] [evolutionary_search.cc:725] Got 13 candidate(s) with evolutionary search
2026-04-10 15:16:46 [INFO] [evolutionary_search.cc:728] Sending 13 candidates(s) for measurement
2026-04-10 15:16:58 [INFO] [task_scheduler.cc:137] [Task #0: main] Trial #65: GFLOPs: 65.7882. Time: 27541.9975 us. Best GFLOPs: 92.1529
2026-04-10 15:16:58 [INFO] [task_scheduler.cc:137] [Task #0: main] Trial #66: GFLOPs: 13.6657. Time: 132590.2805 us. Best GFLOPs: 92.1529
2026-04-10 15:16:58 [INFO] [task_scheduler.cc:137] [Task #0: main] Trial #67: GFLOPs: 55.7298. Time: 32512.9205 us. Best GFLOPs: 92.1529
2026-04-10 15:16:58 [INFO] [task_scheduler.cc:137] [Task #0: main] Trial #68: GFLOPs: 37.4865. Time: 48335.8445 us. Best GFLOPs: 92.1529
2026-04-10 15:16:58 [INFO] [task_scheduler.cc:137] [Task #0: main] Trial #69: GFLOPs: 39.6398. Time: 45710.0900 us. Best GFLOPs: 92.1529
2026-04-10 15:16:58 [INFO] [task_scheduler.cc:137] [Task #0: main] Trial #70: GFLOPs: 28.8566. Time: 62791.2015 us. Best GFLOPs: 92.1529
2026-04-10 15:16:58 [INFO] [task_scheduler.cc:137] [Task #0: main] Trial #71: GFLOPs: 18.8195. Time: 96279.8975 us. Best GFLOPs: 92.1529
2026-04-10 15:16:58 [INFO] [task_scheduler.cc:137] [Task #0: main] Trial #72: GFLOPs: 44.7928. Time: 40451.5425 us. Best GFLOPs: 92.1529
2026-04-10 15:16:58 [INFO] [task_scheduler.cc:137] [Task #0: main] Trial #73: GFLOPs: 23.9840. Time: 75547.9695 us. Best GFLOPs: 92.1529
2026-04-10 15:16:58 [INFO] [task_scheduler.cc:137] [Task #0: main] Trial #74: GFLOPs: 63.4598. Time: 28552.5585 us. Best GFLOPs: 92.1529
2026-04-10 15:16:58 [INFO] [task_scheduler.cc:137] [Task #0: main] Trial #75: GFLOPs: 17.9502. Time: 100942.3915 us. Best GFLOPs: 92.1529
2026-04-10 15:16:58 [INFO] [task_scheduler.cc:137] [Task #0: main] Trial #76: GFLOPs: 35.8155. Time: 50590.9535 us. Best GFLOPs: 92.1529
2026-04-10 15:16:58 [INFO] [task_scheduler.cc:137] [Task #0: main] Trial #77: GFLOPs: 53.8984. Time: 33617.6555 us. Best GFLOPs: 92.1529
2026-04-14 01:09:57 [INFO] [task_scheduler.cc:166] Initializing Task #0: "main"
2026-04-14 01:09:57 [INFO] [task_scheduler.cc:41] 
# from tvm.script import ir as I
# from tvm.script import tir as T

@I.ir_module
class Module:
    @T.prim_func
    def main(A: T.Buffer((384, 768), "float32"), B: T.Buffer((768, 3072), "float32"), C: T.Buffer((384, 3072), "float32")):
        T.func_attr({"tir.noalias": True})
        # with T.block("root"):
        for i, j, k in T.grid(384, 3072, 768):
            with T.block("C"):
                vi, vj, vk = T.axis.remap("SSR", [i, j, k])
                T.reads(A[vi, vk], B[vk, vj])
                T.writes(C[vi, vj])
                with T.init():
                    C[vi, vj] = T.float32(0.0)
                C[vi, vj] = C[vi, vj] + A[vi, vk] * B[vk, vj]
2026-04-14 01:09:57 [INFO] [task_scheduler.cc:170] Total 3 design space(s) generated
2026-04-14 01:09:57 [INFO] [task_scheduler.cc:176] Design space #0:
# from tvm.script import ir as I
# from tvm.script import tir as T

@I.ir_module
class Module:
    @T.prim_func
    def main(A: T.Buffer((384, 768), "float32"), B: T.Buffer((768, 3072), "float32"), C: T.Buffer((384, 3072), "float32")):
        T.func_attr({"tir.noalias": True})
        with T.block("root"):
            T.reads()
            T.writes()
            T.block_attr({"meta_schedule.parallel": 128, "meta_schedule.unroll_explicit": 16, "meta_schedule.vectorize": 64})
            C_global = T.alloc_buffer((384, 3072))
            for i_0, j_0, i_1, j_1 in T.grid(2, 4, 192, 8):
                for k_0, i_2, j_2, k_1, i_3, j_3 in T.grid(12, 1, 48, 64, 1, 2):
                    with T.block("C"):
                        vi = T.axis.spatial(384, i_0 * 192 + i_1 + i_2 + i_3)
                        vj = T.axis.spatial(3072, j_0 * 768 + j_1 * 96 + j_2 * 2 + j_3)
                        vk = T.axis.reduce(768, k_0 * 64 + k_1)
                        T.reads(A[vi, vk], B[vk, vj])
                        T.writes(C_global[vi, vj])
                        T.block_attr({"meta_schedule.tiling_structure": "SSRSRS"})
                        with T.init():
                            C_global[vi, vj] = T.float32(0.0)
                        C_global[vi, vj] = C_global[vi, vj] + A[vi, vk] * B[vk, vj]
                for ax0, ax1 in T.grid(1, 96):
                    with T.block("C_global"):
                        v0 = T.axis.spatial(384, i_0 * 192 + i_1 + ax0)
                        v1 = T.axis.spatial(3072, j_0 * 768 + j_1 * 96 + ax1)
                        T.reads(C_global[v0, v1])
                        T.writes(C[v0, v1])
                        C[v0, v1] = C_global[v0, v1]
b0 = sch.get_block(name="C", func_name="main")
b1 = sch.get_block(name="root", func_name="main")
sch.annotate(block_or_loop=b0, ann_key="meta_schedule.tiling_structure", ann_val="SSRSRS")
l2, l3, l4 = sch.get_loops(block=b0)
v5, v6, v7, v8 = sch.sample_perfect_tile(loop=l2, n=4, max_innermost_factor=64, decision=[2, 192, 1, 1])
l9, l10, l11, l12 = sch.split(loop=l2, factors=[v5, v6, v7, v8], preserve_unit_iters=True, disable_predication=False)
v13, v14, v15, v16 = sch.sample_perfect_tile(loop=l3, n=4, max_innermost_factor=64, decision=[4, 8, 48, 2])
l17, l18, l19, l20 = sch.split(loop=l3, factors=[v13, v14, v15, v16], preserve_unit_iters=True, disable_predication=False)
v21, v22 = sch.sample_perfect_tile(loop=l4, n=2, max_innermost_factor=64, decision=[12, 64])
l23, l24 = sch.split(loop=l4, factors=[v21, v22], preserve_unit_iters=True, disable_predication=False)
sch.reorder(l9, l17, l10, l18, l23, l11, l19, l24, l12, l20)
b25 = sch.cache_write(block=b0, write_buffer_index=0, storage_scope="global")
sch.reverse_compute_at(block=b25, loop=l18, preserve_unit_loops=True, index=-1)
sch.annotate(block_or_loop=b1, ann_key="meta_schedule.parallel", ann_val=128)
sch.annotate(block_or_loop=b1, ann_key="meta_schedule.vectorize", ann_val=64)
v26 = sch.sample_categorical(candidates=[0, 16, 64, 512], probs=[0.25, 0.25, 0.25, 0.25], decision=1)
sch.annotate(block_or_loop=b1, ann_key="meta_schedule.unroll_explicit", ann_val=v26)
2026-04-14 01:09:57 [INFO] [task_scheduler.cc:176] Design space #1:
# from tvm.script import ir as I
# from tvm.script import tir as T

@I.ir_module
class Module:
    @T.prim_func
    def main(A: T.Buffer((384, 768), "float32"), B: T.Buffer((768, 3072), "float32"), C: T.Buffer((384, 3072), "float32")):
        T.func_attr({"tir.noalias": True})
        with T.block("root"):
            T.reads()
            T.writes()
            T.block_attr({"meta_schedule.parallel": 128, "meta_schedule.unroll_explicit": 64, "meta_schedule.vectorize": 64})
            C_global = T.alloc_buffer((384, 3072))
            for i_0, j_0 in T.grid(2, 4):
                for i_1, j_1, k_0, i_2, j_2, k_1, i_3, j_3 in T.grid(192, 8, 12, 1, 48, 64, 1, 2):
                    with T.block("C"):
                        vi = T.axis.spatial(384, i_0 * 192 + i_1 + i_2 + i_3)
                        vj = T.axis.spatial(3072, j_0 * 768 + j_1 * 96 + j_2 * 2 + j_3)
                        vk = T.axis.reduce(768, k_0 * 64 + k_1)
                        T.reads(A[vi, vk], B[vk, vj])
                        T.writes(C_global[vi, vj])
                        T.block_attr({"meta_schedule.tiling_structure": "SSRSRS"})
                        with T.init():
                            C_global[vi, vj] = T.float32(0.0)
                        C_global[vi, vj] = C_global[vi, vj] + A[vi, vk] * B[vk, vj]
                for ax0, ax1 in T.grid(192, 768):
                    with T.block("C_global"):
                        v0 = T.axis.spatial(384, i_0 * 192 + ax0)
                        v1 = T.axis.spatial(3072, j_0 * 768 + ax1)
                        T.reads(C_global[v0, v1])
                        T.writes(C[v0, v1])
                        C[v0, v1] = C_global[v0, v1]
b0 = sch.get_block(name="C", func_name="main")
b1 = sch.get_block(name="root", func_name="main")
sch.annotate(block_or_loop=b0, ann_key="meta_schedule.tiling_structure", ann_val="SSRSRS")
l2, l3, l4 = sch.get_loops(block=b0)
v5, v6, v7, v8 = sch.sample_perfect_tile(loop=l2, n=4, max_innermost_factor=64, decision=[2, 192, 1, 1])
l9, l10, l11, l12 = sch.split(loop=l2, factors=[v5, v6, v7, v8], preserve_unit_iters=True, disable_predication=False)
v13, v14, v15, v16 = sch.sample_perfect_tile(loop=l3, n=4, max_innermost_factor=64, decision=[4, 8, 48, 2])
l17, l18, l19, l20 = sch.split(loop=l3, factors=[v13, v14, v15, v16], preserve_unit_iters=True, disable_predication=False)
v21, v22 = sch.sample_perfect_tile(loop=l4, n=2, max_innermost_factor=64, decision=[12, 64])
l23, l24 = sch.split(loop=l4, factors=[v21, v22], preserve_unit_iters=True, disable_predication=False)
sch.reorder(l9, l17, l10, l18, l23, l11, l19, l24, l12, l20)
b25 = sch.cache_write(block=b0, write_buffer_index=0, storage_scope="global")
sch.reverse_compute_at(block=b25, loop=l17, preserve_unit_loops=True, index=-1)
sch.annotate(block_or_loop=b1, ann_key="meta_schedule.parallel", ann_val=128)
sch.annotate(block_or_loop=b1, ann_key="meta_schedule.vectorize", ann_val=64)
v26 = sch.sample_categorical(candidates=[0, 16, 64, 512], probs=[0.25, 0.25, 0.25, 0.25], decision=2)
sch.annotate(block_or_loop=b1, ann_key="meta_schedule.unroll_explicit", ann_val=v26)
2026-04-14 01:09:57 [INFO] [task_scheduler.cc:176] Design space #2:
# from tvm.script import ir as I
# from tvm.script import tir as T

@I.ir_module
class Module:
    @T.prim_func
    def main(A: T.Buffer((384, 768), "float32"), B: T.Buffer((768, 3072), "float32"), C: T.Buffer((384, 3072), "float32")):
        T.func_attr({"tir.noalias": True})
        with T.block("root"):
            T.reads()
            T.writes()
            T.block_attr({"meta_schedule.parallel": 128, "meta_schedule.unroll_explicit": 16, "meta_schedule.vectorize": 64})
            for i_0, j_0, i_1, j_1, k_0, i_2, j_2, k_1, i_3, j_3 in T.grid(2, 4, 192, 8, 12, 1, 48, 64, 1, 2):
                with T.block("C"):
                    vi = T.axis.spatial(384, i_0 * 192 + i_1 + i_2 + i_3)
                    vj = T.axis.spatial(3072, j_0 * 768 + j_1 * 96 + j_2 * 2 + j_3)
                    vk = T.axis.reduce(768, k_0 * 64 + k_1)
                    T.reads(A[vi, vk], B[vk, vj])
                    T.writes(C[vi, vj])
                    T.block_attr({"meta_schedule.tiling_structure": "SSRSRS"})
                    with T.init():
                        C[vi, vj] = T.float32(0.0)
                    C[vi, vj] = C[vi, vj] + A[vi, vk] * B[vk, vj]
b0 = sch.get_block(name="C", func_name="main")
b1 = sch.get_block(name="root", func_name="main")
sch.annotate(block_or_loop=b0, ann_key="meta_schedule.tiling_structure", ann_val="SSRSRS")
l2, l3, l4 = sch.get_loops(block=b0)
v5, v6, v7, v8 = sch.sample_perfect_tile(loop=l2, n=4, max_innermost_factor=64, decision=[2, 192, 1, 1])
l9, l10, l11, l12 = sch.split(loop=l2, factors=[v5, v6, v7, v8], preserve_unit_iters=True, disable_predication=False)
v13, v14, v15, v16 = sch.sample_perfect_tile(loop=l3, n=4, max_innermost_factor=64, decision=[4, 8, 48, 2])
l17, l18, l19, l20 = sch.split(loop=l3, factors=[v13, v14, v15, v16], preserve_unit_iters=True, disable_predication=False)
v21, v22 = sch.sample_perfect_tile(loop=l4, n=2, max_innermost_factor=64, decision=[12, 64])
l23, l24 = sch.split(loop=l4, factors=[v21, v22], preserve_unit_iters=True, disable_predication=False)
sch.reorder(l9, l17, l10, l18, l23, l11, l19, l24, l12, l20)
sch.annotate(block_or_loop=b1, ann_key="meta_schedule.parallel", ann_val=128)
sch.annotate(block_or_loop=b1, ann_key="meta_schedule.vectorize", ann_val=64)
v25 = sch.sample_categorical(candidates=[0, 16, 64, 512], probs=[0.25, 0.25, 0.25, 0.25], decision=1)
sch.annotate(block_or_loop=b1, ann_key="meta_schedule.unroll_explicit", ann_val=v25)
2026-04-14 01:09:57 [INFO] [evolutionary_search.cc:711] Generating candidates......
2026-04-14 01:09:57 [INFO] [evolutionary_search.cc:713] Picked top 92 candidate(s) from database
2026-04-14 01:09:57 [INFO] [evolutionary_search.cc:530] Sample-Init-Population summary:
Postproc #0 [meta_schedule.DisallowDynamicLoop(0x5c763e42b018)]: 0 failure(s)
Postproc #1 [meta_schedule.RewriteParallelVectorizeUnroll(0x5c763e0f23a8)]: 0 failure(s)
Postproc #2 [meta_schedule.RewriteReductionBlock(0x5c763e4341b8)]: 0 failure(s)
Postproc #3 [meta_schedule.RewriteLayout(0x5c763df58f58)]: 0 failure(s)
2026-04-14 01:09:57 [INFO] [evolutionary_search.cc:721] Sampled 368 candidate(s)
2026-04-14 01:09:58 [INFO] [evolutionary_search.cc:619] Evolve iter #0 done. Summary:
Postproc #0 [meta_schedule.DisallowDynamicLoop(0x5c763e42b018)]: 0 failure(s)
Postproc #1 [meta_schedule.RewriteParallelVectorizeUnroll(0x5c763e0f23a8)]: 0 failure(s)
Postproc #2 [meta_schedule.RewriteReductionBlock(0x5c763e4341b8)]: 0 failure(s)
Postproc #3 [meta_schedule.RewriteLayout(0x5c763df58f58)]: 0 failure(s)
2026-04-14 01:09:58 [INFO] [evolutionary_search.cc:619] Evolve iter #1 done. Summary:
Postproc #0 [meta_schedule.DisallowDynamicLoop(0x5c763e42b018)]: 0 failure(s)
Postproc #1 [meta_schedule.RewriteParallelVectorizeUnroll(0x5c763e0f23a8)]: 0 failure(s)
Postproc #2 [meta_schedule.RewriteReductionBlock(0x5c763e4341b8)]: 0 failure(s)
Postproc #3 [meta_schedule.RewriteLayout(0x5c763df58f58)]: 0 failure(s)
2026-04-14 01:09:58 [INFO] [evolutionary_search.cc:619] Evolve iter #2 done. Summary:
Postproc #0 [meta_schedule.DisallowDynamicLoop(0x5c763e42b018)]: 0 failure(s)
Postproc #1 [meta_schedule.RewriteParallelVectorizeUnroll(0x5c763e0f23a8)]: 0 failure(s)
Postproc #2 [meta_schedule.RewriteReductionBlock(0x5c763e4341b8)]: 0 failure(s)
Postproc #3 [meta_schedule.RewriteLayout(0x5c763df58f58)]: 0 failure(s)
2026-04-14 01:09:59 [INFO] [evolutionary_search.cc:647] Scores of the best 64 candidates:
[1 : 16]:	0.9998  0.9992  0.9986  0.9986  0.9979  0.9970  0.9956  0.9942  0.9938  0.9932  0.9928  0.9918  0.9913  0.9912  0.9905  0.9898
[17 : 32]:	0.9896  0.9889  0.9886  0.9880  0.9880  0.9874  0.9866  0.9866  0.9843  0.9831  0.9826  0.9822  0.9820  0.9820  0.9817  0.9812
[33 : 48]:	0.9790  0.9788  0.9786  0.9785  0.9785  0.9778  0.9777  0.9775  0.9775  0.9771  0.9768  0.9758  0.9758  0.9756  0.9746  0.9744
[49 : 64]:	0.9739  0.9738  0.9734  0.9719  0.9707  0.9707  0.9702  0.9700  0.9694  0.9676  0.9663  0.9657  0.9650  0.9639  0.9637  0.9635
2026-04-14 01:09:59 [INFO] [evolutionary_search.cc:725] Got 64 candidate(s) with evolutionary search
2026-04-14 01:09:59 [INFO] [evolutionary_search.cc:728] Sending 64 candidates(s) for measurement
2026-04-14 01:10:52 [INFO] [task_scheduler.cc:137] [Task #0: main] Trial #1: GFLOPs: 28.8502. Time: 62805.1955 us. Best GFLOPs: 28.8502
2026-04-14 01:10:52 [INFO] [task_scheduler.cc:137] [Task #0: main] Trial #2: GFLOPs: 26.5515. Time: 68242.3830 us. Best GFLOPs: 28.8502
2026-04-14 01:10:52 [INFO] [task_scheduler.cc:137] [Task #0: main] Trial #3: GFLOPs: 20.8466. Time: 86917.8955 us. Best GFLOPs: 28.8502
2026-04-14 01:10:52 [INFO] [task_scheduler.cc:137] [Task #0: main] Trial #4: GFLOPs: 11.7800. Time: 153814.3730 us. Best GFLOPs: 28.8502
2026-04-14 01:10:52 [INFO] [task_scheduler.cc:137] [Task #0: main] Trial #5: GFLOPs: 26.3578. Time: 68743.9350 us. Best GFLOPs: 28.8502
2026-04-14 01:10:52 [INFO] [task_scheduler.cc:137] [Task #0: main] Trial #6: GFLOPs: 45.6653. Time: 39678.6935 us. Best GFLOPs: 45.6653
2026-04-14 01:10:52 [INFO] [task_scheduler.cc:137] [Task #0: main] Trial #7: GFLOPs: 15.2864. Time: 118532.6710 us. Best GFLOPs: 45.6653
2026-04-14 01:10:52 [INFO] [task_scheduler.cc:137] [Task #0: main] Trial #8: GFLOPs: 34.5401. Time: 52459.0280 us. Best GFLOPs: 45.6653
2026-04-14 01:10:52 [INFO] [task_scheduler.cc:137] [Task #0: main] Trial #9: GFLOPs: 13.2732. Time: 136511.0170 us. Best GFLOPs: 45.6653
2026-04-14 01:10:52 [INFO] [task_scheduler.cc:137] [Task #0: main] Trial #10: GFLOPs: 23.4240. Time: 77354.0100 us. Best GFLOPs: 45.6653
2026-04-14 01:10:52 [INFO] [task_scheduler.cc:137] [Task #0: main] Trial #11: GFLOPs: 6.5259. Time: 277654.2400 us. Best GFLOPs: 45.6653
2026-04-14 01:10:52 [INFO] [task_scheduler.cc:137] [Task #0: main] Trial #12: GFLOPs: 19.1545. Time: 94596.2105 us. Best GFLOPs: 45.6653
2026-04-14 01:10:52 [INFO] [task_scheduler.cc:137] [Task #0: main] Trial #13: GFLOPs: 20.0035. Time: 90580.9330 us. Best GFLOPs: 45.6653
2026-04-14 01:10:52 [INFO] [task_scheduler.cc:137] [Task #0: main] Trial #14: GFLOPs: 48.4121. Time: 37427.4265 us. Best GFLOPs: 48.4121
2026-04-14 01:10:52 [INFO] [task_scheduler.cc:137] [Task #0: main] Trial #15: GFLOPs: 24.2428. Time: 74741.3660 us. Best GFLOPs: 48.4121
2026-04-14 01:10:52 [INFO] [task_scheduler.cc:137] [Task #0: main] Trial #16: GFLOPs: 18.3121. Time: 98947.8115 us. Best GFLOPs: 48.4121
2026-04-14 01:10:52 [INFO] [task_scheduler.cc:137] [Task #0: main] Trial #17: GFLOPs: 25.4364. Time: 71234.0555 us. Best GFLOPs: 48.4121
2026-04-14 01:10:52 [INFO] [task_scheduler.cc:137] [Task #0: main] Trial #18: GFLOPs: 42.4913. Time: 42642.5595 us. Best GFLOPs: 48.4121
2026-04-14 01:10:52 [INFO] [task_scheduler.cc:137] [Task #0: main] Trial #19: GFLOPs: 79.0336. Time: 22926.2035 us. Best GFLOPs: 79.0336
2026-04-14 01:10:52 [INFO] [task_scheduler.cc:137] [Task #0: main] Trial #20: GFLOPs: 22.9615. Time: 78911.9300 us. Best GFLOPs: 79.0336
2026-04-14 01:10:52 [INFO] [task_scheduler.cc:137] [Task #0: main] Trial #21: GFLOPs: 26.9853. Time: 67145.4000 us. Best GFLOPs: 79.0336
2026-04-14 01:10:52 [INFO] [task_scheduler.cc:137] [Task #0: main] Trial #22: GFLOPs: 38.6414. Time: 46891.1190 us. Best GFLOPs: 79.0336
2026-04-14 01:10:52 [INFO] [task_scheduler.cc:137] [Task #0: main] Trial #23: GFLOPs: 22.5699. Time: 80281.1180 us. Best GFLOPs: 79.0336
2026-04-14 01:10:52 [INFO] [task_scheduler.cc:137] [Task #0: main] Trial #24: GFLOPs: 51.3544. Time: 35283.0590 us. Best GFLOPs: 79.0336
2026-04-14 01:10:52 [INFO] [task_scheduler.cc:137] [Task #0: main] Trial #25: GFLOPs: 37.0079. Time: 48960.8500 us. Best GFLOPs: 79.0336
2026-04-14 01:10:52 [INFO] [task_scheduler.cc:137] [Task #0: main] Trial #26: GFLOPs: 21.6926. Time: 83527.9695 us. Best GFLOPs: 79.0336
2026-04-14 01:10:52 [INFO] [task_scheduler.cc:137] [Task #0: main] Trial #27: GFLOPs: 22.9196. Time: 79056.1640 us. Best GFLOPs: 79.0336
2026-04-14 01:10:52 [INFO] [task_scheduler.cc:137] [Task #0: main] Trial #28: GFLOPs: 64.4039. Time: 28134.0025 us. Best GFLOPs: 79.0336
2026-04-14 01:10:52 [INFO] [task_scheduler.cc:137] [Task #0: main] Trial #29: GFLOPs: 46.3272. Time: 39111.7565 us. Best GFLOPs: 79.0336
2026-04-14 01:10:52 [INFO] [task_scheduler.cc:137] [Task #0: main] Trial #30: GFLOPs: 29.2114. Time: 62028.4380 us. Best GFLOPs: 79.0336
2026-04-14 01:10:52 [INFO] [task_scheduler.cc:137] [Task #0: main] Trial #31: GFLOPs: 7.7656. Time: 233328.4145 us. Best GFLOPs: 79.0336
2026-04-14 01:10:52 [INFO] [task_scheduler.cc:137] [Task #0: main] Trial #32: GFLOPs: 35.5396. Time: 50983.7325 us. Best GFLOPs: 79.0336
2026-04-14 01:10:52 [INFO] [task_scheduler.cc:137] [Task #0: main] Trial #33: GFLOPs: 26.2458. Time: 69037.2075 us. Best GFLOPs: 79.0336
2026-04-14 01:10:52 [INFO] [task_scheduler.cc:137] [Task #0: main] Trial #34: GFLOPs: 12.6388. Time: 143362.7600 us. Best GFLOPs: 79.0336
2026-04-14 01:10:52 [INFO] [task_scheduler.cc:137] [Task #0: main] Trial #35: GFLOPs: 66.2536. Time: 27348.5570 us. Best GFLOPs: 79.0336
2026-04-14 01:10:52 [INFO] [task_scheduler.cc:137] [Task #0: main] Trial #36: GFLOPs: 40.6751. Time: 44546.6345 us. Best GFLOPs: 79.0336
2026-04-14 01:10:52 [INFO] [task_scheduler.cc:137] [Task #0: main] Trial #37: GFLOPs: 51.0247. Time: 35510.9915 us. Best GFLOPs: 79.0336
2026-04-14 01:10:52 [INFO] [task_scheduler.cc:137] [Task #0: main] Trial #38: GFLOPs: 37.9675. Time: 47723.3935 us. Best GFLOPs: 79.0336
2026-04-14 01:10:52 [INFO] [task_scheduler.cc:137] [Task #0: main] Trial #39: GFLOPs: 25.0620. Time: 72298.3645 us. Best GFLOPs: 79.0336
2026-04-14 01:10:52 [INFO] [task_scheduler.cc:137] [Task #0: main] Trial #40: GFLOPs: 40.5759. Time: 44655.5610 us. Best GFLOPs: 79.0336
2026-04-14 01:10:52 [INFO] [task_scheduler.cc:137] [Task #0: main] Trial #41: GFLOPs: 3.5303. Time: 513256.3445 us. Best GFLOPs: 79.0336
2026-04-14 01:10:52 [INFO] [task_scheduler.cc:137] [Task #0: main] Trial #42: GFLOPs: 46.4224. Time: 39031.5525 us. Best GFLOPs: 79.0336
2026-04-14 01:10:52 [INFO] [task_scheduler.cc:137] [Task #0: main] Trial #43: GFLOPs: 6.3854. Time: 283762.3655 us. Best GFLOPs: 79.0336
2026-04-14 01:10:52 [INFO] [task_scheduler.cc:137] [Task #0: main] Trial #44: GFLOPs: 23.7633. Time: 76249.3890 us. Best GFLOPs: 79.0336
2026-04-14 01:10:52 [INFO] [task_scheduler.cc:137] [Task #0: main] Trial #45: GFLOPs: 64.5390. Time: 28075.0965 us. Best GFLOPs: 79.0336
2026-04-14 01:10:52 [INFO] [task_scheduler.cc:137] [Task #0: main] Trial #46: GFLOPs: 21.1774. Time: 85559.8705 us. Best GFLOPs: 79.0336
2026-04-14 01:10:52 [INFO] [task_scheduler.cc:137] [Task #0: main] Trial #47: GFLOPs: 5.4344. Time: 333419.7745 us. Best GFLOPs: 79.0336
2026-04-14 01:10:52 [INFO] [task_scheduler.cc:137] [Task #0: main] Trial #48: GFLOPs: 53.5038. Time: 33865.5945 us. Best GFLOPs: 79.0336
2026-04-14 01:10:52 [INFO] [task_scheduler.cc:137] [Task #0: main] Trial #49: GFLOPs: 29.8530. Time: 60695.3805 us. Best GFLOPs: 79.0336
2026-04-14 01:10:52 [INFO] [task_scheduler.cc:137] [Task #0: main] Trial #50: GFLOPs: 32.7221. Time: 55373.5345 us. Best GFLOPs: 79.0336
2026-04-14 01:10:52 [INFO] [task_scheduler.cc:137] [Task #0: main] Trial #51: GFLOPs: 37.9752. Time: 47713.7945 us. Best GFLOPs: 79.0336
2026-04-14 01:10:52 [INFO] [task_scheduler.cc:137] [Task #0: main] Trial #52: GFLOPs: 45.7091. Time: 39640.6455 us. Best GFLOPs: 79.0336
2026-04-14 01:10:52 [INFO] [task_scheduler.cc:137] [Task #0: main] Trial #53: GFLOPs: 14.6021. Time: 124087.7445 us. Best GFLOPs: 79.0336
2026-04-14 01:10:52 [INFO] [task_scheduler.cc:137] [Task #0: main] Trial #54: GFLOPs: 20.6737. Time: 87644.6955 us. Best GFLOPs: 79.0336
2026-04-14 01:10:52 [INFO] [task_scheduler.cc:137] [Task #0: main] Trial #55: GFLOPs: 58.8662. Time: 30780.6240 us. Best GFLOPs: 79.0336
2026-04-14 01:10:52 [INFO] [task_scheduler.cc:137] [Task #0: main] Trial #56: GFLOPs: 22.5063. Time: 80508.2390 us. Best GFLOPs: 79.0336
2026-04-14 01:10:52 [INFO] [task_scheduler.cc:137] [Task #0: main] Trial #57: GFLOPs: 48.0444. Time: 37713.8285 us. Best GFLOPs: 79.0336
2026-04-14 01:10:52 [INFO] [task_scheduler.cc:137] [Task #0: main] Trial #58: GFLOPs: 42.5385. Time: 42595.3245 us. Best GFLOPs: 79.0336
2026-04-14 01:10:52 [INFO] [task_scheduler.cc:137] [Task #0: main] Trial #59: GFLOPs: 23.6450. Time: 76630.8375 us. Best GFLOPs: 79.0336
2026-04-14 01:10:52 [INFO] [task_scheduler.cc:137] [Task #0: main] Trial #60: GFLOPs: 6.8041. Time: 266300.7030 us. Best GFLOPs: 79.0336
2026-04-14 01:10:52 [INFO] [task_scheduler.cc:137] [Task #0: main] Trial #61: GFLOPs: 29.6840. Time: 61041.0020 us. Best GFLOPs: 79.0336
2026-04-14 01:10:52 [INFO] [task_scheduler.cc:137] [Task #0: main] Trial #62: GFLOPs: 8.0351. Time: 225503.6165 us. Best GFLOPs: 79.0336
2026-04-14 01:10:52 [INFO] [task_scheduler.cc:137] [Task #0: main] Trial #63: GFLOPs: 8.6592. Time: 209250.2790 us. Best GFLOPs: 79.0336
2026-04-14 01:10:52 [INFO] [task_scheduler.cc:137] [Task #0: main] Trial #64: GFLOPs: 15.0729. Time: 120211.5060 us. Best GFLOPs: 79.0336
2026-04-14 01:10:52 [INFO] [evolutionary_search.cc:711] Generating candidates......
2026-04-14 01:10:52 [INFO] [evolutionary_search.cc:713] Picked top 92 candidate(s) from database
2026-04-14 01:10:53 [INFO] [evolutionary_search.cc:530] Sample-Init-Population summary:
Postproc #0 [meta_schedule.DisallowDynamicLoop(0x5c763e42b018)]: 0 failure(s)
Postproc #1 [meta_schedule.RewriteParallelVectorizeUnroll(0x5c763e0f23a8)]: 0 failure(s)
Postproc #2 [meta_schedule.RewriteReductionBlock(0x5c763e4341b8)]: 0 failure(s)
Postproc #3 [meta_schedule.RewriteLayout(0x5c763df58f58)]: 0 failure(s)
2026-04-14 01:10:53 [INFO] [evolutionary_search.cc:721] Sampled 368 candidate(s)
2026-04-14 01:10:53 [INFO] [evolutionary_search.cc:619] Evolve iter #0 done. Summary:
Postproc #0 [meta_schedule.DisallowDynamicLoop(0x5c763e42b018)]: 0 failure(s)
Postproc #1 [meta_schedule.RewriteParallelVectorizeUnroll(0x5c763e0f23a8)]: 0 failure(s)
Postproc #2 [meta_schedule.RewriteReductionBlock(0x5c763e4341b8)]: 0 failure(s)
Postproc #3 [meta_schedule.RewriteLayout(0x5c763df58f58)]: 0 failure(s)
2026-04-14 01:10:54 [INFO] [evolutionary_search.cc:619] Evolve iter #1 done. Summary:
Postproc #0 [meta_schedule.DisallowDynamicLoop(0x5c763e42b018)]: 0 failure(s)
Postproc #1 [meta_schedule.RewriteParallelVectorizeUnroll(0x5c763e0f23a8)]: 0 failure(s)
Postproc #2 [meta_schedule.RewriteReductionBlock(0x5c763e4341b8)]: 0 failure(s)
Postproc #3 [meta_schedule.RewriteLayout(0x5c763df58f58)]: 0 failure(s)
2026-04-14 01:10:54 [INFO] [evolutionary_search.cc:619] Evolve iter #2 done. Summary:
Postproc #0 [meta_schedule.DisallowDynamicLoop(0x5c763e42b018)]: 0 failure(s)
Postproc #1 [meta_schedule.RewriteParallelVectorizeUnroll(0x5c763e0f23a8)]: 0 failure(s)
Postproc #2 [meta_schedule.RewriteReductionBlock(0x5c763e4341b8)]: 0 failure(s)
Postproc #3 [meta_schedule.RewriteLayout(0x5c763df58f58)]: 0 failure(s)
2026-04-14 01:10:54 [INFO] [evolutionary_search.cc:647] Scores of the best 13 candidates:
[1 : 13]:	0.9997  0.9992  0.9990  0.9986  0.9985  0.9979  0.9978  0.9978  0.9967  0.9966  0.9960  0.9958  0.9956
2026-04-14 01:10:54 [INFO] [evolutionary_search.cc:725] Got 13 candidate(s) with evolutionary search
2026-04-14 01:10:54 [INFO] [evolutionary_search.cc:728] Sending 13 candidates(s) for measurement
2026-04-14 01:11:17 [INFO] [task_scheduler.cc:137] [Task #0: main] Trial #65: GFLOPs: 4.7997. Time: 377513.9635 us. Best GFLOPs: 79.0336
2026-04-14 01:11:17 [INFO] [task_scheduler.cc:137] [Task #0: main] Trial #66: GFLOPs: 29.2129. Time: 62025.2525 us. Best GFLOPs: 79.0336
2026-04-14 01:11:17 [INFO] [task_scheduler.cc:137] [Task #0: main] Trial #67: GFLOPs: 20.4662. Time: 88533.1880 us. Best GFLOPs: 79.0336
2026-04-14 01:11:17 [INFO] [task_scheduler.cc:137] [Task #0: main] Trial #68: GFLOPs: 72.1996. Time: 25096.2500 us. Best GFLOPs: 79.0336
2026-04-14 01:11:17 [INFO] [task_scheduler.cc:137] [Task #0: main] Trial #69: GFLOPs: 3.9776. Time: 455530.3995 us. Best GFLOPs: 79.0336
2026-04-14 01:11:17 [INFO] [task_scheduler.cc:137] [Task #0: main] Trial #70: GFLOPs: 7.3906. Time: 245167.3455 us. Best GFLOPs: 79.0336
2026-04-14 01:11:17 [INFO] [task_scheduler.cc:137] [Task #0: main] Trial #71: GFLOPs: 14.7640. Time: 122726.6950 us. Best GFLOPs: 79.0336
2026-04-14 01:11:17 [INFO] [task_scheduler.cc:137] [Task #0: main] Trial #72: GFLOPs: 1.6410. Time: 1104186.1860 us. Best GFLOPs: 79.0336
2026-04-14 01:11:17 [INFO] [task_scheduler.cc:137] [Task #0: main] Trial #73: GFLOPs: 30.4263. Time: 59551.7630 us. Best GFLOPs: 79.0336
2026-04-14 01:11:17 [INFO] [task_scheduler.cc:137] [Task #0: main] Trial #74: GFLOPs: 56.4596. Time: 32092.6440 us. Best GFLOPs: 79.0336
2026-04-14 01:11:17 [INFO] [task_scheduler.cc:137] [Task #0: main] Trial #75: GFLOPs: 12.3798. Time: 146362.2770 us. Best GFLOPs: 79.0336
2026-04-14 01:11:17 [INFO] [task_scheduler.cc:137] [Task #0: main] Trial #76: GFLOPs: 1.5854. Time: 1142899.7325 us. Best GFLOPs: 79.0336
2026-04-14 01:11:17 [INFO] [task_scheduler.cc:137] [Task #0: main] Trial #77: GFLOPs: 43.3737. Time: 41775.0955 us. Best GFLOPs: 79.0336
2026-04-14 01:48:37 [INFO] [task_scheduler.cc:166] Initializing Task #0: "main"
2026-04-14 01:48:37 [INFO] [task_scheduler.cc:41] 
# from tvm.script import ir as I
# from tvm.script import tir as T

@I.ir_module
class Module:
    @T.prim_func
    def main(A: T.Buffer((384, 768), "float32"), B: T.Buffer((768, 3072), "float32"), C: T.Buffer((384, 3072), "float32")):
        T.func_attr({"tir.noalias": True})
        # with T.block("root"):
        for i, j, k in T.grid(384, 3072, 768):
            with T.block("C"):
                vi, vj, vk = T.axis.remap("SSR", [i, j, k])
                T.reads(A[vi, vk], B[vk, vj])
                T.writes(C[vi, vj])
                with T.init():
                    C[vi, vj] = T.float32(0.0)
                C[vi, vj] = C[vi, vj] + A[vi, vk] * B[vk, vj]
2026-04-14 01:48:37 [INFO] [task_scheduler.cc:170] Total 3 design space(s) generated
2026-04-14 01:48:37 [INFO] [task_scheduler.cc:176] Design space #0:
# from tvm.script import ir as I
# from tvm.script import tir as T

@I.ir_module
class Module:
    @T.prim_func
    def main(A: T.Buffer((384, 768), "float32"), B: T.Buffer((768, 3072), "float32"), C: T.Buffer((384, 3072), "float32")):
        T.func_attr({"tir.noalias": True})
        with T.block("root"):
            T.reads()
            T.writes()
            T.block_attr({"meta_schedule.parallel": 128, "meta_schedule.unroll_explicit": 16, "meta_schedule.vectorize": 64})
            C_global = T.alloc_buffer((384, 3072))
            for i_0, j_0, i_1, j_1 in T.grid(8, 12, 1, 4):
                for k_0, i_2, j_2, k_1, i_3, j_3 in T.grid(192, 6, 2, 4, 8, 32):
                    with T.block("C"):
                        vi = T.axis.spatial(384, i_0 * 48 + i_1 * 48 + i_2 * 8 + i_3)
                        vj = T.axis.spatial(3072, j_0 * 256 + j_1 * 64 + j_2 * 32 + j_3)
                        vk = T.axis.reduce(768, k_0 * 4 + k_1)
                        T.reads(A[vi, vk], B[vk, vj])
                        T.writes(C_global[vi, vj])
                        T.block_attr({"meta_schedule.tiling_structure": "SSRSRS"})
                        with T.init():
                            C_global[vi, vj] = T.float32(0.0)
                        C_global[vi, vj] = C_global[vi, vj] + A[vi, vk] * B[vk, vj]
                for ax0, ax1 in T.grid(48, 64):
                    with T.block("C_global"):
                        v0 = T.axis.spatial(384, i_0 * 48 + ax0)
                        v1 = T.axis.spatial(3072, j_0 * 256 + j_1 * 64 + ax1)
                        T.reads(C_global[v0, v1])
                        T.writes(C[v0, v1])
                        C[v0, v1] = C_global[v0, v1]
b0 = sch.get_block(name="C", func_name="main")
b1 = sch.get_block(name="root", func_name="main")
sch.annotate(block_or_loop=b0, ann_key="meta_schedule.tiling_structure", ann_val="SSRSRS")
l2, l3, l4 = sch.get_loops(block=b0)
v5, v6, v7, v8 = sch.sample_perfect_tile(loop=l2, n=4, max_innermost_factor=64, decision=[8, 1, 6, 8])
l9, l10, l11, l12 = sch.split(loop=l2, factors=[v5, v6, v7, v8], preserve_unit_iters=True, disable_predication=False)
v13, v14, v15, v16 = sch.sample_perfect_tile(loop=l3, n=4, max_innermost_factor=64, decision=[12, 4, 2, 32])
l17, l18, l19, l20 = sch.split(loop=l3, factors=[v13, v14, v15, v16], preserve_unit_iters=True, disable_predication=False)
v21, v22 = sch.sample_perfect_tile(loop=l4, n=2, max_innermost_factor=64, decision=[192, 4])
l23, l24 = sch.split(loop=l4, factors=[v21, v22], preserve_unit_iters=True, disable_predication=False)
sch.reorder(l9, l17, l10, l18, l23, l11, l19, l24, l12, l20)
b25 = sch.cache_write(block=b0, write_buffer_index=0, storage_scope="global")
sch.reverse_compute_at(block=b25, loop=l18, preserve_unit_loops=True, index=-1)
sch.annotate(block_or_loop=b1, ann_key="meta_schedule.parallel", ann_val=128)
sch.annotate(block_or_loop=b1, ann_key="meta_schedule.vectorize", ann_val=64)
v26 = sch.sample_categorical(candidates=[0, 16, 64, 512], probs=[0.25, 0.25, 0.25, 0.25], decision=1)
sch.annotate(block_or_loop=b1, ann_key="meta_schedule.unroll_explicit", ann_val=v26)
2026-04-14 01:48:37 [INFO] [task_scheduler.cc:176] Design space #1:
# from tvm.script import ir as I
# from tvm.script import tir as T

@I.ir_module
class Module:
    @T.prim_func
    def main(A: T.Buffer((384, 768), "float32"), B: T.Buffer((768, 3072), "float32"), C: T.Buffer((384, 3072), "float32")):
        T.func_attr({"tir.noalias": True})
        with T.block("root"):
            T.reads()
            T.writes()
            T.block_attr({"meta_schedule.parallel": 128, "meta_schedule.unroll_explicit": 0, "meta_schedule.vectorize": 64})
            C_global = T.alloc_buffer((384, 3072))
            for i_0, j_0 in T.grid(8, 12):
                for i_1, j_1, k_0, i_2, j_2, k_1, i_3, j_3 in T.grid(1, 4, 192, 6, 2, 4, 8, 32):
                    with T.block("C"):
                        vi = T.axis.spatial(384, i_0 * 48 + i_1 * 48 + i_2 * 8 + i_3)
                        vj = T.axis.spatial(3072, j_0 * 256 + j_1 * 64 + j_2 * 32 + j_3)
                        vk = T.axis.reduce(768, k_0 * 4 + k_1)
                        T.reads(A[vi, vk], B[vk, vj])
                        T.writes(C_global[vi, vj])
                        T.block_attr({"meta_schedule.tiling_structure": "SSRSRS"})
                        with T.init():
                            C_global[vi, vj] = T.float32(0.0)
                        C_global[vi, vj] = C_global[vi, vj] + A[vi, vk] * B[vk, vj]
                for ax0, ax1 in T.grid(48, 256):
                    with T.block("C_global"):
                        v0 = T.axis.spatial(384, i_0 * 48 + ax0)
                        v1 = T.axis.spatial(3072, j_0 * 256 + ax1)
                        T.reads(C_global[v0, v1])
                        T.writes(C[v0, v1])
                        C[v0, v1] = C_global[v0, v1]
b0 = sch.get_block(name="C", func_name="main")
b1 = sch.get_block(name="root", func_name="main")
sch.annotate(block_or_loop=b0, ann_key="meta_schedule.tiling_structure", ann_val="SSRSRS")
l2, l3, l4 = sch.get_loops(block=b0)
v5, v6, v7, v8 = sch.sample_perfect_tile(loop=l2, n=4, max_innermost_factor=64, decision=[8, 1, 6, 8])
l9, l10, l11, l12 = sch.split(loop=l2, factors=[v5, v6, v7, v8], preserve_unit_iters=True, disable_predication=False)
v13, v14, v15, v16 = sch.sample_perfect_tile(loop=l3, n=4, max_innermost_factor=64, decision=[12, 4, 2, 32])
l17, l18, l19, l20 = sch.split(loop=l3, factors=[v13, v14, v15, v16], preserve_unit_iters=True, disable_predication=False)
v21, v22 = sch.sample_perfect_tile(loop=l4, n=2, max_innermost_factor=64, decision=[192, 4])
l23, l24 = sch.split(loop=l4, factors=[v21, v22], preserve_unit_iters=True, disable_predication=False)
sch.reorder(l9, l17, l10, l18, l23, l11, l19, l24, l12, l20)
b25 = sch.cache_write(block=b0, write_buffer_index=0, storage_scope="global")
sch.reverse_compute_at(block=b25, loop=l17, preserve_unit_loops=True, index=-1)
sch.annotate(block_or_loop=b1, ann_key="meta_schedule.parallel", ann_val=128)
sch.annotate(block_or_loop=b1, ann_key="meta_schedule.vectorize", ann_val=64)
v26 = sch.sample_categorical(candidates=[0, 16, 64, 512], probs=[0.25, 0.25, 0.25, 0.25], decision=0)
sch.annotate(block_or_loop=b1, ann_key="meta_schedule.unroll_explicit", ann_val=v26)
2026-04-14 01:48:37 [INFO] [task_scheduler.cc:176] Design space #2:
# from tvm.script import ir as I
# from tvm.script import tir as T

@I.ir_module
class Module:
    @T.prim_func
    def main(A: T.Buffer((384, 768), "float32"), B: T.Buffer((768, 3072), "float32"), C: T.Buffer((384, 3072), "float32")):
        T.func_attr({"tir.noalias": True})
        with T.block("root"):
            T.reads()
            T.writes()
            T.block_attr({"meta_schedule.parallel": 128, "meta_schedule.unroll_explicit": 16, "meta_schedule.vectorize": 64})
            for i_0, j_0, i_1, j_1, k_0, i_2, j_2, k_1, i_3, j_3 in T.grid(8, 12, 1, 4, 192, 6, 2, 4, 8, 32):
                with T.block("C"):
                    vi = T.axis.spatial(384, i_0 * 48 + i_1 * 48 + i_2 * 8 + i_3)
                    vj = T.axis.spatial(3072, j_0 * 256 + j_1 * 64 + j_2 * 32 + j_3)
                    vk = T.axis.reduce(768, k_0 * 4 + k_1)
                    T.reads(A[vi, vk], B[vk, vj])
                    T.writes(C[vi, vj])
                    T.block_attr({"meta_schedule.tiling_structure": "SSRSRS"})
                    with T.init():
                        C[vi, vj] = T.float32(0.0)
                    C[vi, vj] = C[vi, vj] + A[vi, vk] * B[vk, vj]
b0 = sch.get_block(name="C", func_name="main")
b1 = sch.get_block(name="root", func_name="main")
sch.annotate(block_or_loop=b0, ann_key="meta_schedule.tiling_structure", ann_val="SSRSRS")
l2, l3, l4 = sch.get_loops(block=b0)
v5, v6, v7, v8 = sch.sample_perfect_tile(loop=l2, n=4, max_innermost_factor=64, decision=[8, 1, 6, 8])
l9, l10, l11, l12 = sch.split(loop=l2, factors=[v5, v6, v7, v8], preserve_unit_iters=True, disable_predication=False)
v13, v14, v15, v16 = sch.sample_perfect_tile(loop=l3, n=4, max_innermost_factor=64, decision=[12, 4, 2, 32])
l17, l18, l19, l20 = sch.split(loop=l3, factors=[v13, v14, v15, v16], preserve_unit_iters=True, disable_predication=False)
v21, v22 = sch.sample_perfect_tile(loop=l4, n=2, max_innermost_factor=64, decision=[192, 4])
l23, l24 = sch.split(loop=l4, factors=[v21, v22], preserve_unit_iters=True, disable_predication=False)
sch.reorder(l9, l17, l10, l18, l23, l11, l19, l24, l12, l20)
sch.annotate(block_or_loop=b1, ann_key="meta_schedule.parallel", ann_val=128)
sch.annotate(block_or_loop=b1, ann_key="meta_schedule.vectorize", ann_val=64)
v25 = sch.sample_categorical(candidates=[0, 16, 64, 512], probs=[0.25, 0.25, 0.25, 0.25], decision=1)
sch.annotate(block_or_loop=b1, ann_key="meta_schedule.unroll_explicit", ann_val=v25)
2026-04-14 01:48:37 [INFO] [evolutionary_search.cc:711] Generating candidates......
2026-04-14 01:48:37 [INFO] [evolutionary_search.cc:713] Picked top 92 candidate(s) from database
2026-04-14 01:48:37 [INFO] [evolutionary_search.cc:530] Sample-Init-Population summary:
Postproc #0 [meta_schedule.DisallowDynamicLoop(0x60fdde1a02f8)]: 0 failure(s)
Postproc #1 [meta_schedule.RewriteParallelVectorizeUnroll(0x60fddd6c0778)]: 0 failure(s)
Postproc #2 [meta_schedule.RewriteReductionBlock(0x60fddde157a8)]: 0 failure(s)
Postproc #3 [meta_schedule.RewriteLayout(0x60fdddd265b8)]: 0 failure(s)
2026-04-14 01:48:37 [INFO] [evolutionary_search.cc:721] Sampled 368 candidate(s)
2026-04-14 01:48:37 [INFO] [evolutionary_search.cc:619] Evolve iter #0 done. Summary:
Postproc #0 [meta_schedule.DisallowDynamicLoop(0x60fdde1a02f8)]: 0 failure(s)
Postproc #1 [meta_schedule.RewriteParallelVectorizeUnroll(0x60fddd6c0778)]: 0 failure(s)
Postproc #2 [meta_schedule.RewriteReductionBlock(0x60fddde157a8)]: 0 failure(s)
Postproc #3 [meta_schedule.RewriteLayout(0x60fdddd265b8)]: 0 failure(s)
2026-04-14 01:48:38 [INFO] [evolutionary_search.cc:619] Evolve iter #1 done. Summary:
Postproc #0 [meta_schedule.DisallowDynamicLoop(0x60fdde1a02f8)]: 0 failure(s)
Postproc #1 [meta_schedule.RewriteParallelVectorizeUnroll(0x60fddd6c0778)]: 0 failure(s)
Postproc #2 [meta_schedule.RewriteReductionBlock(0x60fddde157a8)]: 0 failure(s)
Postproc #3 [meta_schedule.RewriteLayout(0x60fdddd265b8)]: 0 failure(s)
2026-04-14 01:48:38 [INFO] [evolutionary_search.cc:619] Evolve iter #2 done. Summary:
Postproc #0 [meta_schedule.DisallowDynamicLoop(0x60fdde1a02f8)]: 0 failure(s)
Postproc #1 [meta_schedule.RewriteParallelVectorizeUnroll(0x60fddd6c0778)]: 0 failure(s)
Postproc #2 [meta_schedule.RewriteReductionBlock(0x60fddde157a8)]: 0 failure(s)
Postproc #3 [meta_schedule.RewriteLayout(0x60fdddd265b8)]: 0 failure(s)
2026-04-14 01:48:38 [INFO] [evolutionary_search.cc:647] Scores of the best 64 candidates:
[1 : 16]:	0.9996  0.9983  0.9952  0.9939  0.9915  0.9911  0.9906  0.9906  0.9899  0.9893  0.9892  0.9888  0.9874  0.9871  0.9856  0.9848
[17 : 32]:	0.9845  0.9845  0.9825  0.9822  0.9822  0.9818  0.9816  0.9791  0.9787  0.9780  0.9756  0.9750  0.9741  0.9740  0.9734  0.9723
[33 : 48]:	0.9722  0.9721  0.9717  0.9709  0.9706  0.9702  0.9674  0.9674  0.9664  0.9640  0.9637  0.9636  0.9636  0.9633  0.9627  0.9624
[49 : 64]:	0.9616  0.9599  0.9598  0.9594  0.9592  0.9591  0.9590  0.9586  0.9581  0.9580  0.9576  0.9575  0.9572  0.9569  0.9567  0.9566
2026-04-14 01:48:38 [INFO] [evolutionary_search.cc:725] Got 64 candidate(s) with evolutionary search
2026-04-14 01:48:38 [INFO] [evolutionary_search.cc:728] Sending 64 candidates(s) for measurement
2026-04-14 01:49:22 [INFO] [task_scheduler.cc:137] [Task #0: main] Trial #1: GFLOPs: 59.1054. Time: 30656.0745 us. Best GFLOPs: 59.1054
2026-04-14 01:49:22 [INFO] [task_scheduler.cc:137] [Task #0: main] Trial #2: GFLOPs: 54.7486. Time: 33095.6105 us. Best GFLOPs: 59.1054
2026-04-14 01:49:22 [INFO] [task_scheduler.cc:137] [Task #0: main] Trial #3: GFLOPs: 27.9558. Time: 64814.5455 us. Best GFLOPs: 59.1054
2026-04-14 01:49:22 [INFO] [task_scheduler.cc:137] [Task #0: main] Trial #4: GFLOPs: 72.7717. Time: 24898.9560 us. Best GFLOPs: 72.7717
2026-04-14 01:49:22 [INFO] [task_scheduler.cc:137] [Task #0: main] Trial #5: GFLOPs: 45.2313. Time: 40059.3820 us. Best GFLOPs: 72.7717
2026-04-14 01:49:22 [INFO] [task_scheduler.cc:137] [Task #0: main] Trial #6: GFLOPs: 19.9101. Time: 91005.8305 us. Best GFLOPs: 72.7717
2026-04-14 01:49:22 [INFO] [task_scheduler.cc:137] [Task #0: main] Trial #7: GFLOPs: 23.6144. Time: 76730.3185 us. Best GFLOPs: 72.7717
2026-04-14 01:49:22 [INFO] [task_scheduler.cc:137] [Task #0: main] Trial #8: GFLOPs: 63.8150. Time: 28393.6280 us. Best GFLOPs: 72.7717
2026-04-14 01:49:22 [INFO] [task_scheduler.cc:137] [Task #0: main] Trial #9: GFLOPs: 25.7915. Time: 70253.4840 us. Best GFLOPs: 72.7717
2026-04-14 01:49:22 [INFO] [task_scheduler.cc:137] [Task #0: main] Trial #10: GFLOPs: 22.4584. Time: 80679.7370 us. Best GFLOPs: 72.7717
2026-04-14 01:49:22 [INFO] [task_scheduler.cc:137] [Task #0: main] Trial #11: GFLOPs: 23.0397. Time: 78644.3050 us. Best GFLOPs: 72.7717
2026-04-14 01:49:22 [INFO] [task_scheduler.cc:137] [Task #0: main] Trial #12: GFLOPs: 21.7166. Time: 83435.6515 us. Best GFLOPs: 72.7717
2026-04-14 01:49:22 [INFO] [task_scheduler.cc:137] [Task #0: main] Trial #13: GFLOPs: 44.1158. Time: 41072.3500 us. Best GFLOPs: 72.7717
2026-04-14 01:49:22 [INFO] [task_scheduler.cc:137] [Task #0: main] Trial #14: GFLOPs: 44.3988. Time: 40810.5080 us. Best GFLOPs: 72.7717
2026-04-14 01:49:22 [INFO] [task_scheduler.cc:137] [Task #0: main] Trial #15: GFLOPs: 22.8208. Time: 79398.6490 us. Best GFLOPs: 72.7717
2026-04-14 01:49:22 [INFO] [task_scheduler.cc:137] [Task #0: main] Trial #16: GFLOPs: 57.4688. Time: 31529.0920 us. Best GFLOPs: 72.7717
2026-04-14 01:49:22 [INFO] [task_scheduler.cc:137] [Task #0: main] Trial #17: GFLOPs: 20.4684. Time: 88523.7525 us. Best GFLOPs: 72.7717
2026-04-14 01:49:22 [INFO] [task_scheduler.cc:137] [Task #0: main] Trial #18: GFLOPs: 15.0110. Time: 120707.1040 us. Best GFLOPs: 72.7717
2026-04-14 01:49:22 [INFO] [task_scheduler.cc:137] [Task #0: main] Trial #19: GFLOPs: 8.2227. Time: 220358.3105 us. Best GFLOPs: 72.7717
2026-04-14 01:49:22 [INFO] [task_scheduler.cc:137] [Task #0: main] Trial #20: GFLOPs: 30.6697. Time: 59079.1260 us. Best GFLOPs: 72.7717
2026-04-14 01:49:22 [INFO] [task_scheduler.cc:137] [Task #0: main] Trial #21: GFLOPs: 25.6791. Time: 70560.8780 us. Best GFLOPs: 72.7717
2026-04-14 01:49:22 [INFO] [task_scheduler.cc:137] [Task #0: main] Trial #22: GFLOPs: 55.7906. Time: 32477.5020 us. Best GFLOPs: 72.7717
2026-04-14 01:49:22 [INFO] [task_scheduler.cc:137] [Task #0: main] Trial #23: GFLOPs: 78.7605. Time: 23005.6980 us. Best GFLOPs: 78.7605
2026-04-14 01:49:22 [INFO] [task_scheduler.cc:137] [Task #0: main] Trial #24: GFLOPs: 34.2947. Time: 52834.4410 us. Best GFLOPs: 78.7605
2026-04-14 01:49:22 [INFO] [task_scheduler.cc:137] [Task #0: main] Trial #25: GFLOPs: 16.7598. Time: 108111.9095 us. Best GFLOPs: 78.7605
2026-04-14 01:49:22 [INFO] [task_scheduler.cc:137] [Task #0: main] Trial #26: GFLOPs: 16.7838. Time: 107957.7530 us. Best GFLOPs: 78.7605
2026-04-14 01:49:22 [INFO] [task_scheduler.cc:137] [Task #0: main] Trial #27: GFLOPs: 16.5992. Time: 109158.2810 us. Best GFLOPs: 78.7605
2026-04-14 01:49:22 [INFO] [task_scheduler.cc:137] [Task #0: main] Trial #28: GFLOPs: 71.8821. Time: 25207.1010 us. Best GFLOPs: 78.7605
2026-04-14 01:49:22 [INFO] [task_scheduler.cc:137] [Task #0: main] Trial #29: GFLOPs: 24.3232. Time: 74494.1705 us. Best GFLOPs: 78.7605
2026-04-14 01:49:22 [INFO] [task_scheduler.cc:137] [Task #0: main] Trial #30: GFLOPs: 65.1220. Time: 27823.7645 us. Best GFLOPs: 78.7605
2026-04-14 01:49:22 [INFO] [task_scheduler.cc:137] [Task #0: main] Trial #31: GFLOPs: 11.3873. Time: 159119.9790 us. Best GFLOPs: 78.7605
2026-04-14 01:49:22 [INFO] [task_scheduler.cc:137] [Task #0: main] Trial #32: GFLOPs: 14.1718. Time: 127855.5310 us. Best GFLOPs: 78.7605
2026-04-14 01:49:22 [INFO] [task_scheduler.cc:137] [Task #0: main] Trial #33: GFLOPs: 65.5721. Time: 27632.7925 us. Best GFLOPs: 78.7605
2026-04-14 01:49:22 [INFO] [task_scheduler.cc:137] [Task #0: main] Trial #34: GFLOPs: 46.4495. Time: 39008.8310 us. Best GFLOPs: 78.7605
2026-04-14 01:49:22 [INFO] [task_scheduler.cc:137] [Task #0: main] Trial #35: GFLOPs: 35.7245. Time: 50719.7770 us. Best GFLOPs: 78.7605
2026-04-14 01:49:22 [INFO] [task_scheduler.cc:137] [Task #0: main] Trial #36: GFLOPs: 21.5482. Time: 84087.9025 us. Best GFLOPs: 78.7605
2026-04-14 01:49:22 [INFO] [task_scheduler.cc:137] [Task #0: main] Trial #37: GFLOPs: 51.3820. Time: 35264.1155 us. Best GFLOPs: 78.7605
2026-04-14 01:49:22 [INFO] [task_scheduler.cc:137] [Task #0: main] Trial #38: GFLOPs: 42.0911. Time: 43048.0300 us. Best GFLOPs: 78.7605
2026-04-14 01:49:22 [INFO] [task_scheduler.cc:137] [Task #0: main] Trial #39: GFLOPs: 50.2318. Time: 36071.5245 us. Best GFLOPs: 78.7605
2026-04-14 01:49:22 [INFO] [task_scheduler.cc:137] [Task #0: main] Trial #40: GFLOPs: 25.2544. Time: 71747.4935 us. Best GFLOPs: 78.7605
2026-04-14 01:49:22 [INFO] [task_scheduler.cc:137] [Task #0: main] Trial #41: GFLOPs: 72.4313. Time: 25015.9570 us. Best GFLOPs: 78.7605
2026-04-14 01:49:22 [INFO] [task_scheduler.cc:137] [Task #0: main] Trial #42: GFLOPs: 64.2610. Time: 28196.5690 us. Best GFLOPs: 78.7605
2026-04-14 01:49:22 [INFO] [task_scheduler.cc:137] [Task #0: main] Trial #43: GFLOPs: 48.1449. Time: 37635.1050 us. Best GFLOPs: 78.7605
2026-04-14 01:49:22 [INFO] [task_scheduler.cc:137] [Task #0: main] Trial #44: GFLOPs: 33.9140. Time: 53427.4310 us. Best GFLOPs: 78.7605
2026-04-14 01:49:22 [INFO] [task_scheduler.cc:137] [Task #0: main] Trial #45: GFLOPs: 28.8557. Time: 62793.2010 us. Best GFLOPs: 78.7605
2026-04-14 01:49:22 [INFO] [task_scheduler.cc:137] [Task #0: main] Trial #46: GFLOPs: 62.5672. Time: 28959.9045 us. Best GFLOPs: 78.7605
2026-04-14 01:49:22 [INFO] [task_scheduler.cc:137] [Task #0: main] Trial #47: GFLOPs: 12.4747. Time: 145249.6530 us. Best GFLOPs: 78.7605
2026-04-14 01:49:22 [INFO] [task_scheduler.cc:137] [Task #0: main] Trial #48: GFLOPs: 58.5526. Time: 30945.5065 us. Best GFLOPs: 78.7605
2026-04-14 01:49:22 [INFO] [task_scheduler.cc:137] [Task #0: main] Trial #49: GFLOPs: 57.0806. Time: 31743.5290 us. Best GFLOPs: 78.7605
2026-04-14 01:49:22 [INFO] [task_scheduler.cc:137] [Task #0: main] Trial #50: GFLOPs: 9.1979. Time: 196994.9815 us. Best GFLOPs: 78.7605
2026-04-14 01:49:22 [INFO] [task_scheduler.cc:137] [Task #0: main] Trial #51: GFLOPs: 12.2780. Time: 147576.1650 us. Best GFLOPs: 78.7605
2026-04-14 01:49:22 [INFO] [task_scheduler.cc:137] [Task #0: main] Trial #52: GFLOPs: 27.5076. Time: 65870.3885 us. Best GFLOPs: 78.7605
2026-04-14 01:49:22 [INFO] [task_scheduler.cc:137] [Task #0: main] Trial #53: GFLOPs: 61.6777. Time: 29377.5220 us. Best GFLOPs: 78.7605
2026-04-14 01:49:22 [INFO] [task_scheduler.cc:137] [Task #0: main] Trial #54: GFLOPs: 23.5987. Time: 76781.4015 us. Best GFLOPs: 78.7605
2026-04-14 01:49:22 [INFO] [task_scheduler.cc:137] [Task #0: main] Trial #55: GFLOPs: 20.7348. Time: 87386.5990 us. Best GFLOPs: 78.7605
2026-04-14 01:49:22 [INFO] [task_scheduler.cc:137] [Task #0: main] Trial #56: GFLOPs: 31.4252. Time: 57658.7345 us. Best GFLOPs: 78.7605
2026-04-14 01:49:22 [INFO] [task_scheduler.cc:137] [Task #0: main] Trial #57: GFLOPs: 80.2198. Time: 22587.1705 us. Best GFLOPs: 80.2198
2026-04-14 01:49:22 [INFO] [task_scheduler.cc:137] [Task #0: main] Trial #58: GFLOPs: 45.3401. Time: 39963.2480 us. Best GFLOPs: 80.2198
2026-04-14 01:49:22 [INFO] [task_scheduler.cc:137] [Task #0: main] Trial #59: GFLOPs: 18.2261. Time: 99414.6260 us. Best GFLOPs: 80.2198
2026-04-14 01:49:22 [INFO] [task_scheduler.cc:137] [Task #0: main] Trial #60: GFLOPs: 34.3931. Time: 52683.2440 us. Best GFLOPs: 80.2198
2026-04-14 01:49:22 [INFO] [task_scheduler.cc:137] [Task #0: main] Trial #61: GFLOPs: 13.7615. Time: 131667.5600 us. Best GFLOPs: 80.2198
2026-04-14 01:49:22 [INFO] [task_scheduler.cc:137] [Task #0: main] Trial #62: GFLOPs: 41.0319. Time: 44159.3205 us. Best GFLOPs: 80.2198
2026-04-14 01:49:22 [INFO] [task_scheduler.cc:137] [Task #0: main] Trial #63: GFLOPs: 18.6220. Time: 97301.0970 us. Best GFLOPs: 80.2198
2026-04-14 01:49:22 [INFO] [task_scheduler.cc:137] [Task #0: main] Trial #64: GFLOPs: 55.1536. Time: 32852.6195 us. Best GFLOPs: 80.2198
2026-04-14 01:49:22 [INFO] [evolutionary_search.cc:711] Generating candidates......
2026-04-14 01:49:22 [INFO] [evolutionary_search.cc:713] Picked top 92 candidate(s) from database
2026-04-14 01:49:23 [INFO] [evolutionary_search.cc:530] Sample-Init-Population summary:
Postproc #0 [meta_schedule.DisallowDynamicLoop(0x60fdde1a02f8)]: 0 failure(s)
Postproc #1 [meta_schedule.RewriteParallelVectorizeUnroll(0x60fddd6c0778)]: 0 failure(s)
Postproc #2 [meta_schedule.RewriteReductionBlock(0x60fddde157a8)]: 0 failure(s)
Postproc #3 [meta_schedule.RewriteLayout(0x60fdddd265b8)]: 0 failure(s)
2026-04-14 01:49:23 [INFO] [evolutionary_search.cc:721] Sampled 368 candidate(s)
2026-04-14 01:49:23 [INFO] [evolutionary_search.cc:619] Evolve iter #0 done. Summary:
Postproc #0 [meta_schedule.DisallowDynamicLoop(0x60fdde1a02f8)]: 0 failure(s)
Postproc #1 [meta_schedule.RewriteParallelVectorizeUnroll(0x60fddd6c0778)]: 0 failure(s)
Postproc #2 [meta_schedule.RewriteReductionBlock(0x60fddde157a8)]: 0 failure(s)
Postproc #3 [meta_schedule.RewriteLayout(0x60fdddd265b8)]: 0 failure(s)
2026-04-14 01:49:23 [INFO] [evolutionary_search.cc:619] Evolve iter #1 done. Summary:
Postproc #0 [meta_schedule.DisallowDynamicLoop(0x60fdde1a02f8)]: 0 failure(s)
Postproc #1 [meta_schedule.RewriteParallelVectorizeUnroll(0x60fddd6c0778)]: 0 failure(s)
Postproc #2 [meta_schedule.RewriteReductionBlock(0x60fddde157a8)]: 0 failure(s)
Postproc #3 [meta_schedule.RewriteLayout(0x60fdddd265b8)]: 0 failure(s)
2026-04-14 01:49:24 [INFO] [evolutionary_search.cc:619] Evolve iter #2 done. Summary:
Postproc #0 [meta_schedule.DisallowDynamicLoop(0x60fdde1a02f8)]: 0 failure(s)
Postproc #1 [meta_schedule.RewriteParallelVectorizeUnroll(0x60fddd6c0778)]: 0 failure(s)
Postproc #2 [meta_schedule.RewriteReductionBlock(0x60fddde157a8)]: 0 failure(s)
Postproc #3 [meta_schedule.RewriteLayout(0x60fdddd265b8)]: 0 failure(s)
2026-04-14 01:49:24 [INFO] [evolutionary_search.cc:647] Scores of the best 13 candidates:
[1 : 13]:	0.9982  0.9982  0.9979  0.9977  0.9976  0.9964  0.9946  0.9931  0.9922  0.9913  0.9907  0.9903  0.9893
2026-04-14 01:49:24 [INFO] [evolutionary_search.cc:725] Got 13 candidate(s) with evolutionary search
2026-04-14 01:49:24 [INFO] [evolutionary_search.cc:728] Sending 13 candidates(s) for measurement
2026-04-14 01:49:40 [INFO] [task_scheduler.cc:137] [Task #0: main] Trial #65: GFLOPs: 37.0844. Time: 48859.8730 us. Best GFLOPs: 80.2198
2026-04-14 01:49:40 [INFO] [task_scheduler.cc:137] [Task #0: main] Trial #66: GFLOPs: 36.3087. Time: 49903.7790 us. Best GFLOPs: 80.2198
2026-04-14 01:49:40 [INFO] [task_scheduler.cc:137] [Task #0: main] Trial #67: GFLOPs: 6.0061. Time: 301684.4910 us. Best GFLOPs: 80.2198
2026-04-14 01:49:40 [INFO] [task_scheduler.cc:137] [Task #0: main] Trial #68: GFLOPs: 5.0875. Time: 356156.7870 us. Best GFLOPs: 80.2198
2026-04-14 01:49:40 [INFO] [task_scheduler.cc:137] [Task #0: main] Trial #69: GFLOPs: 41.8228. Time: 43324.1685 us. Best GFLOPs: 80.2198
2026-04-14 01:49:40 [INFO] [task_scheduler.cc:137] [Task #0: main] Trial #70: GFLOPs: 46.6305. Time: 38857.4065 us. Best GFLOPs: 80.2198
2026-04-14 01:49:40 [INFO] [task_scheduler.cc:137] [Task #0: main] Trial #71: GFLOPs: 10.6948. Time: 169421.8245 us. Best GFLOPs: 80.2198
2026-04-14 01:49:40 [INFO] [task_scheduler.cc:137] [Task #0: main] Trial #72: GFLOPs: 35.8511. Time: 50540.6925 us. Best GFLOPs: 80.2198
2026-04-14 01:49:40 [INFO] [task_scheduler.cc:137] [Task #0: main] Trial #73: GFLOPs: 19.7603. Time: 91696.0940 us. Best GFLOPs: 80.2198
2026-04-14 01:49:40 [INFO] [task_scheduler.cc:137] [Task #0: main] Trial #74: GFLOPs: 12.2242. Time: 148226.1380 us. Best GFLOPs: 80.2198
2026-04-14 01:49:40 [INFO] [task_scheduler.cc:137] [Task #0: main] Trial #75: GFLOPs: 30.5044. Time: 59399.2790 us. Best GFLOPs: 80.2198
2026-04-14 01:49:40 [INFO] [task_scheduler.cc:137] [Task #0: main] Trial #76: GFLOPs: 7.0975. Time: 255292.7240 us. Best GFLOPs: 80.2198
2026-04-14 01:49:40 [INFO] [task_scheduler.cc:137] [Task #0: main] Trial #77: GFLOPs: 18.3863. Time: 98548.3555 us. Best GFLOPs: 80.2198
