2026-04-07 15:23:18 [INFO] [task_scheduler.cc:166] Initializing Task #0: "main"
2026-04-07 15:23:18 [INFO] [task_scheduler.cc:41] 
# from tvm.script import ir as I
# from tvm.script import tir as T

@I.ir_module
class Module:
    @T.prim_func
    def main(A: T.Buffer((16, 768), "float32"), B: T.Buffer((768, 3072), "float32"), C: T.Buffer((16, 3072), "float32")):
        T.func_attr({"tir.noalias": True})
        # with T.block("root"):
        for i, j, k in T.grid(16, 3072, 768):
            with T.block("C"):
                vi, vj, vk = T.axis.remap("SSR", [i, j, k])
                T.reads(A[vi, vk], B[vk, vj])
                T.writes(C[vi, vj])
                with T.init():
                    C[vi, vj] = T.float32(0.0)
                C[vi, vj] = C[vi, vj] + A[vi, vk] * B[vk, vj]
2026-04-07 15:23:19 [INFO] [task_scheduler.cc:170] Total 3 design space(s) generated
2026-04-07 15:23:19 [INFO] [task_scheduler.cc:176] Design space #0:
# from tvm.script import ir as I
# from tvm.script import tir as T

@I.ir_module
class Module:
    @T.prim_func
    def main(A: T.Buffer((16, 768), "float32"), B: T.Buffer((768, 3072), "float32"), C: T.Buffer((16, 3072), "float32")):
        T.func_attr({"tir.noalias": True})
        with T.block("root"):
            T.reads()
            T.writes()
            T.block_attr({"meta_schedule.parallel": 128, "meta_schedule.unroll_explicit": 0, "meta_schedule.vectorize": 64})
            C_global = T.alloc_buffer((16, 3072))
            for i_0, j_0, i_1, j_1 in T.grid(8, 6, 1, 32):
                for k_0, i_2, j_2, k_1, i_3, j_3 in T.grid(32, 2, 16, 24, 1, 1):
                    with T.block("C"):
                        vi = T.axis.spatial(16, i_0 * 2 + i_1 * 2 + i_2 + i_3)
                        vj = T.axis.spatial(3072, j_0 * 512 + j_1 * 16 + j_2 + j_3)
                        vk = T.axis.reduce(768, k_0 * 24 + k_1)
                        T.reads(A[vi, vk], B[vk, vj])
                        T.writes(C_global[vi, vj])
                        T.block_attr({"meta_schedule.tiling_structure": "SSRSRS"})
                        with T.init():
                            C_global[vi, vj] = T.float32(0.0)
                        C_global[vi, vj] = C_global[vi, vj] + A[vi, vk] * B[vk, vj]
                for ax0, ax1 in T.grid(2, 16):
                    with T.block("C_global"):
                        v0 = T.axis.spatial(16, i_0 * 2 + ax0)
                        v1 = T.axis.spatial(3072, j_0 * 512 + j_1 * 16 + ax1)
                        T.reads(C_global[v0, v1])
                        T.writes(C[v0, v1])
                        C[v0, v1] = C_global[v0, v1]
b0 = sch.get_block(name="C", func_name="main")
b1 = sch.get_block(name="root", func_name="main")
sch.annotate(block_or_loop=b0, ann_key="meta_schedule.tiling_structure", ann_val="SSRSRS")
l2, l3, l4 = sch.get_loops(block=b0)
v5, v6, v7, v8 = sch.sample_perfect_tile(loop=l2, n=4, max_innermost_factor=64, decision=[8, 1, 2, 1])
l9, l10, l11, l12 = sch.split(loop=l2, factors=[v5, v6, v7, v8], preserve_unit_iters=True, disable_predication=False)
v13, v14, v15, v16 = sch.sample_perfect_tile(loop=l3, n=4, max_innermost_factor=64, decision=[6, 32, 16, 1])
l17, l18, l19, l20 = sch.split(loop=l3, factors=[v13, v14, v15, v16], preserve_unit_iters=True, disable_predication=False)
v21, v22 = sch.sample_perfect_tile(loop=l4, n=2, max_innermost_factor=64, decision=[32, 24])
l23, l24 = sch.split(loop=l4, factors=[v21, v22], preserve_unit_iters=True, disable_predication=False)
sch.reorder(l9, l17, l10, l18, l23, l11, l19, l24, l12, l20)
b25 = sch.cache_write(block=b0, write_buffer_index=0, storage_scope="global")
sch.reverse_compute_at(block=b25, loop=l18, preserve_unit_loops=True, index=-1)
sch.annotate(block_or_loop=b1, ann_key="meta_schedule.parallel", ann_val=128)
sch.annotate(block_or_loop=b1, ann_key="meta_schedule.vectorize", ann_val=64)
v26 = sch.sample_categorical(candidates=[0, 16, 64, 512], probs=[0.25, 0.25, 0.25, 0.25], decision=0)
sch.annotate(block_or_loop=b1, ann_key="meta_schedule.unroll_explicit", ann_val=v26)
2026-04-07 15:23:19 [INFO] [task_scheduler.cc:176] Design space #1:
# from tvm.script import ir as I
# from tvm.script import tir as T

@I.ir_module
class Module:
    @T.prim_func
    def main(A: T.Buffer((16, 768), "float32"), B: T.Buffer((768, 3072), "float32"), C: T.Buffer((16, 3072), "float32")):
        T.func_attr({"tir.noalias": True})
        with T.block("root"):
            T.reads()
            T.writes()
            T.block_attr({"meta_schedule.parallel": 128, "meta_schedule.unroll_explicit": 512, "meta_schedule.vectorize": 64})
            C_global = T.alloc_buffer((16, 3072))
            for i_0, j_0 in T.grid(8, 6):
                for i_1, j_1, k_0, i_2, j_2, k_1, i_3, j_3 in T.grid(1, 32, 32, 2, 16, 24, 1, 1):
                    with T.block("C"):
                        vi = T.axis.spatial(16, i_0 * 2 + i_1 * 2 + i_2 + i_3)
                        vj = T.axis.spatial(3072, j_0 * 512 + j_1 * 16 + j_2 + j_3)
                        vk = T.axis.reduce(768, k_0 * 24 + k_1)
                        T.reads(A[vi, vk], B[vk, vj])
                        T.writes(C_global[vi, vj])
                        T.block_attr({"meta_schedule.tiling_structure": "SSRSRS"})
                        with T.init():
                            C_global[vi, vj] = T.float32(0.0)
                        C_global[vi, vj] = C_global[vi, vj] + A[vi, vk] * B[vk, vj]
                for ax0, ax1 in T.grid(2, 512):
                    with T.block("C_global"):
                        v0 = T.axis.spatial(16, i_0 * 2 + ax0)
                        v1 = T.axis.spatial(3072, j_0 * 512 + ax1)
                        T.reads(C_global[v0, v1])
                        T.writes(C[v0, v1])
                        C[v0, v1] = C_global[v0, v1]
b0 = sch.get_block(name="C", func_name="main")
b1 = sch.get_block(name="root", func_name="main")
sch.annotate(block_or_loop=b0, ann_key="meta_schedule.tiling_structure", ann_val="SSRSRS")
l2, l3, l4 = sch.get_loops(block=b0)
v5, v6, v7, v8 = sch.sample_perfect_tile(loop=l2, n=4, max_innermost_factor=64, decision=[8, 1, 2, 1])
l9, l10, l11, l12 = sch.split(loop=l2, factors=[v5, v6, v7, v8], preserve_unit_iters=True, disable_predication=False)
v13, v14, v15, v16 = sch.sample_perfect_tile(loop=l3, n=4, max_innermost_factor=64, decision=[6, 32, 16, 1])
l17, l18, l19, l20 = sch.split(loop=l3, factors=[v13, v14, v15, v16], preserve_unit_iters=True, disable_predication=False)
v21, v22 = sch.sample_perfect_tile(loop=l4, n=2, max_innermost_factor=64, decision=[32, 24])
l23, l24 = sch.split(loop=l4, factors=[v21, v22], preserve_unit_iters=True, disable_predication=False)
sch.reorder(l9, l17, l10, l18, l23, l11, l19, l24, l12, l20)
b25 = sch.cache_write(block=b0, write_buffer_index=0, storage_scope="global")
sch.reverse_compute_at(block=b25, loop=l17, preserve_unit_loops=True, index=-1)
sch.annotate(block_or_loop=b1, ann_key="meta_schedule.parallel", ann_val=128)
sch.annotate(block_or_loop=b1, ann_key="meta_schedule.vectorize", ann_val=64)
v26 = sch.sample_categorical(candidates=[0, 16, 64, 512], probs=[0.25, 0.25, 0.25, 0.25], decision=3)
sch.annotate(block_or_loop=b1, ann_key="meta_schedule.unroll_explicit", ann_val=v26)
2026-04-07 15:23:19 [INFO] [task_scheduler.cc:176] Design space #2:
# from tvm.script import ir as I
# from tvm.script import tir as T

@I.ir_module
class Module:
    @T.prim_func
    def main(A: T.Buffer((16, 768), "float32"), B: T.Buffer((768, 3072), "float32"), C: T.Buffer((16, 3072), "float32")):
        T.func_attr({"tir.noalias": True})
        with T.block("root"):
            T.reads()
            T.writes()
            T.block_attr({"meta_schedule.parallel": 128, "meta_schedule.unroll_explicit": 512, "meta_schedule.vectorize": 64})
            for i_0, j_0, i_1, j_1, k_0, i_2, j_2, k_1, i_3, j_3 in T.grid(8, 6, 1, 32, 32, 2, 16, 24, 1, 1):
                with T.block("C"):
                    vi = T.axis.spatial(16, i_0 * 2 + i_1 * 2 + i_2 + i_3)
                    vj = T.axis.spatial(3072, j_0 * 512 + j_1 * 16 + j_2 + j_3)
                    vk = T.axis.reduce(768, k_0 * 24 + k_1)
                    T.reads(A[vi, vk], B[vk, vj])
                    T.writes(C[vi, vj])
                    T.block_attr({"meta_schedule.tiling_structure": "SSRSRS"})
                    with T.init():
                        C[vi, vj] = T.float32(0.0)
                    C[vi, vj] = C[vi, vj] + A[vi, vk] * B[vk, vj]
b0 = sch.get_block(name="C", func_name="main")
b1 = sch.get_block(name="root", func_name="main")
sch.annotate(block_or_loop=b0, ann_key="meta_schedule.tiling_structure", ann_val="SSRSRS")
l2, l3, l4 = sch.get_loops(block=b0)
v5, v6, v7, v8 = sch.sample_perfect_tile(loop=l2, n=4, max_innermost_factor=64, decision=[8, 1, 2, 1])
l9, l10, l11, l12 = sch.split(loop=l2, factors=[v5, v6, v7, v8], preserve_unit_iters=True, disable_predication=False)
v13, v14, v15, v16 = sch.sample_perfect_tile(loop=l3, n=4, max_innermost_factor=64, decision=[6, 32, 16, 1])
l17, l18, l19, l20 = sch.split(loop=l3, factors=[v13, v14, v15, v16], preserve_unit_iters=True, disable_predication=False)
v21, v22 = sch.sample_perfect_tile(loop=l4, n=2, max_innermost_factor=64, decision=[32, 24])
l23, l24 = sch.split(loop=l4, factors=[v21, v22], preserve_unit_iters=True, disable_predication=False)
sch.reorder(l9, l17, l10, l18, l23, l11, l19, l24, l12, l20)
sch.annotate(block_or_loop=b1, ann_key="meta_schedule.parallel", ann_val=128)
sch.annotate(block_or_loop=b1, ann_key="meta_schedule.vectorize", ann_val=64)
v25 = sch.sample_categorical(candidates=[0, 16, 64, 512], probs=[0.25, 0.25, 0.25, 0.25], decision=3)
sch.annotate(block_or_loop=b1, ann_key="meta_schedule.unroll_explicit", ann_val=v25)
2026-04-07 15:23:19 [INFO] [evolutionary_search.cc:711] Generating candidates......
2026-04-07 15:23:19 [INFO] [evolutionary_search.cc:713] Picked top 0 candidate(s) from database
2026-04-07 15:23:19 [INFO] [evolutionary_search.cc:530] Sample-Init-Population summary:
Postproc #0 [meta_schedule.DisallowDynamicLoop(0x5bdf401353c8)]: 0 failure(s)
Postproc #1 [meta_schedule.RewriteParallelVectorizeUnroll(0x5bdf40030a68)]: 0 failure(s)
Postproc #2 [meta_schedule.RewriteReductionBlock(0x5bdf405040b8)]: 0 failure(s)
Postproc #3 [meta_schedule.RewriteLayout(0x5bdf4074d2d8)]: 0 failure(s)
2026-04-07 15:23:19 [INFO] [evolutionary_search.cc:721] Sampled 457 candidate(s)
2026-04-07 15:23:19 [INFO] [evolutionary_search.cc:619] Evolve iter #0 done. Summary:
Postproc #0 [meta_schedule.DisallowDynamicLoop(0x5bdf401353c8)]: 0 failure(s)
Postproc #1 [meta_schedule.RewriteParallelVectorizeUnroll(0x5bdf40030a68)]: 0 failure(s)
Postproc #2 [meta_schedule.RewriteReductionBlock(0x5bdf405040b8)]: 0 failure(s)
Postproc #3 [meta_schedule.RewriteLayout(0x5bdf4074d2d8)]: 0 failure(s)
2026-04-07 15:23:19 [INFO] [evolutionary_search.cc:619] Evolve iter #1 done. Summary:
Postproc #0 [meta_schedule.DisallowDynamicLoop(0x5bdf401353c8)]: 0 failure(s)
Postproc #1 [meta_schedule.RewriteParallelVectorizeUnroll(0x5bdf40030a68)]: 0 failure(s)
Postproc #2 [meta_schedule.RewriteReductionBlock(0x5bdf405040b8)]: 0 failure(s)
Postproc #3 [meta_schedule.RewriteLayout(0x5bdf4074d2d8)]: 0 failure(s)
2026-04-07 15:23:20 [INFO] [evolutionary_search.cc:619] Evolve iter #2 done. Summary:
Postproc #0 [meta_schedule.DisallowDynamicLoop(0x5bdf401353c8)]: 0 failure(s)
Postproc #1 [meta_schedule.RewriteParallelVectorizeUnroll(0x5bdf40030a68)]: 0 failure(s)
Postproc #2 [meta_schedule.RewriteReductionBlock(0x5bdf405040b8)]: 0 failure(s)
Postproc #3 [meta_schedule.RewriteLayout(0x5bdf4074d2d8)]: 0 failure(s)
2026-04-07 15:23:20 [INFO] [evolutionary_search.cc:647] Scores of the best 64 candidates:
[1 : 16]:	0.9994  0.9983  0.9981  0.9979  0.9978  0.9967  0.9958  0.9958  0.9949  0.9947  0.9944  0.9939  0.9934  0.9930  0.9927  0.9918
[17 : 32]:	0.9918  0.9917  0.9916  0.9897  0.9894  0.9890  0.9889  0.9889  0.9877  0.9876  0.9854  0.9853  0.9840  0.9829  0.9821  0.9815
[33 : 48]:	0.9811  0.9803  0.9795  0.9793  0.9790  0.9784  0.9781  0.9776  0.9768  0.9767  0.9766  0.9753  0.9746  0.9732  0.9730  0.9718
[49 : 64]:	0.9711  0.9701  0.9694  0.9686  0.9676  0.9670  0.9664  0.9658  0.9653  0.9651  0.9647  0.9646  0.9640  0.9621  0.9617  0.9614
2026-04-07 15:23:20 [INFO] [evolutionary_search.cc:725] Got 64 candidate(s) with evolutionary search
2026-04-07 15:23:20 [INFO] [evolutionary_search.cc:728] Sending 64 candidates(s) for measurement
2026-04-07 15:23:48 [INFO] [task_scheduler.cc:137] [Task #0: main] Trial #1: GFLOPs: 107.4607. Time: 702.5590 us. Best GFLOPs: 107.4607
2026-04-07 15:23:48 [INFO] [task_scheduler.cc:137] [Task #0: main] Trial #2: GFLOPs: 17.9209. Time: 4212.8235 us. Best GFLOPs: 107.4607
2026-04-07 15:23:48 [INFO] [task_scheduler.cc:137] [Task #0: main] Trial #3: GFLOPs: 46.1432. Time: 1636.1576 us. Best GFLOPs: 107.4607
2026-04-07 15:23:48 [INFO] [task_scheduler.cc:137] [Task #0: main] Trial #4: GFLOPs: 62.1541. Time: 1214.6828 us. Best GFLOPs: 107.4607
2026-04-07 15:23:48 [INFO] [task_scheduler.cc:137] [Task #0: main] Trial #5: GFLOPs: 28.9595. Time: 2607.0030 us. Best GFLOPs: 107.4607
2026-04-07 15:23:48 [INFO] [task_scheduler.cc:137] [Task #0: main] Trial #6: GFLOPs: 25.4433. Time: 2967.2848 us. Best GFLOPs: 107.4607
2026-04-07 15:23:48 [INFO] [task_scheduler.cc:137] [Task #0: main] Trial #7: GFLOPs: 24.1675. Time: 3123.9210 us. Best GFLOPs: 107.4607
2026-04-07 15:23:48 [INFO] [task_scheduler.cc:137] [Task #0: main] Trial #8: GFLOPs: 10.2462. Time: 7368.3733 us. Best GFLOPs: 107.4607
2026-04-07 15:23:48 [INFO] [task_scheduler.cc:137] [Task #0: main] Trial #9: GFLOPs: 45.5031. Time: 1659.1736 us. Best GFLOPs: 107.4607
2026-04-07 15:23:48 [INFO] [task_scheduler.cc:137] [Task #0: main] Trial #10: GFLOPs: 23.8047. Time: 3171.5407 us. Best GFLOPs: 107.4607
2026-04-07 15:23:48 [INFO] [task_scheduler.cc:137] [Task #0: main] Trial #11: GFLOPs: 39.4533. Time: 1913.5903 us. Best GFLOPs: 107.4607
2026-04-07 15:23:48 [INFO] [task_scheduler.cc:137] [Task #0: main] Trial #12: GFLOPs: 67.0984. Time: 1125.1758 us. Best GFLOPs: 107.4607
2026-04-07 15:23:48 [INFO] [task_scheduler.cc:137] [Task #0: main] Trial #13: GFLOPs: 32.4073. Time: 2329.6415 us. Best GFLOPs: 107.4607
2026-04-07 15:23:48 [INFO] [task_scheduler.cc:137] [Task #0: main] Trial #14: GFLOPs: 18.8928. Time: 3996.1015 us. Best GFLOPs: 107.4607
2026-04-07 15:23:48 [INFO] [task_scheduler.cc:137] [Task #0: main] Trial #15: GFLOPs: 49.0717. Time: 1538.5135 us. Best GFLOPs: 107.4607
2026-04-07 15:23:48 [INFO] [task_scheduler.cc:137] [Task #0: main] Trial #16: GFLOPs: 39.8209. Time: 1895.9267 us. Best GFLOPs: 107.4607
2026-04-07 15:23:48 [INFO] [task_scheduler.cc:137] [Task #0: main] Trial #17: GFLOPs: 69.9029. Time: 1080.0338 us. Best GFLOPs: 107.4607
2026-04-07 15:23:48 [INFO] [task_scheduler.cc:137] [Task #0: main] Trial #18: GFLOPs: 35.5092. Time: 2126.1396 us. Best GFLOPs: 107.4607
2026-04-07 15:23:48 [INFO] [task_scheduler.cc:137] [Task #0: main] Trial #19: GFLOPs: 38.4617. Time: 1962.9255 us. Best GFLOPs: 107.4607
2026-04-07 15:23:48 [INFO] [task_scheduler.cc:137] [Task #0: main] Trial #20: GFLOPs: 44.2624. Time: 1705.6799 us. Best GFLOPs: 107.4607
2026-04-07 15:23:48 [INFO] [task_scheduler.cc:137] [Task #0: main] Trial #21: GFLOPs: 26.2395. Time: 2877.2407 us. Best GFLOPs: 107.4607
2026-04-07 15:23:48 [INFO] [task_scheduler.cc:137] [Task #0: main] Trial #22: GFLOPs: 27.7395. Time: 2721.6609 us. Best GFLOPs: 107.4607
2026-04-07 15:23:48 [INFO] [task_scheduler.cc:137] [Task #0: main] Trial #23: GFLOPs: 9.3520. Time: 8072.8692 us. Best GFLOPs: 107.4607
2026-04-07 15:23:48 [INFO] [task_scheduler.cc:137] [Task #0: main] Trial #24: GFLOPs: 8.7650. Time: 8613.4926 us. Best GFLOPs: 107.4607
2026-04-07 15:23:48 [INFO] [task_scheduler.cc:137] [Task #0: main] Trial #25: GFLOPs: 33.8895. Time: 2227.7546 us. Best GFLOPs: 107.4607
2026-04-07 15:23:48 [INFO] [task_scheduler.cc:137] [Task #0: main] Trial #26: GFLOPs: 8.8061. Time: 8573.3565 us. Best GFLOPs: 107.4607
2026-04-07 15:23:48 [INFO] [task_scheduler.cc:137] [Task #0: main] Trial #27: GFLOPs: 75.0628. Time: 1005.7902 us. Best GFLOPs: 107.4607
2026-04-07 15:23:48 [INFO] [task_scheduler.cc:137] [Task #0: main] Trial #28: GFLOPs: 36.1692. Time: 2087.3439 us. Best GFLOPs: 107.4607
2026-04-07 15:23:48 [INFO] [task_scheduler.cc:137] [Task #0: main] Trial #29: GFLOPs: 43.3004. Time: 1743.5744 us. Best GFLOPs: 107.4607
2026-04-07 15:23:48 [INFO] [task_scheduler.cc:137] [Task #0: main] Trial #30: GFLOPs: 27.7350. Time: 2722.0980 us. Best GFLOPs: 107.4607
2026-04-07 15:23:48 [INFO] [task_scheduler.cc:137] [Task #0: main] Trial #31: GFLOPs: 43.7498. Time: 1725.6638 us. Best GFLOPs: 107.4607
2026-04-07 15:23:48 [INFO] [task_scheduler.cc:137] [Task #0: main] Trial #32: GFLOPs: 56.4306. Time: 1337.8821 us. Best GFLOPs: 107.4607
2026-04-07 15:23:48 [INFO] [task_scheduler.cc:137] [Task #0: main] Trial #33: GFLOPs: 11.9468. Time: 6319.4895 us. Best GFLOPs: 107.4607
2026-04-07 15:23:48 [INFO] [task_scheduler.cc:137] [Task #0: main] Trial #34: GFLOPs: 11.7979. Time: 6399.2086 us. Best GFLOPs: 107.4607
2026-04-07 15:23:48 [INFO] [task_scheduler.cc:137] [Task #0: main] Trial #35: GFLOPs: 15.7990. Time: 4778.6222 us. Best GFLOPs: 107.4607
2026-04-07 15:23:48 [INFO] [task_scheduler.cc:137] [Task #0: main] Trial #36: GFLOPs: 38.1459. Time: 1979.1780 us. Best GFLOPs: 107.4607
2026-04-07 15:23:48 [INFO] [task_scheduler.cc:137] [Task #0: main] Trial #37: GFLOPs: 16.6046. Time: 4546.7735 us. Best GFLOPs: 107.4607
2026-04-07 15:23:48 [INFO] [task_scheduler.cc:137] [Task #0: main] Trial #38: GFLOPs: 60.5115. Time: 1247.6545 us. Best GFLOPs: 107.4607
2026-04-07 15:23:48 [INFO] [task_scheduler.cc:137] [Task #0: main] Trial #39: GFLOPs: 49.2943. Time: 1531.5662 us. Best GFLOPs: 107.4607
2026-04-07 15:23:48 [INFO] [task_scheduler.cc:137] [Task #0: main] Trial #40: GFLOPs: 60.9725. Time: 1238.2214 us. Best GFLOPs: 107.4607
2026-04-07 15:23:48 [INFO] [task_scheduler.cc:137] [Task #0: main] Trial #41: GFLOPs: 36.2661. Time: 2081.7648 us. Best GFLOPs: 107.4607
2026-04-07 15:23:48 [INFO] [task_scheduler.cc:137] [Task #0: main] Trial #42: GFLOPs: 33.8919. Time: 2227.5957 us. Best GFLOPs: 107.4607
2026-04-07 15:23:48 [INFO] [task_scheduler.cc:137] [Task #0: main] Trial #43: GFLOPs: 20.4723. Time: 3687.7880 us. Best GFLOPs: 107.4607
2026-04-07 15:23:48 [INFO] [task_scheduler.cc:137] [Task #0: main] Trial #44: GFLOPs: 19.0366. Time: 3965.9218 us. Best GFLOPs: 107.4607
2026-04-07 15:23:48 [INFO] [task_scheduler.cc:137] [Task #0: main] Trial #45: GFLOPs: 24.7199. Time: 3054.1178 us. Best GFLOPs: 107.4607
2026-04-07 15:23:48 [INFO] [task_scheduler.cc:137] [Task #0: main] Trial #46: GFLOPs: 41.7496. Time: 1808.3388 us. Best GFLOPs: 107.4607
2026-04-07 15:23:48 [INFO] [task_scheduler.cc:137] [Task #0: main] Trial #47: GFLOPs: 22.4991. Time: 3355.5765 us. Best GFLOPs: 107.4607
2026-04-07 15:23:48 [INFO] [task_scheduler.cc:137] [Task #0: main] Trial #48: GFLOPs: 31.2811. Time: 2413.5134 us. Best GFLOPs: 107.4607
2026-04-07 15:23:48 [INFO] [task_scheduler.cc:137] [Task #0: main] Trial #49: GFLOPs: 13.0254. Time: 5796.1915 us. Best GFLOPs: 107.4607
2026-04-07 15:23:48 [INFO] [task_scheduler.cc:137] [Task #0: main] Trial #50: GFLOPs: 27.6963. Time: 2725.9015 us. Best GFLOPs: 107.4607
2026-04-07 15:23:48 [INFO] [task_scheduler.cc:137] [Task #0: main] Trial #51: GFLOPs: 23.2292. Time: 3250.1067 us. Best GFLOPs: 107.4607
2026-04-07 15:23:48 [INFO] [task_scheduler.cc:137] [Task #0: main] Trial #52: GFLOPs: 35.8274. Time: 2107.2531 us. Best GFLOPs: 107.4607
2026-04-07 15:23:48 [INFO] [task_scheduler.cc:137] [Task #0: main] Trial #53: GFLOPs: 38.1421. Time: 1979.3716 us. Best GFLOPs: 107.4607
2026-04-07 15:23:48 [INFO] [task_scheduler.cc:137] [Task #0: main] Trial #54: GFLOPs: 20.9156. Time: 3609.6243 us. Best GFLOPs: 107.4607
2026-04-07 15:23:48 [INFO] [task_scheduler.cc:137] [Task #0: main] Trial #55: GFLOPs: 54.0730. Time: 1396.2138 us. Best GFLOPs: 107.4607
2026-04-07 15:23:48 [INFO] [task_scheduler.cc:137] [Task #0: main] Trial #56: GFLOPs: 40.0612. Time: 1884.5516 us. Best GFLOPs: 107.4607
2026-04-07 15:23:48 [INFO] [task_scheduler.cc:137] [Task #0: main] Trial #57: GFLOPs: 37.0921. Time: 2035.4058 us. Best GFLOPs: 107.4607
2026-04-07 15:23:48 [INFO] [task_scheduler.cc:137] [Task #0: main] Trial #58: GFLOPs: 30.9796. Time: 2437.0045 us. Best GFLOPs: 107.4607
2026-04-07 15:23:48 [INFO] [task_scheduler.cc:137] [Task #0: main] Trial #59: GFLOPs: 35.2548. Time: 2141.4794 us. Best GFLOPs: 107.4607
2026-04-07 15:23:48 [INFO] [task_scheduler.cc:137] [Task #0: main] Trial #60: GFLOPs: 23.8423. Time: 3166.5392 us. Best GFLOPs: 107.4607
2026-04-07 15:23:48 [INFO] [task_scheduler.cc:137] [Task #0: main] Trial #61: GFLOPs: 10.4458. Time: 7227.5352 us. Best GFLOPs: 107.4607
2026-04-07 15:23:48 [INFO] [task_scheduler.cc:137] [Task #0: main] Trial #62: GFLOPs: 17.2301. Time: 4381.7125 us. Best GFLOPs: 107.4607
2026-04-07 15:23:48 [INFO] [task_scheduler.cc:137] [Task #0: main] Trial #63: GFLOPs: 22.9370. Time: 3291.5181 us. Best GFLOPs: 107.4607
2026-04-07 15:23:48 [INFO] [task_scheduler.cc:137] [Task #0: main] Trial #64: GFLOPs: 34.8060. Time: 2169.0960 us. Best GFLOPs: 107.4607
2026-04-07 15:23:48 [INFO] [evolutionary_search.cc:711] Generating candidates......
2026-04-07 15:23:48 [INFO] [evolutionary_search.cc:713] Picked top 64 candidate(s) from database
2026-04-07 15:23:49 [INFO] [evolutionary_search.cc:530] Sample-Init-Population summary:
Postproc #0 [meta_schedule.DisallowDynamicLoop(0x5bdf401353c8)]: 0 failure(s)
Postproc #1 [meta_schedule.RewriteParallelVectorizeUnroll(0x5bdf40030a68)]: 0 failure(s)
Postproc #2 [meta_schedule.RewriteReductionBlock(0x5bdf405040b8)]: 0 failure(s)
Postproc #3 [meta_schedule.RewriteLayout(0x5bdf4074d2d8)]: 0 failure(s)
2026-04-07 15:23:49 [INFO] [evolutionary_search.cc:721] Sampled 393 candidate(s)
2026-04-07 15:23:49 [INFO] [evolutionary_search.cc:619] Evolve iter #0 done. Summary:
Postproc #0 [meta_schedule.DisallowDynamicLoop(0x5bdf401353c8)]: 0 failure(s)
Postproc #1 [meta_schedule.RewriteParallelVectorizeUnroll(0x5bdf40030a68)]: 0 failure(s)
Postproc #2 [meta_schedule.RewriteReductionBlock(0x5bdf405040b8)]: 0 failure(s)
Postproc #3 [meta_schedule.RewriteLayout(0x5bdf4074d2d8)]: 0 failure(s)
2026-04-07 15:23:49 [INFO] [evolutionary_search.cc:619] Evolve iter #1 done. Summary:
Postproc #0 [meta_schedule.DisallowDynamicLoop(0x5bdf401353c8)]: 0 failure(s)
Postproc #1 [meta_schedule.RewriteParallelVectorizeUnroll(0x5bdf40030a68)]: 0 failure(s)
Postproc #2 [meta_schedule.RewriteReductionBlock(0x5bdf405040b8)]: 0 failure(s)
Postproc #3 [meta_schedule.RewriteLayout(0x5bdf4074d2d8)]: 0 failure(s)
2026-04-07 15:23:50 [INFO] [evolutionary_search.cc:619] Evolve iter #2 done. Summary:
Postproc #0 [meta_schedule.DisallowDynamicLoop(0x5bdf401353c8)]: 0 failure(s)
Postproc #1 [meta_schedule.RewriteParallelVectorizeUnroll(0x5bdf40030a68)]: 0 failure(s)
Postproc #2 [meta_schedule.RewriteReductionBlock(0x5bdf405040b8)]: 0 failure(s)
Postproc #3 [meta_schedule.RewriteLayout(0x5bdf4074d2d8)]: 0 failure(s)
2026-04-07 15:23:50 [INFO] [evolutionary_search.cc:647] Scores of the best 64 candidates:
[1 : 16]:	0.9996  0.9991  0.9987  0.9984  0.9980  0.9942  0.9939  0.9931  0.9930  0.9909  0.9900  0.9894  0.9891  0.9877  0.9876  0.9866
[17 : 32]:	0.9858  0.9857  0.9842  0.9837  0.9833  0.9818  0.9802  0.9801  0.9794  0.9793  0.9792  0.9789  0.9770  0.9767  0.9749  0.9745
[33 : 48]:	0.9742  0.9737  0.9726  0.9724  0.9710  0.9710  0.9705  0.9698  0.9696  0.9682  0.9676  0.9659  0.9658  0.9654  0.9648  0.9643
[49 : 64]:	0.9637  0.9634  0.9632  0.9613  0.9604  0.9600  0.9594  0.9584  0.9565  0.9554  0.9548  0.9546  0.9519  0.9512  0.9508  0.9503
2026-04-07 15:23:50 [INFO] [evolutionary_search.cc:725] Got 64 candidate(s) with evolutionary search
2026-04-07 15:23:50 [INFO] [evolutionary_search.cc:728] Sending 64 candidates(s) for measurement
2026-04-07 15:24:26 [INFO] [task_scheduler.cc:137] [Task #0: main] Trial #65: GFLOPs: 36.2095. Time: 2085.0201 us. Best GFLOPs: 107.4607
2026-04-07 15:24:26 [INFO] [task_scheduler.cc:137] [Task #0: main] Trial #66: GFLOPs: 35.4393. Time: 2130.3341 us. Best GFLOPs: 107.4607
2026-04-07 15:24:26 [INFO] [task_scheduler.cc:137] [Task #0: main] Trial #67: GFLOPs: 62.2835. Time: 1212.1578 us. Best GFLOPs: 107.4607
2026-04-07 15:24:26 [INFO] [task_scheduler.cc:137] [Task #0: main] Trial #68: GFLOPs: 7.0202. Time: 10754.2726 us. Best GFLOPs: 107.4607
2026-04-07 15:24:26 [INFO] [task_scheduler.cc:137] [Task #0: main] Trial #69: GFLOPs: 15.3844. Time: 4907.3944 us. Best GFLOPs: 107.4607
2026-04-07 15:24:26 [INFO] [task_scheduler.cc:137] [Task #0: main] Trial #70: GFLOPs: 16.3284. Time: 4623.6955 us. Best GFLOPs: 107.4607
2026-04-07 15:24:26 [INFO] [task_scheduler.cc:137] [Task #0: main] Trial #71: GFLOPs: 11.9893. Time: 6297.0818 us. Best GFLOPs: 107.4607
2026-04-07 15:24:26 [INFO] [task_scheduler.cc:137] [Task #0: main] Trial #72: GFLOPs: 14.0474. Time: 5374.4790 us. Best GFLOPs: 107.4607
2026-04-07 15:24:26 [INFO] [task_scheduler.cc:137] [Task #0: main] Trial #73: GFLOPs: 11.5889. Time: 6514.6358 us. Best GFLOPs: 107.4607
2026-04-07 15:24:26 [INFO] [task_scheduler.cc:137] [Task #0: main] Trial #74: GFLOPs: 15.5282. Time: 4861.9467 us. Best GFLOPs: 107.4607
2026-04-07 15:24:26 [INFO] [task_scheduler.cc:137] [Task #0: main] Trial #75: GFLOPs: 34.9018. Time: 2163.1418 us. Best GFLOPs: 107.4607
2026-04-07 15:24:26 [INFO] [task_scheduler.cc:137] [Task #0: main] Trial #76: GFLOPs: 16.5957. Time: 4549.2291 us. Best GFLOPs: 107.4607
2026-04-07 15:24:26 [INFO] [task_scheduler.cc:137] [Task #0: main] Trial #77: GFLOPs: 13.7619. Time: 5485.9868 us. Best GFLOPs: 107.4607
2026-04-07 15:24:26 [INFO] [task_scheduler.cc:137] [Task #0: main] Trial #78: GFLOPs: 17.0680. Time: 4423.3425 us. Best GFLOPs: 107.4607
2026-04-07 15:24:26 [INFO] [task_scheduler.cc:137] [Task #0: main] Trial #79: GFLOPs: 23.9023. Time: 3158.5804 us. Best GFLOPs: 107.4607
2026-04-07 15:24:26 [INFO] [task_scheduler.cc:137] [Task #0: main] Trial #80: GFLOPs: 10.5349. Time: 7166.4290 us. Best GFLOPs: 107.4607
2026-04-07 15:24:26 [INFO] [task_scheduler.cc:137] [Task #0: main] Trial #81: GFLOPs: 26.8814. Time: 2808.5387 us. Best GFLOPs: 107.4607
2026-04-07 15:24:26 [INFO] [task_scheduler.cc:137] [Task #0: main] Trial #82: GFLOPs: 10.8982. Time: 6927.5379 us. Best GFLOPs: 107.4607
2026-04-07 15:24:26 [INFO] [task_scheduler.cc:137] [Task #0: main] Trial #83: GFLOPs: 14.4626. Time: 5220.1786 us. Best GFLOPs: 107.4607
2026-04-07 15:24:26 [INFO] [task_scheduler.cc:137] [Task #0: main] Trial #84: GFLOPs: 5.8511. Time: 12903.1732 us. Best GFLOPs: 107.4607
2026-04-07 15:24:26 [INFO] [task_scheduler.cc:137] [Task #0: main] Trial #85: GFLOPs: 10.9038. Time: 6923.9887 us. Best GFLOPs: 107.4607
2026-04-07 15:24:26 [INFO] [task_scheduler.cc:137] [Task #0: main] Trial #86: GFLOPs: 41.1825. Time: 1833.2408 us. Best GFLOPs: 107.4607
2026-04-07 15:24:26 [INFO] [task_scheduler.cc:137] [Task #0: main] Trial #87: GFLOPs: 20.9362. Time: 3606.0698 us. Best GFLOPs: 107.4607
2026-04-07 15:24:26 [INFO] [task_scheduler.cc:137] [Task #0: main] Trial #88: GFLOPs: 43.3705. Time: 1740.7571 us. Best GFLOPs: 107.4607
2026-04-07 15:24:26 [INFO] [task_scheduler.cc:137] [Task #0: main] Trial #89: GFLOPs: 20.0167. Time: 3771.7295 us. Best GFLOPs: 107.4607
2026-04-07 15:24:26 [INFO] [task_scheduler.cc:137] [Task #0: main] Trial #90: GFLOPs: 19.2254. Time: 3926.9743 us. Best GFLOPs: 107.4607
2026-04-07 15:24:26 [INFO] [task_scheduler.cc:137] [Task #0: main] Trial #91: GFLOPs: 12.1629. Time: 6207.1902 us. Best GFLOPs: 107.4607
2026-04-07 15:24:26 [INFO] [task_scheduler.cc:137] [Task #0: main] Trial #92: GFLOPs: 26.7252. Time: 2824.9531 us. Best GFLOPs: 107.4607
2026-04-07 15:24:26 [INFO] [task_scheduler.cc:137] [Task #0: main] Trial #93: GFLOPs: 53.6677. Time: 1406.7578 us. Best GFLOPs: 107.4607
2026-04-07 15:24:26 [INFO] [task_scheduler.cc:137] [Task #0: main] Trial #94: GFLOPs: 10.9006. Time: 6925.9962 us. Best GFLOPs: 107.4607
2026-04-07 15:24:26 [INFO] [task_scheduler.cc:137] [Task #0: main] Trial #95: GFLOPs: 70.2088. Time: 1075.3271 us. Best GFLOPs: 107.4607
2026-04-07 15:24:26 [INFO] [task_scheduler.cc:137] [Task #0: main] Trial #96: GFLOPs: 9.2626. Time: 8150.8096 us. Best GFLOPs: 107.4607
2026-04-07 15:24:26 [INFO] [task_scheduler.cc:137] [Task #0: main] Trial #97: GFLOPs: 24.3632. Time: 3098.8323 us. Best GFLOPs: 107.4607
2026-04-07 15:24:26 [INFO] [task_scheduler.cc:137] [Task #0: main] Trial #98: GFLOPs: 2.5333. Time: 29801.6527 us. Best GFLOPs: 107.4607
2026-04-07 15:24:26 [INFO] [task_scheduler.cc:137] [Task #0: main] Trial #99: GFLOPs: 61.0035. Time: 1237.5929 us. Best GFLOPs: 107.4607
2026-04-07 15:24:26 [INFO] [task_scheduler.cc:137] [Task #0: main] Trial #100: GFLOPs: 54.3419. Time: 1389.3060 us. Best GFLOPs: 107.4607
2026-04-07 15:24:26 [INFO] [task_scheduler.cc:137] [Task #0: main] Trial #101: GFLOPs: 73.9795. Time: 1020.5184 us. Best GFLOPs: 107.4607
2026-04-07 15:24:26 [INFO] [task_scheduler.cc:137] [Task #0: main] Trial #102: GFLOPs: 29.1905. Time: 2586.3756 us. Best GFLOPs: 107.4607
2026-04-07 15:24:26 [INFO] [task_scheduler.cc:137] [Task #0: main] Trial #103: GFLOPs: 29.0835. Time: 2595.8878 us. Best GFLOPs: 107.4607
2026-04-07 15:24:26 [INFO] [task_scheduler.cc:137] [Task #0: main] Trial #104: GFLOPs: 12.5833. Time: 5999.8265 us. Best GFLOPs: 107.4607
2026-04-07 15:24:26 [INFO] [task_scheduler.cc:137] [Task #0: main] Trial #105: GFLOPs: 30.3596. Time: 2486.7773 us. Best GFLOPs: 107.4607
2026-04-07 15:24:26 [INFO] [task_scheduler.cc:137] [Task #0: main] Trial #106: GFLOPs: 61.8811. Time: 1220.0413 us. Best GFLOPs: 107.4607
2026-04-07 15:24:26 [INFO] [task_scheduler.cc:137] [Task #0: main] Trial #107: GFLOPs: 25.7566. Time: 2931.1844 us. Best GFLOPs: 107.4607
2026-04-07 15:24:26 [INFO] [task_scheduler.cc:137] [Task #0: main] Trial #108: GFLOPs: 64.3371. Time: 1173.4669 us. Best GFLOPs: 107.4607
2026-04-07 15:24:26 [INFO] [task_scheduler.cc:137] [Task #0: main] Trial #109: GFLOPs: 63.0005. Time: 1198.3633 us. Best GFLOPs: 107.4607
2026-04-07 15:24:26 [INFO] [task_scheduler.cc:137] [Task #0: main] Trial #110: GFLOPs: 34.4566. Time: 2191.0890 us. Best GFLOPs: 107.4607
2026-04-07 15:24:26 [INFO] [task_scheduler.cc:137] [Task #0: main] Trial #111: GFLOPs: 42.4788. Time: 1777.2968 us. Best GFLOPs: 107.4607
2026-04-07 15:24:26 [INFO] [task_scheduler.cc:137] [Task #0: main] Trial #112: GFLOPs: 21.9767. Time: 3435.3380 us. Best GFLOPs: 107.4607
2026-04-07 15:24:26 [INFO] [task_scheduler.cc:137] [Task #0: main] Trial #113: GFLOPs: 14.1302. Time: 5342.9711 us. Best GFLOPs: 107.4607
2026-04-07 15:24:26 [INFO] [task_scheduler.cc:137] [Task #0: main] Trial #114: GFLOPs: 50.3344. Time: 1499.9166 us. Best GFLOPs: 107.4607
2026-04-07 15:24:26 [INFO] [task_scheduler.cc:137] [Task #0: main] Trial #115: GFLOPs: 13.5427. Time: 5574.7641 us. Best GFLOPs: 107.4607
2026-04-07 15:24:26 [INFO] [task_scheduler.cc:137] [Task #0: main] Trial #116: GFLOPs: 25.5976. Time: 2949.3996 us. Best GFLOPs: 107.4607
2026-04-07 15:24:26 [INFO] [task_scheduler.cc:137] [Task #0: main] Trial #117: GFLOPs: 42.3792. Time: 1781.4753 us. Best GFLOPs: 107.4607
2026-04-07 15:24:26 [INFO] [task_scheduler.cc:137] [Task #0: main] Trial #118: GFLOPs: 52.6755. Time: 1433.2570 us. Best GFLOPs: 107.4607
2026-04-07 15:24:26 [INFO] [task_scheduler.cc:137] [Task #0: main] Trial #119: GFLOPs: 47.7642. Time: 1580.6297 us. Best GFLOPs: 107.4607
2026-04-07 15:24:26 [INFO] [task_scheduler.cc:137] [Task #0: main] Trial #120: GFLOPs: 35.5580. Time: 2123.2203 us. Best GFLOPs: 107.4607
2026-04-07 15:24:26 [INFO] [task_scheduler.cc:137] [Task #0: main] Trial #121: GFLOPs: 15.3286. Time: 4925.2723 us. Best GFLOPs: 107.4607
2026-04-07 15:24:26 [INFO] [task_scheduler.cc:137] [Task #0: main] Trial #122: GFLOPs: 20.1874. Time: 3739.8332 us. Best GFLOPs: 107.4607
2026-04-07 15:24:26 [INFO] [task_scheduler.cc:137] [Task #0: main] Trial #123: GFLOPs: 70.0664. Time: 1077.5130 us. Best GFLOPs: 107.4607
2026-04-07 15:24:26 [INFO] [task_scheduler.cc:137] [Task #0: main] Trial #124: GFLOPs: 29.3765. Time: 2569.9927 us. Best GFLOPs: 107.4607
2026-04-07 15:24:26 [INFO] [task_scheduler.cc:137] [Task #0: main] Trial #125: GFLOPs: 94.4637. Time: 799.2216 us. Best GFLOPs: 107.4607
2026-04-07 15:24:26 [INFO] [task_scheduler.cc:137] [Task #0: main] Trial #126: GFLOPs: 19.1042. Time: 3951.8703 us. Best GFLOPs: 107.4607
2026-04-07 15:24:26 [INFO] [task_scheduler.cc:137] [Task #0: main] Trial #127: GFLOPs: 20.7085. Time: 3645.7266 us. Best GFLOPs: 107.4607
2026-04-07 15:24:26 [INFO] [task_scheduler.cc:137] [Task #0: main] Trial #128: GFLOPs: 44.1312. Time: 1710.7512 us. Best GFLOPs: 107.4607
2026-04-07 15:24:26 [INFO] [evolutionary_search.cc:711] Generating candidates......
2026-04-07 15:24:26 [INFO] [evolutionary_search.cc:713] Picked top 91 candidate(s) from database
2026-04-07 15:24:26 [INFO] [evolutionary_search.cc:530] Sample-Init-Population summary:
Postproc #0 [meta_schedule.DisallowDynamicLoop(0x5bdf401353c8)]: 0 failure(s)
Postproc #1 [meta_schedule.RewriteParallelVectorizeUnroll(0x5bdf40030a68)]: 0 failure(s)
Postproc #2 [meta_schedule.RewriteReductionBlock(0x5bdf405040b8)]: 0 failure(s)
Postproc #3 [meta_schedule.RewriteLayout(0x5bdf4074d2d8)]: 0 failure(s)
2026-04-07 15:24:26 [INFO] [evolutionary_search.cc:721] Sampled 366 candidate(s)
2026-04-07 15:24:27 [INFO] [evolutionary_search.cc:619] Evolve iter #0 done. Summary:
Postproc #0 [meta_schedule.DisallowDynamicLoop(0x5bdf401353c8)]: 0 failure(s)
Postproc #1 [meta_schedule.RewriteParallelVectorizeUnroll(0x5bdf40030a68)]: 0 failure(s)
Postproc #2 [meta_schedule.RewriteReductionBlock(0x5bdf405040b8)]: 0 failure(s)
Postproc #3 [meta_schedule.RewriteLayout(0x5bdf4074d2d8)]: 0 failure(s)
2026-04-07 15:24:28 [INFO] [evolutionary_search.cc:619] Evolve iter #1 done. Summary:
Postproc #0 [meta_schedule.DisallowDynamicLoop(0x5bdf401353c8)]: 0 failure(s)
Postproc #1 [meta_schedule.RewriteParallelVectorizeUnroll(0x5bdf40030a68)]: 0 failure(s)
Postproc #2 [meta_schedule.RewriteReductionBlock(0x5bdf405040b8)]: 0 failure(s)
Postproc #3 [meta_schedule.RewriteLayout(0x5bdf4074d2d8)]: 0 failure(s)
2026-04-07 15:24:28 [INFO] [evolutionary_search.cc:619] Evolve iter #2 done. Summary:
Postproc #0 [meta_schedule.DisallowDynamicLoop(0x5bdf401353c8)]: 0 failure(s)
Postproc #1 [meta_schedule.RewriteParallelVectorizeUnroll(0x5bdf40030a68)]: 0 failure(s)
Postproc #2 [meta_schedule.RewriteReductionBlock(0x5bdf405040b8)]: 0 failure(s)
Postproc #3 [meta_schedule.RewriteLayout(0x5bdf4074d2d8)]: 0 failure(s)
2026-04-07 15:24:29 [INFO] [evolutionary_search.cc:647] Scores of the best 64 candidates:
[1 : 16]:	1.0105  1.0105  1.0015  0.9699  0.9611  0.9345  0.9285  0.9190  0.9088  0.9065  0.9051  0.9051  0.9017  0.8875  0.8740  0.8728
[17 : 32]:	0.8725  0.8683  0.8682  0.8595  0.8415  0.8386  0.8386  0.8303  0.8258  0.8184  0.8152  0.8122  0.8122  0.8095  0.8087  0.7913
[33 : 48]:	0.7913  0.7722  0.7384  0.7336  0.7271  0.7271  0.7236  0.7226  0.7108  0.7091  0.7009  0.6973  0.6973  0.6950  0.6867  0.6847
[49 : 64]:	0.6782  0.6770  0.6500  0.6335  0.6262  0.6244  0.6229  0.6183  0.6180  0.6135  0.6096  0.6096  0.6077  0.6077  0.6072  0.6068
2026-04-07 15:24:29 [INFO] [evolutionary_search.cc:725] Got 64 candidate(s) with evolutionary search
2026-04-07 15:24:29 [INFO] [evolutionary_search.cc:728] Sending 64 candidates(s) for measurement
2026-04-07 15:25:15 [INFO] [task_scheduler.cc:137] [Task #0: main] Trial #129: GFLOPs: 94.0257. Time: 802.9451 us. Best GFLOPs: 107.4607
2026-04-07 15:25:15 [INFO] [task_scheduler.cc:137] [Task #0: main] Trial #130: GFLOPs: 96.9885. Time: 778.4166 us. Best GFLOPs: 107.4607
2026-04-07 15:25:15 [INFO] [task_scheduler.cc:137] [Task #0: main] Trial #131: GFLOPs: 107.8924. Time: 699.7477 us. Best GFLOPs: 107.8924
2026-04-07 15:25:15 [INFO] [task_scheduler.cc:137] [Task #0: main] Trial #132: GFLOPs: 56.6447. Time: 1332.8238 us. Best GFLOPs: 107.8924
2026-04-07 15:25:15 [INFO] [task_scheduler.cc:137] [Task #0: main] Trial #133: GFLOPs: 60.1210. Time: 1255.7578 us. Best GFLOPs: 107.8924
2026-04-07 15:25:15 [INFO] [task_scheduler.cc:137] [Task #0: main] Trial #134: GFLOPs: 52.9591. Time: 1425.5803 us. Best GFLOPs: 107.8924
2026-04-07 15:25:15 [INFO] [task_scheduler.cc:137] [Task #0: main] Trial #135: GFLOPs: 49.5277. Time: 1524.3493 us. Best GFLOPs: 107.8924
2026-04-07 15:25:15 [INFO] [task_scheduler.cc:137] [Task #0: main] Trial #136: GFLOPs: 81.7790. Time: 923.1890 us. Best GFLOPs: 107.8924
2026-04-07 15:25:15 [INFO] [task_scheduler.cc:137] [Task #0: main] Trial #137: GFLOPs: 66.5879. Time: 1133.8010 us. Best GFLOPs: 107.8924
2026-04-07 15:25:15 [INFO] [task_scheduler.cc:137] [Task #0: main] Trial #138: GFLOPs: 63.9617. Time: 1180.3539 us. Best GFLOPs: 107.8924
2026-04-07 15:25:15 [INFO] [task_scheduler.cc:137] [Task #0: main] Trial #139: GFLOPs: 80.5617. Time: 937.1388 us. Best GFLOPs: 107.8924
2026-04-07 15:25:15 [INFO] [task_scheduler.cc:137] [Task #0: main] Trial #140: GFLOPs: 94.2323. Time: 801.1850 us. Best GFLOPs: 107.8924
2026-04-07 15:25:15 [INFO] [task_scheduler.cc:137] [Task #0: main] Trial #141: GFLOPs: 91.2660. Time: 827.2248 us. Best GFLOPs: 107.8924
2026-04-07 15:25:15 [INFO] [task_scheduler.cc:137] [Task #0: main] Trial #142: GFLOPs: 73.1729. Time: 1031.7687 us. Best GFLOPs: 107.8924
2026-04-07 15:25:15 [INFO] [task_scheduler.cc:137] [Task #0: main] Trial #143: GFLOPs: 85.4981. Time: 883.0314 us. Best GFLOPs: 107.8924
2026-04-07 15:25:15 [INFO] [task_scheduler.cc:137] [Task #0: main] Trial #144: GFLOPs: 71.1351. Time: 1061.3255 us. Best GFLOPs: 107.8924
2026-04-07 15:25:15 [INFO] [task_scheduler.cc:137] [Task #0: main] Trial #145: GFLOPs: 67.9255. Time: 1111.4740 us. Best GFLOPs: 107.8924
2026-04-07 15:25:15 [INFO] [task_scheduler.cc:137] [Task #0: main] Trial #146: GFLOPs: 16.9550. Time: 4452.8117 us. Best GFLOPs: 107.8924
2026-04-07 15:25:15 [INFO] [task_scheduler.cc:137] [Task #0: main] Trial #147: GFLOPs: 89.2461. Time: 845.9474 us. Best GFLOPs: 107.8924
2026-04-07 15:25:15 [INFO] [task_scheduler.cc:137] [Task #0: main] Trial #148: GFLOPs: 5.4711. Time: 13799.2242 us. Best GFLOPs: 107.8924
2026-04-07 15:25:15 [INFO] [task_scheduler.cc:137] [Task #0: main] Trial #149: GFLOPs: 66.6604. Time: 1132.5679 us. Best GFLOPs: 107.8924
2026-04-07 15:25:15 [INFO] [task_scheduler.cc:137] [Task #0: main] Trial #150: GFLOPs: 5.2604. Time: 14351.9526 us. Best GFLOPs: 107.8924
2026-04-07 15:25:15 [INFO] [task_scheduler.cc:137] [Task #0: main] Trial #151: GFLOPs: 4.8166. Time: 15674.5487 us. Best GFLOPs: 107.8924
2026-04-07 15:25:15 [INFO] [task_scheduler.cc:137] [Task #0: main] Trial #152: GFLOPs: 3.9727. Time: 19004.0477 us. Best GFLOPs: 107.8924
2026-04-07 15:25:15 [INFO] [task_scheduler.cc:137] [Task #0: main] Trial #153: GFLOPs: 5.0023. Time: 15092.4335 us. Best GFLOPs: 107.8924
2026-04-07 15:25:15 [INFO] [task_scheduler.cc:137] [Task #0: main] Trial #154: GFLOPs: 16.6317. Time: 4539.3686 us. Best GFLOPs: 107.8924
2026-04-07 15:25:15 [INFO] [task_scheduler.cc:137] [Task #0: main] Trial #155: GFLOPs: 14.0958. Time: 5356.0187 us. Best GFLOPs: 107.8924
2026-04-07 15:25:15 [INFO] [task_scheduler.cc:137] [Task #0: main] Trial #156: GFLOPs: 80.4151. Time: 938.8471 us. Best GFLOPs: 107.8924
2026-04-07 15:25:15 [INFO] [task_scheduler.cc:137] [Task #0: main] Trial #157: GFLOPs: 101.9324. Time: 740.6624 us. Best GFLOPs: 107.8924
2026-04-07 15:25:15 [INFO] [task_scheduler.cc:137] [Task #0: main] Trial #158: GFLOPs: 4.3365. Time: 17409.7388 us. Best GFLOPs: 107.8924
2026-04-07 15:25:15 [INFO] [task_scheduler.cc:137] [Task #0: main] Trial #159: GFLOPs: 9.8289. Time: 7681.2018 us. Best GFLOPs: 107.8924
2026-04-07 15:25:15 [INFO] [task_scheduler.cc:137] [Task #0: main] Trial #160: GFLOPs: 12.9833. Time: 5814.9876 us. Best GFLOPs: 107.8924
2026-04-07 15:25:15 [INFO] [task_scheduler.cc:137] [Task #0: main] Trial #161: GFLOPs: 5.2880. Time: 14277.0145 us. Best GFLOPs: 107.8924
2026-04-07 15:25:15 [INFO] [task_scheduler.cc:137] [Task #0: main] Trial #162: GFLOPs: 86.0301. Time: 877.5709 us. Best GFLOPs: 107.8924
2026-04-07 15:25:15 [INFO] [task_scheduler.cc:137] [Task #0: main] Trial #163: GFLOPs: 2.1502. Time: 35112.1110 us. Best GFLOPs: 107.8924
2026-04-07 15:25:15 [INFO] [task_scheduler.cc:137] [Task #0: main] Trial #164: GFLOPs: 81.7713. Time: 923.2761 us. Best GFLOPs: 107.8924
2026-04-07 15:25:15 [INFO] [task_scheduler.cc:137] [Task #0: main] Trial #165: GFLOPs: 76.7051. Time: 984.2566 us. Best GFLOPs: 107.8924
2026-04-07 15:25:15 [INFO] [task_scheduler.cc:137] [Task #0: main] Trial #166: GFLOPs: 78.2983. Time: 964.2285 us. Best GFLOPs: 107.8924
2026-04-07 15:25:15 [INFO] [task_scheduler.cc:137] [Task #0: main] Trial #167: GFLOPs: 96.4197. Time: 783.0089 us. Best GFLOPs: 107.8924
2026-04-07 15:25:15 [INFO] [task_scheduler.cc:137] [Task #0: main] Trial #168: GFLOPs: 17.2589. Time: 4374.3973 us. Best GFLOPs: 107.8924
2026-04-07 15:25:15 [INFO] [task_scheduler.cc:137] [Task #0: main] Trial #169: GFLOPs: 67.4833. Time: 1118.7577 us. Best GFLOPs: 107.8924
2026-04-07 15:25:15 [INFO] [task_scheduler.cc:137] [Task #0: main] Trial #170: GFLOPs: 95.8757. Time: 787.4518 us. Best GFLOPs: 107.8924
2026-04-07 15:25:15 [INFO] [task_scheduler.cc:137] [Task #0: main] Trial #171: GFLOPs: 52.7208. Time: 1432.0248 us. Best GFLOPs: 107.8924
2026-04-07 15:25:15 [INFO] [task_scheduler.cc:137] [Task #0: main] Trial #172: GFLOPs: 56.3390. Time: 1340.0579 us. Best GFLOPs: 107.8924
2026-04-07 15:25:15 [INFO] [task_scheduler.cc:137] [Task #0: main] Trial #173: GFLOPs: 55.4946. Time: 1360.4476 us. Best GFLOPs: 107.8924
2026-04-07 15:25:15 [INFO] [task_scheduler.cc:137] [Task #0: main] Trial #174: GFLOPs: 60.6320. Time: 1245.1744 us. Best GFLOPs: 107.8924
2026-04-07 15:25:15 [INFO] [task_scheduler.cc:137] [Task #0: main] Trial #175: GFLOPs: 64.0247. Time: 1179.1933 us. Best GFLOPs: 107.8924
2026-04-07 15:25:15 [INFO] [task_scheduler.cc:137] [Task #0: main] Trial #176: GFLOPs: 63.8325. Time: 1182.7444 us. Best GFLOPs: 107.8924
2026-04-07 15:25:15 [INFO] [task_scheduler.cc:137] [Task #0: main] Trial #177: GFLOPs: 96.4974. Time: 782.3780 us. Best GFLOPs: 107.8924
2026-04-07 15:25:15 [INFO] [task_scheduler.cc:137] [Task #0: main] Trial #178: GFLOPs: 67.2205. Time: 1123.1318 us. Best GFLOPs: 107.8924
2026-04-07 15:25:15 [INFO] [task_scheduler.cc:137] [Task #0: main] Trial #179: GFLOPs: 74.5155. Time: 1013.1777 us. Best GFLOPs: 107.8924
2026-04-07 15:25:15 [INFO] [task_scheduler.cc:137] [Task #0: main] Trial #180: GFLOPs: 29.8018. Time: 2533.3219 us. Best GFLOPs: 107.8924
2026-04-07 15:25:15 [INFO] [task_scheduler.cc:137] [Task #0: main] Trial #181: GFLOPs: 83.0791. Time: 908.7416 us. Best GFLOPs: 107.8924
2026-04-07 15:25:15 [INFO] [task_scheduler.cc:137] [Task #0: main] Trial #182: GFLOPs: 67.2381. Time: 1122.8384 us. Best GFLOPs: 107.8924
2026-04-07 15:25:15 [INFO] [task_scheduler.cc:137] [Task #0: main] Trial #183: GFLOPs: 56.3307. Time: 1340.2549 us. Best GFLOPs: 107.8924
2026-04-07 15:25:15 [INFO] [task_scheduler.cc:137] [Task #0: main] Trial #184: GFLOPs: 46.1679. Time: 1635.2800 us. Best GFLOPs: 107.8924
2026-04-07 15:25:15 [INFO] [task_scheduler.cc:137] [Task #0: main] Trial #185: GFLOPs: 96.6033. Time: 781.5205 us. Best GFLOPs: 107.8924
2026-04-07 15:25:15 [INFO] [task_scheduler.cc:137] [Task #0: main] Trial #186: GFLOPs: 74.1444. Time: 1018.2492 us. Best GFLOPs: 107.8924
2026-04-07 15:25:15 [INFO] [task_scheduler.cc:137] [Task #0: main] Trial #187: GFLOPs: 93.1798. Time: 810.2341 us. Best GFLOPs: 107.8924
2026-04-07 15:25:15 [INFO] [task_scheduler.cc:137] [Task #0: main] Trial #188: GFLOPs: 26.1945. Time: 2882.1843 us. Best GFLOPs: 107.8924
2026-04-07 15:25:15 [INFO] [task_scheduler.cc:137] [Task #0: main] Trial #189: GFLOPs: 75.0877. Time: 1005.4569 us. Best GFLOPs: 107.8924
2026-04-07 15:25:15 [INFO] [task_scheduler.cc:137] [Task #0: main] Trial #190: GFLOPs: 27.1031. Time: 2785.5611 us. Best GFLOPs: 107.8924
2026-04-07 15:25:15 [INFO] [task_scheduler.cc:137] [Task #0: main] Trial #191: GFLOPs: 6.0303. Time: 12519.7813 us. Best GFLOPs: 107.8924
2026-04-07 15:25:15 [INFO] [task_scheduler.cc:137] [Task #0: main] Trial #192: GFLOPs: 46.6559. Time: 1618.1766 us. Best GFLOPs: 107.8924
2026-04-07 15:25:15 [INFO] [evolutionary_search.cc:711] Generating candidates......
2026-04-07 15:25:15 [INFO] [evolutionary_search.cc:713] Picked top 91 candidate(s) from database
2026-04-07 15:25:15 [INFO] [evolutionary_search.cc:530] Sample-Init-Population summary:
Postproc #0 [meta_schedule.DisallowDynamicLoop(0x5bdf401353c8)]: 0 failure(s)
Postproc #1 [meta_schedule.RewriteParallelVectorizeUnroll(0x5bdf40030a68)]: 0 failure(s)
Postproc #2 [meta_schedule.RewriteReductionBlock(0x5bdf405040b8)]: 0 failure(s)
Postproc #3 [meta_schedule.RewriteLayout(0x5bdf4074d2d8)]: 0 failure(s)
2026-04-07 15:25:15 [INFO] [evolutionary_search.cc:721] Sampled 366 candidate(s)
2026-04-07 15:25:16 [INFO] [evolutionary_search.cc:619] Evolve iter #0 done. Summary:
Postproc #0 [meta_schedule.DisallowDynamicLoop(0x5bdf401353c8)]: 0 failure(s)
Postproc #1 [meta_schedule.RewriteParallelVectorizeUnroll(0x5bdf40030a68)]: 0 failure(s)
Postproc #2 [meta_schedule.RewriteReductionBlock(0x5bdf405040b8)]: 0 failure(s)
Postproc #3 [meta_schedule.RewriteLayout(0x5bdf4074d2d8)]: 0 failure(s)
2026-04-07 15:25:16 [INFO] [evolutionary_search.cc:619] Evolve iter #1 done. Summary:
Postproc #0 [meta_schedule.DisallowDynamicLoop(0x5bdf401353c8)]: 0 failure(s)
Postproc #1 [meta_schedule.RewriteParallelVectorizeUnroll(0x5bdf40030a68)]: 0 failure(s)
Postproc #2 [meta_schedule.RewriteReductionBlock(0x5bdf405040b8)]: 0 failure(s)
Postproc #3 [meta_schedule.RewriteLayout(0x5bdf4074d2d8)]: 0 failure(s)
2026-04-07 15:25:17 [INFO] [evolutionary_search.cc:619] Evolve iter #2 done. Summary:
Postproc #0 [meta_schedule.DisallowDynamicLoop(0x5bdf401353c8)]: 0 failure(s)
Postproc #1 [meta_schedule.RewriteParallelVectorizeUnroll(0x5bdf40030a68)]: 0 failure(s)
Postproc #2 [meta_schedule.RewriteReductionBlock(0x5bdf405040b8)]: 0 failure(s)
Postproc #3 [meta_schedule.RewriteLayout(0x5bdf4074d2d8)]: 0 failure(s)
2026-04-07 15:25:18 [INFO] [evolutionary_search.cc:647] Scores of the best 36 candidates:
[1 : 16]:	0.9617  0.9617  0.9292  0.9086  0.9005  0.8996  0.8995  0.8876  0.8811  0.8652  0.8562  0.8461  0.8419  0.8379  0.8368  0.8314
[17 : 32]:	0.8312  0.8299  0.8229  0.8201  0.8201  0.8200  0.8188  0.8174  0.8174  0.8117  0.8088  0.8064  0.8016  0.8009  0.7968  0.7897
[33 : 36]:	0.7894  0.7865  0.7865  0.7863
2026-04-07 15:25:18 [INFO] [evolutionary_search.cc:725] Got 36 candidate(s) with evolutionary search
2026-04-07 15:25:18 [INFO] [evolutionary_search.cc:728] Sending 36 candidates(s) for measurement
2026-04-07 15:25:39 [INFO] [task_scheduler.cc:137] [Task #0: main] Trial #193: GFLOPs: 106.9562. Time: 705.8729 us. Best GFLOPs: 107.8924
2026-04-07 15:25:39 [INFO] [task_scheduler.cc:137] [Task #0: main] Trial #194: GFLOPs: 97.1773. Time: 776.9043 us. Best GFLOPs: 107.8924
2026-04-07 15:25:39 [INFO] [task_scheduler.cc:137] [Task #0: main] Trial #195: GFLOPs: 92.3140. Time: 817.8335 us. Best GFLOPs: 107.8924
2026-04-07 15:25:39 [INFO] [task_scheduler.cc:137] [Task #0: main] Trial #196: GFLOPs: 99.1336. Time: 761.5733 us. Best GFLOPs: 107.8924
2026-04-07 15:25:39 [INFO] [task_scheduler.cc:137] [Task #0: main] Trial #197: GFLOPs: 90.1534. Time: 837.4337 us. Best GFLOPs: 107.8924
2026-04-07 15:25:39 [INFO] [task_scheduler.cc:137] [Task #0: main] Trial #198: GFLOPs: 95.0422. Time: 794.3573 us. Best GFLOPs: 107.8924
2026-04-07 15:25:39 [INFO] [task_scheduler.cc:137] [Task #0: main] Trial #199: GFLOPs: 106.2750. Time: 710.3972 us. Best GFLOPs: 107.8924
2026-04-07 15:25:39 [INFO] [task_scheduler.cc:137] [Task #0: main] Trial #200: GFLOPs: 92.5366. Time: 815.8660 us. Best GFLOPs: 107.8924
2026-04-07 15:25:39 [INFO] [task_scheduler.cc:137] [Task #0: main] Trial #201: GFLOPs: 95.7361. Time: 788.5999 us. Best GFLOPs: 107.8924
2026-04-07 15:25:39 [INFO] [task_scheduler.cc:137] [Task #0: main] Trial #202: GFLOPs: 56.8491. Time: 1328.0340 us. Best GFLOPs: 107.8924
2026-04-07 15:25:39 [INFO] [task_scheduler.cc:137] [Task #0: main] Trial #203: GFLOPs: 60.6472. Time: 1244.8626 us. Best GFLOPs: 107.8924
2026-04-07 15:25:39 [INFO] [task_scheduler.cc:137] [Task #0: main] Trial #204: GFLOPs: 72.8527. Time: 1036.3030 us. Best GFLOPs: 107.8924
2026-04-07 15:25:39 [INFO] [task_scheduler.cc:137] [Task #0: main] Trial #205: GFLOPs: 83.7996. Time: 900.9284 us. Best GFLOPs: 107.8924
2026-04-07 15:25:39 [INFO] [task_scheduler.cc:137] [Task #0: main] Trial #206: GFLOPs: 93.7383. Time: 805.4069 us. Best GFLOPs: 107.8924
2026-04-07 15:25:39 [INFO] [task_scheduler.cc:137] [Task #0: main] Trial #207: GFLOPs: 42.7836. Time: 1764.6375 us. Best GFLOPs: 107.8924
2026-04-07 15:25:39 [INFO] [task_scheduler.cc:137] [Task #0: main] Trial #208: GFLOPs: 73.8795. Time: 1021.8998 us. Best GFLOPs: 107.8924
2026-04-07 15:25:39 [INFO] [task_scheduler.cc:137] [Task #0: main] Trial #209: GFLOPs: 61.5053. Time: 1227.4954 us. Best GFLOPs: 107.8924
2026-04-07 15:25:39 [INFO] [task_scheduler.cc:137] [Task #0: main] Trial #210: GFLOPs: 104.2359. Time: 724.2946 us. Best GFLOPs: 107.8924
2026-04-07 15:25:39 [INFO] [task_scheduler.cc:137] [Task #0: main] Trial #211: GFLOPs: 97.8087. Time: 771.8892 us. Best GFLOPs: 107.8924
2026-04-07 15:25:39 [INFO] [task_scheduler.cc:137] [Task #0: main] Trial #212: GFLOPs: 64.7367. Time: 1166.2237 us. Best GFLOPs: 107.8924
2026-04-07 15:25:39 [INFO] [task_scheduler.cc:137] [Task #0: main] Trial #213: GFLOPs: 82.2169. Time: 918.2725 us. Best GFLOPs: 107.8924
2026-04-07 15:25:39 [INFO] [task_scheduler.cc:137] [Task #0: main] Trial #214: GFLOPs: 89.5728. Time: 842.8614 us. Best GFLOPs: 107.8924
2026-04-07 15:25:39 [INFO] [task_scheduler.cc:137] [Task #0: main] Trial #215: GFLOPs: 82.5944. Time: 914.0746 us. Best GFLOPs: 107.8924
2026-04-07 15:25:39 [INFO] [task_scheduler.cc:137] [Task #0: main] Trial #216: GFLOPs: 54.6915. Time: 1380.4247 us. Best GFLOPs: 107.8924
2026-04-07 15:25:39 [INFO] [task_scheduler.cc:137] [Task #0: main] Trial #217: GFLOPs: 61.7810. Time: 1222.0169 us. Best GFLOPs: 107.8924
2026-04-07 15:25:39 [INFO] [task_scheduler.cc:137] [Task #0: main] Trial #218: GFLOPs: 80.9080. Time: 933.1272 us. Best GFLOPs: 107.8924
2026-04-07 15:25:39 [INFO] [task_scheduler.cc:137] [Task #0: main] Trial #219: GFLOPs: 75.5619. Time: 999.1475 us. Best GFLOPs: 107.8924
2026-04-07 15:25:39 [INFO] [task_scheduler.cc:137] [Task #0: main] Trial #220: GFLOPs: 99.8934. Time: 755.7801 us. Best GFLOPs: 107.8924
2026-04-07 15:25:39 [INFO] [task_scheduler.cc:137] [Task #0: main] Trial #221: GFLOPs: 83.9426. Time: 899.3939 us. Best GFLOPs: 107.8924
2026-04-07 15:25:39 [INFO] [task_scheduler.cc:137] [Task #0: main] Trial #222: GFLOPs: 77.0283. Time: 980.1263 us. Best GFLOPs: 107.8924
2026-04-07 15:25:39 [INFO] [task_scheduler.cc:137] [Task #0: main] Trial #223: GFLOPs: 66.3992. Time: 1137.0244 us. Best GFLOPs: 107.8924
2026-04-07 15:25:39 [INFO] [task_scheduler.cc:137] [Task #0: main] Trial #224: GFLOPs: 43.9391. Time: 1718.2295 us. Best GFLOPs: 107.8924
2026-04-07 15:25:39 [INFO] [task_scheduler.cc:137] [Task #0: main] Trial #225: GFLOPs: 91.8872. Time: 821.6322 us. Best GFLOPs: 107.8924
2026-04-07 15:25:39 [INFO] [task_scheduler.cc:137] [Task #0: main] Trial #226: GFLOPs: 100.7927. Time: 749.0368 us. Best GFLOPs: 107.8924
2026-04-07 15:25:39 [INFO] [task_scheduler.cc:137] [Task #0: main] Trial #227: GFLOPs: 22.4282. Time: 3366.1829 us. Best GFLOPs: 107.8924
2026-04-07 15:25:39 [INFO] [task_scheduler.cc:137] [Task #0: main] Trial #228: GFLOPs: 26.7125. Time: 2826.2982 us. Best GFLOPs: 107.8924
