2026-04-07 15:10:33 [INFO] Logging directory: research/results/metaschedule/8020/iter_01/f0abb6bb0c61d7da/mlp_reduce/M_16/logs
2026-04-07 15:10:33 [INFO] [task_scheduler.cc:165] Initializing Task #0: "main"
2026-04-07 15:10:33 [INFO] [task_scheduler.cc:326] 
 ID | Name |     FLOP | Weight | Speed (GFLOPS) | Latency (us) | Weighted Latency (us) | Trials | Done 
-------------------------------------------------------------------------------------------------------
  0 | main | 75497472 |      1 |            N/A |          N/A |                   N/A |      0 |      
-------------------------------------------------------------------------------------------------------
Total trials: 0
Total latency (us): 0

2026-04-07 15:10:33 [INFO] [task_scheduler.cc:186] TaskScheduler picks Task #0: "main"
2026-04-07 15:10:35 [INFO] [task_scheduler.cc:199] Sending 64 sample(s) to builder
2026-04-07 15:10:43 [INFO] [task_scheduler.cc:201] Sending 64 sample(s) to runner
2026-04-07 15:10:57 [DEBUG] XGB iter   0: tr-p-rmse: 0.456251	tr-a-peak@32: 0.782480	tr-rmse: 0.228660	tr-rmse: 0.228660
2026-04-07 15:10:57 [DEBUG] XGB iter  25: tr-p-rmse: 0.064417	tr-a-peak@32: 1.000000	tr-rmse: 0.261419	tr-rmse: 0.261419
2026-04-07 15:10:57 [DEBUG] XGB iter  50: tr-p-rmse: 0.061470	tr-a-peak@32: 1.000000	tr-rmse: 0.261758	tr-rmse: 0.261758
2026-04-07 15:10:57 [DEBUG] XGB iter  75: tr-p-rmse: 0.061470	tr-a-peak@32: 1.000000	tr-rmse: 0.261758	tr-rmse: 0.261758
2026-04-07 15:10:57 [DEBUG] XGB stopped. Best iteration: [41] tr-p-rmse:0.06147	tr-a-peak@32:1.00000	tr-rmse:0.26176	tr-rmse:0.26176 
2026-04-07 15:10:57 [INFO] [task_scheduler.cc:243] [Updated] Task #0: "main"
2026-04-07 15:10:57 [INFO] [task_scheduler.cc:326] 
 ID | Name |     FLOP | Weight | Speed (GFLOPS) | Latency (us) | Weighted Latency (us) | Trials | Done 
-------------------------------------------------------------------------------------------------------
  0 | main | 75497472 |      1 |       100.4429 |     751.6454 |              751.6454 |     64 |      
-------------------------------------------------------------------------------------------------------
Total trials: 64
Total latency (us): 751.645

2026-04-07 15:10:57 [INFO] [task_scheduler.cc:186] TaskScheduler picks Task #0: "main"
2026-04-07 15:10:59 [INFO] [task_scheduler.cc:199] Sending 64 sample(s) to builder
2026-04-07 15:11:14 [INFO] [task_scheduler.cc:201] Sending 64 sample(s) to runner
2026-04-07 15:11:29 [DEBUG] XGB validation: p-rmse: 0.215788	a-peak@32: 0.823033
2026-04-07 15:11:29 [DEBUG] XGB iter   0: tr-p-rmse: 0.483159	tr-a-peak@32: 0.518733	tr-rmse: 0.224805	tr-rmse: 0.224805
2026-04-07 15:11:29 [DEBUG] XGB iter  25: tr-p-rmse: 0.054844	tr-a-peak@32: 1.000000	tr-rmse: 0.229331	tr-rmse: 0.229331
2026-04-07 15:11:29 [DEBUG] XGB iter  50: tr-p-rmse: 0.054825	tr-a-peak@32: 1.000000	tr-rmse: 0.229351	tr-rmse: 0.229351
2026-04-07 15:11:29 [DEBUG] XGB iter  75: tr-p-rmse: 0.054825	tr-a-peak@32: 1.000000	tr-rmse: 0.229351	tr-rmse: 0.229351
2026-04-07 15:11:29 [DEBUG] XGB stopped. Best iteration: [40] tr-p-rmse:0.05482	tr-a-peak@32:1.00000	tr-rmse:0.22935	tr-rmse:0.22935 
2026-04-07 15:11:29 [INFO] [task_scheduler.cc:243] [Updated] Task #0: "main"
2026-04-07 15:11:29 [INFO] [task_scheduler.cc:326] 
 ID | Name |     FLOP | Weight | Speed (GFLOPS) | Latency (us) | Weighted Latency (us) | Trials | Done 
-------------------------------------------------------------------------------------------------------
  0 | main | 75497472 |      1 |       100.4429 |     751.6454 |              751.6454 |    128 |      
-------------------------------------------------------------------------------------------------------
Total trials: 128
Total latency (us): 751.645

2026-04-07 15:11:29 [INFO] [task_scheduler.cc:186] TaskScheduler picks Task #0: "main"
2026-04-07 15:11:35 [INFO] [task_scheduler.cc:199] Sending 64 sample(s) to builder
2026-04-07 15:12:00 [INFO] [task_scheduler.cc:201] Sending 64 sample(s) to runner
2026-04-07 15:12:14 [DEBUG] XGB validation: p-rmse: 0.242700	a-peak@32: 0.973603
2026-04-07 15:12:14 [DEBUG] XGB iter   0: tr-p-rmse: 0.440789	tr-a-peak@32: 0.987467	tr-rmse: 0.273197	tr-rmse: 0.273197
2026-04-07 15:12:14 [DEBUG] XGB iter  25: tr-p-rmse: 0.081574	tr-a-peak@32: 1.000000	tr-rmse: 0.312896	tr-rmse: 0.312896
2026-04-07 15:12:14 [DEBUG] XGB iter  50: tr-p-rmse: 0.081559	tr-a-peak@32: 1.000000	tr-rmse: 0.312923	tr-rmse: 0.312923
2026-04-07 15:12:14 [DEBUG] XGB iter  75: tr-p-rmse: 0.081559	tr-a-peak@32: 1.000000	tr-rmse: 0.312923	tr-rmse: 0.312923
2026-04-07 15:12:14 [DEBUG] XGB stopped. Best iteration: [32] tr-p-rmse:0.08156	tr-a-peak@32:1.00000	tr-rmse:0.31292	tr-rmse:0.31292 
2026-04-07 15:12:14 [INFO] [task_scheduler.cc:243] [Updated] Task #0: "main"
2026-04-07 15:12:14 [INFO] [task_scheduler.cc:326] 
 ID | Name |     FLOP | Weight | Speed (GFLOPS) | Latency (us) | Weighted Latency (us) | Trials | Done 
-------------------------------------------------------------------------------------------------------
  0 | main | 75497472 |      1 |       104.3811 |     723.2870 |              723.2870 |    192 |      
-------------------------------------------------------------------------------------------------------
Total trials: 192
Total latency (us): 723.287

2026-04-07 15:12:14 [INFO] [task_scheduler.cc:186] TaskScheduler picks Task #0: "main"
2026-04-07 15:12:20 [INFO] [task_scheduler.cc:199] Sending 38 sample(s) to builder
2026-04-07 15:12:31 [INFO] [task_scheduler.cc:201] Sending 38 sample(s) to runner
2026-04-07 15:12:39 [DEBUG] XGB validation: p-rmse: 0.208864	a-peak@32: 0.981215
2026-04-07 15:12:39 [INFO] [task_scheduler.cc:243] [Updated] Task #0: "main"
2026-04-07 15:12:39 [INFO] [task_scheduler.cc:326] 
 ID | Name |     FLOP | Weight | Speed (GFLOPS) | Latency (us) | Weighted Latency (us) | Trials | Done 
-------------------------------------------------------------------------------------------------------
  0 | main | 75497472 |      1 |       104.3811 |     723.2870 |              723.2870 |    230 |      
-------------------------------------------------------------------------------------------------------
Total trials: 230
Total latency (us): 723.287

2026-04-07 15:12:39 [INFO] [task_scheduler.cc:266] Task #0 has finished. Remaining task(s): 0
2026-04-07 15:12:39 [INFO] [task_scheduler.cc:326] 
 ID | Name |     FLOP | Weight | Speed (GFLOPS) | Latency (us) | Weighted Latency (us) | Trials | Done 
-------------------------------------------------------------------------------------------------------
  0 | main | 75497472 |      1 |       104.3811 |     723.2870 |              723.2870 |    230 |    Y 
-------------------------------------------------------------------------------------------------------
Total trials: 230
Total latency (us): 723.287

2026-04-07 15:12:41 [INFO] LocalBuilder: max_workers = 12
2026-04-07 15:12:42 [INFO] LocalRunner: max_workers = 1
