2026-04-07 19:42:57 [INFO] Logging directory: research/results/metaschedule/8020/iter_01/8b642a7fbbe1bf15/mlp_reduce/M_16/logs
2026-04-07 19:42:57 [INFO] [task_scheduler.cc:165] Initializing Task #0: "main"
2026-04-07 19:42:57 [INFO] [task_scheduler.cc:326] 
 ID | Name |     FLOP | Weight | Speed (GFLOPS) | Latency (us) | Weighted Latency (us) | Trials | Done 
-------------------------------------------------------------------------------------------------------
  0 | main | 75497472 |      1 |            N/A |          N/A |                   N/A |      0 |      
-------------------------------------------------------------------------------------------------------
Total trials: 0
Total latency (us): 0

2026-04-07 19:42:57 [INFO] [task_scheduler.cc:186] TaskScheduler picks Task #0: "main"
2026-04-07 19:42:58 [INFO] [task_scheduler.cc:199] Sending 64 sample(s) to builder
2026-04-07 19:43:07 [INFO] [task_scheduler.cc:201] Sending 64 sample(s) to runner
2026-04-07 19:43:18 [DEBUG] XGB iter   0: tr-p-rmse: 0.472082	tr-a-peak@32: 1.000000	tr-rmse: 0.240329	tr-rmse: 0.240329
2026-04-07 19:43:18 [DEBUG] XGB iter  25: tr-p-rmse: 0.064821	tr-a-peak@32: 1.000000	tr-rmse: 0.272056	tr-rmse: 0.272056
2026-04-07 19:43:18 [DEBUG] XGB iter  50: tr-p-rmse: 0.064779	tr-a-peak@32: 1.000000	tr-rmse: 0.272105	tr-rmse: 0.272105
2026-04-07 19:43:18 [DEBUG] XGB iter  75: tr-p-rmse: 0.064779	tr-a-peak@32: 1.000000	tr-rmse: 0.272105	tr-rmse: 0.272105
2026-04-07 19:43:18 [DEBUG] XGB stopped. Best iteration: [38] tr-p-rmse:0.06478	tr-a-peak@32:1.00000	tr-rmse:0.27211	tr-rmse:0.27211 
2026-04-07 19:43:18 [INFO] [task_scheduler.cc:243] [Updated] Task #0: "main"
2026-04-07 19:43:18 [INFO] [task_scheduler.cc:326] 
 ID | Name |     FLOP | Weight | Speed (GFLOPS) | Latency (us) | Weighted Latency (us) | Trials | Done 
-------------------------------------------------------------------------------------------------------
  0 | main | 75497472 |      1 |       101.6620 |     742.6321 |              742.6321 |     64 |      
-------------------------------------------------------------------------------------------------------
Total trials: 64
Total latency (us): 742.632

2026-04-07 19:43:18 [INFO] [task_scheduler.cc:186] TaskScheduler picks Task #0: "main"
2026-04-07 19:43:19 [INFO] [task_scheduler.cc:199] Sending 13 sample(s) to builder
2026-04-07 19:43:26 [INFO] [task_scheduler.cc:201] Sending 13 sample(s) to runner
2026-04-07 19:43:28 [DEBUG] XGB validation: p-rmse: 0.132824	a-peak@32: 0.968932
2026-04-07 19:43:28 [DEBUG] XGB iter   0: tr-p-rmse: 0.473754	tr-a-peak@32: 0.993930	tr-rmse: 0.231737	tr-rmse: 0.231737
2026-04-07 19:43:29 [DEBUG] XGB iter  25: tr-p-rmse: 0.065124	tr-a-peak@32: 1.000000	tr-rmse: 0.261606	tr-rmse: 0.261606
2026-04-07 19:43:29 [DEBUG] XGB iter  50: tr-p-rmse: 0.065102	tr-a-peak@32: 1.000000	tr-rmse: 0.261631	tr-rmse: 0.261631
2026-04-07 19:43:29 [DEBUG] XGB iter  75: tr-p-rmse: 0.065102	tr-a-peak@32: 1.000000	tr-rmse: 0.261631	tr-rmse: 0.261631
2026-04-07 19:43:29 [DEBUG] XGB stopped. Best iteration: [37] tr-p-rmse:0.06510	tr-a-peak@32:1.00000	tr-rmse:0.26163	tr-rmse:0.26163 
2026-04-07 19:43:29 [INFO] [task_scheduler.cc:243] [Updated] Task #0: "main"
2026-04-07 19:43:29 [INFO] [task_scheduler.cc:326] 
 ID | Name |     FLOP | Weight | Speed (GFLOPS) | Latency (us) | Weighted Latency (us) | Trials | Done 
-------------------------------------------------------------------------------------------------------
  0 | main | 75497472 |      1 |       101.6620 |     742.6321 |              742.6321 |     77 |      
-------------------------------------------------------------------------------------------------------
Total trials: 77
Total latency (us): 742.632

2026-04-07 19:43:29 [INFO] [task_scheduler.cc:266] Task #0 has finished. Remaining task(s): 0
2026-04-07 19:43:29 [INFO] [task_scheduler.cc:326] 
 ID | Name |     FLOP | Weight | Speed (GFLOPS) | Latency (us) | Weighted Latency (us) | Trials | Done 
-------------------------------------------------------------------------------------------------------
  0 | main | 75497472 |      1 |       101.6620 |     742.6321 |              742.6321 |     77 |    Y 
-------------------------------------------------------------------------------------------------------
Total trials: 77
Total latency (us): 742.632

2026-04-07 19:43:29 [INFO] LocalBuilder: max_workers = 12
2026-04-07 19:43:30 [INFO] LocalRunner: max_workers = 1
