2026-04-07 14:58:10 [INFO] Logging directory: research/results/metaschedule/8020/iter_01/f0abb6bb0c61d7da/qkv/M_16/logs
2026-04-07 14:58:10 [INFO] [task_scheduler.cc:165] Initializing Task #0: "main"
2026-04-07 14:58:10 [INFO] [task_scheduler.cc:326] 
 ID | Name |     FLOP | Weight | Speed (GFLOPS) | Latency (us) | Weighted Latency (us) | Trials | Done 
-------------------------------------------------------------------------------------------------------
  0 | main | 18874368 |      1 |            N/A |          N/A |                   N/A |      0 |      
-------------------------------------------------------------------------------------------------------
Total trials: 0
Total latency (us): 0

2026-04-07 14:58:10 [INFO] [task_scheduler.cc:186] TaskScheduler picks Task #0: "main"
2026-04-07 14:58:12 [INFO] [task_scheduler.cc:199] Sending 64 sample(s) to builder
2026-04-07 14:58:23 [INFO] [task_scheduler.cc:201] Sending 64 sample(s) to runner
2026-04-07 14:58:36 [DEBUG] XGB iter   0: tr-p-rmse: 0.430867	tr-a-peak@32: 1.000000	tr-rmse: 0.225572	tr-rmse: 0.225572
2026-04-07 14:58:36 [DEBUG] XGB iter  25: tr-p-rmse: 0.063187	tr-a-peak@32: 1.000000	tr-rmse: 0.248284	tr-rmse: 0.248284
2026-04-07 14:58:36 [DEBUG] XGB iter  50: tr-p-rmse: 0.063180	tr-a-peak@32: 1.000000	tr-rmse: 0.248292	tr-rmse: 0.248292
2026-04-07 14:58:36 [DEBUG] XGB iter  75: tr-p-rmse: 0.063180	tr-a-peak@32: 1.000000	tr-rmse: 0.248292	tr-rmse: 0.248292
2026-04-07 14:58:36 [DEBUG] XGB stopped. Best iteration: [37] tr-p-rmse:0.06318	tr-a-peak@32:1.00000	tr-rmse:0.24829	tr-rmse:0.24829 
2026-04-07 14:58:36 [INFO] [task_scheduler.cc:243] [Updated] Task #0: "main"
2026-04-07 14:58:36 [INFO] [task_scheduler.cc:326] 
 ID | Name |     FLOP | Weight | Speed (GFLOPS) | Latency (us) | Weighted Latency (us) | Trials | Done 
-------------------------------------------------------------------------------------------------------
  0 | main | 18874368 |      1 |       101.6819 |     185.6218 |              185.6218 |     64 |      
-------------------------------------------------------------------------------------------------------
Total trials: 64
Total latency (us): 185.622

2026-04-07 14:58:36 [INFO] [task_scheduler.cc:186] TaskScheduler picks Task #0: "main"
2026-04-07 14:58:39 [INFO] [task_scheduler.cc:199] Sending 64 sample(s) to builder
2026-04-07 14:58:49 [INFO] [task_scheduler.cc:201] Sending 64 sample(s) to runner
2026-04-07 14:59:02 [DEBUG] XGB validation: p-rmse: 0.171817	a-peak@32: 0.963809
2026-04-07 14:59:02 [DEBUG] XGB iter   0: tr-p-rmse: 0.416845	tr-a-peak@32: 1.000000	tr-rmse: 0.193256	tr-rmse: 0.193256
2026-04-07 14:59:02 [DEBUG] XGB iter  25: tr-p-rmse: 0.050373	tr-a-peak@32: 1.000000	tr-rmse: 0.228339	tr-rmse: 0.228339
2026-04-07 14:59:02 [DEBUG] XGB iter  50: tr-p-rmse: 0.050368	tr-a-peak@32: 1.000000	tr-rmse: 0.228346	tr-rmse: 0.228346
2026-04-07 14:59:02 [DEBUG] XGB iter  75: tr-p-rmse: 0.050368	tr-a-peak@32: 1.000000	tr-rmse: 0.228346	tr-rmse: 0.228346
2026-04-07 14:59:02 [DEBUG] XGB stopped. Best iteration: [31] tr-p-rmse:0.05037	tr-a-peak@32:1.00000	tr-rmse:0.22835	tr-rmse:0.22835 
2026-04-07 14:59:02 [INFO] [task_scheduler.cc:243] [Updated] Task #0: "main"
2026-04-07 14:59:02 [INFO] [task_scheduler.cc:326] 
 ID | Name |     FLOP | Weight | Speed (GFLOPS) | Latency (us) | Weighted Latency (us) | Trials | Done 
-------------------------------------------------------------------------------------------------------
  0 | main | 18874368 |      1 |       101.6819 |     185.6218 |              185.6218 |    128 |      
-------------------------------------------------------------------------------------------------------
Total trials: 128
Total latency (us): 185.622

2026-04-07 14:59:02 [INFO] [task_scheduler.cc:186] TaskScheduler picks Task #0: "main"
2026-04-07 14:59:08 [INFO] [task_scheduler.cc:199] Sending 64 sample(s) to builder
2026-04-07 14:59:25 [INFO] [task_scheduler.cc:201] Sending 64 sample(s) to runner
2026-04-07 14:59:38 [DEBUG] XGB validation: p-rmse: 0.212100	a-peak@32: 0.986376
2026-04-07 14:59:38 [DEBUG] XGB iter   0: tr-p-rmse: 0.383667	tr-a-peak@32: 1.000000	tr-rmse: 0.226754	tr-rmse: 0.226754
2026-04-07 14:59:38 [DEBUG] XGB iter  25: tr-p-rmse: 0.049187	tr-a-peak@32: 1.000000	tr-rmse: 0.278820	tr-rmse: 0.278820
2026-04-07 14:59:38 [DEBUG] XGB iter  50: tr-p-rmse: 0.049175	tr-a-peak@32: 1.000000	tr-rmse: 0.278839	tr-rmse: 0.278839
2026-04-07 14:59:38 [DEBUG] XGB iter  75: tr-p-rmse: 0.049175	tr-a-peak@32: 1.000000	tr-rmse: 0.278839	tr-rmse: 0.278839
2026-04-07 14:59:38 [DEBUG] XGB stopped. Best iteration: [34] tr-p-rmse:0.04918	tr-a-peak@32:1.00000	tr-rmse:0.27884	tr-rmse:0.27884 
2026-04-07 14:59:38 [INFO] [task_scheduler.cc:243] [Updated] Task #0: "main"
2026-04-07 14:59:38 [INFO] [task_scheduler.cc:326] 
 ID | Name |     FLOP | Weight | Speed (GFLOPS) | Latency (us) | Weighted Latency (us) | Trials | Done 
-------------------------------------------------------------------------------------------------------
  0 | main | 18874368 |      1 |       109.0938 |     173.0104 |              173.0104 |    192 |      
-------------------------------------------------------------------------------------------------------
Total trials: 192
Total latency (us): 173.01

2026-04-07 14:59:38 [INFO] [task_scheduler.cc:186] TaskScheduler picks Task #0: "main"
2026-04-07 14:59:43 [INFO] [task_scheduler.cc:199] Sending 38 sample(s) to builder
2026-04-07 14:59:59 [INFO] [task_scheduler.cc:201] Sending 38 sample(s) to runner
2026-04-07 15:00:07 [DEBUG] XGB validation: p-rmse: 0.132857	a-peak@32: 0.996417
2026-04-07 15:00:07 [INFO] [task_scheduler.cc:243] [Updated] Task #0: "main"
2026-04-07 15:00:07 [INFO] [task_scheduler.cc:326] 
 ID | Name |     FLOP | Weight | Speed (GFLOPS) | Latency (us) | Weighted Latency (us) | Trials | Done 
-------------------------------------------------------------------------------------------------------
  0 | main | 18874368 |      1 |       110.5264 |     170.7680 |              170.7680 |    230 |      
-------------------------------------------------------------------------------------------------------
Total trials: 230
Total latency (us): 170.768

2026-04-07 15:00:07 [INFO] [task_scheduler.cc:266] Task #0 has finished. Remaining task(s): 0
2026-04-07 15:00:07 [INFO] [task_scheduler.cc:326] 
 ID | Name |     FLOP | Weight | Speed (GFLOPS) | Latency (us) | Weighted Latency (us) | Trials | Done 
-------------------------------------------------------------------------------------------------------
  0 | main | 18874368 |      1 |       110.5264 |     170.7680 |              170.7680 |    230 |    Y 
-------------------------------------------------------------------------------------------------------
Total trials: 230
Total latency (us): 170.768

2026-04-07 15:00:08 [INFO] LocalBuilder: max_workers = 12
2026-04-07 15:00:09 [INFO] LocalRunner: max_workers = 1
