2026-04-07 19:47:59 [INFO] [task_scheduler.cc:166] Initializing Task #0: "main"
2026-04-07 19:47:59 [INFO] [task_scheduler.cc:41] 
# from tvm.script import ir as I
# from tvm.script import tir as T

@I.ir_module
class Module:
    @T.prim_func
    def main(A: T.Buffer((128, 768), "float32"), B: T.Buffer((768, 3072), "float32"), C: T.Buffer((128, 3072), "float32")):
        T.func_attr({"tir.noalias": True})
        # with T.block("root"):
        for i, j, k in T.grid(128, 3072, 768):
            with T.block("C"):
                vi, vj, vk = T.axis.remap("SSR", [i, j, k])
                T.reads(A[vi, vk], B[vk, vj])
                T.writes(C[vi, vj])
                with T.init():
                    C[vi, vj] = T.float32(0.0)
                C[vi, vj] = C[vi, vj] + A[vi, vk] * B[vk, vj]
2026-04-07 19:47:59 [INFO] [task_scheduler.cc:170] Total 3 design space(s) generated
2026-04-07 19:47:59 [INFO] [task_scheduler.cc:176] Design space #0:
# from tvm.script import ir as I
# from tvm.script import tir as T

@I.ir_module
class Module:
    @T.prim_func
    def main(A: T.Buffer((128, 768), "float32"), B: T.Buffer((768, 3072), "float32"), C: T.Buffer((128, 3072), "float32")):
        T.func_attr({"tir.noalias": True})
        with T.block("root"):
            T.reads()
            T.writes()
            T.block_attr({"meta_schedule.parallel": 128, "meta_schedule.unroll_explicit": 16, "meta_schedule.vectorize": 64})
            C_global = T.alloc_buffer((128, 3072))
            for i_0, j_0, i_1, j_1 in T.grid(2, 64, 1, 6):
                for k_0, i_2, j_2, k_1, i_3, j_3 in T.grid(384, 2, 2, 2, 32, 4):
                    with T.block("C"):
                        vi = T.axis.spatial(128, i_0 * 64 + i_1 * 64 + i_2 * 32 + i_3)
                        vj = T.axis.spatial(3072, j_0 * 48 + j_1 * 8 + j_2 * 4 + j_3)
                        vk = T.axis.reduce(768, k_0 * 2 + k_1)
                        T.reads(A[vi, vk], B[vk, vj])
                        T.writes(C_global[vi, vj])
                        T.block_attr({"meta_schedule.tiling_structure": "SSRSRS"})
                        with T.init():
                            C_global[vi, vj] = T.float32(0.0)
                        C_global[vi, vj] = C_global[vi, vj] + A[vi, vk] * B[vk, vj]
                for ax0, ax1 in T.grid(64, 8):
                    with T.block("C_global"):
                        v0 = T.axis.spatial(128, i_0 * 64 + ax0)
                        v1 = T.axis.spatial(3072, j_0 * 48 + j_1 * 8 + ax1)
                        T.reads(C_global[v0, v1])
                        T.writes(C[v0, v1])
                        C[v0, v1] = C_global[v0, v1]
b0 = sch.get_block(name="C", func_name="main")
b1 = sch.get_block(name="root", func_name="main")
sch.annotate(block_or_loop=b0, ann_key="meta_schedule.tiling_structure", ann_val="SSRSRS")
l2, l3, l4 = sch.get_loops(block=b0)
v5, v6, v7, v8 = sch.sample_perfect_tile(loop=l2, n=4, max_innermost_factor=64, decision=[2, 1, 2, 32])
l9, l10, l11, l12 = sch.split(loop=l2, factors=[v5, v6, v7, v8], preserve_unit_iters=True, disable_predication=False)
v13, v14, v15, v16 = sch.sample_perfect_tile(loop=l3, n=4, max_innermost_factor=64, decision=[64, 6, 2, 4])
l17, l18, l19, l20 = sch.split(loop=l3, factors=[v13, v14, v15, v16], preserve_unit_iters=True, disable_predication=False)
v21, v22 = sch.sample_perfect_tile(loop=l4, n=2, max_innermost_factor=64, decision=[384, 2])
l23, l24 = sch.split(loop=l4, factors=[v21, v22], preserve_unit_iters=True, disable_predication=False)
sch.reorder(l9, l17, l10, l18, l23, l11, l19, l24, l12, l20)
b25 = sch.cache_write(block=b0, write_buffer_index=0, storage_scope="global")
sch.reverse_compute_at(block=b25, loop=l18, preserve_unit_loops=True, index=-1)
sch.annotate(block_or_loop=b1, ann_key="meta_schedule.parallel", ann_val=128)
sch.annotate(block_or_loop=b1, ann_key="meta_schedule.vectorize", ann_val=64)
v26 = sch.sample_categorical(candidates=[0, 16, 64, 512], probs=[0.25, 0.25, 0.25, 0.25], decision=1)
sch.annotate(block_or_loop=b1, ann_key="meta_schedule.unroll_explicit", ann_val=v26)
2026-04-07 19:47:59 [INFO] [task_scheduler.cc:176] Design space #1:
# from tvm.script import ir as I
# from tvm.script import tir as T

@I.ir_module
class Module:
    @T.prim_func
    def main(A: T.Buffer((128, 768), "float32"), B: T.Buffer((768, 3072), "float32"), C: T.Buffer((128, 3072), "float32")):
        T.func_attr({"tir.noalias": True})
        with T.block("root"):
            T.reads()
            T.writes()
            T.block_attr({"meta_schedule.parallel": 128, "meta_schedule.unroll_explicit": 0, "meta_schedule.vectorize": 64})
            C_global = T.alloc_buffer((128, 3072))
            for i_0, j_0 in T.grid(2, 64):
                for i_1, j_1, k_0, i_2, j_2, k_1, i_3, j_3 in T.grid(1, 6, 384, 2, 2, 2, 32, 4):
                    with T.block("C"):
                        vi = T.axis.spatial(128, i_0 * 64 + i_1 * 64 + i_2 * 32 + i_3)
                        vj = T.axis.spatial(3072, j_0 * 48 + j_1 * 8 + j_2 * 4 + j_3)
                        vk = T.axis.reduce(768, k_0 * 2 + k_1)
                        T.reads(A[vi, vk], B[vk, vj])
                        T.writes(C_global[vi, vj])
                        T.block_attr({"meta_schedule.tiling_structure": "SSRSRS"})
                        with T.init():
                            C_global[vi, vj] = T.float32(0.0)
                        C_global[vi, vj] = C_global[vi, vj] + A[vi, vk] * B[vk, vj]
                for ax0, ax1 in T.grid(64, 48):
                    with T.block("C_global"):
                        v0 = T.axis.spatial(128, i_0 * 64 + ax0)
                        v1 = T.axis.spatial(3072, j_0 * 48 + ax1)
                        T.reads(C_global[v0, v1])
                        T.writes(C[v0, v1])
                        C[v0, v1] = C_global[v0, v1]
b0 = sch.get_block(name="C", func_name="main")
b1 = sch.get_block(name="root", func_name="main")
sch.annotate(block_or_loop=b0, ann_key="meta_schedule.tiling_structure", ann_val="SSRSRS")
l2, l3, l4 = sch.get_loops(block=b0)
v5, v6, v7, v8 = sch.sample_perfect_tile(loop=l2, n=4, max_innermost_factor=64, decision=[2, 1, 2, 32])
l9, l10, l11, l12 = sch.split(loop=l2, factors=[v5, v6, v7, v8], preserve_unit_iters=True, disable_predication=False)
v13, v14, v15, v16 = sch.sample_perfect_tile(loop=l3, n=4, max_innermost_factor=64, decision=[64, 6, 2, 4])
l17, l18, l19, l20 = sch.split(loop=l3, factors=[v13, v14, v15, v16], preserve_unit_iters=True, disable_predication=False)
v21, v22 = sch.sample_perfect_tile(loop=l4, n=2, max_innermost_factor=64, decision=[384, 2])
l23, l24 = sch.split(loop=l4, factors=[v21, v22], preserve_unit_iters=True, disable_predication=False)
sch.reorder(l9, l17, l10, l18, l23, l11, l19, l24, l12, l20)
b25 = sch.cache_write(block=b0, write_buffer_index=0, storage_scope="global")
sch.reverse_compute_at(block=b25, loop=l17, preserve_unit_loops=True, index=-1)
sch.annotate(block_or_loop=b1, ann_key="meta_schedule.parallel", ann_val=128)
sch.annotate(block_or_loop=b1, ann_key="meta_schedule.vectorize", ann_val=64)
v26 = sch.sample_categorical(candidates=[0, 16, 64, 512], probs=[0.25, 0.25, 0.25, 0.25], decision=0)
sch.annotate(block_or_loop=b1, ann_key="meta_schedule.unroll_explicit", ann_val=v26)
2026-04-07 19:47:59 [INFO] [task_scheduler.cc:176] Design space #2:
# from tvm.script import ir as I
# from tvm.script import tir as T

@I.ir_module
class Module:
    @T.prim_func
    def main(A: T.Buffer((128, 768), "float32"), B: T.Buffer((768, 3072), "float32"), C: T.Buffer((128, 3072), "float32")):
        T.func_attr({"tir.noalias": True})
        with T.block("root"):
            T.reads()
            T.writes()
            T.block_attr({"meta_schedule.parallel": 128, "meta_schedule.unroll_explicit": 0, "meta_schedule.vectorize": 64})
            for i_0, j_0, i_1, j_1, k_0, i_2, j_2, k_1, i_3, j_3 in T.grid(2, 64, 1, 6, 384, 2, 2, 2, 32, 4):
                with T.block("C"):
                    vi = T.axis.spatial(128, i_0 * 64 + i_1 * 64 + i_2 * 32 + i_3)
                    vj = T.axis.spatial(3072, j_0 * 48 + j_1 * 8 + j_2 * 4 + j_3)
                    vk = T.axis.reduce(768, k_0 * 2 + k_1)
                    T.reads(A[vi, vk], B[vk, vj])
                    T.writes(C[vi, vj])
                    T.block_attr({"meta_schedule.tiling_structure": "SSRSRS"})
                    with T.init():
                        C[vi, vj] = T.float32(0.0)
                    C[vi, vj] = C[vi, vj] + A[vi, vk] * B[vk, vj]
b0 = sch.get_block(name="C", func_name="main")
b1 = sch.get_block(name="root", func_name="main")
sch.annotate(block_or_loop=b0, ann_key="meta_schedule.tiling_structure", ann_val="SSRSRS")
l2, l3, l4 = sch.get_loops(block=b0)
v5, v6, v7, v8 = sch.sample_perfect_tile(loop=l2, n=4, max_innermost_factor=64, decision=[2, 1, 2, 32])
l9, l10, l11, l12 = sch.split(loop=l2, factors=[v5, v6, v7, v8], preserve_unit_iters=True, disable_predication=False)
v13, v14, v15, v16 = sch.sample_perfect_tile(loop=l3, n=4, max_innermost_factor=64, decision=[64, 6, 2, 4])
l17, l18, l19, l20 = sch.split(loop=l3, factors=[v13, v14, v15, v16], preserve_unit_iters=True, disable_predication=False)
v21, v22 = sch.sample_perfect_tile(loop=l4, n=2, max_innermost_factor=64, decision=[384, 2])
l23, l24 = sch.split(loop=l4, factors=[v21, v22], preserve_unit_iters=True, disable_predication=False)
sch.reorder(l9, l17, l10, l18, l23, l11, l19, l24, l12, l20)
sch.annotate(block_or_loop=b1, ann_key="meta_schedule.parallel", ann_val=128)
sch.annotate(block_or_loop=b1, ann_key="meta_schedule.vectorize", ann_val=64)
v25 = sch.sample_categorical(candidates=[0, 16, 64, 512], probs=[0.25, 0.25, 0.25, 0.25], decision=0)
sch.annotate(block_or_loop=b1, ann_key="meta_schedule.unroll_explicit", ann_val=v25)
2026-04-07 19:47:59 [INFO] [evolutionary_search.cc:711] Generating candidates......
2026-04-07 19:47:59 [INFO] [evolutionary_search.cc:713] Picked top 0 candidate(s) from database
2026-04-07 19:47:59 [INFO] [evolutionary_search.cc:530] Sample-Init-Population summary:
Postproc #0 [meta_schedule.DisallowDynamicLoop(0x5bdf4d826458)]: 0 failure(s)
Postproc #1 [meta_schedule.RewriteParallelVectorizeUnroll(0x5bdf4d81c808)]: 0 failure(s)
Postproc #2 [meta_schedule.RewriteReductionBlock(0x5bdf4d81cea8)]: 0 failure(s)
Postproc #3 [meta_schedule.RewriteLayout(0x5bdf4d25d058)]: 0 failure(s)
2026-04-07 19:47:59 [INFO] [evolutionary_search.cc:721] Sampled 457 candidate(s)
2026-04-07 19:48:00 [INFO] [evolutionary_search.cc:619] Evolve iter #0 done. Summary:
Postproc #0 [meta_schedule.DisallowDynamicLoop(0x5bdf4d826458)]: 0 failure(s)
Postproc #1 [meta_schedule.RewriteParallelVectorizeUnroll(0x5bdf4d81c808)]: 0 failure(s)
Postproc #2 [meta_schedule.RewriteReductionBlock(0x5bdf4d81cea8)]: 0 failure(s)
Postproc #3 [meta_schedule.RewriteLayout(0x5bdf4d25d058)]: 0 failure(s)
2026-04-07 19:48:00 [INFO] [evolutionary_search.cc:619] Evolve iter #1 done. Summary:
Postproc #0 [meta_schedule.DisallowDynamicLoop(0x5bdf4d826458)]: 0 failure(s)
Postproc #1 [meta_schedule.RewriteParallelVectorizeUnroll(0x5bdf4d81c808)]: 0 failure(s)
Postproc #2 [meta_schedule.RewriteReductionBlock(0x5bdf4d81cea8)]: 0 failure(s)
Postproc #3 [meta_schedule.RewriteLayout(0x5bdf4d25d058)]: 0 failure(s)
2026-04-07 19:48:00 [INFO] [evolutionary_search.cc:619] Evolve iter #2 done. Summary:
Postproc #0 [meta_schedule.DisallowDynamicLoop(0x5bdf4d826458)]: 0 failure(s)
Postproc #1 [meta_schedule.RewriteParallelVectorizeUnroll(0x5bdf4d81c808)]: 0 failure(s)
Postproc #2 [meta_schedule.RewriteReductionBlock(0x5bdf4d81cea8)]: 0 failure(s)
Postproc #3 [meta_schedule.RewriteLayout(0x5bdf4d25d058)]: 0 failure(s)
2026-04-07 19:48:00 [INFO] [evolutionary_search.cc:647] Scores of the best 32 candidates:
[1 : 16]:	0.9978  0.9970  0.9962  0.9949  0.9925  0.9923  0.9923  0.9922  0.9909  0.9907  0.9905  0.9886  0.9878  0.9870  0.9867  0.9864
[17 : 32]:	0.9862  0.9861  0.9856  0.9847  0.9833  0.9819  0.9814  0.9806  0.9804  0.9799  0.9798  0.9791  0.9789  0.9787  0.9771  0.9770
2026-04-07 19:48:00 [INFO] [evolutionary_search.cc:725] Got 32 candidate(s) with evolutionary search
2026-04-07 19:48:00 [INFO] [evolutionary_search.cc:728] Sending 32 candidates(s) for measurement
2026-04-07 19:48:15 [INFO] [task_scheduler.cc:137] [Task #0: main] Trial #1: GFLOPs: 26.1454. Time: 23100.8050 us. Best GFLOPs: 26.1454
2026-04-07 19:48:15 [INFO] [task_scheduler.cc:137] [Task #0: main] Trial #2: GFLOPs: 75.8961. Time: 7957.9832 us. Best GFLOPs: 75.8961
2026-04-07 19:48:15 [INFO] [task_scheduler.cc:137] [Task #0: main] Trial #3: GFLOPs: 26.5045. Time: 22787.7835 us. Best GFLOPs: 75.8961
2026-04-07 19:48:15 [INFO] [task_scheduler.cc:137] [Task #0: main] Trial #4: GFLOPs: 63.0411. Time: 9580.7358 us. Best GFLOPs: 75.8961
2026-04-07 19:48:15 [INFO] [task_scheduler.cc:137] [Task #0: main] Trial #5: GFLOPs: 74.6416. Time: 8091.7262 us. Best GFLOPs: 75.8961
2026-04-07 19:48:15 [INFO] [task_scheduler.cc:137] [Task #0: main] Trial #6: GFLOPs: 49.7473. Time: 12140.9675 us. Best GFLOPs: 75.8961
2026-04-07 19:48:15 [INFO] [task_scheduler.cc:137] [Task #0: main] Trial #7: GFLOPs: 39.4503. Time: 15309.8937 us. Best GFLOPs: 75.8961
2026-04-07 19:48:15 [INFO] [task_scheduler.cc:137] [Task #0: main] Trial #8: GFLOPs: 38.1734. Time: 15821.9903 us. Best GFLOPs: 75.8961
2026-04-07 19:48:15 [INFO] [task_scheduler.cc:137] [Task #0: main] Trial #9: GFLOPs: 14.4813. Time: 41707.6065 us. Best GFLOPs: 75.8961
2026-04-07 19:48:15 [INFO] [task_scheduler.cc:137] [Task #0: main] Trial #10: GFLOPs: 96.6677. Time: 6248.0023 us. Best GFLOPs: 96.6677
2026-04-07 19:48:15 [INFO] [task_scheduler.cc:137] [Task #0: main] Trial #11: GFLOPs: 57.9769. Time: 10417.5863 us. Best GFLOPs: 96.6677
2026-04-07 19:48:15 [INFO] [task_scheduler.cc:137] [Task #0: main] Trial #12: GFLOPs: 42.5553. Time: 14192.8097 us. Best GFLOPs: 96.6677
2026-04-07 19:48:15 [INFO] [task_scheduler.cc:137] [Task #0: main] Trial #13: GFLOPs: 74.7928. Time: 8075.3755 us. Best GFLOPs: 96.6677
2026-04-07 19:48:15 [INFO] [task_scheduler.cc:137] [Task #0: main] Trial #14: GFLOPs: 43.7375. Time: 13809.1950 us. Best GFLOPs: 96.6677
2026-04-07 19:48:15 [INFO] [task_scheduler.cc:137] [Task #0: main] Trial #15: GFLOPs: 64.8190. Time: 9317.9370 us. Best GFLOPs: 96.6677
2026-04-07 19:48:15 [INFO] [task_scheduler.cc:137] [Task #0: main] Trial #16: GFLOPs: 39.4055. Time: 15327.2817 us. Best GFLOPs: 96.6677
2026-04-07 19:48:15 [INFO] [task_scheduler.cc:137] [Task #0: main] Trial #17: GFLOPs: 27.6549. Time: 21839.8905 us. Best GFLOPs: 96.6677
2026-04-07 19:48:15 [INFO] [task_scheduler.cc:137] [Task #0: main] Trial #18: GFLOPs: 29.5406. Time: 20445.7645 us. Best GFLOPs: 96.6677
2026-04-07 19:48:15 [INFO] [task_scheduler.cc:137] [Task #0: main] Trial #19: GFLOPs: 6.4796. Time: 93212.5530 us. Best GFLOPs: 96.6677
2026-04-07 19:48:15 [INFO] [task_scheduler.cc:137] [Task #0: main] Trial #20: GFLOPs: 27.7997. Time: 21726.0893 us. Best GFLOPs: 96.6677
2026-04-07 19:48:15 [INFO] [task_scheduler.cc:137] [Task #0: main] Trial #21: GFLOPs: 25.6483. Time: 23548.5190 us. Best GFLOPs: 96.6677
2026-04-07 19:48:15 [INFO] [task_scheduler.cc:137] [Task #0: main] Trial #22: GFLOPs: 39.0978. Time: 15447.9327 us. Best GFLOPs: 96.6677
2026-04-07 19:48:15 [INFO] [task_scheduler.cc:137] [Task #0: main] Trial #23: GFLOPs: 61.2905. Time: 9854.3756 us. Best GFLOPs: 96.6677
2026-04-07 19:48:15 [INFO] [task_scheduler.cc:137] [Task #0: main] Trial #24: GFLOPs: 44.7905. Time: 13484.5550 us. Best GFLOPs: 96.6677
2026-04-07 19:48:15 [INFO] [task_scheduler.cc:137] [Task #0: main] Trial #25: GFLOPs: 61.5227. Time: 9817.1852 us. Best GFLOPs: 96.6677
2026-04-07 19:48:15 [INFO] [task_scheduler.cc:137] [Task #0: main] Trial #26: GFLOPs: 73.1098. Time: 8261.2690 us. Best GFLOPs: 96.6677
2026-04-07 19:48:15 [INFO] [task_scheduler.cc:137] [Task #0: main] Trial #27: GFLOPs: 23.3354. Time: 25882.5255 us. Best GFLOPs: 96.6677
2026-04-07 19:48:15 [INFO] [task_scheduler.cc:137] [Task #0: main] Trial #28: GFLOPs: 29.3049. Time: 20610.2135 us. Best GFLOPs: 96.6677
2026-04-07 19:48:15 [INFO] [task_scheduler.cc:137] [Task #0: main] Trial #29: GFLOPs: 18.4552. Time: 32726.8795 us. Best GFLOPs: 96.6677
2026-04-07 19:48:15 [INFO] [task_scheduler.cc:137] [Task #0: main] Trial #30: GFLOPs: 28.3129. Time: 21332.3290 us. Best GFLOPs: 96.6677
2026-04-07 19:48:15 [INFO] [task_scheduler.cc:137] [Task #0: main] Trial #31: GFLOPs: 33.0165. Time: 18293.2860 us. Best GFLOPs: 96.6677
2026-04-07 19:48:15 [INFO] [task_scheduler.cc:137] [Task #0: main] Trial #32: GFLOPs: 45.2736. Time: 13340.6725 us. Best GFLOPs: 96.6677
2026-04-07 19:48:15 [INFO] [evolutionary_search.cc:711] Generating candidates......
2026-04-07 19:48:15 [INFO] [evolutionary_search.cc:713] Picked top 32 candidate(s) from database
2026-04-07 19:48:15 [INFO] [evolutionary_search.cc:530] Sample-Init-Population summary:
Postproc #0 [meta_schedule.DisallowDynamicLoop(0x5bdf4d826458)]: 0 failure(s)
Postproc #1 [meta_schedule.RewriteParallelVectorizeUnroll(0x5bdf4d81c808)]: 0 failure(s)
Postproc #2 [meta_schedule.RewriteReductionBlock(0x5bdf4d81cea8)]: 0 failure(s)
Postproc #3 [meta_schedule.RewriteLayout(0x5bdf4d25d058)]: 0 failure(s)
2026-04-07 19:48:15 [INFO] [evolutionary_search.cc:721] Sampled 425 candidate(s)
2026-04-07 19:48:15 [INFO] [evolutionary_search.cc:619] Evolve iter #0 done. Summary:
Postproc #0 [meta_schedule.DisallowDynamicLoop(0x5bdf4d826458)]: 0 failure(s)
Postproc #1 [meta_schedule.RewriteParallelVectorizeUnroll(0x5bdf4d81c808)]: 0 failure(s)
Postproc #2 [meta_schedule.RewriteReductionBlock(0x5bdf4d81cea8)]: 0 failure(s)
Postproc #3 [meta_schedule.RewriteLayout(0x5bdf4d25d058)]: 0 failure(s)
2026-04-07 19:48:16 [INFO] [evolutionary_search.cc:619] Evolve iter #1 done. Summary:
Postproc #0 [meta_schedule.DisallowDynamicLoop(0x5bdf4d826458)]: 0 failure(s)
Postproc #1 [meta_schedule.RewriteParallelVectorizeUnroll(0x5bdf4d81c808)]: 0 failure(s)
Postproc #2 [meta_schedule.RewriteReductionBlock(0x5bdf4d81cea8)]: 0 failure(s)
Postproc #3 [meta_schedule.RewriteLayout(0x5bdf4d25d058)]: 0 failure(s)
2026-04-07 19:48:16 [INFO] [evolutionary_search.cc:619] Evolve iter #2 done. Summary:
Postproc #0 [meta_schedule.DisallowDynamicLoop(0x5bdf4d826458)]: 0 failure(s)
Postproc #1 [meta_schedule.RewriteParallelVectorizeUnroll(0x5bdf4d81c808)]: 0 failure(s)
Postproc #2 [meta_schedule.RewriteReductionBlock(0x5bdf4d81cea8)]: 0 failure(s)
Postproc #3 [meta_schedule.RewriteLayout(0x5bdf4d25d058)]: 0 failure(s)
2026-04-07 19:48:16 [INFO] [evolutionary_search.cc:647] Scores of the best 32 candidates:
[1 : 16]:	0.9996  0.9987  0.9977  0.9973  0.9973  0.9961  0.9959  0.9948  0.9947  0.9946  0.9939  0.9931  0.9930  0.9929  0.9914  0.9911
[17 : 32]:	0.9909  0.9902  0.9901  0.9900  0.9891  0.9890  0.9885  0.9884  0.9880  0.9874  0.9872  0.9857  0.9849  0.9839  0.9834  0.9826
2026-04-07 19:48:16 [INFO] [evolutionary_search.cc:725] Got 32 candidate(s) with evolutionary search
2026-04-07 19:48:16 [INFO] [evolutionary_search.cc:728] Sending 32 candidates(s) for measurement
2026-04-07 19:48:31 [INFO] [task_scheduler.cc:137] [Task #0: main] Trial #33: GFLOPs: 51.0114. Time: 11840.1045 us. Best GFLOPs: 96.6677
2026-04-07 19:48:31 [INFO] [task_scheduler.cc:137] [Task #0: main] Trial #34: GFLOPs: 28.7075. Time: 21039.0635 us. Best GFLOPs: 96.6677
2026-04-07 19:48:31 [INFO] [task_scheduler.cc:137] [Task #0: main] Trial #35: GFLOPs: 65.1892. Time: 9265.0295 us. Best GFLOPs: 96.6677
2026-04-07 19:48:31 [INFO] [task_scheduler.cc:137] [Task #0: main] Trial #36: GFLOPs: 18.9624. Time: 31851.5205 us. Best GFLOPs: 96.6677
2026-04-07 19:48:31 [INFO] [task_scheduler.cc:137] [Task #0: main] Trial #37: GFLOPs: 15.0118. Time: 40233.5675 us. Best GFLOPs: 96.6677
2026-04-07 19:48:31 [INFO] [task_scheduler.cc:137] [Task #0: main] Trial #38: GFLOPs: 6.2894. Time: 96030.7300 us. Best GFLOPs: 96.6677
2026-04-07 19:48:31 [INFO] [task_scheduler.cc:137] [Task #0: main] Trial #39: GFLOPs: 59.3957. Time: 10168.7527 us. Best GFLOPs: 96.6677
2026-04-07 19:48:31 [INFO] [task_scheduler.cc:137] [Task #0: main] Trial #40: GFLOPs: 22.6748. Time: 26636.6525 us. Best GFLOPs: 96.6677
2026-04-07 19:48:31 [INFO] [task_scheduler.cc:137] [Task #0: main] Trial #41: GFLOPs: 24.8893. Time: 24266.6850 us. Best GFLOPs: 96.6677
2026-04-07 19:48:31 [INFO] [task_scheduler.cc:137] [Task #0: main] Trial #42: GFLOPs: 80.8582. Time: 7469.6180 us. Best GFLOPs: 96.6677
2026-04-07 19:48:31 [INFO] [task_scheduler.cc:137] [Task #0: main] Trial #43: GFLOPs: 20.3516. Time: 29677.2605 us. Best GFLOPs: 96.6677
2026-04-07 19:48:31 [INFO] [task_scheduler.cc:137] [Task #0: main] Trial #44: GFLOPs: 31.5919. Time: 19118.1770 us. Best GFLOPs: 96.6677
2026-04-07 19:48:31 [INFO] [task_scheduler.cc:137] [Task #0: main] Trial #45: GFLOPs: 21.7738. Time: 27738.8105 us. Best GFLOPs: 96.6677
2026-04-07 19:48:31 [INFO] [task_scheduler.cc:137] [Task #0: main] Trial #46: GFLOPs: 41.9111. Time: 14410.9767 us. Best GFLOPs: 96.6677
2026-04-07 19:48:31 [INFO] [task_scheduler.cc:137] [Task #0: main] Trial #47: GFLOPs: 65.3501. Time: 9242.2138 us. Best GFLOPs: 96.6677
2026-04-07 19:48:31 [INFO] [task_scheduler.cc:137] [Task #0: main] Trial #48: GFLOPs: 23.2475. Time: 25980.3835 us. Best GFLOPs: 96.6677
2026-04-07 19:48:31 [INFO] [task_scheduler.cc:137] [Task #0: main] Trial #49: GFLOPs: 46.4312. Time: 13008.0545 us. Best GFLOPs: 96.6677
2026-04-07 19:48:31 [INFO] [task_scheduler.cc:137] [Task #0: main] Trial #50: GFLOPs: 14.0034. Time: 43130.9435 us. Best GFLOPs: 96.6677
2026-04-07 19:48:31 [INFO] [task_scheduler.cc:137] [Task #0: main] Trial #51: GFLOPs: 33.5654. Time: 17994.1320 us. Best GFLOPs: 96.6677
2026-04-07 19:48:31 [INFO] [task_scheduler.cc:137] [Task #0: main] Trial #52: GFLOPs: 29.7118. Time: 20327.9505 us. Best GFLOPs: 96.6677
2026-04-07 19:48:31 [INFO] [task_scheduler.cc:137] [Task #0: main] Trial #53: GFLOPs: 46.8763. Time: 12884.5535 us. Best GFLOPs: 96.6677
2026-04-07 19:48:31 [INFO] [task_scheduler.cc:137] [Task #0: main] Trial #54: GFLOPs: 58.5441. Time: 10316.6635 us. Best GFLOPs: 96.6677
2026-04-07 19:48:31 [INFO] [task_scheduler.cc:137] [Task #0: main] Trial #55: GFLOPs: 67.8754. Time: 8898.3660 us. Best GFLOPs: 96.6677
2026-04-07 19:48:31 [INFO] [task_scheduler.cc:137] [Task #0: main] Trial #56: GFLOPs: 6.0104. Time: 100489.0515 us. Best GFLOPs: 96.6677
2026-04-07 19:48:31 [INFO] [task_scheduler.cc:137] [Task #0: main] Trial #57: GFLOPs: 15.1449. Time: 39880.0870 us. Best GFLOPs: 96.6677
2026-04-07 19:48:31 [INFO] [task_scheduler.cc:137] [Task #0: main] Trial #58: GFLOPs: 19.9994. Time: 30199.8260 us. Best GFLOPs: 96.6677
2026-04-07 19:48:31 [INFO] [task_scheduler.cc:137] [Task #0: main] Trial #59: GFLOPs: 23.5689. Time: 25626.1265 us. Best GFLOPs: 96.6677
2026-04-07 19:48:31 [INFO] [task_scheduler.cc:137] [Task #0: main] Trial #60: GFLOPs: 18.1265. Time: 33320.2190 us. Best GFLOPs: 96.6677
2026-04-07 19:48:31 [INFO] [task_scheduler.cc:137] [Task #0: main] Trial #61: GFLOPs: 2.7525. Time: 219429.2370 us. Best GFLOPs: 96.6677
2026-04-07 19:48:31 [INFO] [task_scheduler.cc:137] [Task #0: main] Trial #62: GFLOPs: 46.8568. Time: 12889.8935 us. Best GFLOPs: 96.6677
2026-04-07 19:48:31 [INFO] [task_scheduler.cc:137] [Task #0: main] Trial #63: GFLOPs: 30.0079. Time: 20127.3405 us. Best GFLOPs: 96.6677
2026-04-07 19:48:31 [INFO] [task_scheduler.cc:137] [Task #0: main] Trial #64: GFLOPs: 42.9307. Time: 14068.7307 us. Best GFLOPs: 96.6677
2026-04-07 19:48:31 [INFO] [evolutionary_search.cc:711] Generating candidates......
2026-04-07 19:48:31 [INFO] [evolutionary_search.cc:713] Picked top 64 candidate(s) from database
2026-04-07 19:48:31 [INFO] [evolutionary_search.cc:530] Sample-Init-Population summary:
Postproc #0 [meta_schedule.DisallowDynamicLoop(0x5bdf4d826458)]: 0 failure(s)
Postproc #1 [meta_schedule.RewriteParallelVectorizeUnroll(0x5bdf4d81c808)]: 0 failure(s)
Postproc #2 [meta_schedule.RewriteReductionBlock(0x5bdf4d81cea8)]: 0 failure(s)
Postproc #3 [meta_schedule.RewriteLayout(0x5bdf4d25d058)]: 0 failure(s)
2026-04-07 19:48:31 [INFO] [evolutionary_search.cc:721] Sampled 393 candidate(s)
2026-04-07 19:48:31 [INFO] [evolutionary_search.cc:619] Evolve iter #0 done. Summary:
Postproc #0 [meta_schedule.DisallowDynamicLoop(0x5bdf4d826458)]: 0 failure(s)
Postproc #1 [meta_schedule.RewriteParallelVectorizeUnroll(0x5bdf4d81c808)]: 0 failure(s)
Postproc #2 [meta_schedule.RewriteReductionBlock(0x5bdf4d81cea8)]: 0 failure(s)
Postproc #3 [meta_schedule.RewriteLayout(0x5bdf4d25d058)]: 0 failure(s)
2026-04-07 19:48:32 [INFO] [evolutionary_search.cc:619] Evolve iter #1 done. Summary:
Postproc #0 [meta_schedule.DisallowDynamicLoop(0x5bdf4d826458)]: 0 failure(s)
Postproc #1 [meta_schedule.RewriteParallelVectorizeUnroll(0x5bdf4d81c808)]: 0 failure(s)
Postproc #2 [meta_schedule.RewriteReductionBlock(0x5bdf4d81cea8)]: 0 failure(s)
Postproc #3 [meta_schedule.RewriteLayout(0x5bdf4d25d058)]: 0 failure(s)
2026-04-07 19:48:32 [INFO] [evolutionary_search.cc:619] Evolve iter #2 done. Summary:
Postproc #0 [meta_schedule.DisallowDynamicLoop(0x5bdf4d826458)]: 0 failure(s)
Postproc #1 [meta_schedule.RewriteParallelVectorizeUnroll(0x5bdf4d81c808)]: 0 failure(s)
Postproc #2 [meta_schedule.RewriteReductionBlock(0x5bdf4d81cea8)]: 0 failure(s)
Postproc #3 [meta_schedule.RewriteLayout(0x5bdf4d25d058)]: 0 failure(s)
2026-04-07 19:48:32 [INFO] [evolutionary_search.cc:647] Scores of the best 12 candidates:
[1 : 12]:	0.9999  0.9994  0.9992  0.9992  0.9989  0.9964  0.9946  0.9944  0.9935  0.9934  0.9930  0.9928
2026-04-07 19:48:32 [INFO] [evolutionary_search.cc:725] Got 12 candidate(s) with evolutionary search
2026-04-07 19:48:32 [INFO] [evolutionary_search.cc:728] Sending 12 candidates(s) for measurement
2026-04-07 19:48:40 [INFO] [task_scheduler.cc:137] [Task #0: main] Trial #65: GFLOPs: 53.3218. Time: 11327.0790 us. Best GFLOPs: 96.6677
2026-04-07 19:48:40 [INFO] [task_scheduler.cc:137] [Task #0: main] Trial #66: GFLOPs: 52.2747. Time: 11553.9613 us. Best GFLOPs: 96.6677
2026-04-07 19:48:40 [INFO] [task_scheduler.cc:137] [Task #0: main] Trial #67: GFLOPs: 38.3183. Time: 15762.1567 us. Best GFLOPs: 96.6677
2026-04-07 19:48:40 [INFO] [task_scheduler.cc:137] [Task #0: main] Trial #68: GFLOPs: 75.1760. Time: 8034.2106 us. Best GFLOPs: 96.6677
2026-04-07 19:48:40 [INFO] [task_scheduler.cc:137] [Task #0: main] Trial #69: GFLOPs: 16.8413. Time: 35863.1185 us. Best GFLOPs: 96.6677
2026-04-07 19:48:40 [INFO] [task_scheduler.cc:137] [Task #0: main] Trial #70: GFLOPs: 71.6993. Time: 8423.7850 us. Best GFLOPs: 96.6677
2026-04-07 19:48:40 [INFO] [task_scheduler.cc:137] [Task #0: main] Trial #71: GFLOPs: 50.8959. Time: 11866.9655 us. Best GFLOPs: 96.6677
2026-04-07 19:48:40 [INFO] [task_scheduler.cc:137] [Task #0: main] Trial #72: GFLOPs: 68.4829. Time: 8819.4198 us. Best GFLOPs: 96.6677
2026-04-07 19:48:40 [INFO] [task_scheduler.cc:137] [Task #0: main] Trial #73: GFLOPs: 79.6758. Time: 7580.4632 us. Best GFLOPs: 96.6677
2026-04-07 19:48:40 [INFO] [task_scheduler.cc:137] [Task #0: main] Trial #74: GFLOPs: 20.5837. Time: 29342.5975 us. Best GFLOPs: 96.6677
2026-04-07 19:48:40 [INFO] [task_scheduler.cc:137] [Task #0: main] Trial #75: GFLOPs: 88.9700. Time: 6788.5817 us. Best GFLOPs: 96.6677
2026-04-07 19:48:40 [INFO] [task_scheduler.cc:137] [Task #0: main] Trial #76: GFLOPs: 74.1986. Time: 8140.0427 us. Best GFLOPs: 96.6677
