2026-04-07 19:48:43 [INFO] [task_scheduler.cc:166] Initializing Task #0: "main"
2026-04-07 19:48:43 [INFO] [task_scheduler.cc:41] 
# from tvm.script import ir as I
# from tvm.script import tir as T

@I.ir_module
class Module:
    @T.prim_func
    def main(A: T.Buffer((384, 768), "float32"), B: T.Buffer((768, 3072), "float32"), C: T.Buffer((384, 3072), "float32")):
        T.func_attr({"tir.noalias": True})
        # with T.block("root"):
        for i, j, k in T.grid(384, 3072, 768):
            with T.block("C"):
                vi, vj, vk = T.axis.remap("SSR", [i, j, k])
                T.reads(A[vi, vk], B[vk, vj])
                T.writes(C[vi, vj])
                with T.init():
                    C[vi, vj] = T.float32(0.0)
                C[vi, vj] = C[vi, vj] + A[vi, vk] * B[vk, vj]
2026-04-07 19:48:43 [INFO] [task_scheduler.cc:170] Total 3 design space(s) generated
2026-04-07 19:48:43 [INFO] [task_scheduler.cc:176] Design space #0:
# from tvm.script import ir as I
# from tvm.script import tir as T

@I.ir_module
class Module:
    @T.prim_func
    def main(A: T.Buffer((384, 768), "float32"), B: T.Buffer((768, 3072), "float32"), C: T.Buffer((384, 3072), "float32")):
        T.func_attr({"tir.noalias": True})
        with T.block("root"):
            T.reads()
            T.writes()
            T.block_attr({"meta_schedule.parallel": 128, "meta_schedule.unroll_explicit": 16, "meta_schedule.vectorize": 64})
            C_global = T.alloc_buffer((384, 3072))
            for i_0, j_0, i_1, j_1 in T.grid(6, 6, 1, 8):
                for k_0, i_2, j_2, k_1, i_3, j_3 in T.grid(16, 64, 16, 48, 1, 4):
                    with T.block("C"):
                        vi = T.axis.spatial(384, i_0 * 64 + i_1 * 64 + i_2 + i_3)
                        vj = T.axis.spatial(3072, j_0 * 512 + j_1 * 64 + j_2 * 4 + j_3)
                        vk = T.axis.reduce(768, k_0 * 48 + k_1)
                        T.reads(A[vi, vk], B[vk, vj])
                        T.writes(C_global[vi, vj])
                        T.block_attr({"meta_schedule.tiling_structure": "SSRSRS"})
                        with T.init():
                            C_global[vi, vj] = T.float32(0.0)
                        C_global[vi, vj] = C_global[vi, vj] + A[vi, vk] * B[vk, vj]
                for ax0, ax1 in T.grid(64, 64):
                    with T.block("C_global"):
                        v0 = T.axis.spatial(384, i_0 * 64 + ax0)
                        v1 = T.axis.spatial(3072, j_0 * 512 + j_1 * 64 + ax1)
                        T.reads(C_global[v0, v1])
                        T.writes(C[v0, v1])
                        C[v0, v1] = C_global[v0, v1]
b0 = sch.get_block(name="C", func_name="main")
b1 = sch.get_block(name="root", func_name="main")
sch.annotate(block_or_loop=b0, ann_key="meta_schedule.tiling_structure", ann_val="SSRSRS")
l2, l3, l4 = sch.get_loops(block=b0)
v5, v6, v7, v8 = sch.sample_perfect_tile(loop=l2, n=4, max_innermost_factor=64, decision=[6, 1, 64, 1])
l9, l10, l11, l12 = sch.split(loop=l2, factors=[v5, v6, v7, v8], preserve_unit_iters=True, disable_predication=False)
v13, v14, v15, v16 = sch.sample_perfect_tile(loop=l3, n=4, max_innermost_factor=64, decision=[6, 8, 16, 4])
l17, l18, l19, l20 = sch.split(loop=l3, factors=[v13, v14, v15, v16], preserve_unit_iters=True, disable_predication=False)
v21, v22 = sch.sample_perfect_tile(loop=l4, n=2, max_innermost_factor=64, decision=[16, 48])
l23, l24 = sch.split(loop=l4, factors=[v21, v22], preserve_unit_iters=True, disable_predication=False)
sch.reorder(l9, l17, l10, l18, l23, l11, l19, l24, l12, l20)
b25 = sch.cache_write(block=b0, write_buffer_index=0, storage_scope="global")
sch.reverse_compute_at(block=b25, loop=l18, preserve_unit_loops=True, index=-1)
sch.annotate(block_or_loop=b1, ann_key="meta_schedule.parallel", ann_val=128)
sch.annotate(block_or_loop=b1, ann_key="meta_schedule.vectorize", ann_val=64)
v26 = sch.sample_categorical(candidates=[0, 16, 64, 512], probs=[0.25, 0.25, 0.25, 0.25], decision=1)
sch.annotate(block_or_loop=b1, ann_key="meta_schedule.unroll_explicit", ann_val=v26)
2026-04-07 19:48:43 [INFO] [task_scheduler.cc:176] Design space #1:
# from tvm.script import ir as I
# from tvm.script import tir as T

@I.ir_module
class Module:
    @T.prim_func
    def main(A: T.Buffer((384, 768), "float32"), B: T.Buffer((768, 3072), "float32"), C: T.Buffer((384, 3072), "float32")):
        T.func_attr({"tir.noalias": True})
        with T.block("root"):
            T.reads()
            T.writes()
            T.block_attr({"meta_schedule.parallel": 128, "meta_schedule.unroll_explicit": 16, "meta_schedule.vectorize": 64})
            C_global = T.alloc_buffer((384, 3072))
            for i_0, j_0 in T.grid(6, 6):
                for i_1, j_1, k_0, i_2, j_2, k_1, i_3, j_3 in T.grid(1, 8, 16, 64, 16, 48, 1, 4):
                    with T.block("C"):
                        vi = T.axis.spatial(384, i_0 * 64 + i_1 * 64 + i_2 + i_3)
                        vj = T.axis.spatial(3072, j_0 * 512 + j_1 * 64 + j_2 * 4 + j_3)
                        vk = T.axis.reduce(768, k_0 * 48 + k_1)
                        T.reads(A[vi, vk], B[vk, vj])
                        T.writes(C_global[vi, vj])
                        T.block_attr({"meta_schedule.tiling_structure": "SSRSRS"})
                        with T.init():
                            C_global[vi, vj] = T.float32(0.0)
                        C_global[vi, vj] = C_global[vi, vj] + A[vi, vk] * B[vk, vj]
                for ax0, ax1 in T.grid(64, 512):
                    with T.block("C_global"):
                        v0 = T.axis.spatial(384, i_0 * 64 + ax0)
                        v1 = T.axis.spatial(3072, j_0 * 512 + ax1)
                        T.reads(C_global[v0, v1])
                        T.writes(C[v0, v1])
                        C[v0, v1] = C_global[v0, v1]
b0 = sch.get_block(name="C", func_name="main")
b1 = sch.get_block(name="root", func_name="main")
sch.annotate(block_or_loop=b0, ann_key="meta_schedule.tiling_structure", ann_val="SSRSRS")
l2, l3, l4 = sch.get_loops(block=b0)
v5, v6, v7, v8 = sch.sample_perfect_tile(loop=l2, n=4, max_innermost_factor=64, decision=[6, 1, 64, 1])
l9, l10, l11, l12 = sch.split(loop=l2, factors=[v5, v6, v7, v8], preserve_unit_iters=True, disable_predication=False)
v13, v14, v15, v16 = sch.sample_perfect_tile(loop=l3, n=4, max_innermost_factor=64, decision=[6, 8, 16, 4])
l17, l18, l19, l20 = sch.split(loop=l3, factors=[v13, v14, v15, v16], preserve_unit_iters=True, disable_predication=False)
v21, v22 = sch.sample_perfect_tile(loop=l4, n=2, max_innermost_factor=64, decision=[16, 48])
l23, l24 = sch.split(loop=l4, factors=[v21, v22], preserve_unit_iters=True, disable_predication=False)
sch.reorder(l9, l17, l10, l18, l23, l11, l19, l24, l12, l20)
b25 = sch.cache_write(block=b0, write_buffer_index=0, storage_scope="global")
sch.reverse_compute_at(block=b25, loop=l17, preserve_unit_loops=True, index=-1)
sch.annotate(block_or_loop=b1, ann_key="meta_schedule.parallel", ann_val=128)
sch.annotate(block_or_loop=b1, ann_key="meta_schedule.vectorize", ann_val=64)
v26 = sch.sample_categorical(candidates=[0, 16, 64, 512], probs=[0.25, 0.25, 0.25, 0.25], decision=1)
sch.annotate(block_or_loop=b1, ann_key="meta_schedule.unroll_explicit", ann_val=v26)
2026-04-07 19:48:43 [INFO] [task_scheduler.cc:176] Design space #2:
# from tvm.script import ir as I
# from tvm.script import tir as T

@I.ir_module
class Module:
    @T.prim_func
    def main(A: T.Buffer((384, 768), "float32"), B: T.Buffer((768, 3072), "float32"), C: T.Buffer((384, 3072), "float32")):
        T.func_attr({"tir.noalias": True})
        with T.block("root"):
            T.reads()
            T.writes()
            T.block_attr({"meta_schedule.parallel": 128, "meta_schedule.unroll_explicit": 512, "meta_schedule.vectorize": 64})
            for i_0, j_0, i_1, j_1, k_0, i_2, j_2, k_1, i_3, j_3 in T.grid(6, 6, 1, 8, 16, 64, 16, 48, 1, 4):
                with T.block("C"):
                    vi = T.axis.spatial(384, i_0 * 64 + i_1 * 64 + i_2 + i_3)
                    vj = T.axis.spatial(3072, j_0 * 512 + j_1 * 64 + j_2 * 4 + j_3)
                    vk = T.axis.reduce(768, k_0 * 48 + k_1)
                    T.reads(A[vi, vk], B[vk, vj])
                    T.writes(C[vi, vj])
                    T.block_attr({"meta_schedule.tiling_structure": "SSRSRS"})
                    with T.init():
                        C[vi, vj] = T.float32(0.0)
                    C[vi, vj] = C[vi, vj] + A[vi, vk] * B[vk, vj]
b0 = sch.get_block(name="C", func_name="main")
b1 = sch.get_block(name="root", func_name="main")
sch.annotate(block_or_loop=b0, ann_key="meta_schedule.tiling_structure", ann_val="SSRSRS")
l2, l3, l4 = sch.get_loops(block=b0)
v5, v6, v7, v8 = sch.sample_perfect_tile(loop=l2, n=4, max_innermost_factor=64, decision=[6, 1, 64, 1])
l9, l10, l11, l12 = sch.split(loop=l2, factors=[v5, v6, v7, v8], preserve_unit_iters=True, disable_predication=False)
v13, v14, v15, v16 = sch.sample_perfect_tile(loop=l3, n=4, max_innermost_factor=64, decision=[6, 8, 16, 4])
l17, l18, l19, l20 = sch.split(loop=l3, factors=[v13, v14, v15, v16], preserve_unit_iters=True, disable_predication=False)
v21, v22 = sch.sample_perfect_tile(loop=l4, n=2, max_innermost_factor=64, decision=[16, 48])
l23, l24 = sch.split(loop=l4, factors=[v21, v22], preserve_unit_iters=True, disable_predication=False)
sch.reorder(l9, l17, l10, l18, l23, l11, l19, l24, l12, l20)
sch.annotate(block_or_loop=b1, ann_key="meta_schedule.parallel", ann_val=128)
sch.annotate(block_or_loop=b1, ann_key="meta_schedule.vectorize", ann_val=64)
v25 = sch.sample_categorical(candidates=[0, 16, 64, 512], probs=[0.25, 0.25, 0.25, 0.25], decision=3)
sch.annotate(block_or_loop=b1, ann_key="meta_schedule.unroll_explicit", ann_val=v25)
2026-04-07 19:48:43 [INFO] [evolutionary_search.cc:711] Generating candidates......
2026-04-07 19:48:43 [INFO] [evolutionary_search.cc:713] Picked top 0 candidate(s) from database
2026-04-07 19:48:44 [INFO] [evolutionary_search.cc:530] Sample-Init-Population summary:
Postproc #0 [meta_schedule.DisallowDynamicLoop(0x5bdf4d821298)]: 0 failure(s)
Postproc #1 [meta_schedule.RewriteParallelVectorizeUnroll(0x5bdf4d74d568)]: 0 failure(s)
Postproc #2 [meta_schedule.RewriteReductionBlock(0x5bdf4d7e3cf8)]: 0 failure(s)
Postproc #3 [meta_schedule.RewriteLayout(0x5bdf4d031428)]: 0 failure(s)
2026-04-07 19:48:44 [INFO] [evolutionary_search.cc:721] Sampled 457 candidate(s)
2026-04-07 19:48:44 [INFO] [evolutionary_search.cc:619] Evolve iter #0 done. Summary:
Postproc #0 [meta_schedule.DisallowDynamicLoop(0x5bdf4d821298)]: 0 failure(s)
Postproc #1 [meta_schedule.RewriteParallelVectorizeUnroll(0x5bdf4d74d568)]: 0 failure(s)
Postproc #2 [meta_schedule.RewriteReductionBlock(0x5bdf4d7e3cf8)]: 0 failure(s)
Postproc #3 [meta_schedule.RewriteLayout(0x5bdf4d031428)]: 0 failure(s)
2026-04-07 19:48:44 [INFO] [evolutionary_search.cc:619] Evolve iter #1 done. Summary:
Postproc #0 [meta_schedule.DisallowDynamicLoop(0x5bdf4d821298)]: 0 failure(s)
Postproc #1 [meta_schedule.RewriteParallelVectorizeUnroll(0x5bdf4d74d568)]: 0 failure(s)
Postproc #2 [meta_schedule.RewriteReductionBlock(0x5bdf4d7e3cf8)]: 0 failure(s)
Postproc #3 [meta_schedule.RewriteLayout(0x5bdf4d031428)]: 0 failure(s)
2026-04-07 19:48:44 [INFO] [evolutionary_search.cc:619] Evolve iter #2 done. Summary:
Postproc #0 [meta_schedule.DisallowDynamicLoop(0x5bdf4d821298)]: 0 failure(s)
Postproc #1 [meta_schedule.RewriteParallelVectorizeUnroll(0x5bdf4d74d568)]: 0 failure(s)
Postproc #2 [meta_schedule.RewriteReductionBlock(0x5bdf4d7e3cf8)]: 0 failure(s)
Postproc #3 [meta_schedule.RewriteLayout(0x5bdf4d031428)]: 0 failure(s)
2026-04-07 19:48:44 [INFO] [evolutionary_search.cc:647] Scores of the best 32 candidates:
[1 : 16]:	0.9989  0.9972  0.9935  0.9934  0.9922  0.9915  0.9912  0.9892  0.9883  0.9879  0.9877  0.9875  0.9872  0.9861  0.9860  0.9859
[17 : 32]:	0.9842  0.9837  0.9836  0.9829  0.9826  0.9820  0.9814  0.9812  0.9811  0.9808  0.9806  0.9801  0.9800  0.9797  0.9796  0.9792
2026-04-07 19:48:44 [INFO] [evolutionary_search.cc:725] Got 32 candidate(s) with evolutionary search
2026-04-07 19:48:44 [INFO] [evolutionary_search.cc:728] Sending 32 candidates(s) for measurement
2026-04-07 19:49:05 [INFO] [task_scheduler.cc:137] [Task #0: main] Trial #1: GFLOPs: 6.7780. Time: 267325.7845 us. Best GFLOPs: 6.7780
2026-04-07 19:49:05 [INFO] [task_scheduler.cc:137] [Task #0: main] Trial #2: GFLOPs: 40.0376. Time: 45255.9385 us. Best GFLOPs: 40.0376
2026-04-07 19:49:05 [INFO] [task_scheduler.cc:137] [Task #0: main] Trial #3: GFLOPs: 39.8169. Time: 45506.7545 us. Best GFLOPs: 40.0376
2026-04-07 19:49:05 [INFO] [task_scheduler.cc:137] [Task #0: main] Trial #4: GFLOPs: 32.3953. Time: 55932.0865 us. Best GFLOPs: 40.0376
2026-04-07 19:49:05 [INFO] [task_scheduler.cc:137] [Task #0: main] Trial #5: GFLOPs: 70.5668. Time: 25676.9435 us. Best GFLOPs: 70.5668
2026-04-07 19:49:05 [INFO] [task_scheduler.cc:137] [Task #0: main] Trial #6: GFLOPs: 17.2911. Time: 104790.4600 us. Best GFLOPs: 70.5668
2026-04-07 19:49:05 [INFO] [task_scheduler.cc:137] [Task #0: main] Trial #7: GFLOPs: 76.8420. Time: 23580.0745 us. Best GFLOPs: 76.8420
2026-04-07 19:49:05 [INFO] [task_scheduler.cc:137] [Task #0: main] Trial #8: GFLOPs: 17.3259. Time: 104579.6530 us. Best GFLOPs: 76.8420
2026-04-07 19:49:05 [INFO] [task_scheduler.cc:137] [Task #0: main] Trial #9: GFLOPs: 14.3981. Time: 125845.9930 us. Best GFLOPs: 76.8420
2026-04-07 19:49:05 [INFO] [task_scheduler.cc:137] [Task #0: main] Trial #10: GFLOPs: 24.0804. Time: 75245.5505 us. Best GFLOPs: 76.8420
2026-04-07 19:49:05 [INFO] [task_scheduler.cc:137] [Task #0: main] Trial #11: GFLOPs: 22.5362. Time: 80401.4450 us. Best GFLOPs: 76.8420
2026-04-07 19:49:05 [INFO] [task_scheduler.cc:137] [Task #0: main] Trial #12: GFLOPs: 35.9483. Time: 50404.0890 us. Best GFLOPs: 76.8420
2026-04-07 19:49:05 [INFO] [task_scheduler.cc:137] [Task #0: main] Trial #13: GFLOPs: 31.8262. Time: 56932.3310 us. Best GFLOPs: 76.8420
2026-04-07 19:49:05 [INFO] [task_scheduler.cc:137] [Task #0: main] Trial #14: GFLOPs: 9.2608. Time: 195656.0600 us. Best GFLOPs: 76.8420
2026-04-07 19:49:05 [INFO] [task_scheduler.cc:137] [Task #0: main] Trial #15: GFLOPs: 103.7454. Time: 17465.2557 us. Best GFLOPs: 103.7454
2026-04-07 19:49:05 [INFO] [task_scheduler.cc:137] [Task #0: main] Trial #16: GFLOPs: 8.5272. Time: 212490.4575 us. Best GFLOPs: 103.7454
2026-04-07 19:49:05 [INFO] [task_scheduler.cc:137] [Task #0: main] Trial #17: GFLOPs: 104.4612. Time: 17345.5690 us. Best GFLOPs: 104.4612
2026-04-07 19:49:05 [INFO] [task_scheduler.cc:137] [Task #0: main] Trial #18: GFLOPs: 11.4925. Time: 157662.8680 us. Best GFLOPs: 104.4612
2026-04-07 19:49:05 [INFO] [task_scheduler.cc:137] [Task #0: main] Trial #19: GFLOPs: 31.4122. Time: 57682.6310 us. Best GFLOPs: 104.4612
2026-04-07 19:49:05 [INFO] [task_scheduler.cc:137] [Task #0: main] Trial #20: GFLOPs: 62.4705. Time: 29004.7350 us. Best GFLOPs: 104.4612
2026-04-07 19:49:05 [INFO] [task_scheduler.cc:137] [Task #0: main] Trial #21: GFLOPs: 60.2684. Time: 30064.4905 us. Best GFLOPs: 104.4612
2026-04-07 19:49:05 [INFO] [task_scheduler.cc:137] [Task #0: main] Trial #22: GFLOPs: 18.4362. Time: 98281.4075 us. Best GFLOPs: 104.4612
2026-04-07 19:49:05 [INFO] [task_scheduler.cc:137] [Task #0: main] Trial #23: GFLOPs: 114.7913. Time: 15784.6373 us. Best GFLOPs: 114.7913
2026-04-07 19:49:05 [INFO] [task_scheduler.cc:137] [Task #0: main] Trial #24: GFLOPs: 88.3682. Time: 20504.4325 us. Best GFLOPs: 114.7913
2026-04-07 19:49:05 [INFO] [task_scheduler.cc:137] [Task #0: main] Trial #25: GFLOPs: 6.2069. Time: 291922.9685 us. Best GFLOPs: 114.7913
2026-04-07 19:49:05 [INFO] [task_scheduler.cc:137] [Task #0: main] Trial #26: GFLOPs: 20.5690. Time: 88090.9940 us. Best GFLOPs: 114.7913
2026-04-07 19:49:05 [INFO] [task_scheduler.cc:137] [Task #0: main] Trial #27: GFLOPs: 86.4627. Time: 20956.3055 us. Best GFLOPs: 114.7913
2026-04-07 19:49:05 [INFO] [task_scheduler.cc:137] [Task #0: main] Trial #28: GFLOPs: 101.7582. Time: 17806.3240 us. Best GFLOPs: 114.7913
2026-04-07 19:49:05 [INFO] [task_scheduler.cc:137] [Task #0: main] Trial #29: GFLOPs: 9.6939. Time: 186915.5705 us. Best GFLOPs: 114.7913
2026-04-07 19:49:05 [INFO] [task_scheduler.cc:137] [Task #0: main] Trial #30: GFLOPs: 24.5886. Time: 73690.2485 us. Best GFLOPs: 114.7913
2026-04-07 19:49:05 [INFO] [task_scheduler.cc:137] [Task #0: main] Trial #31: GFLOPs: 73.6583. Time: 24599.2670 us. Best GFLOPs: 114.7913
2026-04-07 19:49:05 [INFO] [task_scheduler.cc:137] [Task #0: main] Trial #32: GFLOPs: 48.8403. Time: 37099.2875 us. Best GFLOPs: 114.7913
2026-04-07 19:49:05 [INFO] [evolutionary_search.cc:711] Generating candidates......
2026-04-07 19:49:05 [INFO] [evolutionary_search.cc:713] Picked top 32 candidate(s) from database
2026-04-07 19:49:05 [INFO] [evolutionary_search.cc:530] Sample-Init-Population summary:
Postproc #0 [meta_schedule.DisallowDynamicLoop(0x5bdf4d821298)]: 0 failure(s)
Postproc #1 [meta_schedule.RewriteParallelVectorizeUnroll(0x5bdf4d74d568)]: 0 failure(s)
Postproc #2 [meta_schedule.RewriteReductionBlock(0x5bdf4d7e3cf8)]: 0 failure(s)
Postproc #3 [meta_schedule.RewriteLayout(0x5bdf4d031428)]: 0 failure(s)
2026-04-07 19:49:05 [INFO] [evolutionary_search.cc:721] Sampled 425 candidate(s)
2026-04-07 19:49:06 [INFO] [evolutionary_search.cc:619] Evolve iter #0 done. Summary:
Postproc #0 [meta_schedule.DisallowDynamicLoop(0x5bdf4d821298)]: 0 failure(s)
Postproc #1 [meta_schedule.RewriteParallelVectorizeUnroll(0x5bdf4d74d568)]: 0 failure(s)
Postproc #2 [meta_schedule.RewriteReductionBlock(0x5bdf4d7e3cf8)]: 0 failure(s)
Postproc #3 [meta_schedule.RewriteLayout(0x5bdf4d031428)]: 0 failure(s)
2026-04-07 19:49:06 [INFO] [evolutionary_search.cc:619] Evolve iter #1 done. Summary:
Postproc #0 [meta_schedule.DisallowDynamicLoop(0x5bdf4d821298)]: 0 failure(s)
Postproc #1 [meta_schedule.RewriteParallelVectorizeUnroll(0x5bdf4d74d568)]: 0 failure(s)
Postproc #2 [meta_schedule.RewriteReductionBlock(0x5bdf4d7e3cf8)]: 0 failure(s)
Postproc #3 [meta_schedule.RewriteLayout(0x5bdf4d031428)]: 0 failure(s)
2026-04-07 19:49:06 [INFO] [evolutionary_search.cc:619] Evolve iter #2 done. Summary:
Postproc #0 [meta_schedule.DisallowDynamicLoop(0x5bdf4d821298)]: 0 failure(s)
Postproc #1 [meta_schedule.RewriteParallelVectorizeUnroll(0x5bdf4d74d568)]: 0 failure(s)
Postproc #2 [meta_schedule.RewriteReductionBlock(0x5bdf4d7e3cf8)]: 0 failure(s)
Postproc #3 [meta_schedule.RewriteLayout(0x5bdf4d031428)]: 0 failure(s)
2026-04-07 19:49:06 [INFO] [evolutionary_search.cc:647] Scores of the best 32 candidates:
[1 : 16]:	0.9977  0.9958  0.9953  0.9951  0.9950  0.9935  0.9934  0.9931  0.9919  0.9918  0.9905  0.9904  0.9902  0.9876  0.9871  0.9853
[17 : 32]:	0.9852  0.9851  0.9838  0.9838  0.9835  0.9831  0.9827  0.9824  0.9807  0.9807  0.9793  0.9792  0.9778  0.9776  0.9774  0.9772
2026-04-07 19:49:06 [INFO] [evolutionary_search.cc:725] Got 32 candidate(s) with evolutionary search
2026-04-07 19:49:06 [INFO] [evolutionary_search.cc:728] Sending 32 candidates(s) for measurement
2026-04-07 19:49:26 [INFO] [task_scheduler.cc:137] [Task #0: main] Trial #33: GFLOPs: 68.3477. Time: 26510.6135 us. Best GFLOPs: 114.7913
2026-04-07 19:49:26 [INFO] [task_scheduler.cc:137] [Task #0: main] Trial #34: GFLOPs: 46.0844. Time: 39317.8610 us. Best GFLOPs: 114.7913
2026-04-07 19:49:26 [INFO] [task_scheduler.cc:137] [Task #0: main] Trial #35: GFLOPs: 18.5303. Time: 97782.5205 us. Best GFLOPs: 114.7913
2026-04-07 19:49:26 [INFO] [task_scheduler.cc:137] [Task #0: main] Trial #36: GFLOPs: 21.5822. Time: 83955.3350 us. Best GFLOPs: 114.7913
2026-04-07 19:49:26 [INFO] [task_scheduler.cc:137] [Task #0: main] Trial #37: GFLOPs: 23.1910. Time: 78131.2585 us. Best GFLOPs: 114.7913
2026-04-07 19:49:26 [INFO] [task_scheduler.cc:137] [Task #0: main] Trial #38: GFLOPs: 45.6445. Time: 39696.7755 us. Best GFLOPs: 114.7913
2026-04-07 19:49:26 [INFO] [task_scheduler.cc:137] [Task #0: main] Trial #39: GFLOPs: 4.8175. Time: 376119.3275 us. Best GFLOPs: 114.7913
2026-04-07 19:49:26 [INFO] [task_scheduler.cc:137] [Task #0: main] Trial #40: GFLOPs: 12.3276. Time: 146981.7980 us. Best GFLOPs: 114.7913
2026-04-07 19:49:26 [INFO] [task_scheduler.cc:137] [Task #0: main] Trial #41: GFLOPs: 56.0804. Time: 32309.6520 us. Best GFLOPs: 114.7913
2026-04-07 19:49:26 [INFO] [task_scheduler.cc:137] [Task #0: main] Trial #42: GFLOPs: 47.0147. Time: 38539.8780 us. Best GFLOPs: 114.7913
2026-04-07 19:49:26 [INFO] [task_scheduler.cc:137] [Task #0: main] Trial #43: GFLOPs: 79.3031. Time: 22848.2760 us. Best GFLOPs: 114.7913
2026-04-07 19:49:26 [INFO] [task_scheduler.cc:137] [Task #0: main] Trial #44: GFLOPs: 32.7604. Time: 55308.7800 us. Best GFLOPs: 114.7913
2026-04-07 19:49:26 [INFO] [task_scheduler.cc:137] [Task #0: main] Trial #45: GFLOPs: 33.6304. Time: 53878.0590 us. Best GFLOPs: 114.7913
2026-04-07 19:49:26 [INFO] [task_scheduler.cc:137] [Task #0: main] Trial #46: GFLOPs: 45.0165. Time: 40250.5475 us. Best GFLOPs: 114.7913
2026-04-07 19:49:26 [INFO] [task_scheduler.cc:137] [Task #0: main] Trial #47: GFLOPs: 87.2498. Time: 20767.2500 us. Best GFLOPs: 114.7913
2026-04-07 19:49:26 [INFO] [task_scheduler.cc:137] [Task #0: main] Trial #48: GFLOPs: 64.6593. Time: 28022.8515 us. Best GFLOPs: 114.7913
2026-04-07 19:49:26 [INFO] [task_scheduler.cc:137] [Task #0: main] Trial #49: GFLOPs: 39.4850. Time: 45889.2920 us. Best GFLOPs: 114.7913
2026-04-07 19:49:26 [INFO] [task_scheduler.cc:137] [Task #0: main] Trial #50: GFLOPs: 4.6788. Time: 387262.6780 us. Best GFLOPs: 114.7913
2026-04-07 19:49:26 [INFO] [task_scheduler.cc:137] [Task #0: main] Trial #51: GFLOPs: 62.7485. Time: 28876.1995 us. Best GFLOPs: 114.7913
2026-04-07 19:49:26 [INFO] [task_scheduler.cc:137] [Task #0: main] Trial #52: GFLOPs: 47.3345. Time: 38279.4475 us. Best GFLOPs: 114.7913
2026-04-07 19:49:26 [INFO] [task_scheduler.cc:137] [Task #0: main] Trial #53: GFLOPs: 50.9430. Time: 35568.0035 us. Best GFLOPs: 114.7913
2026-04-07 19:49:26 [INFO] [task_scheduler.cc:137] [Task #0: main] Trial #54: GFLOPs: 81.9473. Time: 22111.0300 us. Best GFLOPs: 114.7913
2026-04-07 19:49:26 [INFO] [task_scheduler.cc:137] [Task #0: main] Trial #55: GFLOPs: 46.7905. Time: 38724.5255 us. Best GFLOPs: 114.7913
2026-04-07 19:49:26 [INFO] [task_scheduler.cc:137] [Task #0: main] Trial #56: GFLOPs: 16.3579. Time: 110768.4010 us. Best GFLOPs: 114.7913
2026-04-07 19:49:26 [INFO] [task_scheduler.cc:137] [Task #0: main] Trial #57: GFLOPs: 63.2642. Time: 28640.8130 us. Best GFLOPs: 114.7913
2026-04-07 19:49:26 [INFO] [task_scheduler.cc:137] [Task #0: main] Trial #58: GFLOPs: 9.4636. Time: 191464.5015 us. Best GFLOPs: 114.7913
2026-04-07 19:49:26 [INFO] [task_scheduler.cc:137] [Task #0: main] Trial #59: GFLOPs: 8.3829. Time: 216146.1840 us. Best GFLOPs: 114.7913
2026-04-07 19:49:26 [INFO] [task_scheduler.cc:137] [Task #0: main] Trial #60: GFLOPs: 71.3060. Time: 25410.7545 us. Best GFLOPs: 114.7913
2026-04-07 19:49:26 [INFO] [task_scheduler.cc:137] [Task #0: main] Trial #61: GFLOPs: 87.8166. Time: 20633.2140 us. Best GFLOPs: 114.7913
2026-04-07 19:49:26 [INFO] [task_scheduler.cc:137] [Task #0: main] Trial #62: GFLOPs: 47.1592. Time: 38421.7300 us. Best GFLOPs: 114.7913
2026-04-07 19:49:26 [INFO] [task_scheduler.cc:137] [Task #0: main] Trial #63: GFLOPs: 19.1369. Time: 94683.2480 us. Best GFLOPs: 114.7913
2026-04-07 19:49:26 [INFO] [task_scheduler.cc:137] [Task #0: main] Trial #64: GFLOPs: 67.9184. Time: 26678.1980 us. Best GFLOPs: 114.7913
2026-04-07 19:49:26 [INFO] [evolutionary_search.cc:711] Generating candidates......
2026-04-07 19:49:26 [INFO] [evolutionary_search.cc:713] Picked top 64 candidate(s) from database
2026-04-07 19:49:26 [INFO] [evolutionary_search.cc:530] Sample-Init-Population summary:
Postproc #0 [meta_schedule.DisallowDynamicLoop(0x5bdf4d821298)]: 0 failure(s)
Postproc #1 [meta_schedule.RewriteParallelVectorizeUnroll(0x5bdf4d74d568)]: 0 failure(s)
Postproc #2 [meta_schedule.RewriteReductionBlock(0x5bdf4d7e3cf8)]: 0 failure(s)
Postproc #3 [meta_schedule.RewriteLayout(0x5bdf4d031428)]: 0 failure(s)
2026-04-07 19:49:26 [INFO] [evolutionary_search.cc:721] Sampled 393 candidate(s)
2026-04-07 19:49:27 [INFO] [evolutionary_search.cc:619] Evolve iter #0 done. Summary:
Postproc #0 [meta_schedule.DisallowDynamicLoop(0x5bdf4d821298)]: 0 failure(s)
Postproc #1 [meta_schedule.RewriteParallelVectorizeUnroll(0x5bdf4d74d568)]: 0 failure(s)
Postproc #2 [meta_schedule.RewriteReductionBlock(0x5bdf4d7e3cf8)]: 0 failure(s)
Postproc #3 [meta_schedule.RewriteLayout(0x5bdf4d031428)]: 0 failure(s)
2026-04-07 19:49:27 [INFO] [evolutionary_search.cc:619] Evolve iter #1 done. Summary:
Postproc #0 [meta_schedule.DisallowDynamicLoop(0x5bdf4d821298)]: 0 failure(s)
Postproc #1 [meta_schedule.RewriteParallelVectorizeUnroll(0x5bdf4d74d568)]: 0 failure(s)
Postproc #2 [meta_schedule.RewriteReductionBlock(0x5bdf4d7e3cf8)]: 0 failure(s)
Postproc #3 [meta_schedule.RewriteLayout(0x5bdf4d031428)]: 0 failure(s)
2026-04-07 19:49:27 [INFO] [evolutionary_search.cc:619] Evolve iter #2 done. Summary:
Postproc #0 [meta_schedule.DisallowDynamicLoop(0x5bdf4d821298)]: 0 failure(s)
Postproc #1 [meta_schedule.RewriteParallelVectorizeUnroll(0x5bdf4d74d568)]: 0 failure(s)
Postproc #2 [meta_schedule.RewriteReductionBlock(0x5bdf4d7e3cf8)]: 0 failure(s)
Postproc #3 [meta_schedule.RewriteLayout(0x5bdf4d031428)]: 0 failure(s)
2026-04-07 19:49:27 [INFO] [evolutionary_search.cc:647] Scores of the best 12 candidates:
[1 : 12]:	0.9985  0.9985  0.9981  0.9980  0.9974  0.9962  0.9950  0.9947  0.9947  0.9942  0.9926  0.9923
2026-04-07 19:49:27 [INFO] [evolutionary_search.cc:725] Got 12 candidate(s) with evolutionary search
2026-04-07 19:49:27 [INFO] [evolutionary_search.cc:728] Sending 12 candidates(s) for measurement
2026-04-07 19:49:38 [INFO] [task_scheduler.cc:137] [Task #0: main] Trial #65: GFLOPs: 84.7489. Time: 21380.0993 us. Best GFLOPs: 114.7913
2026-04-07 19:49:38 [INFO] [task_scheduler.cc:137] [Task #0: main] Trial #66: GFLOPs: 44.8953. Time: 40359.2640 us. Best GFLOPs: 114.7913
2026-04-07 19:49:38 [INFO] [task_scheduler.cc:137] [Task #0: main] Trial #67: GFLOPs: 44.8907. Time: 40363.3345 us. Best GFLOPs: 114.7913
2026-04-07 19:49:38 [INFO] [task_scheduler.cc:137] [Task #0: main] Trial #68: GFLOPs: 25.7067. Time: 70485.2265 us. Best GFLOPs: 114.7913
2026-04-07 19:49:38 [INFO] [task_scheduler.cc:137] [Task #0: main] Trial #69: GFLOPs: 9.0179. Time: 200927.9130 us. Best GFLOPs: 114.7913
2026-04-07 19:49:38 [INFO] [task_scheduler.cc:137] [Task #0: main] Trial #70: GFLOPs: 35.6416. Time: 50837.7465 us. Best GFLOPs: 114.7913
2026-04-07 19:49:38 [INFO] [task_scheduler.cc:137] [Task #0: main] Trial #71: GFLOPs: 60.1034. Time: 30147.0210 us. Best GFLOPs: 114.7913
2026-04-07 19:49:38 [INFO] [task_scheduler.cc:137] [Task #0: main] Trial #72: GFLOPs: 56.8562. Time: 31868.7940 us. Best GFLOPs: 114.7913
2026-04-07 19:49:38 [INFO] [task_scheduler.cc:137] [Task #0: main] Trial #73: GFLOPs: 70.9310. Time: 25545.1040 us. Best GFLOPs: 114.7913
2026-04-07 19:49:38 [INFO] [task_scheduler.cc:137] [Task #0: main] Trial #74: GFLOPs: 11.2108. Time: 161624.7250 us. Best GFLOPs: 114.7913
2026-04-07 19:49:38 [INFO] [task_scheduler.cc:137] [Task #0: main] Trial #75: GFLOPs: 43.0674. Time: 42072.2245 us. Best GFLOPs: 114.7913
2026-04-07 19:49:38 [INFO] [task_scheduler.cc:137] [Task #0: main] Trial #76: GFLOPs: 37.1175. Time: 48816.3540 us. Best GFLOPs: 114.7913
