2026-04-07 18:49:05 [INFO] Logging directory: research/results/metaschedule/8020/iter_01/8101c461a4f1ec26/mlp_expand/M_384/logs
2026-04-07 18:49:05 [INFO] [task_scheduler.cc:165] Initializing Task #0: "main"
2026-04-07 18:49:05 [INFO] [task_scheduler.cc:326] 
 ID | Name |       FLOP | Weight | Speed (GFLOPS) | Latency (us) | Weighted Latency (us) | Trials | Done 
---------------------------------------------------------------------------------------------------------
  0 | main | 1811939328 |      1 |            N/A |          N/A |                   N/A |      0 |      
---------------------------------------------------------------------------------------------------------
Total trials: 0
Total latency (us): 0

2026-04-07 18:49:05 [INFO] [task_scheduler.cc:186] TaskScheduler picks Task #0: "main"
2026-04-07 18:49:06 [INFO] [task_scheduler.cc:199] Sending 64 sample(s) to builder
2026-04-07 18:49:18 [INFO] [task_scheduler.cc:201] Sending 64 sample(s) to runner
2026-04-07 18:49:41 [DEBUG] XGB iter   0: tr-p-rmse: 0.404778	tr-a-peak@32: 0.998700	tr-rmse: 0.285899	tr-rmse: 0.285899
2026-04-07 18:49:41 [DEBUG] XGB iter  25: tr-p-rmse: 0.059290	tr-a-peak@32: 1.000000	tr-rmse: 0.300715	tr-rmse: 0.300715
2026-04-07 18:49:41 [DEBUG] XGB iter  50: tr-p-rmse: 0.059288	tr-a-peak@32: 1.000000	tr-rmse: 0.300718	tr-rmse: 0.300718
2026-04-07 18:49:41 [DEBUG] XGB iter  75: tr-p-rmse: 0.059288	tr-a-peak@32: 1.000000	tr-rmse: 0.300718	tr-rmse: 0.300718
2026-04-07 18:49:41 [DEBUG] XGB stopped. Best iteration: [30] tr-p-rmse:0.05929	tr-a-peak@32:1.00000	tr-rmse:0.30072	tr-rmse:0.30072 
2026-04-07 18:49:41 [INFO] [task_scheduler.cc:243] [Updated] Task #0: "main"
2026-04-07 18:49:41 [INFO] [task_scheduler.cc:326] 
 ID | Name |       FLOP | Weight | Speed (GFLOPS) | Latency (us) | Weighted Latency (us) | Trials | Done 
---------------------------------------------------------------------------------------------------------
  0 | main | 1811939328 |      1 |       118.5991 |   15277.8513 |            15277.8513 |     64 |      
---------------------------------------------------------------------------------------------------------
Total trials: 64
Total latency (us): 15277.9

2026-04-07 18:49:41 [INFO] [task_scheduler.cc:186] TaskScheduler picks Task #0: "main"
2026-04-07 18:49:43 [INFO] [task_scheduler.cc:199] Sending 50 sample(s) to builder
2026-04-07 18:49:53 [INFO] [task_scheduler.cc:201] Sending 50 sample(s) to runner
2026-04-07 18:50:07 [DEBUG] XGB validation: p-rmse: 0.209391	a-peak@32: 1.000000
2026-04-07 18:50:07 [DEBUG] XGB iter   0: tr-p-rmse: 0.399733	tr-a-peak@32: 1.000000	tr-rmse: 0.251533	tr-rmse: 0.251533
2026-04-07 18:50:08 [DEBUG] XGB iter  25: tr-p-rmse: 0.048097	tr-a-peak@32: 1.000000	tr-rmse: 0.270957	tr-rmse: 0.270957
2026-04-07 18:50:08 [DEBUG] XGB iter  50: tr-p-rmse: 0.048089	tr-a-peak@32: 1.000000	tr-rmse: 0.270970	tr-rmse: 0.270970
2026-04-07 18:50:08 [DEBUG] XGB iter  75: tr-p-rmse: 0.048089	tr-a-peak@32: 1.000000	tr-rmse: 0.270970	tr-rmse: 0.270970
2026-04-07 18:50:08 [DEBUG] XGB stopped. Best iteration: [31] tr-p-rmse:0.04809	tr-a-peak@32:1.00000	tr-rmse:0.27097	tr-rmse:0.27097 
2026-04-07 18:50:08 [INFO] [task_scheduler.cc:243] [Updated] Task #0: "main"
2026-04-07 18:50:08 [INFO] [task_scheduler.cc:326] 
 ID | Name |       FLOP | Weight | Speed (GFLOPS) | Latency (us) | Weighted Latency (us) | Trials | Done 
---------------------------------------------------------------------------------------------------------
  0 | main | 1811939328 |      1 |       118.5991 |   15277.8513 |            15277.8513 |    114 |      
---------------------------------------------------------------------------------------------------------
Total trials: 114
Total latency (us): 15277.9

2026-04-07 18:50:08 [INFO] [task_scheduler.cc:266] Task #0 has finished. Remaining task(s): 0
2026-04-07 18:50:08 [INFO] [task_scheduler.cc:326] 
 ID | Name |       FLOP | Weight | Speed (GFLOPS) | Latency (us) | Weighted Latency (us) | Trials | Done 
---------------------------------------------------------------------------------------------------------
  0 | main | 1811939328 |      1 |       118.5991 |   15277.8513 |            15277.8513 |    114 |    Y 
---------------------------------------------------------------------------------------------------------
Total trials: 114
Total latency (us): 15277.9

2026-04-07 18:50:08 [INFO] LocalBuilder: max_workers = 12
2026-04-07 18:50:10 [INFO] LocalRunner: max_workers = 1
