2026-04-07 19:49:41 [INFO] Logging directory: research/results/metaschedule/8020/iter_01/23e1a456b455ed05/mlp_reduce/M_16/logs
2026-04-07 19:49:41 [INFO] [task_scheduler.cc:165] Initializing Task #0: "main"
2026-04-07 19:49:41 [INFO] [task_scheduler.cc:326] 
 ID | Name |     FLOP | Weight | Speed (GFLOPS) | Latency (us) | Weighted Latency (us) | Trials | Done 
-------------------------------------------------------------------------------------------------------
  0 | main | 75497472 |      1 |            N/A |          N/A |                   N/A |      0 |      
-------------------------------------------------------------------------------------------------------
Total trials: 0
Total latency (us): 0

2026-04-07 19:49:41 [INFO] [task_scheduler.cc:186] TaskScheduler picks Task #0: "main"
2026-04-07 19:49:42 [INFO] [task_scheduler.cc:199] Sending 32 sample(s) to builder
2026-04-07 19:49:52 [INFO] [task_scheduler.cc:201] Sending 32 sample(s) to runner
2026-04-07 19:49:57 [DEBUG] XGB iter   0: tr-p-rmse: 0.456661	tr-a-peak@32: 0.992578	tr-rmse: 0.258915	tr-rmse: 0.258915
2026-04-07 19:49:57 [DEBUG] XGB iter  25: tr-p-rmse: 0.051750	tr-a-peak@32: 1.000000	tr-rmse: 0.280347	tr-rmse: 0.280347
2026-04-07 19:49:58 [DEBUG] XGB iter  50: tr-p-rmse: 0.051756	tr-a-peak@32: 1.000000	tr-rmse: 0.280340	tr-rmse: 0.280340
2026-04-07 19:49:58 [DEBUG] XGB stopped. Best iteration: [19] tr-p-rmse:0.05168	tr-a-peak@32:1.00000	tr-rmse:0.28043	tr-rmse:0.28043 
2026-04-07 19:49:58 [INFO] [task_scheduler.cc:243] [Updated] Task #0: "main"
2026-04-07 19:49:58 [INFO] [task_scheduler.cc:326] 
 ID | Name |     FLOP | Weight | Speed (GFLOPS) | Latency (us) | Weighted Latency (us) | Trials | Done 
-------------------------------------------------------------------------------------------------------
  0 | main | 75497472 |      1 |        53.9513 |    1399.3633 |             1399.3633 |     32 |      
-------------------------------------------------------------------------------------------------------
Total trials: 32
Total latency (us): 1399.36

2026-04-07 19:49:58 [INFO] [task_scheduler.cc:186] TaskScheduler picks Task #0: "main"
2026-04-07 19:49:59 [INFO] [task_scheduler.cc:199] Sending 32 sample(s) to builder
2026-04-07 19:50:06 [INFO] [task_scheduler.cc:201] Sending 32 sample(s) to runner
2026-04-07 19:50:12 [DEBUG] XGB validation: p-rmse: 0.332635	a-peak@32: 0.989288
2026-04-07 19:50:12 [DEBUG] XGB iter   0: tr-p-rmse: 0.469779	tr-a-peak@32: 1.000000	tr-rmse: 0.204096	tr-rmse: 0.204096
2026-04-07 19:50:12 [DEBUG] XGB iter  25: tr-p-rmse: 0.061064	tr-a-peak@32: 1.000000	tr-rmse: 0.211279	tr-rmse: 0.211279
2026-04-07 19:50:12 [DEBUG] XGB iter  50: tr-p-rmse: 0.061051	tr-a-peak@32: 1.000000	tr-rmse: 0.211292	tr-rmse: 0.211292
2026-04-07 19:50:12 [DEBUG] XGB iter  75: tr-p-rmse: 0.061051	tr-a-peak@32: 1.000000	tr-rmse: 0.211292	tr-rmse: 0.211292
2026-04-07 19:50:12 [DEBUG] XGB stopped. Best iteration: [34] tr-p-rmse:0.06105	tr-a-peak@32:1.00000	tr-rmse:0.21129	tr-rmse:0.21129 
2026-04-07 19:50:12 [INFO] [task_scheduler.cc:243] [Updated] Task #0: "main"
2026-04-07 19:50:12 [INFO] [task_scheduler.cc:326] 
 ID | Name |     FLOP | Weight | Speed (GFLOPS) | Latency (us) | Weighted Latency (us) | Trials | Done 
-------------------------------------------------------------------------------------------------------
  0 | main | 75497472 |      1 |        74.8287 |    1008.9377 |             1008.9377 |     64 |      
-------------------------------------------------------------------------------------------------------
Total trials: 64
Total latency (us): 1008.94

2026-04-07 19:50:12 [INFO] [task_scheduler.cc:186] TaskScheduler picks Task #0: "main"
2026-04-07 19:50:13 [INFO] [task_scheduler.cc:199] Sending 13 sample(s) to builder
2026-04-07 19:50:20 [INFO] [task_scheduler.cc:201] Sending 13 sample(s) to runner
2026-04-07 19:50:22 [DEBUG] XGB validation: p-rmse: 0.294125	a-peak@32: 0.916186
2026-04-07 19:50:22 [DEBUG] XGB iter   0: tr-p-rmse: 0.464547	tr-a-peak@32: 1.000000	tr-rmse: 0.211519	tr-rmse: 0.211519
2026-04-07 19:50:22 [DEBUG] XGB iter  25: tr-p-rmse: 0.054506	tr-a-peak@32: 1.000000	tr-rmse: 0.229655	tr-rmse: 0.229655
2026-04-07 19:50:22 [DEBUG] XGB iter  50: tr-p-rmse: 0.054471	tr-a-peak@32: 1.000000	tr-rmse: 0.229694	tr-rmse: 0.229694
2026-04-07 19:50:22 [DEBUG] XGB iter  75: tr-p-rmse: 0.054471	tr-a-peak@32: 1.000000	tr-rmse: 0.229694	tr-rmse: 0.229694
2026-04-07 19:50:22 [DEBUG] XGB stopped. Best iteration: [35] tr-p-rmse:0.05447	tr-a-peak@32:1.00000	tr-rmse:0.22969	tr-rmse:0.22969 
2026-04-07 19:50:22 [INFO] [task_scheduler.cc:243] [Updated] Task #0: "main"
2026-04-07 19:50:22 [INFO] [task_scheduler.cc:326] 
 ID | Name |     FLOP | Weight | Speed (GFLOPS) | Latency (us) | Weighted Latency (us) | Trials | Done 
-------------------------------------------------------------------------------------------------------
  0 | main | 75497472 |      1 |        74.8287 |    1008.9377 |             1008.9377 |     77 |      
-------------------------------------------------------------------------------------------------------
Total trials: 77
Total latency (us): 1008.94

2026-04-07 19:50:22 [INFO] [task_scheduler.cc:266] Task #0 has finished. Remaining task(s): 0
2026-04-07 19:50:22 [INFO] [task_scheduler.cc:326] 
 ID | Name |     FLOP | Weight | Speed (GFLOPS) | Latency (us) | Weighted Latency (us) | Trials | Done 
-------------------------------------------------------------------------------------------------------
  0 | main | 75497472 |      1 |        74.8287 |    1008.9377 |             1008.9377 |     77 |    Y 
-------------------------------------------------------------------------------------------------------
Total trials: 77
Total latency (us): 1008.94

2026-04-07 19:50:23 [INFO] LocalBuilder: max_workers = 12
2026-04-07 19:50:24 [INFO] LocalRunner: max_workers = 1
