2026-04-07 16:48:30 [INFO] [task_scheduler.cc:166] Initializing Task #0: "main"
2026-04-07 16:48:30 [INFO] [task_scheduler.cc:41] 
# from tvm.script import ir as I
# from tvm.script import tir as T

@I.ir_module
class Module:
    @T.prim_func
    def main(A: T.Buffer((128, 768), "float32"), B: T.Buffer((768, 3072), "float32"), C: T.Buffer((128, 3072), "float32")):
        T.func_attr({"tir.noalias": True})
        # with T.block("root"):
        for i, j, k in T.grid(128, 3072, 768):
            with T.block("C"):
                vi, vj, vk = T.axis.remap("SSR", [i, j, k])
                T.reads(A[vi, vk], B[vk, vj])
                T.writes(C[vi, vj])
                with T.init():
                    C[vi, vj] = T.float32(0.0)
                C[vi, vj] = C[vi, vj] + A[vi, vk] * B[vk, vj]
2026-04-07 16:48:30 [INFO] [task_scheduler.cc:170] Total 3 design space(s) generated
2026-04-07 16:48:30 [INFO] [task_scheduler.cc:176] Design space #0:
# from tvm.script import ir as I
# from tvm.script import tir as T

@I.ir_module
class Module:
    @T.prim_func
    def main(A: T.Buffer((128, 768), "float32"), B: T.Buffer((768, 3072), "float32"), C: T.Buffer((128, 3072), "float32")):
        T.func_attr({"tir.noalias": True})
        with T.block("root"):
            T.reads()
            T.writes()
            T.block_attr({"meta_schedule.parallel": 128, "meta_schedule.unroll_explicit": 512, "meta_schedule.vectorize": 64})
            C_global = T.alloc_buffer((128, 3072))
            for i_0, j_0, i_1, j_1 in T.grid(1, 2, 8, 16):
                for k_0, i_2, j_2, k_1, i_3, j_3 in T.grid(12, 2, 24, 64, 8, 4):
                    with T.block("C"):
                        vi = T.axis.spatial(128, i_0 * 128 + i_1 * 16 + i_2 * 8 + i_3)
                        vj = T.axis.spatial(3072, j_0 * 1536 + j_1 * 96 + j_2 * 4 + j_3)
                        vk = T.axis.reduce(768, k_0 * 64 + k_1)
                        T.reads(A[vi, vk], B[vk, vj])
                        T.writes(C_global[vi, vj])
                        T.block_attr({"meta_schedule.tiling_structure": "SSRSRS"})
                        with T.init():
                            C_global[vi, vj] = T.float32(0.0)
                        C_global[vi, vj] = C_global[vi, vj] + A[vi, vk] * B[vk, vj]
                for ax0, ax1 in T.grid(16, 96):
                    with T.block("C_global"):
                        v0 = T.axis.spatial(128, i_1 * 16 + ax0)
                        v1 = T.axis.spatial(3072, j_0 * 1536 + j_1 * 96 + ax1)
                        T.reads(C_global[v0, v1])
                        T.writes(C[v0, v1])
                        C[v0, v1] = C_global[v0, v1]
b0 = sch.get_block(name="C", func_name="main")
b1 = sch.get_block(name="root", func_name="main")
sch.annotate(block_or_loop=b0, ann_key="meta_schedule.tiling_structure", ann_val="SSRSRS")
l2, l3, l4 = sch.get_loops(block=b0)
v5, v6, v7, v8 = sch.sample_perfect_tile(loop=l2, n=4, max_innermost_factor=64, decision=[1, 8, 2, 8])
l9, l10, l11, l12 = sch.split(loop=l2, factors=[v5, v6, v7, v8], preserve_unit_iters=True, disable_predication=False)
v13, v14, v15, v16 = sch.sample_perfect_tile(loop=l3, n=4, max_innermost_factor=64, decision=[2, 16, 24, 4])
l17, l18, l19, l20 = sch.split(loop=l3, factors=[v13, v14, v15, v16], preserve_unit_iters=True, disable_predication=False)
v21, v22 = sch.sample_perfect_tile(loop=l4, n=2, max_innermost_factor=64, decision=[12, 64])
l23, l24 = sch.split(loop=l4, factors=[v21, v22], preserve_unit_iters=True, disable_predication=False)
sch.reorder(l9, l17, l10, l18, l23, l11, l19, l24, l12, l20)
b25 = sch.cache_write(block=b0, write_buffer_index=0, storage_scope="global")
sch.reverse_compute_at(block=b25, loop=l18, preserve_unit_loops=True, index=-1)
sch.annotate(block_or_loop=b1, ann_key="meta_schedule.parallel", ann_val=128)
sch.annotate(block_or_loop=b1, ann_key="meta_schedule.vectorize", ann_val=64)
v26 = sch.sample_categorical(candidates=[0, 16, 64, 512], probs=[0.25, 0.25, 0.25, 0.25], decision=3)
sch.annotate(block_or_loop=b1, ann_key="meta_schedule.unroll_explicit", ann_val=v26)
2026-04-07 16:48:30 [INFO] [task_scheduler.cc:176] Design space #1:
# from tvm.script import ir as I
# from tvm.script import tir as T

@I.ir_module
class Module:
    @T.prim_func
    def main(A: T.Buffer((128, 768), "float32"), B: T.Buffer((768, 3072), "float32"), C: T.Buffer((128, 3072), "float32")):
        T.func_attr({"tir.noalias": True})
        with T.block("root"):
            T.reads()
            T.writes()
            T.block_attr({"meta_schedule.parallel": 128, "meta_schedule.unroll_explicit": 16, "meta_schedule.vectorize": 64})
            C_global = T.alloc_buffer((128, 3072))
            for i_0, j_0 in T.grid(1, 2):
                for i_1, j_1, k_0, i_2, j_2, k_1, i_3, j_3 in T.grid(8, 16, 12, 2, 24, 64, 8, 4):
                    with T.block("C"):
                        vi = T.axis.spatial(128, i_0 * 128 + i_1 * 16 + i_2 * 8 + i_3)
                        vj = T.axis.spatial(3072, j_0 * 1536 + j_1 * 96 + j_2 * 4 + j_3)
                        vk = T.axis.reduce(768, k_0 * 64 + k_1)
                        T.reads(A[vi, vk], B[vk, vj])
                        T.writes(C_global[vi, vj])
                        T.block_attr({"meta_schedule.tiling_structure": "SSRSRS"})
                        with T.init():
                            C_global[vi, vj] = T.float32(0.0)
                        C_global[vi, vj] = C_global[vi, vj] + A[vi, vk] * B[vk, vj]
                for ax0, ax1 in T.grid(128, 1536):
                    with T.block("C_global"):
                        v0 = T.axis.spatial(128, ax0)
                        v1 = T.axis.spatial(3072, j_0 * 1536 + ax1)
                        T.reads(C_global[v0, v1])
                        T.writes(C[v0, v1])
                        C[v0, v1] = C_global[v0, v1]
b0 = sch.get_block(name="C", func_name="main")
b1 = sch.get_block(name="root", func_name="main")
sch.annotate(block_or_loop=b0, ann_key="meta_schedule.tiling_structure", ann_val="SSRSRS")
l2, l3, l4 = sch.get_loops(block=b0)
v5, v6, v7, v8 = sch.sample_perfect_tile(loop=l2, n=4, max_innermost_factor=64, decision=[1, 8, 2, 8])
l9, l10, l11, l12 = sch.split(loop=l2, factors=[v5, v6, v7, v8], preserve_unit_iters=True, disable_predication=False)
v13, v14, v15, v16 = sch.sample_perfect_tile(loop=l3, n=4, max_innermost_factor=64, decision=[2, 16, 24, 4])
l17, l18, l19, l20 = sch.split(loop=l3, factors=[v13, v14, v15, v16], preserve_unit_iters=True, disable_predication=False)
v21, v22 = sch.sample_perfect_tile(loop=l4, n=2, max_innermost_factor=64, decision=[12, 64])
l23, l24 = sch.split(loop=l4, factors=[v21, v22], preserve_unit_iters=True, disable_predication=False)
sch.reorder(l9, l17, l10, l18, l23, l11, l19, l24, l12, l20)
b25 = sch.cache_write(block=b0, write_buffer_index=0, storage_scope="global")
sch.reverse_compute_at(block=b25, loop=l17, preserve_unit_loops=True, index=-1)
sch.annotate(block_or_loop=b1, ann_key="meta_schedule.parallel", ann_val=128)
sch.annotate(block_or_loop=b1, ann_key="meta_schedule.vectorize", ann_val=64)
v26 = sch.sample_categorical(candidates=[0, 16, 64, 512], probs=[0.25, 0.25, 0.25, 0.25], decision=1)
sch.annotate(block_or_loop=b1, ann_key="meta_schedule.unroll_explicit", ann_val=v26)
2026-04-07 16:48:30 [INFO] [task_scheduler.cc:176] Design space #2:
# from tvm.script import ir as I
# from tvm.script import tir as T

@I.ir_module
class Module:
    @T.prim_func
    def main(A: T.Buffer((128, 768), "float32"), B: T.Buffer((768, 3072), "float32"), C: T.Buffer((128, 3072), "float32")):
        T.func_attr({"tir.noalias": True})
        with T.block("root"):
            T.reads()
            T.writes()
            T.block_attr({"meta_schedule.parallel": 128, "meta_schedule.unroll_explicit": 16, "meta_schedule.vectorize": 64})
            for i_0, j_0, i_1, j_1, k_0, i_2, j_2, k_1, i_3, j_3 in T.grid(1, 2, 8, 16, 12, 2, 24, 64, 8, 4):
                with T.block("C"):
                    vi = T.axis.spatial(128, i_0 * 128 + i_1 * 16 + i_2 * 8 + i_3)
                    vj = T.axis.spatial(3072, j_0 * 1536 + j_1 * 96 + j_2 * 4 + j_3)
                    vk = T.axis.reduce(768, k_0 * 64 + k_1)
                    T.reads(A[vi, vk], B[vk, vj])
                    T.writes(C[vi, vj])
                    T.block_attr({"meta_schedule.tiling_structure": "SSRSRS"})
                    with T.init():
                        C[vi, vj] = T.float32(0.0)
                    C[vi, vj] = C[vi, vj] + A[vi, vk] * B[vk, vj]
b0 = sch.get_block(name="C", func_name="main")
b1 = sch.get_block(name="root", func_name="main")
sch.annotate(block_or_loop=b0, ann_key="meta_schedule.tiling_structure", ann_val="SSRSRS")
l2, l3, l4 = sch.get_loops(block=b0)
v5, v6, v7, v8 = sch.sample_perfect_tile(loop=l2, n=4, max_innermost_factor=64, decision=[1, 8, 2, 8])
l9, l10, l11, l12 = sch.split(loop=l2, factors=[v5, v6, v7, v8], preserve_unit_iters=True, disable_predication=False)
v13, v14, v15, v16 = sch.sample_perfect_tile(loop=l3, n=4, max_innermost_factor=64, decision=[2, 16, 24, 4])
l17, l18, l19, l20 = sch.split(loop=l3, factors=[v13, v14, v15, v16], preserve_unit_iters=True, disable_predication=False)
v21, v22 = sch.sample_perfect_tile(loop=l4, n=2, max_innermost_factor=64, decision=[12, 64])
l23, l24 = sch.split(loop=l4, factors=[v21, v22], preserve_unit_iters=True, disable_predication=False)
sch.reorder(l9, l17, l10, l18, l23, l11, l19, l24, l12, l20)
sch.annotate(block_or_loop=b1, ann_key="meta_schedule.parallel", ann_val=128)
sch.annotate(block_or_loop=b1, ann_key="meta_schedule.vectorize", ann_val=64)
v25 = sch.sample_categorical(candidates=[0, 16, 64, 512], probs=[0.25, 0.25, 0.25, 0.25], decision=1)
sch.annotate(block_or_loop=b1, ann_key="meta_schedule.unroll_explicit", ann_val=v25)
2026-04-07 16:48:30 [INFO] [evolutionary_search.cc:711] Generating candidates......
2026-04-07 16:48:30 [INFO] [evolutionary_search.cc:713] Picked top 0 candidate(s) from database
2026-04-07 16:48:31 [INFO] [evolutionary_search.cc:530] Sample-Init-Population summary:
Postproc #0 [meta_schedule.DisallowDynamicLoop(0x5bdf430b8b88)]: 0 failure(s)
Postproc #1 [meta_schedule.RewriteParallelVectorizeUnroll(0x5bdf42aaab38)]: 0 failure(s)
Postproc #2 [meta_schedule.RewriteReductionBlock(0x5bdf42dab438)]: 0 failure(s)
Postproc #3 [meta_schedule.RewriteLayout(0x5bdf42eba4d8)]: 0 failure(s)
2026-04-07 16:48:31 [INFO] [evolutionary_search.cc:721] Sampled 609 candidate(s)
2026-04-07 16:48:31 [INFO] [evolutionary_search.cc:619] Evolve iter #0 done. Summary:
Postproc #0 [meta_schedule.DisallowDynamicLoop(0x5bdf430b8b88)]: 0 failure(s)
Postproc #1 [meta_schedule.RewriteParallelVectorizeUnroll(0x5bdf42aaab38)]: 0 failure(s)
Postproc #2 [meta_schedule.RewriteReductionBlock(0x5bdf42dab438)]: 0 failure(s)
Postproc #3 [meta_schedule.RewriteLayout(0x5bdf42eba4d8)]: 0 failure(s)
2026-04-07 16:48:31 [INFO] [evolutionary_search.cc:619] Evolve iter #1 done. Summary:
Postproc #0 [meta_schedule.DisallowDynamicLoop(0x5bdf430b8b88)]: 0 failure(s)
Postproc #1 [meta_schedule.RewriteParallelVectorizeUnroll(0x5bdf42aaab38)]: 0 failure(s)
Postproc #2 [meta_schedule.RewriteReductionBlock(0x5bdf42dab438)]: 0 failure(s)
Postproc #3 [meta_schedule.RewriteLayout(0x5bdf42eba4d8)]: 0 failure(s)
2026-04-07 16:48:32 [INFO] [evolutionary_search.cc:619] Evolve iter #2 done. Summary:
Postproc #0 [meta_schedule.DisallowDynamicLoop(0x5bdf430b8b88)]: 0 failure(s)
Postproc #1 [meta_schedule.RewriteParallelVectorizeUnroll(0x5bdf42aaab38)]: 0 failure(s)
Postproc #2 [meta_schedule.RewriteReductionBlock(0x5bdf42dab438)]: 0 failure(s)
Postproc #3 [meta_schedule.RewriteLayout(0x5bdf42eba4d8)]: 0 failure(s)
2026-04-07 16:48:32 [INFO] [evolutionary_search.cc:619] Evolve iter #3 done. Summary:
Postproc #0 [meta_schedule.DisallowDynamicLoop(0x5bdf430b8b88)]: 0 failure(s)
Postproc #1 [meta_schedule.RewriteParallelVectorizeUnroll(0x5bdf42aaab38)]: 0 failure(s)
Postproc #2 [meta_schedule.RewriteReductionBlock(0x5bdf42dab438)]: 0 failure(s)
Postproc #3 [meta_schedule.RewriteLayout(0x5bdf42eba4d8)]: 0 failure(s)
2026-04-07 16:48:32 [INFO] [evolutionary_search.cc:647] Scores of the best 64 candidates:
[1 : 16]:	0.9999  0.9997  0.9996  0.9991  0.9989  0.9983  0.9982  0.9976  0.9975  0.9974  0.9972  0.9970  0.9958  0.9957  0.9956  0.9946
[17 : 32]:	0.9945  0.9938  0.9936  0.9934  0.9933  0.9926  0.9926  0.9922  0.9917  0.9914  0.9893  0.9893  0.9863  0.9858  0.9852  0.9851
[33 : 48]:	0.9849  0.9849  0.9846  0.9845  0.9842  0.9842  0.9840  0.9838  0.9837  0.9826  0.9825  0.9822  0.9816  0.9805  0.9803  0.9801
[49 : 64]:	0.9798  0.9798  0.9794  0.9794  0.9788  0.9785  0.9785  0.9779  0.9779  0.9774  0.9773  0.9772  0.9768  0.9766  0.9762  0.9759
2026-04-07 16:48:32 [INFO] [evolutionary_search.cc:725] Got 64 candidate(s) with evolutionary search
2026-04-07 16:48:32 [INFO] [evolutionary_search.cc:728] Sending 64 candidates(s) for measurement
2026-04-07 16:49:00 [INFO] [task_scheduler.cc:137] [Task #0: main] Trial #1: GFLOPs: 72.6001. Time: 8319.2666 us. Best GFLOPs: 72.6001
2026-04-07 16:49:00 [INFO] [task_scheduler.cc:137] [Task #0: main] Trial #2: GFLOPs: 28.3733. Time: 21286.8880 us. Best GFLOPs: 72.6001
2026-04-07 16:49:00 [INFO] [task_scheduler.cc:137] [Task #0: main] Trial #3: GFLOPs: 28.4720. Time: 21213.1170 us. Best GFLOPs: 72.6001
2026-04-07 16:49:00 [INFO] [task_scheduler.cc:137] [Task #0: main] Trial #4: GFLOPs: 29.7746. Time: 20285.0397 us. Best GFLOPs: 72.6001
2026-04-07 16:49:00 [INFO] [task_scheduler.cc:137] [Task #0: main] Trial #5: GFLOPs: 79.4565. Time: 7601.3926 us. Best GFLOPs: 79.4565
2026-04-07 16:49:00 [INFO] [task_scheduler.cc:137] [Task #0: main] Trial #6: GFLOPs: 10.3716. Time: 58233.9667 us. Best GFLOPs: 79.4565
2026-04-07 16:49:00 [INFO] [task_scheduler.cc:137] [Task #0: main] Trial #7: GFLOPs: 29.1743. Time: 20702.4580 us. Best GFLOPs: 79.4565
2026-04-07 16:49:00 [INFO] [task_scheduler.cc:137] [Task #0: main] Trial #8: GFLOPs: 27.0095. Time: 22361.7753 us. Best GFLOPs: 79.4565
2026-04-07 16:49:00 [INFO] [task_scheduler.cc:137] [Task #0: main] Trial #9: GFLOPs: 91.3555. Time: 6611.3097 us. Best GFLOPs: 91.3555
2026-04-07 16:49:00 [INFO] [task_scheduler.cc:137] [Task #0: main] Trial #10: GFLOPs: 65.7361. Time: 9187.9480 us. Best GFLOPs: 91.3555
2026-04-07 16:49:00 [INFO] [task_scheduler.cc:137] [Task #0: main] Trial #11: GFLOPs: 37.3309. Time: 16179.0865 us. Best GFLOPs: 91.3555
2026-04-07 16:49:00 [INFO] [task_scheduler.cc:137] [Task #0: main] Trial #12: GFLOPs: 60.3818. Time: 10002.6874 us. Best GFLOPs: 91.3555
2026-04-07 16:49:00 [INFO] [task_scheduler.cc:137] [Task #0: main] Trial #13: GFLOPs: 21.8215. Time: 27678.1823 us. Best GFLOPs: 91.3555
2026-04-07 16:49:00 [INFO] [task_scheduler.cc:137] [Task #0: main] Trial #14: GFLOPs: 9.7947. Time: 61663.7920 us. Best GFLOPs: 91.3555
2026-04-07 16:49:00 [INFO] [task_scheduler.cc:137] [Task #0: main] Trial #15: GFLOPs: 26.9684. Time: 22395.8280 us. Best GFLOPs: 91.3555
2026-04-07 16:49:00 [INFO] [task_scheduler.cc:137] [Task #0: main] Trial #16: GFLOPs: 27.0433. Time: 22333.8453 us. Best GFLOPs: 91.3555
2026-04-07 16:49:00 [INFO] [task_scheduler.cc:137] [Task #0: main] Trial #17: GFLOPs: 18.1825. Time: 33217.6910 us. Best GFLOPs: 91.3555
2026-04-07 16:49:00 [INFO] [task_scheduler.cc:137] [Task #0: main] Trial #18: GFLOPs: 67.1523. Time: 8994.1771 us. Best GFLOPs: 91.3555
2026-04-07 16:49:00 [INFO] [task_scheduler.cc:137] [Task #0: main] Trial #19: GFLOPs: 52.6206. Time: 11478.0182 us. Best GFLOPs: 91.3555
2026-04-07 16:49:00 [INFO] [task_scheduler.cc:137] [Task #0: main] Trial #20: GFLOPs: 18.0864. Time: 33394.1897 us. Best GFLOPs: 91.3555
2026-04-07 16:49:00 [INFO] [task_scheduler.cc:137] [Task #0: main] Trial #21: GFLOPs: 63.1198. Time: 9568.7826 us. Best GFLOPs: 91.3555
2026-04-07 16:49:00 [INFO] [task_scheduler.cc:137] [Task #0: main] Trial #22: GFLOPs: 27.5743. Time: 21903.7483 us. Best GFLOPs: 91.3555
2026-04-07 16:49:00 [INFO] [task_scheduler.cc:137] [Task #0: main] Trial #23: GFLOPs: 84.6520. Time: 7134.8564 us. Best GFLOPs: 91.3555
2026-04-07 16:49:00 [INFO] [task_scheduler.cc:137] [Task #0: main] Trial #24: GFLOPs: 22.7751. Time: 26519.3327 us. Best GFLOPs: 91.3555
2026-04-07 16:49:00 [INFO] [task_scheduler.cc:137] [Task #0: main] Trial #25: GFLOPs: 84.0897. Time: 7182.5631 us. Best GFLOPs: 91.3555
2026-04-07 16:49:00 [INFO] [task_scheduler.cc:137] [Task #0: main] Trial #26: GFLOPs: 51.4870. Time: 11730.7280 us. Best GFLOPs: 91.3555
2026-04-07 16:49:00 [INFO] [task_scheduler.cc:137] [Task #0: main] Trial #27: GFLOPs: 31.0983. Time: 19421.6120 us. Best GFLOPs: 91.3555
2026-04-07 16:49:00 [INFO] [task_scheduler.cc:137] [Task #0: main] Trial #28: GFLOPs: 18.6510. Time: 32383.1980 us. Best GFLOPs: 91.3555
2026-04-07 16:49:00 [INFO] [task_scheduler.cc:137] [Task #0: main] Trial #29: GFLOPs: 30.1935. Time: 20003.6627 us. Best GFLOPs: 91.3555
2026-04-07 16:49:00 [INFO] [task_scheduler.cc:137] [Task #0: main] Trial #30: GFLOPs: 5.4003. Time: 111842.4120 us. Best GFLOPs: 91.3555
2026-04-07 16:49:00 [INFO] [task_scheduler.cc:137] [Task #0: main] Trial #31: GFLOPs: 14.0242. Time: 43066.9197 us. Best GFLOPs: 91.3555
2026-04-07 16:49:00 [INFO] [task_scheduler.cc:137] [Task #0: main] Trial #32: GFLOPs: 38.0387. Time: 15878.0172 us. Best GFLOPs: 91.3555
2026-04-07 16:49:00 [INFO] [task_scheduler.cc:137] [Task #0: main] Trial #33: GFLOPs: 21.6091. Time: 27950.2577 us. Best GFLOPs: 91.3555
2026-04-07 16:49:00 [INFO] [task_scheduler.cc:137] [Task #0: main] Trial #34: GFLOPs: 100.5897. Time: 6004.3873 us. Best GFLOPs: 100.5897
2026-04-07 16:49:00 [INFO] [task_scheduler.cc:137] [Task #0: main] Trial #35: GFLOPs: 37.7669. Time: 15992.3235 us. Best GFLOPs: 100.5897
2026-04-07 16:49:00 [INFO] [task_scheduler.cc:137] [Task #0: main] Trial #36: GFLOPs: 8.0996. Time: 74569.4770 us. Best GFLOPs: 100.5897
2026-04-07 16:49:00 [INFO] [task_scheduler.cc:137] [Task #0: main] Trial #37: GFLOPs: 12.9494. Time: 46641.6173 us. Best GFLOPs: 100.5897
2026-04-07 16:49:00 [INFO] [task_scheduler.cc:137] [Task #0: main] Trial #38: GFLOPs: 16.8404. Time: 35864.9053 us. Best GFLOPs: 100.5897
2026-04-07 16:49:00 [INFO] [task_scheduler.cc:137] [Task #0: main] Trial #39: GFLOPs: 18.9431. Time: 31883.9483 us. Best GFLOPs: 100.5897
2026-04-07 16:49:00 [INFO] [task_scheduler.cc:137] [Task #0: main] Trial #40: GFLOPs: 102.4172. Time: 5897.2489 us. Best GFLOPs: 102.4172
2026-04-07 16:49:00 [INFO] [task_scheduler.cc:137] [Task #0: main] Trial #41: GFLOPs: 72.2619. Time: 8358.1996 us. Best GFLOPs: 102.4172
2026-04-07 16:49:00 [INFO] [task_scheduler.cc:137] [Task #0: main] Trial #42: GFLOPs: 9.9475. Time: 60716.9983 us. Best GFLOPs: 102.4172
2026-04-07 16:49:00 [INFO] [task_scheduler.cc:137] [Task #0: main] Trial #43: GFLOPs: 73.8719. Time: 8176.0385 us. Best GFLOPs: 102.4172
2026-04-07 16:49:00 [INFO] [task_scheduler.cc:137] [Task #0: main] Trial #44: GFLOPs: 34.0840. Time: 17720.3383 us. Best GFLOPs: 102.4172
2026-04-07 16:49:00 [INFO] [task_scheduler.cc:137] [Task #0: main] Trial #45: GFLOPs: 66.5209. Time: 9079.5463 us. Best GFLOPs: 102.4172
2026-04-07 16:49:00 [INFO] [task_scheduler.cc:137] [Task #0: main] Trial #46: GFLOPs: 5.6766. Time: 106398.3640 us. Best GFLOPs: 102.4172
2026-04-07 16:49:00 [INFO] [task_scheduler.cc:137] [Task #0: main] Trial #47: GFLOPs: 48.0519. Time: 12569.3340 us. Best GFLOPs: 102.4172
2026-04-07 16:49:00 [INFO] [task_scheduler.cc:137] [Task #0: main] Trial #48: GFLOPs: 13.5445. Time: 44592.1560 us. Best GFLOPs: 102.4172
2026-04-07 16:49:00 [INFO] [task_scheduler.cc:137] [Task #0: main] Trial #49: GFLOPs: 12.6314. Time: 47815.8490 us. Best GFLOPs: 102.4172
2026-04-07 16:49:00 [INFO] [task_scheduler.cc:137] [Task #0: main] Trial #50: GFLOPs: 53.2287. Time: 11346.8860 us. Best GFLOPs: 102.4172
2026-04-07 16:49:00 [INFO] [task_scheduler.cc:137] [Task #0: main] Trial #51: GFLOPs: 10.6396. Time: 56767.3777 us. Best GFLOPs: 102.4172
2026-04-07 16:49:00 [INFO] [task_scheduler.cc:137] [Task #0: main] Trial #52: GFLOPs: 47.0264. Time: 12843.4330 us. Best GFLOPs: 102.4172
2026-04-07 16:49:00 [INFO] [task_scheduler.cc:137] [Task #0: main] Trial #53: GFLOPs: 70.7587. Time: 8535.7640 us. Best GFLOPs: 102.4172
2026-04-07 16:49:00 [INFO] [task_scheduler.cc:137] [Task #0: main] Trial #54: GFLOPs: 29.5354. Time: 20449.3720 us. Best GFLOPs: 102.4172
2026-04-07 16:49:00 [INFO] [task_scheduler.cc:137] [Task #0: main] Trial #55: GFLOPs: 8.9949. Time: 67147.0473 us. Best GFLOPs: 102.4172
2026-04-07 16:49:00 [INFO] [task_scheduler.cc:137] [Task #0: main] Trial #56: GFLOPs: 5.6047. Time: 107763.2667 us. Best GFLOPs: 102.4172
2026-04-07 16:49:00 [INFO] [task_scheduler.cc:137] [Task #0: main] Trial #57: GFLOPs: 29.7041. Time: 20333.2073 us. Best GFLOPs: 102.4172
2026-04-07 16:49:00 [INFO] [task_scheduler.cc:137] [Task #0: main] Trial #58: GFLOPs: 18.2830. Time: 33034.9737 us. Best GFLOPs: 102.4172
2026-04-07 16:49:00 [INFO] [task_scheduler.cc:137] [Task #0: main] Trial #59: GFLOPs: 31.3278. Time: 19279.3305 us. Best GFLOPs: 102.4172
2026-04-07 16:49:00 [INFO] [task_scheduler.cc:137] [Task #0: main] Trial #60: GFLOPs: 15.7792. Time: 38277.0043 us. Best GFLOPs: 102.4172
2026-04-07 16:49:00 [INFO] [task_scheduler.cc:137] [Task #0: main] Trial #61: GFLOPs: 79.3939. Time: 7607.3864 us. Best GFLOPs: 102.4172
2026-04-07 16:49:00 [INFO] [task_scheduler.cc:137] [Task #0: main] Trial #62: GFLOPs: 79.7355. Time: 7574.7939 us. Best GFLOPs: 102.4172
2026-04-07 16:49:00 [INFO] [task_scheduler.cc:137] [Task #0: main] Trial #63: GFLOPs: 22.8160. Time: 26471.7583 us. Best GFLOPs: 102.4172
2026-04-07 16:49:00 [INFO] [task_scheduler.cc:137] [Task #0: main] Trial #64: GFLOPs: 58.0225. Time: 10409.3990 us. Best GFLOPs: 102.4172
2026-04-07 16:49:00 [INFO] [evolutionary_search.cc:711] Generating candidates......
2026-04-07 16:49:00 [INFO] [evolutionary_search.cc:713] Picked top 64 candidate(s) from database
2026-04-07 16:49:00 [INFO] [evolutionary_search.cc:530] Sample-Init-Population summary:
Postproc #0 [meta_schedule.DisallowDynamicLoop(0x5bdf430b8b88)]: 0 failure(s)
Postproc #1 [meta_schedule.RewriteParallelVectorizeUnroll(0x5bdf42aaab38)]: 0 failure(s)
Postproc #2 [meta_schedule.RewriteReductionBlock(0x5bdf42dab438)]: 0 failure(s)
Postproc #3 [meta_schedule.RewriteLayout(0x5bdf42eba4d8)]: 0 failure(s)
2026-04-07 16:49:00 [INFO] [evolutionary_search.cc:721] Sampled 545 candidate(s)
2026-04-07 16:49:01 [INFO] [evolutionary_search.cc:619] Evolve iter #0 done. Summary:
Postproc #0 [meta_schedule.DisallowDynamicLoop(0x5bdf430b8b88)]: 0 failure(s)
Postproc #1 [meta_schedule.RewriteParallelVectorizeUnroll(0x5bdf42aaab38)]: 0 failure(s)
Postproc #2 [meta_schedule.RewriteReductionBlock(0x5bdf42dab438)]: 0 failure(s)
Postproc #3 [meta_schedule.RewriteLayout(0x5bdf42eba4d8)]: 0 failure(s)
2026-04-07 16:49:01 [INFO] [evolutionary_search.cc:619] Evolve iter #1 done. Summary:
Postproc #0 [meta_schedule.DisallowDynamicLoop(0x5bdf430b8b88)]: 0 failure(s)
Postproc #1 [meta_schedule.RewriteParallelVectorizeUnroll(0x5bdf42aaab38)]: 0 failure(s)
Postproc #2 [meta_schedule.RewriteReductionBlock(0x5bdf42dab438)]: 0 failure(s)
Postproc #3 [meta_schedule.RewriteLayout(0x5bdf42eba4d8)]: 0 failure(s)
2026-04-07 16:49:01 [INFO] [evolutionary_search.cc:619] Evolve iter #2 done. Summary:
Postproc #0 [meta_schedule.DisallowDynamicLoop(0x5bdf430b8b88)]: 0 failure(s)
Postproc #1 [meta_schedule.RewriteParallelVectorizeUnroll(0x5bdf42aaab38)]: 0 failure(s)
Postproc #2 [meta_schedule.RewriteReductionBlock(0x5bdf42dab438)]: 0 failure(s)
Postproc #3 [meta_schedule.RewriteLayout(0x5bdf42eba4d8)]: 0 failure(s)
2026-04-07 16:49:02 [INFO] [evolutionary_search.cc:619] Evolve iter #3 done. Summary:
Postproc #0 [meta_schedule.DisallowDynamicLoop(0x5bdf430b8b88)]: 0 failure(s)
Postproc #1 [meta_schedule.RewriteParallelVectorizeUnroll(0x5bdf42aaab38)]: 0 failure(s)
Postproc #2 [meta_schedule.RewriteReductionBlock(0x5bdf42dab438)]: 0 failure(s)
Postproc #3 [meta_schedule.RewriteLayout(0x5bdf42eba4d8)]: 0 failure(s)
2026-04-07 16:49:02 [INFO] [evolutionary_search.cc:647] Scores of the best 64 candidates:
[1 : 16]:	0.9992  0.9988  0.9986  0.9985  0.9984  0.9984  0.9983  0.9982  0.9977  0.9973  0.9973  0.9969  0.9962  0.9959  0.9958  0.9957
[17 : 32]:	0.9947  0.9945  0.9944  0.9943  0.9942  0.9941  0.9940  0.9935  0.9931  0.9929  0.9928  0.9928  0.9927  0.9926  0.9922  0.9908
[33 : 48]:	0.9907  0.9891  0.9886  0.9874  0.9857  0.9855  0.9848  0.9848  0.9848  0.9848  0.9847  0.9847  0.9844  0.9835  0.9831  0.9828
[49 : 64]:	0.9824  0.9812  0.9810  0.9809  0.9808  0.9806  0.9804  0.9801  0.9801  0.9789  0.9782  0.9779  0.9777  0.9774  0.9767  0.9751
2026-04-07 16:49:02 [INFO] [evolutionary_search.cc:725] Got 64 candidate(s) with evolutionary search
2026-04-07 16:49:02 [INFO] [evolutionary_search.cc:728] Sending 64 candidates(s) for measurement
2026-04-07 16:49:28 [INFO] [task_scheduler.cc:137] [Task #0: main] Trial #65: GFLOPs: 95.1850. Time: 6345.3279 us. Best GFLOPs: 102.4172
2026-04-07 16:49:28 [INFO] [task_scheduler.cc:137] [Task #0: main] Trial #66: GFLOPs: 91.4790. Time: 6602.3842 us. Best GFLOPs: 102.4172
2026-04-07 16:49:28 [INFO] [task_scheduler.cc:137] [Task #0: main] Trial #67: GFLOPs: 42.7887. Time: 14115.4110 us. Best GFLOPs: 102.4172
2026-04-07 16:49:28 [INFO] [task_scheduler.cc:137] [Task #0: main] Trial #68: GFLOPs: 83.2360. Time: 7256.2353 us. Best GFLOPs: 102.4172
2026-04-07 16:49:28 [INFO] [task_scheduler.cc:137] [Task #0: main] Trial #69: GFLOPs: 40.9131. Time: 14762.5000 us. Best GFLOPs: 102.4172
2026-04-07 16:49:28 [INFO] [task_scheduler.cc:137] [Task #0: main] Trial #70: GFLOPs: 25.6149. Time: 23579.2463 us. Best GFLOPs: 102.4172
2026-04-07 16:49:28 [INFO] [task_scheduler.cc:137] [Task #0: main] Trial #71: GFLOPs: 34.7507. Time: 17380.3546 us. Best GFLOPs: 102.4172
2026-04-07 16:49:28 [INFO] [task_scheduler.cc:137] [Task #0: main] Trial #72: GFLOPs: 60.1590. Time: 10039.7316 us. Best GFLOPs: 102.4172
2026-04-07 16:49:28 [INFO] [task_scheduler.cc:137] [Task #0: main] Trial #73: GFLOPs: 87.9105. Time: 6870.3971 us. Best GFLOPs: 102.4172
2026-04-07 16:49:28 [INFO] [task_scheduler.cc:137] [Task #0: main] Trial #74: GFLOPs: 30.0138. Time: 20123.4343 us. Best GFLOPs: 102.4172
2026-04-07 16:49:28 [INFO] [task_scheduler.cc:137] [Task #0: main] Trial #75: GFLOPs: 18.2662. Time: 33065.3483 us. Best GFLOPs: 102.4172
2026-04-07 16:49:28 [INFO] [task_scheduler.cc:137] [Task #0: main] Trial #76: GFLOPs: 17.8251. Time: 33883.6117 us. Best GFLOPs: 102.4172
2026-04-07 16:49:28 [INFO] [task_scheduler.cc:137] [Task #0: main] Trial #77: GFLOPs: 35.0519. Time: 17231.0370 us. Best GFLOPs: 102.4172
2026-04-07 16:49:28 [INFO] [task_scheduler.cc:137] [Task #0: main] Trial #78: GFLOPs: 14.1109. Time: 42802.3687 us. Best GFLOPs: 102.4172
2026-04-07 16:49:28 [INFO] [task_scheduler.cc:137] [Task #0: main] Trial #79: GFLOPs: 7.1691. Time: 84247.8817 us. Best GFLOPs: 102.4172
2026-04-07 16:49:28 [INFO] [task_scheduler.cc:137] [Task #0: main] Trial #80: GFLOPs: 57.1775. Time: 10563.2365 us. Best GFLOPs: 102.4172
2026-04-07 16:49:28 [INFO] [task_scheduler.cc:137] [Task #0: main] Trial #81: GFLOPs: 39.8116. Time: 15170.9312 us. Best GFLOPs: 102.4172
2026-04-07 16:49:28 [INFO] [task_scheduler.cc:137] [Task #0: main] Trial #82: GFLOPs: 50.0163. Time: 12075.6642 us. Best GFLOPs: 102.4172
2026-04-07 16:49:28 [INFO] [task_scheduler.cc:137] [Task #0: main] Trial #83: GFLOPs: 62.5837. Time: 9650.7511 us. Best GFLOPs: 102.4172
2026-04-07 16:49:28 [INFO] [task_scheduler.cc:137] [Task #0: main] Trial #84: GFLOPs: 20.7436. Time: 29116.4197 us. Best GFLOPs: 102.4172
2026-04-07 16:49:28 [INFO] [task_scheduler.cc:137] [Task #0: main] Trial #85: GFLOPs: 50.2018. Time: 12031.0357 us. Best GFLOPs: 102.4172
2026-04-07 16:49:28 [INFO] [task_scheduler.cc:137] [Task #0: main] Trial #86: GFLOPs: 29.8470. Time: 20235.8893 us. Best GFLOPs: 102.4172
2026-04-07 16:49:28 [INFO] [task_scheduler.cc:137] [Task #0: main] Trial #87: GFLOPs: 36.3866. Time: 16598.9514 us. Best GFLOPs: 102.4172
2026-04-07 16:49:28 [INFO] [task_scheduler.cc:137] [Task #0: main] Trial #88: GFLOPs: 63.7285. Time: 9477.3958 us. Best GFLOPs: 102.4172
2026-04-07 16:49:28 [INFO] [task_scheduler.cc:137] [Task #0: main] Trial #89: GFLOPs: 80.7600. Time: 7478.7033 us. Best GFLOPs: 102.4172
2026-04-07 16:49:28 [INFO] [task_scheduler.cc:137] [Task #0: main] Trial #90: GFLOPs: 39.3917. Time: 15332.6622 us. Best GFLOPs: 102.4172
2026-04-07 16:49:28 [INFO] [task_scheduler.cc:137] [Task #0: main] Trial #91: GFLOPs: 18.8353. Time: 32066.4097 us. Best GFLOPs: 102.4172
2026-04-07 16:49:28 [INFO] [task_scheduler.cc:137] [Task #0: main] Trial #92: GFLOPs: 25.9264. Time: 23295.9780 us. Best GFLOPs: 102.4172
2026-04-07 16:49:28 [INFO] [task_scheduler.cc:137] [Task #0: main] Trial #93: GFLOPs: 29.2149. Time: 20673.6893 us. Best GFLOPs: 102.4172
2026-04-07 16:49:28 [INFO] [task_scheduler.cc:137] [Task #0: main] Trial #94: GFLOPs: 63.7489. Time: 9474.3599 us. Best GFLOPs: 102.4172
2026-04-07 16:49:28 [INFO] [task_scheduler.cc:137] [Task #0: main] Trial #95: GFLOPs: 29.0641. Time: 20780.9367 us. Best GFLOPs: 102.4172
2026-04-07 16:49:28 [INFO] [task_scheduler.cc:137] [Task #0: main] Trial #96: GFLOPs: 69.5615. Time: 8682.6774 us. Best GFLOPs: 102.4172
2026-04-07 16:49:28 [INFO] [task_scheduler.cc:137] [Task #0: main] Trial #97: GFLOPs: 25.8562. Time: 23359.1903 us. Best GFLOPs: 102.4172
2026-04-07 16:49:28 [INFO] [task_scheduler.cc:137] [Task #0: main] Trial #98: GFLOPs: 47.4795. Time: 12720.8486 us. Best GFLOPs: 102.4172
2026-04-07 16:49:28 [INFO] [task_scheduler.cc:137] [Task #0: main] Trial #99: GFLOPs: 80.0719. Time: 7542.9662 us. Best GFLOPs: 102.4172
2026-04-07 16:49:28 [INFO] [task_scheduler.cc:137] [Task #0: main] Trial #100: GFLOPs: 17.2218. Time: 35070.7180 us. Best GFLOPs: 102.4172
2026-04-07 16:49:28 [INFO] [task_scheduler.cc:137] [Task #0: main] Trial #101: GFLOPs: 11.9817. Time: 50408.4077 us. Best GFLOPs: 102.4172
2026-04-07 16:49:28 [INFO] [task_scheduler.cc:137] [Task #0: main] Trial #102: GFLOPs: 7.7727. Time: 77705.2273 us. Best GFLOPs: 102.4172
2026-04-07 16:49:28 [INFO] [task_scheduler.cc:137] [Task #0: main] Trial #103: GFLOPs: 101.2031. Time: 5967.9976 us. Best GFLOPs: 102.4172
2026-04-07 16:49:28 [INFO] [task_scheduler.cc:137] [Task #0: main] Trial #104: GFLOPs: 55.1576. Time: 10950.0780 us. Best GFLOPs: 102.4172
2026-04-07 16:49:28 [INFO] [task_scheduler.cc:137] [Task #0: main] Trial #105: GFLOPs: 65.0920. Time: 9278.8620 us. Best GFLOPs: 102.4172
2026-04-07 16:49:28 [INFO] [task_scheduler.cc:137] [Task #0: main] Trial #106: GFLOPs: 36.5821. Time: 16510.2563 us. Best GFLOPs: 102.4172
2026-04-07 16:49:28 [INFO] [task_scheduler.cc:137] [Task #0: main] Trial #107: GFLOPs: 10.0852. Time: 59888.0243 us. Best GFLOPs: 102.4172
2026-04-07 16:49:28 [INFO] [task_scheduler.cc:137] [Task #0: main] Trial #108: GFLOPs: 48.9730. Time: 12332.9028 us. Best GFLOPs: 102.4172
2026-04-07 16:49:28 [INFO] [task_scheduler.cc:137] [Task #0: main] Trial #109: GFLOPs: 22.1240. Time: 27299.8160 us. Best GFLOPs: 102.4172
2026-04-07 16:49:28 [INFO] [task_scheduler.cc:137] [Task #0: main] Trial #110: GFLOPs: 72.9330. Time: 8281.2979 us. Best GFLOPs: 102.4172
2026-04-07 16:49:28 [INFO] [task_scheduler.cc:137] [Task #0: main] Trial #111: GFLOPs: 64.8146. Time: 9318.5784 us. Best GFLOPs: 102.4172
2026-04-07 16:49:28 [INFO] [task_scheduler.cc:137] [Task #0: main] Trial #112: GFLOPs: 20.3105. Time: 29737.2793 us. Best GFLOPs: 102.4172
2026-04-07 16:49:28 [INFO] [task_scheduler.cc:137] [Task #0: main] Trial #113: GFLOPs: 60.9555. Time: 9908.5321 us. Best GFLOPs: 102.4172
2026-04-07 16:49:28 [INFO] [task_scheduler.cc:137] [Task #0: main] Trial #114: GFLOPs: 8.2028. Time: 73630.8507 us. Best GFLOPs: 102.4172
2026-04-07 16:49:28 [INFO] [task_scheduler.cc:137] [Task #0: main] Trial #115: GFLOPs: 105.0920. Time: 5747.1543 us. Best GFLOPs: 105.0920
2026-04-07 16:49:28 [INFO] [task_scheduler.cc:137] [Task #0: main] Trial #116: GFLOPs: 23.7796. Time: 25399.0393 us. Best GFLOPs: 105.0920
2026-04-07 16:49:28 [INFO] [task_scheduler.cc:137] [Task #0: main] Trial #117: GFLOPs: 108.8671. Time: 5547.8623 us. Best GFLOPs: 108.8671
2026-04-07 16:49:28 [INFO] [task_scheduler.cc:137] [Task #0: main] Trial #118: GFLOPs: 39.1936. Time: 15410.1635 us. Best GFLOPs: 108.8671
2026-04-07 16:49:28 [INFO] [task_scheduler.cc:137] [Task #0: main] Trial #119: GFLOPs: 38.5051. Time: 15685.7072 us. Best GFLOPs: 108.8671
2026-04-07 16:49:28 [INFO] [task_scheduler.cc:137] [Task #0: main] Trial #120: GFLOPs: 24.1358. Time: 25024.2737 us. Best GFLOPs: 108.8671
2026-04-07 16:49:28 [INFO] [task_scheduler.cc:137] [Task #0: main] Trial #121: GFLOPs: 58.1213. Time: 10391.7192 us. Best GFLOPs: 108.8671
2026-04-07 16:49:28 [INFO] [task_scheduler.cc:137] [Task #0: main] Trial #122: GFLOPs: 86.5447. Time: 6978.8192 us. Best GFLOPs: 108.8671
2026-04-07 16:49:28 [INFO] [task_scheduler.cc:137] [Task #0: main] Trial #123: GFLOPs: 52.5481. Time: 11493.8497 us. Best GFLOPs: 108.8671
2026-04-07 16:49:28 [INFO] [task_scheduler.cc:137] [Task #0: main] Trial #124: GFLOPs: 32.5763. Time: 18540.4732 us. Best GFLOPs: 108.8671
2026-04-07 16:49:28 [INFO] [task_scheduler.cc:137] [Task #0: main] Trial #125: GFLOPs: 53.5036. Time: 11288.5726 us. Best GFLOPs: 108.8671
2026-04-07 16:49:28 [INFO] [task_scheduler.cc:137] [Task #0: main] Trial #126: GFLOPs: 25.3671. Time: 23809.5662 us. Best GFLOPs: 108.8671
2026-04-07 16:49:28 [INFO] [task_scheduler.cc:137] [Task #0: main] Trial #127: GFLOPs: 52.0620. Time: 11601.1564 us. Best GFLOPs: 108.8671
2026-04-07 16:49:28 [INFO] [task_scheduler.cc:137] [Task #0: main] Trial #128: GFLOPs: 23.7838. Time: 25394.5693 us. Best GFLOPs: 108.8671
2026-04-07 16:49:28 [INFO] [evolutionary_search.cc:711] Generating candidates......
2026-04-07 16:49:28 [INFO] [evolutionary_search.cc:713] Picked top 121 candidate(s) from database
2026-04-07 16:49:28 [INFO] [evolutionary_search.cc:530] Sample-Init-Population summary:
Postproc #0 [meta_schedule.DisallowDynamicLoop(0x5bdf430b8b88)]: 0 failure(s)
Postproc #1 [meta_schedule.RewriteParallelVectorizeUnroll(0x5bdf42aaab38)]: 0 failure(s)
Postproc #2 [meta_schedule.RewriteReductionBlock(0x5bdf42dab438)]: 0 failure(s)
Postproc #3 [meta_schedule.RewriteLayout(0x5bdf42eba4d8)]: 0 failure(s)
2026-04-07 16:49:28 [INFO] [evolutionary_search.cc:721] Sampled 488 candidate(s)
2026-04-07 16:49:30 [INFO] [evolutionary_search.cc:619] Evolve iter #0 done. Summary:
Postproc #0 [meta_schedule.DisallowDynamicLoop(0x5bdf430b8b88)]: 0 failure(s)
Postproc #1 [meta_schedule.RewriteParallelVectorizeUnroll(0x5bdf42aaab38)]: 0 failure(s)
Postproc #2 [meta_schedule.RewriteReductionBlock(0x5bdf42dab438)]: 0 failure(s)
Postproc #3 [meta_schedule.RewriteLayout(0x5bdf42eba4d8)]: 0 failure(s)
2026-04-07 16:49:31 [INFO] [evolutionary_search.cc:619] Evolve iter #1 done. Summary:
Postproc #0 [meta_schedule.DisallowDynamicLoop(0x5bdf430b8b88)]: 0 failure(s)
Postproc #1 [meta_schedule.RewriteParallelVectorizeUnroll(0x5bdf42aaab38)]: 0 failure(s)
Postproc #2 [meta_schedule.RewriteReductionBlock(0x5bdf42dab438)]: 0 failure(s)
Postproc #3 [meta_schedule.RewriteLayout(0x5bdf42eba4d8)]: 0 failure(s)
2026-04-07 16:49:32 [INFO] [evolutionary_search.cc:619] Evolve iter #2 done. Summary:
Postproc #0 [meta_schedule.DisallowDynamicLoop(0x5bdf430b8b88)]: 0 failure(s)
Postproc #1 [meta_schedule.RewriteParallelVectorizeUnroll(0x5bdf42aaab38)]: 0 failure(s)
Postproc #2 [meta_schedule.RewriteReductionBlock(0x5bdf42dab438)]: 0 failure(s)
Postproc #3 [meta_schedule.RewriteLayout(0x5bdf42eba4d8)]: 0 failure(s)
2026-04-07 16:49:33 [INFO] [evolutionary_search.cc:619] Evolve iter #3 done. Summary:
Postproc #0 [meta_schedule.DisallowDynamicLoop(0x5bdf430b8b88)]: 0 failure(s)
Postproc #1 [meta_schedule.RewriteParallelVectorizeUnroll(0x5bdf42aaab38)]: 0 failure(s)
Postproc #2 [meta_schedule.RewriteReductionBlock(0x5bdf42dab438)]: 0 failure(s)
Postproc #3 [meta_schedule.RewriteLayout(0x5bdf42eba4d8)]: 0 failure(s)
2026-04-07 16:49:34 [INFO] [evolutionary_search.cc:647] Scores of the best 24 candidates:
[1 : 16]:	0.9894  0.9682  0.9551  0.9461  0.9281  0.9281  0.9275  0.9251  0.9208  0.9196  0.9181  0.9153  0.9149  0.9149  0.9138  0.9053
[17 : 24]:	0.9014  0.9013  0.8886  0.8883  0.8858  0.8847  0.8831  0.8811
2026-04-07 16:49:34 [INFO] [evolutionary_search.cc:725] Got 24 candidate(s) with evolutionary search
2026-04-07 16:49:34 [INFO] [evolutionary_search.cc:728] Sending 24 candidates(s) for measurement
2026-04-07 16:49:47 [INFO] [task_scheduler.cc:137] [Task #0: main] Trial #129: GFLOPs: 128.0725. Time: 4715.9213 us. Best GFLOPs: 128.0725
2026-04-07 16:49:47 [INFO] [task_scheduler.cc:137] [Task #0: main] Trial #130: GFLOPs: 76.1864. Time: 7927.6558 us. Best GFLOPs: 128.0725
2026-04-07 16:49:47 [INFO] [task_scheduler.cc:137] [Task #0: main] Trial #131: GFLOPs: 75.5947. Time: 7989.7158 us. Best GFLOPs: 128.0725
2026-04-07 16:49:47 [INFO] [task_scheduler.cc:137] [Task #0: main] Trial #132: GFLOPs: 84.4768. Time: 7149.6509 us. Best GFLOPs: 128.0725
2026-04-07 16:49:47 [INFO] [task_scheduler.cc:137] [Task #0: main] Trial #133: GFLOPs: 24.4831. Time: 24669.2490 us. Best GFLOPs: 128.0725
2026-04-07 16:49:47 [INFO] [task_scheduler.cc:137] [Task #0: main] Trial #134: GFLOPs: 23.8228. Time: 25353.0390 us. Best GFLOPs: 128.0725
2026-04-07 16:49:47 [INFO] [task_scheduler.cc:137] [Task #0: main] Trial #135: GFLOPs: 93.7720. Time: 6440.9384 us. Best GFLOPs: 128.0725
2026-04-07 16:49:47 [INFO] [task_scheduler.cc:137] [Task #0: main] Trial #136: GFLOPs: 104.4486. Time: 5782.5565 us. Best GFLOPs: 128.0725
2026-04-07 16:49:47 [INFO] [task_scheduler.cc:137] [Task #0: main] Trial #137: GFLOPs: 23.3721. Time: 25841.9270 us. Best GFLOPs: 128.0725
2026-04-07 16:49:47 [INFO] [task_scheduler.cc:137] [Task #0: main] Trial #138: GFLOPs: 114.2308. Time: 5287.3631 us. Best GFLOPs: 128.0725
2026-04-07 16:49:47 [INFO] [task_scheduler.cc:137] [Task #0: main] Trial #139: GFLOPs: 89.4483. Time: 6752.2771 us. Best GFLOPs: 128.0725
2026-04-07 16:49:47 [INFO] [task_scheduler.cc:137] [Task #0: main] Trial #140: GFLOPs: 92.7657. Time: 6510.8109 us. Best GFLOPs: 128.0725
2026-04-07 16:49:47 [INFO] [task_scheduler.cc:137] [Task #0: main] Trial #141: GFLOPs: 71.6900. Time: 8424.8825 us. Best GFLOPs: 128.0725
2026-04-07 16:49:47 [INFO] [task_scheduler.cc:137] [Task #0: main] Trial #142: GFLOPs: 70.9314. Time: 8514.9859 us. Best GFLOPs: 128.0725
2026-04-07 16:49:47 [INFO] [task_scheduler.cc:137] [Task #0: main] Trial #143: GFLOPs: 99.7229. Time: 6056.5797 us. Best GFLOPs: 128.0725
2026-04-07 16:49:47 [INFO] [task_scheduler.cc:137] [Task #0: main] Trial #144: GFLOPs: 80.0348. Time: 7546.4684 us. Best GFLOPs: 128.0725
2026-04-07 16:49:47 [INFO] [task_scheduler.cc:137] [Task #0: main] Trial #145: GFLOPs: 56.8727. Time: 10619.8577 us. Best GFLOPs: 128.0725
2026-04-07 16:49:47 [INFO] [task_scheduler.cc:137] [Task #0: main] Trial #146: GFLOPs: 80.5477. Time: 7498.4082 us. Best GFLOPs: 128.0725
2026-04-07 16:49:47 [INFO] [task_scheduler.cc:137] [Task #0: main] Trial #147: GFLOPs: 83.5197. Time: 7231.5871 us. Best GFLOPs: 128.0725
2026-04-07 16:49:47 [INFO] [task_scheduler.cc:137] [Task #0: main] Trial #148: GFLOPs: 76.0143. Time: 7945.6098 us. Best GFLOPs: 128.0725
2026-04-07 16:49:47 [INFO] [task_scheduler.cc:137] [Task #0: main] Trial #149: GFLOPs: 84.4931. Time: 7148.2730 us. Best GFLOPs: 128.0725
2026-04-07 16:49:47 [INFO] [task_scheduler.cc:137] [Task #0: main] Trial #150: GFLOPs: 67.2927. Time: 8975.4193 us. Best GFLOPs: 128.0725
2026-04-07 16:49:47 [INFO] [task_scheduler.cc:137] [Task #0: main] Trial #151: GFLOPs: 73.9167. Time: 8171.0903 us. Best GFLOPs: 128.0725
2026-04-07 16:49:47 [INFO] [task_scheduler.cc:137] [Task #0: main] Trial #152: GFLOPs: 36.2978. Time: 16639.5863 us. Best GFLOPs: 128.0725
