2026-04-07 13:36:35 [INFO] [task_scheduler.cc:166] Initializing Task #0: "main"
2026-04-07 13:36:35 [INFO] [task_scheduler.cc:41] 
# from tvm.script import ir as I
# from tvm.script import tir as T

@I.ir_module
class Module:
    @T.prim_func
    def main(A: T.Buffer((384, 768), "float32"), B: T.Buffer((768, 3072), "float32"), C: T.Buffer((384, 3072), "float32")):
        T.func_attr({"tir.noalias": True})
        # with T.block("root"):
        for i, j, k in T.grid(384, 3072, 768):
            with T.block("C"):
                vi, vj, vk = T.axis.remap("SSR", [i, j, k])
                T.reads(A[vi, vk], B[vk, vj])
                T.writes(C[vi, vj])
                with T.init():
                    C[vi, vj] = T.float32(0.0)
                C[vi, vj] = C[vi, vj] + A[vi, vk] * B[vk, vj]
2026-04-07 13:36:35 [INFO] [task_scheduler.cc:170] Total 3 design space(s) generated
2026-04-07 13:36:35 [INFO] [task_scheduler.cc:176] Design space #0:
# from tvm.script import ir as I
# from tvm.script import tir as T

@I.ir_module
class Module:
    @T.prim_func
    def main(A: T.Buffer((384, 768), "float32"), B: T.Buffer((768, 3072), "float32"), C: T.Buffer((384, 3072), "float32")):
        T.func_attr({"tir.noalias": True})
        with T.block("root"):
            T.reads()
            T.writes()
            T.block_attr({"meta_schedule.parallel": 128, "meta_schedule.unroll_explicit": 64, "meta_schedule.vectorize": 64})
            C_global = T.alloc_buffer((384, 3072))
            for i_0, j_0, i_1, j_1 in T.grid(1, 4, 64, 1):
                for k_0, i_2, j_2, k_1, i_3, j_3 in T.grid(128, 1, 12, 6, 6, 64):
                    with T.block("C"):
                        vi = T.axis.spatial(384, i_0 * 384 + i_1 * 6 + i_2 * 6 + i_3)
                        vj = T.axis.spatial(3072, j_0 * 768 + j_1 * 768 + j_2 * 64 + j_3)
                        vk = T.axis.reduce(768, k_0 * 6 + k_1)
                        T.reads(A[vi, vk], B[vk, vj])
                        T.writes(C_global[vi, vj])
                        T.block_attr({"meta_schedule.tiling_structure": "SSRSRS"})
                        with T.init():
                            C_global[vi, vj] = T.float32(0.0)
                        C_global[vi, vj] = C_global[vi, vj] + A[vi, vk] * B[vk, vj]
                for ax0, ax1 in T.grid(6, 768):
                    with T.block("C_global"):
                        v0 = T.axis.spatial(384, i_1 * 6 + ax0)
                        v1 = T.axis.spatial(3072, j_0 * 768 + ax1)
                        T.reads(C_global[v0, v1])
                        T.writes(C[v0, v1])
                        C[v0, v1] = C_global[v0, v1]
b0 = sch.get_block(name="C", func_name="main")
b1 = sch.get_block(name="root", func_name="main")
sch.annotate(block_or_loop=b0, ann_key="meta_schedule.tiling_structure", ann_val="SSRSRS")
l2, l3, l4 = sch.get_loops(block=b0)
v5, v6, v7, v8 = sch.sample_perfect_tile(loop=l2, n=4, max_innermost_factor=64, decision=[1, 64, 1, 6])
l9, l10, l11, l12 = sch.split(loop=l2, factors=[v5, v6, v7, v8], preserve_unit_iters=True, disable_predication=False)
v13, v14, v15, v16 = sch.sample_perfect_tile(loop=l3, n=4, max_innermost_factor=64, decision=[4, 1, 12, 64])
l17, l18, l19, l20 = sch.split(loop=l3, factors=[v13, v14, v15, v16], preserve_unit_iters=True, disable_predication=False)
v21, v22 = sch.sample_perfect_tile(loop=l4, n=2, max_innermost_factor=64, decision=[128, 6])
l23, l24 = sch.split(loop=l4, factors=[v21, v22], preserve_unit_iters=True, disable_predication=False)
sch.reorder(l9, l17, l10, l18, l23, l11, l19, l24, l12, l20)
b25 = sch.cache_write(block=b0, write_buffer_index=0, storage_scope="global")
sch.reverse_compute_at(block=b25, loop=l18, preserve_unit_loops=True, index=-1)
sch.annotate(block_or_loop=b1, ann_key="meta_schedule.parallel", ann_val=128)
sch.annotate(block_or_loop=b1, ann_key="meta_schedule.vectorize", ann_val=64)
v26 = sch.sample_categorical(candidates=[0, 16, 64, 512], probs=[0.25, 0.25, 0.25, 0.25], decision=2)
sch.annotate(block_or_loop=b1, ann_key="meta_schedule.unroll_explicit", ann_val=v26)
2026-04-07 13:36:35 [INFO] [task_scheduler.cc:176] Design space #1:
# from tvm.script import ir as I
# from tvm.script import tir as T

@I.ir_module
class Module:
    @T.prim_func
    def main(A: T.Buffer((384, 768), "float32"), B: T.Buffer((768, 3072), "float32"), C: T.Buffer((384, 3072), "float32")):
        T.func_attr({"tir.noalias": True})
        with T.block("root"):
            T.reads()
            T.writes()
            T.block_attr({"meta_schedule.parallel": 128, "meta_schedule.unroll_explicit": 16, "meta_schedule.vectorize": 64})
            C_global = T.alloc_buffer((384, 3072))
            for i_0, j_0 in T.grid(1, 4):
                for i_1, j_1, k_0, i_2, j_2, k_1, i_3, j_3 in T.grid(64, 1, 128, 1, 12, 6, 6, 64):
                    with T.block("C"):
                        vi = T.axis.spatial(384, i_0 * 384 + i_1 * 6 + i_2 * 6 + i_3)
                        vj = T.axis.spatial(3072, j_0 * 768 + j_1 * 768 + j_2 * 64 + j_3)
                        vk = T.axis.reduce(768, k_0 * 6 + k_1)
                        T.reads(A[vi, vk], B[vk, vj])
                        T.writes(C_global[vi, vj])
                        T.block_attr({"meta_schedule.tiling_structure": "SSRSRS"})
                        with T.init():
                            C_global[vi, vj] = T.float32(0.0)
                        C_global[vi, vj] = C_global[vi, vj] + A[vi, vk] * B[vk, vj]
                for ax0, ax1 in T.grid(384, 768):
                    with T.block("C_global"):
                        v0 = T.axis.spatial(384, ax0)
                        v1 = T.axis.spatial(3072, j_0 * 768 + ax1)
                        T.reads(C_global[v0, v1])
                        T.writes(C[v0, v1])
                        C[v0, v1] = C_global[v0, v1]
b0 = sch.get_block(name="C", func_name="main")
b1 = sch.get_block(name="root", func_name="main")
sch.annotate(block_or_loop=b0, ann_key="meta_schedule.tiling_structure", ann_val="SSRSRS")
l2, l3, l4 = sch.get_loops(block=b0)
v5, v6, v7, v8 = sch.sample_perfect_tile(loop=l2, n=4, max_innermost_factor=64, decision=[1, 64, 1, 6])
l9, l10, l11, l12 = sch.split(loop=l2, factors=[v5, v6, v7, v8], preserve_unit_iters=True, disable_predication=False)
v13, v14, v15, v16 = sch.sample_perfect_tile(loop=l3, n=4, max_innermost_factor=64, decision=[4, 1, 12, 64])
l17, l18, l19, l20 = sch.split(loop=l3, factors=[v13, v14, v15, v16], preserve_unit_iters=True, disable_predication=False)
v21, v22 = sch.sample_perfect_tile(loop=l4, n=2, max_innermost_factor=64, decision=[128, 6])
l23, l24 = sch.split(loop=l4, factors=[v21, v22], preserve_unit_iters=True, disable_predication=False)
sch.reorder(l9, l17, l10, l18, l23, l11, l19, l24, l12, l20)
b25 = sch.cache_write(block=b0, write_buffer_index=0, storage_scope="global")
sch.reverse_compute_at(block=b25, loop=l17, preserve_unit_loops=True, index=-1)
sch.annotate(block_or_loop=b1, ann_key="meta_schedule.parallel", ann_val=128)
sch.annotate(block_or_loop=b1, ann_key="meta_schedule.vectorize", ann_val=64)
v26 = sch.sample_categorical(candidates=[0, 16, 64, 512], probs=[0.25, 0.25, 0.25, 0.25], decision=1)
sch.annotate(block_or_loop=b1, ann_key="meta_schedule.unroll_explicit", ann_val=v26)
2026-04-07 13:36:35 [INFO] [task_scheduler.cc:176] Design space #2:
# from tvm.script import ir as I
# from tvm.script import tir as T

@I.ir_module
class Module:
    @T.prim_func
    def main(A: T.Buffer((384, 768), "float32"), B: T.Buffer((768, 3072), "float32"), C: T.Buffer((384, 3072), "float32")):
        T.func_attr({"tir.noalias": True})
        with T.block("root"):
            T.reads()
            T.writes()
            T.block_attr({"meta_schedule.parallel": 128, "meta_schedule.unroll_explicit": 0, "meta_schedule.vectorize": 64})
            for i_0, j_0, i_1, j_1, k_0, i_2, j_2, k_1, i_3, j_3 in T.grid(1, 4, 64, 1, 128, 1, 12, 6, 6, 64):
                with T.block("C"):
                    vi = T.axis.spatial(384, i_0 * 384 + i_1 * 6 + i_2 * 6 + i_3)
                    vj = T.axis.spatial(3072, j_0 * 768 + j_1 * 768 + j_2 * 64 + j_3)
                    vk = T.axis.reduce(768, k_0 * 6 + k_1)
                    T.reads(A[vi, vk], B[vk, vj])
                    T.writes(C[vi, vj])
                    T.block_attr({"meta_schedule.tiling_structure": "SSRSRS"})
                    with T.init():
                        C[vi, vj] = T.float32(0.0)
                    C[vi, vj] = C[vi, vj] + A[vi, vk] * B[vk, vj]
b0 = sch.get_block(name="C", func_name="main")
b1 = sch.get_block(name="root", func_name="main")
sch.annotate(block_or_loop=b0, ann_key="meta_schedule.tiling_structure", ann_val="SSRSRS")
l2, l3, l4 = sch.get_loops(block=b0)
v5, v6, v7, v8 = sch.sample_perfect_tile(loop=l2, n=4, max_innermost_factor=64, decision=[1, 64, 1, 6])
l9, l10, l11, l12 = sch.split(loop=l2, factors=[v5, v6, v7, v8], preserve_unit_iters=True, disable_predication=False)
v13, v14, v15, v16 = sch.sample_perfect_tile(loop=l3, n=4, max_innermost_factor=64, decision=[4, 1, 12, 64])
l17, l18, l19, l20 = sch.split(loop=l3, factors=[v13, v14, v15, v16], preserve_unit_iters=True, disable_predication=False)
v21, v22 = sch.sample_perfect_tile(loop=l4, n=2, max_innermost_factor=64, decision=[128, 6])
l23, l24 = sch.split(loop=l4, factors=[v21, v22], preserve_unit_iters=True, disable_predication=False)
sch.reorder(l9, l17, l10, l18, l23, l11, l19, l24, l12, l20)
sch.annotate(block_or_loop=b1, ann_key="meta_schedule.parallel", ann_val=128)
sch.annotate(block_or_loop=b1, ann_key="meta_schedule.vectorize", ann_val=64)
v25 = sch.sample_categorical(candidates=[0, 16, 64, 512], probs=[0.25, 0.25, 0.25, 0.25], decision=0)
sch.annotate(block_or_loop=b1, ann_key="meta_schedule.unroll_explicit", ann_val=v25)
2026-04-07 13:36:35 [INFO] [evolutionary_search.cc:711] Generating candidates......
2026-04-07 13:36:35 [INFO] [evolutionary_search.cc:713] Picked top 0 candidate(s) from database
2026-04-07 13:36:36 [INFO] [evolutionary_search.cc:530] Sample-Init-Population summary:
Postproc #0 [meta_schedule.DisallowDynamicLoop(0x5bdf3c953218)]: 0 failure(s)
Postproc #1 [meta_schedule.RewriteParallelVectorizeUnroll(0x5bdf3c6ae6d8)]: 0 failure(s)
Postproc #2 [meta_schedule.RewriteReductionBlock(0x5bdf3cd01778)]: 0 failure(s)
Postproc #3 [meta_schedule.RewriteLayout(0x5bdf3c1bb838)]: 0 failure(s)
2026-04-07 13:36:36 [INFO] [evolutionary_search.cc:721] Sampled 609 candidate(s)
2026-04-07 13:36:36 [INFO] [evolutionary_search.cc:619] Evolve iter #0 done. Summary:
Postproc #0 [meta_schedule.DisallowDynamicLoop(0x5bdf3c953218)]: 0 failure(s)
Postproc #1 [meta_schedule.RewriteParallelVectorizeUnroll(0x5bdf3c6ae6d8)]: 0 failure(s)
Postproc #2 [meta_schedule.RewriteReductionBlock(0x5bdf3cd01778)]: 0 failure(s)
Postproc #3 [meta_schedule.RewriteLayout(0x5bdf3c1bb838)]: 0 failure(s)
2026-04-07 13:36:36 [INFO] [evolutionary_search.cc:619] Evolve iter #1 done. Summary:
Postproc #0 [meta_schedule.DisallowDynamicLoop(0x5bdf3c953218)]: 0 failure(s)
Postproc #1 [meta_schedule.RewriteParallelVectorizeUnroll(0x5bdf3c6ae6d8)]: 0 failure(s)
Postproc #2 [meta_schedule.RewriteReductionBlock(0x5bdf3cd01778)]: 0 failure(s)
Postproc #3 [meta_schedule.RewriteLayout(0x5bdf3c1bb838)]: 0 failure(s)
2026-04-07 13:36:37 [INFO] [evolutionary_search.cc:619] Evolve iter #2 done. Summary:
Postproc #0 [meta_schedule.DisallowDynamicLoop(0x5bdf3c953218)]: 0 failure(s)
Postproc #1 [meta_schedule.RewriteParallelVectorizeUnroll(0x5bdf3c6ae6d8)]: 0 failure(s)
Postproc #2 [meta_schedule.RewriteReductionBlock(0x5bdf3cd01778)]: 0 failure(s)
Postproc #3 [meta_schedule.RewriteLayout(0x5bdf3c1bb838)]: 0 failure(s)
2026-04-07 13:36:37 [INFO] [evolutionary_search.cc:619] Evolve iter #3 done. Summary:
Postproc #0 [meta_schedule.DisallowDynamicLoop(0x5bdf3c953218)]: 0 failure(s)
Postproc #1 [meta_schedule.RewriteParallelVectorizeUnroll(0x5bdf3c6ae6d8)]: 0 failure(s)
Postproc #2 [meta_schedule.RewriteReductionBlock(0x5bdf3cd01778)]: 0 failure(s)
Postproc #3 [meta_schedule.RewriteLayout(0x5bdf3c1bb838)]: 0 failure(s)
2026-04-07 13:36:37 [INFO] [evolutionary_search.cc:647] Scores of the best 64 candidates:
[1 : 16]:	0.9999  0.9996  0.9987  0.9976  0.9975  0.9967  0.9960  0.9958  0.9956  0.9955  0.9946  0.9945  0.9939  0.9935  0.9935  0.9926
[17 : 32]:	0.9920  0.9915  0.9912  0.9910  0.9907  0.9907  0.9906  0.9885  0.9884  0.9883  0.9882  0.9881  0.9878  0.9878  0.9876  0.9873
[33 : 48]:	0.9871  0.9869  0.9866  0.9859  0.9848  0.9837  0.9836  0.9832  0.9832  0.9829  0.9814  0.9808  0.9800  0.9799  0.9797  0.9784
[49 : 64]:	0.9778  0.9777  0.9777  0.9774  0.9774  0.9767  0.9766  0.9759  0.9757  0.9755  0.9752  0.9752  0.9752  0.9746  0.9742  0.9728
2026-04-07 13:36:37 [INFO] [evolutionary_search.cc:725] Got 64 candidate(s) with evolutionary search
2026-04-07 13:36:37 [INFO] [evolutionary_search.cc:728] Sending 64 candidates(s) for measurement
2026-04-07 13:37:31 [INFO] [task_scheduler.cc:137] [Task #0: main] Trial #1: GFLOPs: 57.2702. Time: 31638.4508 us. Best GFLOPs: 57.2702
2026-04-07 13:37:31 [INFO] [task_scheduler.cc:137] [Task #0: main] Trial #2: GFLOPs: 52.4068. Time: 34574.5308 us. Best GFLOPs: 57.2702
2026-04-07 13:37:31 [INFO] [task_scheduler.cc:137] [Task #0: main] Trial #3: GFLOPs: 9.7233. Time: 186349.8278 us. Best GFLOPs: 57.2702
2026-04-07 13:37:31 [INFO] [task_scheduler.cc:137] [Task #0: main] Trial #4: GFLOPs: 11.9237. Time: 151960.5996 us. Best GFLOPs: 57.2702
2026-04-07 13:37:31 [INFO] [task_scheduler.cc:137] [Task #0: main] Trial #5: GFLOPs: 54.5308. Time: 33227.8402 us. Best GFLOPs: 57.2702
2026-04-07 13:37:31 [INFO] [task_scheduler.cc:137] [Task #0: main] Trial #6: GFLOPs: 5.9044. Time: 306878.5936 us. Best GFLOPs: 57.2702
2026-04-07 13:37:31 [INFO] [task_scheduler.cc:137] [Task #0: main] Trial #7: GFLOPs: 47.0034. Time: 38549.0984 us. Best GFLOPs: 57.2702
2026-04-07 13:37:31 [INFO] [task_scheduler.cc:137] [Task #0: main] Trial #8: GFLOPs: 56.5987. Time: 32013.8176 us. Best GFLOPs: 57.2702
2026-04-07 13:37:31 [INFO] [task_scheduler.cc:137] [Task #0: main] Trial #9: GFLOPs: 42.8827. Time: 42253.3942 us. Best GFLOPs: 57.2702
2026-04-07 13:37:31 [INFO] [task_scheduler.cc:137] [Task #0: main] Trial #10: GFLOPs: 86.9153. Time: 20847.1737 us. Best GFLOPs: 86.9153
2026-04-07 13:37:31 [INFO] [task_scheduler.cc:137] [Task #0: main] Trial #11: GFLOPs: 31.7345. Time: 57096.9124 us. Best GFLOPs: 86.9153
2026-04-07 13:37:31 [INFO] [task_scheduler.cc:137] [Task #0: main] Trial #12: GFLOPs: 89.7141. Time: 20196.8282 us. Best GFLOPs: 89.7141
2026-04-07 13:37:31 [INFO] [task_scheduler.cc:137] [Task #0: main] Trial #13: GFLOPs: 86.7120. Time: 20896.0542 us. Best GFLOPs: 89.7141
2026-04-07 13:37:31 [INFO] [task_scheduler.cc:137] [Task #0: main] Trial #14: GFLOPs: 59.9873. Time: 30205.4014 us. Best GFLOPs: 89.7141
2026-04-07 13:37:31 [INFO] [task_scheduler.cc:137] [Task #0: main] Trial #15: GFLOPs: 17.4486. Time: 103844.4860 us. Best GFLOPs: 89.7141
2026-04-07 13:37:31 [INFO] [task_scheduler.cc:137] [Task #0: main] Trial #16: GFLOPs: 51.4612. Time: 35209.7898 us. Best GFLOPs: 89.7141
2026-04-07 13:37:31 [INFO] [task_scheduler.cc:137] [Task #0: main] Trial #17: GFLOPs: 88.9635. Time: 20367.2252 us. Best GFLOPs: 89.7141
2026-04-07 13:37:31 [INFO] [task_scheduler.cc:137] [Task #0: main] Trial #18: GFLOPs: 35.5815. Time: 50923.6986 us. Best GFLOPs: 89.7141
2026-04-07 13:37:31 [INFO] [task_scheduler.cc:137] [Task #0: main] Trial #19: GFLOPs: 77.2399. Time: 23458.5824 us. Best GFLOPs: 89.7141
2026-04-07 13:37:31 [INFO] [task_scheduler.cc:137] [Task #0: main] Trial #20: GFLOPs: 22.3666. Time: 81010.7698 us. Best GFLOPs: 89.7141
2026-04-07 13:37:31 [INFO] [task_scheduler.cc:137] [Task #0: main] Trial #21: GFLOPs: 63.1708. Time: 28683.1966 us. Best GFLOPs: 89.7141
2026-04-07 13:37:31 [INFO] [task_scheduler.cc:137] [Task #0: main] Trial #22: GFLOPs: 48.0358. Time: 37720.5638 us. Best GFLOPs: 89.7141
2026-04-07 13:37:31 [INFO] [task_scheduler.cc:137] [Task #0: main] Trial #23: GFLOPs: 10.5666. Time: 171477.7920 us. Best GFLOPs: 89.7141
2026-04-07 13:37:31 [INFO] [task_scheduler.cc:137] [Task #0: main] Trial #24: GFLOPs: 28.8477. Time: 62810.6086 us. Best GFLOPs: 89.7141
2026-04-07 13:37:31 [INFO] [task_scheduler.cc:137] [Task #0: main] Trial #25: GFLOPs: 9.8872. Time: 183261.0110 us. Best GFLOPs: 89.7141
2026-04-07 13:37:31 [INFO] [task_scheduler.cc:137] [Task #0: main] Trial #26: GFLOPs: 43.7042. Time: 41459.1580 us. Best GFLOPs: 89.7141
2026-04-07 13:37:31 [INFO] [task_scheduler.cc:137] [Task #0: main] Trial #27: GFLOPs: 51.5665. Time: 35137.9210 us. Best GFLOPs: 89.7141
2026-04-07 13:37:31 [INFO] [task_scheduler.cc:137] [Task #0: main] Trial #28: GFLOPs: 51.9620. Time: 34870.4678 us. Best GFLOPs: 89.7141
2026-04-07 13:37:31 [INFO] [task_scheduler.cc:137] [Task #0: main] Trial #29: GFLOPs: 27.3792. Time: 66179.5140 us. Best GFLOPs: 89.7141
2026-04-07 13:37:31 [INFO] [task_scheduler.cc:137] [Task #0: main] Trial #30: GFLOPs: 81.2591. Time: 22298.3062 us. Best GFLOPs: 89.7141
2026-04-07 13:37:31 [INFO] [task_scheduler.cc:137] [Task #0: main] Trial #31: GFLOPs: 60.1457. Time: 30125.8158 us. Best GFLOPs: 89.7141
2026-04-07 13:37:31 [INFO] [task_scheduler.cc:137] [Task #0: main] Trial #32: GFLOPs: 57.7655. Time: 31367.1708 us. Best GFLOPs: 89.7141
2026-04-07 13:37:31 [INFO] [task_scheduler.cc:137] [Task #0: main] Trial #33: GFLOPs: 62.6112. Time: 28939.5412 us. Best GFLOPs: 89.7141
2026-04-07 13:37:31 [INFO] [task_scheduler.cc:137] [Task #0: main] Trial #34: GFLOPs: 68.8087. Time: 26332.9998 us. Best GFLOPs: 89.7141
2026-04-07 13:37:31 [INFO] [task_scheduler.cc:137] [Task #0: main] Trial #35: GFLOPs: 79.5941. Time: 22764.7424 us. Best GFLOPs: 89.7141
2026-04-07 13:37:31 [INFO] [task_scheduler.cc:137] [Task #0: main] Trial #36: GFLOPs: 36.3571. Time: 49837.3516 us. Best GFLOPs: 89.7141
2026-04-07 13:37:31 [INFO] [task_scheduler.cc:137] [Task #0: main] Trial #37: GFLOPs: 13.7866. Time: 131427.1068 us. Best GFLOPs: 89.7141
2026-04-07 13:37:31 [INFO] [task_scheduler.cc:137] [Task #0: main] Trial #38: GFLOPs: 84.8928. Time: 21343.8566 us. Best GFLOPs: 89.7141
2026-04-07 13:37:31 [INFO] [task_scheduler.cc:137] [Task #0: main] Trial #39: GFLOPs: 11.1661. Time: 162271.5964 us. Best GFLOPs: 89.7141
2026-04-07 13:37:31 [INFO] [task_scheduler.cc:137] [Task #0: main] Trial #40: GFLOPs: 17.7366. Time: 102157.9340 us. Best GFLOPs: 89.7141
2026-04-07 13:37:31 [INFO] [task_scheduler.cc:137] [Task #0: main] Trial #41: GFLOPs: 74.0535. Time: 24467.9680 us. Best GFLOPs: 89.7141
2026-04-07 13:37:31 [INFO] [task_scheduler.cc:137] [Task #0: main] Trial #42: GFLOPs: 22.7109. Time: 79782.7508 us. Best GFLOPs: 89.7141
2026-04-07 13:37:31 [INFO] [task_scheduler.cc:137] [Task #0: main] Trial #43: GFLOPs: 5.6492. Time: 320742.8542 us. Best GFLOPs: 89.7141
2026-04-07 13:37:31 [INFO] [task_scheduler.cc:137] [Task #0: main] Trial #44: GFLOPs: 25.7557. Time: 70351.0074 us. Best GFLOPs: 89.7141
2026-04-07 13:37:31 [INFO] [task_scheduler.cc:137] [Task #0: main] Trial #45: GFLOPs: 49.4139. Time: 36668.6258 us. Best GFLOPs: 89.7141
2026-04-07 13:37:31 [INFO] [task_scheduler.cc:137] [Task #0: main] Trial #46: GFLOPs: 14.0777. Time: 128709.8502 us. Best GFLOPs: 89.7141
2026-04-07 13:37:31 [INFO] [task_scheduler.cc:137] [Task #0: main] Trial #47: GFLOPs: 40.9742. Time: 44221.4774 us. Best GFLOPs: 89.7141
2026-04-07 13:37:31 [INFO] [task_scheduler.cc:137] [Task #0: main] Trial #48: GFLOPs: 15.9055. Time: 113918.7728 us. Best GFLOPs: 89.7141
2026-04-07 13:37:31 [INFO] [task_scheduler.cc:137] [Task #0: main] Trial #49: GFLOPs: 49.7261. Time: 36438.4288 us. Best GFLOPs: 89.7141
2026-04-07 13:37:31 [INFO] [task_scheduler.cc:137] [Task #0: main] Trial #50: GFLOPs: 24.6337. Time: 73555.2578 us. Best GFLOPs: 89.7141
2026-04-07 13:37:31 [INFO] [task_scheduler.cc:137] [Task #0: main] Trial #51: GFLOPs: 44.9895. Time: 40274.6942 us. Best GFLOPs: 89.7141
2026-04-07 13:37:31 [INFO] [task_scheduler.cc:137] [Task #0: main] Trial #52: GFLOPs: 34.1364. Time: 53079.3720 us. Best GFLOPs: 89.7141
2026-04-07 13:37:31 [INFO] [task_scheduler.cc:137] [Task #0: main] Trial #53: GFLOPs: 79.0706. Time: 22915.4590 us. Best GFLOPs: 89.7141
2026-04-07 13:37:31 [INFO] [task_scheduler.cc:137] [Task #0: main] Trial #54: GFLOPs: 62.8510. Time: 28829.1172 us. Best GFLOPs: 89.7141
2026-04-07 13:37:31 [INFO] [task_scheduler.cc:137] [Task #0: main] Trial #55: GFLOPs: 18.5796. Time: 97522.8492 us. Best GFLOPs: 89.7141
2026-04-07 13:37:31 [INFO] [task_scheduler.cc:137] [Task #0: main] Trial #56: GFLOPs: 18.8330. Time: 96211.0394 us. Best GFLOPs: 89.7141
2026-04-07 13:37:31 [INFO] [task_scheduler.cc:137] [Task #0: main] Trial #57: GFLOPs: 41.5807. Time: 43576.4302 us. Best GFLOPs: 89.7141
2026-04-07 13:37:31 [INFO] [task_scheduler.cc:137] [Task #0: main] Trial #58: GFLOPs: 28.9053. Time: 62685.3364 us. Best GFLOPs: 89.7141
2026-04-07 13:37:31 [INFO] [task_scheduler.cc:137] [Task #0: main] Trial #59: GFLOPs: 53.1330. Time: 34101.9884 us. Best GFLOPs: 89.7141
2026-04-07 13:37:31 [INFO] [task_scheduler.cc:137] [Task #0: main] Trial #60: GFLOPs: 33.6265. Time: 53884.2454 us. Best GFLOPs: 89.7141
2026-04-07 13:37:31 [INFO] [task_scheduler.cc:137] [Task #0: main] Trial #61: GFLOPs: 27.8205. Time: 65129.6378 us. Best GFLOPs: 89.7141
2026-04-07 13:37:31 [INFO] [task_scheduler.cc:137] [Task #0: main] Trial #62: GFLOPs: 35.7567. Time: 50674.1180 us. Best GFLOPs: 89.7141
2026-04-07 13:37:31 [INFO] [task_scheduler.cc:137] [Task #0: main] Trial #63: GFLOPs: 25.2944. Time: 71634.0976 us. Best GFLOPs: 89.7141
2026-04-07 13:37:31 [INFO] [task_scheduler.cc:137] [Task #0: main] Trial #64: GFLOPs: 13.7055. Time: 132204.8086 us. Best GFLOPs: 89.7141
2026-04-07 13:37:31 [INFO] [evolutionary_search.cc:711] Generating candidates......
2026-04-07 13:37:31 [INFO] [evolutionary_search.cc:713] Picked top 64 candidate(s) from database
2026-04-07 13:37:32 [INFO] [evolutionary_search.cc:530] Sample-Init-Population summary:
Postproc #0 [meta_schedule.DisallowDynamicLoop(0x5bdf3c953218)]: 0 failure(s)
Postproc #1 [meta_schedule.RewriteParallelVectorizeUnroll(0x5bdf3c6ae6d8)]: 0 failure(s)
Postproc #2 [meta_schedule.RewriteReductionBlock(0x5bdf3cd01778)]: 0 failure(s)
Postproc #3 [meta_schedule.RewriteLayout(0x5bdf3c1bb838)]: 0 failure(s)
2026-04-07 13:37:32 [INFO] [evolutionary_search.cc:721] Sampled 545 candidate(s)
2026-04-07 13:37:32 [INFO] [evolutionary_search.cc:619] Evolve iter #0 done. Summary:
Postproc #0 [meta_schedule.DisallowDynamicLoop(0x5bdf3c953218)]: 0 failure(s)
Postproc #1 [meta_schedule.RewriteParallelVectorizeUnroll(0x5bdf3c6ae6d8)]: 0 failure(s)
Postproc #2 [meta_schedule.RewriteReductionBlock(0x5bdf3cd01778)]: 0 failure(s)
Postproc #3 [meta_schedule.RewriteLayout(0x5bdf3c1bb838)]: 0 failure(s)
2026-04-07 13:37:33 [INFO] [evolutionary_search.cc:619] Evolve iter #1 done. Summary:
Postproc #0 [meta_schedule.DisallowDynamicLoop(0x5bdf3c953218)]: 0 failure(s)
Postproc #1 [meta_schedule.RewriteParallelVectorizeUnroll(0x5bdf3c6ae6d8)]: 0 failure(s)
Postproc #2 [meta_schedule.RewriteReductionBlock(0x5bdf3cd01778)]: 0 failure(s)
Postproc #3 [meta_schedule.RewriteLayout(0x5bdf3c1bb838)]: 0 failure(s)
2026-04-07 13:37:33 [INFO] [evolutionary_search.cc:619] Evolve iter #2 done. Summary:
Postproc #0 [meta_schedule.DisallowDynamicLoop(0x5bdf3c953218)]: 0 failure(s)
Postproc #1 [meta_schedule.RewriteParallelVectorizeUnroll(0x5bdf3c6ae6d8)]: 0 failure(s)
Postproc #2 [meta_schedule.RewriteReductionBlock(0x5bdf3cd01778)]: 0 failure(s)
Postproc #3 [meta_schedule.RewriteLayout(0x5bdf3c1bb838)]: 0 failure(s)
2026-04-07 13:37:33 [INFO] [evolutionary_search.cc:619] Evolve iter #3 done. Summary:
Postproc #0 [meta_schedule.DisallowDynamicLoop(0x5bdf3c953218)]: 0 failure(s)
Postproc #1 [meta_schedule.RewriteParallelVectorizeUnroll(0x5bdf3c6ae6d8)]: 0 failure(s)
Postproc #2 [meta_schedule.RewriteReductionBlock(0x5bdf3cd01778)]: 0 failure(s)
Postproc #3 [meta_schedule.RewriteLayout(0x5bdf3c1bb838)]: 0 failure(s)
2026-04-07 13:37:33 [INFO] [evolutionary_search.cc:647] Scores of the best 64 candidates:
[1 : 16]:	1.0000  0.9989  0.9983  0.9974  0.9974  0.9974  0.9970  0.9968  0.9967  0.9961  0.9961  0.9960  0.9959  0.9957  0.9955  0.9948
[17 : 32]:	0.9944  0.9941  0.9936  0.9930  0.9927  0.9923  0.9919  0.9911  0.9909  0.9909  0.9907  0.9905  0.9901  0.9897  0.9896  0.9892
[33 : 48]:	0.9889  0.9886  0.9884  0.9882  0.9870  0.9858  0.9856  0.9855  0.9854  0.9849  0.9844  0.9832  0.9825  0.9823  0.9812  0.9811
[49 : 64]:	0.9809  0.9802  0.9790  0.9790  0.9786  0.9781  0.9773  0.9761  0.9759  0.9758  0.9745  0.9734  0.9729  0.9714  0.9709  0.9708
2026-04-07 13:37:33 [INFO] [evolutionary_search.cc:725] Got 64 candidate(s) with evolutionary search
2026-04-07 13:37:33 [INFO] [evolutionary_search.cc:728] Sending 64 candidates(s) for measurement
2026-04-07 13:38:27 [INFO] [task_scheduler.cc:137] [Task #0: main] Trial #65: GFLOPs: 35.2972. Time: 51333.8168 us. Best GFLOPs: 89.7141
2026-04-07 13:38:27 [INFO] [task_scheduler.cc:137] [Task #0: main] Trial #66: GFLOPs: 79.1151. Time: 22902.5662 us. Best GFLOPs: 89.7141
2026-04-07 13:38:27 [INFO] [task_scheduler.cc:137] [Task #0: main] Trial #67: GFLOPs: 52.3229. Time: 34629.9642 us. Best GFLOPs: 89.7141
2026-04-07 13:38:27 [INFO] [task_scheduler.cc:137] [Task #0: main] Trial #68: GFLOPs: 19.3565. Time: 93608.9034 us. Best GFLOPs: 89.7141
2026-04-07 13:38:27 [INFO] [task_scheduler.cc:137] [Task #0: main] Trial #69: GFLOPs: 69.5373. Time: 26057.0680 us. Best GFLOPs: 89.7141
2026-04-07 13:38:27 [INFO] [task_scheduler.cc:137] [Task #0: main] Trial #70: GFLOPs: 27.9367. Time: 64858.7702 us. Best GFLOPs: 89.7141
2026-04-07 13:38:27 [INFO] [task_scheduler.cc:137] [Task #0: main] Trial #71: GFLOPs: 12.4212. Time: 145874.1908 us. Best GFLOPs: 89.7141
2026-04-07 13:38:27 [INFO] [task_scheduler.cc:137] [Task #0: main] Trial #72: GFLOPs: 68.7072. Time: 26371.8942 us. Best GFLOPs: 89.7141
2026-04-07 13:38:27 [INFO] [task_scheduler.cc:137] [Task #0: main] Trial #73: GFLOPs: 42.2239. Time: 42912.6882 us. Best GFLOPs: 89.7141
2026-04-07 13:38:27 [INFO] [task_scheduler.cc:137] [Task #0: main] Trial #74: GFLOPs: 50.9521. Time: 35561.6336 us. Best GFLOPs: 89.7141
2026-04-07 13:38:27 [INFO] [task_scheduler.cc:137] [Task #0: main] Trial #75: GFLOPs: 61.2657. Time: 29575.0826 us. Best GFLOPs: 89.7141
2026-04-07 13:38:27 [INFO] [task_scheduler.cc:137] [Task #0: main] Trial #76: GFLOPs: 49.5171. Time: 36592.1926 us. Best GFLOPs: 89.7141
2026-04-07 13:38:27 [INFO] [task_scheduler.cc:137] [Task #0: main] Trial #77: GFLOPs: 32.3773. Time: 55963.1870 us. Best GFLOPs: 89.7141
2026-04-07 13:38:27 [INFO] [task_scheduler.cc:137] [Task #0: main] Trial #78: GFLOPs: 10.9960. Time: 164782.0036 us. Best GFLOPs: 89.7141
2026-04-07 13:38:27 [INFO] [task_scheduler.cc:137] [Task #0: main] Trial #79: GFLOPs: 31.3642. Time: 57770.9904 us. Best GFLOPs: 89.7141
2026-04-07 13:38:27 [INFO] [task_scheduler.cc:137] [Task #0: main] Trial #80: GFLOPs: 30.0124. Time: 60373.0440 us. Best GFLOPs: 89.7141
2026-04-07 13:38:27 [INFO] [task_scheduler.cc:137] [Task #0: main] Trial #81: GFLOPs: 56.2265. Time: 32225.7360 us. Best GFLOPs: 89.7141
2026-04-07 13:38:27 [INFO] [task_scheduler.cc:137] [Task #0: main] Trial #82: GFLOPs: 59.3571. Time: 30526.0506 us. Best GFLOPs: 89.7141
2026-04-07 13:38:27 [INFO] [task_scheduler.cc:137] [Task #0: main] Trial #83: GFLOPs: 31.8079. Time: 56965.0510 us. Best GFLOPs: 89.7141
2026-04-07 13:38:27 [INFO] [task_scheduler.cc:137] [Task #0: main] Trial #84: GFLOPs: 6.7782. Time: 267320.3258 us. Best GFLOPs: 89.7141
2026-04-07 13:38:27 [INFO] [task_scheduler.cc:137] [Task #0: main] Trial #85: GFLOPs: 31.8101. Time: 56961.2212 us. Best GFLOPs: 89.7141
2026-04-07 13:38:27 [INFO] [task_scheduler.cc:137] [Task #0: main] Trial #86: GFLOPs: 104.2361. Time: 17383.0300 us. Best GFLOPs: 104.2361
2026-04-07 13:38:27 [INFO] [task_scheduler.cc:137] [Task #0: main] Trial #87: GFLOPs: 24.3166. Time: 74514.6168 us. Best GFLOPs: 104.2361
2026-04-07 13:38:27 [INFO] [task_scheduler.cc:137] [Task #0: main] Trial #88: GFLOPs: 78.9694. Time: 22944.8330 us. Best GFLOPs: 104.2361
2026-04-07 13:38:27 [INFO] [task_scheduler.cc:137] [Task #0: main] Trial #89: GFLOPs: 2.2662. Time: 799566.9332 us. Best GFLOPs: 104.2361
2026-04-07 13:38:27 [INFO] [task_scheduler.cc:137] [Task #0: main] Trial #90: GFLOPs: 57.5572. Time: 31480.6878 us. Best GFLOPs: 104.2361
2026-04-07 13:38:27 [INFO] [task_scheduler.cc:137] [Task #0: main] Trial #91: GFLOPs: 68.2084. Time: 26564.7552 us. Best GFLOPs: 104.2361
2026-04-07 13:38:27 [INFO] [task_scheduler.cc:137] [Task #0: main] Trial #92: GFLOPs: 34.1003. Time: 53135.5614 us. Best GFLOPs: 104.2361
2026-04-07 13:38:27 [INFO] [task_scheduler.cc:137] [Task #0: main] Trial #93: GFLOPs: 25.7436. Time: 70384.0292 us. Best GFLOPs: 104.2361
2026-04-07 13:38:27 [INFO] [task_scheduler.cc:137] [Task #0: main] Trial #94: GFLOPs: 85.2673. Time: 21250.0964 us. Best GFLOPs: 104.2361
2026-04-07 13:38:27 [INFO] [task_scheduler.cc:137] [Task #0: main] Trial #95: GFLOPs: 41.5250. Time: 43634.9514 us. Best GFLOPs: 104.2361
2026-04-07 13:38:27 [INFO] [task_scheduler.cc:137] [Task #0: main] Trial #96: GFLOPs: 33.9108. Time: 53432.5058 us. Best GFLOPs: 104.2361
2026-04-07 13:38:27 [INFO] [task_scheduler.cc:137] [Task #0: main] Trial #97: GFLOPs: 13.5558. Time: 133664.7722 us. Best GFLOPs: 104.2361
2026-04-07 13:38:27 [INFO] [task_scheduler.cc:137] [Task #0: main] Trial #98: GFLOPs: 68.4017. Time: 26489.6834 us. Best GFLOPs: 104.2361
2026-04-07 13:38:27 [INFO] [task_scheduler.cc:137] [Task #0: main] Trial #99: GFLOPs: 60.9391. Time: 29733.6266 us. Best GFLOPs: 104.2361
2026-04-07 13:38:27 [INFO] [task_scheduler.cc:137] [Task #0: main] Trial #100: GFLOPs: 24.3313. Time: 74469.4416 us. Best GFLOPs: 104.2361
2026-04-07 13:38:27 [INFO] [task_scheduler.cc:137] [Task #0: main] Trial #101: GFLOPs: 46.2856. Time: 39146.9024 us. Best GFLOPs: 104.2361
2026-04-07 13:38:27 [INFO] [task_scheduler.cc:137] [Task #0: main] Trial #102: GFLOPs: 40.1265. Time: 45155.7102 us. Best GFLOPs: 104.2361
2026-04-07 13:38:27 [INFO] [task_scheduler.cc:137] [Task #0: main] Trial #103: GFLOPs: 18.7583. Time: 96593.8518 us. Best GFLOPs: 104.2361
2026-04-07 13:38:27 [INFO] [task_scheduler.cc:137] [Task #0: main] Trial #104: GFLOPs: 18.2319. Time: 99383.0046 us. Best GFLOPs: 104.2361
2026-04-07 13:38:27 [INFO] [task_scheduler.cc:137] [Task #0: main] Trial #105: GFLOPs: 5.4585. Time: 331949.3710 us. Best GFLOPs: 104.2361
2026-04-07 13:38:27 [INFO] [task_scheduler.cc:137] [Task #0: main] Trial #106: GFLOPs: 4.0287. Time: 449759.3750 us. Best GFLOPs: 104.2361
2026-04-07 13:38:27 [INFO] [task_scheduler.cc:137] [Task #0: main] Trial #107: GFLOPs: 33.4567. Time: 54157.7824 us. Best GFLOPs: 104.2361
2026-04-07 13:38:27 [INFO] [task_scheduler.cc:137] [Task #0: main] Trial #108: GFLOPs: 21.2327. Time: 85337.2758 us. Best GFLOPs: 104.2361
2026-04-07 13:38:27 [INFO] [task_scheduler.cc:137] [Task #0: main] Trial #109: GFLOPs: 18.9942. Time: 95394.2508 us. Best GFLOPs: 104.2361
2026-04-07 13:38:27 [INFO] [task_scheduler.cc:137] [Task #0: main] Trial #110: GFLOPs: 13.9701. Time: 129701.0342 us. Best GFLOPs: 104.2361
2026-04-07 13:38:27 [INFO] [task_scheduler.cc:137] [Task #0: main] Trial #111: GFLOPs: 26.7743. Time: 67674.4990 us. Best GFLOPs: 104.2361
2026-04-07 13:38:27 [INFO] [task_scheduler.cc:137] [Task #0: main] Trial #112: GFLOPs: 38.1507. Time: 47494.3150 us. Best GFLOPs: 104.2361
2026-04-07 13:38:27 [INFO] [task_scheduler.cc:137] [Task #0: main] Trial #113: GFLOPs: 29.7923. Time: 60819.0380 us. Best GFLOPs: 104.2361
2026-04-07 13:38:27 [INFO] [task_scheduler.cc:137] [Task #0: main] Trial #114: GFLOPs: 115.7714. Time: 15651.0083 us. Best GFLOPs: 115.7714
2026-04-07 13:38:27 [INFO] [task_scheduler.cc:137] [Task #0: main] Trial #115: GFLOPs: 87.5727. Time: 20690.6982 us. Best GFLOPs: 115.7714
2026-04-07 13:38:27 [INFO] [task_scheduler.cc:137] [Task #0: main] Trial #116: GFLOPs: 70.8317. Time: 25580.9168 us. Best GFLOPs: 115.7714
2026-04-07 13:38:27 [INFO] [task_scheduler.cc:137] [Task #0: main] Trial #117: GFLOPs: 20.5022. Time: 88377.8600 us. Best GFLOPs: 115.7714
2026-04-07 13:38:27 [INFO] [task_scheduler.cc:137] [Task #0: main] Trial #118: GFLOPs: 69.4759. Time: 26080.1274 us. Best GFLOPs: 115.7714
2026-04-07 13:38:27 [INFO] [task_scheduler.cc:137] [Task #0: main] Trial #119: GFLOPs: 40.8681. Time: 44336.2686 us. Best GFLOPs: 115.7714
2026-04-07 13:38:27 [INFO] [task_scheduler.cc:137] [Task #0: main] Trial #120: GFLOPs: 5.1015. Time: 355174.5162 us. Best GFLOPs: 115.7714
2026-04-07 13:38:27 [INFO] [task_scheduler.cc:137] [Task #0: main] Trial #121: GFLOPs: 56.6917. Time: 31961.2664 us. Best GFLOPs: 115.7714
2026-04-07 13:38:27 [INFO] [task_scheduler.cc:137] [Task #0: main] Trial #122: GFLOPs: 104.3168. Time: 17369.5811 us. Best GFLOPs: 115.7714
2026-04-07 13:38:27 [INFO] [task_scheduler.cc:137] [Task #0: main] Trial #123: GFLOPs: 19.5607. Time: 92631.4046 us. Best GFLOPs: 115.7714
2026-04-07 13:38:27 [INFO] [task_scheduler.cc:137] [Task #0: main] Trial #124: GFLOPs: 76.7266. Time: 23615.5386 us. Best GFLOPs: 115.7714
2026-04-07 13:38:27 [INFO] [task_scheduler.cc:137] [Task #0: main] Trial #125: GFLOPs: 14.6953. Time: 123300.7388 us. Best GFLOPs: 115.7714
2026-04-07 13:38:27 [INFO] [task_scheduler.cc:137] [Task #0: main] Trial #126: GFLOPs: 69.6337. Time: 26021.0006 us. Best GFLOPs: 115.7714
2026-04-07 13:38:27 [INFO] [task_scheduler.cc:137] [Task #0: main] Trial #127: GFLOPs: 32.0836. Time: 56475.4956 us. Best GFLOPs: 115.7714
2026-04-07 13:38:27 [INFO] [task_scheduler.cc:137] [Task #0: main] Trial #128: GFLOPs: 34.3380. Time: 52767.7684 us. Best GFLOPs: 115.7714
2026-04-07 13:38:27 [INFO] [evolutionary_search.cc:711] Generating candidates......
2026-04-07 13:38:27 [INFO] [evolutionary_search.cc:713] Picked top 121 candidate(s) from database
2026-04-07 13:38:27 [INFO] [evolutionary_search.cc:530] Sample-Init-Population summary:
Postproc #0 [meta_schedule.DisallowDynamicLoop(0x5bdf3c953218)]: 0 failure(s)
Postproc #1 [meta_schedule.RewriteParallelVectorizeUnroll(0x5bdf3c6ae6d8)]: 0 failure(s)
Postproc #2 [meta_schedule.RewriteReductionBlock(0x5bdf3cd01778)]: 0 failure(s)
Postproc #3 [meta_schedule.RewriteLayout(0x5bdf3c1bb838)]: 0 failure(s)
2026-04-07 13:38:27 [INFO] [evolutionary_search.cc:721] Sampled 488 candidate(s)
2026-04-07 13:38:28 [INFO] [evolutionary_search.cc:619] Evolve iter #0 done. Summary:
Postproc #0 [meta_schedule.DisallowDynamicLoop(0x5bdf3c953218)]: 0 failure(s)
Postproc #1 [meta_schedule.RewriteParallelVectorizeUnroll(0x5bdf3c6ae6d8)]: 0 failure(s)
Postproc #2 [meta_schedule.RewriteReductionBlock(0x5bdf3cd01778)]: 0 failure(s)
Postproc #3 [meta_schedule.RewriteLayout(0x5bdf3c1bb838)]: 0 failure(s)
2026-04-07 13:38:29 [INFO] [evolutionary_search.cc:619] Evolve iter #1 done. Summary:
Postproc #0 [meta_schedule.DisallowDynamicLoop(0x5bdf3c953218)]: 0 failure(s)
Postproc #1 [meta_schedule.RewriteParallelVectorizeUnroll(0x5bdf3c6ae6d8)]: 0 failure(s)
Postproc #2 [meta_schedule.RewriteReductionBlock(0x5bdf3cd01778)]: 0 failure(s)
Postproc #3 [meta_schedule.RewriteLayout(0x5bdf3c1bb838)]: 0 failure(s)
2026-04-07 13:38:30 [INFO] [evolutionary_search.cc:619] Evolve iter #2 done. Summary:
Postproc #0 [meta_schedule.DisallowDynamicLoop(0x5bdf3c953218)]: 0 failure(s)
Postproc #1 [meta_schedule.RewriteParallelVectorizeUnroll(0x5bdf3c6ae6d8)]: 0 failure(s)
Postproc #2 [meta_schedule.RewriteReductionBlock(0x5bdf3cd01778)]: 0 failure(s)
Postproc #3 [meta_schedule.RewriteLayout(0x5bdf3c1bb838)]: 0 failure(s)
2026-04-07 13:38:31 [INFO] [evolutionary_search.cc:619] Evolve iter #3 done. Summary:
Postproc #0 [meta_schedule.DisallowDynamicLoop(0x5bdf3c953218)]: 0 failure(s)
Postproc #1 [meta_schedule.RewriteParallelVectorizeUnroll(0x5bdf3c6ae6d8)]: 0 failure(s)
Postproc #2 [meta_schedule.RewriteReductionBlock(0x5bdf3cd01778)]: 0 failure(s)
Postproc #3 [meta_schedule.RewriteLayout(0x5bdf3c1bb838)]: 0 failure(s)
2026-04-07 13:38:32 [INFO] [evolutionary_search.cc:647] Scores of the best 64 candidates:
[1 : 16]:	1.0207  1.0036  0.9875  0.9862  0.9769  0.9625  0.9580  0.9580  0.9517  0.9472  0.9465  0.9439  0.9436  0.9391  0.9322  0.9288
[17 : 32]:	0.9260  0.9250  0.9150  0.9144  0.9127  0.8966  0.8884  0.8867  0.8855  0.8838  0.8790  0.8744  0.8740  0.8716  0.8704  0.8677
[33 : 48]:	0.8664  0.8664  0.8649  0.8632  0.8632  0.8630  0.8630  0.8620  0.8620  0.8620  0.8615  0.8615  0.8615  0.8615  0.8615  0.8612
[49 : 64]:	0.8604  0.8604  0.8587  0.8587  0.8586  0.8571  0.8571  0.8571  0.8555  0.8553  0.8552  0.8552  0.8552  0.8552  0.8552  0.8552
2026-04-07 13:38:32 [INFO] [evolutionary_search.cc:725] Got 64 candidate(s) with evolutionary search
2026-04-07 13:38:32 [INFO] [evolutionary_search.cc:728] Sending 64 candidates(s) for measurement
2026-04-07 13:39:08 [INFO] [task_scheduler.cc:137] [Task #0: main] Trial #129: GFLOPs: 110.3029. Time: 16426.9402 us. Best GFLOPs: 115.7714
2026-04-07 13:39:08 [INFO] [task_scheduler.cc:137] [Task #0: main] Trial #130: GFLOPs: 67.7594. Time: 26740.7998 us. Best GFLOPs: 115.7714
2026-04-07 13:39:08 [INFO] [task_scheduler.cc:137] [Task #0: main] Trial #131: GFLOPs: 77.3248. Time: 23432.8430 us. Best GFLOPs: 115.7714
2026-04-07 13:39:08 [INFO] [task_scheduler.cc:137] [Task #0: main] Trial #132: GFLOPs: 75.2022. Time: 24094.2380 us. Best GFLOPs: 115.7714
2026-04-07 13:39:08 [INFO] [task_scheduler.cc:137] [Task #0: main] Trial #133: GFLOPs: 93.5258. Time: 19373.6756 us. Best GFLOPs: 115.7714
2026-04-07 13:39:08 [INFO] [task_scheduler.cc:137] [Task #0: main] Trial #134: GFLOPs: 72.1527. Time: 25112.5600 us. Best GFLOPs: 115.7714
2026-04-07 13:39:08 [INFO] [task_scheduler.cc:137] [Task #0: main] Trial #135: GFLOPs: 69.8845. Time: 25927.6348 us. Best GFLOPs: 115.7714
2026-04-07 13:39:08 [INFO] [task_scheduler.cc:137] [Task #0: main] Trial #136: GFLOPs: 80.3679. Time: 22545.5514 us. Best GFLOPs: 115.7714
2026-04-07 13:39:08 [INFO] [task_scheduler.cc:137] [Task #0: main] Trial #137: GFLOPs: 70.5105. Time: 25697.4434 us. Best GFLOPs: 115.7714
2026-04-07 13:39:08 [INFO] [task_scheduler.cc:137] [Task #0: main] Trial #138: GFLOPs: 79.3315. Time: 22840.0878 us. Best GFLOPs: 115.7714
2026-04-07 13:39:08 [INFO] [task_scheduler.cc:137] [Task #0: main] Trial #139: GFLOPs: 102.8102. Time: 17624.1230 us. Best GFLOPs: 115.7714
2026-04-07 13:39:08 [INFO] [task_scheduler.cc:137] [Task #0: main] Trial #140: GFLOPs: 82.1612. Time: 22053.4718 us. Best GFLOPs: 115.7714
2026-04-07 13:39:08 [INFO] [task_scheduler.cc:137] [Task #0: main] Trial #141: GFLOPs: 62.3840. Time: 29044.9428 us. Best GFLOPs: 115.7714
2026-04-07 13:39:08 [INFO] [task_scheduler.cc:137] [Task #0: main] Trial #142: GFLOPs: 76.8064. Time: 23591.0012 us. Best GFLOPs: 115.7714
2026-04-07 13:39:08 [INFO] [task_scheduler.cc:137] [Task #0: main] Trial #143: GFLOPs: 90.4897. Time: 20023.7088 us. Best GFLOPs: 115.7714
2026-04-07 13:39:08 [INFO] [task_scheduler.cc:137] [Task #0: main] Trial #144: GFLOPs: 77.4152. Time: 23405.4794 us. Best GFLOPs: 115.7714
2026-04-07 13:39:08 [INFO] [task_scheduler.cc:137] [Task #0: main] Trial #145: GFLOPs: 106.8803. Time: 16952.9776 us. Best GFLOPs: 115.7714
2026-04-07 13:39:08 [INFO] [task_scheduler.cc:137] [Task #0: main] Trial #146: GFLOPs: 92.8756. Time: 19509.3083 us. Best GFLOPs: 115.7714
2026-04-07 13:39:08 [INFO] [task_scheduler.cc:137] [Task #0: main] Trial #147: GFLOPs: 93.2219. Time: 19436.8318 us. Best GFLOPs: 115.7714
2026-04-07 13:39:08 [INFO] [task_scheduler.cc:137] [Task #0: main] Trial #148: GFLOPs: 91.2926. Time: 19847.6008 us. Best GFLOPs: 115.7714
2026-04-07 13:39:08 [INFO] [task_scheduler.cc:137] [Task #0: main] Trial #149: GFLOPs: 119.6747. Time: 15140.5319 us. Best GFLOPs: 119.6747
2026-04-07 13:39:08 [INFO] [task_scheduler.cc:137] [Task #0: main] Trial #150: GFLOPs: 88.3483. Time: 20509.0480 us. Best GFLOPs: 119.6747
2026-04-07 13:39:08 [INFO] [task_scheduler.cc:137] [Task #0: main] Trial #151: GFLOPs: 82.6902. Time: 21912.3782 us. Best GFLOPs: 119.6747
2026-04-07 13:39:08 [INFO] [task_scheduler.cc:137] [Task #0: main] Trial #152: GFLOPs: 68.4859. Time: 26457.1140 us. Best GFLOPs: 119.6747
2026-04-07 13:39:08 [INFO] [task_scheduler.cc:137] [Task #0: main] Trial #153: GFLOPs: 97.4273. Time: 18597.8592 us. Best GFLOPs: 119.6747
2026-04-07 13:39:08 [INFO] [task_scheduler.cc:137] [Task #0: main] Trial #154: GFLOPs: 105.6635. Time: 17148.2070 us. Best GFLOPs: 119.6747
2026-04-07 13:39:08 [INFO] [task_scheduler.cc:137] [Task #0: main] Trial #155: GFLOPs: 109.2126. Time: 16590.9431 us. Best GFLOPs: 119.6747
2026-04-07 13:39:08 [INFO] [task_scheduler.cc:137] [Task #0: main] Trial #156: GFLOPs: 68.9836. Time: 26266.2498 us. Best GFLOPs: 119.6747
2026-04-07 13:39:08 [INFO] [task_scheduler.cc:137] [Task #0: main] Trial #157: GFLOPs: 55.8296. Time: 32454.8058 us. Best GFLOPs: 119.6747
2026-04-07 13:39:08 [INFO] [task_scheduler.cc:137] [Task #0: main] Trial #158: GFLOPs: 65.2993. Time: 27748.2156 us. Best GFLOPs: 119.6747
2026-04-07 13:39:08 [INFO] [task_scheduler.cc:137] [Task #0: main] Trial #159: GFLOPs: 88.1560. Time: 20553.7854 us. Best GFLOPs: 119.6747
2026-04-07 13:39:08 [INFO] [task_scheduler.cc:137] [Task #0: main] Trial #160: GFLOPs: 122.5219. Time: 14788.7023 us. Best GFLOPs: 122.5219
2026-04-07 13:39:08 [INFO] [task_scheduler.cc:137] [Task #0: main] Trial #161: GFLOPs: 91.7624. Time: 19745.9890 us. Best GFLOPs: 122.5219
2026-04-07 13:39:08 [INFO] [task_scheduler.cc:137] [Task #0: main] Trial #162: GFLOPs: 93.0051. Time: 19482.1535 us. Best GFLOPs: 122.5219
2026-04-07 13:39:08 [INFO] [task_scheduler.cc:137] [Task #0: main] Trial #163: GFLOPs: 82.3041. Time: 22015.1770 us. Best GFLOPs: 122.5219
2026-04-07 13:39:08 [INFO] [task_scheduler.cc:137] [Task #0: main] Trial #164: GFLOPs: 76.8840. Time: 23567.1876 us. Best GFLOPs: 122.5219
2026-04-07 13:39:08 [INFO] [task_scheduler.cc:137] [Task #0: main] Trial #165: GFLOPs: 73.1224. Time: 24779.5452 us. Best GFLOPs: 122.5219
2026-04-07 13:39:08 [INFO] [task_scheduler.cc:137] [Task #0: main] Trial #166: GFLOPs: 64.3155. Time: 28172.6740 us. Best GFLOPs: 122.5219
2026-04-07 13:39:08 [INFO] [task_scheduler.cc:137] [Task #0: main] Trial #167: GFLOPs: 79.1094. Time: 22904.2312 us. Best GFLOPs: 122.5219
2026-04-07 13:39:08 [INFO] [task_scheduler.cc:137] [Task #0: main] Trial #168: GFLOPs: 80.8912. Time: 22399.7142 us. Best GFLOPs: 122.5219
2026-04-07 13:39:08 [INFO] [task_scheduler.cc:137] [Task #0: main] Trial #169: GFLOPs: 83.8601. Time: 21606.6880 us. Best GFLOPs: 122.5219
2026-04-07 13:39:08 [INFO] [task_scheduler.cc:137] [Task #0: main] Trial #170: GFLOPs: 80.7749. Time: 22431.9606 us. Best GFLOPs: 122.5219
2026-04-07 13:39:08 [INFO] [task_scheduler.cc:137] [Task #0: main] Trial #171: GFLOPs: 55.8984. Time: 32414.8904 us. Best GFLOPs: 122.5219
2026-04-07 13:39:08 [INFO] [task_scheduler.cc:137] [Task #0: main] Trial #172: GFLOPs: 73.1733. Time: 24762.2876 us. Best GFLOPs: 122.5219
2026-04-07 13:39:08 [INFO] [task_scheduler.cc:137] [Task #0: main] Trial #173: GFLOPs: 73.5660. Time: 24630.1058 us. Best GFLOPs: 122.5219
2026-04-07 13:39:08 [INFO] [task_scheduler.cc:137] [Task #0: main] Trial #174: GFLOPs: 69.3383. Time: 26131.8862 us. Best GFLOPs: 122.5219
2026-04-07 13:39:08 [INFO] [task_scheduler.cc:137] [Task #0: main] Trial #175: GFLOPs: 61.1751. Time: 29618.9190 us. Best GFLOPs: 122.5219
2026-04-07 13:39:08 [INFO] [task_scheduler.cc:137] [Task #0: main] Trial #176: GFLOPs: 105.8418. Time: 17119.3234 us. Best GFLOPs: 122.5219
2026-04-07 13:39:08 [INFO] [task_scheduler.cc:137] [Task #0: main] Trial #177: GFLOPs: 75.5933. Time: 23969.5704 us. Best GFLOPs: 122.5219
2026-04-07 13:39:08 [INFO] [task_scheduler.cc:137] [Task #0: main] Trial #178: GFLOPs: 73.0520. Time: 24803.4168 us. Best GFLOPs: 122.5219
2026-04-07 13:39:08 [INFO] [task_scheduler.cc:137] [Task #0: main] Trial #179: GFLOPs: 80.3134. Time: 22560.8546 us. Best GFLOPs: 122.5219
2026-04-07 13:39:08 [INFO] [task_scheduler.cc:137] [Task #0: main] Trial #180: GFLOPs: 87.2714. Time: 20762.1308 us. Best GFLOPs: 122.5219
2026-04-07 13:39:08 [INFO] [task_scheduler.cc:137] [Task #0: main] Trial #181: GFLOPs: 26.3872. Time: 68667.3130 us. Best GFLOPs: 122.5219
2026-04-07 13:39:08 [INFO] [task_scheduler.cc:137] [Task #0: main] Trial #182: GFLOPs: 123.2328. Time: 14703.3876 us. Best GFLOPs: 123.2328
2026-04-07 13:39:08 [INFO] [task_scheduler.cc:137] [Task #0: main] Trial #183: GFLOPs: 121.3200. Time: 14935.2056 us. Best GFLOPs: 123.2328
2026-04-07 13:39:08 [INFO] [task_scheduler.cc:137] [Task #0: main] Trial #184: GFLOPs: 76.3436. Time: 23733.9942 us. Best GFLOPs: 123.2328
2026-04-07 13:39:08 [INFO] [task_scheduler.cc:137] [Task #0: main] Trial #185: GFLOPs: 47.1082. Time: 38463.3814 us. Best GFLOPs: 123.2328
2026-04-07 13:39:08 [INFO] [task_scheduler.cc:137] [Task #0: main] Trial #186: GFLOPs: 27.2648. Time: 66457.0594 us. Best GFLOPs: 123.2328
2026-04-07 13:39:08 [INFO] [task_scheduler.cc:137] [Task #0: main] Trial #187: GFLOPs: 72.2252. Time: 25087.3414 us. Best GFLOPs: 123.2328
2026-04-07 13:39:08 [INFO] [task_scheduler.cc:137] [Task #0: main] Trial #188: GFLOPs: 85.2978. Time: 21242.5088 us. Best GFLOPs: 123.2328
2026-04-07 13:39:08 [INFO] [task_scheduler.cc:137] [Task #0: main] Trial #189: GFLOPs: 83.3575. Time: 21736.9598 us. Best GFLOPs: 123.2328
2026-04-07 13:39:08 [INFO] [task_scheduler.cc:137] [Task #0: main] Trial #190: GFLOPs: 22.8223. Time: 79393.5118 us. Best GFLOPs: 123.2328
2026-04-07 13:39:08 [INFO] [task_scheduler.cc:137] [Task #0: main] Trial #191: GFLOPs: 83.1219. Time: 21798.5747 us. Best GFLOPs: 123.2328
2026-04-07 13:39:08 [INFO] [task_scheduler.cc:137] [Task #0: main] Trial #192: GFLOPs: 59.0825. Time: 30667.9510 us. Best GFLOPs: 123.2328
2026-04-07 13:39:08 [INFO] [evolutionary_search.cc:711] Generating candidates......
2026-04-07 13:39:08 [INFO] [evolutionary_search.cc:713] Picked top 121 candidate(s) from database
2026-04-07 13:39:09 [INFO] [evolutionary_search.cc:530] Sample-Init-Population summary:
Postproc #0 [meta_schedule.DisallowDynamicLoop(0x5bdf3c953218)]: 0 failure(s)
Postproc #1 [meta_schedule.RewriteParallelVectorizeUnroll(0x5bdf3c6ae6d8)]: 0 failure(s)
Postproc #2 [meta_schedule.RewriteReductionBlock(0x5bdf3cd01778)]: 0 failure(s)
Postproc #3 [meta_schedule.RewriteLayout(0x5bdf3c1bb838)]: 0 failure(s)
2026-04-07 13:39:09 [INFO] [evolutionary_search.cc:721] Sampled 488 candidate(s)
2026-04-07 13:39:10 [INFO] [evolutionary_search.cc:619] Evolve iter #0 done. Summary:
Postproc #0 [meta_schedule.DisallowDynamicLoop(0x5bdf3c953218)]: 0 failure(s)
Postproc #1 [meta_schedule.RewriteParallelVectorizeUnroll(0x5bdf3c6ae6d8)]: 0 failure(s)
Postproc #2 [meta_schedule.RewriteReductionBlock(0x5bdf3cd01778)]: 0 failure(s)
Postproc #3 [meta_schedule.RewriteLayout(0x5bdf3c1bb838)]: 0 failure(s)
2026-04-07 13:39:11 [INFO] [evolutionary_search.cc:619] Evolve iter #1 done. Summary:
Postproc #0 [meta_schedule.DisallowDynamicLoop(0x5bdf3c953218)]: 0 failure(s)
Postproc #1 [meta_schedule.RewriteParallelVectorizeUnroll(0x5bdf3c6ae6d8)]: 0 failure(s)
Postproc #2 [meta_schedule.RewriteReductionBlock(0x5bdf3cd01778)]: 0 failure(s)
Postproc #3 [meta_schedule.RewriteLayout(0x5bdf3c1bb838)]: 0 failure(s)
2026-04-07 13:39:12 [INFO] [evolutionary_search.cc:619] Evolve iter #2 done. Summary:
Postproc #0 [meta_schedule.DisallowDynamicLoop(0x5bdf3c953218)]: 0 failure(s)
Postproc #1 [meta_schedule.RewriteParallelVectorizeUnroll(0x5bdf3c6ae6d8)]: 0 failure(s)
Postproc #2 [meta_schedule.RewriteReductionBlock(0x5bdf3cd01778)]: 0 failure(s)
Postproc #3 [meta_schedule.RewriteLayout(0x5bdf3c1bb838)]: 0 failure(s)
2026-04-07 13:39:13 [INFO] [evolutionary_search.cc:619] Evolve iter #3 done. Summary:
Postproc #0 [meta_schedule.DisallowDynamicLoop(0x5bdf3c953218)]: 0 failure(s)
Postproc #1 [meta_schedule.RewriteParallelVectorizeUnroll(0x5bdf3c6ae6d8)]: 0 failure(s)
Postproc #2 [meta_schedule.RewriteReductionBlock(0x5bdf3cd01778)]: 0 failure(s)
Postproc #3 [meta_schedule.RewriteLayout(0x5bdf3c1bb838)]: 0 failure(s)
2026-04-07 13:39:14 [INFO] [evolutionary_search.cc:647] Scores of the best 36 candidates:
[1 : 16]:	0.9811  0.9811  0.9811  0.9806  0.9722  0.9722  0.9337  0.9337  0.9099  0.9080  0.8972  0.8955  0.8909  0.8905  0.8772  0.8757
[17 : 32]:	0.8564  0.8533  0.8478  0.8432  0.8423  0.8423  0.8409  0.8357  0.8357  0.8357  0.8351  0.8351  0.8301  0.8301  0.8301  0.8226
[33 : 36]:	0.8196  0.8196  0.8196  0.8193
2026-04-07 13:39:14 [INFO] [evolutionary_search.cc:725] Got 36 candidate(s) with evolutionary search
2026-04-07 13:39:14 [INFO] [evolutionary_search.cc:728] Sending 36 candidates(s) for measurement
2026-04-07 13:39:49 [INFO] [task_scheduler.cc:137] [Task #0: main] Trial #193: GFLOPs: 138.4715. Time: 13085.2875 us. Best GFLOPs: 138.4715
2026-04-07 13:39:49 [INFO] [task_scheduler.cc:137] [Task #0: main] Trial #194: GFLOPs: 88.9024. Time: 20381.2110 us. Best GFLOPs: 138.4715
2026-04-07 13:39:49 [INFO] [task_scheduler.cc:137] [Task #0: main] Trial #195: GFLOPs: 115.3793. Time: 15704.1949 us. Best GFLOPs: 138.4715
2026-04-07 13:39:49 [INFO] [task_scheduler.cc:137] [Task #0: main] Trial #196: GFLOPs: 108.1305. Time: 16756.9675 us. Best GFLOPs: 138.4715
2026-04-07 13:39:49 [INFO] [task_scheduler.cc:137] [Task #0: main] Trial #197: GFLOPs: 99.3795. Time: 18232.5315 us. Best GFLOPs: 138.4715
2026-04-07 13:39:49 [INFO] [task_scheduler.cc:137] [Task #0: main] Trial #198: GFLOPs: 95.3498. Time: 19003.0788 us. Best GFLOPs: 138.4715
2026-04-07 13:39:49 [INFO] [task_scheduler.cc:137] [Task #0: main] Trial #199: GFLOPs: 40.3908. Time: 44860.2246 us. Best GFLOPs: 138.4715
2026-04-07 13:39:49 [INFO] [task_scheduler.cc:137] [Task #0: main] Trial #200: GFLOPs: 41.5907. Time: 43565.9722 us. Best GFLOPs: 138.4715
2026-04-07 13:39:49 [INFO] [task_scheduler.cc:137] [Task #0: main] Trial #201: GFLOPs: 87.1337. Time: 20794.9266 us. Best GFLOPs: 138.4715
2026-04-07 13:39:49 [INFO] [task_scheduler.cc:137] [Task #0: main] Trial #202: GFLOPs: 79.0595. Time: 22918.6756 us. Best GFLOPs: 138.4715
2026-04-07 13:39:49 [INFO] [task_scheduler.cc:137] [Task #0: main] Trial #203: GFLOPs: 103.2450. Time: 17549.9071 us. Best GFLOPs: 138.4715
2026-04-07 13:39:49 [INFO] [task_scheduler.cc:137] [Task #0: main] Trial #204: GFLOPs: 95.5164. Time: 18969.9266 us. Best GFLOPs: 138.4715
2026-04-07 13:39:49 [INFO] [task_scheduler.cc:137] [Task #0: main] Trial #205: GFLOPs: 84.5580. Time: 21428.3520 us. Best GFLOPs: 138.4715
2026-04-07 13:39:49 [INFO] [task_scheduler.cc:137] [Task #0: main] Trial #206: GFLOPs: 80.8536. Time: 22410.1205 us. Best GFLOPs: 138.4715
2026-04-07 13:39:49 [INFO] [task_scheduler.cc:137] [Task #0: main] Trial #207: GFLOPs: 97.3567. Time: 18611.3526 us. Best GFLOPs: 138.4715
2026-04-07 13:39:49 [INFO] [task_scheduler.cc:137] [Task #0: main] Trial #208: GFLOPs: 98.1108. Time: 18468.3036 us. Best GFLOPs: 138.4715
2026-04-07 13:39:49 [INFO] [task_scheduler.cc:137] [Task #0: main] Trial #209: GFLOPs: 50.7383. Time: 35711.4358 us. Best GFLOPs: 138.4715
2026-04-07 13:39:49 [INFO] [task_scheduler.cc:137] [Task #0: main] Trial #210: GFLOPs: 69.8113. Time: 25954.7960 us. Best GFLOPs: 138.4715
2026-04-07 13:39:49 [INFO] [task_scheduler.cc:137] [Task #0: main] Trial #211: GFLOPs: 76.4003. Time: 23716.3784 us. Best GFLOPs: 138.4715
2026-04-07 13:39:49 [INFO] [task_scheduler.cc:137] [Task #0: main] Trial #212: GFLOPs: 85.9349. Time: 21085.0298 us. Best GFLOPs: 138.4715
2026-04-07 13:39:49 [INFO] [task_scheduler.cc:137] [Task #0: main] Trial #213: GFLOPs: 120.4407. Time: 15044.2395 us. Best GFLOPs: 138.4715
2026-04-07 13:39:49 [INFO] [task_scheduler.cc:137] [Task #0: main] Trial #214: GFLOPs: 117.7005. Time: 15394.4895 us. Best GFLOPs: 138.4715
2026-04-07 13:39:49 [INFO] [task_scheduler.cc:137] [Task #0: main] Trial #215: GFLOPs: 79.3708. Time: 22828.7792 us. Best GFLOPs: 138.4715
2026-04-07 13:39:49 [INFO] [task_scheduler.cc:137] [Task #0: main] Trial #216: GFLOPs: 101.2153. Time: 17901.8266 us. Best GFLOPs: 138.4715
2026-04-07 13:39:49 [INFO] [task_scheduler.cc:137] [Task #0: main] Trial #217: GFLOPs: 110.7678. Time: 16358.0042 us. Best GFLOPs: 138.4715
2026-04-07 13:39:49 [INFO] [task_scheduler.cc:137] [Task #0: main] Trial #218: GFLOPs: 98.0389. Time: 18481.8484 us. Best GFLOPs: 138.4715
2026-04-07 13:39:49 [INFO] [task_scheduler.cc:137] [Task #0: main] Trial #219: GFLOPs: 107.2822. Time: 16889.4754 us. Best GFLOPs: 138.4715
2026-04-07 13:39:49 [INFO] [task_scheduler.cc:137] [Task #0: main] Trial #220: GFLOPs: 109.3667. Time: 16567.5644 us. Best GFLOPs: 138.4715
2026-04-07 13:39:49 [INFO] [task_scheduler.cc:137] [Task #0: main] Trial #221: GFLOPs: 85.8422. Time: 21107.7854 us. Best GFLOPs: 138.4715
2026-04-07 13:39:49 [INFO] [task_scheduler.cc:137] [Task #0: main] Trial #222: GFLOPs: 88.6366. Time: 20442.3382 us. Best GFLOPs: 138.4715
2026-04-07 13:39:49 [INFO] [task_scheduler.cc:137] [Task #0: main] Trial #223: GFLOPs: 59.2343. Time: 30589.3630 us. Best GFLOPs: 138.4715
2026-04-07 13:39:49 [INFO] [task_scheduler.cc:137] [Task #0: main] Trial #224: GFLOPs: 97.3888. Time: 18605.2127 us. Best GFLOPs: 138.4715
2026-04-07 13:39:49 [INFO] [task_scheduler.cc:137] [Task #0: main] Trial #225: GFLOPs: 117.0776. Time: 15476.3976 us. Best GFLOPs: 138.4715
2026-04-07 13:39:49 [INFO] [task_scheduler.cc:137] [Task #0: main] Trial #226: GFLOPs: 102.0276. Time: 17759.3020 us. Best GFLOPs: 138.4715
2026-04-07 13:39:49 [INFO] [task_scheduler.cc:137] [Task #0: main] Trial #227: GFLOPs: 118.9682. Time: 15230.4566 us. Best GFLOPs: 138.4715
2026-04-07 13:39:49 [INFO] [task_scheduler.cc:137] [Task #0: main] Trial #228: GFLOPs: 56.1202. Time: 32286.7680 us. Best GFLOPs: 138.4715
