2026-04-07 13:36:35 [INFO] Logging directory: research/results/metaschedule/8020/iter_01/af2b8d740d18fbde/mlp_expand/M_384/logs
2026-04-07 13:36:35 [INFO] [task_scheduler.cc:165] Initializing Task #0: "main"
2026-04-07 13:36:35 [INFO] [task_scheduler.cc:326] 
 ID | Name |       FLOP | Weight | Speed (GFLOPS) | Latency (us) | Weighted Latency (us) | Trials | Done 
---------------------------------------------------------------------------------------------------------
  0 | main | 1811939328 |      1 |            N/A |          N/A |                   N/A |      0 |      
---------------------------------------------------------------------------------------------------------
Total trials: 0
Total latency (us): 0

2026-04-07 13:36:35 [INFO] [task_scheduler.cc:186] TaskScheduler picks Task #0: "main"
2026-04-07 13:36:37 [INFO] [task_scheduler.cc:199] Sending 64 sample(s) to builder
2026-04-07 13:36:56 [INFO] [task_scheduler.cc:201] Sending 64 sample(s) to runner
2026-04-07 13:37:31 [DEBUG] XGB iter   0: tr-p-rmse: 0.418918	tr-a-peak@32: 0.990920	tr-rmse: 0.289780	tr-rmse: 0.289780
2026-04-07 13:37:31 [DEBUG] XGB iter  25: tr-p-rmse: 0.053773	tr-a-peak@32: 0.998954	tr-rmse: 0.313502	tr-rmse: 0.313502
2026-04-07 13:37:31 [DEBUG] XGB iter  50: tr-p-rmse: 0.053779	tr-a-peak@32: 0.998954	tr-rmse: 0.313494	tr-rmse: 0.313494
2026-04-07 13:37:31 [DEBUG] XGB stopped. Best iteration: [21] tr-p-rmse:0.05374	tr-a-peak@32:0.99895	tr-rmse:0.31355	tr-rmse:0.31355 
2026-04-07 13:37:31 [INFO] [task_scheduler.cc:243] [Updated] Task #0: "main"
2026-04-07 13:37:31 [INFO] [task_scheduler.cc:326] 
 ID | Name |       FLOP | Weight | Speed (GFLOPS) | Latency (us) | Weighted Latency (us) | Trials | Done 
---------------------------------------------------------------------------------------------------------
  0 | main | 1811939328 |      1 |        89.7141 |   20196.8282 |            20196.8282 |     64 |      
---------------------------------------------------------------------------------------------------------
Total trials: 64
Total latency (us): 20196.8

2026-04-07 13:37:31 [INFO] [task_scheduler.cc:186] TaskScheduler picks Task #0: "main"
2026-04-07 13:37:33 [INFO] [task_scheduler.cc:199] Sending 64 sample(s) to builder
2026-04-07 13:37:45 [INFO] [task_scheduler.cc:201] Sending 64 sample(s) to runner
2026-04-07 13:38:26 [DEBUG] XGB validation: p-rmse: 0.237023	a-peak@32: 0.981227
2026-04-07 13:38:26 [DEBUG] XGB iter   0: tr-p-rmse: 0.435391	tr-a-peak@32: 1.000000	tr-rmse: 0.212696	tr-rmse: 0.212696
2026-04-07 13:38:26 [DEBUG] XGB iter  25: tr-p-rmse: 0.058204	tr-a-peak@32: 1.000000	tr-rmse: 0.241108	tr-rmse: 0.241108
2026-04-07 13:38:26 [DEBUG] XGB iter  50: tr-p-rmse: 0.058178	tr-a-peak@32: 1.000000	tr-rmse: 0.241144	tr-rmse: 0.241144
2026-04-07 13:38:27 [DEBUG] XGB iter  75: tr-p-rmse: 0.058178	tr-a-peak@32: 1.000000	tr-rmse: 0.241144	tr-rmse: 0.241144
2026-04-07 13:38:27 [DEBUG] XGB stopped. Best iteration: [36] tr-p-rmse:0.05818	tr-a-peak@32:1.00000	tr-rmse:0.24114	tr-rmse:0.24114 
2026-04-07 13:38:27 [INFO] [task_scheduler.cc:243] [Updated] Task #0: "main"
2026-04-07 13:38:27 [INFO] [task_scheduler.cc:326] 
 ID | Name |       FLOP | Weight | Speed (GFLOPS) | Latency (us) | Weighted Latency (us) | Trials | Done 
---------------------------------------------------------------------------------------------------------
  0 | main | 1811939328 |      1 |       115.7714 |   15651.0083 |            15651.0083 |    128 |      
---------------------------------------------------------------------------------------------------------
Total trials: 128
Total latency (us): 15651

2026-04-07 13:38:27 [INFO] [task_scheduler.cc:186] TaskScheduler picks Task #0: "main"
2026-04-07 13:38:32 [INFO] [task_scheduler.cc:199] Sending 64 sample(s) to builder
2026-04-07 13:38:47 [INFO] [task_scheduler.cc:201] Sending 64 sample(s) to runner
2026-04-07 13:39:08 [DEBUG] XGB validation: p-rmse: 0.245024	a-peak@32: 0.924318
2026-04-07 13:39:08 [DEBUG] XGB iter   0: tr-p-rmse: 0.390789	tr-a-peak@32: 1.000000	tr-rmse: 0.247773	tr-rmse: 0.247773
2026-04-07 13:39:08 [DEBUG] XGB iter  25: tr-p-rmse: 0.051549	tr-a-peak@32: 1.000000	tr-rmse: 0.285832	tr-rmse: 0.285832
2026-04-07 13:39:08 [DEBUG] XGB iter  50: tr-p-rmse: 0.051529	tr-a-peak@32: 1.000000	tr-rmse: 0.285866	tr-rmse: 0.285866
2026-04-07 13:39:08 [DEBUG] XGB iter  75: tr-p-rmse: 0.051529	tr-a-peak@32: 1.000000	tr-rmse: 0.285866	tr-rmse: 0.285866
2026-04-07 13:39:08 [DEBUG] XGB stopped. Best iteration: [34] tr-p-rmse:0.05153	tr-a-peak@32:1.00000	tr-rmse:0.28587	tr-rmse:0.28587 
2026-04-07 13:39:08 [INFO] [task_scheduler.cc:243] [Updated] Task #0: "main"
2026-04-07 13:39:08 [INFO] [task_scheduler.cc:326] 
 ID | Name |       FLOP | Weight | Speed (GFLOPS) | Latency (us) | Weighted Latency (us) | Trials | Done 
---------------------------------------------------------------------------------------------------------
  0 | main | 1811939328 |      1 |       123.2328 |   14703.3876 |            14703.3876 |    192 |      
---------------------------------------------------------------------------------------------------------
Total trials: 192
Total latency (us): 14703.4

2026-04-07 13:39:08 [INFO] [task_scheduler.cc:186] TaskScheduler picks Task #0: "main"
2026-04-07 13:39:14 [INFO] [task_scheduler.cc:199] Sending 36 sample(s) to builder
2026-04-07 13:39:37 [INFO] [task_scheduler.cc:201] Sending 36 sample(s) to runner
2026-04-07 13:39:49 [DEBUG] XGB validation: p-rmse: 0.220970	a-peak@32: 0.988813
2026-04-07 13:39:49 [INFO] [task_scheduler.cc:243] [Updated] Task #0: "main"
2026-04-07 13:39:49 [INFO] [task_scheduler.cc:326] 
 ID | Name |       FLOP | Weight | Speed (GFLOPS) | Latency (us) | Weighted Latency (us) | Trials | Done 
---------------------------------------------------------------------------------------------------------
  0 | main | 1811939328 |      1 |       138.4715 |   13085.2875 |            13085.2875 |    228 |      
---------------------------------------------------------------------------------------------------------
Total trials: 228
Total latency (us): 13085.3

2026-04-07 13:39:49 [INFO] [task_scheduler.cc:266] Task #0 has finished. Remaining task(s): 0
2026-04-07 13:39:49 [INFO] [task_scheduler.cc:326] 
 ID | Name |       FLOP | Weight | Speed (GFLOPS) | Latency (us) | Weighted Latency (us) | Trials | Done 
---------------------------------------------------------------------------------------------------------
  0 | main | 1811939328 |      1 |       138.4715 |   13085.2875 |            13085.2875 |    228 |    Y 
---------------------------------------------------------------------------------------------------------
Total trials: 228
Total latency (us): 13085.3

2026-04-07 13:39:55 [INFO] LocalBuilder: max_workers = 12
2026-04-07 13:39:56 [INFO] LocalRunner: max_workers = 1
