2026-04-07 14:02:34 [INFO] Logging directory: research/results/metaschedule/8020/iter_01/034e6a02a4ac5c02/mlp_reduce/M_128/logs
2026-04-07 14:02:34 [INFO] [task_scheduler.cc:165] Initializing Task #0: "main"
2026-04-07 14:02:34 [INFO] [task_scheduler.cc:326] 
 ID | Name |      FLOP | Weight | Speed (GFLOPS) | Latency (us) | Weighted Latency (us) | Trials | Done 
--------------------------------------------------------------------------------------------------------
  0 | main | 603979776 |      1 |            N/A |          N/A |                   N/A |      0 |      
--------------------------------------------------------------------------------------------------------
Total trials: 0
Total latency (us): 0

2026-04-07 14:02:34 [INFO] [task_scheduler.cc:186] TaskScheduler picks Task #0: "main"
2026-04-07 14:02:36 [INFO] [task_scheduler.cc:199] Sending 63 sample(s) to builder
2026-04-07 14:02:47 [INFO] [task_scheduler.cc:201] Sending 63 sample(s) to runner
2026-04-07 14:03:11 [DEBUG] XGB iter   0: tr-p-rmse: 0.491443	tr-a-peak@32: 0.794812	tr-rmse: 0.211256	tr-rmse: 0.211256
2026-04-07 14:03:11 [DEBUG] XGB iter  25: tr-p-rmse: 0.056586	tr-a-peak@32: 1.000000	tr-rmse: 0.214519	tr-rmse: 0.214519
2026-04-07 14:03:11 [DEBUG] XGB iter  50: tr-p-rmse: 0.056607	tr-a-peak@32: 1.000000	tr-rmse: 0.214493	tr-rmse: 0.214493
2026-04-07 14:03:11 [DEBUG] XGB stopped. Best iteration: [23] tr-p-rmse:0.05656	tr-a-peak@32:1.00000	tr-rmse:0.21455	tr-rmse:0.21455 
2026-04-07 14:03:11 [INFO] [task_scheduler.cc:243] [Updated] Task #0: "main"
2026-04-07 14:03:11 [INFO] [task_scheduler.cc:326] 
 ID | Name |      FLOP | Weight | Speed (GFLOPS) | Latency (us) | Weighted Latency (us) | Trials | Done 
--------------------------------------------------------------------------------------------------------
  0 | main | 603979776 |      1 |        87.8493 |    6875.1769 |             6875.1769 |     63 |      
--------------------------------------------------------------------------------------------------------
Total trials: 63
Total latency (us): 6875.18

2026-04-07 14:03:11 [INFO] [task_scheduler.cc:186] TaskScheduler picks Task #0: "main"
2026-04-07 14:03:13 [INFO] [task_scheduler.cc:199] Sending 64 sample(s) to builder
2026-04-07 14:03:22 [INFO] [task_scheduler.cc:201] Sending 64 sample(s) to runner
2026-04-07 14:03:42 [DEBUG] XGB validation: p-rmse: 0.205708	a-peak@32: 0.899038
2026-04-07 14:03:42 [DEBUG] XGB iter   0: tr-p-rmse: 0.457146	tr-a-peak@32: 0.961244	tr-rmse: 0.225122	tr-rmse: 0.225122
2026-04-07 14:03:42 [DEBUG] XGB iter  25: tr-p-rmse: 0.058020	tr-a-peak@32: 0.999981	tr-rmse: 0.250937	tr-rmse: 0.250937
2026-04-07 14:03:42 [DEBUG] XGB iter  50: tr-p-rmse: 0.057986	tr-a-peak@32: 0.999981	tr-rmse: 0.250979	tr-rmse: 0.250979
2026-04-07 14:03:42 [DEBUG] XGB iter  75: tr-p-rmse: 0.057986	tr-a-peak@32: 0.999981	tr-rmse: 0.250979	tr-rmse: 0.250979
2026-04-07 14:03:42 [DEBUG] XGB stopped. Best iteration: [38] tr-p-rmse:0.05799	tr-a-peak@32:0.99998	tr-rmse:0.25098	tr-rmse:0.25098 
2026-04-07 14:03:42 [INFO] [task_scheduler.cc:243] [Updated] Task #0: "main"
2026-04-07 14:03:42 [INFO] [task_scheduler.cc:326] 
 ID | Name |      FLOP | Weight | Speed (GFLOPS) | Latency (us) | Weighted Latency (us) | Trials | Done 
--------------------------------------------------------------------------------------------------------
  0 | main | 603979776 |      1 |        87.8493 |    6875.1769 |             6875.1769 |    127 |      
--------------------------------------------------------------------------------------------------------
Total trials: 127
Total latency (us): 6875.18

2026-04-07 14:03:42 [INFO] [task_scheduler.cc:186] TaskScheduler picks Task #0: "main"
2026-04-07 14:03:48 [INFO] [task_scheduler.cc:199] Sending 64 sample(s) to builder
2026-04-07 14:04:01 [INFO] [task_scheduler.cc:201] Sending 64 sample(s) to runner
2026-04-07 14:04:18 [DEBUG] XGB validation: p-rmse: 0.236612	a-peak@32: 0.901610
2026-04-07 14:04:18 [DEBUG] XGB iter   0: tr-p-rmse: 0.429500	tr-a-peak@32: 0.997844	tr-rmse: 0.225453	tr-rmse: 0.225453
2026-04-07 14:04:18 [DEBUG] XGB iter  25: tr-p-rmse: 0.050014	tr-a-peak@32: 1.000000	tr-rmse: 0.279358	tr-rmse: 0.279358
2026-04-07 14:04:18 [DEBUG] XGB iter  50: tr-p-rmse: 0.050001	tr-a-peak@32: 1.000000	tr-rmse: 0.279378	tr-rmse: 0.279378
2026-04-07 14:04:18 [DEBUG] XGB iter  75: tr-p-rmse: 0.050001	tr-a-peak@32: 1.000000	tr-rmse: 0.279378	tr-rmse: 0.279378
2026-04-07 14:04:18 [DEBUG] XGB stopped. Best iteration: [32] tr-p-rmse:0.05000	tr-a-peak@32:1.00000	tr-rmse:0.27938	tr-rmse:0.27938 
2026-04-07 14:04:18 [INFO] [task_scheduler.cc:243] [Updated] Task #0: "main"
2026-04-07 14:04:18 [INFO] [task_scheduler.cc:326] 
 ID | Name |      FLOP | Weight | Speed (GFLOPS) | Latency (us) | Weighted Latency (us) | Trials | Done 
--------------------------------------------------------------------------------------------------------
  0 | main | 603979776 |      1 |       107.1203 |    5638.3301 |             5638.3301 |    191 |      
--------------------------------------------------------------------------------------------------------
Total trials: 191
Total latency (us): 5638.33

2026-04-07 14:04:18 [INFO] [task_scheduler.cc:186] TaskScheduler picks Task #0: "main"
2026-04-07 14:04:24 [INFO] [task_scheduler.cc:199] Sending 39 sample(s) to builder
2026-04-07 14:04:34 [INFO] [task_scheduler.cc:201] Sending 39 sample(s) to runner
2026-04-07 14:04:46 [DEBUG] XGB validation: p-rmse: 0.257957	a-peak@32: 0.993668
2026-04-07 14:04:46 [DEBUG] XGB iter   0: tr-p-rmse: 0.409047	tr-a-peak@32: 1.000000	tr-rmse: 0.252157	tr-rmse: 0.252157
2026-04-07 14:04:46 [DEBUG] XGB iter  25: tr-p-rmse: 0.048784	tr-a-peak@32: 1.000000	tr-rmse: 0.305284	tr-rmse: 0.305284
2026-04-07 14:04:46 [DEBUG] XGB iter  50: tr-p-rmse: 0.048772	tr-a-peak@32: 1.000000	tr-rmse: 0.305303	tr-rmse: 0.305303
2026-04-07 14:04:46 [DEBUG] XGB iter  75: tr-p-rmse: 0.048772	tr-a-peak@32: 1.000000	tr-rmse: 0.305303	tr-rmse: 0.305303
2026-04-07 14:04:46 [DEBUG] XGB stopped. Best iteration: [32] tr-p-rmse:0.04877	tr-a-peak@32:1.00000	tr-rmse:0.30530	tr-rmse:0.30530 
2026-04-07 14:04:46 [INFO] [task_scheduler.cc:243] [Updated] Task #0: "main"
2026-04-07 14:04:46 [INFO] [task_scheduler.cc:326] 
 ID | Name |      FLOP | Weight | Speed (GFLOPS) | Latency (us) | Weighted Latency (us) | Trials | Done 
--------------------------------------------------------------------------------------------------------
  0 | main | 603979776 |      1 |       107.1203 |    5638.3301 |             5638.3301 |    230 |      
--------------------------------------------------------------------------------------------------------
Total trials: 230
Total latency (us): 5638.33

2026-04-07 14:04:46 [INFO] [task_scheduler.cc:266] Task #0 has finished. Remaining task(s): 0
2026-04-07 14:04:46 [INFO] [task_scheduler.cc:326] 
 ID | Name |      FLOP | Weight | Speed (GFLOPS) | Latency (us) | Weighted Latency (us) | Trials | Done 
--------------------------------------------------------------------------------------------------------
  0 | main | 603979776 |      1 |       107.1203 |    5638.3301 |             5638.3301 |    230 |    Y 
--------------------------------------------------------------------------------------------------------
Total trials: 230
Total latency (us): 5638.33

2026-04-07 14:04:47 [INFO] LocalBuilder: max_workers = 12
2026-04-07 14:04:48 [INFO] LocalRunner: max_workers = 1
