2026-04-07 12:13:57 [INFO] [task_scheduler.cc:166] Initializing Task #0: "main"
2026-04-07 12:13:57 [INFO] [task_scheduler.cc:41] 
# from tvm.script import ir as I
# from tvm.script import tir as T

@I.ir_module
class Module:
    @T.prim_func
    def main(A: T.Buffer((16, 3072), "float32"), B: T.Buffer((3072, 768), "float32"), C: T.Buffer((16, 768), "float32")):
        T.func_attr({"tir.noalias": True})
        # with T.block("root"):
        for i, j, k in T.grid(16, 768, 3072):
            with T.block("C"):
                vi, vj, vk = T.axis.remap("SSR", [i, j, k])
                T.reads(A[vi, vk], B[vk, vj])
                T.writes(C[vi, vj])
                with T.init():
                    C[vi, vj] = T.float32(0.0)
                C[vi, vj] = C[vi, vj] + A[vi, vk] * B[vk, vj]
2026-04-07 12:13:57 [INFO] [task_scheduler.cc:170] Total 3 design space(s) generated
2026-04-07 12:13:57 [INFO] [task_scheduler.cc:176] Design space #0:
# from tvm.script import ir as I
# from tvm.script import tir as T

@I.ir_module
class Module:
    @T.prim_func
    def main(A: T.Buffer((16, 3072), "float32"), B: T.Buffer((3072, 768), "float32"), C: T.Buffer((16, 768), "float32")):
        T.func_attr({"tir.noalias": True})
        with T.block("root"):
            T.reads()
            T.writes()
            T.block_attr({"meta_schedule.parallel": 128, "meta_schedule.unroll_explicit": 0, "meta_schedule.vectorize": 64})
            C_global = T.alloc_buffer((16, 768))
            for i_0, j_0, i_1, j_1 in T.grid(1, 64, 2, 2):
                for k_0, i_2, j_2, k_1, i_3, j_3 in T.grid(96, 4, 6, 32, 2, 1):
                    with T.block("C"):
                        vi = T.axis.spatial(16, i_0 * 16 + i_1 * 8 + i_2 * 2 + i_3)
                        vj = T.axis.spatial(768, j_0 * 12 + j_1 * 6 + j_2 + j_3)
                        vk = T.axis.reduce(3072, k_0 * 32 + k_1)
                        T.reads(A[vi, vk], B[vk, vj])
                        T.writes(C_global[vi, vj])
                        T.block_attr({"meta_schedule.tiling_structure": "SSRSRS"})
                        with T.init():
                            C_global[vi, vj] = T.float32(0.0)
                        C_global[vi, vj] = C_global[vi, vj] + A[vi, vk] * B[vk, vj]
                for ax0, ax1 in T.grid(8, 6):
                    with T.block("C_global"):
                        v0 = T.axis.spatial(16, i_1 * 8 + ax0)
                        v1 = T.axis.spatial(768, j_0 * 12 + j_1 * 6 + ax1)
                        T.reads(C_global[v0, v1])
                        T.writes(C[v0, v1])
                        C[v0, v1] = C_global[v0, v1]
b0 = sch.get_block(name="C", func_name="main")
b1 = sch.get_block(name="root", func_name="main")
sch.annotate(block_or_loop=b0, ann_key="meta_schedule.tiling_structure", ann_val="SSRSRS")
l2, l3, l4 = sch.get_loops(block=b0)
v5, v6, v7, v8 = sch.sample_perfect_tile(loop=l2, n=4, max_innermost_factor=64, decision=[1, 2, 4, 2])
l9, l10, l11, l12 = sch.split(loop=l2, factors=[v5, v6, v7, v8], preserve_unit_iters=True, disable_predication=False)
v13, v14, v15, v16 = sch.sample_perfect_tile(loop=l3, n=4, max_innermost_factor=64, decision=[64, 2, 6, 1])
l17, l18, l19, l20 = sch.split(loop=l3, factors=[v13, v14, v15, v16], preserve_unit_iters=True, disable_predication=False)
v21, v22 = sch.sample_perfect_tile(loop=l4, n=2, max_innermost_factor=64, decision=[96, 32])
l23, l24 = sch.split(loop=l4, factors=[v21, v22], preserve_unit_iters=True, disable_predication=False)
sch.reorder(l9, l17, l10, l18, l23, l11, l19, l24, l12, l20)
b25 = sch.cache_write(block=b0, write_buffer_index=0, storage_scope="global")
sch.reverse_compute_at(block=b25, loop=l18, preserve_unit_loops=True, index=-1)
sch.annotate(block_or_loop=b1, ann_key="meta_schedule.parallel", ann_val=128)
sch.annotate(block_or_loop=b1, ann_key="meta_schedule.vectorize", ann_val=64)
v26 = sch.sample_categorical(candidates=[0, 16, 64, 512], probs=[0.25, 0.25, 0.25, 0.25], decision=0)
sch.annotate(block_or_loop=b1, ann_key="meta_schedule.unroll_explicit", ann_val=v26)
2026-04-07 12:13:57 [INFO] [task_scheduler.cc:176] Design space #1:
# from tvm.script import ir as I
# from tvm.script import tir as T

@I.ir_module
class Module:
    @T.prim_func
    def main(A: T.Buffer((16, 3072), "float32"), B: T.Buffer((3072, 768), "float32"), C: T.Buffer((16, 768), "float32")):
        T.func_attr({"tir.noalias": True})
        with T.block("root"):
            T.reads()
            T.writes()
            T.block_attr({"meta_schedule.parallel": 128, "meta_schedule.unroll_explicit": 0, "meta_schedule.vectorize": 64})
            C_global = T.alloc_buffer((16, 768))
            for i_0, j_0 in T.grid(1, 64):
                for i_1, j_1, k_0, i_2, j_2, k_1, i_3, j_3 in T.grid(2, 2, 96, 4, 6, 32, 2, 1):
                    with T.block("C"):
                        vi = T.axis.spatial(16, i_0 * 16 + i_1 * 8 + i_2 * 2 + i_3)
                        vj = T.axis.spatial(768, j_0 * 12 + j_1 * 6 + j_2 + j_3)
                        vk = T.axis.reduce(3072, k_0 * 32 + k_1)
                        T.reads(A[vi, vk], B[vk, vj])
                        T.writes(C_global[vi, vj])
                        T.block_attr({"meta_schedule.tiling_structure": "SSRSRS"})
                        with T.init():
                            C_global[vi, vj] = T.float32(0.0)
                        C_global[vi, vj] = C_global[vi, vj] + A[vi, vk] * B[vk, vj]
                for ax0, ax1 in T.grid(16, 12):
                    with T.block("C_global"):
                        v0 = T.axis.spatial(16, ax0)
                        v1 = T.axis.spatial(768, j_0 * 12 + ax1)
                        T.reads(C_global[v0, v1])
                        T.writes(C[v0, v1])
                        C[v0, v1] = C_global[v0, v1]
b0 = sch.get_block(name="C", func_name="main")
b1 = sch.get_block(name="root", func_name="main")
sch.annotate(block_or_loop=b0, ann_key="meta_schedule.tiling_structure", ann_val="SSRSRS")
l2, l3, l4 = sch.get_loops(block=b0)
v5, v6, v7, v8 = sch.sample_perfect_tile(loop=l2, n=4, max_innermost_factor=64, decision=[1, 2, 4, 2])
l9, l10, l11, l12 = sch.split(loop=l2, factors=[v5, v6, v7, v8], preserve_unit_iters=True, disable_predication=False)
v13, v14, v15, v16 = sch.sample_perfect_tile(loop=l3, n=4, max_innermost_factor=64, decision=[64, 2, 6, 1])
l17, l18, l19, l20 = sch.split(loop=l3, factors=[v13, v14, v15, v16], preserve_unit_iters=True, disable_predication=False)
v21, v22 = sch.sample_perfect_tile(loop=l4, n=2, max_innermost_factor=64, decision=[96, 32])
l23, l24 = sch.split(loop=l4, factors=[v21, v22], preserve_unit_iters=True, disable_predication=False)
sch.reorder(l9, l17, l10, l18, l23, l11, l19, l24, l12, l20)
b25 = sch.cache_write(block=b0, write_buffer_index=0, storage_scope="global")
sch.reverse_compute_at(block=b25, loop=l17, preserve_unit_loops=True, index=-1)
sch.annotate(block_or_loop=b1, ann_key="meta_schedule.parallel", ann_val=128)
sch.annotate(block_or_loop=b1, ann_key="meta_schedule.vectorize", ann_val=64)
v26 = sch.sample_categorical(candidates=[0, 16, 64, 512], probs=[0.25, 0.25, 0.25, 0.25], decision=0)
sch.annotate(block_or_loop=b1, ann_key="meta_schedule.unroll_explicit", ann_val=v26)
2026-04-07 12:13:57 [INFO] [task_scheduler.cc:176] Design space #2:
# from tvm.script import ir as I
# from tvm.script import tir as T

@I.ir_module
class Module:
    @T.prim_func
    def main(A: T.Buffer((16, 3072), "float32"), B: T.Buffer((3072, 768), "float32"), C: T.Buffer((16, 768), "float32")):
        T.func_attr({"tir.noalias": True})
        with T.block("root"):
            T.reads()
            T.writes()
            T.block_attr({"meta_schedule.parallel": 128, "meta_schedule.unroll_explicit": 512, "meta_schedule.vectorize": 64})
            for i_0, j_0, i_1, j_1, k_0, i_2, j_2, k_1, i_3, j_3 in T.grid(1, 64, 2, 2, 96, 4, 6, 32, 2, 1):
                with T.block("C"):
                    vi = T.axis.spatial(16, i_0 * 16 + i_1 * 8 + i_2 * 2 + i_3)
                    vj = T.axis.spatial(768, j_0 * 12 + j_1 * 6 + j_2 + j_3)
                    vk = T.axis.reduce(3072, k_0 * 32 + k_1)
                    T.reads(A[vi, vk], B[vk, vj])
                    T.writes(C[vi, vj])
                    T.block_attr({"meta_schedule.tiling_structure": "SSRSRS"})
                    with T.init():
                        C[vi, vj] = T.float32(0.0)
                    C[vi, vj] = C[vi, vj] + A[vi, vk] * B[vk, vj]
b0 = sch.get_block(name="C", func_name="main")
b1 = sch.get_block(name="root", func_name="main")
sch.annotate(block_or_loop=b0, ann_key="meta_schedule.tiling_structure", ann_val="SSRSRS")
l2, l3, l4 = sch.get_loops(block=b0)
v5, v6, v7, v8 = sch.sample_perfect_tile(loop=l2, n=4, max_innermost_factor=64, decision=[1, 2, 4, 2])
l9, l10, l11, l12 = sch.split(loop=l2, factors=[v5, v6, v7, v8], preserve_unit_iters=True, disable_predication=False)
v13, v14, v15, v16 = sch.sample_perfect_tile(loop=l3, n=4, max_innermost_factor=64, decision=[64, 2, 6, 1])
l17, l18, l19, l20 = sch.split(loop=l3, factors=[v13, v14, v15, v16], preserve_unit_iters=True, disable_predication=False)
v21, v22 = sch.sample_perfect_tile(loop=l4, n=2, max_innermost_factor=64, decision=[96, 32])
l23, l24 = sch.split(loop=l4, factors=[v21, v22], preserve_unit_iters=True, disable_predication=False)
sch.reorder(l9, l17, l10, l18, l23, l11, l19, l24, l12, l20)
sch.annotate(block_or_loop=b1, ann_key="meta_schedule.parallel", ann_val=128)
sch.annotate(block_or_loop=b1, ann_key="meta_schedule.vectorize", ann_val=64)
v25 = sch.sample_categorical(candidates=[0, 16, 64, 512], probs=[0.25, 0.25, 0.25, 0.25], decision=3)
sch.annotate(block_or_loop=b1, ann_key="meta_schedule.unroll_explicit", ann_val=v25)
2026-04-07 12:13:57 [INFO] [evolutionary_search.cc:711] Generating candidates......
2026-04-07 12:13:57 [INFO] [evolutionary_search.cc:713] Picked top 0 candidate(s) from database
2026-04-07 12:13:57 [INFO] [evolutionary_search.cc:530] Sample-Init-Population summary:
Postproc #0 [meta_schedule.DisallowDynamicLoop(0x5bdf3b14b988)]: 0 failure(s)
Postproc #1 [meta_schedule.RewriteParallelVectorizeUnroll(0x5bdf3b1fd4c8)]: 0 failure(s)
Postproc #2 [meta_schedule.RewriteReductionBlock(0x5bdf3ac244f8)]: 0 failure(s)
Postproc #3 [meta_schedule.RewriteLayout(0x5bdf3b0bd8b8)]: 0 failure(s)
2026-04-07 12:13:57 [INFO] [evolutionary_search.cc:721] Sampled 614 candidate(s)
2026-04-07 12:13:58 [INFO] [evolutionary_search.cc:619] Evolve iter #0 done. Summary:
Postproc #0 [meta_schedule.DisallowDynamicLoop(0x5bdf3b14b988)]: 0 failure(s)
Postproc #1 [meta_schedule.RewriteParallelVectorizeUnroll(0x5bdf3b1fd4c8)]: 0 failure(s)
Postproc #2 [meta_schedule.RewriteReductionBlock(0x5bdf3ac244f8)]: 0 failure(s)
Postproc #3 [meta_schedule.RewriteLayout(0x5bdf3b0bd8b8)]: 0 failure(s)
2026-04-07 12:13:58 [INFO] [evolutionary_search.cc:619] Evolve iter #1 done. Summary:
Postproc #0 [meta_schedule.DisallowDynamicLoop(0x5bdf3b14b988)]: 0 failure(s)
Postproc #1 [meta_schedule.RewriteParallelVectorizeUnroll(0x5bdf3b1fd4c8)]: 0 failure(s)
Postproc #2 [meta_schedule.RewriteReductionBlock(0x5bdf3ac244f8)]: 0 failure(s)
Postproc #3 [meta_schedule.RewriteLayout(0x5bdf3b0bd8b8)]: 0 failure(s)
2026-04-07 12:13:58 [INFO] [evolutionary_search.cc:619] Evolve iter #2 done. Summary:
Postproc #0 [meta_schedule.DisallowDynamicLoop(0x5bdf3b14b988)]: 0 failure(s)
Postproc #1 [meta_schedule.RewriteParallelVectorizeUnroll(0x5bdf3b1fd4c8)]: 0 failure(s)
Postproc #2 [meta_schedule.RewriteReductionBlock(0x5bdf3ac244f8)]: 0 failure(s)
Postproc #3 [meta_schedule.RewriteLayout(0x5bdf3b0bd8b8)]: 0 failure(s)
2026-04-07 12:13:59 [INFO] [evolutionary_search.cc:619] Evolve iter #3 done. Summary:
Postproc #0 [meta_schedule.DisallowDynamicLoop(0x5bdf3b14b988)]: 0 failure(s)
Postproc #1 [meta_schedule.RewriteParallelVectorizeUnroll(0x5bdf3b1fd4c8)]: 0 failure(s)
Postproc #2 [meta_schedule.RewriteReductionBlock(0x5bdf3ac244f8)]: 0 failure(s)
Postproc #3 [meta_schedule.RewriteLayout(0x5bdf3b0bd8b8)]: 0 failure(s)
2026-04-07 12:13:59 [INFO] [evolutionary_search.cc:647] Scores of the best 64 candidates:
[1 : 16]:	0.9995  0.9992  0.9992  0.9987  0.9973  0.9969  0.9962  0.9962  0.9953  0.9953  0.9950  0.9950  0.9946  0.9945  0.9936  0.9931
[17 : 32]:	0.9930  0.9925  0.9924  0.9920  0.9918  0.9914  0.9899  0.9895  0.9894  0.9893  0.9889  0.9882  0.9872  0.9872  0.9870  0.9869
[33 : 48]:	0.9868  0.9867  0.9862  0.9857  0.9849  0.9844  0.9842  0.9841  0.9833  0.9829  0.9827  0.9822  0.9815  0.9814  0.9804  0.9796
[49 : 64]:	0.9796  0.9792  0.9789  0.9787  0.9786  0.9784  0.9778  0.9774  0.9774  0.9769  0.9768  0.9763  0.9761  0.9758  0.9758  0.9755
2026-04-07 12:13:59 [INFO] [evolutionary_search.cc:725] Got 64 candidate(s) with evolutionary search
2026-04-07 12:13:59 [INFO] [evolutionary_search.cc:728] Sending 64 candidates(s) for measurement
2026-04-07 12:14:26 [INFO] [task_scheduler.cc:137] [Task #0: main] Trial #1: GFLOPs: 50.8300. Time: 1485.2949 us. Best GFLOPs: 50.8300
2026-04-07 12:14:26 [INFO] [task_scheduler.cc:137] [Task #0: main] Trial #2: GFLOPs: 54.7243. Time: 1379.5961 us. Best GFLOPs: 54.7243
2026-04-07 12:14:26 [INFO] [task_scheduler.cc:137] [Task #0: main] Trial #3: GFLOPs: 11.2555. Time: 6707.6081 us. Best GFLOPs: 54.7243
2026-04-07 12:14:26 [INFO] [task_scheduler.cc:137] [Task #0: main] Trial #4: GFLOPs: 54.6524. Time: 1381.4125 us. Best GFLOPs: 54.7243
2026-04-07 12:14:26 [INFO] [task_scheduler.cc:137] [Task #0: main] Trial #5: GFLOPs: 35.3831. Time: 2133.7137 us. Best GFLOPs: 54.7243
2026-04-07 12:14:26 [INFO] [task_scheduler.cc:137] [Task #0: main] Trial #6: GFLOPs: 25.4626. Time: 2965.0353 us. Best GFLOPs: 54.7243
2026-04-07 12:14:26 [INFO] [task_scheduler.cc:137] [Task #0: main] Trial #7: GFLOPs: 13.2978. Time: 5677.4437 us. Best GFLOPs: 54.7243
2026-04-07 12:14:26 [INFO] [task_scheduler.cc:137] [Task #0: main] Trial #8: GFLOPs: 4.6602. Time: 16200.6208 us. Best GFLOPs: 54.7243
2026-04-07 12:14:26 [INFO] [task_scheduler.cc:137] [Task #0: main] Trial #9: GFLOPs: 37.2802. Time: 2025.1357 us. Best GFLOPs: 54.7243
2026-04-07 12:14:26 [INFO] [task_scheduler.cc:137] [Task #0: main] Trial #10: GFLOPs: 59.5526. Time: 1267.7438 us. Best GFLOPs: 59.5526
2026-04-07 12:14:26 [INFO] [task_scheduler.cc:137] [Task #0: main] Trial #11: GFLOPs: 7.7489. Time: 9742.9562 us. Best GFLOPs: 59.5526
2026-04-07 12:14:26 [INFO] [task_scheduler.cc:137] [Task #0: main] Trial #12: GFLOPs: 15.2294. Time: 4957.3485 us. Best GFLOPs: 59.5526
2026-04-07 12:14:26 [INFO] [task_scheduler.cc:137] [Task #0: main] Trial #13: GFLOPs: 10.2977. Time: 7331.4958 us. Best GFLOPs: 59.5526
2026-04-07 12:14:26 [INFO] [task_scheduler.cc:137] [Task #0: main] Trial #14: GFLOPs: 21.1384. Time: 3571.5823 us. Best GFLOPs: 59.5526
2026-04-07 12:14:26 [INFO] [task_scheduler.cc:137] [Task #0: main] Trial #15: GFLOPs: 15.9573. Time: 4731.2073 us. Best GFLOPs: 59.5526
2026-04-07 12:14:26 [INFO] [task_scheduler.cc:137] [Task #0: main] Trial #16: GFLOPs: 6.2456. Time: 12088.1768 us. Best GFLOPs: 59.5526
2026-04-07 12:14:26 [INFO] [task_scheduler.cc:137] [Task #0: main] Trial #17: GFLOPs: 23.5299. Time: 3208.5716 us. Best GFLOPs: 59.5526
2026-04-07 12:14:26 [INFO] [task_scheduler.cc:137] [Task #0: main] Trial #18: GFLOPs: 10.9154. Time: 6916.6064 us. Best GFLOPs: 59.5526
2026-04-07 12:14:26 [INFO] [task_scheduler.cc:137] [Task #0: main] Trial #19: GFLOPs: 31.2631. Time: 2414.9029 us. Best GFLOPs: 59.5526
2026-04-07 12:14:26 [INFO] [task_scheduler.cc:137] [Task #0: main] Trial #20: GFLOPs: 29.7693. Time: 2536.0818 us. Best GFLOPs: 59.5526
2026-04-07 12:14:26 [INFO] [task_scheduler.cc:137] [Task #0: main] Trial #21: GFLOPs: 14.5011. Time: 5206.3404 us. Best GFLOPs: 59.5526
2026-04-07 12:14:26 [INFO] [task_scheduler.cc:137] [Task #0: main] Trial #22: GFLOPs: 45.1191. Time: 1673.2922 us. Best GFLOPs: 59.5526
2026-04-07 12:14:26 [INFO] [task_scheduler.cc:137] [Task #0: main] Trial #23: GFLOPs: 5.7117. Time: 13218.0021 us. Best GFLOPs: 59.5526
2026-04-07 12:14:26 [INFO] [task_scheduler.cc:137] [Task #0: main] Trial #24: GFLOPs: 72.9654. Time: 1034.7017 us. Best GFLOPs: 72.9654
2026-04-07 12:14:26 [INFO] [task_scheduler.cc:137] [Task #0: main] Trial #25: GFLOPs: 25.8454. Time: 2921.1139 us. Best GFLOPs: 72.9654
2026-04-07 12:14:26 [INFO] [task_scheduler.cc:137] [Task #0: main] Trial #26: GFLOPs: 64.0756. Time: 1178.2567 us. Best GFLOPs: 72.9654
2026-04-07 12:14:26 [INFO] [task_scheduler.cc:137] [Task #0: main] Trial #27: GFLOPs: 3.6481. Time: 20694.9980 us. Best GFLOPs: 72.9654
2026-04-07 12:14:26 [INFO] [task_scheduler.cc:137] [Task #0: main] Trial #28: GFLOPs: 29.1365. Time: 2591.1682 us. Best GFLOPs: 72.9654
2026-04-07 12:14:26 [INFO] [task_scheduler.cc:137] [Task #0: main] Trial #29: GFLOPs: 17.0798. Time: 4420.2677 us. Best GFLOPs: 72.9654
2026-04-07 12:14:26 [INFO] [task_scheduler.cc:137] [Task #0: main] Trial #30: GFLOPs: 2.1651. Time: 34869.4315 us. Best GFLOPs: 72.9654
2026-04-07 12:14:26 [INFO] [task_scheduler.cc:137] [Task #0: main] Trial #31: GFLOPs: 25.1005. Time: 3007.8089 us. Best GFLOPs: 72.9654
2026-04-07 12:14:26 [INFO] [task_scheduler.cc:137] [Task #0: main] Trial #32: GFLOPs: 17.6392. Time: 4280.1011 us. Best GFLOPs: 72.9654
2026-04-07 12:14:26 [INFO] [task_scheduler.cc:137] [Task #0: main] Trial #33: GFLOPs: 18.7751. Time: 4021.1383 us. Best GFLOPs: 72.9654
2026-04-07 12:14:26 [INFO] [task_scheduler.cc:137] [Task #0: main] Trial #34: GFLOPs: 50.7451. Time: 1487.7799 us. Best GFLOPs: 72.9654
2026-04-07 12:14:26 [INFO] [task_scheduler.cc:137] [Task #0: main] Trial #35: GFLOPs: 12.5646. Time: 6008.7380 us. Best GFLOPs: 72.9654
2026-04-07 12:14:26 [INFO] [task_scheduler.cc:137] [Task #0: main] Trial #36: GFLOPs: 22.4183. Time: 3367.6673 us. Best GFLOPs: 72.9654
2026-04-07 12:14:26 [INFO] [task_scheduler.cc:137] [Task #0: main] Trial #37: GFLOPs: 56.8546. Time: 1327.9043 us. Best GFLOPs: 72.9654
2026-04-07 12:14:26 [INFO] [task_scheduler.cc:137] [Task #0: main] Trial #38: GFLOPs: 25.9041. Time: 2914.5001 us. Best GFLOPs: 72.9654
2026-04-07 12:14:26 [INFO] [task_scheduler.cc:137] [Task #0: main] Trial #39: GFLOPs: 8.6026. Time: 8776.0756 us. Best GFLOPs: 72.9654
2026-04-07 12:14:26 [INFO] [task_scheduler.cc:137] [Task #0: main] Trial #40: GFLOPs: 10.3357. Time: 7304.5356 us. Best GFLOPs: 72.9654
2026-04-07 12:14:26 [INFO] [task_scheduler.cc:137] [Task #0: main] Trial #41: GFLOPs: 11.6109. Time: 6502.3171 us. Best GFLOPs: 72.9654
2026-04-07 12:14:26 [INFO] [task_scheduler.cc:137] [Task #0: main] Trial #42: GFLOPs: 12.9247. Time: 5841.3181 us. Best GFLOPs: 72.9654
2026-04-07 12:14:26 [INFO] [task_scheduler.cc:137] [Task #0: main] Trial #43: GFLOPs: 15.4084. Time: 4899.7589 us. Best GFLOPs: 72.9654
2026-04-07 12:14:26 [INFO] [task_scheduler.cc:137] [Task #0: main] Trial #44: GFLOPs: 34.5435. Time: 2185.5751 us. Best GFLOPs: 72.9654
2026-04-07 12:14:26 [INFO] [task_scheduler.cc:137] [Task #0: main] Trial #45: GFLOPs: 49.7330. Time: 1518.0544 us. Best GFLOPs: 72.9654
2026-04-07 12:14:26 [INFO] [task_scheduler.cc:137] [Task #0: main] Trial #46: GFLOPs: 36.2472. Time: 2082.8505 us. Best GFLOPs: 72.9654
2026-04-07 12:14:26 [INFO] [task_scheduler.cc:137] [Task #0: main] Trial #47: GFLOPs: 38.1913. Time: 1976.8221 us. Best GFLOPs: 72.9654
2026-04-07 12:14:26 [INFO] [task_scheduler.cc:137] [Task #0: main] Trial #48: GFLOPs: 26.6171. Time: 2836.4299 us. Best GFLOPs: 72.9654
2026-04-07 12:14:26 [INFO] [task_scheduler.cc:137] [Task #0: main] Trial #49: GFLOPs: 15.0499. Time: 5016.4817 us. Best GFLOPs: 72.9654
2026-04-07 12:14:26 [INFO] [task_scheduler.cc:137] [Task #0: main] Trial #50: GFLOPs: 38.4337. Time: 1964.3559 us. Best GFLOPs: 72.9654
2026-04-07 12:14:26 [INFO] [task_scheduler.cc:137] [Task #0: main] Trial #51: GFLOPs: 8.8364. Time: 8543.8831 us. Best GFLOPs: 72.9654
2026-04-07 12:14:26 [INFO] [task_scheduler.cc:137] [Task #0: main] Trial #52: GFLOPs: 61.5445. Time: 1226.7142 us. Best GFLOPs: 72.9654
2026-04-07 12:14:26 [INFO] [task_scheduler.cc:137] [Task #0: main] Trial #53: GFLOPs: 21.0992. Time: 3578.2091 us. Best GFLOPs: 72.9654
2026-04-07 12:14:26 [INFO] [task_scheduler.cc:137] [Task #0: main] Trial #54: GFLOPs: 17.8189. Time: 4236.9261 us. Best GFLOPs: 72.9654
2026-04-07 12:14:26 [INFO] [task_scheduler.cc:137] [Task #0: main] Trial #55: GFLOPs: 6.3202. Time: 11945.4724 us. Best GFLOPs: 72.9654
2026-04-07 12:14:26 [INFO] [task_scheduler.cc:137] [Task #0: main] Trial #56: GFLOPs: 41.5178. Time: 1818.4371 us. Best GFLOPs: 72.9654
2026-04-07 12:14:26 [INFO] [task_scheduler.cc:137] [Task #0: main] Trial #57: GFLOPs: 27.8094. Time: 2714.8150 us. Best GFLOPs: 72.9654
2026-04-07 12:14:26 [INFO] [task_scheduler.cc:137] [Task #0: main] Trial #58: GFLOPs: 4.8128. Time: 15686.9202 us. Best GFLOPs: 72.9654
2026-04-07 12:14:26 [INFO] [task_scheduler.cc:137] [Task #0: main] Trial #59: GFLOPs: 28.9408. Time: 2608.6861 us. Best GFLOPs: 72.9654
2026-04-07 12:14:26 [INFO] [task_scheduler.cc:137] [Task #0: main] Trial #60: GFLOPs: 29.6187. Time: 2548.9786 us. Best GFLOPs: 72.9654
2026-04-07 12:14:26 [INFO] [task_scheduler.cc:137] [Task #0: main] Trial #61: GFLOPs: 12.2069. Time: 6184.8178 us. Best GFLOPs: 72.9654
2026-04-07 12:14:26 [INFO] [task_scheduler.cc:137] [Task #0: main] Trial #62: GFLOPs: 19.5442. Time: 3862.9150 us. Best GFLOPs: 72.9654
2026-04-07 12:14:26 [INFO] [task_scheduler.cc:137] [Task #0: main] Trial #63: GFLOPs: 36.1612. Time: 2087.8025 us. Best GFLOPs: 72.9654
2026-04-07 12:14:26 [INFO] [task_scheduler.cc:137] [Task #0: main] Trial #64: GFLOPs: 15.0185. Time: 5026.9789 us. Best GFLOPs: 72.9654
2026-04-07 12:14:26 [INFO] [evolutionary_search.cc:711] Generating candidates......
2026-04-07 12:14:27 [INFO] [evolutionary_search.cc:713] Picked top 64 candidate(s) from database
2026-04-07 12:14:27 [INFO] [evolutionary_search.cc:530] Sample-Init-Population summary:
Postproc #0 [meta_schedule.DisallowDynamicLoop(0x5bdf3b14b988)]: 0 failure(s)
Postproc #1 [meta_schedule.RewriteParallelVectorizeUnroll(0x5bdf3b1fd4c8)]: 0 failure(s)
Postproc #2 [meta_schedule.RewriteReductionBlock(0x5bdf3ac244f8)]: 0 failure(s)
Postproc #3 [meta_schedule.RewriteLayout(0x5bdf3b0bd8b8)]: 0 failure(s)
2026-04-07 12:14:27 [INFO] [evolutionary_search.cc:721] Sampled 550 candidate(s)
2026-04-07 12:14:27 [INFO] [evolutionary_search.cc:619] Evolve iter #0 done. Summary:
Postproc #0 [meta_schedule.DisallowDynamicLoop(0x5bdf3b14b988)]: 0 failure(s)
Postproc #1 [meta_schedule.RewriteParallelVectorizeUnroll(0x5bdf3b1fd4c8)]: 0 failure(s)
Postproc #2 [meta_schedule.RewriteReductionBlock(0x5bdf3ac244f8)]: 0 failure(s)
Postproc #3 [meta_schedule.RewriteLayout(0x5bdf3b0bd8b8)]: 0 failure(s)
2026-04-07 12:14:28 [INFO] [evolutionary_search.cc:619] Evolve iter #1 done. Summary:
Postproc #0 [meta_schedule.DisallowDynamicLoop(0x5bdf3b14b988)]: 0 failure(s)
Postproc #1 [meta_schedule.RewriteParallelVectorizeUnroll(0x5bdf3b1fd4c8)]: 0 failure(s)
Postproc #2 [meta_schedule.RewriteReductionBlock(0x5bdf3ac244f8)]: 0 failure(s)
Postproc #3 [meta_schedule.RewriteLayout(0x5bdf3b0bd8b8)]: 0 failure(s)
2026-04-07 12:14:28 [INFO] [evolutionary_search.cc:619] Evolve iter #2 done. Summary:
Postproc #0 [meta_schedule.DisallowDynamicLoop(0x5bdf3b14b988)]: 0 failure(s)
Postproc #1 [meta_schedule.RewriteParallelVectorizeUnroll(0x5bdf3b1fd4c8)]: 0 failure(s)
Postproc #2 [meta_schedule.RewriteReductionBlock(0x5bdf3ac244f8)]: 0 failure(s)
Postproc #3 [meta_schedule.RewriteLayout(0x5bdf3b0bd8b8)]: 0 failure(s)
2026-04-07 12:14:28 [INFO] [evolutionary_search.cc:619] Evolve iter #3 done. Summary:
Postproc #0 [meta_schedule.DisallowDynamicLoop(0x5bdf3b14b988)]: 0 failure(s)
Postproc #1 [meta_schedule.RewriteParallelVectorizeUnroll(0x5bdf3b1fd4c8)]: 0 failure(s)
Postproc #2 [meta_schedule.RewriteReductionBlock(0x5bdf3ac244f8)]: 0 failure(s)
Postproc #3 [meta_schedule.RewriteLayout(0x5bdf3b0bd8b8)]: 0 failure(s)
2026-04-07 12:14:29 [INFO] [evolutionary_search.cc:647] Scores of the best 64 candidates:
[1 : 16]:	0.9999  0.9996  0.9984  0.9962  0.9958  0.9956  0.9950  0.9949  0.9948  0.9937  0.9936  0.9933  0.9928  0.9917  0.9917  0.9911
[17 : 32]:	0.9905  0.9902  0.9898  0.9891  0.9888  0.9873  0.9867  0.9865  0.9863  0.9853  0.9850  0.9850  0.9849  0.9827  0.9824  0.9818
[33 : 48]:	0.9816  0.9815  0.9812  0.9798  0.9795  0.9794  0.9792  0.9791  0.9776  0.9764  0.9764  0.9759  0.9758  0.9755  0.9755  0.9754
[49 : 64]:	0.9751  0.9749  0.9748  0.9747  0.9744  0.9731  0.9727  0.9725  0.9721  0.9720  0.9717  0.9717  0.9713  0.9711  0.9707  0.9705
2026-04-07 12:14:29 [INFO] [evolutionary_search.cc:725] Got 64 candidate(s) with evolutionary search
2026-04-07 12:14:29 [INFO] [evolutionary_search.cc:728] Sending 64 candidates(s) for measurement
2026-04-07 12:14:55 [INFO] [task_scheduler.cc:137] [Task #0: main] Trial #65: GFLOPs: 31.8387. Time: 2371.2508 us. Best GFLOPs: 72.9654
2026-04-07 12:14:55 [INFO] [task_scheduler.cc:137] [Task #0: main] Trial #66: GFLOPs: 33.6547. Time: 2243.2970 us. Best GFLOPs: 72.9654
2026-04-07 12:14:55 [INFO] [task_scheduler.cc:137] [Task #0: main] Trial #67: GFLOPs: 35.9113. Time: 2102.3321 us. Best GFLOPs: 72.9654
2026-04-07 12:14:55 [INFO] [task_scheduler.cc:137] [Task #0: main] Trial #68: GFLOPs: 31.7736. Time: 2376.1076 us. Best GFLOPs: 72.9654
2026-04-07 12:14:55 [INFO] [task_scheduler.cc:137] [Task #0: main] Trial #69: GFLOPs: 43.3890. Time: 1740.0141 us. Best GFLOPs: 72.9654
2026-04-07 12:14:55 [INFO] [task_scheduler.cc:137] [Task #0: main] Trial #70: GFLOPs: 17.0622. Time: 4424.8364 us. Best GFLOPs: 72.9654
2026-04-07 12:14:55 [INFO] [task_scheduler.cc:137] [Task #0: main] Trial #71: GFLOPs: 59.4508. Time: 1269.9147 us. Best GFLOPs: 72.9654
2026-04-07 12:14:55 [INFO] [task_scheduler.cc:137] [Task #0: main] Trial #72: GFLOPs: 6.0758. Time: 12425.9343 us. Best GFLOPs: 72.9654
2026-04-07 12:14:55 [INFO] [task_scheduler.cc:137] [Task #0: main] Trial #73: GFLOPs: 34.9029. Time: 2163.0705 us. Best GFLOPs: 72.9654
2026-04-07 12:14:55 [INFO] [task_scheduler.cc:137] [Task #0: main] Trial #74: GFLOPs: 15.2839. Time: 4939.6593 us. Best GFLOPs: 72.9654
2026-04-07 12:14:55 [INFO] [task_scheduler.cc:137] [Task #0: main] Trial #75: GFLOPs: 21.0056. Time: 3594.1518 us. Best GFLOPs: 72.9654
2026-04-07 12:14:55 [INFO] [task_scheduler.cc:137] [Task #0: main] Trial #76: GFLOPs: 1.4445. Time: 52265.0760 us. Best GFLOPs: 72.9654
2026-04-07 12:14:55 [INFO] [task_scheduler.cc:137] [Task #0: main] Trial #77: GFLOPs: 35.1683. Time: 2146.7496 us. Best GFLOPs: 72.9654
2026-04-07 12:14:55 [INFO] [task_scheduler.cc:137] [Task #0: main] Trial #78: GFLOPs: 60.4733. Time: 1248.4420 us. Best GFLOPs: 72.9654
2026-04-07 12:14:55 [INFO] [task_scheduler.cc:137] [Task #0: main] Trial #79: GFLOPs: 6.0096. Time: 12562.9007 us. Best GFLOPs: 72.9654
2026-04-07 12:14:55 [INFO] [task_scheduler.cc:137] [Task #0: main] Trial #80: GFLOPs: 14.8572. Time: 5081.5437 us. Best GFLOPs: 72.9654
2026-04-07 12:14:55 [INFO] [task_scheduler.cc:137] [Task #0: main] Trial #81: GFLOPs: 35.4026. Time: 2132.5395 us. Best GFLOPs: 72.9654
2026-04-07 12:14:55 [INFO] [task_scheduler.cc:137] [Task #0: main] Trial #82: GFLOPs: 6.8748. Time: 10981.7003 us. Best GFLOPs: 72.9654
2026-04-07 12:14:55 [INFO] [task_scheduler.cc:137] [Task #0: main] Trial #83: GFLOPs: 20.0461. Time: 3766.1861 us. Best GFLOPs: 72.9654
2026-04-07 12:14:55 [INFO] [task_scheduler.cc:137] [Task #0: main] Trial #84: GFLOPs: 10.1947. Time: 7405.5366 us. Best GFLOPs: 72.9654
2026-04-07 12:14:55 [INFO] [task_scheduler.cc:137] [Task #0: main] Trial #85: GFLOPs: 21.1946. Time: 3562.1044 us. Best GFLOPs: 72.9654
2026-04-07 12:14:55 [INFO] [task_scheduler.cc:137] [Task #0: main] Trial #86: GFLOPs: 2.6278. Time: 28730.0733 us. Best GFLOPs: 72.9654
2026-04-07 12:14:55 [INFO] [task_scheduler.cc:137] [Task #0: main] Trial #87: GFLOPs: 13.3833. Time: 5641.1745 us. Best GFLOPs: 72.9654
2026-04-07 12:14:55 [INFO] [task_scheduler.cc:137] [Task #0: main] Trial #88: GFLOPs: 28.2381. Time: 2673.6074 us. Best GFLOPs: 72.9654
2026-04-07 12:14:55 [INFO] [task_scheduler.cc:137] [Task #0: main] Trial #89: GFLOPs: 47.9736. Time: 1573.7288 us. Best GFLOPs: 72.9654
2026-04-07 12:14:55 [INFO] [task_scheduler.cc:137] [Task #0: main] Trial #90: GFLOPs: 19.6315. Time: 3845.7250 us. Best GFLOPs: 72.9654
2026-04-07 12:14:55 [INFO] [task_scheduler.cc:137] [Task #0: main] Trial #91: GFLOPs: 16.7978. Time: 4494.4980 us. Best GFLOPs: 72.9654
2026-04-07 12:14:55 [INFO] [task_scheduler.cc:137] [Task #0: main] Trial #92: GFLOPs: 19.7794. Time: 3816.9717 us. Best GFLOPs: 72.9654
2026-04-07 12:14:55 [INFO] [task_scheduler.cc:137] [Task #0: main] Trial #93: GFLOPs: 26.6568. Time: 2832.2019 us. Best GFLOPs: 72.9654
2026-04-07 12:14:55 [INFO] [task_scheduler.cc:137] [Task #0: main] Trial #94: GFLOPs: 14.1286. Time: 5343.5835 us. Best GFLOPs: 72.9654
2026-04-07 12:14:55 [INFO] [task_scheduler.cc:137] [Task #0: main] Trial #95: GFLOPs: 17.8236. Time: 4235.8184 us. Best GFLOPs: 72.9654
2026-04-07 12:14:55 [INFO] [task_scheduler.cc:137] [Task #0: main] Trial #96: GFLOPs: 30.5518. Time: 2471.1297 us. Best GFLOPs: 72.9654
2026-04-07 12:14:55 [INFO] [task_scheduler.cc:137] [Task #0: main] Trial #97: GFLOPs: 22.8088. Time: 3310.0172 us. Best GFLOPs: 72.9654
2026-04-07 12:14:55 [INFO] [task_scheduler.cc:137] [Task #0: main] Trial #98: GFLOPs: 40.5901. Time: 1859.9957 us. Best GFLOPs: 72.9654
2026-04-07 12:14:55 [INFO] [task_scheduler.cc:137] [Task #0: main] Trial #99: GFLOPs: 12.0853. Time: 6247.0428 us. Best GFLOPs: 72.9654
2026-04-07 12:14:55 [INFO] [task_scheduler.cc:137] [Task #0: main] Trial #100: GFLOPs: 28.3081. Time: 2666.9873 us. Best GFLOPs: 72.9654
2026-04-07 12:14:55 [INFO] [task_scheduler.cc:137] [Task #0: main] Trial #101: GFLOPs: 30.9331. Time: 2440.6677 us. Best GFLOPs: 72.9654
2026-04-07 12:14:55 [INFO] [task_scheduler.cc:137] [Task #0: main] Trial #102: GFLOPs: 21.8575. Time: 3454.0767 us. Best GFLOPs: 72.9654
2026-04-07 12:14:55 [INFO] [task_scheduler.cc:137] [Task #0: main] Trial #103: GFLOPs: 12.6934. Time: 5947.7666 us. Best GFLOPs: 72.9654
2026-04-07 12:14:55 [INFO] [task_scheduler.cc:137] [Task #0: main] Trial #104: GFLOPs: 4.3585. Time: 17322.0650 us. Best GFLOPs: 72.9654
2026-04-07 12:14:55 [INFO] [task_scheduler.cc:137] [Task #0: main] Trial #105: GFLOPs: 5.4424. Time: 13872.0430 us. Best GFLOPs: 72.9654
2026-04-07 12:14:55 [INFO] [task_scheduler.cc:137] [Task #0: main] Trial #106: GFLOPs: 52.9023. Time: 1427.1125 us. Best GFLOPs: 72.9654
2026-04-07 12:14:55 [INFO] [task_scheduler.cc:137] [Task #0: main] Trial #107: GFLOPs: 19.5682. Time: 3858.1763 us. Best GFLOPs: 72.9654
2026-04-07 12:14:55 [INFO] [task_scheduler.cc:137] [Task #0: main] Trial #108: GFLOPs: 4.7206. Time: 15993.3538 us. Best GFLOPs: 72.9654
2026-04-07 12:14:55 [INFO] [task_scheduler.cc:137] [Task #0: main] Trial #109: GFLOPs: 36.0760. Time: 2092.7345 us. Best GFLOPs: 72.9654
2026-04-07 12:14:55 [INFO] [task_scheduler.cc:137] [Task #0: main] Trial #110: GFLOPs: 25.2035. Time: 2995.5170 us. Best GFLOPs: 72.9654
2026-04-07 12:14:55 [INFO] [task_scheduler.cc:137] [Task #0: main] Trial #111: GFLOPs: 27.6328. Time: 2732.1658 us. Best GFLOPs: 72.9654
2026-04-07 12:14:55 [INFO] [task_scheduler.cc:137] [Task #0: main] Trial #112: GFLOPs: 11.9241. Time: 6331.5233 us. Best GFLOPs: 72.9654
2026-04-07 12:14:55 [INFO] [task_scheduler.cc:137] [Task #0: main] Trial #113: GFLOPs: 54.8318. Time: 1376.8910 us. Best GFLOPs: 72.9654
2026-04-07 12:14:55 [INFO] [task_scheduler.cc:137] [Task #0: main] Trial #114: GFLOPs: 8.3435. Time: 9048.6664 us. Best GFLOPs: 72.9654
2026-04-07 12:14:55 [INFO] [task_scheduler.cc:137] [Task #0: main] Trial #115: GFLOPs: 19.5213. Time: 3867.4330 us. Best GFLOPs: 72.9654
2026-04-07 12:14:55 [INFO] [task_scheduler.cc:137] [Task #0: main] Trial #116: GFLOPs: 15.0377. Time: 5020.5591 us. Best GFLOPs: 72.9654
2026-04-07 12:14:55 [INFO] [task_scheduler.cc:137] [Task #0: main] Trial #117: GFLOPs: 19.2718. Time: 3917.5144 us. Best GFLOPs: 72.9654
2026-04-07 12:14:55 [INFO] [task_scheduler.cc:137] [Task #0: main] Trial #118: GFLOPs: 14.3294. Time: 5268.6951 us. Best GFLOPs: 72.9654
2026-04-07 12:14:55 [INFO] [task_scheduler.cc:137] [Task #0: main] Trial #119: GFLOPs: 5.2802. Time: 14298.2612 us. Best GFLOPs: 72.9654
2026-04-07 12:14:55 [INFO] [task_scheduler.cc:137] [Task #0: main] Trial #120: GFLOPs: 11.6110. Time: 6502.2448 us. Best GFLOPs: 72.9654
2026-04-07 12:14:55 [INFO] [task_scheduler.cc:137] [Task #0: main] Trial #121: GFLOPs: 15.2913. Time: 4937.2690 us. Best GFLOPs: 72.9654
2026-04-07 12:14:55 [INFO] [task_scheduler.cc:137] [Task #0: main] Trial #122: GFLOPs: 52.9768. Time: 1425.1045 us. Best GFLOPs: 72.9654
2026-04-07 12:14:55 [INFO] [task_scheduler.cc:137] [Task #0: main] Trial #123: GFLOPs: 10.0284. Time: 7528.3575 us. Best GFLOPs: 72.9654
2026-04-07 12:14:55 [INFO] [task_scheduler.cc:137] [Task #0: main] Trial #124: GFLOPs: 4.4587. Time: 16932.4670 us. Best GFLOPs: 72.9654
2026-04-07 12:14:55 [INFO] [task_scheduler.cc:137] [Task #0: main] Trial #125: GFLOPs: 10.8895. Time: 6933.0731 us. Best GFLOPs: 72.9654
2026-04-07 12:14:55 [INFO] [task_scheduler.cc:137] [Task #0: main] Trial #126: GFLOPs: 27.0848. Time: 2787.4515 us. Best GFLOPs: 72.9654
2026-04-07 12:14:55 [INFO] [task_scheduler.cc:137] [Task #0: main] Trial #127: GFLOPs: 2.2499. Time: 33555.2385 us. Best GFLOPs: 72.9654
2026-04-07 12:14:55 [INFO] [task_scheduler.cc:137] [Task #0: main] Trial #128: GFLOPs: 27.9587. Time: 2700.3178 us. Best GFLOPs: 72.9654
2026-04-07 12:14:55 [INFO] [evolutionary_search.cc:711] Generating candidates......
2026-04-07 12:14:55 [INFO] [evolutionary_search.cc:713] Picked top 122 candidate(s) from database
2026-04-07 12:14:55 [INFO] [evolutionary_search.cc:530] Sample-Init-Population summary:
Postproc #0 [meta_schedule.DisallowDynamicLoop(0x5bdf3b14b988)]: 0 failure(s)
Postproc #1 [meta_schedule.RewriteParallelVectorizeUnroll(0x5bdf3b1fd4c8)]: 0 failure(s)
Postproc #2 [meta_schedule.RewriteReductionBlock(0x5bdf3ac244f8)]: 0 failure(s)
Postproc #3 [meta_schedule.RewriteLayout(0x5bdf3b0bd8b8)]: 0 failure(s)
2026-04-07 12:14:55 [INFO] [evolutionary_search.cc:721] Sampled 492 candidate(s)
2026-04-07 12:14:56 [INFO] [evolutionary_search.cc:619] Evolve iter #0 done. Summary:
Postproc #0 [meta_schedule.DisallowDynamicLoop(0x5bdf3b14b988)]: 0 failure(s)
Postproc #1 [meta_schedule.RewriteParallelVectorizeUnroll(0x5bdf3b1fd4c8)]: 0 failure(s)
Postproc #2 [meta_schedule.RewriteReductionBlock(0x5bdf3ac244f8)]: 0 failure(s)
Postproc #3 [meta_schedule.RewriteLayout(0x5bdf3b0bd8b8)]: 0 failure(s)
2026-04-07 12:14:57 [INFO] [evolutionary_search.cc:619] Evolve iter #1 done. Summary:
Postproc #0 [meta_schedule.DisallowDynamicLoop(0x5bdf3b14b988)]: 0 failure(s)
Postproc #1 [meta_schedule.RewriteParallelVectorizeUnroll(0x5bdf3b1fd4c8)]: 0 failure(s)
Postproc #2 [meta_schedule.RewriteReductionBlock(0x5bdf3ac244f8)]: 0 failure(s)
Postproc #3 [meta_schedule.RewriteLayout(0x5bdf3b0bd8b8)]: 0 failure(s)
2026-04-07 12:14:58 [INFO] [evolutionary_search.cc:619] Evolve iter #2 done. Summary:
Postproc #0 [meta_schedule.DisallowDynamicLoop(0x5bdf3b14b988)]: 0 failure(s)
Postproc #1 [meta_schedule.RewriteParallelVectorizeUnroll(0x5bdf3b1fd4c8)]: 0 failure(s)
Postproc #2 [meta_schedule.RewriteReductionBlock(0x5bdf3ac244f8)]: 0 failure(s)
Postproc #3 [meta_schedule.RewriteLayout(0x5bdf3b0bd8b8)]: 0 failure(s)
2026-04-07 12:14:59 [INFO] [evolutionary_search.cc:619] Evolve iter #3 done. Summary:
Postproc #0 [meta_schedule.DisallowDynamicLoop(0x5bdf3b14b988)]: 0 failure(s)
Postproc #1 [meta_schedule.RewriteParallelVectorizeUnroll(0x5bdf3b1fd4c8)]: 0 failure(s)
Postproc #2 [meta_schedule.RewriteReductionBlock(0x5bdf3ac244f8)]: 0 failure(s)
Postproc #3 [meta_schedule.RewriteLayout(0x5bdf3b0bd8b8)]: 0 failure(s)
2026-04-07 12:15:00 [INFO] [evolutionary_search.cc:647] Scores of the best 64 candidates:
[1 : 16]:	0.9917  0.9859  0.9812  0.9739  0.9639  0.9207  0.9105  0.9098  0.9096  0.9058  0.8960  0.8960  0.8943  0.8908  0.8863  0.8849
[17 : 32]:	0.8824  0.8824  0.8812  0.8721  0.8686  0.8683  0.8670  0.8655  0.8635  0.8624  0.8611  0.8580  0.8579  0.8579  0.8579  0.8574
[33 : 48]:	0.8566  0.8551  0.8497  0.8469  0.8469  0.8442  0.8432  0.8428  0.8396  0.8376  0.8373  0.8373  0.8346  0.8340  0.8327  0.8281
[49 : 64]:	0.8265  0.8259  0.8254  0.8254  0.8250  0.8245  0.8232  0.8228  0.8228  0.8203  0.8203  0.8199  0.8193  0.8183  0.8171  0.8145
2026-04-07 12:15:00 [INFO] [evolutionary_search.cc:725] Got 64 candidate(s) with evolutionary search
2026-04-07 12:15:00 [INFO] [evolutionary_search.cc:728] Sending 64 candidates(s) for measurement
2026-04-07 12:15:26 [INFO] [task_scheduler.cc:137] [Task #0: main] Trial #129: GFLOPs: 89.0961. Time: 847.3709 us. Best GFLOPs: 89.0961
2026-04-07 12:15:26 [INFO] [task_scheduler.cc:137] [Task #0: main] Trial #130: GFLOPs: 79.6225. Time: 948.1929 us. Best GFLOPs: 89.0961
2026-04-07 12:15:26 [INFO] [task_scheduler.cc:137] [Task #0: main] Trial #131: GFLOPs: 75.9621. Time: 993.8835 us. Best GFLOPs: 89.0961
2026-04-07 12:15:26 [INFO] [task_scheduler.cc:137] [Task #0: main] Trial #132: GFLOPs: 67.5697. Time: 1117.3266 us. Best GFLOPs: 89.0961
2026-04-07 12:15:26 [INFO] [task_scheduler.cc:137] [Task #0: main] Trial #133: GFLOPs: 64.2846. Time: 1174.4256 us. Best GFLOPs: 89.0961
2026-04-07 12:15:26 [INFO] [task_scheduler.cc:137] [Task #0: main] Trial #134: GFLOPs: 69.8901. Time: 1080.2312 us. Best GFLOPs: 89.0961
2026-04-07 12:15:26 [INFO] [task_scheduler.cc:137] [Task #0: main] Trial #135: GFLOPs: 83.7670. Time: 901.2792 us. Best GFLOPs: 89.0961
2026-04-07 12:15:26 [INFO] [task_scheduler.cc:137] [Task #0: main] Trial #136: GFLOPs: 62.2222. Time: 1213.3527 us. Best GFLOPs: 89.0961
2026-04-07 12:15:26 [INFO] [task_scheduler.cc:137] [Task #0: main] Trial #137: GFLOPs: 81.3816. Time: 927.6969 us. Best GFLOPs: 89.0961
2026-04-07 12:15:26 [INFO] [task_scheduler.cc:137] [Task #0: main] Trial #138: GFLOPs: 57.6304. Time: 1310.0297 us. Best GFLOPs: 89.0961
2026-04-07 12:15:26 [INFO] [task_scheduler.cc:137] [Task #0: main] Trial #139: GFLOPs: 61.1949. Time: 1233.7207 us. Best GFLOPs: 89.0961
2026-04-07 12:15:26 [INFO] [task_scheduler.cc:137] [Task #0: main] Trial #140: GFLOPs: 64.1912. Time: 1176.1349 us. Best GFLOPs: 89.0961
2026-04-07 12:15:26 [INFO] [task_scheduler.cc:137] [Task #0: main] Trial #141: GFLOPs: 83.6073. Time: 903.0014 us. Best GFLOPs: 89.0961
2026-04-07 12:15:26 [INFO] [task_scheduler.cc:137] [Task #0: main] Trial #142: GFLOPs: 75.3749. Time: 1001.6258 us. Best GFLOPs: 89.0961
2026-04-07 12:15:26 [INFO] [task_scheduler.cc:137] [Task #0: main] Trial #143: GFLOPs: 43.5335. Time: 1734.2396 us. Best GFLOPs: 89.0961
2026-04-07 12:15:26 [INFO] [task_scheduler.cc:137] [Task #0: main] Trial #144: GFLOPs: 27.6643. Time: 2729.0560 us. Best GFLOPs: 89.0961
2026-04-07 12:15:26 [INFO] [task_scheduler.cc:137] [Task #0: main] Trial #145: GFLOPs: 69.5564. Time: 1085.4144 us. Best GFLOPs: 89.0961
2026-04-07 12:15:26 [INFO] [task_scheduler.cc:137] [Task #0: main] Trial #146: GFLOPs: 61.8035. Time: 1221.5737 us. Best GFLOPs: 89.0961
2026-04-07 12:15:26 [INFO] [task_scheduler.cc:137] [Task #0: main] Trial #147: GFLOPs: 45.8932. Time: 1645.0674 us. Best GFLOPs: 89.0961
2026-04-07 12:15:26 [INFO] [task_scheduler.cc:137] [Task #0: main] Trial #148: GFLOPs: 9.5836. Time: 7877.7558 us. Best GFLOPs: 89.0961
2026-04-07 12:15:26 [INFO] [task_scheduler.cc:137] [Task #0: main] Trial #149: GFLOPs: 68.1350. Time: 1108.0575 us. Best GFLOPs: 89.0961
2026-04-07 12:15:26 [INFO] [task_scheduler.cc:137] [Task #0: main] Trial #150: GFLOPs: 51.9189. Time: 1454.1424 us. Best GFLOPs: 89.0961
2026-04-07 12:15:26 [INFO] [task_scheduler.cc:137] [Task #0: main] Trial #151: GFLOPs: 66.7503. Time: 1131.0426 us. Best GFLOPs: 89.0961
2026-04-07 12:15:26 [INFO] [task_scheduler.cc:137] [Task #0: main] Trial #152: GFLOPs: 9.8615. Time: 7655.8038 us. Best GFLOPs: 89.0961
2026-04-07 12:15:26 [INFO] [task_scheduler.cc:137] [Task #0: main] Trial #153: GFLOPs: 76.6433. Time: 985.0499 us. Best GFLOPs: 89.0961
2026-04-07 12:15:26 [INFO] [task_scheduler.cc:137] [Task #0: main] Trial #154: GFLOPs: 94.9488. Time: 795.1386 us. Best GFLOPs: 94.9488
2026-04-07 12:15:26 [INFO] [task_scheduler.cc:137] [Task #0: main] Trial #155: GFLOPs: 27.1406. Time: 2781.7148 us. Best GFLOPs: 94.9488
2026-04-07 12:15:26 [INFO] [task_scheduler.cc:137] [Task #0: main] Trial #156: GFLOPs: 62.8336. Time: 1201.5458 us. Best GFLOPs: 94.9488
2026-04-07 12:15:26 [INFO] [task_scheduler.cc:137] [Task #0: main] Trial #157: GFLOPs: 76.2681. Time: 989.8959 us. Best GFLOPs: 94.9488
2026-04-07 12:15:26 [INFO] [task_scheduler.cc:137] [Task #0: main] Trial #158: GFLOPs: 76.1864. Time: 990.9570 us. Best GFLOPs: 94.9488
2026-04-07 12:15:26 [INFO] [task_scheduler.cc:137] [Task #0: main] Trial #159: GFLOPs: 71.5985. Time: 1054.4568 us. Best GFLOPs: 94.9488
2026-04-07 12:15:26 [INFO] [task_scheduler.cc:137] [Task #0: main] Trial #160: GFLOPs: 66.4987. Time: 1135.3228 us. Best GFLOPs: 94.9488
2026-04-07 12:15:26 [INFO] [task_scheduler.cc:137] [Task #0: main] Trial #161: GFLOPs: 70.9727. Time: 1063.7542 us. Best GFLOPs: 94.9488
2026-04-07 12:15:26 [INFO] [task_scheduler.cc:137] [Task #0: main] Trial #162: GFLOPs: 38.4234. Time: 1964.8825 us. Best GFLOPs: 94.9488
2026-04-07 12:15:26 [INFO] [task_scheduler.cc:137] [Task #0: main] Trial #163: GFLOPs: 77.5310. Time: 973.7713 us. Best GFLOPs: 94.9488
2026-04-07 12:15:26 [INFO] [task_scheduler.cc:137] [Task #0: main] Trial #164: GFLOPs: 37.7381. Time: 2000.5647 us. Best GFLOPs: 94.9488
2026-04-07 12:15:26 [INFO] [task_scheduler.cc:137] [Task #0: main] Trial #165: GFLOPs: 51.8136. Time: 1457.0987 us. Best GFLOPs: 94.9488
2026-04-07 12:15:26 [INFO] [task_scheduler.cc:137] [Task #0: main] Trial #166: GFLOPs: 72.8066. Time: 1036.9597 us. Best GFLOPs: 94.9488
2026-04-07 12:15:26 [INFO] [task_scheduler.cc:137] [Task #0: main] Trial #167: GFLOPs: 53.7889. Time: 1403.5881 us. Best GFLOPs: 94.9488
2026-04-07 12:15:26 [INFO] [task_scheduler.cc:137] [Task #0: main] Trial #168: GFLOPs: 51.1853. Time: 1474.9847 us. Best GFLOPs: 94.9488
2026-04-07 12:15:26 [INFO] [task_scheduler.cc:137] [Task #0: main] Trial #169: GFLOPs: 86.0482. Time: 877.3855 us. Best GFLOPs: 94.9488
2026-04-07 12:15:26 [INFO] [task_scheduler.cc:137] [Task #0: main] Trial #170: GFLOPs: 44.0697. Time: 1713.1398 us. Best GFLOPs: 94.9488
2026-04-07 12:15:26 [INFO] [task_scheduler.cc:137] [Task #0: main] Trial #171: GFLOPs: 91.8925. Time: 821.5848 us. Best GFLOPs: 94.9488
2026-04-07 12:15:26 [INFO] [task_scheduler.cc:137] [Task #0: main] Trial #172: GFLOPs: 24.8263. Time: 3041.0262 us. Best GFLOPs: 94.9488
2026-04-07 12:15:26 [INFO] [task_scheduler.cc:137] [Task #0: main] Trial #173: GFLOPs: 43.9316. Time: 1718.5236 us. Best GFLOPs: 94.9488
2026-04-07 12:15:26 [INFO] [task_scheduler.cc:137] [Task #0: main] Trial #174: GFLOPs: 25.9424. Time: 2910.1933 us. Best GFLOPs: 94.9488
2026-04-07 12:15:26 [INFO] [task_scheduler.cc:137] [Task #0: main] Trial #175: GFLOPs: 84.7865. Time: 890.4418 us. Best GFLOPs: 94.9488
2026-04-07 12:15:26 [INFO] [task_scheduler.cc:137] [Task #0: main] Trial #176: GFLOPs: 89.1429. Time: 846.9265 us. Best GFLOPs: 94.9488
2026-04-07 12:15:26 [INFO] [task_scheduler.cc:137] [Task #0: main] Trial #177: GFLOPs: 11.8157. Time: 6389.5780 us. Best GFLOPs: 94.9488
2026-04-07 12:15:26 [INFO] [task_scheduler.cc:137] [Task #0: main] Trial #178: GFLOPs: 5.8566. Time: 12891.0620 us. Best GFLOPs: 94.9488
2026-04-07 12:15:26 [INFO] [task_scheduler.cc:137] [Task #0: main] Trial #179: GFLOPs: 67.2827. Time: 1122.0941 us. Best GFLOPs: 94.9488
2026-04-07 12:15:26 [INFO] [task_scheduler.cc:137] [Task #0: main] Trial #180: GFLOPs: 78.3856. Time: 963.1551 us. Best GFLOPs: 94.9488
2026-04-07 12:15:26 [INFO] [task_scheduler.cc:137] [Task #0: main] Trial #181: GFLOPs: 83.2892. Time: 906.4497 us. Best GFLOPs: 94.9488
2026-04-07 12:15:26 [INFO] [task_scheduler.cc:137] [Task #0: main] Trial #182: GFLOPs: 4.1670. Time: 18118.1485 us. Best GFLOPs: 94.9488
2026-04-07 12:15:26 [INFO] [task_scheduler.cc:137] [Task #0: main] Trial #183: GFLOPs: 85.8633. Time: 879.2754 us. Best GFLOPs: 94.9488
2026-04-07 12:15:26 [INFO] [task_scheduler.cc:137] [Task #0: main] Trial #184: GFLOPs: 62.3727. Time: 1210.4240 us. Best GFLOPs: 94.9488
2026-04-07 12:15:26 [INFO] [task_scheduler.cc:137] [Task #0: main] Trial #185: GFLOPs: 69.8608. Time: 1080.6841 us. Best GFLOPs: 94.9488
2026-04-07 12:15:26 [INFO] [task_scheduler.cc:137] [Task #0: main] Trial #186: GFLOPs: 54.7540. Time: 1378.8498 us. Best GFLOPs: 94.9488
2026-04-07 12:15:26 [INFO] [task_scheduler.cc:137] [Task #0: main] Trial #187: GFLOPs: 55.9935. Time: 1348.3250 us. Best GFLOPs: 94.9488
2026-04-07 12:15:26 [INFO] [task_scheduler.cc:137] [Task #0: main] Trial #188: GFLOPs: 65.3866. Time: 1154.6313 us. Best GFLOPs: 94.9488
2026-04-07 12:15:26 [INFO] [task_scheduler.cc:137] [Task #0: main] Trial #189: GFLOPs: 69.0169. Time: 1093.8988 us. Best GFLOPs: 94.9488
2026-04-07 12:15:26 [INFO] [task_scheduler.cc:137] [Task #0: main] Trial #190: GFLOPs: 1.2454. Time: 60622.1802 us. Best GFLOPs: 94.9488
2026-04-07 12:15:26 [INFO] [task_scheduler.cc:137] [Task #0: main] Trial #191: GFLOPs: 41.4636. Time: 1820.8150 us. Best GFLOPs: 94.9488
2026-04-07 12:15:26 [INFO] [task_scheduler.cc:137] [Task #0: main] Trial #192: GFLOPs: 9.6571. Time: 7817.8556 us. Best GFLOPs: 94.9488
2026-04-07 12:15:26 [INFO] [evolutionary_search.cc:711] Generating candidates......
2026-04-07 12:15:26 [INFO] [evolutionary_search.cc:713] Picked top 122 candidate(s) from database
2026-04-07 12:15:27 [INFO] [evolutionary_search.cc:530] Sample-Init-Population summary:
Postproc #0 [meta_schedule.DisallowDynamicLoop(0x5bdf3b14b988)]: 0 failure(s)
Postproc #1 [meta_schedule.RewriteParallelVectorizeUnroll(0x5bdf3b1fd4c8)]: 0 failure(s)
Postproc #2 [meta_schedule.RewriteReductionBlock(0x5bdf3ac244f8)]: 0 failure(s)
Postproc #3 [meta_schedule.RewriteLayout(0x5bdf3b0bd8b8)]: 0 failure(s)
2026-04-07 12:15:27 [INFO] [evolutionary_search.cc:721] Sampled 492 candidate(s)
2026-04-07 12:15:28 [INFO] [evolutionary_search.cc:619] Evolve iter #0 done. Summary:
Postproc #0 [meta_schedule.DisallowDynamicLoop(0x5bdf3b14b988)]: 0 failure(s)
Postproc #1 [meta_schedule.RewriteParallelVectorizeUnroll(0x5bdf3b1fd4c8)]: 0 failure(s)
Postproc #2 [meta_schedule.RewriteReductionBlock(0x5bdf3ac244f8)]: 0 failure(s)
Postproc #3 [meta_schedule.RewriteLayout(0x5bdf3b0bd8b8)]: 0 failure(s)
2026-04-07 12:15:29 [INFO] [evolutionary_search.cc:619] Evolve iter #1 done. Summary:
Postproc #0 [meta_schedule.DisallowDynamicLoop(0x5bdf3b14b988)]: 0 failure(s)
Postproc #1 [meta_schedule.RewriteParallelVectorizeUnroll(0x5bdf3b1fd4c8)]: 0 failure(s)
Postproc #2 [meta_schedule.RewriteReductionBlock(0x5bdf3ac244f8)]: 0 failure(s)
Postproc #3 [meta_schedule.RewriteLayout(0x5bdf3b0bd8b8)]: 0 failure(s)
2026-04-07 12:15:30 [INFO] [evolutionary_search.cc:619] Evolve iter #2 done. Summary:
Postproc #0 [meta_schedule.DisallowDynamicLoop(0x5bdf3b14b988)]: 0 failure(s)
Postproc #1 [meta_schedule.RewriteParallelVectorizeUnroll(0x5bdf3b1fd4c8)]: 0 failure(s)
Postproc #2 [meta_schedule.RewriteReductionBlock(0x5bdf3ac244f8)]: 0 failure(s)
Postproc #3 [meta_schedule.RewriteLayout(0x5bdf3b0bd8b8)]: 0 failure(s)
2026-04-07 12:15:31 [INFO] [evolutionary_search.cc:619] Evolve iter #3 done. Summary:
Postproc #0 [meta_schedule.DisallowDynamicLoop(0x5bdf3b14b988)]: 0 failure(s)
Postproc #1 [meta_schedule.RewriteParallelVectorizeUnroll(0x5bdf3b1fd4c8)]: 0 failure(s)
Postproc #2 [meta_schedule.RewriteReductionBlock(0x5bdf3ac244f8)]: 0 failure(s)
Postproc #3 [meta_schedule.RewriteLayout(0x5bdf3b0bd8b8)]: 0 failure(s)
2026-04-07 12:15:32 [INFO] [evolutionary_search.cc:647] Scores of the best 64 candidates:
[1 : 16]:	1.0022  0.9739  0.9739  0.9739  0.9615  0.9550  0.9550  0.9518  0.9518  0.9492  0.9471  0.9406  0.9371  0.9367  0.9350  0.9348
[17 : 32]:	0.9345  0.9342  0.9329  0.9329  0.9302  0.9284  0.9276  0.9276  0.9276  0.9239  0.9207  0.9172  0.9170  0.9143  0.9140  0.9132
[33 : 48]:	0.9132  0.9129  0.9124  0.9118  0.9093  0.9092  0.9082  0.9061  0.9058  0.9057  0.9039  0.9020  0.9018  0.9015  0.9006  0.9004
[49 : 64]:	0.8990  0.8962  0.8936  0.8901  0.8879  0.8868  0.8865  0.8849  0.8845  0.8842  0.8819  0.8816  0.8807  0.8804  0.8789  0.8785
2026-04-07 12:15:32 [INFO] [evolutionary_search.cc:725] Got 64 candidate(s) with evolutionary search
2026-04-07 12:15:32 [INFO] [evolutionary_search.cc:728] Sending 64 candidates(s) for measurement
2026-04-07 12:16:09 [INFO] [task_scheduler.cc:137] [Task #0: main] Trial #193: GFLOPs: 73.6996. Time: 1024.3943 us. Best GFLOPs: 94.9488
2026-04-07 12:16:09 [INFO] [task_scheduler.cc:137] [Task #0: main] Trial #194: GFLOPs: 91.8030. Time: 822.3855 us. Best GFLOPs: 94.9488
2026-04-07 12:16:09 [INFO] [task_scheduler.cc:137] [Task #0: main] Trial #195: GFLOPs: 93.9031. Time: 803.9935 us. Best GFLOPs: 94.9488
2026-04-07 12:16:09 [INFO] [task_scheduler.cc:137] [Task #0: main] Trial #196: GFLOPs: 89.1890. Time: 846.4883 us. Best GFLOPs: 94.9488
2026-04-07 12:16:09 [INFO] [task_scheduler.cc:137] [Task #0: main] Trial #197: GFLOPs: 101.8851. Time: 741.0061 us. Best GFLOPs: 101.8851
2026-04-07 12:16:09 [INFO] [task_scheduler.cc:137] [Task #0: main] Trial #198: GFLOPs: 92.7367. Time: 814.1056 us. Best GFLOPs: 101.8851
2026-04-07 12:16:09 [INFO] [task_scheduler.cc:137] [Task #0: main] Trial #199: GFLOPs: 104.5267. Time: 722.2790 us. Best GFLOPs: 104.5267
2026-04-07 12:16:09 [INFO] [task_scheduler.cc:137] [Task #0: main] Trial #200: GFLOPs: 91.4290. Time: 825.7493 us. Best GFLOPs: 104.5267
2026-04-07 12:16:09 [INFO] [task_scheduler.cc:137] [Task #0: main] Trial #201: GFLOPs: 104.2270. Time: 724.3562 us. Best GFLOPs: 104.5267
2026-04-07 12:16:09 [INFO] [task_scheduler.cc:137] [Task #0: main] Trial #202: GFLOPs: 103.3650. Time: 730.3965 us. Best GFLOPs: 104.5267
2026-04-07 12:16:09 [INFO] [task_scheduler.cc:137] [Task #0: main] Trial #203: GFLOPs: 102.8149. Time: 734.3046 us. Best GFLOPs: 104.5267
2026-04-07 12:16:09 [INFO] [task_scheduler.cc:137] [Task #0: main] Trial #204: GFLOPs: 70.4681. Time: 1071.3710 us. Best GFLOPs: 104.5267
2026-04-07 12:16:09 [INFO] [task_scheduler.cc:137] [Task #0: main] Trial #205: GFLOPs: 67.3324. Time: 1121.2655 us. Best GFLOPs: 104.5267
2026-04-07 12:16:09 [INFO] [task_scheduler.cc:137] [Task #0: main] Trial #206: GFLOPs: 56.6789. Time: 1332.0207 us. Best GFLOPs: 104.5267
2026-04-07 12:16:09 [INFO] [task_scheduler.cc:137] [Task #0: main] Trial #207: GFLOPs: 96.6935. Time: 780.7916 us. Best GFLOPs: 104.5267
2026-04-07 12:16:09 [INFO] [task_scheduler.cc:137] [Task #0: main] Trial #208: GFLOPs: 17.8687. Time: 4225.1157 us. Best GFLOPs: 104.5267
2026-04-07 12:16:09 [INFO] [task_scheduler.cc:137] [Task #0: main] Trial #209: GFLOPs: 61.0474. Time: 1236.7027 us. Best GFLOPs: 104.5267
2026-04-07 12:16:09 [INFO] [task_scheduler.cc:137] [Task #0: main] Trial #210: GFLOPs: 78.9258. Time: 956.5628 us. Best GFLOPs: 104.5267
2026-04-07 12:16:09 [INFO] [task_scheduler.cc:137] [Task #0: main] Trial #211: GFLOPs: 83.2482. Time: 906.8962 us. Best GFLOPs: 104.5267
2026-04-07 12:16:09 [INFO] [task_scheduler.cc:137] [Task #0: main] Trial #212: GFLOPs: 98.6439. Time: 765.3537 us. Best GFLOPs: 104.5267
2026-04-07 12:16:09 [INFO] [task_scheduler.cc:137] [Task #0: main] Trial #213: GFLOPs: 62.2395. Time: 1213.0145 us. Best GFLOPs: 104.5267
2026-04-07 12:16:09 [INFO] [task_scheduler.cc:137] [Task #0: main] Trial #214: GFLOPs: 15.0859. Time: 5004.5063 us. Best GFLOPs: 104.5267
2026-04-07 12:16:09 [INFO] [task_scheduler.cc:137] [Task #0: main] Trial #215: GFLOPs: 97.1984. Time: 776.7354 us. Best GFLOPs: 104.5267
2026-04-07 12:16:09 [INFO] [task_scheduler.cc:137] [Task #0: main] Trial #216: GFLOPs: 8.1693. Time: 9241.5913 us. Best GFLOPs: 104.5267
2026-04-07 12:16:09 [INFO] [task_scheduler.cc:137] [Task #0: main] Trial #217: GFLOPs: 94.2809. Time: 800.7714 us. Best GFLOPs: 104.5267
2026-04-07 12:16:09 [INFO] [task_scheduler.cc:137] [Task #0: main] Trial #218: GFLOPs: 74.2081. Time: 1017.3749 us. Best GFLOPs: 104.5267
2026-04-07 12:16:09 [INFO] [task_scheduler.cc:137] [Task #0: main] Trial #219: GFLOPs: 77.6150. Time: 972.7178 us. Best GFLOPs: 104.5267
2026-04-07 12:16:09 [INFO] [task_scheduler.cc:137] [Task #0: main] Trial #220: GFLOPs: 70.4773. Time: 1071.2309 us. Best GFLOPs: 104.5267
2026-04-07 12:16:09 [INFO] [task_scheduler.cc:137] [Task #0: main] Trial #221: GFLOPs: 83.5294. Time: 903.8433 us. Best GFLOPs: 104.5267
2026-04-07 12:16:09 [INFO] [task_scheduler.cc:137] [Task #0: main] Trial #222: GFLOPs: 76.0190. Time: 993.1396 us. Best GFLOPs: 104.5267
2026-04-07 12:16:09 [INFO] [task_scheduler.cc:137] [Task #0: main] Trial #223: GFLOPs: 24.3800. Time: 3096.6980 us. Best GFLOPs: 104.5267
2026-04-07 12:16:09 [INFO] [task_scheduler.cc:137] [Task #0: main] Trial #224: GFLOPs: 75.3360. Time: 1002.1437 us. Best GFLOPs: 104.5267
2026-04-07 12:16:09 [INFO] [task_scheduler.cc:137] [Task #0: main] Trial #225: GFLOPs: 60.3931. Time: 1250.1009 us. Best GFLOPs: 104.5267
2026-04-07 12:16:09 [INFO] [task_scheduler.cc:137] [Task #0: main] Trial #226: GFLOPs: 78.1287. Time: 966.3223 us. Best GFLOPs: 104.5267
2026-04-07 12:16:09 [INFO] [task_scheduler.cc:137] [Task #0: main] Trial #227: GFLOPs: 51.8068. Time: 1457.2877 us. Best GFLOPs: 104.5267
2026-04-07 12:16:09 [INFO] [task_scheduler.cc:137] [Task #0: main] Trial #228: GFLOPs: 74.8365. Time: 1008.8321 us. Best GFLOPs: 104.5267
2026-04-07 12:16:09 [INFO] [task_scheduler.cc:137] [Task #0: main] Trial #229: GFLOPs: 64.3963. Time: 1172.3882 us. Best GFLOPs: 104.5267
2026-04-07 12:16:09 [INFO] [task_scheduler.cc:137] [Task #0: main] Trial #230: GFLOPs: 89.4398. Time: 844.1154 us. Best GFLOPs: 104.5267
2026-04-07 12:16:09 [INFO] [task_scheduler.cc:137] [Task #0: main] Trial #231: GFLOPs: 103.0475. Time: 732.6476 us. Best GFLOPs: 104.5267
2026-04-07 12:16:09 [INFO] [task_scheduler.cc:137] [Task #0: main] Trial #232: GFLOPs: 16.5391. Time: 4564.7918 us. Best GFLOPs: 104.5267
2026-04-07 12:16:09 [INFO] [task_scheduler.cc:137] [Task #0: main] Trial #233: GFLOPs: 72.7456. Time: 1037.8281 us. Best GFLOPs: 104.5267
2026-04-07 12:16:09 [INFO] [task_scheduler.cc:137] [Task #0: main] Trial #234: GFLOPs: 93.8662. Time: 804.3092 us. Best GFLOPs: 104.5267
2026-04-07 12:16:09 [INFO] [task_scheduler.cc:137] [Task #0: main] Trial #235: GFLOPs: 102.2335. Time: 738.4806 us. Best GFLOPs: 104.5267
2026-04-07 12:16:09 [INFO] [task_scheduler.cc:137] [Task #0: main] Trial #236: GFLOPs: 97.2870. Time: 776.0281 us. Best GFLOPs: 104.5267
2026-04-07 12:16:09 [INFO] [task_scheduler.cc:137] [Task #0: main] Trial #237: GFLOPs: 67.0787. Time: 1125.5057 us. Best GFLOPs: 104.5267
2026-04-07 12:16:09 [INFO] [task_scheduler.cc:137] [Task #0: main] Trial #238: GFLOPs: 69.8779. Time: 1080.4193 us. Best GFLOPs: 104.5267
2026-04-07 12:16:09 [INFO] [task_scheduler.cc:137] [Task #0: main] Trial #239: GFLOPs: 80.8292. Time: 934.0372 us. Best GFLOPs: 104.5267
2026-04-07 12:16:09 [INFO] [task_scheduler.cc:137] [Task #0: main] Trial #240: GFLOPs: 83.1645. Time: 907.8089 us. Best GFLOPs: 104.5267
2026-04-07 12:16:09 [INFO] [task_scheduler.cc:137] [Task #0: main] Trial #241: GFLOPs: 62.0040. Time: 1217.6224 us. Best GFLOPs: 104.5267
2026-04-07 12:16:09 [INFO] [task_scheduler.cc:137] [Task #0: main] Trial #242: GFLOPs: 64.1125. Time: 1177.5790 us. Best GFLOPs: 104.5267
2026-04-07 12:16:09 [INFO] [task_scheduler.cc:137] [Task #0: main] Trial #243: GFLOPs: 60.9574. Time: 1238.5280 us. Best GFLOPs: 104.5267
2026-04-07 12:16:09 [INFO] [task_scheduler.cc:137] [Task #0: main] Trial #244: GFLOPs: 41.8856. Time: 1802.4677 us. Best GFLOPs: 104.5267
2026-04-07 12:16:09 [INFO] [task_scheduler.cc:137] [Task #0: main] Trial #245: GFLOPs: 63.1615. Time: 1195.3078 us. Best GFLOPs: 104.5267
2026-04-07 12:16:09 [INFO] [task_scheduler.cc:137] [Task #0: main] Trial #246: GFLOPs: 64.7166. Time: 1166.5864 us. Best GFLOPs: 104.5267
2026-04-07 12:16:09 [INFO] [task_scheduler.cc:137] [Task #0: main] Trial #247: GFLOPs: 92.1299. Time: 819.4680 us. Best GFLOPs: 104.5267
2026-04-07 12:16:09 [INFO] [task_scheduler.cc:137] [Task #0: main] Trial #248: GFLOPs: 67.5030. Time: 1118.4312 us. Best GFLOPs: 104.5267
2026-04-07 12:16:09 [INFO] [task_scheduler.cc:137] [Task #0: main] Trial #249: GFLOPs: 72.6765. Time: 1038.8161 us. Best GFLOPs: 104.5267
2026-04-07 12:16:09 [INFO] [task_scheduler.cc:137] [Task #0: main] Trial #250: GFLOPs: 75.7177. Time: 997.0919 us. Best GFLOPs: 104.5267
2026-04-07 12:16:09 [INFO] [task_scheduler.cc:137] [Task #0: main] Trial #251: GFLOPs: 96.5270. Time: 782.1383 us. Best GFLOPs: 104.5267
2026-04-07 12:16:09 [INFO] [task_scheduler.cc:137] [Task #0: main] Trial #252: GFLOPs: 100.6060. Time: 750.4273 us. Best GFLOPs: 104.5267
2026-04-07 12:16:09 [INFO] [task_scheduler.cc:137] [Task #0: main] Trial #253: GFLOPs: 78.6443. Time: 959.9865 us. Best GFLOPs: 104.5267
2026-04-07 12:16:09 [INFO] [task_scheduler.cc:137] [Task #0: main] Trial #254: GFLOPs: 25.7001. Time: 2937.6350 us. Best GFLOPs: 104.5267
2026-04-07 12:16:09 [INFO] [task_scheduler.cc:137] [Task #0: main] Trial #255: GFLOPs: 17.9651. Time: 4202.4568 us. Best GFLOPs: 104.5267
2026-04-07 12:16:09 [INFO] [task_scheduler.cc:137] [Task #0: main] Trial #256: GFLOPs: 33.7129. Time: 2239.4263 us. Best GFLOPs: 104.5267
2026-04-07 12:16:09 [INFO] [evolutionary_search.cc:711] Generating candidates......
2026-04-07 12:16:09 [INFO] [evolutionary_search.cc:713] Picked top 122 candidate(s) from database
2026-04-07 12:16:09 [INFO] [evolutionary_search.cc:530] Sample-Init-Population summary:
Postproc #0 [meta_schedule.DisallowDynamicLoop(0x5bdf3b14b988)]: 0 failure(s)
Postproc #1 [meta_schedule.RewriteParallelVectorizeUnroll(0x5bdf3b1fd4c8)]: 0 failure(s)
Postproc #2 [meta_schedule.RewriteReductionBlock(0x5bdf3ac244f8)]: 0 failure(s)
Postproc #3 [meta_schedule.RewriteLayout(0x5bdf3b0bd8b8)]: 0 failure(s)
2026-04-07 12:16:09 [INFO] [evolutionary_search.cc:721] Sampled 492 candidate(s)
2026-04-07 12:16:10 [INFO] [evolutionary_search.cc:619] Evolve iter #0 done. Summary:
Postproc #0 [meta_schedule.DisallowDynamicLoop(0x5bdf3b14b988)]: 0 failure(s)
Postproc #1 [meta_schedule.RewriteParallelVectorizeUnroll(0x5bdf3b1fd4c8)]: 0 failure(s)
Postproc #2 [meta_schedule.RewriteReductionBlock(0x5bdf3ac244f8)]: 0 failure(s)
Postproc #3 [meta_schedule.RewriteLayout(0x5bdf3b0bd8b8)]: 0 failure(s)
2026-04-07 12:16:11 [INFO] [evolutionary_search.cc:619] Evolve iter #1 done. Summary:
Postproc #0 [meta_schedule.DisallowDynamicLoop(0x5bdf3b14b988)]: 0 failure(s)
Postproc #1 [meta_schedule.RewriteParallelVectorizeUnroll(0x5bdf3b1fd4c8)]: 0 failure(s)
Postproc #2 [meta_schedule.RewriteReductionBlock(0x5bdf3ac244f8)]: 0 failure(s)
Postproc #3 [meta_schedule.RewriteLayout(0x5bdf3b0bd8b8)]: 0 failure(s)
2026-04-07 12:16:12 [INFO] [evolutionary_search.cc:619] Evolve iter #2 done. Summary:
Postproc #0 [meta_schedule.DisallowDynamicLoop(0x5bdf3b14b988)]: 0 failure(s)
Postproc #1 [meta_schedule.RewriteParallelVectorizeUnroll(0x5bdf3b1fd4c8)]: 0 failure(s)
Postproc #2 [meta_schedule.RewriteReductionBlock(0x5bdf3ac244f8)]: 0 failure(s)
Postproc #3 [meta_schedule.RewriteLayout(0x5bdf3b0bd8b8)]: 0 failure(s)
2026-04-07 12:16:14 [INFO] [evolutionary_search.cc:619] Evolve iter #3 done. Summary:
Postproc #0 [meta_schedule.DisallowDynamicLoop(0x5bdf3b14b988)]: 0 failure(s)
Postproc #1 [meta_schedule.RewriteParallelVectorizeUnroll(0x5bdf3b1fd4c8)]: 0 failure(s)
Postproc #2 [meta_schedule.RewriteReductionBlock(0x5bdf3ac244f8)]: 0 failure(s)
Postproc #3 [meta_schedule.RewriteLayout(0x5bdf3b0bd8b8)]: 0 failure(s)
2026-04-07 12:16:15 [INFO] [evolutionary_search.cc:647] Scores of the best 51 candidates:
[1 : 16]:	0.9594  0.9594  0.9447  0.9434  0.9347  0.9279  0.9256  0.9245  0.9232  0.9225  0.9225  0.9111  0.9111  0.9103  0.9042  0.9030
[17 : 32]:	0.9029  0.9029  0.9029  0.9026  0.8987  0.8987  0.8968  0.8943  0.8943  0.8936  0.8873  0.8873  0.8862  0.8827  0.8779  0.8721
[33 : 48]:	0.8656  0.8652  0.8611  0.8580  0.8568  0.8568  0.8553  0.8521  0.8518  0.8510  0.8485  0.8471  0.8459  0.8440  0.8400  0.8395
[49 : 51]:	0.8385  0.8385  0.8385
2026-04-07 12:16:15 [INFO] [evolutionary_search.cc:725] Got 51 candidate(s) with evolutionary search
2026-04-07 12:16:15 [INFO] [evolutionary_search.cc:728] Sending 51 candidates(s) for measurement
2026-04-07 12:16:59 [INFO] [task_scheduler.cc:137] [Task #0: main] Trial #257: GFLOPs: 106.5729. Time: 708.4118 us. Best GFLOPs: 106.5729
2026-04-07 12:16:59 [INFO] [task_scheduler.cc:137] [Task #0: main] Trial #258: GFLOPs: 86.5186. Time: 872.6152 us. Best GFLOPs: 106.5729
2026-04-07 12:16:59 [INFO] [task_scheduler.cc:137] [Task #0: main] Trial #259: GFLOPs: 40.1921. Time: 1878.4163 us. Best GFLOPs: 106.5729
2026-04-07 12:16:59 [INFO] [task_scheduler.cc:137] [Task #0: main] Trial #260: GFLOPs: 106.2580. Time: 710.5112 us. Best GFLOPs: 106.5729
2026-04-07 12:16:59 [INFO] [task_scheduler.cc:137] [Task #0: main] Trial #261: GFLOPs: 106.3518. Time: 709.8846 us. Best GFLOPs: 106.5729
2026-04-07 12:16:59 [INFO] [task_scheduler.cc:137] [Task #0: main] Trial #262: GFLOPs: 70.5274. Time: 1070.4700 us. Best GFLOPs: 106.5729
2026-04-07 12:16:59 [INFO] [task_scheduler.cc:137] [Task #0: main] Trial #263: GFLOPs: 113.5878. Time: 664.6616 us. Best GFLOPs: 113.5878
2026-04-07 12:16:59 [INFO] [task_scheduler.cc:137] [Task #0: main] Trial #264: GFLOPs: 102.5125. Time: 736.4707 us. Best GFLOPs: 113.5878
2026-04-07 12:16:59 [INFO] [task_scheduler.cc:137] [Task #0: main] Trial #265: GFLOPs: 85.1046. Time: 887.1137 us. Best GFLOPs: 113.5878
2026-04-07 12:16:59 [INFO] [task_scheduler.cc:137] [Task #0: main] Trial #266: GFLOPs: 74.4188. Time: 1014.4940 us. Best GFLOPs: 113.5878
2026-04-07 12:16:59 [INFO] [task_scheduler.cc:137] [Task #0: main] Trial #267: GFLOPs: 38.9900. Time: 1936.3287 us. Best GFLOPs: 113.5878
2026-04-07 12:16:59 [INFO] [task_scheduler.cc:137] [Task #0: main] Trial #268: GFLOPs: 97.2000. Time: 776.7231 us. Best GFLOPs: 113.5878
2026-04-07 12:16:59 [INFO] [task_scheduler.cc:137] [Task #0: main] Trial #269: GFLOPs: 72.3973. Time: 1042.8219 us. Best GFLOPs: 113.5878
2026-04-07 12:16:59 [INFO] [task_scheduler.cc:137] [Task #0: main] Trial #270: GFLOPs: 92.2642. Time: 818.2745 us. Best GFLOPs: 113.5878
2026-04-07 12:16:59 [INFO] [task_scheduler.cc:137] [Task #0: main] Trial #271: GFLOPs: 99.6645. Time: 757.5159 us. Best GFLOPs: 113.5878
2026-04-07 12:16:59 [INFO] [task_scheduler.cc:137] [Task #0: main] Trial #272: GFLOPs: 94.6437. Time: 797.7018 us. Best GFLOPs: 113.5878
2026-04-07 12:16:59 [INFO] [task_scheduler.cc:137] [Task #0: main] Trial #273: GFLOPs: 97.2414. Time: 776.3920 us. Best GFLOPs: 113.5878
2026-04-07 12:16:59 [INFO] [task_scheduler.cc:137] [Task #0: main] Trial #274: GFLOPs: 88.5322. Time: 852.7686 us. Best GFLOPs: 113.5878
2026-04-07 12:16:59 [INFO] [task_scheduler.cc:137] [Task #0: main] Trial #275: GFLOPs: 100.2524. Time: 753.0738 us. Best GFLOPs: 113.5878
2026-04-07 12:16:59 [INFO] [task_scheduler.cc:137] [Task #0: main] Trial #276: GFLOPs: 82.6274. Time: 913.7097 us. Best GFLOPs: 113.5878
2026-04-07 12:16:59 [INFO] [task_scheduler.cc:137] [Task #0: main] Trial #277: GFLOPs: 85.6904. Time: 881.0489 us. Best GFLOPs: 113.5878
2026-04-07 12:16:59 [INFO] [task_scheduler.cc:137] [Task #0: main] Trial #278: GFLOPs: 89.1469. Time: 846.8884 us. Best GFLOPs: 113.5878
2026-04-07 12:16:59 [INFO] [task_scheduler.cc:137] [Task #0: main] Trial #279: GFLOPs: 89.6334. Time: 842.2922 us. Best GFLOPs: 113.5878
2026-04-07 12:16:59 [INFO] [task_scheduler.cc:137] [Task #0: main] Trial #280: GFLOPs: 100.4808. Time: 751.3621 us. Best GFLOPs: 113.5878
2026-04-07 12:16:59 [INFO] [task_scheduler.cc:137] [Task #0: main] Trial #281: GFLOPs: 97.8865. Time: 771.2758 us. Best GFLOPs: 113.5878
2026-04-07 12:16:59 [INFO] [task_scheduler.cc:137] [Task #0: main] Trial #282: GFLOPs: 87.1602. Time: 866.1921 us. Best GFLOPs: 113.5878
2026-04-07 12:16:59 [INFO] [task_scheduler.cc:137] [Task #0: main] Trial #283: GFLOPs: 69.7215. Time: 1082.8437 us. Best GFLOPs: 113.5878
2026-04-07 12:16:59 [INFO] [task_scheduler.cc:137] [Task #0: main] Trial #284: GFLOPs: 62.6195. Time: 1205.6545 us. Best GFLOPs: 113.5878
2026-04-07 12:16:59 [INFO] [task_scheduler.cc:137] [Task #0: main] Trial #285: GFLOPs: 48.0231. Time: 1572.1060 us. Best GFLOPs: 113.5878
2026-04-07 12:16:59 [INFO] [task_scheduler.cc:137] [Task #0: main] Trial #286: GFLOPs: 57.1320. Time: 1321.4575 us. Best GFLOPs: 113.5878
2026-04-07 12:16:59 [INFO] [task_scheduler.cc:137] [Task #0: main] Trial #287: GFLOPs: 91.8105. Time: 822.3186 us. Best GFLOPs: 113.5878
2026-04-07 12:16:59 [INFO] [task_scheduler.cc:137] [Task #0: main] Trial #288: GFLOPs: 52.8098. Time: 1429.6115 us. Best GFLOPs: 113.5878
2026-04-07 12:16:59 [INFO] [task_scheduler.cc:137] [Task #0: main] Trial #289: GFLOPs: 97.6152. Time: 773.4196 us. Best GFLOPs: 113.5878
2026-04-07 12:16:59 [INFO] [task_scheduler.cc:137] [Task #0: main] Trial #290: GFLOPs: 79.9624. Time: 944.1625 us. Best GFLOPs: 113.5878
2026-04-07 12:16:59 [INFO] [task_scheduler.cc:137] [Task #0: main] Trial #291: GFLOPs: 50.1877. Time: 1504.3022 us. Best GFLOPs: 113.5878
2026-04-07 12:16:59 [INFO] [task_scheduler.cc:137] [Task #0: main] Trial #292: GFLOPs: 66.0063. Time: 1143.7911 us. Best GFLOPs: 113.5878
2026-04-07 12:16:59 [INFO] [task_scheduler.cc:137] [Task #0: main] Trial #293: GFLOPs: 64.7257. Time: 1166.4212 us. Best GFLOPs: 113.5878
2026-04-07 12:16:59 [INFO] [task_scheduler.cc:137] [Task #0: main] Trial #294: GFLOPs: 79.4972. Time: 949.6877 us. Best GFLOPs: 113.5878
2026-04-07 12:16:59 [INFO] [task_scheduler.cc:137] [Task #0: main] Trial #295: GFLOPs: 98.2964. Time: 768.0594 us. Best GFLOPs: 113.5878
2026-04-07 12:16:59 [INFO] [task_scheduler.cc:137] [Task #0: main] Trial #296: GFLOPs: 90.2792. Time: 836.2667 us. Best GFLOPs: 113.5878
2026-04-07 12:16:59 [INFO] [task_scheduler.cc:137] [Task #0: main] Trial #297: GFLOPs: 100.5987. Time: 750.4816 us. Best GFLOPs: 113.5878
2026-04-07 12:16:59 [INFO] [task_scheduler.cc:137] [Task #0: main] Trial #298: GFLOPs: 72.4842. Time: 1041.5711 us. Best GFLOPs: 113.5878
2026-04-07 12:16:59 [INFO] [task_scheduler.cc:137] [Task #0: main] Trial #299: GFLOPs: 96.7046. Time: 780.7022 us. Best GFLOPs: 113.5878
2026-04-07 12:16:59 [INFO] [task_scheduler.cc:137] [Task #0: main] Trial #300: GFLOPs: 72.5635. Time: 1040.4332 us. Best GFLOPs: 113.5878
2026-04-07 12:16:59 [INFO] [task_scheduler.cc:137] [Task #0: main] Trial #301: GFLOPs: 76.2237. Time: 990.4726 us. Best GFLOPs: 113.5878
2026-04-07 12:16:59 [INFO] [task_scheduler.cc:137] [Task #0: main] Trial #302: GFLOPs: 79.8934. Time: 944.9775 us. Best GFLOPs: 113.5878
2026-04-07 12:16:59 [INFO] [task_scheduler.cc:137] [Task #0: main] Trial #303: GFLOPs: 102.5151. Time: 736.4525 us. Best GFLOPs: 113.5878
2026-04-07 12:16:59 [INFO] [task_scheduler.cc:137] [Task #0: main] Trial #304: GFLOPs: 96.3566. Time: 783.5219 us. Best GFLOPs: 113.5878
2026-04-07 12:16:59 [INFO] [task_scheduler.cc:137] [Task #0: main] Trial #305: GFLOPs: 81.9142. Time: 921.6655 us. Best GFLOPs: 113.5878
2026-04-07 12:16:59 [INFO] [task_scheduler.cc:137] [Task #0: main] Trial #306: GFLOPs: 21.7664. Time: 3468.5270 us. Best GFLOPs: 113.5878
2026-04-07 12:16:59 [INFO] [task_scheduler.cc:137] [Task #0: main] Trial #307: GFLOPs: 16.4481. Time: 4590.0397 us. Best GFLOPs: 113.5878
