2026-04-07 18:45:50 [INFO] [task_scheduler.cc:166] Initializing Task #0: "main"
2026-04-07 18:45:50 [INFO] [task_scheduler.cc:41] 
# from tvm.script import ir as I
# from tvm.script import tir as T

@I.ir_module
class Module:
    @T.prim_func
    def main(A: T.Buffer((128, 768), "float32"), B: T.Buffer((768, 768), "float32"), C: T.Buffer((128, 768), "float32")):
        T.func_attr({"tir.noalias": True})
        # with T.block("root"):
        for i, j, k in T.grid(128, 768, 768):
            with T.block("C"):
                vi, vj, vk = T.axis.remap("SSR", [i, j, k])
                T.reads(A[vi, vk], B[vk, vj])
                T.writes(C[vi, vj])
                with T.init():
                    C[vi, vj] = T.float32(0.0)
                C[vi, vj] = C[vi, vj] + A[vi, vk] * B[vk, vj]
2026-04-07 18:45:50 [INFO] [task_scheduler.cc:170] Total 3 design space(s) generated
2026-04-07 18:45:50 [INFO] [task_scheduler.cc:176] Design space #0:
# from tvm.script import ir as I
# from tvm.script import tir as T

@I.ir_module
class Module:
    @T.prim_func
    def main(A: T.Buffer((128, 768), "float32"), B: T.Buffer((768, 768), "float32"), C: T.Buffer((128, 768), "float32")):
        T.func_attr({"tir.noalias": True})
        with T.block("root"):
            T.reads()
            T.writes()
            T.block_attr({"meta_schedule.parallel": 128, "meta_schedule.unroll_explicit": 512, "meta_schedule.vectorize": 64})
            C_global = T.alloc_buffer((128, 768))
            for i_0, j_0, i_1, j_1 in T.grid(1, 4, 4, 2):
                for k_0, i_2, j_2, k_1, i_3, j_3 in T.grid(64, 1, 24, 12, 32, 4):
                    with T.block("C"):
                        vi = T.axis.spatial(128, i_0 * 128 + i_1 * 32 + i_2 * 32 + i_3)
                        vj = T.axis.spatial(768, j_0 * 192 + j_1 * 96 + j_2 * 4 + j_3)
                        vk = T.axis.reduce(768, k_0 * 12 + k_1)
                        T.reads(A[vi, vk], B[vk, vj])
                        T.writes(C_global[vi, vj])
                        T.block_attr({"meta_schedule.tiling_structure": "SSRSRS"})
                        with T.init():
                            C_global[vi, vj] = T.float32(0.0)
                        C_global[vi, vj] = C_global[vi, vj] + A[vi, vk] * B[vk, vj]
                for ax0, ax1 in T.grid(32, 96):
                    with T.block("C_global"):
                        v0 = T.axis.spatial(128, i_1 * 32 + ax0)
                        v1 = T.axis.spatial(768, j_0 * 192 + j_1 * 96 + ax1)
                        T.reads(C_global[v0, v1])
                        T.writes(C[v0, v1])
                        C[v0, v1] = C_global[v0, v1]
b0 = sch.get_block(name="C", func_name="main")
b1 = sch.get_block(name="root", func_name="main")
sch.annotate(block_or_loop=b0, ann_key="meta_schedule.tiling_structure", ann_val="SSRSRS")
l2, l3, l4 = sch.get_loops(block=b0)
v5, v6, v7, v8 = sch.sample_perfect_tile(loop=l2, n=4, max_innermost_factor=64, decision=[1, 4, 1, 32])
l9, l10, l11, l12 = sch.split(loop=l2, factors=[v5, v6, v7, v8], preserve_unit_iters=True, disable_predication=False)
v13, v14, v15, v16 = sch.sample_perfect_tile(loop=l3, n=4, max_innermost_factor=64, decision=[4, 2, 24, 4])
l17, l18, l19, l20 = sch.split(loop=l3, factors=[v13, v14, v15, v16], preserve_unit_iters=True, disable_predication=False)
v21, v22 = sch.sample_perfect_tile(loop=l4, n=2, max_innermost_factor=64, decision=[64, 12])
l23, l24 = sch.split(loop=l4, factors=[v21, v22], preserve_unit_iters=True, disable_predication=False)
sch.reorder(l9, l17, l10, l18, l23, l11, l19, l24, l12, l20)
b25 = sch.cache_write(block=b0, write_buffer_index=0, storage_scope="global")
sch.reverse_compute_at(block=b25, loop=l18, preserve_unit_loops=True, index=-1)
sch.annotate(block_or_loop=b1, ann_key="meta_schedule.parallel", ann_val=128)
sch.annotate(block_or_loop=b1, ann_key="meta_schedule.vectorize", ann_val=64)
v26 = sch.sample_categorical(candidates=[0, 16, 64, 512], probs=[0.25, 0.25, 0.25, 0.25], decision=3)
sch.annotate(block_or_loop=b1, ann_key="meta_schedule.unroll_explicit", ann_val=v26)
2026-04-07 18:45:50 [INFO] [task_scheduler.cc:176] Design space #1:
# from tvm.script import ir as I
# from tvm.script import tir as T

@I.ir_module
class Module:
    @T.prim_func
    def main(A: T.Buffer((128, 768), "float32"), B: T.Buffer((768, 768), "float32"), C: T.Buffer((128, 768), "float32")):
        T.func_attr({"tir.noalias": True})
        with T.block("root"):
            T.reads()
            T.writes()
            T.block_attr({"meta_schedule.parallel": 128, "meta_schedule.unroll_explicit": 16, "meta_schedule.vectorize": 64})
            C_global = T.alloc_buffer((128, 768))
            for i_0, j_0 in T.grid(1, 4):
                for i_1, j_1, k_0, i_2, j_2, k_1, i_3, j_3 in T.grid(4, 2, 64, 1, 24, 12, 32, 4):
                    with T.block("C"):
                        vi = T.axis.spatial(128, i_0 * 128 + i_1 * 32 + i_2 * 32 + i_3)
                        vj = T.axis.spatial(768, j_0 * 192 + j_1 * 96 + j_2 * 4 + j_3)
                        vk = T.axis.reduce(768, k_0 * 12 + k_1)
                        T.reads(A[vi, vk], B[vk, vj])
                        T.writes(C_global[vi, vj])
                        T.block_attr({"meta_schedule.tiling_structure": "SSRSRS"})
                        with T.init():
                            C_global[vi, vj] = T.float32(0.0)
                        C_global[vi, vj] = C_global[vi, vj] + A[vi, vk] * B[vk, vj]
                for ax0, ax1 in T.grid(128, 192):
                    with T.block("C_global"):
                        v0 = T.axis.spatial(128, ax0)
                        v1 = T.axis.spatial(768, j_0 * 192 + ax1)
                        T.reads(C_global[v0, v1])
                        T.writes(C[v0, v1])
                        C[v0, v1] = C_global[v0, v1]
b0 = sch.get_block(name="C", func_name="main")
b1 = sch.get_block(name="root", func_name="main")
sch.annotate(block_or_loop=b0, ann_key="meta_schedule.tiling_structure", ann_val="SSRSRS")
l2, l3, l4 = sch.get_loops(block=b0)
v5, v6, v7, v8 = sch.sample_perfect_tile(loop=l2, n=4, max_innermost_factor=64, decision=[1, 4, 1, 32])
l9, l10, l11, l12 = sch.split(loop=l2, factors=[v5, v6, v7, v8], preserve_unit_iters=True, disable_predication=False)
v13, v14, v15, v16 = sch.sample_perfect_tile(loop=l3, n=4, max_innermost_factor=64, decision=[4, 2, 24, 4])
l17, l18, l19, l20 = sch.split(loop=l3, factors=[v13, v14, v15, v16], preserve_unit_iters=True, disable_predication=False)
v21, v22 = sch.sample_perfect_tile(loop=l4, n=2, max_innermost_factor=64, decision=[64, 12])
l23, l24 = sch.split(loop=l4, factors=[v21, v22], preserve_unit_iters=True, disable_predication=False)
sch.reorder(l9, l17, l10, l18, l23, l11, l19, l24, l12, l20)
b25 = sch.cache_write(block=b0, write_buffer_index=0, storage_scope="global")
sch.reverse_compute_at(block=b25, loop=l17, preserve_unit_loops=True, index=-1)
sch.annotate(block_or_loop=b1, ann_key="meta_schedule.parallel", ann_val=128)
sch.annotate(block_or_loop=b1, ann_key="meta_schedule.vectorize", ann_val=64)
v26 = sch.sample_categorical(candidates=[0, 16, 64, 512], probs=[0.25, 0.25, 0.25, 0.25], decision=1)
sch.annotate(block_or_loop=b1, ann_key="meta_schedule.unroll_explicit", ann_val=v26)
2026-04-07 18:45:50 [INFO] [task_scheduler.cc:176] Design space #2:
# from tvm.script import ir as I
# from tvm.script import tir as T

@I.ir_module
class Module:
    @T.prim_func
    def main(A: T.Buffer((128, 768), "float32"), B: T.Buffer((768, 768), "float32"), C: T.Buffer((128, 768), "float32")):
        T.func_attr({"tir.noalias": True})
        with T.block("root"):
            T.reads()
            T.writes()
            T.block_attr({"meta_schedule.parallel": 128, "meta_schedule.unroll_explicit": 512, "meta_schedule.vectorize": 64})
            for i_0, j_0, i_1, j_1, k_0, i_2, j_2, k_1, i_3, j_3 in T.grid(1, 4, 4, 2, 64, 1, 24, 12, 32, 4):
                with T.block("C"):
                    vi = T.axis.spatial(128, i_0 * 128 + i_1 * 32 + i_2 * 32 + i_3)
                    vj = T.axis.spatial(768, j_0 * 192 + j_1 * 96 + j_2 * 4 + j_3)
                    vk = T.axis.reduce(768, k_0 * 12 + k_1)
                    T.reads(A[vi, vk], B[vk, vj])
                    T.writes(C[vi, vj])
                    T.block_attr({"meta_schedule.tiling_structure": "SSRSRS"})
                    with T.init():
                        C[vi, vj] = T.float32(0.0)
                    C[vi, vj] = C[vi, vj] + A[vi, vk] * B[vk, vj]
b0 = sch.get_block(name="C", func_name="main")
b1 = sch.get_block(name="root", func_name="main")
sch.annotate(block_or_loop=b0, ann_key="meta_schedule.tiling_structure", ann_val="SSRSRS")
l2, l3, l4 = sch.get_loops(block=b0)
v5, v6, v7, v8 = sch.sample_perfect_tile(loop=l2, n=4, max_innermost_factor=64, decision=[1, 4, 1, 32])
l9, l10, l11, l12 = sch.split(loop=l2, factors=[v5, v6, v7, v8], preserve_unit_iters=True, disable_predication=False)
v13, v14, v15, v16 = sch.sample_perfect_tile(loop=l3, n=4, max_innermost_factor=64, decision=[4, 2, 24, 4])
l17, l18, l19, l20 = sch.split(loop=l3, factors=[v13, v14, v15, v16], preserve_unit_iters=True, disable_predication=False)
v21, v22 = sch.sample_perfect_tile(loop=l4, n=2, max_innermost_factor=64, decision=[64, 12])
l23, l24 = sch.split(loop=l4, factors=[v21, v22], preserve_unit_iters=True, disable_predication=False)
sch.reorder(l9, l17, l10, l18, l23, l11, l19, l24, l12, l20)
sch.annotate(block_or_loop=b1, ann_key="meta_schedule.parallel", ann_val=128)
sch.annotate(block_or_loop=b1, ann_key="meta_schedule.vectorize", ann_val=64)
v25 = sch.sample_categorical(candidates=[0, 16, 64, 512], probs=[0.25, 0.25, 0.25, 0.25], decision=3)
sch.annotate(block_or_loop=b1, ann_key="meta_schedule.unroll_explicit", ann_val=v25)
2026-04-07 18:45:50 [INFO] [evolutionary_search.cc:711] Generating candidates......
2026-04-07 18:45:50 [INFO] [evolutionary_search.cc:713] Picked top 0 candidate(s) from database
2026-04-07 18:45:50 [INFO] [evolutionary_search.cc:530] Sample-Init-Population summary:
Postproc #0 [meta_schedule.DisallowDynamicLoop(0x5bdf479984c8)]: 0 failure(s)
Postproc #1 [meta_schedule.RewriteParallelVectorizeUnroll(0x5bdf48cd46d8)]: 0 failure(s)
Postproc #2 [meta_schedule.RewriteReductionBlock(0x5bdf477efe18)]: 0 failure(s)
Postproc #3 [meta_schedule.RewriteLayout(0x5bdf4847a3b8)]: 0 failure(s)
2026-04-07 18:45:50 [INFO] [evolutionary_search.cc:721] Sampled 461 candidate(s)
2026-04-07 18:45:50 [INFO] [evolutionary_search.cc:619] Evolve iter #0 done. Summary:
Postproc #0 [meta_schedule.DisallowDynamicLoop(0x5bdf479984c8)]: 0 failure(s)
Postproc #1 [meta_schedule.RewriteParallelVectorizeUnroll(0x5bdf48cd46d8)]: 0 failure(s)
Postproc #2 [meta_schedule.RewriteReductionBlock(0x5bdf477efe18)]: 0 failure(s)
Postproc #3 [meta_schedule.RewriteLayout(0x5bdf4847a3b8)]: 0 failure(s)
2026-04-07 18:45:50 [INFO] [evolutionary_search.cc:619] Evolve iter #1 done. Summary:
Postproc #0 [meta_schedule.DisallowDynamicLoop(0x5bdf479984c8)]: 0 failure(s)
Postproc #1 [meta_schedule.RewriteParallelVectorizeUnroll(0x5bdf48cd46d8)]: 0 failure(s)
Postproc #2 [meta_schedule.RewriteReductionBlock(0x5bdf477efe18)]: 0 failure(s)
Postproc #3 [meta_schedule.RewriteLayout(0x5bdf4847a3b8)]: 0 failure(s)
2026-04-07 18:45:51 [INFO] [evolutionary_search.cc:619] Evolve iter #2 done. Summary:
Postproc #0 [meta_schedule.DisallowDynamicLoop(0x5bdf479984c8)]: 0 failure(s)
Postproc #1 [meta_schedule.RewriteParallelVectorizeUnroll(0x5bdf48cd46d8)]: 0 failure(s)
Postproc #2 [meta_schedule.RewriteReductionBlock(0x5bdf477efe18)]: 0 failure(s)
Postproc #3 [meta_schedule.RewriteLayout(0x5bdf4847a3b8)]: 0 failure(s)
2026-04-07 18:45:51 [INFO] [evolutionary_search.cc:647] Scores of the best 64 candidates:
[1 : 16]:	0.9997  0.9994  0.9990  0.9987  0.9984  0.9982  0.9978  0.9970  0.9964  0.9960  0.9959  0.9945  0.9931  0.9930  0.9920  0.9919
[17 : 32]:	0.9914  0.9909  0.9908  0.9900  0.9893  0.9891  0.9864  0.9863  0.9841  0.9836  0.9833  0.9833  0.9817  0.9777  0.9774  0.9768
[33 : 48]:	0.9758  0.9754  0.9747  0.9736  0.9722  0.9720  0.9706  0.9697  0.9695  0.9693  0.9692  0.9687  0.9687  0.9672  0.9672  0.9670
[49 : 64]:	0.9664  0.9661  0.9654  0.9654  0.9639  0.9632  0.9625  0.9623  0.9621  0.9621  0.9620  0.9618  0.9607  0.9588  0.9587  0.9578
2026-04-07 18:45:51 [INFO] [evolutionary_search.cc:725] Got 64 candidate(s) with evolutionary search
2026-04-07 18:45:51 [INFO] [evolutionary_search.cc:728] Sending 63 candidates(s) for measurement
2026-04-07 18:46:12 [INFO] [task_scheduler.cc:137] [Task #0: main] Trial #1: GFLOPs: 36.4761. Time: 4139.5582 us. Best GFLOPs: 36.4761
2026-04-07 18:46:12 [INFO] [task_scheduler.cc:137] [Task #0: main] Trial #2: GFLOPs: 63.0027. Time: 2396.6421 us. Best GFLOPs: 63.0027
2026-04-07 18:46:12 [INFO] [task_scheduler.cc:137] [Task #0: main] Trial #3: GFLOPs: 23.2187. Time: 6503.1743 us. Best GFLOPs: 63.0027
2026-04-07 18:46:12 [INFO] [task_scheduler.cc:137] [Task #0: main] Trial #4: GFLOPs: 15.2394. Time: 9908.2097 us. Best GFLOPs: 63.0027
2026-04-07 18:46:12 [INFO] [task_scheduler.cc:137] [Task #0: main] Trial #5: GFLOPs: 103.3709. Time: 1460.7110 us. Best GFLOPs: 103.3709
2026-04-07 18:46:12 [INFO] [task_scheduler.cc:137] [Task #0: main] Trial #6: GFLOPs: 34.9451. Time: 4320.9208 us. Best GFLOPs: 103.3709
2026-04-07 18:46:12 [INFO] [task_scheduler.cc:137] [Task #0: main] Trial #7: GFLOPs: 23.7905. Time: 6346.8541 us. Best GFLOPs: 103.3709
2026-04-07 18:46:12 [INFO] [task_scheduler.cc:137] [Task #0: main] Trial #8: GFLOPs: 95.6912. Time: 1577.9401 us. Best GFLOPs: 103.3709
2026-04-07 18:46:12 [INFO] [task_scheduler.cc:137] [Task #0: main] Trial #9: GFLOPs: 11.7001. Time: 12905.3872 us. Best GFLOPs: 103.3709
2026-04-07 18:46:12 [INFO] [task_scheduler.cc:137] [Task #0: main] Trial #10: GFLOPs: 53.9449. Time: 2799.0602 us. Best GFLOPs: 103.3709
2026-04-07 18:46:12 [INFO] [task_scheduler.cc:137] [Task #0: main] Trial #11: GFLOPs: 38.7623. Time: 3895.4081 us. Best GFLOPs: 103.3709
2026-04-07 18:46:12 [INFO] [task_scheduler.cc:137] [Task #0: main] Trial #12: GFLOPs: 39.4563. Time: 3826.8891 us. Best GFLOPs: 103.3709
2026-04-07 18:46:12 [INFO] [task_scheduler.cc:137] [Task #0: main] Trial #13: GFLOPs: 47.2668. Time: 3194.5261 us. Best GFLOPs: 103.3709
2026-04-07 18:46:12 [INFO] [task_scheduler.cc:137] [Task #0: main] Trial #14: GFLOPs: 90.9940. Time: 1659.3954 us. Best GFLOPs: 103.3709
2026-04-07 18:46:12 [INFO] [task_scheduler.cc:137] [Task #0: main] Trial #15: GFLOPs: 47.5582. Time: 3174.9498 us. Best GFLOPs: 103.3709
2026-04-07 18:46:12 [INFO] [task_scheduler.cc:137] [Task #0: main] Trial #16: GFLOPs: 31.6374. Time: 4772.6721 us. Best GFLOPs: 103.3709
2026-04-07 18:46:12 [INFO] [task_scheduler.cc:137] [Task #0: main] Trial #17: GFLOPs: 18.9400. Time: 7972.2698 us. Best GFLOPs: 103.3709
2026-04-07 18:46:12 [INFO] [task_scheduler.cc:137] [Task #0: main] Trial #18: GFLOPs: 23.4741. Time: 6432.4047 us. Best GFLOPs: 103.3709
2026-04-07 18:46:12 [INFO] [task_scheduler.cc:137] [Task #0: main] Trial #19: GFLOPs: 97.4064. Time: 1550.1546 us. Best GFLOPs: 103.3709
2026-04-07 18:46:12 [INFO] [task_scheduler.cc:137] [Task #0: main] Trial #20: GFLOPs: 68.7527. Time: 2196.2045 us. Best GFLOPs: 103.3709
2026-04-07 18:46:12 [INFO] [task_scheduler.cc:137] [Task #0: main] Trial #21: GFLOPs: 91.7477. Time: 1645.7625 us. Best GFLOPs: 103.3709
2026-04-07 18:46:12 [INFO] [task_scheduler.cc:137] [Task #0: main] Trial #22: GFLOPs: 23.5783. Time: 6403.9720 us. Best GFLOPs: 103.3709
2026-04-07 18:46:12 [INFO] [task_scheduler.cc:137] [Task #0: main] Trial #23: GFLOPs: 22.8822. Time: 6598.7949 us. Best GFLOPs: 103.3709
2026-04-07 18:46:12 [INFO] [task_scheduler.cc:137] [Task #0: main] Trial #24: GFLOPs: 50.0614. Time: 3016.1948 us. Best GFLOPs: 103.3709
2026-04-07 18:46:12 [INFO] [task_scheduler.cc:137] [Task #0: main] Trial #25: GFLOPs: 37.4889. Time: 4027.7254 us. Best GFLOPs: 103.3709
2026-04-07 18:46:12 [INFO] [task_scheduler.cc:137] [Task #0: main] Trial #26: GFLOPs: 52.0355. Time: 2901.7686 us. Best GFLOPs: 103.3709
2026-04-07 18:46:12 [INFO] [task_scheduler.cc:137] [Task #0: main] Trial #27: GFLOPs: 51.6877. Time: 2921.2959 us. Best GFLOPs: 103.3709
2026-04-07 18:46:12 [INFO] [task_scheduler.cc:137] [Task #0: main] Trial #28: GFLOPs: 21.5455. Time: 7008.1878 us. Best GFLOPs: 103.3709
2026-04-07 18:46:12 [INFO] [task_scheduler.cc:137] [Task #0: main] Trial #29: GFLOPs: 26.0608. Time: 5793.9572 us. Best GFLOPs: 103.3709
2026-04-07 18:46:12 [INFO] [task_scheduler.cc:137] [Task #0: main] Trial #30: GFLOPs: 42.5270. Time: 3550.5692 us. Best GFLOPs: 103.3709
2026-04-07 18:46:12 [INFO] [task_scheduler.cc:137] [Task #0: main] Trial #31: GFLOPs: 85.0471. Time: 1775.4265 us. Best GFLOPs: 103.3709
2026-04-07 18:46:12 [INFO] [task_scheduler.cc:137] [Task #0: main] Trial #32: GFLOPs: 63.9442. Time: 2361.3541 us. Best GFLOPs: 103.3709
2026-04-07 18:46:12 [INFO] [task_scheduler.cc:137] [Task #0: main] Trial #33: GFLOPs: 73.4582. Time: 2055.5208 us. Best GFLOPs: 103.3709
2026-04-07 18:46:12 [INFO] [task_scheduler.cc:137] [Task #0: main] Trial #34: GFLOPs: 31.3296. Time: 4819.5572 us. Best GFLOPs: 103.3709
2026-04-07 18:46:12 [INFO] [task_scheduler.cc:137] [Task #0: main] Trial #35: GFLOPs: 27.6622. Time: 5458.5302 us. Best GFLOPs: 103.3709
2026-04-07 18:46:12 [INFO] [task_scheduler.cc:137] [Task #0: main] Trial #36: GFLOPs: 52.1288. Time: 2896.5733 us. Best GFLOPs: 103.3709
2026-04-07 18:46:12 [INFO] [task_scheduler.cc:137] [Task #0: main] Trial #37: GFLOPs: 22.2088. Time: 6798.8767 us. Best GFLOPs: 103.3709
2026-04-07 18:46:12 [INFO] [task_scheduler.cc:137] [Task #0: main] Trial #38: GFLOPs: 10.1209. Time: 14919.0573 us. Best GFLOPs: 103.3709
2026-04-07 18:46:12 [INFO] [task_scheduler.cc:137] [Task #0: main] Trial #39: GFLOPs: 47.2524. Time: 3195.4960 us. Best GFLOPs: 103.3709
2026-04-07 18:46:12 [INFO] [task_scheduler.cc:137] [Task #0: main] Trial #40: GFLOPs: 40.4388. Time: 3733.9090 us. Best GFLOPs: 103.3709
2026-04-07 18:46:12 [INFO] [task_scheduler.cc:137] [Task #0: main] Trial #41: GFLOPs: 77.2966. Time: 1953.4492 us. Best GFLOPs: 103.3709
2026-04-07 18:46:12 [INFO] [task_scheduler.cc:137] [Task #0: main] Trial #42: GFLOPs: 63.1880. Time: 2389.6125 us. Best GFLOPs: 103.3709
2026-04-07 18:46:12 [INFO] [task_scheduler.cc:137] [Task #0: main] Trial #43: GFLOPs: 91.4072. Time: 1651.8942 us. Best GFLOPs: 103.3709
2026-04-07 18:46:12 [INFO] [task_scheduler.cc:137] [Task #0: main] Trial #44: GFLOPs: 71.8189. Time: 2102.4398 us. Best GFLOPs: 103.3709
2026-04-07 18:46:12 [INFO] [task_scheduler.cc:137] [Task #0: main] Trial #45: GFLOPs: 66.5019. Time: 2270.5352 us. Best GFLOPs: 103.3709
2026-04-07 18:46:12 [INFO] [task_scheduler.cc:137] [Task #0: main] Trial #46: GFLOPs: 15.4236. Time: 9789.8728 us. Best GFLOPs: 103.3709
2026-04-07 18:46:12 [INFO] [task_scheduler.cc:137] [Task #0: main] Trial #47: GFLOPs: 29.4722. Time: 5123.3089 us. Best GFLOPs: 103.3709
2026-04-07 18:46:12 [INFO] [task_scheduler.cc:137] [Task #0: main] Trial #48: GFLOPs: 31.2198. Time: 4836.5117 us. Best GFLOPs: 103.3709
2026-04-07 18:46:12 [INFO] [task_scheduler.cc:137] [Task #0: main] Trial #49: GFLOPs: 104.9108. Time: 1439.2693 us. Best GFLOPs: 104.9108
2026-04-07 18:46:12 [INFO] [task_scheduler.cc:137] [Task #0: main] Trial #50: GFLOPs: 27.0740. Time: 5577.1121 us. Best GFLOPs: 104.9108
2026-04-07 18:46:12 [INFO] [task_scheduler.cc:137] [Task #0: main] Trial #51: GFLOPs: 20.7113. Time: 7290.4724 us. Best GFLOPs: 104.9108
2026-04-07 18:46:12 [INFO] [task_scheduler.cc:137] [Task #0: main] Trial #52: GFLOPs: 72.0885. Time: 2094.5775 us. Best GFLOPs: 104.9108
2026-04-07 18:46:12 [INFO] [task_scheduler.cc:137] [Task #0: main] Trial #53: GFLOPs: 100.9414. Time: 1495.8673 us. Best GFLOPs: 104.9108
2026-04-07 18:46:12 [INFO] [task_scheduler.cc:137] [Task #0: main] Trial #54: GFLOPs: 21.5905. Time: 6993.5939 us. Best GFLOPs: 104.9108
2026-04-07 18:46:12 [INFO] [task_scheduler.cc:137] [Task #0: main] Trial #55: GFLOPs: 89.3369. Time: 1690.1753 us. Best GFLOPs: 104.9108
2026-04-07 18:46:12 [INFO] [task_scheduler.cc:137] [Task #0: main] Trial #56: GFLOPs: 12.7581. Time: 11835.1775 us. Best GFLOPs: 104.9108
2026-04-07 18:46:12 [INFO] [task_scheduler.cc:137] [Task #0: main] Trial #57: GFLOPs: 18.2219. Time: 8286.4397 us. Best GFLOPs: 104.9108
2026-04-07 18:46:12 [INFO] [task_scheduler.cc:137] [Task #0: main] Trial #58: GFLOPs: 12.7084. Time: 11881.4898 us. Best GFLOPs: 104.9108
2026-04-07 18:46:12 [INFO] [task_scheduler.cc:137] [Task #0: main] Trial #59: GFLOPs: 15.8153. Time: 9547.3988 us. Best GFLOPs: 104.9108
2026-04-07 18:46:12 [INFO] [task_scheduler.cc:137] [Task #0: main] Trial #60: GFLOPs: 43.8453. Time: 3443.8136 us. Best GFLOPs: 104.9108
2026-04-07 18:46:12 [INFO] [task_scheduler.cc:137] [Task #0: main] Trial #61: GFLOPs: 45.3533. Time: 3329.3015 us. Best GFLOPs: 104.9108
2026-04-07 18:46:12 [INFO] [task_scheduler.cc:137] [Task #0: main] Trial #62: GFLOPs: 50.9401. Time: 2964.1686 us. Best GFLOPs: 104.9108
2026-04-07 18:46:12 [INFO] [task_scheduler.cc:137] [Task #0: main] Trial #63: GFLOPs: 89.0953. Time: 1694.7582 us. Best GFLOPs: 104.9108
2026-04-07 18:46:12 [INFO] [evolutionary_search.cc:711] Generating candidates......
2026-04-07 18:46:12 [INFO] [evolutionary_search.cc:713] Picked top 63 candidate(s) from database
2026-04-07 18:46:12 [INFO] [evolutionary_search.cc:530] Sample-Init-Population summary:
Postproc #0 [meta_schedule.DisallowDynamicLoop(0x5bdf479984c8)]: 0 failure(s)
Postproc #1 [meta_schedule.RewriteParallelVectorizeUnroll(0x5bdf48cd46d8)]: 0 failure(s)
Postproc #2 [meta_schedule.RewriteReductionBlock(0x5bdf477efe18)]: 0 failure(s)
Postproc #3 [meta_schedule.RewriteLayout(0x5bdf4847a3b8)]: 0 failure(s)
2026-04-07 18:46:12 [INFO] [evolutionary_search.cc:721] Sampled 398 candidate(s)
2026-04-07 18:46:12 [INFO] [evolutionary_search.cc:619] Evolve iter #0 done. Summary:
Postproc #0 [meta_schedule.DisallowDynamicLoop(0x5bdf479984c8)]: 0 failure(s)
Postproc #1 [meta_schedule.RewriteParallelVectorizeUnroll(0x5bdf48cd46d8)]: 0 failure(s)
Postproc #2 [meta_schedule.RewriteReductionBlock(0x5bdf477efe18)]: 0 failure(s)
Postproc #3 [meta_schedule.RewriteLayout(0x5bdf4847a3b8)]: 0 failure(s)
2026-04-07 18:46:12 [INFO] [evolutionary_search.cc:619] Evolve iter #1 done. Summary:
Postproc #0 [meta_schedule.DisallowDynamicLoop(0x5bdf479984c8)]: 0 failure(s)
Postproc #1 [meta_schedule.RewriteParallelVectorizeUnroll(0x5bdf48cd46d8)]: 0 failure(s)
Postproc #2 [meta_schedule.RewriteReductionBlock(0x5bdf477efe18)]: 0 failure(s)
Postproc #3 [meta_schedule.RewriteLayout(0x5bdf4847a3b8)]: 0 failure(s)
2026-04-07 18:46:13 [INFO] [evolutionary_search.cc:619] Evolve iter #2 done. Summary:
Postproc #0 [meta_schedule.DisallowDynamicLoop(0x5bdf479984c8)]: 0 failure(s)
Postproc #1 [meta_schedule.RewriteParallelVectorizeUnroll(0x5bdf48cd46d8)]: 0 failure(s)
Postproc #2 [meta_schedule.RewriteReductionBlock(0x5bdf477efe18)]: 0 failure(s)
Postproc #3 [meta_schedule.RewriteLayout(0x5bdf4847a3b8)]: 0 failure(s)
2026-04-07 18:46:13 [INFO] [evolutionary_search.cc:647] Scores of the best 52 candidates:
[1 : 16]:	0.9997  0.9990  0.9989  0.9981  0.9980  0.9976  0.9968  0.9960  0.9953  0.9945  0.9938  0.9930  0.9923  0.9916  0.9914  0.9914
[17 : 32]:	0.9910  0.9891  0.9884  0.9880  0.9875  0.9864  0.9858  0.9836  0.9829  0.9827  0.9825  0.9820  0.9816  0.9813  0.9808  0.9797
[33 : 48]:	0.9792  0.9786  0.9775  0.9761  0.9755  0.9753  0.9744  0.9739  0.9731  0.9724  0.9723  0.9714  0.9701  0.9701  0.9677  0.9675
[49 : 52]:	0.9647  0.9641  0.9623  0.9614
2026-04-07 18:46:13 [INFO] [evolutionary_search.cc:725] Got 52 candidate(s) with evolutionary search
2026-04-07 18:46:13 [INFO] [evolutionary_search.cc:728] Sending 52 candidates(s) for measurement
2026-04-07 18:46:30 [INFO] [task_scheduler.cc:137] [Task #0: main] Trial #64: GFLOPs: 18.4794. Time: 8170.9797 us. Best GFLOPs: 104.9108
2026-04-07 18:46:30 [INFO] [task_scheduler.cc:137] [Task #0: main] Trial #65: GFLOPs: 70.5098. Time: 2141.4749 us. Best GFLOPs: 104.9108
2026-04-07 18:46:30 [INFO] [task_scheduler.cc:137] [Task #0: main] Trial #66: GFLOPs: 121.3338. Time: 1244.4594 us. Best GFLOPs: 121.3338
2026-04-07 18:46:30 [INFO] [task_scheduler.cc:137] [Task #0: main] Trial #67: GFLOPs: 26.1748. Time: 5768.7100 us. Best GFLOPs: 121.3338
2026-04-07 18:46:30 [INFO] [task_scheduler.cc:137] [Task #0: main] Trial #68: GFLOPs: 25.9048. Time: 5828.8374 us. Best GFLOPs: 121.3338
2026-04-07 18:46:30 [INFO] [task_scheduler.cc:137] [Task #0: main] Trial #69: GFLOPs: 43.3960. Time: 3479.4668 us. Best GFLOPs: 121.3338
2026-04-07 18:46:30 [INFO] [task_scheduler.cc:137] [Task #0: main] Trial #70: GFLOPs: 58.5063. Time: 2580.8319 us. Best GFLOPs: 121.3338
2026-04-07 18:46:30 [INFO] [task_scheduler.cc:137] [Task #0: main] Trial #71: GFLOPs: 62.5921. Time: 2412.3648 us. Best GFLOPs: 121.3338
2026-04-07 18:46:30 [INFO] [task_scheduler.cc:137] [Task #0: main] Trial #72: GFLOPs: 104.4381. Time: 1445.7837 us. Best GFLOPs: 121.3338
2026-04-07 18:46:30 [INFO] [task_scheduler.cc:137] [Task #0: main] Trial #73: GFLOPs: 42.0838. Time: 3587.9576 us. Best GFLOPs: 121.3338
2026-04-07 18:46:30 [INFO] [task_scheduler.cc:137] [Task #0: main] Trial #74: GFLOPs: 34.9917. Time: 4315.1667 us. Best GFLOPs: 121.3338
2026-04-07 18:46:30 [INFO] [task_scheduler.cc:137] [Task #0: main] Trial #75: GFLOPs: 92.0406. Time: 1640.5262 us. Best GFLOPs: 121.3338
2026-04-07 18:46:30 [INFO] [task_scheduler.cc:137] [Task #0: main] Trial #76: GFLOPs: 81.4801. Time: 1853.1509 us. Best GFLOPs: 121.3338
2026-04-07 18:46:30 [INFO] [task_scheduler.cc:137] [Task #0: main] Trial #77: GFLOPs: 13.9433. Time: 10829.1727 us. Best GFLOPs: 121.3338
2026-04-07 18:46:30 [INFO] [task_scheduler.cc:137] [Task #0: main] Trial #78: GFLOPs: 25.3171. Time: 5964.1443 us. Best GFLOPs: 121.3338
2026-04-07 18:46:30 [INFO] [task_scheduler.cc:137] [Task #0: main] Trial #79: GFLOPs: 69.3914. Time: 2175.9889 us. Best GFLOPs: 121.3338
2026-04-07 18:46:30 [INFO] [task_scheduler.cc:137] [Task #0: main] Trial #80: GFLOPs: 48.8012. Time: 3094.0844 us. Best GFLOPs: 121.3338
2026-04-07 18:46:30 [INFO] [task_scheduler.cc:137] [Task #0: main] Trial #81: GFLOPs: 59.6573. Time: 2531.0395 us. Best GFLOPs: 121.3338
2026-04-07 18:46:30 [INFO] [task_scheduler.cc:137] [Task #0: main] Trial #82: GFLOPs: 32.4721. Time: 4649.9956 us. Best GFLOPs: 121.3338
2026-04-07 18:46:30 [INFO] [task_scheduler.cc:137] [Task #0: main] Trial #83: GFLOPs: 11.2166. Time: 13461.6823 us. Best GFLOPs: 121.3338
2026-04-07 18:46:30 [INFO] [task_scheduler.cc:137] [Task #0: main] Trial #84: GFLOPs: 31.4500. Time: 4801.1085 us. Best GFLOPs: 121.3338
2026-04-07 18:46:30 [INFO] [task_scheduler.cc:137] [Task #0: main] Trial #85: GFLOPs: 22.7121. Time: 6648.2013 us. Best GFLOPs: 121.3338
2026-04-07 18:46:30 [INFO] [task_scheduler.cc:137] [Task #0: main] Trial #86: GFLOPs: 5.6386. Time: 26778.6485 us. Best GFLOPs: 121.3338
2026-04-07 18:46:30 [INFO] [task_scheduler.cc:137] [Task #0: main] Trial #87: GFLOPs: 88.8177. Time: 1700.0545 us. Best GFLOPs: 121.3338
2026-04-07 18:46:30 [INFO] [task_scheduler.cc:137] [Task #0: main] Trial #88: GFLOPs: 88.6479. Time: 1703.3116 us. Best GFLOPs: 121.3338
2026-04-07 18:46:30 [INFO] [task_scheduler.cc:137] [Task #0: main] Trial #89: GFLOPs: 60.8546. Time: 2481.2414 us. Best GFLOPs: 121.3338
2026-04-07 18:46:30 [INFO] [task_scheduler.cc:137] [Task #0: main] Trial #90: GFLOPs: 17.8038. Time: 8481.0358 us. Best GFLOPs: 121.3338
2026-04-07 18:46:30 [INFO] [task_scheduler.cc:137] [Task #0: main] Trial #91: GFLOPs: 66.4479. Time: 2272.3799 us. Best GFLOPs: 121.3338
2026-04-07 18:46:30 [INFO] [task_scheduler.cc:137] [Task #0: main] Trial #92: GFLOPs: 24.3623. Time: 6197.9040 us. Best GFLOPs: 121.3338
2026-04-07 18:46:30 [INFO] [task_scheduler.cc:137] [Task #0: main] Trial #93: GFLOPs: 104.6388. Time: 1443.0110 us. Best GFLOPs: 121.3338
2026-04-07 18:46:30 [INFO] [task_scheduler.cc:137] [Task #0: main] Trial #94: GFLOPs: 24.8240. Time: 6082.6300 us. Best GFLOPs: 121.3338
2026-04-07 18:46:30 [INFO] [task_scheduler.cc:137] [Task #0: main] Trial #95: GFLOPs: 14.7981. Time: 10203.6479 us. Best GFLOPs: 121.3338
2026-04-07 18:46:30 [INFO] [task_scheduler.cc:137] [Task #0: main] Trial #96: GFLOPs: 13.8117. Time: 10932.3933 us. Best GFLOPs: 121.3338
2026-04-07 18:46:30 [INFO] [task_scheduler.cc:137] [Task #0: main] Trial #97: GFLOPs: 68.1983. Time: 2214.0578 us. Best GFLOPs: 121.3338
2026-04-07 18:46:30 [INFO] [task_scheduler.cc:137] [Task #0: main] Trial #98: GFLOPs: 18.1780. Time: 8306.4533 us. Best GFLOPs: 121.3338
2026-04-07 18:46:30 [INFO] [task_scheduler.cc:137] [Task #0: main] Trial #99: GFLOPs: 61.9476. Time: 2437.4635 us. Best GFLOPs: 121.3338
2026-04-07 18:46:30 [INFO] [task_scheduler.cc:137] [Task #0: main] Trial #100: GFLOPs: 42.4275. Time: 3558.8915 us. Best GFLOPs: 121.3338
2026-04-07 18:46:30 [INFO] [task_scheduler.cc:137] [Task #0: main] Trial #101: GFLOPs: 63.2033. Time: 2389.0344 us. Best GFLOPs: 121.3338
2026-04-07 18:46:30 [INFO] [task_scheduler.cc:137] [Task #0: main] Trial #102: GFLOPs: 69.9217. Time: 2159.4847 us. Best GFLOPs: 121.3338
2026-04-07 18:46:30 [INFO] [task_scheduler.cc:137] [Task #0: main] Trial #103: GFLOPs: 80.4524. Time: 1876.8240 us. Best GFLOPs: 121.3338
2026-04-07 18:46:30 [INFO] [task_scheduler.cc:137] [Task #0: main] Trial #104: GFLOPs: 81.1700. Time: 1860.2298 us. Best GFLOPs: 121.3338
2026-04-07 18:46:30 [INFO] [task_scheduler.cc:137] [Task #0: main] Trial #105: GFLOPs: 20.9170. Time: 7218.7754 us. Best GFLOPs: 121.3338
2026-04-07 18:46:30 [INFO] [task_scheduler.cc:137] [Task #0: main] Trial #106: GFLOPs: 32.1547. Time: 4695.8872 us. Best GFLOPs: 121.3338
2026-04-07 18:46:30 [INFO] [task_scheduler.cc:137] [Task #0: main] Trial #107: GFLOPs: 18.6997. Time: 8074.7102 us. Best GFLOPs: 121.3338
2026-04-07 18:46:30 [INFO] [task_scheduler.cc:137] [Task #0: main] Trial #108: GFLOPs: 69.4307. Time: 2174.7582 us. Best GFLOPs: 121.3338
2026-04-07 18:46:30 [INFO] [task_scheduler.cc:137] [Task #0: main] Trial #109: GFLOPs: 18.4959. Time: 8163.6916 us. Best GFLOPs: 121.3338
2026-04-07 18:46:30 [INFO] [task_scheduler.cc:137] [Task #0: main] Trial #110: GFLOPs: 17.5732. Time: 8592.3582 us. Best GFLOPs: 121.3338
2026-04-07 18:46:30 [INFO] [task_scheduler.cc:137] [Task #0: main] Trial #111: GFLOPs: 75.3668. Time: 2003.4664 us. Best GFLOPs: 121.3338
2026-04-07 18:46:30 [INFO] [task_scheduler.cc:137] [Task #0: main] Trial #112: GFLOPs: 21.1873. Time: 7126.6873 us. Best GFLOPs: 121.3338
2026-04-07 18:46:30 [INFO] [task_scheduler.cc:137] [Task #0: main] Trial #113: GFLOPs: 62.5189. Time: 2415.1878 us. Best GFLOPs: 121.3338
2026-04-07 18:46:30 [INFO] [task_scheduler.cc:137] [Task #0: main] Trial #114: GFLOPs: 83.3036. Time: 1812.5860 us. Best GFLOPs: 121.3338
2026-04-07 18:46:30 [INFO] [task_scheduler.cc:137] [Task #0: main] Trial #115: GFLOPs: 38.8719. Time: 3884.4230 us. Best GFLOPs: 121.3338
