2026-04-07 15:32:27 [INFO] Logging directory: research/results/metaschedule/8020/iter_01/97ba7abd357335fa/mlp_reduce/M_128/logs
2026-04-07 15:32:27 [INFO] [task_scheduler.cc:165] Initializing Task #0: "main"
2026-04-07 15:32:27 [INFO] [task_scheduler.cc:326] 
 ID | Name |      FLOP | Weight | Speed (GFLOPS) | Latency (us) | Weighted Latency (us) | Trials | Done 
--------------------------------------------------------------------------------------------------------
  0 | main | 603979776 |      1 |            N/A |          N/A |                   N/A |      0 |      
--------------------------------------------------------------------------------------------------------
Total trials: 0
Total latency (us): 0

2026-04-07 15:32:27 [INFO] [task_scheduler.cc:186] TaskScheduler picks Task #0: "main"
2026-04-07 15:32:28 [INFO] [task_scheduler.cc:199] Sending 64 sample(s) to builder
2026-04-07 15:32:40 [INFO] [task_scheduler.cc:201] Sending 64 sample(s) to runner
2026-04-07 15:32:59 [DEBUG] XGB iter   0: tr-p-rmse: 0.440153	tr-a-peak@32: 0.929835	tr-rmse: 0.236685	tr-rmse: 0.236685
2026-04-07 15:32:59 [DEBUG] XGB iter  25: tr-p-rmse: 0.056439	tr-a-peak@32: 1.000000	tr-rmse: 0.243916	tr-rmse: 0.243916
2026-04-07 15:32:59 [DEBUG] XGB iter  50: tr-p-rmse: 0.056426	tr-a-peak@32: 1.000000	tr-rmse: 0.243932	tr-rmse: 0.243932
2026-04-07 15:32:59 [DEBUG] XGB iter  75: tr-p-rmse: 0.056426	tr-a-peak@32: 1.000000	tr-rmse: 0.243932	tr-rmse: 0.243932
2026-04-07 15:32:59 [DEBUG] XGB stopped. Best iteration: [43] tr-p-rmse:0.05643	tr-a-peak@32:1.00000	tr-rmse:0.24393	tr-rmse:0.24393 
2026-04-07 15:32:59 [INFO] [task_scheduler.cc:243] [Updated] Task #0: "main"
2026-04-07 15:32:59 [INFO] [task_scheduler.cc:326] 
 ID | Name |      FLOP | Weight | Speed (GFLOPS) | Latency (us) | Weighted Latency (us) | Trials | Done 
--------------------------------------------------------------------------------------------------------
  0 | main | 603979776 |      1 |       104.1503 |    5799.1172 |             5799.1172 |     64 |      
--------------------------------------------------------------------------------------------------------
Total trials: 64
Total latency (us): 5799.12

2026-04-07 15:32:59 [INFO] [task_scheduler.cc:186] TaskScheduler picks Task #0: "main"
2026-04-07 15:33:01 [INFO] [task_scheduler.cc:199] Sending 64 sample(s) to builder
2026-04-07 15:33:12 [INFO] [task_scheduler.cc:201] Sending 64 sample(s) to runner
2026-04-07 15:33:31 [DEBUG] XGB validation: p-rmse: 0.178203	a-peak@32: 0.966006
2026-04-07 15:33:31 [DEBUG] XGB iter   0: tr-p-rmse: 0.452689	tr-a-peak@32: 0.736336	tr-rmse: 0.193610	tr-rmse: 0.193610
2026-04-07 15:33:31 [DEBUG] XGB iter  25: tr-p-rmse: 0.045492	tr-a-peak@32: 1.000000	tr-rmse: 0.205452	tr-rmse: 0.205452
2026-04-07 15:33:31 [DEBUG] XGB iter  50: tr-p-rmse: 0.045511	tr-a-peak@32: 1.000000	tr-rmse: 0.205430	tr-rmse: 0.205430
2026-04-07 15:33:31 [DEBUG] XGB stopped. Best iteration: [22] tr-p-rmse:0.04544	tr-a-peak@32:1.00000	tr-rmse:0.20551	tr-rmse:0.20551 
2026-04-07 15:33:31 [INFO] [task_scheduler.cc:243] [Updated] Task #0: "main"
2026-04-07 15:33:31 [INFO] [task_scheduler.cc:326] 
 ID | Name |      FLOP | Weight | Speed (GFLOPS) | Latency (us) | Weighted Latency (us) | Trials | Done 
--------------------------------------------------------------------------------------------------------
  0 | main | 603979776 |      1 |       121.9377 |    4953.1848 |             4953.1848 |    128 |      
--------------------------------------------------------------------------------------------------------
Total trials: 128
Total latency (us): 4953.18

2026-04-07 15:33:31 [INFO] [task_scheduler.cc:186] TaskScheduler picks Task #0: "main"
2026-04-07 15:33:34 [INFO] [task_scheduler.cc:199] Sending 64 sample(s) to builder
2026-04-07 15:33:50 [INFO] [task_scheduler.cc:201] Sending 64 sample(s) to runner
2026-04-07 15:34:06 [DEBUG] XGB validation: p-rmse: 0.379260	a-peak@32: 0.973637
2026-04-07 15:34:06 [DEBUG] XGB iter   0: tr-p-rmse: 0.437357	tr-a-peak@32: 0.699019	tr-rmse: 0.209515	tr-rmse: 0.209515
2026-04-07 15:34:06 [DEBUG] XGB iter  25: tr-p-rmse: 0.043143	tr-a-peak@32: 1.000000	tr-rmse: 0.203615	tr-rmse: 0.203615
2026-04-07 15:34:06 [DEBUG] XGB iter  50: tr-p-rmse: 0.043139	tr-a-peak@32: 1.000000	tr-rmse: 0.203621	tr-rmse: 0.203621
2026-04-07 15:34:06 [DEBUG] XGB iter  75: tr-p-rmse: 0.043139	tr-a-peak@32: 1.000000	tr-rmse: 0.203621	tr-rmse: 0.203621
2026-04-07 15:34:06 [DEBUG] XGB stopped. Best iteration: [31] tr-p-rmse:0.04314	tr-a-peak@32:1.00000	tr-rmse:0.20362	tr-rmse:0.20362 
2026-04-07 15:34:06 [INFO] [task_scheduler.cc:243] [Updated] Task #0: "main"
2026-04-07 15:34:06 [INFO] [task_scheduler.cc:326] 
 ID | Name |      FLOP | Weight | Speed (GFLOPS) | Latency (us) | Weighted Latency (us) | Trials | Done 
--------------------------------------------------------------------------------------------------------
  0 | main | 603979776 |      1 |       128.6038 |    4696.4371 |             4696.4371 |    192 |      
--------------------------------------------------------------------------------------------------------
Total trials: 192
Total latency (us): 4696.44

2026-04-07 15:34:06 [INFO] [task_scheduler.cc:186] TaskScheduler picks Task #0: "main"
2026-04-07 15:34:09 [INFO] [task_scheduler.cc:199] Sending 38 sample(s) to builder
2026-04-07 15:34:27 [INFO] [task_scheduler.cc:201] Sending 38 sample(s) to runner
2026-04-07 15:34:37 [DEBUG] XGB validation: p-rmse: 0.252545	a-peak@32: 1.000000
2026-04-07 15:34:37 [INFO] [task_scheduler.cc:243] [Updated] Task #0: "main"
2026-04-07 15:34:37 [INFO] [task_scheduler.cc:326] 
 ID | Name |      FLOP | Weight | Speed (GFLOPS) | Latency (us) | Weighted Latency (us) | Trials | Done 
--------------------------------------------------------------------------------------------------------
  0 | main | 603979776 |      1 |       139.7556 |    4321.6863 |             4321.6863 |    230 |      
--------------------------------------------------------------------------------------------------------
Total trials: 230
Total latency (us): 4321.69

2026-04-07 15:34:37 [INFO] [task_scheduler.cc:266] Task #0 has finished. Remaining task(s): 0
2026-04-07 15:34:37 [INFO] [task_scheduler.cc:326] 
 ID | Name |      FLOP | Weight | Speed (GFLOPS) | Latency (us) | Weighted Latency (us) | Trials | Done 
--------------------------------------------------------------------------------------------------------
  0 | main | 603979776 |      1 |       139.7556 |    4321.6863 |             4321.6863 |    230 |    Y 
--------------------------------------------------------------------------------------------------------
Total trials: 230
Total latency (us): 4321.69

2026-04-07 15:34:39 [INFO] LocalBuilder: max_workers = 12
2026-04-07 15:34:40 [INFO] LocalRunner: max_workers = 1
