2026-04-07 19:45:38 [INFO] Logging directory: research/results/metaschedule/8020/iter_01/23e1a456b455ed05/qkv/M_128/logs
2026-04-07 19:45:38 [INFO] [task_scheduler.cc:165] Initializing Task #0: "main"
2026-04-07 19:45:38 [INFO] [task_scheduler.cc:326] 
 ID | Name |      FLOP | Weight | Speed (GFLOPS) | Latency (us) | Weighted Latency (us) | Trials | Done 
--------------------------------------------------------------------------------------------------------
  0 | main | 150994944 |      1 |            N/A |          N/A |                   N/A |      0 |      
--------------------------------------------------------------------------------------------------------
Total trials: 0
Total latency (us): 0

2026-04-07 19:45:38 [INFO] [task_scheduler.cc:186] TaskScheduler picks Task #0: "main"
2026-04-07 19:45:40 [INFO] [task_scheduler.cc:199] Sending 32 sample(s) to builder
2026-04-07 19:45:48 [INFO] [task_scheduler.cc:201] Sending 32 sample(s) to runner
2026-04-07 19:45:53 [DEBUG] XGB iter   0: tr-p-rmse: 0.414598	tr-a-peak@32: 1.000000	tr-rmse: 0.268775	tr-rmse: 0.268775
2026-04-07 19:45:53 [DEBUG] XGB iter  25: tr-p-rmse: 0.040608	tr-a-peak@32: 1.000000	tr-rmse: 0.266011	tr-rmse: 0.266011
2026-04-07 19:45:53 [DEBUG] XGB iter  50: tr-p-rmse: 0.040652	tr-a-peak@32: 1.000000	tr-rmse: 0.265945	tr-rmse: 0.265945
2026-04-07 19:45:53 [DEBUG] XGB stopped. Best iteration: [20] tr-p-rmse:0.04035	tr-a-peak@32:1.00000	tr-rmse:0.26642	tr-rmse:0.26642 
2026-04-07 19:45:53 [INFO] [task_scheduler.cc:243] [Updated] Task #0: "main"
2026-04-07 19:45:53 [INFO] [task_scheduler.cc:326] 
 ID | Name |      FLOP | Weight | Speed (GFLOPS) | Latency (us) | Weighted Latency (us) | Trials | Done 
--------------------------------------------------------------------------------------------------------
  0 | main | 150994944 |      1 |       112.6109 |    1340.8561 |             1340.8561 |     32 |      
--------------------------------------------------------------------------------------------------------
Total trials: 32
Total latency (us): 1340.86

2026-04-07 19:45:53 [INFO] [task_scheduler.cc:186] TaskScheduler picks Task #0: "main"
2026-04-07 19:45:54 [INFO] [task_scheduler.cc:199] Sending 32 sample(s) to builder
2026-04-07 19:46:11 [INFO] [task_scheduler.cc:201] Sending 32 sample(s) to runner
2026-04-07 19:46:16 [DEBUG] XGB validation: p-rmse: 0.287545	a-peak@32: 0.967924
2026-04-07 19:46:16 [DEBUG] XGB iter   0: tr-p-rmse: 0.403009	tr-a-peak@32: 0.999189	tr-rmse: 0.279872	tr-rmse: 0.279872
2026-04-07 19:46:16 [DEBUG] XGB iter  25: tr-p-rmse: 0.043365	tr-a-peak@32: 1.000000	tr-rmse: 0.296149	tr-rmse: 0.296149
2026-04-07 19:46:16 [DEBUG] XGB iter  50: tr-p-rmse: 0.043363	tr-a-peak@32: 1.000000	tr-rmse: 0.296151	tr-rmse: 0.296151
2026-04-07 19:46:16 [DEBUG] XGB iter  75: tr-p-rmse: 0.043363	tr-a-peak@32: 1.000000	tr-rmse: 0.296151	tr-rmse: 0.296151
2026-04-07 19:46:16 [DEBUG] XGB stopped. Best iteration: [28] tr-p-rmse:0.04336	tr-a-peak@32:1.00000	tr-rmse:0.29615	tr-rmse:0.29615 
2026-04-07 19:46:16 [INFO] [task_scheduler.cc:243] [Updated] Task #0: "main"
2026-04-07 19:46:16 [INFO] [task_scheduler.cc:326] 
 ID | Name |      FLOP | Weight | Speed (GFLOPS) | Latency (us) | Weighted Latency (us) | Trials | Done 
--------------------------------------------------------------------------------------------------------
  0 | main | 150994944 |      1 |       115.1807 |    1310.9391 |             1310.9391 |     64 |      
--------------------------------------------------------------------------------------------------------
Total trials: 64
Total latency (us): 1310.94

2026-04-07 19:46:16 [INFO] [task_scheduler.cc:186] TaskScheduler picks Task #0: "main"
2026-04-07 19:46:17 [INFO] [task_scheduler.cc:199] Sending 13 sample(s) to builder
2026-04-07 19:46:25 [INFO] [task_scheduler.cc:201] Sending 13 sample(s) to runner
2026-04-07 19:46:27 [DEBUG] XGB validation: p-rmse: 0.253711	a-peak@32: 0.949571
2026-04-07 19:46:27 [DEBUG] XGB iter   0: tr-p-rmse: 0.406556	tr-a-peak@32: 0.999189	tr-rmse: 0.276772	tr-rmse: 0.276772
2026-04-07 19:46:28 [DEBUG] XGB iter  25: tr-p-rmse: 0.043153	tr-a-peak@32: 1.000000	tr-rmse: 0.295421	tr-rmse: 0.295421
2026-04-07 19:46:28 [DEBUG] XGB iter  50: tr-p-rmse: 0.043151	tr-a-peak@32: 1.000000	tr-rmse: 0.295423	tr-rmse: 0.295423
2026-04-07 19:46:28 [DEBUG] XGB iter  75: tr-p-rmse: 0.043151	tr-a-peak@32: 1.000000	tr-rmse: 0.295423	tr-rmse: 0.295423
2026-04-07 19:46:28 [DEBUG] XGB stopped. Best iteration: [28] tr-p-rmse:0.04315	tr-a-peak@32:1.00000	tr-rmse:0.29542	tr-rmse:0.29542 
2026-04-07 19:46:28 [INFO] [task_scheduler.cc:243] [Updated] Task #0: "main"
2026-04-07 19:46:28 [INFO] [task_scheduler.cc:326] 
 ID | Name |      FLOP | Weight | Speed (GFLOPS) | Latency (us) | Weighted Latency (us) | Trials | Done 
--------------------------------------------------------------------------------------------------------
  0 | main | 150994944 |      1 |       115.1807 |    1310.9391 |             1310.9391 |     77 |      
--------------------------------------------------------------------------------------------------------
Total trials: 77
Total latency (us): 1310.94

2026-04-07 19:46:28 [INFO] [task_scheduler.cc:266] Task #0 has finished. Remaining task(s): 0
2026-04-07 19:46:28 [INFO] [task_scheduler.cc:326] 
 ID | Name |      FLOP | Weight | Speed (GFLOPS) | Latency (us) | Weighted Latency (us) | Trials | Done 
--------------------------------------------------------------------------------------------------------
  0 | main | 150994944 |      1 |       115.1807 |    1310.9391 |             1310.9391 |     77 |    Y 
--------------------------------------------------------------------------------------------------------
Total trials: 77
Total latency (us): 1310.94

2026-04-07 19:46:29 [INFO] LocalBuilder: max_workers = 12
2026-04-07 19:46:30 [INFO] LocalRunner: max_workers = 1
