2026-04-07 16:39:56 [INFO] Logging directory: research/results/metaschedule/8020/iter_01/13c0a530712caaa2/mlp_reduce/M_128/logs
2026-04-07 16:39:56 [INFO] [task_scheduler.cc:165] Initializing Task #0: "main"
2026-04-07 16:39:56 [INFO] [task_scheduler.cc:326] 
 ID | Name |      FLOP | Weight | Speed (GFLOPS) | Latency (us) | Weighted Latency (us) | Trials | Done 
--------------------------------------------------------------------------------------------------------
  0 | main | 603979776 |      1 |            N/A |          N/A |                   N/A |      0 |      
--------------------------------------------------------------------------------------------------------
Total trials: 0
Total latency (us): 0

2026-04-07 16:39:56 [INFO] [task_scheduler.cc:186] TaskScheduler picks Task #0: "main"
2026-04-07 16:39:58 [INFO] [task_scheduler.cc:199] Sending 64 sample(s) to builder
2026-04-07 16:40:09 [INFO] [task_scheduler.cc:201] Sending 64 sample(s) to runner
2026-04-07 16:40:29 [DEBUG] XGB iter   0: tr-p-rmse: 0.435866	tr-a-peak@32: 1.000000	tr-rmse: 0.234199	tr-rmse: 0.234199
2026-04-07 16:40:30 [DEBUG] XGB iter  25: tr-p-rmse: 0.055411	tr-a-peak@32: 1.000000	tr-rmse: 0.257214	tr-rmse: 0.257214
2026-04-07 16:40:30 [DEBUG] XGB iter  50: tr-p-rmse: 0.055397	tr-a-peak@32: 1.000000	tr-rmse: 0.257233	tr-rmse: 0.257233
2026-04-07 16:40:30 [DEBUG] XGB iter  75: tr-p-rmse: 0.055397	tr-a-peak@32: 1.000000	tr-rmse: 0.257233	tr-rmse: 0.257233
2026-04-07 16:40:30 [DEBUG] XGB stopped. Best iteration: [35] tr-p-rmse:0.05540	tr-a-peak@32:1.00000	tr-rmse:0.25723	tr-rmse:0.25723 
2026-04-07 16:40:30 [INFO] [task_scheduler.cc:243] [Updated] Task #0: "main"
2026-04-07 16:40:30 [INFO] [task_scheduler.cc:326] 
 ID | Name |      FLOP | Weight | Speed (GFLOPS) | Latency (us) | Weighted Latency (us) | Trials | Done 
--------------------------------------------------------------------------------------------------------
  0 | main | 603979776 |      1 |        98.6223 |    6124.1703 |             6124.1703 |     64 |      
--------------------------------------------------------------------------------------------------------
Total trials: 64
Total latency (us): 6124.17

2026-04-07 16:40:30 [INFO] [task_scheduler.cc:186] TaskScheduler picks Task #0: "main"
2026-04-07 16:40:32 [INFO] [task_scheduler.cc:199] Sending 64 sample(s) to builder
2026-04-07 16:40:41 [INFO] [task_scheduler.cc:201] Sending 64 sample(s) to runner
2026-04-07 16:41:02 [DEBUG] XGB validation: p-rmse: 0.243398	a-peak@32: 0.831555
2026-04-07 16:41:02 [DEBUG] XGB iter   0: tr-p-rmse: 0.455899	tr-a-peak@32: 0.931677	tr-rmse: 0.231086	tr-rmse: 0.231086
2026-04-07 16:41:02 [DEBUG] XGB iter  25: tr-p-rmse: 0.065627	tr-a-peak@32: 1.000000	tr-rmse: 0.239745	tr-rmse: 0.239745
2026-04-07 16:41:02 [DEBUG] XGB iter  50: tr-p-rmse: 0.065608	tr-a-peak@32: 1.000000	tr-rmse: 0.239768	tr-rmse: 0.239768
2026-04-07 16:41:02 [DEBUG] XGB iter  75: tr-p-rmse: 0.065608	tr-a-peak@32: 1.000000	tr-rmse: 0.239768	tr-rmse: 0.239768
2026-04-07 16:41:02 [DEBUG] XGB stopped. Best iteration: [36] tr-p-rmse:0.06561	tr-a-peak@32:1.00000	tr-rmse:0.23977	tr-rmse:0.23977 
2026-04-07 16:41:02 [INFO] [task_scheduler.cc:243] [Updated] Task #0: "main"
2026-04-07 16:41:02 [INFO] [task_scheduler.cc:326] 
 ID | Name |      FLOP | Weight | Speed (GFLOPS) | Latency (us) | Weighted Latency (us) | Trials | Done 
--------------------------------------------------------------------------------------------------------
  0 | main | 603979776 |      1 |       105.8547 |    5705.7457 |             5705.7457 |    128 |      
--------------------------------------------------------------------------------------------------------
Total trials: 128
Total latency (us): 5705.75

2026-04-07 16:41:02 [INFO] [task_scheduler.cc:186] TaskScheduler picks Task #0: "main"
2026-04-07 16:41:07 [INFO] [task_scheduler.cc:199] Sending 25 sample(s) to builder
2026-04-07 16:41:14 [INFO] [task_scheduler.cc:201] Sending 25 sample(s) to runner
2026-04-07 16:41:21 [DEBUG] XGB validation: p-rmse: 0.220594	a-peak@32: 1.000000
2026-04-07 16:41:21 [INFO] [task_scheduler.cc:243] [Updated] Task #0: "main"
2026-04-07 16:41:21 [INFO] [task_scheduler.cc:326] 
 ID | Name |      FLOP | Weight | Speed (GFLOPS) | Latency (us) | Weighted Latency (us) | Trials | Done 
--------------------------------------------------------------------------------------------------------
  0 | main | 603979776 |      1 |       120.4791 |    5013.1478 |             5013.1478 |    153 |      
--------------------------------------------------------------------------------------------------------
Total trials: 153
Total latency (us): 5013.15

2026-04-07 16:41:21 [INFO] [task_scheduler.cc:266] Task #0 has finished. Remaining task(s): 0
2026-04-07 16:41:21 [INFO] [task_scheduler.cc:326] 
 ID | Name |      FLOP | Weight | Speed (GFLOPS) | Latency (us) | Weighted Latency (us) | Trials | Done 
--------------------------------------------------------------------------------------------------------
  0 | main | 603979776 |      1 |       120.4791 |    5013.1478 |             5013.1478 |    153 |    Y 
--------------------------------------------------------------------------------------------------------
Total trials: 153
Total latency (us): 5013.15

2026-04-07 16:41:22 [INFO] LocalBuilder: max_workers = 12
2026-04-07 16:41:23 [INFO] LocalRunner: max_workers = 1
