2026-04-07 16:06:30 [INFO] Logging directory: research/results/metaschedule/8020/iter_01/13c0a530712caaa2/qkv/M_384/logs
2026-04-07 16:06:30 [INFO] [task_scheduler.cc:165] Initializing Task #0: "main"
2026-04-07 16:06:30 [INFO] [task_scheduler.cc:326] 
 ID | Name |      FLOP | Weight | Speed (GFLOPS) | Latency (us) | Weighted Latency (us) | Trials | Done 
--------------------------------------------------------------------------------------------------------
  0 | main | 452984832 |      1 |            N/A |          N/A |                   N/A |      0 |      
--------------------------------------------------------------------------------------------------------
Total trials: 0
Total latency (us): 0

2026-04-07 16:06:30 [INFO] [task_scheduler.cc:186] TaskScheduler picks Task #0: "main"
2026-04-07 16:06:32 [INFO] [task_scheduler.cc:199] Sending 64 sample(s) to builder
2026-04-07 16:06:44 [INFO] [task_scheduler.cc:201] Sending 64 sample(s) to runner
2026-04-07 16:07:01 [DEBUG] XGB iter   0: tr-p-rmse: 0.429408	tr-a-peak@32: 0.995448	tr-rmse: 0.272104	tr-rmse: 0.272104
2026-04-07 16:07:01 [DEBUG] XGB iter  25: tr-p-rmse: 0.062820	tr-a-peak@32: 0.999858	tr-rmse: 0.288084	tr-rmse: 0.288084
2026-04-07 16:07:01 [DEBUG] XGB iter  50: tr-p-rmse: 0.062818	tr-a-peak@32: 0.999858	tr-rmse: 0.288085	tr-rmse: 0.288085
2026-04-07 16:07:01 [DEBUG] XGB iter  75: tr-p-rmse: 0.062818	tr-a-peak@32: 0.999858	tr-rmse: 0.288085	tr-rmse: 0.288085
2026-04-07 16:07:01 [DEBUG] XGB stopped. Best iteration: [31] tr-p-rmse:0.06282	tr-a-peak@32:0.99986	tr-rmse:0.28808	tr-rmse:0.28808 
2026-04-07 16:07:01 [INFO] [task_scheduler.cc:243] [Updated] Task #0: "main"
2026-04-07 16:07:01 [INFO] [task_scheduler.cc:326] 
 ID | Name |      FLOP | Weight | Speed (GFLOPS) | Latency (us) | Weighted Latency (us) | Trials | Done 
--------------------------------------------------------------------------------------------------------
  0 | main | 452984832 |      1 |       116.3687 |    3892.6683 |             3892.6683 |     64 |      
--------------------------------------------------------------------------------------------------------
Total trials: 64
Total latency (us): 3892.67

2026-04-07 16:07:01 [INFO] [task_scheduler.cc:186] TaskScheduler picks Task #0: "main"
2026-04-07 16:07:03 [INFO] [task_scheduler.cc:199] Sending 64 sample(s) to builder
2026-04-07 16:07:16 [INFO] [task_scheduler.cc:201] Sending 64 sample(s) to runner
2026-04-07 16:07:37 [DEBUG] XGB validation: p-rmse: 0.292860	a-peak@32: 0.966161
2026-04-07 16:07:37 [DEBUG] XGB iter   0: tr-p-rmse: 0.434501	tr-a-peak@32: 0.995448	tr-rmse: 0.256777	tr-rmse: 0.256777
2026-04-07 16:07:37 [DEBUG] XGB iter  25: tr-p-rmse: 0.050733	tr-a-peak@32: 0.999210	tr-rmse: 0.280432	tr-rmse: 0.280432
2026-04-07 16:07:37 [DEBUG] XGB iter  50: tr-p-rmse: 0.050662	tr-a-peak@32: 0.999210	tr-rmse: 0.280521	tr-rmse: 0.280521
2026-04-07 16:07:37 [DEBUG] XGB iter  75: tr-p-rmse: 0.050662	tr-a-peak@32: 0.999210	tr-rmse: 0.280521	tr-rmse: 0.280521
2026-04-07 16:07:37 [DEBUG] XGB stopped. Best iteration: [37] tr-p-rmse:0.05066	tr-a-peak@32:0.99921	tr-rmse:0.28052	tr-rmse:0.28052 
2026-04-07 16:07:37 [INFO] [task_scheduler.cc:243] [Updated] Task #0: "main"
2026-04-07 16:07:37 [INFO] [task_scheduler.cc:326] 
 ID | Name |      FLOP | Weight | Speed (GFLOPS) | Latency (us) | Weighted Latency (us) | Trials | Done 
--------------------------------------------------------------------------------------------------------
  0 | main | 452984832 |      1 |       116.3687 |    3892.6683 |             3892.6683 |    128 |      
--------------------------------------------------------------------------------------------------------
Total trials: 128
Total latency (us): 3892.67

2026-04-07 16:07:37 [INFO] [task_scheduler.cc:186] TaskScheduler picks Task #0: "main"
2026-04-07 16:07:43 [INFO] [task_scheduler.cc:199] Sending 26 sample(s) to builder
2026-04-07 16:33:38 [INFO] [task_scheduler.cc:201] Sending 26 sample(s) to runner
2026-04-07 16:33:47 [DEBUG] XGB validation: p-rmse: 0.434963	a-peak@32: 0.968813
2026-04-07 16:33:47 [DEBUG] XGB iter   0: tr-p-rmse: 0.428460	tr-a-peak@32: 0.981178	tr-rmse: 0.265622	tr-rmse: 0.265622
2026-04-07 16:33:47 [DEBUG] XGB iter  25: tr-p-rmse: 0.064669	tr-a-peak@32: 0.999534	tr-rmse: 0.296533	tr-rmse: 0.296533
2026-04-07 16:33:47 [DEBUG] XGB iter  50: tr-p-rmse: 0.064648	tr-a-peak@32: 0.999534	tr-rmse: 0.296562	tr-rmse: 0.296562
2026-04-07 16:33:47 [DEBUG] XGB iter  75: tr-p-rmse: 0.064648	tr-a-peak@32: 0.999534	tr-rmse: 0.296562	tr-rmse: 0.296562
2026-04-07 16:33:47 [DEBUG] XGB stopped. Best iteration: [36] tr-p-rmse:0.06465	tr-a-peak@32:0.99953	tr-rmse:0.29656	tr-rmse:0.29656 
2026-04-07 16:33:47 [INFO] [task_scheduler.cc:243] [Updated] Task #0: "main"
2026-04-07 16:33:47 [INFO] [task_scheduler.cc:326] 
 ID | Name |      FLOP | Weight | Speed (GFLOPS) | Latency (us) | Weighted Latency (us) | Trials | Done 
--------------------------------------------------------------------------------------------------------
  0 | main | 452984832 |      1 |       117.5929 |    3852.1452 |             3852.1452 |    154 |      
--------------------------------------------------------------------------------------------------------
Total trials: 154
Total latency (us): 3852.15

2026-04-07 16:33:47 [INFO] [task_scheduler.cc:266] Task #0 has finished. Remaining task(s): 0
2026-04-07 16:33:47 [INFO] [task_scheduler.cc:326] 
 ID | Name |      FLOP | Weight | Speed (GFLOPS) | Latency (us) | Weighted Latency (us) | Trials | Done 
--------------------------------------------------------------------------------------------------------
  0 | main | 452984832 |      1 |       117.5929 |    3852.1452 |             3852.1452 |    154 |    Y 
--------------------------------------------------------------------------------------------------------
Total trials: 154
Total latency (us): 3852.15

2026-04-07 16:33:48 [INFO] LocalBuilder: max_workers = 12
2026-04-07 16:33:50 [INFO] LocalRunner: max_workers = 1
