2026-04-07 16:06:30 [INFO] [task_scheduler.cc:166] Initializing Task #0: "main"
2026-04-07 16:06:30 [INFO] [task_scheduler.cc:41] 
# from tvm.script import ir as I
# from tvm.script import tir as T

@I.ir_module
class Module:
    @T.prim_func
    def main(A: T.Buffer((384, 768), "float32"), B: T.Buffer((768, 768), "float32"), C: T.Buffer((384, 768), "float32")):
        T.func_attr({"tir.noalias": True})
        # with T.block("root"):
        for i, j, k in T.grid(384, 768, 768):
            with T.block("C"):
                vi, vj, vk = T.axis.remap("SSR", [i, j, k])
                T.reads(A[vi, vk], B[vk, vj])
                T.writes(C[vi, vj])
                with T.init():
                    C[vi, vj] = T.float32(0.0)
                C[vi, vj] = C[vi, vj] + A[vi, vk] * B[vk, vj]
2026-04-07 16:06:30 [INFO] [task_scheduler.cc:170] Total 3 design space(s) generated
2026-04-07 16:06:30 [INFO] [task_scheduler.cc:176] Design space #0:
# from tvm.script import ir as I
# from tvm.script import tir as T

@I.ir_module
class Module:
    @T.prim_func
    def main(A: T.Buffer((384, 768), "float32"), B: T.Buffer((768, 768), "float32"), C: T.Buffer((384, 768), "float32")):
        T.func_attr({"tir.noalias": True})
        with T.block("root"):
            T.reads()
            T.writes()
            T.block_attr({"meta_schedule.parallel": 128, "meta_schedule.unroll_explicit": 64, "meta_schedule.vectorize": 64})
            C_global = T.alloc_buffer((384, 768))
            for i_0, j_0, i_1, j_1 in T.grid(8, 3, 24, 4):
                for k_0, i_2, j_2, k_1, i_3, j_3 in T.grid(96, 2, 64, 8, 1, 1):
                    with T.block("C"):
                        vi = T.axis.spatial(384, i_0 * 48 + i_1 * 2 + i_2 + i_3)
                        vj = T.axis.spatial(768, j_0 * 256 + j_1 * 64 + j_2 + j_3)
                        vk = T.axis.reduce(768, k_0 * 8 + k_1)
                        T.reads(A[vi, vk], B[vk, vj])
                        T.writes(C_global[vi, vj])
                        T.block_attr({"meta_schedule.tiling_structure": "SSRSRS"})
                        with T.init():
                            C_global[vi, vj] = T.float32(0.0)
                        C_global[vi, vj] = C_global[vi, vj] + A[vi, vk] * B[vk, vj]
                for ax0, ax1 in T.grid(2, 64):
                    with T.block("C_global"):
                        v0 = T.axis.spatial(384, i_0 * 48 + i_1 * 2 + ax0)
                        v1 = T.axis.spatial(768, j_0 * 256 + j_1 * 64 + ax1)
                        T.reads(C_global[v0, v1])
                        T.writes(C[v0, v1])
                        C[v0, v1] = C_global[v0, v1]
b0 = sch.get_block(name="C", func_name="main")
b1 = sch.get_block(name="root", func_name="main")
sch.annotate(block_or_loop=b0, ann_key="meta_schedule.tiling_structure", ann_val="SSRSRS")
l2, l3, l4 = sch.get_loops(block=b0)
v5, v6, v7, v8 = sch.sample_perfect_tile(loop=l2, n=4, max_innermost_factor=64, decision=[8, 24, 2, 1])
l9, l10, l11, l12 = sch.split(loop=l2, factors=[v5, v6, v7, v8], preserve_unit_iters=True, disable_predication=False)
v13, v14, v15, v16 = sch.sample_perfect_tile(loop=l3, n=4, max_innermost_factor=64, decision=[3, 4, 64, 1])
l17, l18, l19, l20 = sch.split(loop=l3, factors=[v13, v14, v15, v16], preserve_unit_iters=True, disable_predication=False)
v21, v22 = sch.sample_perfect_tile(loop=l4, n=2, max_innermost_factor=64, decision=[96, 8])
l23, l24 = sch.split(loop=l4, factors=[v21, v22], preserve_unit_iters=True, disable_predication=False)
sch.reorder(l9, l17, l10, l18, l23, l11, l19, l24, l12, l20)
b25 = sch.cache_write(block=b0, write_buffer_index=0, storage_scope="global")
sch.reverse_compute_at(block=b25, loop=l18, preserve_unit_loops=True, index=-1)
sch.annotate(block_or_loop=b1, ann_key="meta_schedule.parallel", ann_val=128)
sch.annotate(block_or_loop=b1, ann_key="meta_schedule.vectorize", ann_val=64)
v26 = sch.sample_categorical(candidates=[0, 16, 64, 512], probs=[0.25, 0.25, 0.25, 0.25], decision=2)
sch.annotate(block_or_loop=b1, ann_key="meta_schedule.unroll_explicit", ann_val=v26)
2026-04-07 16:06:30 [INFO] [task_scheduler.cc:176] Design space #1:
# from tvm.script import ir as I
# from tvm.script import tir as T

@I.ir_module
class Module:
    @T.prim_func
    def main(A: T.Buffer((384, 768), "float32"), B: T.Buffer((768, 768), "float32"), C: T.Buffer((384, 768), "float32")):
        T.func_attr({"tir.noalias": True})
        with T.block("root"):
            T.reads()
            T.writes()
            T.block_attr({"meta_schedule.parallel": 128, "meta_schedule.unroll_explicit": 64, "meta_schedule.vectorize": 64})
            C_global = T.alloc_buffer((384, 768))
            for i_0, j_0 in T.grid(8, 3):
                for i_1, j_1, k_0, i_2, j_2, k_1, i_3, j_3 in T.grid(24, 4, 96, 2, 64, 8, 1, 1):
                    with T.block("C"):
                        vi = T.axis.spatial(384, i_0 * 48 + i_1 * 2 + i_2 + i_3)
                        vj = T.axis.spatial(768, j_0 * 256 + j_1 * 64 + j_2 + j_3)
                        vk = T.axis.reduce(768, k_0 * 8 + k_1)
                        T.reads(A[vi, vk], B[vk, vj])
                        T.writes(C_global[vi, vj])
                        T.block_attr({"meta_schedule.tiling_structure": "SSRSRS"})
                        with T.init():
                            C_global[vi, vj] = T.float32(0.0)
                        C_global[vi, vj] = C_global[vi, vj] + A[vi, vk] * B[vk, vj]
                for ax0, ax1 in T.grid(48, 256):
                    with T.block("C_global"):
                        v0 = T.axis.spatial(384, i_0 * 48 + ax0)
                        v1 = T.axis.spatial(768, j_0 * 256 + ax1)
                        T.reads(C_global[v0, v1])
                        T.writes(C[v0, v1])
                        C[v0, v1] = C_global[v0, v1]
b0 = sch.get_block(name="C", func_name="main")
b1 = sch.get_block(name="root", func_name="main")
sch.annotate(block_or_loop=b0, ann_key="meta_schedule.tiling_structure", ann_val="SSRSRS")
l2, l3, l4 = sch.get_loops(block=b0)
v5, v6, v7, v8 = sch.sample_perfect_tile(loop=l2, n=4, max_innermost_factor=64, decision=[8, 24, 2, 1])
l9, l10, l11, l12 = sch.split(loop=l2, factors=[v5, v6, v7, v8], preserve_unit_iters=True, disable_predication=False)
v13, v14, v15, v16 = sch.sample_perfect_tile(loop=l3, n=4, max_innermost_factor=64, decision=[3, 4, 64, 1])
l17, l18, l19, l20 = sch.split(loop=l3, factors=[v13, v14, v15, v16], preserve_unit_iters=True, disable_predication=False)
v21, v22 = sch.sample_perfect_tile(loop=l4, n=2, max_innermost_factor=64, decision=[96, 8])
l23, l24 = sch.split(loop=l4, factors=[v21, v22], preserve_unit_iters=True, disable_predication=False)
sch.reorder(l9, l17, l10, l18, l23, l11, l19, l24, l12, l20)
b25 = sch.cache_write(block=b0, write_buffer_index=0, storage_scope="global")
sch.reverse_compute_at(block=b25, loop=l17, preserve_unit_loops=True, index=-1)
sch.annotate(block_or_loop=b1, ann_key="meta_schedule.parallel", ann_val=128)
sch.annotate(block_or_loop=b1, ann_key="meta_schedule.vectorize", ann_val=64)
v26 = sch.sample_categorical(candidates=[0, 16, 64, 512], probs=[0.25, 0.25, 0.25, 0.25], decision=2)
sch.annotate(block_or_loop=b1, ann_key="meta_schedule.unroll_explicit", ann_val=v26)
2026-04-07 16:06:30 [INFO] [task_scheduler.cc:176] Design space #2:
# from tvm.script import ir as I
# from tvm.script import tir as T

@I.ir_module
class Module:
    @T.prim_func
    def main(A: T.Buffer((384, 768), "float32"), B: T.Buffer((768, 768), "float32"), C: T.Buffer((384, 768), "float32")):
        T.func_attr({"tir.noalias": True})
        with T.block("root"):
            T.reads()
            T.writes()
            T.block_attr({"meta_schedule.parallel": 128, "meta_schedule.unroll_explicit": 16, "meta_schedule.vectorize": 64})
            for i_0, j_0, i_1, j_1, k_0, i_2, j_2, k_1, i_3, j_3 in T.grid(8, 3, 24, 4, 96, 2, 64, 8, 1, 1):
                with T.block("C"):
                    vi = T.axis.spatial(384, i_0 * 48 + i_1 * 2 + i_2 + i_3)
                    vj = T.axis.spatial(768, j_0 * 256 + j_1 * 64 + j_2 + j_3)
                    vk = T.axis.reduce(768, k_0 * 8 + k_1)
                    T.reads(A[vi, vk], B[vk, vj])
                    T.writes(C[vi, vj])
                    T.block_attr({"meta_schedule.tiling_structure": "SSRSRS"})
                    with T.init():
                        C[vi, vj] = T.float32(0.0)
                    C[vi, vj] = C[vi, vj] + A[vi, vk] * B[vk, vj]
b0 = sch.get_block(name="C", func_name="main")
b1 = sch.get_block(name="root", func_name="main")
sch.annotate(block_or_loop=b0, ann_key="meta_schedule.tiling_structure", ann_val="SSRSRS")
l2, l3, l4 = sch.get_loops(block=b0)
v5, v6, v7, v8 = sch.sample_perfect_tile(loop=l2, n=4, max_innermost_factor=64, decision=[8, 24, 2, 1])
l9, l10, l11, l12 = sch.split(loop=l2, factors=[v5, v6, v7, v8], preserve_unit_iters=True, disable_predication=False)
v13, v14, v15, v16 = sch.sample_perfect_tile(loop=l3, n=4, max_innermost_factor=64, decision=[3, 4, 64, 1])
l17, l18, l19, l20 = sch.split(loop=l3, factors=[v13, v14, v15, v16], preserve_unit_iters=True, disable_predication=False)
v21, v22 = sch.sample_perfect_tile(loop=l4, n=2, max_innermost_factor=64, decision=[96, 8])
l23, l24 = sch.split(loop=l4, factors=[v21, v22], preserve_unit_iters=True, disable_predication=False)
sch.reorder(l9, l17, l10, l18, l23, l11, l19, l24, l12, l20)
sch.annotate(block_or_loop=b1, ann_key="meta_schedule.parallel", ann_val=128)
sch.annotate(block_or_loop=b1, ann_key="meta_schedule.vectorize", ann_val=64)
v25 = sch.sample_categorical(candidates=[0, 16, 64, 512], probs=[0.25, 0.25, 0.25, 0.25], decision=1)
sch.annotate(block_or_loop=b1, ann_key="meta_schedule.unroll_explicit", ann_val=v25)
2026-04-07 16:06:30 [INFO] [evolutionary_search.cc:711] Generating candidates......
2026-04-07 16:06:30 [INFO] [evolutionary_search.cc:713] Picked top 0 candidate(s) from database
2026-04-07 16:06:31 [INFO] [evolutionary_search.cc:530] Sample-Init-Population summary:
Postproc #0 [meta_schedule.DisallowDynamicLoop(0x5bdf42523128)]: 0 failure(s)
Postproc #1 [meta_schedule.RewriteParallelVectorizeUnroll(0x5bdf41ea4448)]: 0 failure(s)
Postproc #2 [meta_schedule.RewriteReductionBlock(0x5bdf41e69a28)]: 0 failure(s)
Postproc #3 [meta_schedule.RewriteLayout(0x5bdf421de538)]: 0 failure(s)
2026-04-07 16:06:31 [INFO] [evolutionary_search.cc:721] Sampled 614 candidate(s)
2026-04-07 16:06:31 [INFO] [evolutionary_search.cc:619] Evolve iter #0 done. Summary:
Postproc #0 [meta_schedule.DisallowDynamicLoop(0x5bdf42523128)]: 0 failure(s)
Postproc #1 [meta_schedule.RewriteParallelVectorizeUnroll(0x5bdf41ea4448)]: 0 failure(s)
Postproc #2 [meta_schedule.RewriteReductionBlock(0x5bdf41e69a28)]: 0 failure(s)
Postproc #3 [meta_schedule.RewriteLayout(0x5bdf421de538)]: 0 failure(s)
2026-04-07 16:06:32 [INFO] [evolutionary_search.cc:619] Evolve iter #1 done. Summary:
Postproc #0 [meta_schedule.DisallowDynamicLoop(0x5bdf42523128)]: 0 failure(s)
Postproc #1 [meta_schedule.RewriteParallelVectorizeUnroll(0x5bdf41ea4448)]: 0 failure(s)
Postproc #2 [meta_schedule.RewriteReductionBlock(0x5bdf41e69a28)]: 0 failure(s)
Postproc #3 [meta_schedule.RewriteLayout(0x5bdf421de538)]: 0 failure(s)
2026-04-07 16:06:32 [INFO] [evolutionary_search.cc:619] Evolve iter #2 done. Summary:
Postproc #0 [meta_schedule.DisallowDynamicLoop(0x5bdf42523128)]: 0 failure(s)
Postproc #1 [meta_schedule.RewriteParallelVectorizeUnroll(0x5bdf41ea4448)]: 0 failure(s)
Postproc #2 [meta_schedule.RewriteReductionBlock(0x5bdf41e69a28)]: 0 failure(s)
Postproc #3 [meta_schedule.RewriteLayout(0x5bdf421de538)]: 0 failure(s)
2026-04-07 16:06:32 [INFO] [evolutionary_search.cc:619] Evolve iter #3 done. Summary:
Postproc #0 [meta_schedule.DisallowDynamicLoop(0x5bdf42523128)]: 0 failure(s)
Postproc #1 [meta_schedule.RewriteParallelVectorizeUnroll(0x5bdf41ea4448)]: 0 failure(s)
Postproc #2 [meta_schedule.RewriteReductionBlock(0x5bdf41e69a28)]: 0 failure(s)
Postproc #3 [meta_schedule.RewriteLayout(0x5bdf421de538)]: 0 failure(s)
2026-04-07 16:06:32 [INFO] [evolutionary_search.cc:647] Scores of the best 64 candidates:
[1 : 16]:	0.9994  0.9993  0.9987  0.9982  0.9982  0.9975  0.9974  0.9973  0.9973  0.9971  0.9967  0.9957  0.9951  0.9950  0.9950  0.9945
[17 : 32]:	0.9945  0.9944  0.9942  0.9941  0.9938  0.9938  0.9933  0.9931  0.9929  0.9928  0.9927  0.9923  0.9922  0.9920  0.9919  0.9908
[33 : 48]:	0.9902  0.9900  0.9899  0.9899  0.9887  0.9877  0.9873  0.9870  0.9866  0.9860  0.9857  0.9852  0.9851  0.9840  0.9839  0.9838
[49 : 64]:	0.9837  0.9831  0.9830  0.9824  0.9824  0.9823  0.9822  0.9820  0.9820  0.9815  0.9815  0.9811  0.9809  0.9807  0.9798  0.9792
2026-04-07 16:06:32 [INFO] [evolutionary_search.cc:725] Got 64 candidate(s) with evolutionary search
2026-04-07 16:06:32 [INFO] [evolutionary_search.cc:728] Sending 64 candidates(s) for measurement
2026-04-07 16:07:01 [INFO] [task_scheduler.cc:137] [Task #0: main] Trial #1: GFLOPs: 105.1863. Time: 4306.5022 us. Best GFLOPs: 105.1863
2026-04-07 16:07:01 [INFO] [task_scheduler.cc:137] [Task #0: main] Trial #2: GFLOPs: 86.1455. Time: 5258.3707 us. Best GFLOPs: 105.1863
2026-04-07 16:07:01 [INFO] [task_scheduler.cc:137] [Task #0: main] Trial #3: GFLOPs: 9.1273. Time: 49629.8810 us. Best GFLOPs: 105.1863
2026-04-07 16:07:01 [INFO] [task_scheduler.cc:137] [Task #0: main] Trial #4: GFLOPs: 82.3042. Time: 5503.7902 us. Best GFLOPs: 105.1863
2026-04-07 16:07:01 [INFO] [task_scheduler.cc:137] [Task #0: main] Trial #5: GFLOPs: 52.2635. Time: 8667.3348 us. Best GFLOPs: 105.1863
2026-04-07 16:07:01 [INFO] [task_scheduler.cc:137] [Task #0: main] Trial #6: GFLOPs: 31.6308. Time: 14320.9970 us. Best GFLOPs: 105.1863
2026-04-07 16:07:01 [INFO] [task_scheduler.cc:137] [Task #0: main] Trial #7: GFLOPs: 29.5231. Time: 15343.4137 us. Best GFLOPs: 105.1863
2026-04-07 16:07:01 [INFO] [task_scheduler.cc:137] [Task #0: main] Trial #8: GFLOPs: 11.5415. Time: 39248.5102 us. Best GFLOPs: 105.1863
2026-04-07 16:07:01 [INFO] [task_scheduler.cc:137] [Task #0: main] Trial #9: GFLOPs: 20.9498. Time: 21622.4208 us. Best GFLOPs: 105.1863
2026-04-07 16:07:01 [INFO] [task_scheduler.cc:137] [Task #0: main] Trial #10: GFLOPs: 7.6119. Time: 59509.9267 us. Best GFLOPs: 105.1863
2026-04-07 16:07:01 [INFO] [task_scheduler.cc:137] [Task #0: main] Trial #11: GFLOPs: 76.2616. Time: 5939.8807 us. Best GFLOPs: 105.1863
2026-04-07 16:07:01 [INFO] [task_scheduler.cc:137] [Task #0: main] Trial #12: GFLOPs: 47.7484. Time: 9486.9121 us. Best GFLOPs: 105.1863
2026-04-07 16:07:01 [INFO] [task_scheduler.cc:137] [Task #0: main] Trial #13: GFLOPs: 50.9525. Time: 8890.3401 us. Best GFLOPs: 105.1863
2026-04-07 16:07:01 [INFO] [task_scheduler.cc:137] [Task #0: main] Trial #14: GFLOPs: 2.6324. Time: 172081.3305 us. Best GFLOPs: 105.1863
2026-04-07 16:07:01 [INFO] [task_scheduler.cc:137] [Task #0: main] Trial #15: GFLOPs: 16.2824. Time: 27820.5735 us. Best GFLOPs: 105.1863
2026-04-07 16:07:01 [INFO] [task_scheduler.cc:137] [Task #0: main] Trial #16: GFLOPs: 15.9799. Time: 28347.1522 us. Best GFLOPs: 105.1863
2026-04-07 16:07:01 [INFO] [task_scheduler.cc:137] [Task #0: main] Trial #17: GFLOPs: 35.7299. Time: 12678.0458 us. Best GFLOPs: 105.1863
2026-04-07 16:07:01 [INFO] [task_scheduler.cc:137] [Task #0: main] Trial #18: GFLOPs: 18.8477. Time: 24033.9600 us. Best GFLOPs: 105.1863
2026-04-07 16:07:01 [INFO] [task_scheduler.cc:137] [Task #0: main] Trial #19: GFLOPs: 52.2349. Time: 8672.0766 us. Best GFLOPs: 105.1863
2026-04-07 16:07:01 [INFO] [task_scheduler.cc:137] [Task #0: main] Trial #20: GFLOPs: 38.5836. Time: 11740.3412 us. Best GFLOPs: 105.1863
2026-04-07 16:07:01 [INFO] [task_scheduler.cc:137] [Task #0: main] Trial #21: GFLOPs: 20.5401. Time: 22053.6947 us. Best GFLOPs: 105.1863
2026-04-07 16:07:01 [INFO] [task_scheduler.cc:137] [Task #0: main] Trial #22: GFLOPs: 20.8514. Time: 21724.4697 us. Best GFLOPs: 105.1863
2026-04-07 16:07:01 [INFO] [task_scheduler.cc:137] [Task #0: main] Trial #23: GFLOPs: 29.0140. Time: 15612.6290 us. Best GFLOPs: 105.1863
2026-04-07 16:07:01 [INFO] [task_scheduler.cc:137] [Task #0: main] Trial #24: GFLOPs: 29.6357. Time: 15285.1015 us. Best GFLOPs: 105.1863
2026-04-07 16:07:01 [INFO] [task_scheduler.cc:137] [Task #0: main] Trial #25: GFLOPs: 21.5149. Time: 21054.5155 us. Best GFLOPs: 105.1863
2026-04-07 16:07:01 [INFO] [task_scheduler.cc:137] [Task #0: main] Trial #26: GFLOPs: 42.3695. Time: 10691.2837 us. Best GFLOPs: 105.1863
2026-04-07 16:07:01 [INFO] [task_scheduler.cc:137] [Task #0: main] Trial #27: GFLOPs: 35.2636. Time: 12845.6897 us. Best GFLOPs: 105.1863
2026-04-07 16:07:01 [INFO] [task_scheduler.cc:137] [Task #0: main] Trial #28: GFLOPs: 105.1890. Time: 4306.3907 us. Best GFLOPs: 105.1890
2026-04-07 16:07:01 [INFO] [task_scheduler.cc:137] [Task #0: main] Trial #29: GFLOPs: 50.0536. Time: 9049.9898 us. Best GFLOPs: 105.1890
2026-04-07 16:07:01 [INFO] [task_scheduler.cc:137] [Task #0: main] Trial #30: GFLOPs: 56.8272. Time: 7971.2731 us. Best GFLOPs: 105.1890
2026-04-07 16:07:01 [INFO] [task_scheduler.cc:137] [Task #0: main] Trial #31: GFLOPs: 37.4152. Time: 12106.9695 us. Best GFLOPs: 105.1890
2026-04-07 16:07:01 [INFO] [task_scheduler.cc:137] [Task #0: main] Trial #32: GFLOPs: 115.8390. Time: 3910.4707 us. Best GFLOPs: 115.8390
2026-04-07 16:07:01 [INFO] [task_scheduler.cc:137] [Task #0: main] Trial #33: GFLOPs: 45.4913. Time: 9957.6064 us. Best GFLOPs: 115.8390
2026-04-07 16:07:01 [INFO] [task_scheduler.cc:137] [Task #0: main] Trial #34: GFLOPs: 36.0241. Time: 12574.5094 us. Best GFLOPs: 115.8390
2026-04-07 16:07:01 [INFO] [task_scheduler.cc:137] [Task #0: main] Trial #35: GFLOPs: 28.1480. Time: 16092.9462 us. Best GFLOPs: 115.8390
2026-04-07 16:07:01 [INFO] [task_scheduler.cc:137] [Task #0: main] Trial #36: GFLOPs: 16.6066. Time: 27277.4267 us. Best GFLOPs: 115.8390
2026-04-07 16:07:01 [INFO] [task_scheduler.cc:137] [Task #0: main] Trial #37: GFLOPs: 92.5474. Time: 4894.6258 us. Best GFLOPs: 115.8390
2026-04-07 16:07:01 [INFO] [task_scheduler.cc:137] [Task #0: main] Trial #38: GFLOPs: 88.9921. Time: 5090.1718 us. Best GFLOPs: 115.8390
2026-04-07 16:07:01 [INFO] [task_scheduler.cc:137] [Task #0: main] Trial #39: GFLOPs: 93.4918. Time: 4845.1812 us. Best GFLOPs: 115.8390
2026-04-07 16:07:01 [INFO] [task_scheduler.cc:137] [Task #0: main] Trial #40: GFLOPs: 42.5280. Time: 10651.4558 us. Best GFLOPs: 115.8390
2026-04-07 16:07:01 [INFO] [task_scheduler.cc:137] [Task #0: main] Trial #41: GFLOPs: 88.0294. Time: 5145.8350 us. Best GFLOPs: 115.8390
2026-04-07 16:07:01 [INFO] [task_scheduler.cc:137] [Task #0: main] Trial #42: GFLOPs: 32.9723. Time: 13738.3611 us. Best GFLOPs: 115.8390
2026-04-07 16:07:01 [INFO] [task_scheduler.cc:137] [Task #0: main] Trial #43: GFLOPs: 85.3350. Time: 5308.3122 us. Best GFLOPs: 115.8390
2026-04-07 16:07:01 [INFO] [task_scheduler.cc:137] [Task #0: main] Trial #44: GFLOPs: 49.5673. Time: 9138.7825 us. Best GFLOPs: 115.8390
2026-04-07 16:07:01 [INFO] [task_scheduler.cc:137] [Task #0: main] Trial #45: GFLOPs: 17.9246. Time: 25271.7025 us. Best GFLOPs: 115.8390
2026-04-07 16:07:01 [INFO] [task_scheduler.cc:137] [Task #0: main] Trial #46: GFLOPs: 85.4788. Time: 5299.3810 us. Best GFLOPs: 115.8390
2026-04-07 16:07:01 [INFO] [task_scheduler.cc:137] [Task #0: main] Trial #47: GFLOPs: 58.0972. Time: 7797.0145 us. Best GFLOPs: 115.8390
2026-04-07 16:07:01 [INFO] [task_scheduler.cc:137] [Task #0: main] Trial #48: GFLOPs: 73.7777. Time: 6139.8644 us. Best GFLOPs: 115.8390
2026-04-07 16:07:01 [INFO] [task_scheduler.cc:137] [Task #0: main] Trial #49: GFLOPs: 34.4430. Time: 13151.7425 us. Best GFLOPs: 115.8390
2026-04-07 16:07:01 [INFO] [task_scheduler.cc:137] [Task #0: main] Trial #50: GFLOPs: 49.4895. Time: 9153.1414 us. Best GFLOPs: 115.8390
2026-04-07 16:07:01 [INFO] [task_scheduler.cc:137] [Task #0: main] Trial #51: GFLOPs: 108.4883. Time: 4175.4241 us. Best GFLOPs: 115.8390
2026-04-07 16:07:01 [INFO] [task_scheduler.cc:137] [Task #0: main] Trial #52: GFLOPs: 29.7911. Time: 15205.3782 us. Best GFLOPs: 115.8390
2026-04-07 16:07:01 [INFO] [task_scheduler.cc:137] [Task #0: main] Trial #53: GFLOPs: 68.4239. Time: 6620.2732 us. Best GFLOPs: 115.8390
2026-04-07 16:07:01 [INFO] [task_scheduler.cc:137] [Task #0: main] Trial #54: GFLOPs: 21.5417. Time: 21028.2625 us. Best GFLOPs: 115.8390
2026-04-07 16:07:01 [INFO] [task_scheduler.cc:137] [Task #0: main] Trial #55: GFLOPs: 57.5347. Time: 7873.2516 us. Best GFLOPs: 115.8390
2026-04-07 16:07:01 [INFO] [task_scheduler.cc:137] [Task #0: main] Trial #56: GFLOPs: 21.5038. Time: 21065.3272 us. Best GFLOPs: 115.8390
2026-04-07 16:07:01 [INFO] [task_scheduler.cc:137] [Task #0: main] Trial #57: GFLOPs: 116.3687. Time: 3892.6683 us. Best GFLOPs: 116.3687
2026-04-07 16:07:01 [INFO] [task_scheduler.cc:137] [Task #0: main] Trial #58: GFLOPs: 85.8126. Time: 5278.7684 us. Best GFLOPs: 116.3687
2026-04-07 16:07:01 [INFO] [task_scheduler.cc:137] [Task #0: main] Trial #59: GFLOPs: 5.0880. Time: 89029.8830 us. Best GFLOPs: 116.3687
2026-04-07 16:07:01 [INFO] [task_scheduler.cc:137] [Task #0: main] Trial #60: GFLOPs: 88.3634. Time: 5126.3834 us. Best GFLOPs: 116.3687
2026-04-07 16:07:01 [INFO] [task_scheduler.cc:137] [Task #0: main] Trial #61: GFLOPs: 30.4735. Time: 14864.8937 us. Best GFLOPs: 116.3687
2026-04-07 16:07:01 [INFO] [task_scheduler.cc:137] [Task #0: main] Trial #62: GFLOPs: 32.1723. Time: 14079.9490 us. Best GFLOPs: 116.3687
2026-04-07 16:07:01 [INFO] [task_scheduler.cc:137] [Task #0: main] Trial #63: GFLOPs: 28.9822. Time: 15629.7675 us. Best GFLOPs: 116.3687
2026-04-07 16:07:01 [INFO] [task_scheduler.cc:137] [Task #0: main] Trial #64: GFLOPs: 88.1795. Time: 5137.0768 us. Best GFLOPs: 116.3687
2026-04-07 16:07:01 [INFO] [evolutionary_search.cc:711] Generating candidates......
2026-04-07 16:07:01 [INFO] [evolutionary_search.cc:713] Picked top 64 candidate(s) from database
2026-04-07 16:07:01 [INFO] [evolutionary_search.cc:530] Sample-Init-Population summary:
Postproc #0 [meta_schedule.DisallowDynamicLoop(0x5bdf42523128)]: 0 failure(s)
Postproc #1 [meta_schedule.RewriteParallelVectorizeUnroll(0x5bdf41ea4448)]: 0 failure(s)
Postproc #2 [meta_schedule.RewriteReductionBlock(0x5bdf41e69a28)]: 0 failure(s)
Postproc #3 [meta_schedule.RewriteLayout(0x5bdf421de538)]: 0 failure(s)
2026-04-07 16:07:01 [INFO] [evolutionary_search.cc:721] Sampled 550 candidate(s)
2026-04-07 16:07:02 [INFO] [evolutionary_search.cc:619] Evolve iter #0 done. Summary:
Postproc #0 [meta_schedule.DisallowDynamicLoop(0x5bdf42523128)]: 0 failure(s)
Postproc #1 [meta_schedule.RewriteParallelVectorizeUnroll(0x5bdf41ea4448)]: 0 failure(s)
Postproc #2 [meta_schedule.RewriteReductionBlock(0x5bdf41e69a28)]: 0 failure(s)
Postproc #3 [meta_schedule.RewriteLayout(0x5bdf421de538)]: 0 failure(s)
2026-04-07 16:07:02 [INFO] [evolutionary_search.cc:619] Evolve iter #1 done. Summary:
Postproc #0 [meta_schedule.DisallowDynamicLoop(0x5bdf42523128)]: 0 failure(s)
Postproc #1 [meta_schedule.RewriteParallelVectorizeUnroll(0x5bdf41ea4448)]: 0 failure(s)
Postproc #2 [meta_schedule.RewriteReductionBlock(0x5bdf41e69a28)]: 0 failure(s)
Postproc #3 [meta_schedule.RewriteLayout(0x5bdf421de538)]: 0 failure(s)
2026-04-07 16:07:03 [INFO] [evolutionary_search.cc:619] Evolve iter #2 done. Summary:
Postproc #0 [meta_schedule.DisallowDynamicLoop(0x5bdf42523128)]: 0 failure(s)
Postproc #1 [meta_schedule.RewriteParallelVectorizeUnroll(0x5bdf41ea4448)]: 0 failure(s)
Postproc #2 [meta_schedule.RewriteReductionBlock(0x5bdf41e69a28)]: 0 failure(s)
Postproc #3 [meta_schedule.RewriteLayout(0x5bdf421de538)]: 0 failure(s)
2026-04-07 16:07:03 [INFO] [evolutionary_search.cc:619] Evolve iter #3 done. Summary:
Postproc #0 [meta_schedule.DisallowDynamicLoop(0x5bdf42523128)]: 0 failure(s)
Postproc #1 [meta_schedule.RewriteParallelVectorizeUnroll(0x5bdf41ea4448)]: 0 failure(s)
Postproc #2 [meta_schedule.RewriteReductionBlock(0x5bdf41e69a28)]: 0 failure(s)
Postproc #3 [meta_schedule.RewriteLayout(0x5bdf421de538)]: 0 failure(s)
2026-04-07 16:07:03 [INFO] [evolutionary_search.cc:647] Scores of the best 64 candidates:
[1 : 16]:	0.9993  0.9992  0.9990  0.9983  0.9976  0.9970  0.9960  0.9950  0.9943  0.9942  0.9940  0.9939  0.9938  0.9932  0.9928  0.9925
[17 : 32]:	0.9921  0.9916  0.9914  0.9912  0.9901  0.9893  0.9887  0.9884  0.9883  0.9876  0.9869  0.9869  0.9868  0.9867  0.9858  0.9854
[33 : 48]:	0.9835  0.9832  0.9825  0.9825  0.9822  0.9818  0.9810  0.9808  0.9800  0.9798  0.9796  0.9792  0.9788  0.9779  0.9778  0.9776
[49 : 64]:	0.9773  0.9754  0.9754  0.9753  0.9752  0.9749  0.9737  0.9730  0.9722  0.9710  0.9707  0.9707  0.9704  0.9699  0.9696  0.9693
2026-04-07 16:07:03 [INFO] [evolutionary_search.cc:725] Got 64 candidate(s) with evolutionary search
2026-04-07 16:07:03 [INFO] [evolutionary_search.cc:728] Sending 64 candidates(s) for measurement
2026-04-07 16:07:37 [INFO] [task_scheduler.cc:137] [Task #0: main] Trial #65: GFLOPs: 11.2848. Time: 40140.9918 us. Best GFLOPs: 116.3687
2026-04-07 16:07:37 [INFO] [task_scheduler.cc:137] [Task #0: main] Trial #66: GFLOPs: 17.6629. Time: 25646.1867 us. Best GFLOPs: 116.3687
2026-04-07 16:07:37 [INFO] [task_scheduler.cc:137] [Task #0: main] Trial #67: GFLOPs: 31.5137. Time: 14374.2263 us. Best GFLOPs: 116.3687
2026-04-07 16:07:37 [INFO] [task_scheduler.cc:137] [Task #0: main] Trial #68: GFLOPs: 22.0340. Time: 20558.4700 us. Best GFLOPs: 116.3687
2026-04-07 16:07:37 [INFO] [task_scheduler.cc:137] [Task #0: main] Trial #69: GFLOPs: 30.4016. Time: 14900.0140 us. Best GFLOPs: 116.3687
2026-04-07 16:07:37 [INFO] [task_scheduler.cc:137] [Task #0: main] Trial #70: GFLOPs: 3.7956. Time: 119346.1165 us. Best GFLOPs: 116.3687
2026-04-07 16:07:37 [INFO] [task_scheduler.cc:137] [Task #0: main] Trial #71: GFLOPs: 19.8689. Time: 22798.6435 us. Best GFLOPs: 116.3687
2026-04-07 16:07:37 [INFO] [task_scheduler.cc:137] [Task #0: main] Trial #72: GFLOPs: 11.8988. Time: 38069.8835 us. Best GFLOPs: 116.3687
2026-04-07 16:07:37 [INFO] [task_scheduler.cc:137] [Task #0: main] Trial #73: GFLOPs: 15.5968. Time: 29043.4872 us. Best GFLOPs: 116.3687
2026-04-07 16:07:37 [INFO] [task_scheduler.cc:137] [Task #0: main] Trial #74: GFLOPs: 17.1564. Time: 26403.2990 us. Best GFLOPs: 116.3687
2026-04-07 16:07:37 [INFO] [task_scheduler.cc:137] [Task #0: main] Trial #75: GFLOPs: 6.9809. Time: 64888.7685 us. Best GFLOPs: 116.3687
2026-04-07 16:07:37 [INFO] [task_scheduler.cc:137] [Task #0: main] Trial #76: GFLOPs: 48.7761. Time: 9287.0213 us. Best GFLOPs: 116.3687
2026-04-07 16:07:37 [INFO] [task_scheduler.cc:137] [Task #0: main] Trial #77: GFLOPs: 25.4650. Time: 17788.5360 us. Best GFLOPs: 116.3687
2026-04-07 16:07:37 [INFO] [task_scheduler.cc:137] [Task #0: main] Trial #78: GFLOPs: 20.7421. Time: 21838.9265 us. Best GFLOPs: 116.3687
2026-04-07 16:07:37 [INFO] [task_scheduler.cc:137] [Task #0: main] Trial #79: GFLOPs: 8.1107. Time: 55850.4160 us. Best GFLOPs: 116.3687
2026-04-07 16:07:37 [INFO] [task_scheduler.cc:137] [Task #0: main] Trial #80: GFLOPs: 10.6125. Time: 42684.2820 us. Best GFLOPs: 116.3687
2026-04-07 16:07:37 [INFO] [task_scheduler.cc:137] [Task #0: main] Trial #81: GFLOPs: 13.7963. Time: 32833.6930 us. Best GFLOPs: 116.3687
2026-04-07 16:07:37 [INFO] [task_scheduler.cc:137] [Task #0: main] Trial #82: GFLOPs: 24.9498. Time: 18155.8543 us. Best GFLOPs: 116.3687
2026-04-07 16:07:37 [INFO] [task_scheduler.cc:137] [Task #0: main] Trial #83: GFLOPs: 46.1692. Time: 9811.3998 us. Best GFLOPs: 116.3687
2026-04-07 16:07:37 [INFO] [task_scheduler.cc:137] [Task #0: main] Trial #84: GFLOPs: 45.9273. Time: 9863.0926 us. Best GFLOPs: 116.3687
2026-04-07 16:07:37 [INFO] [task_scheduler.cc:137] [Task #0: main] Trial #85: GFLOPs: 67.8265. Time: 6678.5771 us. Best GFLOPs: 116.3687
2026-04-07 16:07:37 [INFO] [task_scheduler.cc:137] [Task #0: main] Trial #86: GFLOPs: 40.7422. Time: 11118.3286 us. Best GFLOPs: 116.3687
2026-04-07 16:07:37 [INFO] [task_scheduler.cc:137] [Task #0: main] Trial #87: GFLOPs: 51.8410. Time: 8737.9684 us. Best GFLOPs: 116.3687
2026-04-07 16:07:37 [INFO] [task_scheduler.cc:137] [Task #0: main] Trial #88: GFLOPs: 58.7001. Time: 7716.9317 us. Best GFLOPs: 116.3687
2026-04-07 16:07:37 [INFO] [task_scheduler.cc:137] [Task #0: main] Trial #89: GFLOPs: 13.7005. Time: 33063.4602 us. Best GFLOPs: 116.3687
2026-04-07 16:07:37 [INFO] [task_scheduler.cc:137] [Task #0: main] Trial #90: GFLOPs: 12.2665. Time: 36928.5108 us. Best GFLOPs: 116.3687
2026-04-07 16:07:37 [INFO] [task_scheduler.cc:137] [Task #0: main] Trial #91: GFLOPs: 53.6100. Time: 8449.6345 us. Best GFLOPs: 116.3687
2026-04-07 16:07:37 [INFO] [task_scheduler.cc:137] [Task #0: main] Trial #92: GFLOPs: 3.0446. Time: 148782.7600 us. Best GFLOPs: 116.3687
2026-04-07 16:07:37 [INFO] [task_scheduler.cc:137] [Task #0: main] Trial #93: GFLOPs: 64.4053. Time: 7033.3420 us. Best GFLOPs: 116.3687
2026-04-07 16:07:37 [INFO] [task_scheduler.cc:137] [Task #0: main] Trial #94: GFLOPs: 21.7635. Time: 20813.9652 us. Best GFLOPs: 116.3687
2026-04-07 16:07:37 [INFO] [task_scheduler.cc:137] [Task #0: main] Trial #95: GFLOPs: 47.1465. Time: 9608.0249 us. Best GFLOPs: 116.3687
2026-04-07 16:07:37 [INFO] [task_scheduler.cc:137] [Task #0: main] Trial #96: GFLOPs: 64.1606. Time: 7060.1685 us. Best GFLOPs: 116.3687
2026-04-07 16:07:37 [INFO] [task_scheduler.cc:137] [Task #0: main] Trial #97: GFLOPs: 17.9386. Time: 25251.9397 us. Best GFLOPs: 116.3687
2026-04-07 16:07:37 [INFO] [task_scheduler.cc:137] [Task #0: main] Trial #98: GFLOPs: 30.3292. Time: 14935.6155 us. Best GFLOPs: 116.3687
2026-04-07 16:07:37 [INFO] [task_scheduler.cc:137] [Task #0: main] Trial #99: GFLOPs: 64.7620. Time: 6994.6137 us. Best GFLOPs: 116.3687
2026-04-07 16:07:37 [INFO] [task_scheduler.cc:137] [Task #0: main] Trial #100: GFLOPs: 17.3519. Time: 26105.7948 us. Best GFLOPs: 116.3687
2026-04-07 16:07:37 [INFO] [task_scheduler.cc:137] [Task #0: main] Trial #101: GFLOPs: 34.1140. Time: 13278.5757 us. Best GFLOPs: 116.3687
2026-04-07 16:07:37 [INFO] [task_scheduler.cc:137] [Task #0: main] Trial #102: GFLOPs: 21.9806. Time: 20608.4342 us. Best GFLOPs: 116.3687
2026-04-07 16:07:37 [INFO] [task_scheduler.cc:137] [Task #0: main] Trial #103: GFLOPs: 29.7850. Time: 15208.4798 us. Best GFLOPs: 116.3687
2026-04-07 16:07:37 [INFO] [task_scheduler.cc:137] [Task #0: main] Trial #104: GFLOPs: 20.7329. Time: 21848.5877 us. Best GFLOPs: 116.3687
2026-04-07 16:07:37 [INFO] [task_scheduler.cc:137] [Task #0: main] Trial #105: GFLOPs: 13.1269. Time: 34508.0350 us. Best GFLOPs: 116.3687
2026-04-07 16:07:37 [INFO] [task_scheduler.cc:137] [Task #0: main] Trial #106: GFLOPs: 5.7954. Time: 78162.9270 us. Best GFLOPs: 116.3687
2026-04-07 16:07:37 [INFO] [task_scheduler.cc:137] [Task #0: main] Trial #107: GFLOPs: 70.0906. Time: 6462.8492 us. Best GFLOPs: 116.3687
2026-04-07 16:07:37 [INFO] [task_scheduler.cc:137] [Task #0: main] Trial #108: GFLOPs: 17.7694. Time: 25492.4722 us. Best GFLOPs: 116.3687
2026-04-07 16:07:37 [INFO] [task_scheduler.cc:137] [Task #0: main] Trial #109: GFLOPs: 77.4796. Time: 5846.5054 us. Best GFLOPs: 116.3687
2026-04-07 16:07:37 [INFO] [task_scheduler.cc:137] [Task #0: main] Trial #110: GFLOPs: 70.7027. Time: 6406.8959 us. Best GFLOPs: 116.3687
2026-04-07 16:07:37 [INFO] [task_scheduler.cc:137] [Task #0: main] Trial #111: GFLOPs: 35.5306. Time: 12749.1600 us. Best GFLOPs: 116.3687
2026-04-07 16:07:37 [INFO] [task_scheduler.cc:137] [Task #0: main] Trial #112: GFLOPs: 102.7379. Time: 4409.1286 us. Best GFLOPs: 116.3687
2026-04-07 16:07:37 [INFO] [task_scheduler.cc:137] [Task #0: main] Trial #113: GFLOPs: 13.5304. Time: 33478.9947 us. Best GFLOPs: 116.3687
2026-04-07 16:07:37 [INFO] [task_scheduler.cc:137] [Task #0: main] Trial #114: GFLOPs: 23.4084. Time: 19351.3750 us. Best GFLOPs: 116.3687
2026-04-07 16:07:37 [INFO] [task_scheduler.cc:137] [Task #0: main] Trial #115: GFLOPs: 43.3796. Time: 10442.3497 us. Best GFLOPs: 116.3687
2026-04-07 16:07:37 [INFO] [task_scheduler.cc:137] [Task #0: main] Trial #116: GFLOPs: 24.1590. Time: 18750.1323 us. Best GFLOPs: 116.3687
2026-04-07 16:07:37 [INFO] [task_scheduler.cc:137] [Task #0: main] Trial #117: GFLOPs: 59.8237. Time: 7571.9958 us. Best GFLOPs: 116.3687
2026-04-07 16:07:37 [INFO] [task_scheduler.cc:137] [Task #0: main] Trial #118: GFLOPs: 22.4217. Time: 20202.9865 us. Best GFLOPs: 116.3687
2026-04-07 16:07:37 [INFO] [task_scheduler.cc:137] [Task #0: main] Trial #119: GFLOPs: 73.5078. Time: 6162.4035 us. Best GFLOPs: 116.3687
2026-04-07 16:07:37 [INFO] [task_scheduler.cc:137] [Task #0: main] Trial #120: GFLOPs: 71.8211. Time: 6307.1295 us. Best GFLOPs: 116.3687
2026-04-07 16:07:37 [INFO] [task_scheduler.cc:137] [Task #0: main] Trial #121: GFLOPs: 113.9557. Time: 3975.0956 us. Best GFLOPs: 116.3687
2026-04-07 16:07:37 [INFO] [task_scheduler.cc:137] [Task #0: main] Trial #122: GFLOPs: 40.8941. Time: 11077.0216 us. Best GFLOPs: 116.3687
2026-04-07 16:07:37 [INFO] [task_scheduler.cc:137] [Task #0: main] Trial #123: GFLOPs: 61.3243. Time: 7386.7069 us. Best GFLOPs: 116.3687
2026-04-07 16:07:37 [INFO] [task_scheduler.cc:137] [Task #0: main] Trial #124: GFLOPs: 24.6790. Time: 18355.0353 us. Best GFLOPs: 116.3687
2026-04-07 16:07:37 [INFO] [task_scheduler.cc:137] [Task #0: main] Trial #125: GFLOPs: 77.2570. Time: 5863.3509 us. Best GFLOPs: 116.3687
2026-04-07 16:07:37 [INFO] [task_scheduler.cc:137] [Task #0: main] Trial #126: GFLOPs: 76.8761. Time: 5892.4014 us. Best GFLOPs: 116.3687
2026-04-07 16:07:37 [INFO] [task_scheduler.cc:137] [Task #0: main] Trial #127: GFLOPs: 71.0939. Time: 6371.6442 us. Best GFLOPs: 116.3687
2026-04-07 16:07:37 [INFO] [task_scheduler.cc:137] [Task #0: main] Trial #128: GFLOPs: 6.7590. Time: 67019.8380 us. Best GFLOPs: 116.3687
2026-04-07 16:07:37 [INFO] [evolutionary_search.cc:711] Generating candidates......
2026-04-07 16:07:37 [INFO] [evolutionary_search.cc:713] Picked top 122 candidate(s) from database
2026-04-07 16:07:37 [INFO] [evolutionary_search.cc:530] Sample-Init-Population summary:
Postproc #0 [meta_schedule.DisallowDynamicLoop(0x5bdf42523128)]: 0 failure(s)
Postproc #1 [meta_schedule.RewriteParallelVectorizeUnroll(0x5bdf41ea4448)]: 0 failure(s)
Postproc #2 [meta_schedule.RewriteReductionBlock(0x5bdf41e69a28)]: 0 failure(s)
Postproc #3 [meta_schedule.RewriteLayout(0x5bdf421de538)]: 0 failure(s)
2026-04-07 16:07:37 [INFO] [evolutionary_search.cc:721] Sampled 492 candidate(s)
2026-04-07 16:07:38 [INFO] [evolutionary_search.cc:619] Evolve iter #0 done. Summary:
Postproc #0 [meta_schedule.DisallowDynamicLoop(0x5bdf42523128)]: 0 failure(s)
Postproc #1 [meta_schedule.RewriteParallelVectorizeUnroll(0x5bdf41ea4448)]: 0 failure(s)
Postproc #2 [meta_schedule.RewriteReductionBlock(0x5bdf41e69a28)]: 0 failure(s)
Postproc #3 [meta_schedule.RewriteLayout(0x5bdf421de538)]: 0 failure(s)
2026-04-07 16:07:40 [INFO] [evolutionary_search.cc:619] Evolve iter #1 done. Summary:
Postproc #0 [meta_schedule.DisallowDynamicLoop(0x5bdf42523128)]: 0 failure(s)
Postproc #1 [meta_schedule.RewriteParallelVectorizeUnroll(0x5bdf41ea4448)]: 0 failure(s)
Postproc #2 [meta_schedule.RewriteReductionBlock(0x5bdf41e69a28)]: 0 failure(s)
Postproc #3 [meta_schedule.RewriteLayout(0x5bdf421de538)]: 0 failure(s)
2026-04-07 16:07:41 [INFO] [evolutionary_search.cc:619] Evolve iter #2 done. Summary:
Postproc #0 [meta_schedule.DisallowDynamicLoop(0x5bdf42523128)]: 0 failure(s)
Postproc #1 [meta_schedule.RewriteParallelVectorizeUnroll(0x5bdf41ea4448)]: 0 failure(s)
Postproc #2 [meta_schedule.RewriteReductionBlock(0x5bdf41e69a28)]: 0 failure(s)
Postproc #3 [meta_schedule.RewriteLayout(0x5bdf421de538)]: 0 failure(s)
2026-04-07 16:07:42 [INFO] [evolutionary_search.cc:619] Evolve iter #3 done. Summary:
Postproc #0 [meta_schedule.DisallowDynamicLoop(0x5bdf42523128)]: 0 failure(s)
Postproc #1 [meta_schedule.RewriteParallelVectorizeUnroll(0x5bdf41ea4448)]: 0 failure(s)
Postproc #2 [meta_schedule.RewriteReductionBlock(0x5bdf41e69a28)]: 0 failure(s)
Postproc #3 [meta_schedule.RewriteLayout(0x5bdf421de538)]: 0 failure(s)
2026-04-07 16:07:43 [INFO] [evolutionary_search.cc:647] Scores of the best 26 candidates:
[1 : 16]:	0.9917  0.9917  0.9716  0.9716  0.9710  0.9607  0.9561  0.9559  0.9545  0.9545  0.9545  0.9545  0.9520  0.9520  0.9520  0.9496
[17 : 26]:	0.9450  0.9287  0.9262  0.9262  0.9236  0.9229  0.9222  0.9212  0.9209  0.9191
2026-04-07 16:07:43 [INFO] [evolutionary_search.cc:725] Got 26 candidate(s) with evolutionary search
2026-04-07 16:07:43 [INFO] [evolutionary_search.cc:728] Sending 26 candidates(s) for measurement
2026-04-07 16:33:47 [INFO] [task_scheduler.cc:137] [Task #0: main] Trial #129: GFLOPs: 90.9279. Time: 4981.8003 us. Best GFLOPs: 116.3687
2026-04-07 16:33:47 [INFO] [task_scheduler.cc:137] [Task #0: main] Trial #130: GFLOPs: 75.5722. Time: 5994.0644 us. Best GFLOPs: 116.3687
2026-04-07 16:33:47 [INFO] [task_scheduler.cc:137] [Task #0: main] Trial #131: GFLOPs: 117.5929. Time: 3852.1452 us. Best GFLOPs: 117.5929
2026-04-07 16:33:47 [INFO] [task_scheduler.cc:137] [Task #0: main] Trial #132: GFLOPs: 72.4560. Time: 6251.8591 us. Best GFLOPs: 117.5929
2026-04-07 16:33:47 [INFO] [task_scheduler.cc:137] [Task #0: main] Trial #133: GFLOPs: 31.0778. Time: 14575.8199 us. Best GFLOPs: 117.5929
2026-04-07 16:33:47 [INFO] [task_scheduler.cc:137] [Task #0: main] Trial #134: GFLOPs: 43.1006. Time: 10509.9444 us. Best GFLOPs: 117.5929
2026-04-07 16:33:47 [INFO] [task_scheduler.cc:137] [Task #0: main] Trial #135: GFLOPs: 45.8722. Time: 9874.9307 us. Best GFLOPs: 117.5929
2026-04-07 16:33:47 [INFO] [task_scheduler.cc:137] [Task #0: main] Trial #136: GFLOPs: 69.0873. Time: 6556.6972 us. Best GFLOPs: 117.5929
2026-04-07 16:33:47 [INFO] [task_scheduler.cc:137] [Task #0: main] Trial #137: GFLOPs: 87.9028. Time: 5153.2497 us. Best GFLOPs: 117.5929
2026-04-07 16:33:47 [INFO] [task_scheduler.cc:137] [Task #0: main] Trial #138: GFLOPs: 104.5899. Time: 4331.0562 us. Best GFLOPs: 117.5929
2026-04-07 16:33:47 [INFO] [task_scheduler.cc:137] [Task #0: main] Trial #139: GFLOPs: 71.9896. Time: 6292.3688 us. Best GFLOPs: 117.5929
2026-04-07 16:33:47 [INFO] [task_scheduler.cc:137] [Task #0: main] Trial #140: GFLOPs: 23.8901. Time: 18961.1928 us. Best GFLOPs: 117.5929
2026-04-07 16:33:47 [INFO] [task_scheduler.cc:137] [Task #0: main] Trial #141: GFLOPs: 72.8483. Time: 6218.1920 us. Best GFLOPs: 117.5929
2026-04-07 16:33:47 [INFO] [task_scheduler.cc:137] [Task #0: main] Trial #142: GFLOPs: 59.2144. Time: 7649.9146 us. Best GFLOPs: 117.5929
2026-04-07 16:33:47 [INFO] [task_scheduler.cc:137] [Task #0: main] Trial #143: GFLOPs: 61.1319. Time: 7409.9604 us. Best GFLOPs: 117.5929
2026-04-07 16:33:47 [INFO] [task_scheduler.cc:137] [Task #0: main] Trial #144: GFLOPs: 50.7309. Time: 8929.1741 us. Best GFLOPs: 117.5929
2026-04-07 16:33:47 [INFO] [task_scheduler.cc:137] [Task #0: main] Trial #145: GFLOPs: 36.5722. Time: 12386.0453 us. Best GFLOPs: 117.5929
2026-04-07 16:33:47 [INFO] [task_scheduler.cc:137] [Task #0: main] Trial #146: GFLOPs: 73.8129. Time: 6136.9344 us. Best GFLOPs: 117.5929
2026-04-07 16:33:47 [INFO] [task_scheduler.cc:137] [Task #0: main] Trial #147: GFLOPs: 60.8910. Time: 7439.2772 us. Best GFLOPs: 117.5929
2026-04-07 16:33:47 [INFO] [task_scheduler.cc:137] [Task #0: main] Trial #148: GFLOPs: 30.4300. Time: 14886.1328 us. Best GFLOPs: 117.5929
2026-04-07 16:33:47 [INFO] [task_scheduler.cc:137] [Task #0: main] Trial #149: GFLOPs: 30.1459. Time: 15026.3934 us. Best GFLOPs: 117.5929
2026-04-07 16:33:47 [INFO] [task_scheduler.cc:137] [Task #0: main] Trial #150: GFLOPs: 103.9768. Time: 4356.5960 us. Best GFLOPs: 117.5929
2026-04-07 16:33:47 [INFO] [task_scheduler.cc:137] [Task #0: main] Trial #151: GFLOPs: 88.9615. Time: 5091.9195 us. Best GFLOPs: 117.5929
2026-04-07 16:33:47 [INFO] [task_scheduler.cc:137] [Task #0: main] Trial #152: GFLOPs: 64.3384. Time: 7040.6646 us. Best GFLOPs: 117.5929
2026-04-07 16:33:47 [INFO] [task_scheduler.cc:137] [Task #0: main] Trial #153: GFLOPs: 63.4208. Time: 7142.5263 us. Best GFLOPs: 117.5929
2026-04-07 16:33:47 [INFO] [task_scheduler.cc:137] [Task #0: main] Trial #154: GFLOPs: 36.0276. Time: 12573.2899 us. Best GFLOPs: 117.5929
