2026-04-07 17:42:13 [INFO] [task_scheduler.cc:166] Initializing Task #0: "main"
2026-04-07 17:42:13 [INFO] [task_scheduler.cc:41] 
# from tvm.script import ir as I
# from tvm.script import tir as T

@I.ir_module
class Module:
    @T.prim_func
    def main(A: T.Buffer((128, 768), "float32"), B: T.Buffer((768, 3072), "float32"), C: T.Buffer((128, 3072), "float32")):
        T.func_attr({"tir.noalias": True})
        # with T.block("root"):
        for i, j, k in T.grid(128, 3072, 768):
            with T.block("C"):
                vi, vj, vk = T.axis.remap("SSR", [i, j, k])
                T.reads(A[vi, vk], B[vk, vj])
                T.writes(C[vi, vj])
                with T.init():
                    C[vi, vj] = T.float32(0.0)
                C[vi, vj] = C[vi, vj] + A[vi, vk] * B[vk, vj]
2026-04-07 17:42:13 [INFO] [task_scheduler.cc:170] Total 3 design space(s) generated
2026-04-07 17:42:13 [INFO] [task_scheduler.cc:176] Design space #0:
# from tvm.script import ir as I
# from tvm.script import tir as T

@I.ir_module
class Module:
    @T.prim_func
    def main(A: T.Buffer((128, 768), "float32"), B: T.Buffer((768, 3072), "float32"), C: T.Buffer((128, 3072), "float32")):
        T.func_attr({"tir.noalias": True})
        with T.block("root"):
            T.reads()
            T.writes()
            T.block_attr({"meta_schedule.parallel": 128, "meta_schedule.unroll_explicit": 0, "meta_schedule.vectorize": 64})
            C_global = T.alloc_buffer((128, 3072))
            for i_0, j_0, i_1, j_1 in T.grid(32, 8, 2, 24):
                for k_0, i_2, j_2, k_1, i_3, j_3 in T.grid(48, 1, 8, 16, 2, 2):
                    with T.block("C"):
                        vi = T.axis.spatial(128, i_0 * 4 + i_1 * 2 + i_2 * 2 + i_3)
                        vj = T.axis.spatial(3072, j_0 * 384 + j_1 * 16 + j_2 * 2 + j_3)
                        vk = T.axis.reduce(768, k_0 * 16 + k_1)
                        T.reads(A[vi, vk], B[vk, vj])
                        T.writes(C_global[vi, vj])
                        T.block_attr({"meta_schedule.tiling_structure": "SSRSRS"})
                        with T.init():
                            C_global[vi, vj] = T.float32(0.0)
                        C_global[vi, vj] = C_global[vi, vj] + A[vi, vk] * B[vk, vj]
                for ax0, ax1 in T.grid(2, 16):
                    with T.block("C_global"):
                        v0 = T.axis.spatial(128, i_0 * 4 + i_1 * 2 + ax0)
                        v1 = T.axis.spatial(3072, j_0 * 384 + j_1 * 16 + ax1)
                        T.reads(C_global[v0, v1])
                        T.writes(C[v0, v1])
                        C[v0, v1] = C_global[v0, v1]
b0 = sch.get_block(name="C", func_name="main")
b1 = sch.get_block(name="root", func_name="main")
sch.annotate(block_or_loop=b0, ann_key="meta_schedule.tiling_structure", ann_val="SSRSRS")
l2, l3, l4 = sch.get_loops(block=b0)
v5, v6, v7, v8 = sch.sample_perfect_tile(loop=l2, n=4, max_innermost_factor=64, decision=[32, 2, 1, 2])
l9, l10, l11, l12 = sch.split(loop=l2, factors=[v5, v6, v7, v8], preserve_unit_iters=True, disable_predication=False)
v13, v14, v15, v16 = sch.sample_perfect_tile(loop=l3, n=4, max_innermost_factor=64, decision=[8, 24, 8, 2])
l17, l18, l19, l20 = sch.split(loop=l3, factors=[v13, v14, v15, v16], preserve_unit_iters=True, disable_predication=False)
v21, v22 = sch.sample_perfect_tile(loop=l4, n=2, max_innermost_factor=64, decision=[48, 16])
l23, l24 = sch.split(loop=l4, factors=[v21, v22], preserve_unit_iters=True, disable_predication=False)
sch.reorder(l9, l17, l10, l18, l23, l11, l19, l24, l12, l20)
b25 = sch.cache_write(block=b0, write_buffer_index=0, storage_scope="global")
sch.reverse_compute_at(block=b25, loop=l18, preserve_unit_loops=True, index=-1)
sch.annotate(block_or_loop=b1, ann_key="meta_schedule.parallel", ann_val=128)
sch.annotate(block_or_loop=b1, ann_key="meta_schedule.vectorize", ann_val=64)
v26 = sch.sample_categorical(candidates=[0, 16, 64, 512], probs=[0.25, 0.25, 0.25, 0.25], decision=0)
sch.annotate(block_or_loop=b1, ann_key="meta_schedule.unroll_explicit", ann_val=v26)
2026-04-07 17:42:13 [INFO] [task_scheduler.cc:176] Design space #1:
# from tvm.script import ir as I
# from tvm.script import tir as T

@I.ir_module
class Module:
    @T.prim_func
    def main(A: T.Buffer((128, 768), "float32"), B: T.Buffer((768, 3072), "float32"), C: T.Buffer((128, 3072), "float32")):
        T.func_attr({"tir.noalias": True})
        with T.block("root"):
            T.reads()
            T.writes()
            T.block_attr({"meta_schedule.parallel": 128, "meta_schedule.unroll_explicit": 64, "meta_schedule.vectorize": 64})
            C_global = T.alloc_buffer((128, 3072))
            for i_0, j_0 in T.grid(32, 8):
                for i_1, j_1, k_0, i_2, j_2, k_1, i_3, j_3 in T.grid(2, 24, 48, 1, 8, 16, 2, 2):
                    with T.block("C"):
                        vi = T.axis.spatial(128, i_0 * 4 + i_1 * 2 + i_2 * 2 + i_3)
                        vj = T.axis.spatial(3072, j_0 * 384 + j_1 * 16 + j_2 * 2 + j_3)
                        vk = T.axis.reduce(768, k_0 * 16 + k_1)
                        T.reads(A[vi, vk], B[vk, vj])
                        T.writes(C_global[vi, vj])
                        T.block_attr({"meta_schedule.tiling_structure": "SSRSRS"})
                        with T.init():
                            C_global[vi, vj] = T.float32(0.0)
                        C_global[vi, vj] = C_global[vi, vj] + A[vi, vk] * B[vk, vj]
                for ax0, ax1 in T.grid(4, 384):
                    with T.block("C_global"):
                        v0 = T.axis.spatial(128, i_0 * 4 + ax0)
                        v1 = T.axis.spatial(3072, j_0 * 384 + ax1)
                        T.reads(C_global[v0, v1])
                        T.writes(C[v0, v1])
                        C[v0, v1] = C_global[v0, v1]
b0 = sch.get_block(name="C", func_name="main")
b1 = sch.get_block(name="root", func_name="main")
sch.annotate(block_or_loop=b0, ann_key="meta_schedule.tiling_structure", ann_val="SSRSRS")
l2, l3, l4 = sch.get_loops(block=b0)
v5, v6, v7, v8 = sch.sample_perfect_tile(loop=l2, n=4, max_innermost_factor=64, decision=[32, 2, 1, 2])
l9, l10, l11, l12 = sch.split(loop=l2, factors=[v5, v6, v7, v8], preserve_unit_iters=True, disable_predication=False)
v13, v14, v15, v16 = sch.sample_perfect_tile(loop=l3, n=4, max_innermost_factor=64, decision=[8, 24, 8, 2])
l17, l18, l19, l20 = sch.split(loop=l3, factors=[v13, v14, v15, v16], preserve_unit_iters=True, disable_predication=False)
v21, v22 = sch.sample_perfect_tile(loop=l4, n=2, max_innermost_factor=64, decision=[48, 16])
l23, l24 = sch.split(loop=l4, factors=[v21, v22], preserve_unit_iters=True, disable_predication=False)
sch.reorder(l9, l17, l10, l18, l23, l11, l19, l24, l12, l20)
b25 = sch.cache_write(block=b0, write_buffer_index=0, storage_scope="global")
sch.reverse_compute_at(block=b25, loop=l17, preserve_unit_loops=True, index=-1)
sch.annotate(block_or_loop=b1, ann_key="meta_schedule.parallel", ann_val=128)
sch.annotate(block_or_loop=b1, ann_key="meta_schedule.vectorize", ann_val=64)
v26 = sch.sample_categorical(candidates=[0, 16, 64, 512], probs=[0.25, 0.25, 0.25, 0.25], decision=2)
sch.annotate(block_or_loop=b1, ann_key="meta_schedule.unroll_explicit", ann_val=v26)
2026-04-07 17:42:13 [INFO] [task_scheduler.cc:176] Design space #2:
# from tvm.script import ir as I
# from tvm.script import tir as T

@I.ir_module
class Module:
    @T.prim_func
    def main(A: T.Buffer((128, 768), "float32"), B: T.Buffer((768, 3072), "float32"), C: T.Buffer((128, 3072), "float32")):
        T.func_attr({"tir.noalias": True})
        with T.block("root"):
            T.reads()
            T.writes()
            T.block_attr({"meta_schedule.parallel": 128, "meta_schedule.unroll_explicit": 64, "meta_schedule.vectorize": 64})
            for i_0, j_0, i_1, j_1, k_0, i_2, j_2, k_1, i_3, j_3 in T.grid(32, 8, 2, 24, 48, 1, 8, 16, 2, 2):
                with T.block("C"):
                    vi = T.axis.spatial(128, i_0 * 4 + i_1 * 2 + i_2 * 2 + i_3)
                    vj = T.axis.spatial(3072, j_0 * 384 + j_1 * 16 + j_2 * 2 + j_3)
                    vk = T.axis.reduce(768, k_0 * 16 + k_1)
                    T.reads(A[vi, vk], B[vk, vj])
                    T.writes(C[vi, vj])
                    T.block_attr({"meta_schedule.tiling_structure": "SSRSRS"})
                    with T.init():
                        C[vi, vj] = T.float32(0.0)
                    C[vi, vj] = C[vi, vj] + A[vi, vk] * B[vk, vj]
b0 = sch.get_block(name="C", func_name="main")
b1 = sch.get_block(name="root", func_name="main")
sch.annotate(block_or_loop=b0, ann_key="meta_schedule.tiling_structure", ann_val="SSRSRS")
l2, l3, l4 = sch.get_loops(block=b0)
v5, v6, v7, v8 = sch.sample_perfect_tile(loop=l2, n=4, max_innermost_factor=64, decision=[32, 2, 1, 2])
l9, l10, l11, l12 = sch.split(loop=l2, factors=[v5, v6, v7, v8], preserve_unit_iters=True, disable_predication=False)
v13, v14, v15, v16 = sch.sample_perfect_tile(loop=l3, n=4, max_innermost_factor=64, decision=[8, 24, 8, 2])
l17, l18, l19, l20 = sch.split(loop=l3, factors=[v13, v14, v15, v16], preserve_unit_iters=True, disable_predication=False)
v21, v22 = sch.sample_perfect_tile(loop=l4, n=2, max_innermost_factor=64, decision=[48, 16])
l23, l24 = sch.split(loop=l4, factors=[v21, v22], preserve_unit_iters=True, disable_predication=False)
sch.reorder(l9, l17, l10, l18, l23, l11, l19, l24, l12, l20)
sch.annotate(block_or_loop=b1, ann_key="meta_schedule.parallel", ann_val=128)
sch.annotate(block_or_loop=b1, ann_key="meta_schedule.vectorize", ann_val=64)
v25 = sch.sample_categorical(candidates=[0, 16, 64, 512], probs=[0.25, 0.25, 0.25, 0.25], decision=2)
sch.annotate(block_or_loop=b1, ann_key="meta_schedule.unroll_explicit", ann_val=v25)
2026-04-07 17:42:13 [INFO] [evolutionary_search.cc:711] Generating candidates......
2026-04-07 17:42:13 [INFO] [evolutionary_search.cc:713] Picked top 0 candidate(s) from database
2026-04-07 17:42:14 [INFO] [evolutionary_search.cc:530] Sample-Init-Population summary:
Postproc #0 [meta_schedule.DisallowDynamicLoop(0x5bdf44a15808)]: 0 failure(s)
Postproc #1 [meta_schedule.RewriteParallelVectorizeUnroll(0x5bdf436b1d88)]: 0 failure(s)
Postproc #2 [meta_schedule.RewriteReductionBlock(0x5bdf449ce6c8)]: 0 failure(s)
Postproc #3 [meta_schedule.RewriteLayout(0x5bdf447be608)]: 0 failure(s)
2026-04-07 17:42:14 [INFO] [evolutionary_search.cc:721] Sampled 304 candidate(s)
2026-04-07 17:42:14 [INFO] [evolutionary_search.cc:619] Evolve iter #0 done. Summary:
Postproc #0 [meta_schedule.DisallowDynamicLoop(0x5bdf44a15808)]: 0 failure(s)
Postproc #1 [meta_schedule.RewriteParallelVectorizeUnroll(0x5bdf436b1d88)]: 0 failure(s)
Postproc #2 [meta_schedule.RewriteReductionBlock(0x5bdf449ce6c8)]: 0 failure(s)
Postproc #3 [meta_schedule.RewriteLayout(0x5bdf447be608)]: 0 failure(s)
2026-04-07 17:42:14 [INFO] [evolutionary_search.cc:619] Evolve iter #1 done. Summary:
Postproc #0 [meta_schedule.DisallowDynamicLoop(0x5bdf44a15808)]: 0 failure(s)
Postproc #1 [meta_schedule.RewriteParallelVectorizeUnroll(0x5bdf436b1d88)]: 0 failure(s)
Postproc #2 [meta_schedule.RewriteReductionBlock(0x5bdf449ce6c8)]: 0 failure(s)
Postproc #3 [meta_schedule.RewriteLayout(0x5bdf447be608)]: 0 failure(s)
2026-04-07 17:42:14 [INFO] [evolutionary_search.cc:619] Evolve iter #2 done. Summary:
Postproc #0 [meta_schedule.DisallowDynamicLoop(0x5bdf44a15808)]: 0 failure(s)
Postproc #1 [meta_schedule.RewriteParallelVectorizeUnroll(0x5bdf436b1d88)]: 0 failure(s)
Postproc #2 [meta_schedule.RewriteReductionBlock(0x5bdf449ce6c8)]: 0 failure(s)
Postproc #3 [meta_schedule.RewriteLayout(0x5bdf447be608)]: 0 failure(s)
2026-04-07 17:42:14 [INFO] [evolutionary_search.cc:647] Scores of the best 64 candidates:
[1 : 16]:	0.9999  0.9995  0.9953  0.9938  0.9915  0.9905  0.9898  0.9897  0.9888  0.9872  0.9871  0.9868  0.9864  0.9863  0.9854  0.9845
[17 : 32]:	0.9837  0.9820  0.9797  0.9795  0.9787  0.9767  0.9742  0.9712  0.9701  0.9699  0.9694  0.9690  0.9670  0.9666  0.9658  0.9656
[33 : 48]:	0.9656  0.9655  0.9653  0.9644  0.9624  0.9618  0.9615  0.9593  0.9584  0.9555  0.9552  0.9548  0.9535  0.9531  0.9528  0.9522
[49 : 64]:	0.9502  0.9493  0.9484  0.9473  0.9464  0.9461  0.9458  0.9442  0.9429  0.9408  0.9408  0.9401  0.9398  0.9382  0.9372  0.9355
2026-04-07 17:42:14 [INFO] [evolutionary_search.cc:725] Got 64 candidate(s) with evolutionary search
2026-04-07 17:42:14 [INFO] [evolutionary_search.cc:728] Sending 64 candidates(s) for measurement
2026-04-07 17:42:43 [INFO] [task_scheduler.cc:137] [Task #0: main] Trial #1: GFLOPs: 27.9158. Time: 21635.7977 us. Best GFLOPs: 27.9158
2026-04-07 17:42:43 [INFO] [task_scheduler.cc:137] [Task #0: main] Trial #2: GFLOPs: 84.7760. Time: 7124.4159 us. Best GFLOPs: 84.7760
2026-04-07 17:42:43 [INFO] [task_scheduler.cc:137] [Task #0: main] Trial #3: GFLOPs: 44.0701. Time: 13704.9706 us. Best GFLOPs: 84.7760
2026-04-07 17:42:43 [INFO] [task_scheduler.cc:137] [Task #0: main] Trial #4: GFLOPs: 44.5410. Time: 13560.0774 us. Best GFLOPs: 84.7760
2026-04-07 17:42:43 [INFO] [task_scheduler.cc:137] [Task #0: main] Trial #5: GFLOPs: 48.9102. Time: 12348.7461 us. Best GFLOPs: 84.7760
2026-04-07 17:42:43 [INFO] [task_scheduler.cc:137] [Task #0: main] Trial #6: GFLOPs: 74.0682. Time: 8154.3732 us. Best GFLOPs: 84.7760
2026-04-07 17:42:43 [INFO] [task_scheduler.cc:137] [Task #0: main] Trial #7: GFLOPs: 51.8501. Time: 11648.5711 us. Best GFLOPs: 84.7760
2026-04-07 17:42:43 [INFO] [task_scheduler.cc:137] [Task #0: main] Trial #8: GFLOPs: 88.4490. Time: 6828.5628 us. Best GFLOPs: 88.4490
2026-04-07 17:42:43 [INFO] [task_scheduler.cc:137] [Task #0: main] Trial #9: GFLOPs: 123.8765. Time: 4875.6615 us. Best GFLOPs: 123.8765
2026-04-07 17:42:43 [INFO] [task_scheduler.cc:137] [Task #0: main] Trial #10: GFLOPs: 11.1000. Time: 54412.4847 us. Best GFLOPs: 123.8765
2026-04-07 17:42:43 [INFO] [task_scheduler.cc:137] [Task #0: main] Trial #11: GFLOPs: 71.8778. Time: 8402.8749 us. Best GFLOPs: 123.8765
2026-04-07 17:42:43 [INFO] [task_scheduler.cc:137] [Task #0: main] Trial #12: GFLOPs: 62.2419. Time: 9703.7467 us. Best GFLOPs: 123.8765
2026-04-07 17:42:43 [INFO] [task_scheduler.cc:137] [Task #0: main] Trial #13: GFLOPs: 71.7903. Time: 8413.1088 us. Best GFLOPs: 123.8765
2026-04-07 17:42:43 [INFO] [task_scheduler.cc:137] [Task #0: main] Trial #14: GFLOPs: 36.4267. Time: 16580.7055 us. Best GFLOPs: 123.8765
2026-04-07 17:42:43 [INFO] [task_scheduler.cc:137] [Task #0: main] Trial #15: GFLOPs: 21.4298. Time: 28184.1715 us. Best GFLOPs: 123.8765
2026-04-07 17:42:43 [INFO] [task_scheduler.cc:137] [Task #0: main] Trial #16: GFLOPs: 69.2525. Time: 8721.4085 us. Best GFLOPs: 123.8765
2026-04-07 17:42:43 [INFO] [task_scheduler.cc:137] [Task #0: main] Trial #17: GFLOPs: 50.6267. Time: 11930.0700 us. Best GFLOPs: 123.8765
2026-04-07 17:42:43 [INFO] [task_scheduler.cc:137] [Task #0: main] Trial #18: GFLOPs: 28.1015. Time: 21492.7663 us. Best GFLOPs: 123.8765
2026-04-07 17:42:43 [INFO] [task_scheduler.cc:137] [Task #0: main] Trial #19: GFLOPs: 35.3735. Time: 17074.3742 us. Best GFLOPs: 123.8765
2026-04-07 17:42:43 [INFO] [task_scheduler.cc:137] [Task #0: main] Trial #20: GFLOPs: 42.0109. Time: 14376.7240 us. Best GFLOPs: 123.8765
2026-04-07 17:42:43 [INFO] [task_scheduler.cc:137] [Task #0: main] Trial #21: GFLOPs: 69.3143. Time: 8713.6362 us. Best GFLOPs: 123.8765
2026-04-07 17:42:43 [INFO] [task_scheduler.cc:137] [Task #0: main] Trial #22: GFLOPs: 32.5766. Time: 18540.2860 us. Best GFLOPs: 123.8765
2026-04-07 17:42:43 [INFO] [task_scheduler.cc:137] [Task #0: main] Trial #23: GFLOPs: 12.0598. Time: 50081.9490 us. Best GFLOPs: 123.8765
2026-04-07 17:42:43 [INFO] [task_scheduler.cc:137] [Task #0: main] Trial #24: GFLOPs: 44.8239. Time: 13474.4960 us. Best GFLOPs: 123.8765
2026-04-07 17:42:43 [INFO] [task_scheduler.cc:137] [Task #0: main] Trial #25: GFLOPs: 70.0925. Time: 8616.8934 us. Best GFLOPs: 123.8765
2026-04-07 17:42:43 [INFO] [task_scheduler.cc:137] [Task #0: main] Trial #26: GFLOPs: 74.7618. Time: 8078.7183 us. Best GFLOPs: 123.8765
2026-04-07 17:42:43 [INFO] [task_scheduler.cc:137] [Task #0: main] Trial #27: GFLOPs: 8.3560. Time: 72281.2553 us. Best GFLOPs: 123.8765
2026-04-07 17:42:43 [INFO] [task_scheduler.cc:137] [Task #0: main] Trial #28: GFLOPs: 29.9432. Time: 20170.8308 us. Best GFLOPs: 123.8765
2026-04-07 17:42:43 [INFO] [task_scheduler.cc:137] [Task #0: main] Trial #29: GFLOPs: 28.4692. Time: 21215.1838 us. Best GFLOPs: 123.8765
2026-04-07 17:42:43 [INFO] [task_scheduler.cc:137] [Task #0: main] Trial #30: GFLOPs: 29.9962. Time: 20135.1770 us. Best GFLOPs: 123.8765
2026-04-07 17:42:43 [INFO] [task_scheduler.cc:137] [Task #0: main] Trial #31: GFLOPs: 43.6813. Time: 13826.9643 us. Best GFLOPs: 123.8765
2026-04-07 17:42:43 [INFO] [task_scheduler.cc:137] [Task #0: main] Trial #32: GFLOPs: 44.6644. Time: 13522.6343 us. Best GFLOPs: 123.8765
2026-04-07 17:42:43 [INFO] [task_scheduler.cc:137] [Task #0: main] Trial #33: GFLOPs: 25.4435. Time: 23738.0893 us. Best GFLOPs: 123.8765
2026-04-07 17:42:43 [INFO] [task_scheduler.cc:137] [Task #0: main] Trial #34: GFLOPs: 55.9618. Time: 10792.7090 us. Best GFLOPs: 123.8765
2026-04-07 17:42:43 [INFO] [task_scheduler.cc:137] [Task #0: main] Trial #35: GFLOPs: 59.2815. Time: 10188.3422 us. Best GFLOPs: 123.8765
2026-04-07 17:42:43 [INFO] [task_scheduler.cc:137] [Task #0: main] Trial #36: GFLOPs: 20.5671. Time: 29366.3103 us. Best GFLOPs: 123.8765
2026-04-07 17:42:43 [INFO] [task_scheduler.cc:137] [Task #0: main] Trial #37: GFLOPs: 7.6695. Time: 78750.4217 us. Best GFLOPs: 123.8765
2026-04-07 17:42:43 [INFO] [task_scheduler.cc:137] [Task #0: main] Trial #38: GFLOPs: 39.5196. Time: 15283.0363 us. Best GFLOPs: 123.8765
2026-04-07 17:42:43 [INFO] [task_scheduler.cc:137] [Task #0: main] Trial #39: GFLOPs: 91.5221. Time: 6599.2762 us. Best GFLOPs: 123.8765
2026-04-07 17:42:43 [INFO] [task_scheduler.cc:137] [Task #0: main] Trial #40: GFLOPs: 21.7460. Time: 27774.2892 us. Best GFLOPs: 123.8765
2026-04-07 17:42:43 [INFO] [task_scheduler.cc:137] [Task #0: main] Trial #41: GFLOPs: 21.6063. Time: 27953.8402 us. Best GFLOPs: 123.8765
2026-04-07 17:42:43 [INFO] [task_scheduler.cc:137] [Task #0: main] Trial #42: GFLOPs: 53.1624. Time: 11361.0235 us. Best GFLOPs: 123.8765
2026-04-07 17:42:43 [INFO] [task_scheduler.cc:137] [Task #0: main] Trial #43: GFLOPs: 19.2167. Time: 31429.9120 us. Best GFLOPs: 123.8765
2026-04-07 17:42:43 [INFO] [task_scheduler.cc:137] [Task #0: main] Trial #44: GFLOPs: 27.5610. Time: 21914.2930 us. Best GFLOPs: 123.8765
2026-04-07 17:42:43 [INFO] [task_scheduler.cc:137] [Task #0: main] Trial #45: GFLOPs: 16.8371. Time: 35871.8962 us. Best GFLOPs: 123.8765
2026-04-07 17:42:43 [INFO] [task_scheduler.cc:137] [Task #0: main] Trial #46: GFLOPs: 22.0580. Time: 27381.4617 us. Best GFLOPs: 123.8765
2026-04-07 17:42:43 [INFO] [task_scheduler.cc:137] [Task #0: main] Trial #47: GFLOPs: 37.8237. Time: 15968.2933 us. Best GFLOPs: 123.8765
2026-04-07 17:42:43 [INFO] [task_scheduler.cc:137] [Task #0: main] Trial #48: GFLOPs: 12.0455. Time: 50141.6592 us. Best GFLOPs: 123.8765
2026-04-07 17:42:43 [INFO] [task_scheduler.cc:137] [Task #0: main] Trial #49: GFLOPs: 72.5830. Time: 8321.2252 us. Best GFLOPs: 123.8765
2026-04-07 17:42:43 [INFO] [task_scheduler.cc:137] [Task #0: main] Trial #50: GFLOPs: 21.4289. Time: 28185.3417 us. Best GFLOPs: 123.8765
2026-04-07 17:42:43 [INFO] [task_scheduler.cc:137] [Task #0: main] Trial #51: GFLOPs: 103.5204. Time: 5834.4014 us. Best GFLOPs: 123.8765
2026-04-07 17:42:43 [INFO] [task_scheduler.cc:137] [Task #0: main] Trial #52: GFLOPs: 44.1068. Time: 13693.5812 us. Best GFLOPs: 123.8765
2026-04-07 17:42:43 [INFO] [task_scheduler.cc:137] [Task #0: main] Trial #53: GFLOPs: 47.7695. Time: 12643.6174 us. Best GFLOPs: 123.8765
2026-04-07 17:42:43 [INFO] [task_scheduler.cc:137] [Task #0: main] Trial #54: GFLOPs: 66.1812. Time: 9126.1467 us. Best GFLOPs: 123.8765
2026-04-07 17:42:43 [INFO] [task_scheduler.cc:137] [Task #0: main] Trial #55: GFLOPs: 75.4167. Time: 8008.5680 us. Best GFLOPs: 123.8765
2026-04-07 17:42:43 [INFO] [task_scheduler.cc:137] [Task #0: main] Trial #56: GFLOPs: 72.9358. Time: 8280.9736 us. Best GFLOPs: 123.8765
2026-04-07 17:42:43 [INFO] [task_scheduler.cc:137] [Task #0: main] Trial #57: GFLOPs: 20.8597. Time: 28954.4323 us. Best GFLOPs: 123.8765
2026-04-07 17:42:43 [INFO] [task_scheduler.cc:137] [Task #0: main] Trial #58: GFLOPs: 81.5858. Time: 7403.0043 us. Best GFLOPs: 123.8765
2026-04-07 17:42:43 [INFO] [task_scheduler.cc:137] [Task #0: main] Trial #59: GFLOPs: 29.0219. Time: 20811.1775 us. Best GFLOPs: 123.8765
2026-04-07 17:42:43 [INFO] [task_scheduler.cc:137] [Task #0: main] Trial #60: GFLOPs: 35.1712. Time: 17172.5598 us. Best GFLOPs: 123.8765
2026-04-07 17:42:43 [INFO] [task_scheduler.cc:137] [Task #0: main] Trial #61: GFLOPs: 17.5687. Time: 34378.1835 us. Best GFLOPs: 123.8765
2026-04-07 17:42:43 [INFO] [task_scheduler.cc:137] [Task #0: main] Trial #62: GFLOPs: 23.7111. Time: 25472.4110 us. Best GFLOPs: 123.8765
2026-04-07 17:42:43 [INFO] [task_scheduler.cc:137] [Task #0: main] Trial #63: GFLOPs: 93.1234. Time: 6485.7978 us. Best GFLOPs: 123.8765
2026-04-07 17:42:43 [INFO] [task_scheduler.cc:137] [Task #0: main] Trial #64: GFLOPs: 4.5478. Time: 132808.4030 us. Best GFLOPs: 123.8765
2026-04-07 17:42:43 [INFO] [evolutionary_search.cc:711] Generating candidates......
2026-04-07 17:42:43 [INFO] [evolutionary_search.cc:713] Picked top 64 candidate(s) from database
2026-04-07 17:42:43 [INFO] [evolutionary_search.cc:530] Sample-Init-Population summary:
Postproc #0 [meta_schedule.DisallowDynamicLoop(0x5bdf44a15808)]: 0 failure(s)
Postproc #1 [meta_schedule.RewriteParallelVectorizeUnroll(0x5bdf436b1d88)]: 0 failure(s)
Postproc #2 [meta_schedule.RewriteReductionBlock(0x5bdf449ce6c8)]: 0 failure(s)
Postproc #3 [meta_schedule.RewriteLayout(0x5bdf447be608)]: 0 failure(s)
2026-04-07 17:42:43 [INFO] [evolutionary_search.cc:721] Sampled 240 candidate(s)
2026-04-07 17:42:43 [INFO] [evolutionary_search.cc:619] Evolve iter #0 done. Summary:
Postproc #0 [meta_schedule.DisallowDynamicLoop(0x5bdf44a15808)]: 0 failure(s)
Postproc #1 [meta_schedule.RewriteParallelVectorizeUnroll(0x5bdf436b1d88)]: 0 failure(s)
Postproc #2 [meta_schedule.RewriteReductionBlock(0x5bdf449ce6c8)]: 0 failure(s)
Postproc #3 [meta_schedule.RewriteLayout(0x5bdf447be608)]: 0 failure(s)
2026-04-07 17:42:44 [INFO] [evolutionary_search.cc:619] Evolve iter #1 done. Summary:
Postproc #0 [meta_schedule.DisallowDynamicLoop(0x5bdf44a15808)]: 0 failure(s)
Postproc #1 [meta_schedule.RewriteParallelVectorizeUnroll(0x5bdf436b1d88)]: 0 failure(s)
Postproc #2 [meta_schedule.RewriteReductionBlock(0x5bdf449ce6c8)]: 0 failure(s)
Postproc #3 [meta_schedule.RewriteLayout(0x5bdf447be608)]: 0 failure(s)
2026-04-07 17:42:44 [INFO] [evolutionary_search.cc:619] Evolve iter #2 done. Summary:
Postproc #0 [meta_schedule.DisallowDynamicLoop(0x5bdf44a15808)]: 0 failure(s)
Postproc #1 [meta_schedule.RewriteParallelVectorizeUnroll(0x5bdf436b1d88)]: 0 failure(s)
Postproc #2 [meta_schedule.RewriteReductionBlock(0x5bdf449ce6c8)]: 0 failure(s)
Postproc #3 [meta_schedule.RewriteLayout(0x5bdf447be608)]: 0 failure(s)
2026-04-07 17:42:44 [INFO] [evolutionary_search.cc:647] Scores of the best 64 candidates:
[1 : 16]:	0.9982  0.9978  0.9969  0.9963  0.9949  0.9932  0.9924  0.9903  0.9894  0.9889  0.9886  0.9879  0.9861  0.9854  0.9853  0.9839
[17 : 32]:	0.9832  0.9817  0.9814  0.9772  0.9768  0.9766  0.9763  0.9755  0.9752  0.9749  0.9737  0.9725  0.9713  0.9708  0.9702  0.9700
[33 : 48]:	0.9700  0.9695  0.9670  0.9658  0.9657  0.9645  0.9641  0.9630  0.9627  0.9606  0.9593  0.9591  0.9583  0.9582  0.9581  0.9580
[49 : 64]:	0.9567  0.9555  0.9554  0.9542  0.9535  0.9528  0.9518  0.9517  0.9515  0.9500  0.9491  0.9472  0.9469  0.9462  0.9460  0.9459
2026-04-07 17:42:44 [INFO] [evolutionary_search.cc:725] Got 64 candidate(s) with evolutionary search
2026-04-07 17:42:44 [INFO] [evolutionary_search.cc:728] Sending 63 candidates(s) for measurement
2026-04-07 17:43:23 [INFO] [task_scheduler.cc:137] [Task #0: main] Trial #65: GFLOPs: 42.3693. Time: 14255.1285 us. Best GFLOPs: 123.8765
2026-04-07 17:43:23 [INFO] [task_scheduler.cc:137] [Task #0: main] Trial #66: GFLOPs: 32.5217. Time: 18571.5722 us. Best GFLOPs: 123.8765
2026-04-07 17:43:23 [INFO] [task_scheduler.cc:137] [Task #0: main] Trial #67: GFLOPs: 31.7412. Time: 19028.2568 us. Best GFLOPs: 123.8765
2026-04-07 17:43:23 [INFO] [task_scheduler.cc:137] [Task #0: main] Trial #68: GFLOPs: 13.5653. Time: 44523.8850 us. Best GFLOPs: 123.8765
2026-04-07 17:43:23 [INFO] [task_scheduler.cc:137] [Task #0: main] Trial #69: GFLOPs: 21.3564. Time: 28281.0080 us. Best GFLOPs: 123.8765
2026-04-07 17:43:23 [INFO] [task_scheduler.cc:137] [Task #0: main] Trial #70: GFLOPs: 110.4389. Time: 5468.9023 us. Best GFLOPs: 123.8765
2026-04-07 17:43:23 [INFO] [task_scheduler.cc:137] [Task #0: main] Trial #71: GFLOPs: 12.2393. Time: 49347.7028 us. Best GFLOPs: 123.8765
2026-04-07 17:43:23 [INFO] [task_scheduler.cc:137] [Task #0: main] Trial #72: GFLOPs: 81.5974. Time: 7401.9465 us. Best GFLOPs: 123.8765
2026-04-07 17:43:23 [INFO] [task_scheduler.cc:137] [Task #0: main] Trial #73: GFLOPs: 47.2300. Time: 12788.0503 us. Best GFLOPs: 123.8765
2026-04-07 17:43:23 [INFO] [task_scheduler.cc:137] [Task #0: main] Trial #74: GFLOPs: 18.4422. Time: 32749.7910 us. Best GFLOPs: 123.8765
2026-04-07 17:43:23 [INFO] [task_scheduler.cc:137] [Task #0: main] Trial #75: GFLOPs: 15.4826. Time: 39010.2692 us. Best GFLOPs: 123.8765
2026-04-07 17:43:23 [INFO] [task_scheduler.cc:137] [Task #0: main] Trial #76: GFLOPs: 72.3801. Time: 8344.5531 us. Best GFLOPs: 123.8765
2026-04-07 17:43:23 [INFO] [task_scheduler.cc:137] [Task #0: main] Trial #77: GFLOPs: 98.7938. Time: 6113.5384 us. Best GFLOPs: 123.8765
2026-04-07 17:43:23 [INFO] [task_scheduler.cc:137] [Task #0: main] Trial #78: GFLOPs: 76.0866. Time: 7938.0529 us. Best GFLOPs: 123.8765
2026-04-07 17:43:23 [INFO] [task_scheduler.cc:137] [Task #0: main] Trial #79: GFLOPs: 39.7984. Time: 15175.9667 us. Best GFLOPs: 123.8765
2026-04-07 17:43:23 [INFO] [task_scheduler.cc:137] [Task #0: main] Trial #80: GFLOPs: 32.5386. Time: 18561.9618 us. Best GFLOPs: 123.8765
2026-04-07 17:43:23 [INFO] [task_scheduler.cc:137] [Task #0: main] Trial #81: GFLOPs: 50.9022. Time: 11865.4940 us. Best GFLOPs: 123.8765
2026-04-07 17:43:23 [INFO] [task_scheduler.cc:137] [Task #0: main] Trial #82: GFLOPs: 60.4152. Time: 9997.1552 us. Best GFLOPs: 123.8765
2026-04-07 17:43:23 [INFO] [task_scheduler.cc:137] [Task #0: main] Trial #83: GFLOPs: 38.4478. Time: 15709.0883 us. Best GFLOPs: 123.8765
2026-04-07 17:43:23 [INFO] [task_scheduler.cc:137] [Task #0: main] Trial #84: GFLOPs: 33.3950. Time: 18085.9445 us. Best GFLOPs: 123.8765
2026-04-07 17:43:23 [INFO] [task_scheduler.cc:137] [Task #0: main] Trial #85: GFLOPs: 30.9429. Time: 19519.1762 us. Best GFLOPs: 123.8765
2026-04-07 17:43:23 [INFO] [task_scheduler.cc:137] [Task #0: main] Trial #86: GFLOPs: 66.1467. Time: 9130.9168 us. Best GFLOPs: 123.8765
2026-04-07 17:43:23 [INFO] [task_scheduler.cc:137] [Task #0: main] Trial #87: GFLOPs: 94.5856. Time: 6385.5339 us. Best GFLOPs: 123.8765
2026-04-07 17:43:23 [INFO] [task_scheduler.cc:137] [Task #0: main] Trial #88: GFLOPs: 42.3562. Time: 14259.5297 us. Best GFLOPs: 123.8765
2026-04-07 17:43:23 [INFO] [task_scheduler.cc:137] [Task #0: main] Trial #89: GFLOPs: 39.6268. Time: 15241.7128 us. Best GFLOPs: 123.8765
2026-04-07 17:43:23 [INFO] [task_scheduler.cc:137] [Task #0: main] Trial #90: GFLOPs: 52.3529. Time: 11536.7103 us. Best GFLOPs: 123.8765
2026-04-07 17:43:23 [INFO] [task_scheduler.cc:137] [Task #0: main] Trial #91: GFLOPs: 65.0650. Time: 9282.7073 us. Best GFLOPs: 123.8765
2026-04-07 17:43:23 [INFO] [task_scheduler.cc:137] [Task #0: main] Trial #92: GFLOPs: 15.2628. Time: 39571.9940 us. Best GFLOPs: 123.8765
2026-04-07 17:43:23 [INFO] [task_scheduler.cc:137] [Task #0: main] Trial #93: GFLOPs: 18.0877. Time: 33391.7703 us. Best GFLOPs: 123.8765
2026-04-07 17:43:23 [INFO] [task_scheduler.cc:137] [Task #0: main] Trial #94: GFLOPs: 31.9953. Time: 18877.1633 us. Best GFLOPs: 123.8765
2026-04-07 17:43:23 [INFO] [task_scheduler.cc:137] [Task #0: main] Trial #95: GFLOPs: 52.8722. Time: 11423.3868 us. Best GFLOPs: 123.8765
2026-04-07 17:43:23 [INFO] [task_scheduler.cc:137] [Task #0: main] Trial #96: GFLOPs: 31.8264. Time: 18977.3400 us. Best GFLOPs: 123.8765
2026-04-07 17:43:23 [INFO] [task_scheduler.cc:137] [Task #0: main] Trial #97: GFLOPs: 46.2560. Time: 13057.3357 us. Best GFLOPs: 123.8765
2026-04-07 17:43:23 [INFO] [task_scheduler.cc:137] [Task #0: main] Trial #98: GFLOPs: 0.6162. Time: 980216.4502 us. Best GFLOPs: 123.8765
2026-04-07 17:43:23 [INFO] [task_scheduler.cc:137] [Task #0: main] Trial #99: GFLOPs: 114.5482. Time: 5272.7117 us. Best GFLOPs: 123.8765
2026-04-07 17:43:23 [INFO] [task_scheduler.cc:137] [Task #0: main] Trial #100: GFLOPs: 39.9614. Time: 15114.0615 us. Best GFLOPs: 123.8765
2026-04-07 17:43:23 [INFO] [task_scheduler.cc:137] [Task #0: main] Trial #101: GFLOPs: 34.8870. Time: 17312.4372 us. Best GFLOPs: 123.8765
2026-04-07 17:43:23 [INFO] [task_scheduler.cc:137] [Task #0: main] Trial #102: GFLOPs: 37.3083. Time: 16188.8937 us. Best GFLOPs: 123.8765
2026-04-07 17:43:23 [INFO] [task_scheduler.cc:137] [Task #0: main] Trial #103: GFLOPs: 47.1267. Time: 12816.0784 us. Best GFLOPs: 123.8765
2026-04-07 17:43:23 [INFO] [task_scheduler.cc:137] [Task #0: main] Trial #104: GFLOPs: 51.5655. Time: 11712.8744 us. Best GFLOPs: 123.8765
2026-04-07 17:43:23 [INFO] [task_scheduler.cc:137] [Task #0: main] Trial #105: GFLOPs: 26.2838. Time: 22979.1515 us. Best GFLOPs: 123.8765
2026-04-07 17:43:23 [INFO] [task_scheduler.cc:137] [Task #0: main] Trial #106: GFLOPs: 42.3260. Time: 14269.7153 us. Best GFLOPs: 123.8765
2026-04-07 17:43:23 [INFO] [task_scheduler.cc:137] [Task #0: main] Trial #107: GFLOPs: 39.7593. Time: 15190.9213 us. Best GFLOPs: 123.8765
2026-04-07 17:43:23 [INFO] [task_scheduler.cc:137] [Task #0: main] Trial #108: GFLOPs: 0.6126. Time: 985968.3885 us. Best GFLOPs: 123.8765
2026-04-07 17:43:23 [INFO] [task_scheduler.cc:137] [Task #0: main] Trial #109: GFLOPs: 19.1523. Time: 31535.5468 us. Best GFLOPs: 123.8765
2026-04-07 17:43:23 [INFO] [task_scheduler.cc:137] [Task #0: main] Trial #110: GFLOPs: 26.6790. Time: 22638.7780 us. Best GFLOPs: 123.8765
2026-04-07 17:43:23 [INFO] [task_scheduler.cc:137] [Task #0: main] Trial #111: GFLOPs: 26.0342. Time: 23199.4805 us. Best GFLOPs: 123.8765
2026-04-07 17:43:23 [INFO] [task_scheduler.cc:137] [Task #0: main] Trial #112: GFLOPs: 107.0366. Time: 5642.7398 us. Best GFLOPs: 123.8765
2026-04-07 17:43:23 [INFO] [task_scheduler.cc:137] [Task #0: main] Trial #113: GFLOPs: 52.9615. Time: 11404.1260 us. Best GFLOPs: 123.8765
2026-04-07 17:43:23 [INFO] [task_scheduler.cc:137] [Task #0: main] Trial #114: GFLOPs: 23.2671. Time: 25958.5295 us. Best GFLOPs: 123.8765
2026-04-07 17:43:23 [INFO] [task_scheduler.cc:137] [Task #0: main] Trial #115: GFLOPs: 105.0549. Time: 5749.1836 us. Best GFLOPs: 123.8765
2026-04-07 17:43:23 [INFO] [task_scheduler.cc:137] [Task #0: main] Trial #116: GFLOPs: 48.5922. Time: 12429.5514 us. Best GFLOPs: 123.8765
2026-04-07 17:43:23 [INFO] [task_scheduler.cc:137] [Task #0: main] Trial #117: GFLOPs: 42.4433. Time: 14230.2883 us. Best GFLOPs: 123.8765
2026-04-07 17:43:23 [INFO] [task_scheduler.cc:137] [Task #0: main] Trial #118: GFLOPs: 61.1942. Time: 9869.8795 us. Best GFLOPs: 123.8765
2026-04-07 17:43:23 [INFO] [task_scheduler.cc:137] [Task #0: main] Trial #119: GFLOPs: 90.1783. Time: 6697.6141 us. Best GFLOPs: 123.8765
2026-04-07 17:43:23 [INFO] [task_scheduler.cc:137] [Task #0: main] Trial #120: GFLOPs: 95.8904. Time: 6298.6469 us. Best GFLOPs: 123.8765
2026-04-07 17:43:23 [INFO] [task_scheduler.cc:137] [Task #0: main] Trial #121: GFLOPs: 26.7699. Time: 22561.9175 us. Best GFLOPs: 123.8765
2026-04-07 17:43:23 [INFO] [task_scheduler.cc:137] [Task #0: main] Trial #122: GFLOPs: 122.1479. Time: 4944.6599 us. Best GFLOPs: 123.8765
2026-04-07 17:43:23 [INFO] [task_scheduler.cc:137] [Task #0: main] Trial #123: GFLOPs: 43.6592. Time: 13833.9673 us. Best GFLOPs: 123.8765
2026-04-07 17:43:23 [INFO] [task_scheduler.cc:137] [Task #0: main] Trial #124: GFLOPs: 91.7119. Time: 6585.6170 us. Best GFLOPs: 123.8765
2026-04-07 17:43:23 [INFO] [task_scheduler.cc:137] [Task #0: main] Trial #125: GFLOPs: 20.5952. Time: 29326.2722 us. Best GFLOPs: 123.8765
2026-04-07 17:43:23 [INFO] [task_scheduler.cc:137] [Task #0: main] Trial #126: GFLOPs: 72.2565. Time: 8358.8301 us. Best GFLOPs: 123.8765
2026-04-07 17:43:23 [INFO] [task_scheduler.cc:137] [Task #0: main] Trial #127: GFLOPs: 43.4609. Time: 13897.0970 us. Best GFLOPs: 123.8765
2026-04-07 17:43:23 [INFO] [evolutionary_search.cc:711] Generating candidates......
2026-04-07 17:43:23 [INFO] [evolutionary_search.cc:713] Picked top 66 candidate(s) from database
2026-04-07 17:43:24 [INFO] [evolutionary_search.cc:530] Sample-Init-Population summary:
Postproc #0 [meta_schedule.DisallowDynamicLoop(0x5bdf44a15808)]: 0 failure(s)
Postproc #1 [meta_schedule.RewriteParallelVectorizeUnroll(0x5bdf436b1d88)]: 0 failure(s)
Postproc #2 [meta_schedule.RewriteReductionBlock(0x5bdf449ce6c8)]: 0 failure(s)
Postproc #3 [meta_schedule.RewriteLayout(0x5bdf447be608)]: 0 failure(s)
2026-04-07 17:43:24 [INFO] [evolutionary_search.cc:721] Sampled 238 candidate(s)
2026-04-07 17:43:24 [INFO] [evolutionary_search.cc:619] Evolve iter #0 done. Summary:
Postproc #0 [meta_schedule.DisallowDynamicLoop(0x5bdf44a15808)]: 0 failure(s)
Postproc #1 [meta_schedule.RewriteParallelVectorizeUnroll(0x5bdf436b1d88)]: 0 failure(s)
Postproc #2 [meta_schedule.RewriteReductionBlock(0x5bdf449ce6c8)]: 0 failure(s)
Postproc #3 [meta_schedule.RewriteLayout(0x5bdf447be608)]: 0 failure(s)
2026-04-07 17:43:25 [INFO] [evolutionary_search.cc:619] Evolve iter #1 done. Summary:
Postproc #0 [meta_schedule.DisallowDynamicLoop(0x5bdf44a15808)]: 0 failure(s)
Postproc #1 [meta_schedule.RewriteParallelVectorizeUnroll(0x5bdf436b1d88)]: 0 failure(s)
Postproc #2 [meta_schedule.RewriteReductionBlock(0x5bdf449ce6c8)]: 0 failure(s)
Postproc #3 [meta_schedule.RewriteLayout(0x5bdf447be608)]: 0 failure(s)
2026-04-07 17:43:25 [INFO] [evolutionary_search.cc:619] Evolve iter #2 done. Summary:
Postproc #0 [meta_schedule.DisallowDynamicLoop(0x5bdf44a15808)]: 0 failure(s)
Postproc #1 [meta_schedule.RewriteParallelVectorizeUnroll(0x5bdf436b1d88)]: 0 failure(s)
Postproc #2 [meta_schedule.RewriteReductionBlock(0x5bdf449ce6c8)]: 0 failure(s)
Postproc #3 [meta_schedule.RewriteLayout(0x5bdf447be608)]: 0 failure(s)
2026-04-07 17:43:25 [INFO] [evolutionary_search.cc:647] Scores of the best 25 candidates:
[1 : 16]:	0.9740  0.9561  0.9398  0.9240  0.9220  0.9054  0.9054  0.8965  0.8949  0.8850  0.8783  0.8665  0.8649  0.8593  0.8462  0.8404
[17 : 25]:	0.8377  0.8368  0.8341  0.8325  0.8247  0.8234  0.8211  0.8133  0.8117
2026-04-07 17:43:25 [INFO] [evolutionary_search.cc:725] Got 25 candidate(s) with evolutionary search
2026-04-07 17:43:25 [INFO] [evolutionary_search.cc:728] Sending 25 candidates(s) for measurement
2026-04-07 17:43:41 [INFO] [task_scheduler.cc:137] [Task #0: main] Trial #128: GFLOPs: 121.7637. Time: 4960.2608 us. Best GFLOPs: 123.8765
2026-04-07 17:43:41 [INFO] [task_scheduler.cc:137] [Task #0: main] Trial #129: GFLOPs: 118.4686. Time: 5098.2255 us. Best GFLOPs: 123.8765
2026-04-07 17:43:41 [INFO] [task_scheduler.cc:137] [Task #0: main] Trial #130: GFLOPs: 120.7898. Time: 5000.2539 us. Best GFLOPs: 123.8765
2026-04-07 17:43:41 [INFO] [task_scheduler.cc:137] [Task #0: main] Trial #131: GFLOPs: 93.2529. Time: 6476.7913 us. Best GFLOPs: 123.8765
2026-04-07 17:43:41 [INFO] [task_scheduler.cc:137] [Task #0: main] Trial #132: GFLOPs: 74.5499. Time: 8101.6829 us. Best GFLOPs: 123.8765
2026-04-07 17:43:41 [INFO] [task_scheduler.cc:137] [Task #0: main] Trial #133: GFLOPs: 102.6972. Time: 5881.1732 us. Best GFLOPs: 123.8765
2026-04-07 17:43:41 [INFO] [task_scheduler.cc:137] [Task #0: main] Trial #134: GFLOPs: 72.5062. Time: 8330.0379 us. Best GFLOPs: 123.8765
2026-04-07 17:43:41 [INFO] [task_scheduler.cc:137] [Task #0: main] Trial #135: GFLOPs: 59.9420. Time: 10076.0710 us. Best GFLOPs: 123.8765
2026-04-07 17:43:41 [INFO] [task_scheduler.cc:137] [Task #0: main] Trial #136: GFLOPs: 93.1292. Time: 6485.3931 us. Best GFLOPs: 123.8765
2026-04-07 17:43:41 [INFO] [task_scheduler.cc:137] [Task #0: main] Trial #137: GFLOPs: 100.4251. Time: 6014.2296 us. Best GFLOPs: 123.8765
2026-04-07 17:43:41 [INFO] [task_scheduler.cc:137] [Task #0: main] Trial #138: GFLOPs: 60.2233. Time: 10028.9984 us. Best GFLOPs: 123.8765
2026-04-07 17:43:41 [INFO] [task_scheduler.cc:137] [Task #0: main] Trial #139: GFLOPs: 105.0679. Time: 5748.4693 us. Best GFLOPs: 123.8765
2026-04-07 17:43:41 [INFO] [task_scheduler.cc:137] [Task #0: main] Trial #140: GFLOPs: 68.6847. Time: 8793.5072 us. Best GFLOPs: 123.8765
2026-04-07 17:43:41 [INFO] [task_scheduler.cc:137] [Task #0: main] Trial #141: GFLOPs: 99.4162. Time: 6075.2676 us. Best GFLOPs: 123.8765
2026-04-07 17:43:41 [INFO] [task_scheduler.cc:137] [Task #0: main] Trial #142: GFLOPs: 104.7048. Time: 5768.4043 us. Best GFLOPs: 123.8765
2026-04-07 17:43:41 [INFO] [task_scheduler.cc:137] [Task #0: main] Trial #143: GFLOPs: 64.1925. Time: 9408.8851 us. Best GFLOPs: 123.8765
2026-04-07 17:43:41 [INFO] [task_scheduler.cc:137] [Task #0: main] Trial #144: GFLOPs: 92.3269. Time: 6541.7525 us. Best GFLOPs: 123.8765
2026-04-07 17:43:41 [INFO] [task_scheduler.cc:137] [Task #0: main] Trial #145: GFLOPs: 16.7590. Time: 36039.0448 us. Best GFLOPs: 123.8765
2026-04-07 17:43:41 [INFO] [task_scheduler.cc:137] [Task #0: main] Trial #146: GFLOPs: 94.7272. Time: 6375.9910 us. Best GFLOPs: 123.8765
2026-04-07 17:43:41 [INFO] [task_scheduler.cc:137] [Task #0: main] Trial #147: GFLOPs: 101.4989. Time: 5950.6022 us. Best GFLOPs: 123.8765
2026-04-07 17:43:41 [INFO] [task_scheduler.cc:137] [Task #0: main] Trial #148: GFLOPs: 20.8563. Time: 28959.1680 us. Best GFLOPs: 123.8765
2026-04-07 17:43:41 [INFO] [task_scheduler.cc:137] [Task #0: main] Trial #149: GFLOPs: 105.8018. Time: 5708.5941 us. Best GFLOPs: 123.8765
2026-04-07 17:43:41 [INFO] [task_scheduler.cc:137] [Task #0: main] Trial #150: GFLOPs: 96.7095. Time: 6245.2995 us. Best GFLOPs: 123.8765
2026-04-07 17:43:41 [INFO] [task_scheduler.cc:137] [Task #0: main] Trial #151: GFLOPs: 53.4572. Time: 11298.3710 us. Best GFLOPs: 123.8765
2026-04-07 17:43:41 [INFO] [task_scheduler.cc:137] [Task #0: main] Trial #152: GFLOPs: 4.2822. Time: 141044.5367 us. Best GFLOPs: 123.8765
