2026-04-07 19:17:07 [INFO] Logging directory: research/results/metaschedule/8020/iter_01/9db4dd383f9f0938/mlp_reduce/M_128/logs
2026-04-07 19:17:07 [INFO] [task_scheduler.cc:165] Initializing Task #0: "main"
2026-04-07 19:17:07 [INFO] [task_scheduler.cc:326] 
 ID | Name |      FLOP | Weight | Speed (GFLOPS) | Latency (us) | Weighted Latency (us) | Trials | Done 
--------------------------------------------------------------------------------------------------------
  0 | main | 603979776 |      1 |            N/A |          N/A |                   N/A |      0 |      
--------------------------------------------------------------------------------------------------------
Total trials: 0
Total latency (us): 0

2026-04-07 19:17:07 [INFO] [task_scheduler.cc:186] TaskScheduler picks Task #0: "main"
2026-04-07 19:17:09 [INFO] [task_scheduler.cc:199] Sending 64 sample(s) to builder
2026-04-07 19:17:17 [INFO] [task_scheduler.cc:201] Sending 64 sample(s) to runner
2026-04-07 19:17:34 [DEBUG] XGB iter   0: tr-p-rmse: 0.480770	tr-a-peak@32: 1.000000	tr-rmse: 0.286504	tr-rmse: 0.286504
2026-04-07 19:17:34 [DEBUG] XGB iter  25: tr-p-rmse: 0.067231	tr-a-peak@32: 1.000000	tr-rmse: 0.287819	tr-rmse: 0.287819
2026-04-07 19:17:34 [DEBUG] XGB iter  50: tr-p-rmse: 0.067124	tr-a-peak@32: 1.000000	tr-rmse: 0.287949	tr-rmse: 0.287949
2026-04-07 19:17:34 [DEBUG] XGB iter  75: tr-p-rmse: 0.067124	tr-a-peak@32: 1.000000	tr-rmse: 0.287949	tr-rmse: 0.287949
2026-04-07 19:17:34 [DEBUG] XGB stopped. Best iteration: [37] tr-p-rmse:0.06712	tr-a-peak@32:1.00000	tr-rmse:0.28795	tr-rmse:0.28795 
2026-04-07 19:17:34 [INFO] [task_scheduler.cc:243] [Updated] Task #0: "main"
2026-04-07 19:17:34 [INFO] [task_scheduler.cc:326] 
 ID | Name |      FLOP | Weight | Speed (GFLOPS) | Latency (us) | Weighted Latency (us) | Trials | Done 
--------------------------------------------------------------------------------------------------------
  0 | main | 603979776 |      1 |        99.3530 |    6079.1322 |             6079.1322 |     64 |      
--------------------------------------------------------------------------------------------------------
Total trials: 64
Total latency (us): 6079.13

2026-04-07 19:17:34 [INFO] [task_scheduler.cc:186] TaskScheduler picks Task #0: "main"
2026-04-07 19:17:35 [INFO] [task_scheduler.cc:199] Sending 13 sample(s) to builder
2026-04-07 19:17:41 [INFO] [task_scheduler.cc:201] Sending 13 sample(s) to runner
2026-04-07 19:17:45 [DEBUG] XGB validation: p-rmse: 0.196906	a-peak@32: 0.485417
2026-04-07 19:17:45 [DEBUG] XGB iter   0: tr-p-rmse: 0.489409	tr-a-peak@32: 0.997716	tr-rmse: 0.286638	tr-rmse: 0.286638
2026-04-07 19:17:45 [DEBUG] XGB iter  25: tr-p-rmse: 0.059364	tr-a-peak@32: 1.000000	tr-rmse: 0.278989	tr-rmse: 0.278989
2026-04-07 19:17:45 [DEBUG] XGB iter  50: tr-p-rmse: 0.059353	tr-a-peak@32: 1.000000	tr-rmse: 0.279000	tr-rmse: 0.279000
2026-04-07 19:17:45 [DEBUG] XGB iter  75: tr-p-rmse: 0.059353	tr-a-peak@32: 1.000000	tr-rmse: 0.279000	tr-rmse: 0.279000
2026-04-07 19:17:45 [DEBUG] XGB stopped. Best iteration: [36] tr-p-rmse:0.05935	tr-a-peak@32:1.00000	tr-rmse:0.27900	tr-rmse:0.27900 
2026-04-07 19:17:45 [INFO] [task_scheduler.cc:243] [Updated] Task #0: "main"
2026-04-07 19:17:45 [INFO] [task_scheduler.cc:326] 
 ID | Name |      FLOP | Weight | Speed (GFLOPS) | Latency (us) | Weighted Latency (us) | Trials | Done 
--------------------------------------------------------------------------------------------------------
  0 | main | 603979776 |      1 |        99.3530 |    6079.1322 |             6079.1322 |     77 |      
--------------------------------------------------------------------------------------------------------
Total trials: 77
Total latency (us): 6079.13

2026-04-07 19:17:45 [INFO] [task_scheduler.cc:266] Task #0 has finished. Remaining task(s): 0
2026-04-07 19:17:45 [INFO] [task_scheduler.cc:326] 
 ID | Name |      FLOP | Weight | Speed (GFLOPS) | Latency (us) | Weighted Latency (us) | Trials | Done 
--------------------------------------------------------------------------------------------------------
  0 | main | 603979776 |      1 |        99.3530 |    6079.1322 |             6079.1322 |     77 |    Y 
--------------------------------------------------------------------------------------------------------
Total trials: 77
Total latency (us): 6079.13

2026-04-07 19:17:46 [INFO] LocalBuilder: max_workers = 12
2026-04-07 19:17:47 [INFO] LocalRunner: max_workers = 1
