2026-04-07 17:33:50 [INFO] Logging directory: research/results/metaschedule/8020/iter_01/71ab320bd6c3e12a/mlp_reduce/M_128/logs
2026-04-07 17:33:50 [INFO] [task_scheduler.cc:165] Initializing Task #0: "main"
2026-04-07 17:33:50 [INFO] [task_scheduler.cc:326] 
 ID | Name |      FLOP | Weight | Speed (GFLOPS) | Latency (us) | Weighted Latency (us) | Trials | Done 
--------------------------------------------------------------------------------------------------------
  0 | main | 603979776 |      1 |            N/A |          N/A |                   N/A |      0 |      
--------------------------------------------------------------------------------------------------------
Total trials: 0
Total latency (us): 0

2026-04-07 17:33:50 [INFO] [task_scheduler.cc:186] TaskScheduler picks Task #0: "main"
2026-04-07 17:33:51 [INFO] [task_scheduler.cc:199] Sending 64 sample(s) to builder
2026-04-07 17:34:02 [INFO] [task_scheduler.cc:201] Sending 64 sample(s) to runner
2026-04-07 17:34:19 [DEBUG] XGB iter   0: tr-p-rmse: 0.483431	tr-a-peak@32: 0.866799	tr-rmse: 0.262425	tr-rmse: 0.262425
2026-04-07 17:34:19 [DEBUG] XGB iter  25: tr-p-rmse: 0.062631	tr-a-peak@32: 1.000000	tr-rmse: 0.282103	tr-rmse: 0.282103
2026-04-07 17:34:19 [DEBUG] XGB iter  50: tr-p-rmse: 0.062660	tr-a-peak@32: 1.000000	tr-rmse: 0.282065	tr-rmse: 0.282065
2026-04-07 17:34:19 [DEBUG] XGB stopped. Best iteration: [21] tr-p-rmse:0.06248	tr-a-peak@32:1.00000	tr-rmse:0.28229	tr-rmse:0.28229 
2026-04-07 17:34:19 [INFO] [task_scheduler.cc:243] [Updated] Task #0: "main"
2026-04-07 17:34:19 [INFO] [task_scheduler.cc:326] 
 ID | Name |      FLOP | Weight | Speed (GFLOPS) | Latency (us) | Weighted Latency (us) | Trials | Done 
--------------------------------------------------------------------------------------------------------
  0 | main | 603979776 |      1 |       101.0168 |    5979.0024 |             5979.0024 |     64 |      
--------------------------------------------------------------------------------------------------------
Total trials: 64
Total latency (us): 5979

2026-04-07 17:34:19 [INFO] [task_scheduler.cc:186] TaskScheduler picks Task #0: "main"
2026-04-07 17:34:20 [INFO] [task_scheduler.cc:199] Sending 64 sample(s) to builder
2026-04-07 17:34:31 [INFO] [task_scheduler.cc:201] Sending 64 sample(s) to runner
2026-04-07 17:34:48 [DEBUG] XGB validation: p-rmse: 0.210647	a-peak@32: 0.753802
2026-04-07 17:34:48 [DEBUG] XGB iter   0: tr-p-rmse: 0.469141	tr-a-peak@32: 1.000000	tr-rmse: 0.233929	tr-rmse: 0.233929
2026-04-07 17:34:48 [DEBUG] XGB iter  25: tr-p-rmse: 0.052369	tr-a-peak@32: 1.000000	tr-rmse: 0.258823	tr-rmse: 0.258823
2026-04-07 17:34:48 [DEBUG] XGB iter  50: tr-p-rmse: 0.052367	tr-a-peak@32: 1.000000	tr-rmse: 0.258827	tr-rmse: 0.258827
2026-04-07 17:34:48 [DEBUG] XGB iter  75: tr-p-rmse: 0.052367	tr-a-peak@32: 1.000000	tr-rmse: 0.258827	tr-rmse: 0.258827
2026-04-07 17:34:48 [DEBUG] XGB stopped. Best iteration: [28] tr-p-rmse:0.05237	tr-a-peak@32:1.00000	tr-rmse:0.25883	tr-rmse:0.25883 
2026-04-07 17:34:48 [INFO] [task_scheduler.cc:243] [Updated] Task #0: "main"
2026-04-07 17:34:48 [INFO] [task_scheduler.cc:326] 
 ID | Name |      FLOP | Weight | Speed (GFLOPS) | Latency (us) | Weighted Latency (us) | Trials | Done 
--------------------------------------------------------------------------------------------------------
  0 | main | 603979776 |      1 |       102.9357 |    5867.5451 |             5867.5451 |    128 |      
--------------------------------------------------------------------------------------------------------
Total trials: 128
Total latency (us): 5867.55

2026-04-07 17:34:48 [INFO] [task_scheduler.cc:186] TaskScheduler picks Task #0: "main"
2026-04-07 17:34:51 [INFO] [task_scheduler.cc:199] Sending 24 sample(s) to builder
2026-04-07 17:34:58 [INFO] [task_scheduler.cc:201] Sending 24 sample(s) to runner
2026-04-07 17:35:03 [DEBUG] XGB validation: p-rmse: 0.201214	a-peak@32: 1.000000
2026-04-07 17:35:03 [INFO] [task_scheduler.cc:243] [Updated] Task #0: "main"
2026-04-07 17:35:03 [INFO] [task_scheduler.cc:326] 
 ID | Name |      FLOP | Weight | Speed (GFLOPS) | Latency (us) | Weighted Latency (us) | Trials | Done 
--------------------------------------------------------------------------------------------------------
  0 | main | 603979776 |      1 |       108.0234 |    5591.1918 |             5591.1918 |    152 |      
--------------------------------------------------------------------------------------------------------
Total trials: 152
Total latency (us): 5591.19

2026-04-07 17:35:03 [INFO] [task_scheduler.cc:186] TaskScheduler picks Task #0: "main"
2026-04-07 17:35:06 [INFO] [task_scheduler.cc:199] Sending 1 sample(s) to builder
2026-04-07 17:35:08 [INFO] [task_scheduler.cc:201] Sending 1 sample(s) to runner
2026-04-07 17:35:08 [DEBUG] XGB validation: p-rmse: 0.118756	a-peak@32: 1.000000
2026-04-07 17:35:08 [INFO] [task_scheduler.cc:243] [Updated] Task #0: "main"
2026-04-07 17:35:08 [INFO] [task_scheduler.cc:326] 
 ID | Name |      FLOP | Weight | Speed (GFLOPS) | Latency (us) | Weighted Latency (us) | Trials | Done 
--------------------------------------------------------------------------------------------------------
  0 | main | 603979776 |      1 |       108.0234 |    5591.1918 |             5591.1918 |    153 |      
--------------------------------------------------------------------------------------------------------
Total trials: 153
Total latency (us): 5591.19

2026-04-07 17:35:08 [INFO] [task_scheduler.cc:266] Task #0 has finished. Remaining task(s): 0
2026-04-07 17:35:08 [INFO] [task_scheduler.cc:326] 
 ID | Name |      FLOP | Weight | Speed (GFLOPS) | Latency (us) | Weighted Latency (us) | Trials | Done 
--------------------------------------------------------------------------------------------------------
  0 | main | 603979776 |      1 |       108.0234 |    5591.1918 |             5591.1918 |    153 |    Y 
--------------------------------------------------------------------------------------------------------
Total trials: 153
Total latency (us): 5591.19

2026-04-07 17:35:09 [INFO] LocalBuilder: max_workers = 12
2026-04-07 17:35:10 [INFO] LocalRunner: max_workers = 1
