2026-04-10 14:10:24 [INFO] Logging directory: research/results/metaschedule/best_config/mlp_reduce/M_128/logs
2026-04-10 14:10:24 [INFO] [task_scheduler.cc:165] Initializing Task #0: "main"
2026-04-10 14:10:24 [INFO] [task_scheduler.cc:326] 
 ID | Name |      FLOP | Weight | Speed (GFLOPS) | Latency (us) | Weighted Latency (us) | Trials | Done 
--------------------------------------------------------------------------------------------------------
  0 | main | 603979776 |      1 |            N/A |          N/A |                   N/A |      0 |      
--------------------------------------------------------------------------------------------------------
Total trials: 0
Total latency (us): 0

2026-04-10 14:10:24 [INFO] [task_scheduler.cc:186] TaskScheduler picks Task #0: "main"
2026-04-10 14:10:25 [INFO] [task_scheduler.cc:199] Sending 62 sample(s) to builder
2026-04-10 14:10:34 [INFO] [task_scheduler.cc:201] Sending 62 sample(s) to runner
2026-04-10 14:10:49 [DEBUG] XGB iter   0: tr-p-rmse: 0.444771	tr-a-peak@32: 0.986994	tr-rmse: 0.272387	tr-rmse: 0.272387
2026-04-10 14:10:49 [DEBUG] XGB iter  25: tr-p-rmse: 0.062291	tr-a-peak@32: 0.999760	tr-rmse: 0.282120	tr-rmse: 0.282120
2026-04-10 14:10:49 [DEBUG] XGB iter  50: tr-p-rmse: 0.062278	tr-a-peak@32: 0.999760	tr-rmse: 0.282137	tr-rmse: 0.282137
2026-04-10 14:10:49 [DEBUG] XGB iter  75: tr-p-rmse: 0.062278	tr-a-peak@32: 0.999760	tr-rmse: 0.282137	tr-rmse: 0.282137
2026-04-10 14:10:49 [DEBUG] XGB stopped. Best iteration: [32] tr-p-rmse:0.06228	tr-a-peak@32:0.99976	tr-rmse:0.28214	tr-rmse:0.28214 
2026-04-10 14:10:49 [INFO] [task_scheduler.cc:243] [Updated] Task #0: "main"
2026-04-10 14:10:49 [INFO] [task_scheduler.cc:326] 
 ID | Name |      FLOP | Weight | Speed (GFLOPS) | Latency (us) | Weighted Latency (us) | Trials | Done 
--------------------------------------------------------------------------------------------------------
  0 | main | 603979776 |      1 |        85.6628 |    7050.6654 |             7050.6654 |     62 |      
--------------------------------------------------------------------------------------------------------
Total trials: 62
Total latency (us): 7050.67

2026-04-10 14:10:49 [INFO] [task_scheduler.cc:186] TaskScheduler picks Task #0: "main"
2026-04-10 14:10:50 [INFO] [task_scheduler.cc:199] Sending 2 sample(s) to builder
2026-04-10 14:10:53 [INFO] [task_scheduler.cc:201] Sending 2 sample(s) to runner
2026-04-10 14:10:54 [DEBUG] XGB validation: p-rmse: 0.262020	a-peak@32: 0.656752
2026-04-10 14:10:54 [INFO] [task_scheduler.cc:243] [Updated] Task #0: "main"
2026-04-10 14:10:54 [INFO] [task_scheduler.cc:326] 
 ID | Name |      FLOP | Weight | Speed (GFLOPS) | Latency (us) | Weighted Latency (us) | Trials | Done 
--------------------------------------------------------------------------------------------------------
  0 | main | 603979776 |      1 |        85.6628 |    7050.6654 |             7050.6654 |     64 |      
--------------------------------------------------------------------------------------------------------
Total trials: 64
Total latency (us): 7050.67

2026-04-10 14:10:54 [INFO] [task_scheduler.cc:266] Task #0 has finished. Remaining task(s): 0
2026-04-10 14:10:54 [INFO] [task_scheduler.cc:326] 
 ID | Name |      FLOP | Weight | Speed (GFLOPS) | Latency (us) | Weighted Latency (us) | Trials | Done 
--------------------------------------------------------------------------------------------------------
  0 | main | 603979776 |      1 |        85.6628 |    7050.6654 |             7050.6654 |     64 |    Y 
--------------------------------------------------------------------------------------------------------
Total trials: 64
Total latency (us): 7050.67

2026-04-10 14:10:55 [INFO] LocalBuilder: max_workers = 12
2026-04-10 14:10:56 [INFO] LocalRunner: max_workers = 1
2026-04-10 15:20:02 [INFO] Logging directory: research/results/metaschedule/best_config/mlp_reduce/M_128/logs
2026-04-10 15:20:02 [INFO] [task_scheduler.cc:165] Initializing Task #0: "main"
2026-04-10 15:20:02 [INFO] [task_scheduler.cc:326] 
 ID | Name |      FLOP | Weight | Speed (GFLOPS) | Latency (us) | Weighted Latency (us) | Trials | Done 
--------------------------------------------------------------------------------------------------------
  0 | main | 603979776 |      1 |            N/A |          N/A |                   N/A |      0 |      
--------------------------------------------------------------------------------------------------------
Total trials: 0
Total latency (us): 0

2026-04-10 15:20:02 [INFO] [task_scheduler.cc:186] TaskScheduler picks Task #0: "main"
2026-04-10 15:20:03 [INFO] [task_scheduler.cc:199] Sending 64 sample(s) to builder
2026-04-10 15:20:15 [INFO] [task_scheduler.cc:201] Sending 64 sample(s) to runner
2026-04-10 15:20:32 [DEBUG] XGB iter   0: tr-p-rmse: 0.482126	tr-a-peak@32: 0.788881	tr-rmse: 0.237385	tr-rmse: 0.237385
2026-04-10 15:20:32 [DEBUG] XGB iter  25: tr-p-rmse: 0.077015	tr-a-peak@32: 1.000000	tr-rmse: 0.258064	tr-rmse: 0.258064
2026-04-10 15:20:32 [DEBUG] XGB iter  50: tr-p-rmse: 0.076959	tr-a-peak@32: 1.000000	tr-rmse: 0.258132	tr-rmse: 0.258132
2026-04-10 15:20:32 [DEBUG] XGB iter  75: tr-p-rmse: 0.076959	tr-a-peak@32: 1.000000	tr-rmse: 0.258132	tr-rmse: 0.258132
2026-04-10 15:20:32 [DEBUG] XGB stopped. Best iteration: [39] tr-p-rmse:0.07696	tr-a-peak@32:1.00000	tr-rmse:0.25813	tr-rmse:0.25813 
2026-04-10 15:20:32 [INFO] [task_scheduler.cc:243] [Updated] Task #0: "main"
2026-04-10 15:20:32 [INFO] [task_scheduler.cc:326] 
 ID | Name |      FLOP | Weight | Speed (GFLOPS) | Latency (us) | Weighted Latency (us) | Trials | Done 
--------------------------------------------------------------------------------------------------------
  0 | main | 603979776 |      1 |       105.4998 |    5724.9368 |             5724.9368 |     64 |      
--------------------------------------------------------------------------------------------------------
Total trials: 64
Total latency (us): 5724.94

2026-04-10 15:20:32 [INFO] [task_scheduler.cc:186] TaskScheduler picks Task #0: "main"
2026-04-10 15:20:34 [INFO] [task_scheduler.cc:199] Sending 13 sample(s) to builder
2026-04-10 15:20:41 [INFO] [task_scheduler.cc:201] Sending 13 sample(s) to runner
2026-04-10 15:20:45 [DEBUG] XGB validation: p-rmse: 0.204123	a-peak@32: 0.993712
2026-04-10 15:20:45 [DEBUG] XGB iter   0: tr-p-rmse: 0.475897	tr-a-peak@32: 0.748422	tr-rmse: 0.236199	tr-rmse: 0.236199
2026-04-10 15:20:45 [DEBUG] XGB iter  25: tr-p-rmse: 0.076138	tr-a-peak@32: 1.000000	tr-rmse: 0.259526	tr-rmse: 0.259526
2026-04-10 15:20:45 [DEBUG] XGB iter  50: tr-p-rmse: 0.075938	tr-a-peak@32: 1.000000	tr-rmse: 0.259776	tr-rmse: 0.259776
2026-04-10 15:20:45 [DEBUG] XGB iter  75: tr-p-rmse: 0.075938	tr-a-peak@32: 1.000000	tr-rmse: 0.259776	tr-rmse: 0.259776
2026-04-10 15:20:45 [DEBUG] XGB stopped. Best iteration: [39] tr-p-rmse:0.07594	tr-a-peak@32:1.00000	tr-rmse:0.25978	tr-rmse:0.25978 
2026-04-10 15:20:45 [INFO] [task_scheduler.cc:243] [Updated] Task #0: "main"
2026-04-10 15:20:45 [INFO] [task_scheduler.cc:326] 
 ID | Name |      FLOP | Weight | Speed (GFLOPS) | Latency (us) | Weighted Latency (us) | Trials | Done 
--------------------------------------------------------------------------------------------------------
  0 | main | 603979776 |      1 |       105.4998 |    5724.9368 |             5724.9368 |     77 |      
--------------------------------------------------------------------------------------------------------
Total trials: 77
Total latency (us): 5724.94

2026-04-10 15:20:45 [INFO] [task_scheduler.cc:266] Task #0 has finished. Remaining task(s): 0
2026-04-10 15:20:45 [INFO] [task_scheduler.cc:326] 
 ID | Name |      FLOP | Weight | Speed (GFLOPS) | Latency (us) | Weighted Latency (us) | Trials | Done 
--------------------------------------------------------------------------------------------------------
  0 | main | 603979776 |      1 |       105.4998 |    5724.9368 |             5724.9368 |     77 |    Y 
--------------------------------------------------------------------------------------------------------
Total trials: 77
Total latency (us): 5724.94

2026-04-10 15:20:46 [INFO] LocalBuilder: max_workers = 12
2026-04-10 15:20:47 [INFO] LocalRunner: max_workers = 1
2026-04-14 01:15:11 [INFO] Logging directory: research/results/metaschedule/best_config/mlp_reduce/M_128/logs
2026-04-14 01:15:11 [INFO] [task_scheduler.cc:165] Initializing Task #0: "main"
2026-04-14 01:15:11 [INFO] [task_scheduler.cc:326] 
 ID | Name |      FLOP | Weight | Speed (GFLOPS) | Latency (us) | Weighted Latency (us) | Trials | Done 
--------------------------------------------------------------------------------------------------------
  0 | main | 603979776 |      1 |            N/A |          N/A |                   N/A |      0 |      
--------------------------------------------------------------------------------------------------------
Total trials: 0
Total latency (us): 0

2026-04-14 01:15:11 [INFO] [task_scheduler.cc:186] TaskScheduler picks Task #0: "main"
2026-04-14 01:15:13 [INFO] [task_scheduler.cc:199] Sending 61 sample(s) to builder
2026-04-14 01:15:30 [INFO] [task_scheduler.cc:201] Sending 61 sample(s) to runner
2026-04-14 01:15:49 [DEBUG] XGB iter   0: tr-p-rmse: 0.464917	tr-a-peak@32: 1.000000	tr-rmse: 0.232122	tr-rmse: 0.232122
2026-04-14 01:15:50 [DEBUG] XGB iter  25: tr-p-rmse: 0.067607	tr-a-peak@32: 1.000000	tr-rmse: 0.256645	tr-rmse: 0.256645
2026-04-14 01:15:50 [DEBUG] XGB iter  50: tr-p-rmse: 0.065412	tr-a-peak@32: 1.000000	tr-rmse: 0.256462	tr-rmse: 0.256462
2026-04-14 01:15:50 [DEBUG] XGB iter  75: tr-p-rmse: 0.065412	tr-a-peak@32: 1.000000	tr-rmse: 0.256462	tr-rmse: 0.256462
2026-04-14 01:15:50 [DEBUG] XGB stopped. Best iteration: [46] tr-p-rmse:0.06541	tr-a-peak@32:1.00000	tr-rmse:0.25646	tr-rmse:0.25646 
2026-04-14 01:15:50 [INFO] [task_scheduler.cc:243] [Updated] Task #0: "main"
2026-04-14 01:15:50 [INFO] [task_scheduler.cc:326] 
 ID | Name |      FLOP | Weight | Speed (GFLOPS) | Latency (us) | Weighted Latency (us) | Trials | Done 
--------------------------------------------------------------------------------------------------------
  0 | main | 603979776 |      1 |        72.6021 |    8319.0345 |             8319.0345 |     61 |      
--------------------------------------------------------------------------------------------------------
Total trials: 61
Total latency (us): 8319.03

2026-04-14 01:15:50 [INFO] [task_scheduler.cc:186] TaskScheduler picks Task #0: "main"
2026-04-14 01:15:51 [INFO] [task_scheduler.cc:199] Sending 16 sample(s) to builder
2026-04-14 01:16:01 [INFO] [task_scheduler.cc:201] Sending 16 sample(s) to runner
2026-04-14 01:16:07 [DEBUG] XGB validation: p-rmse: 0.181028	a-peak@32: 0.934578
2026-04-14 01:16:07 [DEBUG] XGB iter   0: tr-p-rmse: 0.464083	tr-a-peak@32: 0.995018	tr-rmse: 0.232470	tr-rmse: 0.232470
2026-04-14 01:16:07 [DEBUG] XGB iter  25: tr-p-rmse: 0.063630	tr-a-peak@32: 1.000000	tr-rmse: 0.261647	tr-rmse: 0.261647
2026-04-14 01:16:07 [DEBUG] XGB iter  50: tr-p-rmse: 0.063583	tr-a-peak@32: 1.000000	tr-rmse: 0.261703	tr-rmse: 0.261703
2026-04-14 01:16:07 [DEBUG] XGB iter  75: tr-p-rmse: 0.063583	tr-a-peak@32: 1.000000	tr-rmse: 0.261703	tr-rmse: 0.261703
2026-04-14 01:16:07 [DEBUG] XGB stopped. Best iteration: [36] tr-p-rmse:0.06358	tr-a-peak@32:1.00000	tr-rmse:0.26170	tr-rmse:0.26170 
2026-04-14 01:16:07 [INFO] [task_scheduler.cc:243] [Updated] Task #0: "main"
2026-04-14 01:16:07 [INFO] [task_scheduler.cc:326] 
 ID | Name |      FLOP | Weight | Speed (GFLOPS) | Latency (us) | Weighted Latency (us) | Trials | Done 
--------------------------------------------------------------------------------------------------------
  0 | main | 603979776 |      1 |        72.6021 |    8319.0345 |             8319.0345 |     77 |      
--------------------------------------------------------------------------------------------------------
Total trials: 77
Total latency (us): 8319.03

2026-04-14 01:16:07 [INFO] [task_scheduler.cc:266] Task #0 has finished. Remaining task(s): 0
2026-04-14 01:16:07 [INFO] [task_scheduler.cc:326] 
 ID | Name |      FLOP | Weight | Speed (GFLOPS) | Latency (us) | Weighted Latency (us) | Trials | Done 
--------------------------------------------------------------------------------------------------------
  0 | main | 603979776 |      1 |        72.6021 |    8319.0345 |             8319.0345 |     77 |    Y 
--------------------------------------------------------------------------------------------------------
Total trials: 77
Total latency (us): 8319.03

2026-04-14 01:16:08 [INFO] LocalBuilder: max_workers = 12
2026-04-14 01:16:10 [INFO] LocalRunner: max_workers = 1
2026-04-14 01:53:36 [INFO] Logging directory: research/results/metaschedule/best_config/mlp_reduce/M_128/logs
2026-04-14 01:53:36 [INFO] [task_scheduler.cc:165] Initializing Task #0: "main"
2026-04-14 01:53:36 [INFO] [task_scheduler.cc:326] 
 ID | Name |      FLOP | Weight | Speed (GFLOPS) | Latency (us) | Weighted Latency (us) | Trials | Done 
--------------------------------------------------------------------------------------------------------
  0 | main | 603979776 |      1 |            N/A |          N/A |                   N/A |      0 |      
--------------------------------------------------------------------------------------------------------
Total trials: 0
Total latency (us): 0

2026-04-14 01:53:36 [INFO] [task_scheduler.cc:186] TaskScheduler picks Task #0: "main"
2026-04-14 01:53:38 [INFO] [task_scheduler.cc:199] Sending 64 sample(s) to builder
2026-04-14 01:53:52 [INFO] [task_scheduler.cc:201] Sending 64 sample(s) to runner
2026-04-14 01:54:12 [DEBUG] XGB iter   0: tr-p-rmse: 0.417785	tr-a-peak@32: 1.000000	tr-rmse: 0.239607	tr-rmse: 0.239607
2026-04-14 01:54:12 [DEBUG] XGB iter  25: tr-p-rmse: 0.061576	tr-a-peak@32: 1.000000	tr-rmse: 0.283767	tr-rmse: 0.283767
2026-04-14 01:54:12 [DEBUG] XGB iter  50: tr-p-rmse: 0.061459	tr-a-peak@32: 1.000000	tr-rmse: 0.283945	tr-rmse: 0.283945
2026-04-14 01:54:12 [DEBUG] XGB iter  75: tr-p-rmse: 0.061459	tr-a-peak@32: 1.000000	tr-rmse: 0.283945	tr-rmse: 0.283945
2026-04-14 01:54:12 [DEBUG] XGB stopped. Best iteration: [37] tr-p-rmse:0.06146	tr-a-peak@32:1.00000	tr-rmse:0.28394	tr-rmse:0.28394 
2026-04-14 01:54:12 [INFO] [task_scheduler.cc:243] [Updated] Task #0: "main"
2026-04-14 01:54:12 [INFO] [task_scheduler.cc:326] 
 ID | Name |      FLOP | Weight | Speed (GFLOPS) | Latency (us) | Weighted Latency (us) | Trials | Done 
--------------------------------------------------------------------------------------------------------
  0 | main | 603979776 |      1 |        70.5775 |    8557.6778 |             8557.6778 |     64 |      
--------------------------------------------------------------------------------------------------------
Total trials: 64
Total latency (us): 8557.68

2026-04-14 01:54:12 [INFO] [task_scheduler.cc:186] TaskScheduler picks Task #0: "main"
2026-04-14 01:54:14 [INFO] [task_scheduler.cc:199] Sending 13 sample(s) to builder
2026-04-14 01:54:26 [INFO] [task_scheduler.cc:201] Sending 13 sample(s) to runner
2026-04-14 01:54:29 [DEBUG] XGB validation: p-rmse: 0.251053	a-peak@32: 0.925032
2026-04-14 01:54:29 [DEBUG] XGB iter   0: tr-p-rmse: 0.439546	tr-a-peak@32: 1.000000	tr-rmse: 0.249237	tr-rmse: 0.249237
2026-04-14 01:54:30 [DEBUG] XGB iter  25: tr-p-rmse: 0.060419	tr-a-peak@32: 1.000000	tr-rmse: 0.282430	tr-rmse: 0.282430
2026-04-14 01:54:30 [DEBUG] XGB iter  50: tr-p-rmse: 0.060271	tr-a-peak@32: 1.000000	tr-rmse: 0.282642	tr-rmse: 0.282642
2026-04-14 01:54:30 [DEBUG] XGB iter  75: tr-p-rmse: 0.060271	tr-a-peak@32: 1.000000	tr-rmse: 0.282642	tr-rmse: 0.282642
2026-04-14 01:54:30 [DEBUG] XGB stopped. Best iteration: [38] tr-p-rmse:0.06027	tr-a-peak@32:1.00000	tr-rmse:0.28264	tr-rmse:0.28264 
2026-04-14 01:54:30 [INFO] [task_scheduler.cc:243] [Updated] Task #0: "main"
2026-04-14 01:54:30 [INFO] [task_scheduler.cc:326] 
 ID | Name |      FLOP | Weight | Speed (GFLOPS) | Latency (us) | Weighted Latency (us) | Trials | Done 
--------------------------------------------------------------------------------------------------------
  0 | main | 603979776 |      1 |        73.4682 |    8220.9718 |             8220.9718 |     77 |      
--------------------------------------------------------------------------------------------------------
Total trials: 77
Total latency (us): 8220.97

2026-04-14 01:54:30 [INFO] [task_scheduler.cc:266] Task #0 has finished. Remaining task(s): 0
2026-04-14 01:54:30 [INFO] [task_scheduler.cc:326] 
 ID | Name |      FLOP | Weight | Speed (GFLOPS) | Latency (us) | Weighted Latency (us) | Trials | Done 
--------------------------------------------------------------------------------------------------------
  0 | main | 603979776 |      1 |        73.4682 |    8220.9718 |             8220.9718 |     77 |    Y 
--------------------------------------------------------------------------------------------------------
Total trials: 77
Total latency (us): 8220.97

2026-04-14 01:54:30 [INFO] LocalBuilder: max_workers = 12
2026-04-14 01:54:32 [INFO] LocalRunner: max_workers = 1
