2026-04-07 16:46:00 [INFO] [task_scheduler.cc:166] Initializing Task #0: "main"
2026-04-07 16:46:00 [INFO] [task_scheduler.cc:41] 
# from tvm.script import ir as I
# from tvm.script import tir as T

@I.ir_module
class Module:
    @T.prim_func
    def main(A: T.Buffer((384, 768), "float32"), B: T.Buffer((768, 768), "float32"), C: T.Buffer((384, 768), "float32")):
        T.func_attr({"tir.noalias": True})
        # with T.block("root"):
        for i, j, k in T.grid(384, 768, 768):
            with T.block("C"):
                vi, vj, vk = T.axis.remap("SSR", [i, j, k])
                T.reads(A[vi, vk], B[vk, vj])
                T.writes(C[vi, vj])
                with T.init():
                    C[vi, vj] = T.float32(0.0)
                C[vi, vj] = C[vi, vj] + A[vi, vk] * B[vk, vj]
2026-04-07 16:46:00 [INFO] [task_scheduler.cc:170] Total 3 design space(s) generated
2026-04-07 16:46:00 [INFO] [task_scheduler.cc:176] Design space #0:
# from tvm.script import ir as I
# from tvm.script import tir as T

@I.ir_module
class Module:
    @T.prim_func
    def main(A: T.Buffer((384, 768), "float32"), B: T.Buffer((768, 768), "float32"), C: T.Buffer((384, 768), "float32")):
        T.func_attr({"tir.noalias": True})
        with T.block("root"):
            T.reads()
            T.writes()
            T.block_attr({"meta_schedule.parallel": 128, "meta_schedule.unroll_explicit": 16, "meta_schedule.vectorize": 64})
            C_global = T.alloc_buffer((384, 768))
            for i_0, j_0, i_1, j_1 in T.grid(1, 2, 8, 6):
                for k_0, i_2, j_2, k_1, i_3, j_3 in T.grid(24, 48, 16, 32, 1, 4):
                    with T.block("C"):
                        vi = T.axis.spatial(384, i_0 * 384 + i_1 * 48 + i_2 + i_3)
                        vj = T.axis.spatial(768, j_0 * 384 + j_1 * 64 + j_2 * 4 + j_3)
                        vk = T.axis.reduce(768, k_0 * 32 + k_1)
                        T.reads(A[vi, vk], B[vk, vj])
                        T.writes(C_global[vi, vj])
                        T.block_attr({"meta_schedule.tiling_structure": "SSRSRS"})
                        with T.init():
                            C_global[vi, vj] = T.float32(0.0)
                        C_global[vi, vj] = C_global[vi, vj] + A[vi, vk] * B[vk, vj]
                for ax0, ax1 in T.grid(48, 64):
                    with T.block("C_global"):
                        v0 = T.axis.spatial(384, i_1 * 48 + ax0)
                        v1 = T.axis.spatial(768, j_0 * 384 + j_1 * 64 + ax1)
                        T.reads(C_global[v0, v1])
                        T.writes(C[v0, v1])
                        C[v0, v1] = C_global[v0, v1]
b0 = sch.get_block(name="C", func_name="main")
b1 = sch.get_block(name="root", func_name="main")
sch.annotate(block_or_loop=b0, ann_key="meta_schedule.tiling_structure", ann_val="SSRSRS")
l2, l3, l4 = sch.get_loops(block=b0)
v5, v6, v7, v8 = sch.sample_perfect_tile(loop=l2, n=4, max_innermost_factor=64, decision=[1, 8, 48, 1])
l9, l10, l11, l12 = sch.split(loop=l2, factors=[v5, v6, v7, v8], preserve_unit_iters=True, disable_predication=False)
v13, v14, v15, v16 = sch.sample_perfect_tile(loop=l3, n=4, max_innermost_factor=64, decision=[2, 6, 16, 4])
l17, l18, l19, l20 = sch.split(loop=l3, factors=[v13, v14, v15, v16], preserve_unit_iters=True, disable_predication=False)
v21, v22 = sch.sample_perfect_tile(loop=l4, n=2, max_innermost_factor=64, decision=[24, 32])
l23, l24 = sch.split(loop=l4, factors=[v21, v22], preserve_unit_iters=True, disable_predication=False)
sch.reorder(l9, l17, l10, l18, l23, l11, l19, l24, l12, l20)
b25 = sch.cache_write(block=b0, write_buffer_index=0, storage_scope="global")
sch.reverse_compute_at(block=b25, loop=l18, preserve_unit_loops=True, index=-1)
sch.annotate(block_or_loop=b1, ann_key="meta_schedule.parallel", ann_val=128)
sch.annotate(block_or_loop=b1, ann_key="meta_schedule.vectorize", ann_val=64)
v26 = sch.sample_categorical(candidates=[0, 16, 64, 512], probs=[0.25, 0.25, 0.25, 0.25], decision=1)
sch.annotate(block_or_loop=b1, ann_key="meta_schedule.unroll_explicit", ann_val=v26)
2026-04-07 16:46:00 [INFO] [task_scheduler.cc:176] Design space #1:
# from tvm.script import ir as I
# from tvm.script import tir as T

@I.ir_module
class Module:
    @T.prim_func
    def main(A: T.Buffer((384, 768), "float32"), B: T.Buffer((768, 768), "float32"), C: T.Buffer((384, 768), "float32")):
        T.func_attr({"tir.noalias": True})
        with T.block("root"):
            T.reads()
            T.writes()
            T.block_attr({"meta_schedule.parallel": 128, "meta_schedule.unroll_explicit": 0, "meta_schedule.vectorize": 64})
            C_global = T.alloc_buffer((384, 768))
            for i_0, j_0 in T.grid(1, 2):
                for i_1, j_1, k_0, i_2, j_2, k_1, i_3, j_3 in T.grid(8, 6, 24, 48, 16, 32, 1, 4):
                    with T.block("C"):
                        vi = T.axis.spatial(384, i_0 * 384 + i_1 * 48 + i_2 + i_3)
                        vj = T.axis.spatial(768, j_0 * 384 + j_1 * 64 + j_2 * 4 + j_3)
                        vk = T.axis.reduce(768, k_0 * 32 + k_1)
                        T.reads(A[vi, vk], B[vk, vj])
                        T.writes(C_global[vi, vj])
                        T.block_attr({"meta_schedule.tiling_structure": "SSRSRS"})
                        with T.init():
                            C_global[vi, vj] = T.float32(0.0)
                        C_global[vi, vj] = C_global[vi, vj] + A[vi, vk] * B[vk, vj]
                for ax0, ax1 in T.grid(384, 384):
                    with T.block("C_global"):
                        v0 = T.axis.spatial(384, ax0)
                        v1 = T.axis.spatial(768, j_0 * 384 + ax1)
                        T.reads(C_global[v0, v1])
                        T.writes(C[v0, v1])
                        C[v0, v1] = C_global[v0, v1]
b0 = sch.get_block(name="C", func_name="main")
b1 = sch.get_block(name="root", func_name="main")
sch.annotate(block_or_loop=b0, ann_key="meta_schedule.tiling_structure", ann_val="SSRSRS")
l2, l3, l4 = sch.get_loops(block=b0)
v5, v6, v7, v8 = sch.sample_perfect_tile(loop=l2, n=4, max_innermost_factor=64, decision=[1, 8, 48, 1])
l9, l10, l11, l12 = sch.split(loop=l2, factors=[v5, v6, v7, v8], preserve_unit_iters=True, disable_predication=False)
v13, v14, v15, v16 = sch.sample_perfect_tile(loop=l3, n=4, max_innermost_factor=64, decision=[2, 6, 16, 4])
l17, l18, l19, l20 = sch.split(loop=l3, factors=[v13, v14, v15, v16], preserve_unit_iters=True, disable_predication=False)
v21, v22 = sch.sample_perfect_tile(loop=l4, n=2, max_innermost_factor=64, decision=[24, 32])
l23, l24 = sch.split(loop=l4, factors=[v21, v22], preserve_unit_iters=True, disable_predication=False)
sch.reorder(l9, l17, l10, l18, l23, l11, l19, l24, l12, l20)
b25 = sch.cache_write(block=b0, write_buffer_index=0, storage_scope="global")
sch.reverse_compute_at(block=b25, loop=l17, preserve_unit_loops=True, index=-1)
sch.annotate(block_or_loop=b1, ann_key="meta_schedule.parallel", ann_val=128)
sch.annotate(block_or_loop=b1, ann_key="meta_schedule.vectorize", ann_val=64)
v26 = sch.sample_categorical(candidates=[0, 16, 64, 512], probs=[0.25, 0.25, 0.25, 0.25], decision=0)
sch.annotate(block_or_loop=b1, ann_key="meta_schedule.unroll_explicit", ann_val=v26)
2026-04-07 16:46:00 [INFO] [task_scheduler.cc:176] Design space #2:
# from tvm.script import ir as I
# from tvm.script import tir as T

@I.ir_module
class Module:
    @T.prim_func
    def main(A: T.Buffer((384, 768), "float32"), B: T.Buffer((768, 768), "float32"), C: T.Buffer((384, 768), "float32")):
        T.func_attr({"tir.noalias": True})
        with T.block("root"):
            T.reads()
            T.writes()
            T.block_attr({"meta_schedule.parallel": 128, "meta_schedule.unroll_explicit": 16, "meta_schedule.vectorize": 64})
            for i_0, j_0, i_1, j_1, k_0, i_2, j_2, k_1, i_3, j_3 in T.grid(1, 2, 8, 6, 24, 48, 16, 32, 1, 4):
                with T.block("C"):
                    vi = T.axis.spatial(384, i_0 * 384 + i_1 * 48 + i_2 + i_3)
                    vj = T.axis.spatial(768, j_0 * 384 + j_1 * 64 + j_2 * 4 + j_3)
                    vk = T.axis.reduce(768, k_0 * 32 + k_1)
                    T.reads(A[vi, vk], B[vk, vj])
                    T.writes(C[vi, vj])
                    T.block_attr({"meta_schedule.tiling_structure": "SSRSRS"})
                    with T.init():
                        C[vi, vj] = T.float32(0.0)
                    C[vi, vj] = C[vi, vj] + A[vi, vk] * B[vk, vj]
b0 = sch.get_block(name="C", func_name="main")
b1 = sch.get_block(name="root", func_name="main")
sch.annotate(block_or_loop=b0, ann_key="meta_schedule.tiling_structure", ann_val="SSRSRS")
l2, l3, l4 = sch.get_loops(block=b0)
v5, v6, v7, v8 = sch.sample_perfect_tile(loop=l2, n=4, max_innermost_factor=64, decision=[1, 8, 48, 1])
l9, l10, l11, l12 = sch.split(loop=l2, factors=[v5, v6, v7, v8], preserve_unit_iters=True, disable_predication=False)
v13, v14, v15, v16 = sch.sample_perfect_tile(loop=l3, n=4, max_innermost_factor=64, decision=[2, 6, 16, 4])
l17, l18, l19, l20 = sch.split(loop=l3, factors=[v13, v14, v15, v16], preserve_unit_iters=True, disable_predication=False)
v21, v22 = sch.sample_perfect_tile(loop=l4, n=2, max_innermost_factor=64, decision=[24, 32])
l23, l24 = sch.split(loop=l4, factors=[v21, v22], preserve_unit_iters=True, disable_predication=False)
sch.reorder(l9, l17, l10, l18, l23, l11, l19, l24, l12, l20)
sch.annotate(block_or_loop=b1, ann_key="meta_schedule.parallel", ann_val=128)
sch.annotate(block_or_loop=b1, ann_key="meta_schedule.vectorize", ann_val=64)
v25 = sch.sample_categorical(candidates=[0, 16, 64, 512], probs=[0.25, 0.25, 0.25, 0.25], decision=1)
sch.annotate(block_or_loop=b1, ann_key="meta_schedule.unroll_explicit", ann_val=v25)
2026-04-07 16:46:00 [INFO] [evolutionary_search.cc:711] Generating candidates......
2026-04-07 16:46:00 [INFO] [evolutionary_search.cc:713] Picked top 0 candidate(s) from database
2026-04-07 16:46:00 [INFO] [evolutionary_search.cc:530] Sample-Init-Population summary:
Postproc #0 [meta_schedule.DisallowDynamicLoop(0x5bdf42294c28)]: 0 failure(s)
Postproc #1 [meta_schedule.RewriteParallelVectorizeUnroll(0x5bdf4242a4e8)]: 0 failure(s)
Postproc #2 [meta_schedule.RewriteReductionBlock(0x5bdf42c3eb38)]: 0 failure(s)
Postproc #3 [meta_schedule.RewriteLayout(0x5bdf41b6d628)]: 0 failure(s)
2026-04-07 16:46:00 [INFO] [evolutionary_search.cc:721] Sampled 614 candidate(s)
2026-04-07 16:46:01 [INFO] [evolutionary_search.cc:619] Evolve iter #0 done. Summary:
Postproc #0 [meta_schedule.DisallowDynamicLoop(0x5bdf42294c28)]: 0 failure(s)
Postproc #1 [meta_schedule.RewriteParallelVectorizeUnroll(0x5bdf4242a4e8)]: 0 failure(s)
Postproc #2 [meta_schedule.RewriteReductionBlock(0x5bdf42c3eb38)]: 0 failure(s)
Postproc #3 [meta_schedule.RewriteLayout(0x5bdf41b6d628)]: 0 failure(s)
2026-04-07 16:46:01 [INFO] [evolutionary_search.cc:619] Evolve iter #1 done. Summary:
Postproc #0 [meta_schedule.DisallowDynamicLoop(0x5bdf42294c28)]: 0 failure(s)
Postproc #1 [meta_schedule.RewriteParallelVectorizeUnroll(0x5bdf4242a4e8)]: 0 failure(s)
Postproc #2 [meta_schedule.RewriteReductionBlock(0x5bdf42c3eb38)]: 0 failure(s)
Postproc #3 [meta_schedule.RewriteLayout(0x5bdf41b6d628)]: 0 failure(s)
2026-04-07 16:46:01 [INFO] [evolutionary_search.cc:619] Evolve iter #2 done. Summary:
Postproc #0 [meta_schedule.DisallowDynamicLoop(0x5bdf42294c28)]: 0 failure(s)
Postproc #1 [meta_schedule.RewriteParallelVectorizeUnroll(0x5bdf4242a4e8)]: 0 failure(s)
Postproc #2 [meta_schedule.RewriteReductionBlock(0x5bdf42c3eb38)]: 0 failure(s)
Postproc #3 [meta_schedule.RewriteLayout(0x5bdf41b6d628)]: 0 failure(s)
2026-04-07 16:46:02 [INFO] [evolutionary_search.cc:619] Evolve iter #3 done. Summary:
Postproc #0 [meta_schedule.DisallowDynamicLoop(0x5bdf42294c28)]: 0 failure(s)
Postproc #1 [meta_schedule.RewriteParallelVectorizeUnroll(0x5bdf4242a4e8)]: 0 failure(s)
Postproc #2 [meta_schedule.RewriteReductionBlock(0x5bdf42c3eb38)]: 0 failure(s)
Postproc #3 [meta_schedule.RewriteLayout(0x5bdf41b6d628)]: 0 failure(s)
2026-04-07 16:46:02 [INFO] [evolutionary_search.cc:647] Scores of the best 64 candidates:
[1 : 16]:	0.9996  0.9990  0.9988  0.9986  0.9981  0.9977  0.9971  0.9966  0.9939  0.9939  0.9933  0.9924  0.9918  0.9917  0.9914  0.9914
[17 : 32]:	0.9913  0.9911  0.9907  0.9898  0.9895  0.9887  0.9886  0.9885  0.9873  0.9871  0.9868  0.9860  0.9853  0.9846  0.9842  0.9839
[33 : 48]:	0.9838  0.9838  0.9837  0.9834  0.9821  0.9808  0.9806  0.9797  0.9795  0.9778  0.9774  0.9769  0.9766  0.9760  0.9758  0.9758
[49 : 64]:	0.9757  0.9748  0.9745  0.9743  0.9742  0.9742  0.9742  0.9734  0.9730  0.9724  0.9721  0.9718  0.9714  0.9714  0.9712  0.9703
2026-04-07 16:46:02 [INFO] [evolutionary_search.cc:725] Got 64 candidate(s) with evolutionary search
2026-04-07 16:46:02 [INFO] [evolutionary_search.cc:728] Sending 64 candidates(s) for measurement
2026-04-07 16:46:28 [INFO] [task_scheduler.cc:137] [Task #0: main] Trial #1: GFLOPs: 87.9153. Time: 5152.5137 us. Best GFLOPs: 87.9153
2026-04-07 16:46:28 [INFO] [task_scheduler.cc:137] [Task #0: main] Trial #2: GFLOPs: 75.7605. Time: 5979.1658 us. Best GFLOPs: 87.9153
2026-04-07 16:46:28 [INFO] [task_scheduler.cc:137] [Task #0: main] Trial #3: GFLOPs: 89.7329. Time: 5048.1478 us. Best GFLOPs: 89.7329
2026-04-07 16:46:28 [INFO] [task_scheduler.cc:137] [Task #0: main] Trial #4: GFLOPs: 47.9116. Time: 9454.6027 us. Best GFLOPs: 89.7329
2026-04-07 16:46:28 [INFO] [task_scheduler.cc:137] [Task #0: main] Trial #5: GFLOPs: 94.0741. Time: 4815.1900 us. Best GFLOPs: 94.0741
2026-04-07 16:46:28 [INFO] [task_scheduler.cc:137] [Task #0: main] Trial #6: GFLOPs: 85.0213. Time: 5327.8969 us. Best GFLOPs: 94.0741
2026-04-07 16:46:28 [INFO] [task_scheduler.cc:137] [Task #0: main] Trial #7: GFLOPs: 25.9621. Time: 17447.9243 us. Best GFLOPs: 94.0741
2026-04-07 16:46:28 [INFO] [task_scheduler.cc:137] [Task #0: main] Trial #8: GFLOPs: 49.3214. Time: 9184.3550 us. Best GFLOPs: 94.0741
2026-04-07 16:46:28 [INFO] [task_scheduler.cc:137] [Task #0: main] Trial #9: GFLOPs: 41.0729. Time: 11028.7947 us. Best GFLOPs: 94.0741
2026-04-07 16:46:28 [INFO] [task_scheduler.cc:137] [Task #0: main] Trial #10: GFLOPs: 84.6885. Time: 5348.8379 us. Best GFLOPs: 94.0741
2026-04-07 16:46:28 [INFO] [task_scheduler.cc:137] [Task #0: main] Trial #11: GFLOPs: 64.6058. Time: 7011.5211 us. Best GFLOPs: 94.0741
2026-04-07 16:46:28 [INFO] [task_scheduler.cc:137] [Task #0: main] Trial #12: GFLOPs: 18.5582. Time: 24408.9077 us. Best GFLOPs: 94.0741
2026-04-07 16:46:28 [INFO] [task_scheduler.cc:137] [Task #0: main] Trial #13: GFLOPs: 13.7167. Time: 33024.4387 us. Best GFLOPs: 94.0741
2026-04-07 16:46:28 [INFO] [task_scheduler.cc:137] [Task #0: main] Trial #14: GFLOPs: 19.1472. Time: 23657.9820 us. Best GFLOPs: 94.0741
2026-04-07 16:46:28 [INFO] [task_scheduler.cc:137] [Task #0: main] Trial #15: GFLOPs: 109.7681. Time: 4126.7442 us. Best GFLOPs: 109.7681
2026-04-07 16:46:28 [INFO] [task_scheduler.cc:137] [Task #0: main] Trial #16: GFLOPs: 43.3535. Time: 10448.6421 us. Best GFLOPs: 109.7681
2026-04-07 16:46:28 [INFO] [task_scheduler.cc:137] [Task #0: main] Trial #17: GFLOPs: 36.6426. Time: 12362.2366 us. Best GFLOPs: 109.7681
2026-04-07 16:46:28 [INFO] [task_scheduler.cc:137] [Task #0: main] Trial #18: GFLOPs: 32.5149. Time: 13931.6276 us. Best GFLOPs: 109.7681
2026-04-07 16:46:28 [INFO] [task_scheduler.cc:137] [Task #0: main] Trial #19: GFLOPs: 44.8899. Time: 10091.0215 us. Best GFLOPs: 109.7681
2026-04-07 16:46:28 [INFO] [task_scheduler.cc:137] [Task #0: main] Trial #20: GFLOPs: 22.3655. Time: 20253.6973 us. Best GFLOPs: 109.7681
2026-04-07 16:46:28 [INFO] [task_scheduler.cc:137] [Task #0: main] Trial #21: GFLOPs: 20.0905. Time: 22547.1797 us. Best GFLOPs: 109.7681
2026-04-07 16:46:28 [INFO] [task_scheduler.cc:137] [Task #0: main] Trial #22: GFLOPs: 89.9667. Time: 5035.0262 us. Best GFLOPs: 109.7681
2026-04-07 16:46:28 [INFO] [task_scheduler.cc:137] [Task #0: main] Trial #23: GFLOPs: 39.3461. Time: 11512.8405 us. Best GFLOPs: 109.7681
2026-04-07 16:46:28 [INFO] [task_scheduler.cc:137] [Task #0: main] Trial #24: GFLOPs: 22.5279. Time: 20107.7535 us. Best GFLOPs: 109.7681
2026-04-07 16:46:28 [INFO] [task_scheduler.cc:137] [Task #0: main] Trial #25: GFLOPs: 19.7391. Time: 22948.6547 us. Best GFLOPs: 109.7681
2026-04-07 16:46:28 [INFO] [task_scheduler.cc:137] [Task #0: main] Trial #26: GFLOPs: 38.4217. Time: 11789.8267 us. Best GFLOPs: 109.7681
2026-04-07 16:46:28 [INFO] [task_scheduler.cc:137] [Task #0: main] Trial #27: GFLOPs: 78.6370. Time: 5760.4519 us. Best GFLOPs: 109.7681
2026-04-07 16:46:28 [INFO] [task_scheduler.cc:137] [Task #0: main] Trial #28: GFLOPs: 32.0912. Time: 14115.5400 us. Best GFLOPs: 109.7681
2026-04-07 16:46:28 [INFO] [task_scheduler.cc:137] [Task #0: main] Trial #29: GFLOPs: 25.9879. Time: 17430.5900 us. Best GFLOPs: 109.7681
2026-04-07 16:46:28 [INFO] [task_scheduler.cc:137] [Task #0: main] Trial #30: GFLOPs: 19.7594. Time: 22925.0330 us. Best GFLOPs: 109.7681
2026-04-07 16:46:28 [INFO] [task_scheduler.cc:137] [Task #0: main] Trial #31: GFLOPs: 89.1745. Time: 5079.7571 us. Best GFLOPs: 109.7681
2026-04-07 16:46:28 [INFO] [task_scheduler.cc:137] [Task #0: main] Trial #32: GFLOPs: 101.1641. Time: 4477.7231 us. Best GFLOPs: 109.7681
2026-04-07 16:46:28 [INFO] [task_scheduler.cc:137] [Task #0: main] Trial #33: GFLOPs: 109.3367. Time: 4143.0281 us. Best GFLOPs: 109.7681
2026-04-07 16:46:28 [INFO] [task_scheduler.cc:137] [Task #0: main] Trial #34: GFLOPs: 89.2470. Time: 5075.6289 us. Best GFLOPs: 109.7681
2026-04-07 16:46:28 [INFO] [task_scheduler.cc:137] [Task #0: main] Trial #35: GFLOPs: 4.9205. Time: 92060.0697 us. Best GFLOPs: 109.7681
2026-04-07 16:46:28 [INFO] [task_scheduler.cc:137] [Task #0: main] Trial #36: GFLOPs: 74.3020. Time: 6096.5327 us. Best GFLOPs: 109.7681
2026-04-07 16:46:28 [INFO] [task_scheduler.cc:137] [Task #0: main] Trial #37: GFLOPs: 120.2749. Time: 3766.2465 us. Best GFLOPs: 120.2749
2026-04-07 16:46:28 [INFO] [task_scheduler.cc:137] [Task #0: main] Trial #38: GFLOPs: 13.9647. Time: 32437.8873 us. Best GFLOPs: 120.2749
2026-04-07 16:46:28 [INFO] [task_scheduler.cc:137] [Task #0: main] Trial #39: GFLOPs: 81.3886. Time: 5565.7061 us. Best GFLOPs: 120.2749
2026-04-07 16:46:28 [INFO] [task_scheduler.cc:137] [Task #0: main] Trial #40: GFLOPs: 33.5295. Time: 13510.0518 us. Best GFLOPs: 120.2749
2026-04-07 16:46:28 [INFO] [task_scheduler.cc:137] [Task #0: main] Trial #41: GFLOPs: 15.6697. Time: 28908.3173 us. Best GFLOPs: 120.2749
2026-04-07 16:46:28 [INFO] [task_scheduler.cc:137] [Task #0: main] Trial #42: GFLOPs: 19.5218. Time: 23204.1063 us. Best GFLOPs: 120.2749
2026-04-07 16:46:28 [INFO] [task_scheduler.cc:137] [Task #0: main] Trial #43: GFLOPs: 74.1224. Time: 6111.3108 us. Best GFLOPs: 120.2749
2026-04-07 16:46:28 [INFO] [task_scheduler.cc:137] [Task #0: main] Trial #44: GFLOPs: 42.3828. Time: 10687.9479 us. Best GFLOPs: 120.2749
2026-04-07 16:46:28 [INFO] [task_scheduler.cc:137] [Task #0: main] Trial #45: GFLOPs: 29.6751. Time: 15264.7990 us. Best GFLOPs: 120.2749
2026-04-07 16:46:28 [INFO] [task_scheduler.cc:137] [Task #0: main] Trial #46: GFLOPs: 3.9245. Time: 115425.8163 us. Best GFLOPs: 120.2749
2026-04-07 16:46:28 [INFO] [task_scheduler.cc:137] [Task #0: main] Trial #47: GFLOPs: 23.8088. Time: 19025.9680 us. Best GFLOPs: 120.2749
2026-04-07 16:46:28 [INFO] [task_scheduler.cc:137] [Task #0: main] Trial #48: GFLOPs: 18.4286. Time: 24580.5880 us. Best GFLOPs: 120.2749
2026-04-07 16:46:28 [INFO] [task_scheduler.cc:137] [Task #0: main] Trial #49: GFLOPs: 12.6878. Time: 35702.2607 us. Best GFLOPs: 120.2749
2026-04-07 16:46:28 [INFO] [task_scheduler.cc:137] [Task #0: main] Trial #50: GFLOPs: 25.7536. Time: 17589.1850 us. Best GFLOPs: 120.2749
2026-04-07 16:46:28 [INFO] [task_scheduler.cc:137] [Task #0: main] Trial #51: GFLOPs: 49.1034. Time: 9225.1236 us. Best GFLOPs: 120.2749
2026-04-07 16:46:28 [INFO] [task_scheduler.cc:137] [Task #0: main] Trial #52: GFLOPs: 17.6932. Time: 25602.2010 us. Best GFLOPs: 120.2749
2026-04-07 16:46:28 [INFO] [task_scheduler.cc:137] [Task #0: main] Trial #53: GFLOPs: 61.9770. Time: 7308.9154 us. Best GFLOPs: 120.2749
2026-04-07 16:46:28 [INFO] [task_scheduler.cc:137] [Task #0: main] Trial #54: GFLOPs: 80.9776. Time: 5593.9526 us. Best GFLOPs: 120.2749
2026-04-07 16:46:28 [INFO] [task_scheduler.cc:137] [Task #0: main] Trial #55: GFLOPs: 35.7715. Time: 12663.2876 us. Best GFLOPs: 120.2749
2026-04-07 16:46:28 [INFO] [task_scheduler.cc:137] [Task #0: main] Trial #56: GFLOPs: 21.9294. Time: 20656.5060 us. Best GFLOPs: 120.2749
2026-04-07 16:46:28 [INFO] [task_scheduler.cc:137] [Task #0: main] Trial #57: GFLOPs: 18.8263. Time: 24061.2947 us. Best GFLOPs: 120.2749
2026-04-07 16:46:28 [INFO] [task_scheduler.cc:137] [Task #0: main] Trial #58: GFLOPs: 4.5191. Time: 100236.7400 us. Best GFLOPs: 120.2749
2026-04-07 16:46:28 [INFO] [task_scheduler.cc:137] [Task #0: main] Trial #59: GFLOPs: 68.6204. Time: 6601.3134 us. Best GFLOPs: 120.2749
2026-04-07 16:46:28 [INFO] [task_scheduler.cc:137] [Task #0: main] Trial #60: GFLOPs: 51.6510. Time: 8770.1133 us. Best GFLOPs: 120.2749
2026-04-07 16:46:28 [INFO] [task_scheduler.cc:137] [Task #0: main] Trial #61: GFLOPs: 49.2148. Time: 9204.2397 us. Best GFLOPs: 120.2749
2026-04-07 16:46:28 [INFO] [task_scheduler.cc:137] [Task #0: main] Trial #62: GFLOPs: 21.4589. Time: 21109.4347 us. Best GFLOPs: 120.2749
2026-04-07 16:46:28 [INFO] [task_scheduler.cc:137] [Task #0: main] Trial #63: GFLOPs: 50.7043. Time: 8933.8493 us. Best GFLOPs: 120.2749
2026-04-07 16:46:28 [INFO] [task_scheduler.cc:137] [Task #0: main] Trial #64: GFLOPs: 26.4927. Time: 17098.4788 us. Best GFLOPs: 120.2749
2026-04-07 16:46:28 [INFO] [evolutionary_search.cc:711] Generating candidates......
2026-04-07 16:46:28 [INFO] [evolutionary_search.cc:713] Picked top 64 candidate(s) from database
2026-04-07 16:46:28 [INFO] [evolutionary_search.cc:530] Sample-Init-Population summary:
Postproc #0 [meta_schedule.DisallowDynamicLoop(0x5bdf42294c28)]: 0 failure(s)
Postproc #1 [meta_schedule.RewriteParallelVectorizeUnroll(0x5bdf4242a4e8)]: 0 failure(s)
Postproc #2 [meta_schedule.RewriteReductionBlock(0x5bdf42c3eb38)]: 0 failure(s)
Postproc #3 [meta_schedule.RewriteLayout(0x5bdf41b6d628)]: 0 failure(s)
2026-04-07 16:46:28 [INFO] [evolutionary_search.cc:721] Sampled 550 candidate(s)
2026-04-07 16:46:29 [INFO] [evolutionary_search.cc:619] Evolve iter #0 done. Summary:
Postproc #0 [meta_schedule.DisallowDynamicLoop(0x5bdf42294c28)]: 0 failure(s)
Postproc #1 [meta_schedule.RewriteParallelVectorizeUnroll(0x5bdf4242a4e8)]: 0 failure(s)
Postproc #2 [meta_schedule.RewriteReductionBlock(0x5bdf42c3eb38)]: 0 failure(s)
Postproc #3 [meta_schedule.RewriteLayout(0x5bdf41b6d628)]: 0 failure(s)
2026-04-07 16:46:29 [INFO] [evolutionary_search.cc:619] Evolve iter #1 done. Summary:
Postproc #0 [meta_schedule.DisallowDynamicLoop(0x5bdf42294c28)]: 0 failure(s)
Postproc #1 [meta_schedule.RewriteParallelVectorizeUnroll(0x5bdf4242a4e8)]: 0 failure(s)
Postproc #2 [meta_schedule.RewriteReductionBlock(0x5bdf42c3eb38)]: 0 failure(s)
Postproc #3 [meta_schedule.RewriteLayout(0x5bdf41b6d628)]: 0 failure(s)
2026-04-07 16:46:30 [INFO] [evolutionary_search.cc:619] Evolve iter #2 done. Summary:
Postproc #0 [meta_schedule.DisallowDynamicLoop(0x5bdf42294c28)]: 0 failure(s)
Postproc #1 [meta_schedule.RewriteParallelVectorizeUnroll(0x5bdf4242a4e8)]: 0 failure(s)
Postproc #2 [meta_schedule.RewriteReductionBlock(0x5bdf42c3eb38)]: 0 failure(s)
Postproc #3 [meta_schedule.RewriteLayout(0x5bdf41b6d628)]: 0 failure(s)
2026-04-07 16:46:30 [INFO] [evolutionary_search.cc:619] Evolve iter #3 done. Summary:
Postproc #0 [meta_schedule.DisallowDynamicLoop(0x5bdf42294c28)]: 0 failure(s)
Postproc #1 [meta_schedule.RewriteParallelVectorizeUnroll(0x5bdf4242a4e8)]: 0 failure(s)
Postproc #2 [meta_schedule.RewriteReductionBlock(0x5bdf42c3eb38)]: 0 failure(s)
Postproc #3 [meta_schedule.RewriteLayout(0x5bdf41b6d628)]: 0 failure(s)
2026-04-07 16:46:30 [INFO] [evolutionary_search.cc:647] Scores of the best 64 candidates:
[1 : 16]:	0.9998  0.9997  0.9993  0.9993  0.9988  0.9984  0.9979  0.9968  0.9968  0.9966  0.9964  0.9964  0.9961  0.9961  0.9957  0.9949
[17 : 32]:	0.9949  0.9944  0.9940  0.9921  0.9921  0.9918  0.9917  0.9913  0.9913  0.9911  0.9899  0.9899  0.9896  0.9895  0.9893  0.9883
[33 : 48]:	0.9883  0.9878  0.9874  0.9870  0.9865  0.9853  0.9851  0.9843  0.9832  0.9825  0.9812  0.9810  0.9809  0.9803  0.9802  0.9792
[49 : 64]:	0.9790  0.9788  0.9788  0.9786  0.9785  0.9769  0.9765  0.9765  0.9759  0.9758  0.9754  0.9754  0.9753  0.9752  0.9751  0.9744
2026-04-07 16:46:30 [INFO] [evolutionary_search.cc:725] Got 64 candidate(s) with evolutionary search
2026-04-07 16:46:30 [INFO] [evolutionary_search.cc:728] Sending 64 candidates(s) for measurement
2026-04-07 16:46:54 [INFO] [task_scheduler.cc:137] [Task #0: main] Trial #65: GFLOPs: 78.0840. Time: 5801.2475 us. Best GFLOPs: 120.2749
2026-04-07 16:46:54 [INFO] [task_scheduler.cc:137] [Task #0: main] Trial #66: GFLOPs: 83.8843. Time: 5400.1133 us. Best GFLOPs: 120.2749
2026-04-07 16:46:54 [INFO] [task_scheduler.cc:137] [Task #0: main] Trial #67: GFLOPs: 85.3814. Time: 5305.4292 us. Best GFLOPs: 120.2749
2026-04-07 16:46:54 [INFO] [task_scheduler.cc:137] [Task #0: main] Trial #68: GFLOPs: 50.4261. Time: 8983.1481 us. Best GFLOPs: 120.2749
2026-04-07 16:46:54 [INFO] [task_scheduler.cc:137] [Task #0: main] Trial #69: GFLOPs: 119.9119. Time: 3777.6480 us. Best GFLOPs: 120.2749
2026-04-07 16:46:54 [INFO] [task_scheduler.cc:137] [Task #0: main] Trial #70: GFLOPs: 60.2980. Time: 7512.4365 us. Best GFLOPs: 120.2749
2026-04-07 16:46:54 [INFO] [task_scheduler.cc:137] [Task #0: main] Trial #71: GFLOPs: 25.7746. Time: 17574.8635 us. Best GFLOPs: 120.2749
2026-04-07 16:46:54 [INFO] [task_scheduler.cc:137] [Task #0: main] Trial #72: GFLOPs: 21.4929. Time: 21076.0327 us. Best GFLOPs: 120.2749
2026-04-07 16:46:54 [INFO] [task_scheduler.cc:137] [Task #0: main] Trial #73: GFLOPs: 7.6843. Time: 58949.0817 us. Best GFLOPs: 120.2749
2026-04-07 16:46:54 [INFO] [task_scheduler.cc:137] [Task #0: main] Trial #74: GFLOPs: 91.7137. Time: 4939.1197 us. Best GFLOPs: 120.2749
2026-04-07 16:46:54 [INFO] [task_scheduler.cc:137] [Task #0: main] Trial #75: GFLOPs: 110.1228. Time: 4113.4525 us. Best GFLOPs: 120.2749
2026-04-07 16:46:54 [INFO] [task_scheduler.cc:137] [Task #0: main] Trial #76: GFLOPs: 83.5462. Time: 5421.9691 us. Best GFLOPs: 120.2749
2026-04-07 16:46:54 [INFO] [task_scheduler.cc:137] [Task #0: main] Trial #77: GFLOPs: 66.9639. Time: 6764.6122 us. Best GFLOPs: 120.2749
2026-04-07 16:46:54 [INFO] [task_scheduler.cc:137] [Task #0: main] Trial #78: GFLOPs: 52.3903. Time: 8646.3447 us. Best GFLOPs: 120.2749
2026-04-07 16:46:54 [INFO] [task_scheduler.cc:137] [Task #0: main] Trial #79: GFLOPs: 55.3012. Time: 8191.2261 us. Best GFLOPs: 120.2749
2026-04-07 16:46:54 [INFO] [task_scheduler.cc:137] [Task #0: main] Trial #80: GFLOPs: 15.1699. Time: 29860.7800 us. Best GFLOPs: 120.2749
2026-04-07 16:46:54 [INFO] [task_scheduler.cc:137] [Task #0: main] Trial #81: GFLOPs: 52.2397. Time: 8671.2833 us. Best GFLOPs: 120.2749
2026-04-07 16:46:54 [INFO] [task_scheduler.cc:137] [Task #0: main] Trial #82: GFLOPs: 107.7827. Time: 4202.7605 us. Best GFLOPs: 120.2749
2026-04-07 16:46:54 [INFO] [task_scheduler.cc:137] [Task #0: main] Trial #83: GFLOPs: 60.8494. Time: 7444.3652 us. Best GFLOPs: 120.2749
2026-04-07 16:46:54 [INFO] [task_scheduler.cc:137] [Task #0: main] Trial #84: GFLOPs: 45.7568. Time: 9899.8379 us. Best GFLOPs: 120.2749
2026-04-07 16:46:54 [INFO] [task_scheduler.cc:137] [Task #0: main] Trial #85: GFLOPs: 29.7390. Time: 15232.0368 us. Best GFLOPs: 120.2749
2026-04-07 16:46:54 [INFO] [task_scheduler.cc:137] [Task #0: main] Trial #86: GFLOPs: 116.4657. Time: 3889.4265 us. Best GFLOPs: 120.2749
2026-04-07 16:46:54 [INFO] [task_scheduler.cc:137] [Task #0: main] Trial #87: GFLOPs: 83.4643. Time: 5427.2895 us. Best GFLOPs: 120.2749
2026-04-07 16:46:54 [INFO] [task_scheduler.cc:137] [Task #0: main] Trial #88: GFLOPs: 97.9020. Time: 4626.9229 us. Best GFLOPs: 120.2749
2026-04-07 16:46:54 [INFO] [task_scheduler.cc:137] [Task #0: main] Trial #89: GFLOPs: 97.8151. Time: 4631.0311 us. Best GFLOPs: 120.2749
2026-04-07 16:46:54 [INFO] [task_scheduler.cc:137] [Task #0: main] Trial #90: GFLOPs: 27.0567. Time: 16742.0747 us. Best GFLOPs: 120.2749
2026-04-07 16:46:54 [INFO] [task_scheduler.cc:137] [Task #0: main] Trial #91: GFLOPs: 32.3049. Time: 14022.1918 us. Best GFLOPs: 120.2749
2026-04-07 16:46:54 [INFO] [task_scheduler.cc:137] [Task #0: main] Trial #92: GFLOPs: 28.9017. Time: 15673.2800 us. Best GFLOPs: 120.2749
2026-04-07 16:46:54 [INFO] [task_scheduler.cc:137] [Task #0: main] Trial #93: GFLOPs: 57.1128. Time: 7931.4133 us. Best GFLOPs: 120.2749
2026-04-07 16:46:54 [INFO] [task_scheduler.cc:137] [Task #0: main] Trial #94: GFLOPs: 49.6215. Time: 9128.8003 us. Best GFLOPs: 120.2749
2026-04-07 16:46:54 [INFO] [task_scheduler.cc:137] [Task #0: main] Trial #95: GFLOPs: 36.0931. Time: 12550.4704 us. Best GFLOPs: 120.2749
2026-04-07 16:46:54 [INFO] [task_scheduler.cc:137] [Task #0: main] Trial #96: GFLOPs: 44.3054. Time: 10224.1460 us. Best GFLOPs: 120.2749
2026-04-07 16:46:54 [INFO] [task_scheduler.cc:137] [Task #0: main] Trial #97: GFLOPs: 29.3004. Time: 15460.0335 us. Best GFLOPs: 120.2749
2026-04-07 16:46:54 [INFO] [task_scheduler.cc:137] [Task #0: main] Trial #98: GFLOPs: 31.4579. Time: 14399.6936 us. Best GFLOPs: 120.2749
2026-04-07 16:46:54 [INFO] [task_scheduler.cc:137] [Task #0: main] Trial #99: GFLOPs: 28.0336. Time: 16158.6270 us. Best GFLOPs: 120.2749
2026-04-07 16:46:54 [INFO] [task_scheduler.cc:137] [Task #0: main] Trial #100: GFLOPs: 21.9125. Time: 20672.4717 us. Best GFLOPs: 120.2749
2026-04-07 16:46:54 [INFO] [task_scheduler.cc:137] [Task #0: main] Trial #101: GFLOPs: 19.4075. Time: 23340.6890 us. Best GFLOPs: 120.2749
2026-04-07 16:46:54 [INFO] [task_scheduler.cc:137] [Task #0: main] Trial #102: GFLOPs: 66.6463. Time: 6796.8539 us. Best GFLOPs: 120.2749
2026-04-07 16:46:54 [INFO] [task_scheduler.cc:137] [Task #0: main] Trial #103: GFLOPs: 12.8582. Time: 35229.1527 us. Best GFLOPs: 120.2749
2026-04-07 16:46:54 [INFO] [task_scheduler.cc:137] [Task #0: main] Trial #104: GFLOPs: 34.5564. Time: 13108.5752 us. Best GFLOPs: 120.2749
2026-04-07 16:46:54 [INFO] [task_scheduler.cc:137] [Task #0: main] Trial #105: GFLOPs: 40.1926. Time: 11270.3412 us. Best GFLOPs: 120.2749
2026-04-07 16:46:54 [INFO] [task_scheduler.cc:137] [Task #0: main] Trial #106: GFLOPs: 45.0262. Time: 10060.4809 us. Best GFLOPs: 120.2749
2026-04-07 16:46:54 [INFO] [task_scheduler.cc:137] [Task #0: main] Trial #107: GFLOPs: 24.0626. Time: 18825.2368 us. Best GFLOPs: 120.2749
2026-04-07 16:46:54 [INFO] [task_scheduler.cc:137] [Task #0: main] Trial #108: GFLOPs: 81.3931. Time: 5565.3954 us. Best GFLOPs: 120.2749
2026-04-07 16:46:54 [INFO] [task_scheduler.cc:137] [Task #0: main] Trial #109: GFLOPs: 24.0852. Time: 18807.6215 us. Best GFLOPs: 120.2749
2026-04-07 16:46:54 [INFO] [task_scheduler.cc:137] [Task #0: main] Trial #110: GFLOPs: 24.8323. Time: 18241.7428 us. Best GFLOPs: 120.2749
2026-04-07 16:46:54 [INFO] [task_scheduler.cc:137] [Task #0: main] Trial #111: GFLOPs: 80.3517. Time: 5637.5232 us. Best GFLOPs: 120.2749
2026-04-07 16:46:54 [INFO] [task_scheduler.cc:137] [Task #0: main] Trial #112: GFLOPs: 12.8453. Time: 35264.5823 us. Best GFLOPs: 120.2749
2026-04-07 16:46:54 [INFO] [task_scheduler.cc:137] [Task #0: main] Trial #113: GFLOPs: 62.2420. Time: 7277.7990 us. Best GFLOPs: 120.2749
2026-04-07 16:46:54 [INFO] [task_scheduler.cc:137] [Task #0: main] Trial #114: GFLOPs: 17.5103. Time: 25869.5817 us. Best GFLOPs: 120.2749
2026-04-07 16:46:54 [INFO] [task_scheduler.cc:137] [Task #0: main] Trial #115: GFLOPs: 52.3974. Time: 8645.1787 us. Best GFLOPs: 120.2749
2026-04-07 16:46:54 [INFO] [task_scheduler.cc:137] [Task #0: main] Trial #116: GFLOPs: 32.6959. Time: 13854.4848 us. Best GFLOPs: 120.2749
2026-04-07 16:46:54 [INFO] [task_scheduler.cc:137] [Task #0: main] Trial #117: GFLOPs: 37.3048. Time: 12142.7952 us. Best GFLOPs: 120.2749
2026-04-07 16:46:54 [INFO] [task_scheduler.cc:137] [Task #0: main] Trial #118: GFLOPs: 19.5202. Time: 23205.9427 us. Best GFLOPs: 120.2749
2026-04-07 16:46:54 [INFO] [task_scheduler.cc:137] [Task #0: main] Trial #119: GFLOPs: 21.1097. Time: 21458.6307 us. Best GFLOPs: 120.2749
2026-04-07 16:46:54 [INFO] [task_scheduler.cc:137] [Task #0: main] Trial #120: GFLOPs: 43.3608. Time: 10446.8685 us. Best GFLOPs: 120.2749
2026-04-07 16:46:54 [INFO] [task_scheduler.cc:137] [Task #0: main] Trial #121: GFLOPs: 27.0088. Time: 16771.7730 us. Best GFLOPs: 120.2749
2026-04-07 16:46:54 [INFO] [task_scheduler.cc:137] [Task #0: main] Trial #122: GFLOPs: 83.4136. Time: 5430.5902 us. Best GFLOPs: 120.2749
2026-04-07 16:46:54 [INFO] [task_scheduler.cc:137] [Task #0: main] Trial #123: GFLOPs: 80.5521. Time: 5623.4990 us. Best GFLOPs: 120.2749
2026-04-07 16:46:54 [INFO] [task_scheduler.cc:137] [Task #0: main] Trial #124: GFLOPs: 79.7756. Time: 5678.2344 us. Best GFLOPs: 120.2749
2026-04-07 16:46:54 [INFO] [task_scheduler.cc:137] [Task #0: main] Trial #125: GFLOPs: 24.0400. Time: 18842.9898 us. Best GFLOPs: 120.2749
2026-04-07 16:46:54 [INFO] [task_scheduler.cc:137] [Task #0: main] Trial #126: GFLOPs: 34.1409. Time: 13268.0974 us. Best GFLOPs: 120.2749
2026-04-07 16:46:54 [INFO] [task_scheduler.cc:137] [Task #0: main] Trial #127: GFLOPs: 14.2809. Time: 31719.7190 us. Best GFLOPs: 120.2749
2026-04-07 16:46:54 [INFO] [task_scheduler.cc:137] [Task #0: main] Trial #128: GFLOPs: 65.6562. Time: 6899.3484 us. Best GFLOPs: 120.2749
2026-04-07 16:46:54 [INFO] [evolutionary_search.cc:711] Generating candidates......
2026-04-07 16:46:54 [INFO] [evolutionary_search.cc:713] Picked top 122 candidate(s) from database
2026-04-07 16:46:54 [INFO] [evolutionary_search.cc:530] Sample-Init-Population summary:
Postproc #0 [meta_schedule.DisallowDynamicLoop(0x5bdf42294c28)]: 0 failure(s)
Postproc #1 [meta_schedule.RewriteParallelVectorizeUnroll(0x5bdf4242a4e8)]: 0 failure(s)
Postproc #2 [meta_schedule.RewriteReductionBlock(0x5bdf42c3eb38)]: 0 failure(s)
Postproc #3 [meta_schedule.RewriteLayout(0x5bdf41b6d628)]: 0 failure(s)
2026-04-07 16:46:54 [INFO] [evolutionary_search.cc:721] Sampled 492 candidate(s)
2026-04-07 16:46:55 [INFO] [evolutionary_search.cc:619] Evolve iter #0 done. Summary:
Postproc #0 [meta_schedule.DisallowDynamicLoop(0x5bdf42294c28)]: 0 failure(s)
Postproc #1 [meta_schedule.RewriteParallelVectorizeUnroll(0x5bdf4242a4e8)]: 0 failure(s)
Postproc #2 [meta_schedule.RewriteReductionBlock(0x5bdf42c3eb38)]: 0 failure(s)
Postproc #3 [meta_schedule.RewriteLayout(0x5bdf41b6d628)]: 0 failure(s)
2026-04-07 16:46:56 [INFO] [evolutionary_search.cc:619] Evolve iter #1 done. Summary:
Postproc #0 [meta_schedule.DisallowDynamicLoop(0x5bdf42294c28)]: 0 failure(s)
Postproc #1 [meta_schedule.RewriteParallelVectorizeUnroll(0x5bdf4242a4e8)]: 0 failure(s)
Postproc #2 [meta_schedule.RewriteReductionBlock(0x5bdf42c3eb38)]: 0 failure(s)
Postproc #3 [meta_schedule.RewriteLayout(0x5bdf41b6d628)]: 0 failure(s)
2026-04-07 16:46:57 [INFO] [evolutionary_search.cc:619] Evolve iter #2 done. Summary:
Postproc #0 [meta_schedule.DisallowDynamicLoop(0x5bdf42294c28)]: 0 failure(s)
Postproc #1 [meta_schedule.RewriteParallelVectorizeUnroll(0x5bdf4242a4e8)]: 0 failure(s)
Postproc #2 [meta_schedule.RewriteReductionBlock(0x5bdf42c3eb38)]: 0 failure(s)
Postproc #3 [meta_schedule.RewriteLayout(0x5bdf41b6d628)]: 0 failure(s)
2026-04-07 16:46:58 [INFO] [evolutionary_search.cc:619] Evolve iter #3 done. Summary:
Postproc #0 [meta_schedule.DisallowDynamicLoop(0x5bdf42294c28)]: 0 failure(s)
Postproc #1 [meta_schedule.RewriteParallelVectorizeUnroll(0x5bdf4242a4e8)]: 0 failure(s)
Postproc #2 [meta_schedule.RewriteReductionBlock(0x5bdf42c3eb38)]: 0 failure(s)
Postproc #3 [meta_schedule.RewriteLayout(0x5bdf41b6d628)]: 0 failure(s)
2026-04-07 16:46:59 [INFO] [evolutionary_search.cc:647] Scores of the best 26 candidates:
[1 : 16]:	0.9637  0.9607  0.9601  0.9601  0.9601  0.9601  0.9601  0.9601  0.9601  0.9420  0.9399  0.9399  0.9399  0.9399  0.9377  0.9377
[17 : 26]:	0.9377  0.9377  0.9377  0.9377  0.9377  0.9170  0.9170  0.9152  0.9084  0.9039
2026-04-07 16:46:59 [INFO] [evolutionary_search.cc:725] Got 26 candidate(s) with evolutionary search
2026-04-07 16:46:59 [INFO] [evolutionary_search.cc:728] Sending 26 candidates(s) for measurement
2026-04-07 16:47:13 [INFO] [task_scheduler.cc:137] [Task #0: main] Trial #129: GFLOPs: 21.9099. Time: 20674.9207 us. Best GFLOPs: 120.2749
2026-04-07 16:47:13 [INFO] [task_scheduler.cc:137] [Task #0: main] Trial #130: GFLOPs: 137.9735. Time: 3283.1294 us. Best GFLOPs: 137.9735
2026-04-07 16:47:13 [INFO] [task_scheduler.cc:137] [Task #0: main] Trial #131: GFLOPs: 74.2023. Time: 6104.7257 us. Best GFLOPs: 137.9735
2026-04-07 16:47:13 [INFO] [task_scheduler.cc:137] [Task #0: main] Trial #132: GFLOPs: 43.7301. Time: 10358.6568 us. Best GFLOPs: 137.9735
2026-04-07 16:47:13 [INFO] [task_scheduler.cc:137] [Task #0: main] Trial #133: GFLOPs: 30.3922. Time: 14904.6248 us. Best GFLOPs: 137.9735
2026-04-07 16:47:13 [INFO] [task_scheduler.cc:137] [Task #0: main] Trial #134: GFLOPs: 48.6324. Time: 9314.4741 us. Best GFLOPs: 137.9735
2026-04-07 16:47:13 [INFO] [task_scheduler.cc:137] [Task #0: main] Trial #135: GFLOPs: 111.8368. Time: 4050.4094 us. Best GFLOPs: 137.9735
2026-04-07 16:47:13 [INFO] [task_scheduler.cc:137] [Task #0: main] Trial #136: GFLOPs: 41.3483. Time: 10955.3464 us. Best GFLOPs: 137.9735
2026-04-07 16:47:13 [INFO] [task_scheduler.cc:137] [Task #0: main] Trial #137: GFLOPs: 121.4529. Time: 3729.7168 us. Best GFLOPs: 137.9735
2026-04-07 16:47:13 [INFO] [task_scheduler.cc:137] [Task #0: main] Trial #138: GFLOPs: 81.2667. Time: 5574.0498 us. Best GFLOPs: 137.9735
2026-04-07 16:47:13 [INFO] [task_scheduler.cc:137] [Task #0: main] Trial #139: GFLOPs: 63.0694. Time: 7182.3259 us. Best GFLOPs: 137.9735
2026-04-07 16:47:13 [INFO] [task_scheduler.cc:137] [Task #0: main] Trial #140: GFLOPs: 124.4837. Time: 3638.9088 us. Best GFLOPs: 137.9735
2026-04-07 16:47:13 [INFO] [task_scheduler.cc:137] [Task #0: main] Trial #141: GFLOPs: 68.5356. Time: 6609.4823 us. Best GFLOPs: 137.9735
2026-04-07 16:47:13 [INFO] [task_scheduler.cc:137] [Task #0: main] Trial #142: GFLOPs: 65.8846. Time: 6875.4270 us. Best GFLOPs: 137.9735
2026-04-07 16:47:13 [INFO] [task_scheduler.cc:137] [Task #0: main] Trial #143: GFLOPs: 116.2754. Time: 3895.7919 us. Best GFLOPs: 137.9735
2026-04-07 16:47:13 [INFO] [task_scheduler.cc:137] [Task #0: main] Trial #144: GFLOPs: 98.5088. Time: 4598.4218 us. Best GFLOPs: 137.9735
2026-04-07 16:47:13 [INFO] [task_scheduler.cc:137] [Task #0: main] Trial #145: GFLOPs: 56.5346. Time: 8012.5187 us. Best GFLOPs: 137.9735
2026-04-07 16:47:13 [INFO] [task_scheduler.cc:137] [Task #0: main] Trial #146: GFLOPs: 67.0679. Time: 6754.1249 us. Best GFLOPs: 137.9735
2026-04-07 16:47:13 [INFO] [task_scheduler.cc:137] [Task #0: main] Trial #147: GFLOPs: 112.1718. Time: 4038.3147 us. Best GFLOPs: 137.9735
2026-04-07 16:47:13 [INFO] [task_scheduler.cc:137] [Task #0: main] Trial #148: GFLOPs: 70.2377. Time: 6449.3164 us. Best GFLOPs: 137.9735
2026-04-07 16:47:13 [INFO] [task_scheduler.cc:137] [Task #0: main] Trial #149: GFLOPs: 65.6318. Time: 6901.9128 us. Best GFLOPs: 137.9735
2026-04-07 16:47:13 [INFO] [task_scheduler.cc:137] [Task #0: main] Trial #150: GFLOPs: 93.6389. Time: 4837.5692 us. Best GFLOPs: 137.9735
2026-04-07 16:47:13 [INFO] [task_scheduler.cc:137] [Task #0: main] Trial #151: GFLOPs: 93.7506. Time: 4831.8078 us. Best GFLOPs: 137.9735
2026-04-07 16:47:13 [INFO] [task_scheduler.cc:137] [Task #0: main] Trial #152: GFLOPs: 52.5130. Time: 8626.1437 us. Best GFLOPs: 137.9735
2026-04-07 16:47:13 [INFO] [task_scheduler.cc:137] [Task #0: main] Trial #153: GFLOPs: 80.2676. Time: 5643.4315 us. Best GFLOPs: 137.9735
2026-04-07 16:47:13 [INFO] [task_scheduler.cc:137] [Task #0: main] Trial #154: GFLOPs: 55.6692. Time: 8137.0775 us. Best GFLOPs: 137.9735
