2026-04-07 18:15:23 [INFO] Logging directory: research/results/metaschedule/8020/iter_01/681641fa220916ab/qkv/M_128/logs
2026-04-07 18:15:23 [INFO] [task_scheduler.cc:165] Initializing Task #0: "main"
2026-04-07 18:15:23 [INFO] [task_scheduler.cc:326] 
 ID | Name |      FLOP | Weight | Speed (GFLOPS) | Latency (us) | Weighted Latency (us) | Trials | Done 
--------------------------------------------------------------------------------------------------------
  0 | main | 150994944 |      1 |            N/A |          N/A |                   N/A |      0 |      
--------------------------------------------------------------------------------------------------------
Total trials: 0
Total latency (us): 0

2026-04-07 18:15:23 [INFO] [task_scheduler.cc:186] TaskScheduler picks Task #0: "main"
2026-04-07 18:15:24 [INFO] [task_scheduler.cc:199] Sending 64 sample(s) to builder
2026-04-07 18:15:39 [INFO] [task_scheduler.cc:201] Sending 64 sample(s) to runner
2026-04-07 18:15:52 [DEBUG] XGB iter   0: tr-p-rmse: 0.395595	tr-a-peak@32: 0.979436	tr-rmse: 0.275845	tr-rmse: 0.275845
2026-04-07 18:15:52 [DEBUG] XGB iter  25: tr-p-rmse: 0.046704	tr-a-peak@32: 0.999357	tr-rmse: 0.303027	tr-rmse: 0.303027
2026-04-07 18:15:52 [DEBUG] XGB iter  50: tr-p-rmse: 0.046705	tr-a-peak@32: 0.999357	tr-rmse: 0.303026	tr-rmse: 0.303026
2026-04-07 18:15:52 [DEBUG] XGB stopped. Best iteration: [21] tr-p-rmse:0.04670	tr-a-peak@32:0.99936	tr-rmse:0.30303	tr-rmse:0.30303 
2026-04-07 18:15:52 [INFO] [task_scheduler.cc:243] [Updated] Task #0: "main"
2026-04-07 18:15:52 [INFO] [task_scheduler.cc:326] 
 ID | Name |      FLOP | Weight | Speed (GFLOPS) | Latency (us) | Weighted Latency (us) | Trials | Done 
--------------------------------------------------------------------------------------------------------
  0 | main | 150994944 |      1 |       102.7746 |    1469.1861 |             1469.1861 |     64 |      
--------------------------------------------------------------------------------------------------------
Total trials: 64
Total latency (us): 1469.19

2026-04-07 18:15:52 [INFO] [task_scheduler.cc:186] TaskScheduler picks Task #0: "main"
2026-04-07 18:15:53 [INFO] [task_scheduler.cc:199] Sending 51 sample(s) to builder
2026-04-07 18:16:02 [INFO] [task_scheduler.cc:201] Sending 51 sample(s) to runner
2026-04-07 18:16:12 [DEBUG] XGB validation: p-rmse: 0.222995	a-peak@32: 0.989360
2026-04-07 18:16:12 [DEBUG] XGB iter   0: tr-p-rmse: 0.411270	tr-a-peak@32: 0.995906	tr-rmse: 0.261545	tr-rmse: 0.261545
2026-04-07 18:16:12 [DEBUG] XGB iter  25: tr-p-rmse: 0.043301	tr-a-peak@32: 1.000000	tr-rmse: 0.286277	tr-rmse: 0.286277
2026-04-07 18:16:12 [DEBUG] XGB iter  50: tr-p-rmse: 0.043285	tr-a-peak@32: 1.000000	tr-rmse: 0.286301	tr-rmse: 0.286301
2026-04-07 18:16:12 [DEBUG] XGB iter  75: tr-p-rmse: 0.043285	tr-a-peak@32: 1.000000	tr-rmse: 0.286301	tr-rmse: 0.286301
2026-04-07 18:16:12 [DEBUG] XGB stopped. Best iteration: [33] tr-p-rmse:0.04328	tr-a-peak@32:1.00000	tr-rmse:0.28630	tr-rmse:0.28630 
2026-04-07 18:16:12 [INFO] [task_scheduler.cc:243] [Updated] Task #0: "main"
2026-04-07 18:16:12 [INFO] [task_scheduler.cc:326] 
 ID | Name |      FLOP | Weight | Speed (GFLOPS) | Latency (us) | Weighted Latency (us) | Trials | Done 
--------------------------------------------------------------------------------------------------------
  0 | main | 150994944 |      1 |       107.1334 |    1409.4102 |             1409.4102 |    115 |      
--------------------------------------------------------------------------------------------------------
Total trials: 115
Total latency (us): 1409.41

2026-04-07 18:16:12 [INFO] [task_scheduler.cc:266] Task #0 has finished. Remaining task(s): 0
2026-04-07 18:16:12 [INFO] [task_scheduler.cc:326] 
 ID | Name |      FLOP | Weight | Speed (GFLOPS) | Latency (us) | Weighted Latency (us) | Trials | Done 
--------------------------------------------------------------------------------------------------------
  0 | main | 150994944 |      1 |       107.1334 |    1409.4102 |             1409.4102 |    115 |    Y 
--------------------------------------------------------------------------------------------------------
Total trials: 115
Total latency (us): 1409.41

2026-04-07 18:16:13 [INFO] LocalBuilder: max_workers = 12
2026-04-07 18:16:14 [INFO] LocalRunner: max_workers = 1
