2026-04-07 12:10:02 [INFO] [task_scheduler.cc:166] Initializing Task #0: "main"
2026-04-07 12:10:02 [INFO] [task_scheduler.cc:41] 
# from tvm.script import ir as I
# from tvm.script import tir as T

@I.ir_module
class Module:
    @T.prim_func
    def main(A: T.Buffer((384, 768), "float32"), B: T.Buffer((768, 3072), "float32"), C: T.Buffer((384, 3072), "float32")):
        T.func_attr({"tir.noalias": True})
        # with T.block("root"):
        for i, j, k in T.grid(384, 3072, 768):
            with T.block("C"):
                vi, vj, vk = T.axis.remap("SSR", [i, j, k])
                T.reads(A[vi, vk], B[vk, vj])
                T.writes(C[vi, vj])
                with T.init():
                    C[vi, vj] = T.float32(0.0)
                C[vi, vj] = C[vi, vj] + A[vi, vk] * B[vk, vj]
2026-04-07 12:10:02 [INFO] [task_scheduler.cc:170] Total 3 design space(s) generated
2026-04-07 12:10:02 [INFO] [task_scheduler.cc:176] Design space #0:
# from tvm.script import ir as I
# from tvm.script import tir as T

@I.ir_module
class Module:
    @T.prim_func
    def main(A: T.Buffer((384, 768), "float32"), B: T.Buffer((768, 3072), "float32"), C: T.Buffer((384, 3072), "float32")):
        T.func_attr({"tir.noalias": True})
        with T.block("root"):
            T.reads()
            T.writes()
            T.block_attr({"meta_schedule.parallel": 128, "meta_schedule.unroll_explicit": 64, "meta_schedule.vectorize": 64})
            C_global = T.alloc_buffer((384, 3072))
            for i_0, j_0, i_1, j_1 in T.grid(48, 384, 4, 2):
                for k_0, i_2, j_2, k_1, i_3, j_3 in T.grid(32, 1, 4, 24, 2, 1):
                    with T.block("C"):
                        vi = T.axis.spatial(384, i_0 * 8 + i_1 * 2 + i_2 * 2 + i_3)
                        vj = T.axis.spatial(3072, j_0 * 8 + j_1 * 4 + j_2 + j_3)
                        vk = T.axis.reduce(768, k_0 * 24 + k_1)
                        T.reads(A[vi, vk], B[vk, vj])
                        T.writes(C_global[vi, vj])
                        T.block_attr({"meta_schedule.tiling_structure": "SSRSRS"})
                        with T.init():
                            C_global[vi, vj] = T.float32(0.0)
                        C_global[vi, vj] = C_global[vi, vj] + A[vi, vk] * B[vk, vj]
                for ax0, ax1 in T.grid(2, 4):
                    with T.block("C_global"):
                        v0 = T.axis.spatial(384, i_0 * 8 + i_1 * 2 + ax0)
                        v1 = T.axis.spatial(3072, j_0 * 8 + j_1 * 4 + ax1)
                        T.reads(C_global[v0, v1])
                        T.writes(C[v0, v1])
                        C[v0, v1] = C_global[v0, v1]
b0 = sch.get_block(name="C", func_name="main")
b1 = sch.get_block(name="root", func_name="main")
sch.annotate(block_or_loop=b0, ann_key="meta_schedule.tiling_structure", ann_val="SSRSRS")
l2, l3, l4 = sch.get_loops(block=b0)
v5, v6, v7, v8 = sch.sample_perfect_tile(loop=l2, n=4, max_innermost_factor=64, decision=[48, 4, 1, 2])
l9, l10, l11, l12 = sch.split(loop=l2, factors=[v5, v6, v7, v8], preserve_unit_iters=True, disable_predication=False)
v13, v14, v15, v16 = sch.sample_perfect_tile(loop=l3, n=4, max_innermost_factor=64, decision=[384, 2, 4, 1])
l17, l18, l19, l20 = sch.split(loop=l3, factors=[v13, v14, v15, v16], preserve_unit_iters=True, disable_predication=False)
v21, v22 = sch.sample_perfect_tile(loop=l4, n=2, max_innermost_factor=64, decision=[32, 24])
l23, l24 = sch.split(loop=l4, factors=[v21, v22], preserve_unit_iters=True, disable_predication=False)
sch.reorder(l9, l17, l10, l18, l23, l11, l19, l24, l12, l20)
b25 = sch.cache_write(block=b0, write_buffer_index=0, storage_scope="global")
sch.reverse_compute_at(block=b25, loop=l18, preserve_unit_loops=True, index=-1)
sch.annotate(block_or_loop=b1, ann_key="meta_schedule.parallel", ann_val=128)
sch.annotate(block_or_loop=b1, ann_key="meta_schedule.vectorize", ann_val=64)
v26 = sch.sample_categorical(candidates=[0, 16, 64, 512], probs=[0.25, 0.25, 0.25, 0.25], decision=2)
sch.annotate(block_or_loop=b1, ann_key="meta_schedule.unroll_explicit", ann_val=v26)
2026-04-07 12:10:02 [INFO] [task_scheduler.cc:176] Design space #1:
# from tvm.script import ir as I
# from tvm.script import tir as T

@I.ir_module
class Module:
    @T.prim_func
    def main(A: T.Buffer((384, 768), "float32"), B: T.Buffer((768, 3072), "float32"), C: T.Buffer((384, 3072), "float32")):
        T.func_attr({"tir.noalias": True})
        with T.block("root"):
            T.reads()
            T.writes()
            T.block_attr({"meta_schedule.parallel": 128, "meta_schedule.unroll_explicit": 64, "meta_schedule.vectorize": 64})
            C_global = T.alloc_buffer((384, 3072))
            for i_0, j_0 in T.grid(48, 384):
                for i_1, j_1, k_0, i_2, j_2, k_1, i_3, j_3 in T.grid(4, 2, 32, 1, 4, 24, 2, 1):
                    with T.block("C"):
                        vi = T.axis.spatial(384, i_0 * 8 + i_1 * 2 + i_2 * 2 + i_3)
                        vj = T.axis.spatial(3072, j_0 * 8 + j_1 * 4 + j_2 + j_3)
                        vk = T.axis.reduce(768, k_0 * 24 + k_1)
                        T.reads(A[vi, vk], B[vk, vj])
                        T.writes(C_global[vi, vj])
                        T.block_attr({"meta_schedule.tiling_structure": "SSRSRS"})
                        with T.init():
                            C_global[vi, vj] = T.float32(0.0)
                        C_global[vi, vj] = C_global[vi, vj] + A[vi, vk] * B[vk, vj]
                for ax0, ax1 in T.grid(8, 8):
                    with T.block("C_global"):
                        v0 = T.axis.spatial(384, i_0 * 8 + ax0)
                        v1 = T.axis.spatial(3072, j_0 * 8 + ax1)
                        T.reads(C_global[v0, v1])
                        T.writes(C[v0, v1])
                        C[v0, v1] = C_global[v0, v1]
b0 = sch.get_block(name="C", func_name="main")
b1 = sch.get_block(name="root", func_name="main")
sch.annotate(block_or_loop=b0, ann_key="meta_schedule.tiling_structure", ann_val="SSRSRS")
l2, l3, l4 = sch.get_loops(block=b0)
v5, v6, v7, v8 = sch.sample_perfect_tile(loop=l2, n=4, max_innermost_factor=64, decision=[48, 4, 1, 2])
l9, l10, l11, l12 = sch.split(loop=l2, factors=[v5, v6, v7, v8], preserve_unit_iters=True, disable_predication=False)
v13, v14, v15, v16 = sch.sample_perfect_tile(loop=l3, n=4, max_innermost_factor=64, decision=[384, 2, 4, 1])
l17, l18, l19, l20 = sch.split(loop=l3, factors=[v13, v14, v15, v16], preserve_unit_iters=True, disable_predication=False)
v21, v22 = sch.sample_perfect_tile(loop=l4, n=2, max_innermost_factor=64, decision=[32, 24])
l23, l24 = sch.split(loop=l4, factors=[v21, v22], preserve_unit_iters=True, disable_predication=False)
sch.reorder(l9, l17, l10, l18, l23, l11, l19, l24, l12, l20)
b25 = sch.cache_write(block=b0, write_buffer_index=0, storage_scope="global")
sch.reverse_compute_at(block=b25, loop=l17, preserve_unit_loops=True, index=-1)
sch.annotate(block_or_loop=b1, ann_key="meta_schedule.parallel", ann_val=128)
sch.annotate(block_or_loop=b1, ann_key="meta_schedule.vectorize", ann_val=64)
v26 = sch.sample_categorical(candidates=[0, 16, 64, 512], probs=[0.25, 0.25, 0.25, 0.25], decision=2)
sch.annotate(block_or_loop=b1, ann_key="meta_schedule.unroll_explicit", ann_val=v26)
2026-04-07 12:10:02 [INFO] [task_scheduler.cc:176] Design space #2:
# from tvm.script import ir as I
# from tvm.script import tir as T

@I.ir_module
class Module:
    @T.prim_func
    def main(A: T.Buffer((384, 768), "float32"), B: T.Buffer((768, 3072), "float32"), C: T.Buffer((384, 3072), "float32")):
        T.func_attr({"tir.noalias": True})
        with T.block("root"):
            T.reads()
            T.writes()
            T.block_attr({"meta_schedule.parallel": 128, "meta_schedule.unroll_explicit": 64, "meta_schedule.vectorize": 64})
            for i_0, j_0, i_1, j_1, k_0, i_2, j_2, k_1, i_3, j_3 in T.grid(48, 384, 4, 2, 32, 1, 4, 24, 2, 1):
                with T.block("C"):
                    vi = T.axis.spatial(384, i_0 * 8 + i_1 * 2 + i_2 * 2 + i_3)
                    vj = T.axis.spatial(3072, j_0 * 8 + j_1 * 4 + j_2 + j_3)
                    vk = T.axis.reduce(768, k_0 * 24 + k_1)
                    T.reads(A[vi, vk], B[vk, vj])
                    T.writes(C[vi, vj])
                    T.block_attr({"meta_schedule.tiling_structure": "SSRSRS"})
                    with T.init():
                        C[vi, vj] = T.float32(0.0)
                    C[vi, vj] = C[vi, vj] + A[vi, vk] * B[vk, vj]
b0 = sch.get_block(name="C", func_name="main")
b1 = sch.get_block(name="root", func_name="main")
sch.annotate(block_or_loop=b0, ann_key="meta_schedule.tiling_structure", ann_val="SSRSRS")
l2, l3, l4 = sch.get_loops(block=b0)
v5, v6, v7, v8 = sch.sample_perfect_tile(loop=l2, n=4, max_innermost_factor=64, decision=[48, 4, 1, 2])
l9, l10, l11, l12 = sch.split(loop=l2, factors=[v5, v6, v7, v8], preserve_unit_iters=True, disable_predication=False)
v13, v14, v15, v16 = sch.sample_perfect_tile(loop=l3, n=4, max_innermost_factor=64, decision=[384, 2, 4, 1])
l17, l18, l19, l20 = sch.split(loop=l3, factors=[v13, v14, v15, v16], preserve_unit_iters=True, disable_predication=False)
v21, v22 = sch.sample_perfect_tile(loop=l4, n=2, max_innermost_factor=64, decision=[32, 24])
l23, l24 = sch.split(loop=l4, factors=[v21, v22], preserve_unit_iters=True, disable_predication=False)
sch.reorder(l9, l17, l10, l18, l23, l11, l19, l24, l12, l20)
sch.annotate(block_or_loop=b1, ann_key="meta_schedule.parallel", ann_val=128)
sch.annotate(block_or_loop=b1, ann_key="meta_schedule.vectorize", ann_val=64)
v25 = sch.sample_categorical(candidates=[0, 16, 64, 512], probs=[0.25, 0.25, 0.25, 0.25], decision=2)
sch.annotate(block_or_loop=b1, ann_key="meta_schedule.unroll_explicit", ann_val=v25)
2026-04-07 12:10:02 [INFO] [evolutionary_search.cc:711] Generating candidates......
2026-04-07 12:10:02 [INFO] [evolutionary_search.cc:713] Picked top 0 candidate(s) from database
2026-04-07 12:10:03 [INFO] [evolutionary_search.cc:530] Sample-Init-Population summary:
Postproc #0 [meta_schedule.DisallowDynamicLoop(0x5bdf3b3a0fb8)]: 0 failure(s)
Postproc #1 [meta_schedule.RewriteParallelVectorizeUnroll(0x5bdf3a340d88)]: 0 failure(s)
Postproc #2 [meta_schedule.RewriteReductionBlock(0x5bdf3b21eb98)]: 0 failure(s)
Postproc #3 [meta_schedule.RewriteLayout(0x5bdf3b5ad758)]: 0 failure(s)
2026-04-07 12:10:03 [INFO] [evolutionary_search.cc:721] Sampled 609 candidate(s)
2026-04-07 12:10:03 [INFO] [evolutionary_search.cc:619] Evolve iter #0 done. Summary:
Postproc #0 [meta_schedule.DisallowDynamicLoop(0x5bdf3b3a0fb8)]: 0 failure(s)
Postproc #1 [meta_schedule.RewriteParallelVectorizeUnroll(0x5bdf3a340d88)]: 0 failure(s)
Postproc #2 [meta_schedule.RewriteReductionBlock(0x5bdf3b21eb98)]: 0 failure(s)
Postproc #3 [meta_schedule.RewriteLayout(0x5bdf3b5ad758)]: 0 failure(s)
2026-04-07 12:10:03 [INFO] [evolutionary_search.cc:619] Evolve iter #1 done. Summary:
Postproc #0 [meta_schedule.DisallowDynamicLoop(0x5bdf3b3a0fb8)]: 0 failure(s)
Postproc #1 [meta_schedule.RewriteParallelVectorizeUnroll(0x5bdf3a340d88)]: 0 failure(s)
Postproc #2 [meta_schedule.RewriteReductionBlock(0x5bdf3b21eb98)]: 0 failure(s)
Postproc #3 [meta_schedule.RewriteLayout(0x5bdf3b5ad758)]: 0 failure(s)
2026-04-07 12:10:04 [INFO] [evolutionary_search.cc:619] Evolve iter #2 done. Summary:
Postproc #0 [meta_schedule.DisallowDynamicLoop(0x5bdf3b3a0fb8)]: 0 failure(s)
Postproc #1 [meta_schedule.RewriteParallelVectorizeUnroll(0x5bdf3a340d88)]: 0 failure(s)
Postproc #2 [meta_schedule.RewriteReductionBlock(0x5bdf3b21eb98)]: 0 failure(s)
Postproc #3 [meta_schedule.RewriteLayout(0x5bdf3b5ad758)]: 0 failure(s)
2026-04-07 12:10:04 [INFO] [evolutionary_search.cc:619] Evolve iter #3 done. Summary:
Postproc #0 [meta_schedule.DisallowDynamicLoop(0x5bdf3b3a0fb8)]: 0 failure(s)
Postproc #1 [meta_schedule.RewriteParallelVectorizeUnroll(0x5bdf3a340d88)]: 0 failure(s)
Postproc #2 [meta_schedule.RewriteReductionBlock(0x5bdf3b21eb98)]: 0 failure(s)
Postproc #3 [meta_schedule.RewriteLayout(0x5bdf3b5ad758)]: 0 failure(s)
2026-04-07 12:10:04 [INFO] [evolutionary_search.cc:647] Scores of the best 64 candidates:
[1 : 16]:	0.9970  0.9967  0.9967  0.9966  0.9953  0.9953  0.9953  0.9952  0.9945  0.9944  0.9941  0.9938  0.9935  0.9929  0.9928  0.9918
[17 : 32]:	0.9917  0.9906  0.9905  0.9901  0.9900  0.9892  0.9886  0.9886  0.9883  0.9879  0.9871  0.9869  0.9867  0.9860  0.9856  0.9850
[33 : 48]:	0.9847  0.9846  0.9841  0.9837  0.9832  0.9832  0.9827  0.9824  0.9824  0.9822  0.9822  0.9821  0.9817  0.9816  0.9813  0.9810
[49 : 64]:	0.9808  0.9806  0.9805  0.9801  0.9801  0.9798  0.9795  0.9792  0.9787  0.9784  0.9784  0.9781  0.9777  0.9768  0.9759  0.9753
2026-04-07 12:10:04 [INFO] [evolutionary_search.cc:725] Got 64 candidate(s) with evolutionary search
2026-04-07 12:10:04 [INFO] [evolutionary_search.cc:728] Sending 64 candidates(s) for measurement
2026-04-07 12:10:55 [INFO] [task_scheduler.cc:137] [Task #0: main] Trial #1: GFLOPs: 36.0862. Time: 50211.4203 us. Best GFLOPs: 36.0862
2026-04-07 12:10:55 [INFO] [task_scheduler.cc:137] [Task #0: main] Trial #2: GFLOPs: 50.1092. Time: 36159.8458 us. Best GFLOPs: 50.1092
2026-04-07 12:10:55 [INFO] [task_scheduler.cc:137] [Task #0: main] Trial #3: GFLOPs: 20.8049. Time: 87091.9380 us. Best GFLOPs: 50.1092
2026-04-07 12:10:55 [INFO] [task_scheduler.cc:137] [Task #0: main] Trial #4: GFLOPs: 19.8129. Time: 91452.4067 us. Best GFLOPs: 50.1092
2026-04-07 12:10:55 [INFO] [task_scheduler.cc:137] [Task #0: main] Trial #5: GFLOPs: 25.0764. Time: 72256.6125 us. Best GFLOPs: 50.1092
2026-04-07 12:10:55 [INFO] [task_scheduler.cc:137] [Task #0: main] Trial #6: GFLOPs: 62.8899. Time: 28811.3025 us. Best GFLOPs: 62.8899
2026-04-07 12:10:55 [INFO] [task_scheduler.cc:137] [Task #0: main] Trial #7: GFLOPs: 14.2510. Time: 127144.5535 us. Best GFLOPs: 62.8899
2026-04-07 12:10:55 [INFO] [task_scheduler.cc:137] [Task #0: main] Trial #8: GFLOPs: 42.8431. Time: 42292.4457 us. Best GFLOPs: 62.8899
2026-04-07 12:10:55 [INFO] [task_scheduler.cc:137] [Task #0: main] Trial #9: GFLOPs: 18.3470. Time: 98759.5505 us. Best GFLOPs: 62.8899
2026-04-07 12:10:55 [INFO] [task_scheduler.cc:137] [Task #0: main] Trial #10: GFLOPs: 40.5335. Time: 44702.2537 us. Best GFLOPs: 62.8899
2026-04-07 12:10:55 [INFO] [task_scheduler.cc:137] [Task #0: main] Trial #11: GFLOPs: 83.9688. Time: 21578.7255 us. Best GFLOPs: 83.9688
2026-04-07 12:10:55 [INFO] [task_scheduler.cc:137] [Task #0: main] Trial #12: GFLOPs: 69.8991. Time: 25922.2310 us. Best GFLOPs: 83.9688
2026-04-07 12:10:55 [INFO] [task_scheduler.cc:137] [Task #0: main] Trial #13: GFLOPs: 79.7080. Time: 22732.2150 us. Best GFLOPs: 83.9688
2026-04-07 12:10:55 [INFO] [task_scheduler.cc:137] [Task #0: main] Trial #14: GFLOPs: 38.2775. Time: 47336.9305 us. Best GFLOPs: 83.9688
2026-04-07 12:10:55 [INFO] [task_scheduler.cc:137] [Task #0: main] Trial #15: GFLOPs: 52.8440. Time: 34288.4340 us. Best GFLOPs: 83.9688
2026-04-07 12:10:55 [INFO] [task_scheduler.cc:137] [Task #0: main] Trial #16: GFLOPs: 64.4693. Time: 28105.4572 us. Best GFLOPs: 83.9688
2026-04-07 12:10:55 [INFO] [task_scheduler.cc:137] [Task #0: main] Trial #17: GFLOPs: 33.1999. Time: 54576.6787 us. Best GFLOPs: 83.9688
2026-04-07 12:10:55 [INFO] [task_scheduler.cc:137] [Task #0: main] Trial #18: GFLOPs: 33.7719. Time: 53652.2127 us. Best GFLOPs: 83.9688
2026-04-07 12:10:55 [INFO] [task_scheduler.cc:137] [Task #0: main] Trial #19: GFLOPs: 14.4715. Time: 125207.8237 us. Best GFLOPs: 83.9688
2026-04-07 12:10:55 [INFO] [task_scheduler.cc:137] [Task #0: main] Trial #20: GFLOPs: 91.1837. Time: 19871.2997 us. Best GFLOPs: 91.1837
2026-04-07 12:10:55 [INFO] [task_scheduler.cc:137] [Task #0: main] Trial #21: GFLOPs: 82.8001. Time: 21883.2988 us. Best GFLOPs: 91.1837
2026-04-07 12:10:55 [INFO] [task_scheduler.cc:137] [Task #0: main] Trial #22: GFLOPs: 30.4659. Time: 59474.3955 us. Best GFLOPs: 91.1837
2026-04-07 12:10:55 [INFO] [task_scheduler.cc:137] [Task #0: main] Trial #23: GFLOPs: 67.7898. Time: 26728.7760 us. Best GFLOPs: 91.1837
2026-04-07 12:10:55 [INFO] [task_scheduler.cc:137] [Task #0: main] Trial #24: GFLOPs: 45.8132. Time: 39550.6275 us. Best GFLOPs: 91.1837
2026-04-07 12:10:55 [INFO] [task_scheduler.cc:137] [Task #0: main] Trial #25: GFLOPs: 93.7121. Time: 19335.1655 us. Best GFLOPs: 93.7121
2026-04-07 12:10:55 [INFO] [task_scheduler.cc:137] [Task #0: main] Trial #26: GFLOPs: 36.5715. Time: 49545.1275 us. Best GFLOPs: 93.7121
2026-04-07 12:10:55 [INFO] [task_scheduler.cc:137] [Task #0: main] Trial #27: GFLOPs: 39.4569. Time: 45922.0398 us. Best GFLOPs: 93.7121
2026-04-07 12:10:55 [INFO] [task_scheduler.cc:137] [Task #0: main] Trial #28: GFLOPs: 43.9188. Time: 41256.5445 us. Best GFLOPs: 93.7121
2026-04-07 12:10:55 [INFO] [task_scheduler.cc:137] [Task #0: main] Trial #29: GFLOPs: 14.0718. Time: 128764.1693 us. Best GFLOPs: 93.7121
2026-04-07 12:10:55 [INFO] [task_scheduler.cc:137] [Task #0: main] Trial #30: GFLOPs: 17.3860. Time: 104218.4427 us. Best GFLOPs: 93.7121
2026-04-07 12:10:55 [INFO] [task_scheduler.cc:137] [Task #0: main] Trial #31: GFLOPs: 15.4384. Time: 117365.5222 us. Best GFLOPs: 93.7121
2026-04-07 12:10:55 [INFO] [task_scheduler.cc:137] [Task #0: main] Trial #32: GFLOPs: 2.1433. Time: 845382.1125 us. Best GFLOPs: 93.7121
2026-04-07 12:10:55 [INFO] [task_scheduler.cc:137] [Task #0: main] Trial #33: GFLOPs: 26.2239. Time: 69095.0495 us. Best GFLOPs: 93.7121
2026-04-07 12:10:55 [INFO] [task_scheduler.cc:137] [Task #0: main] Trial #34: GFLOPs: 84.7011. Time: 21392.1460 us. Best GFLOPs: 93.7121
2026-04-07 12:10:55 [INFO] [task_scheduler.cc:137] [Task #0: main] Trial #35: GFLOPs: 97.0427. Time: 18671.5768 us. Best GFLOPs: 97.0427
2026-04-07 12:10:55 [INFO] [task_scheduler.cc:137] [Task #0: main] Trial #36: GFLOPs: 68.5000. Time: 26451.6872 us. Best GFLOPs: 97.0427
2026-04-07 12:10:55 [INFO] [task_scheduler.cc:137] [Task #0: main] Trial #37: GFLOPs: 37.1486. Time: 48775.4042 us. Best GFLOPs: 97.0427
2026-04-07 12:10:55 [INFO] [task_scheduler.cc:137] [Task #0: main] Trial #38: GFLOPs: 6.4494. Time: 280948.2772 us. Best GFLOPs: 97.0427
2026-04-07 12:10:55 [INFO] [task_scheduler.cc:137] [Task #0: main] Trial #39: GFLOPs: 9.5816. Time: 189107.0618 us. Best GFLOPs: 97.0427
2026-04-07 12:10:55 [INFO] [task_scheduler.cc:137] [Task #0: main] Trial #40: GFLOPs: 16.4977. Time: 109829.7578 us. Best GFLOPs: 97.0427
2026-04-07 12:10:55 [INFO] [task_scheduler.cc:137] [Task #0: main] Trial #41: GFLOPs: 35.6101. Time: 50882.6972 us. Best GFLOPs: 97.0427
2026-04-07 12:10:55 [INFO] [task_scheduler.cc:137] [Task #0: main] Trial #42: GFLOPs: 11.3354. Time: 159847.1860 us. Best GFLOPs: 97.0427
2026-04-07 12:10:55 [INFO] [task_scheduler.cc:137] [Task #0: main] Trial #43: GFLOPs: 24.4244. Time: 74185.6847 us. Best GFLOPs: 97.0427
2026-04-07 12:10:55 [INFO] [task_scheduler.cc:137] [Task #0: main] Trial #44: GFLOPs: 81.6956. Time: 22179.1427 us. Best GFLOPs: 97.0427
2026-04-07 12:10:55 [INFO] [task_scheduler.cc:137] [Task #0: main] Trial #45: GFLOPs: 72.3795. Time: 25033.8740 us. Best GFLOPs: 97.0427
2026-04-07 12:10:55 [INFO] [task_scheduler.cc:137] [Task #0: main] Trial #46: GFLOPs: 8.5844. Time: 211072.5670 us. Best GFLOPs: 97.0427
2026-04-07 12:10:55 [INFO] [task_scheduler.cc:137] [Task #0: main] Trial #47: GFLOPs: 41.2429. Time: 43933.3898 us. Best GFLOPs: 97.0427
2026-04-07 12:10:55 [INFO] [task_scheduler.cc:137] [Task #0: main] Trial #48: GFLOPs: 41.0286. Time: 44162.8288 us. Best GFLOPs: 97.0427
2026-04-07 12:10:55 [INFO] [task_scheduler.cc:137] [Task #0: main] Trial #49: GFLOPs: 99.0119. Time: 18300.2188 us. Best GFLOPs: 99.0119
2026-04-07 12:10:55 [INFO] [task_scheduler.cc:137] [Task #0: main] Trial #50: GFLOPs: 37.9396. Time: 47758.5833 us. Best GFLOPs: 99.0119
2026-04-07 12:10:55 [INFO] [task_scheduler.cc:137] [Task #0: main] Trial #51: GFLOPs: 84.5592. Time: 21428.0690 us. Best GFLOPs: 99.0119
2026-04-07 12:10:55 [INFO] [task_scheduler.cc:137] [Task #0: main] Trial #52: GFLOPs: 2.4044. Time: 753595.3495 us. Best GFLOPs: 99.0119
2026-04-07 12:10:55 [INFO] [task_scheduler.cc:137] [Task #0: main] Trial #53: GFLOPs: 56.0969. Time: 32300.1950 us. Best GFLOPs: 99.0119
2026-04-07 12:10:55 [INFO] [task_scheduler.cc:137] [Task #0: main] Trial #54: GFLOPs: 8.6017. Time: 210649.9947 us. Best GFLOPs: 99.0119
2026-04-07 12:10:55 [INFO] [task_scheduler.cc:137] [Task #0: main] Trial #55: GFLOPs: 69.3528. Time: 26126.4135 us. Best GFLOPs: 99.0119
2026-04-07 12:10:55 [INFO] [task_scheduler.cc:137] [Task #0: main] Trial #56: GFLOPs: 35.3723. Time: 51224.7685 us. Best GFLOPs: 99.0119
2026-04-07 12:10:55 [INFO] [task_scheduler.cc:137] [Task #0: main] Trial #57: GFLOPs: 22.1131. Time: 81939.7480 us. Best GFLOPs: 99.0119
2026-04-07 12:10:55 [INFO] [task_scheduler.cc:137] [Task #0: main] Trial #58: GFLOPs: 35.0343. Time: 51719.0630 us. Best GFLOPs: 99.0119
2026-04-07 12:10:55 [INFO] [task_scheduler.cc:137] [Task #0: main] Trial #59: GFLOPs: 80.9034. Time: 22396.3195 us. Best GFLOPs: 99.0119
2026-04-07 12:10:55 [INFO] [task_scheduler.cc:137] [Task #0: main] Trial #60: GFLOPs: 85.5764. Time: 21173.3592 us. Best GFLOPs: 99.0119
2026-04-07 12:10:55 [INFO] [task_scheduler.cc:137] [Task #0: main] Trial #61: GFLOPs: 81.0372. Time: 22359.3468 us. Best GFLOPs: 99.0119
2026-04-07 12:10:55 [INFO] [task_scheduler.cc:137] [Task #0: main] Trial #62: GFLOPs: 16.9539. Time: 106874.6727 us. Best GFLOPs: 99.0119
2026-04-07 12:10:55 [INFO] [task_scheduler.cc:137] [Task #0: main] Trial #63: GFLOPs: 67.2796. Time: 26931.4708 us. Best GFLOPs: 99.0119
2026-04-07 12:10:55 [INFO] [task_scheduler.cc:137] [Task #0: main] Trial #64: GFLOPs: 3.8254. Time: 473656.9632 us. Best GFLOPs: 99.0119
2026-04-07 12:10:55 [INFO] [evolutionary_search.cc:711] Generating candidates......
2026-04-07 12:10:55 [INFO] [evolutionary_search.cc:713] Picked top 64 candidate(s) from database
2026-04-07 12:10:55 [INFO] [evolutionary_search.cc:530] Sample-Init-Population summary:
Postproc #0 [meta_schedule.DisallowDynamicLoop(0x5bdf3b3a0fb8)]: 0 failure(s)
Postproc #1 [meta_schedule.RewriteParallelVectorizeUnroll(0x5bdf3a340d88)]: 0 failure(s)
Postproc #2 [meta_schedule.RewriteReductionBlock(0x5bdf3b21eb98)]: 0 failure(s)
Postproc #3 [meta_schedule.RewriteLayout(0x5bdf3b5ad758)]: 0 failure(s)
2026-04-07 12:10:55 [INFO] [evolutionary_search.cc:721] Sampled 545 candidate(s)
2026-04-07 12:10:55 [INFO] [evolutionary_search.cc:619] Evolve iter #0 done. Summary:
Postproc #0 [meta_schedule.DisallowDynamicLoop(0x5bdf3b3a0fb8)]: 0 failure(s)
Postproc #1 [meta_schedule.RewriteParallelVectorizeUnroll(0x5bdf3a340d88)]: 0 failure(s)
Postproc #2 [meta_schedule.RewriteReductionBlock(0x5bdf3b21eb98)]: 0 failure(s)
Postproc #3 [meta_schedule.RewriteLayout(0x5bdf3b5ad758)]: 0 failure(s)
2026-04-07 12:10:56 [INFO] [evolutionary_search.cc:619] Evolve iter #1 done. Summary:
Postproc #0 [meta_schedule.DisallowDynamicLoop(0x5bdf3b3a0fb8)]: 0 failure(s)
Postproc #1 [meta_schedule.RewriteParallelVectorizeUnroll(0x5bdf3a340d88)]: 0 failure(s)
Postproc #2 [meta_schedule.RewriteReductionBlock(0x5bdf3b21eb98)]: 0 failure(s)
Postproc #3 [meta_schedule.RewriteLayout(0x5bdf3b5ad758)]: 0 failure(s)
2026-04-07 12:10:56 [INFO] [evolutionary_search.cc:619] Evolve iter #2 done. Summary:
Postproc #0 [meta_schedule.DisallowDynamicLoop(0x5bdf3b3a0fb8)]: 0 failure(s)
Postproc #1 [meta_schedule.RewriteParallelVectorizeUnroll(0x5bdf3a340d88)]: 0 failure(s)
Postproc #2 [meta_schedule.RewriteReductionBlock(0x5bdf3b21eb98)]: 0 failure(s)
Postproc #3 [meta_schedule.RewriteLayout(0x5bdf3b5ad758)]: 0 failure(s)
2026-04-07 12:10:56 [INFO] [evolutionary_search.cc:619] Evolve iter #3 done. Summary:
Postproc #0 [meta_schedule.DisallowDynamicLoop(0x5bdf3b3a0fb8)]: 0 failure(s)
Postproc #1 [meta_schedule.RewriteParallelVectorizeUnroll(0x5bdf3a340d88)]: 0 failure(s)
Postproc #2 [meta_schedule.RewriteReductionBlock(0x5bdf3b21eb98)]: 0 failure(s)
Postproc #3 [meta_schedule.RewriteLayout(0x5bdf3b5ad758)]: 0 failure(s)
2026-04-07 12:10:56 [INFO] [evolutionary_search.cc:647] Scores of the best 64 candidates:
[1 : 16]:	0.9995  0.9989  0.9986  0.9985  0.9982  0.9982  0.9977  0.9976  0.9975  0.9971  0.9964  0.9962  0.9961  0.9960  0.9955  0.9954
[17 : 32]:	0.9954  0.9954  0.9953  0.9935  0.9929  0.9929  0.9917  0.9917  0.9915  0.9914  0.9909  0.9904  0.9900  0.9899  0.9897  0.9895
[33 : 48]:	0.9895  0.9894  0.9892  0.9883  0.9883  0.9875  0.9874  0.9869  0.9863  0.9862  0.9859  0.9855  0.9854  0.9853  0.9850  0.9841
[49 : 64]:	0.9837  0.9835  0.9832  0.9831  0.9826  0.9822  0.9821  0.9820  0.9813  0.9807  0.9806  0.9806  0.9801  0.9796  0.9786  0.9786
2026-04-07 12:10:56 [INFO] [evolutionary_search.cc:725] Got 64 candidate(s) with evolutionary search
2026-04-07 12:10:56 [INFO] [evolutionary_search.cc:728] Sending 64 candidates(s) for measurement
2026-04-07 12:11:41 [INFO] [task_scheduler.cc:137] [Task #0: main] Trial #65: GFLOPs: 15.3425. Time: 118099.1655 us. Best GFLOPs: 99.0119
2026-04-07 12:11:41 [INFO] [task_scheduler.cc:137] [Task #0: main] Trial #66: GFLOPs: 34.1157. Time: 53111.5413 us. Best GFLOPs: 99.0119
2026-04-07 12:11:41 [INFO] [task_scheduler.cc:137] [Task #0: main] Trial #67: GFLOPs: 34.8888. Time: 51934.7723 us. Best GFLOPs: 99.0119
2026-04-07 12:11:41 [INFO] [task_scheduler.cc:137] [Task #0: main] Trial #68: GFLOPs: 37.9586. Time: 47734.5735 us. Best GFLOPs: 99.0119
2026-04-07 12:11:41 [INFO] [task_scheduler.cc:137] [Task #0: main] Trial #69: GFLOPs: 18.6325. Time: 97246.0393 us. Best GFLOPs: 99.0119
2026-04-07 12:11:41 [INFO] [task_scheduler.cc:137] [Task #0: main] Trial #70: GFLOPs: 89.0222. Time: 20353.7902 us. Best GFLOPs: 99.0119
2026-04-07 12:11:41 [INFO] [task_scheduler.cc:137] [Task #0: main] Trial #71: GFLOPs: 18.4257. Time: 98337.6842 us. Best GFLOPs: 99.0119
2026-04-07 12:11:41 [INFO] [task_scheduler.cc:137] [Task #0: main] Trial #72: GFLOPs: 51.7472. Time: 35015.2237 us. Best GFLOPs: 99.0119
2026-04-07 12:11:41 [INFO] [task_scheduler.cc:137] [Task #0: main] Trial #73: GFLOPs: 82.9047. Time: 21855.6983 us. Best GFLOPs: 99.0119
2026-04-07 12:11:41 [INFO] [task_scheduler.cc:137] [Task #0: main] Trial #74: GFLOPs: 18.1895. Time: 99614.4660 us. Best GFLOPs: 99.0119
2026-04-07 12:11:41 [INFO] [task_scheduler.cc:137] [Task #0: main] Trial #75: GFLOPs: 39.2502. Time: 46163.8582 us. Best GFLOPs: 99.0119
2026-04-07 12:11:41 [INFO] [task_scheduler.cc:137] [Task #0: main] Trial #76: GFLOPs: 2.1813. Time: 830678.7195 us. Best GFLOPs: 99.0119
2026-04-07 12:11:41 [INFO] [task_scheduler.cc:137] [Task #0: main] Trial #77: GFLOPs: 36.7800. Time: 49264.2960 us. Best GFLOPs: 99.0119
2026-04-07 12:11:41 [INFO] [task_scheduler.cc:137] [Task #0: main] Trial #78: GFLOPs: 45.2200. Time: 40069.4275 us. Best GFLOPs: 99.0119
2026-04-07 12:11:41 [INFO] [task_scheduler.cc:137] [Task #0: main] Trial #79: GFLOPs: 17.6139. Time: 102870.0893 us. Best GFLOPs: 99.0119
2026-04-07 12:11:41 [INFO] [task_scheduler.cc:137] [Task #0: main] Trial #80: GFLOPs: 9.8980. Time: 183060.4735 us. Best GFLOPs: 99.0119
2026-04-07 12:11:41 [INFO] [task_scheduler.cc:137] [Task #0: main] Trial #81: GFLOPs: 40.0819. Time: 45205.9185 us. Best GFLOPs: 99.0119
2026-04-07 12:11:41 [INFO] [task_scheduler.cc:137] [Task #0: main] Trial #82: GFLOPs: 50.1962. Time: 36097.1568 us. Best GFLOPs: 99.0119
2026-04-07 12:11:41 [INFO] [task_scheduler.cc:137] [Task #0: main] Trial #83: GFLOPs: 26.0713. Time: 69499.2922 us. Best GFLOPs: 99.0119
2026-04-07 12:11:41 [INFO] [task_scheduler.cc:137] [Task #0: main] Trial #84: GFLOPs: 42.3969. Time: 42737.5568 us. Best GFLOPs: 99.0119
2026-04-07 12:11:41 [INFO] [task_scheduler.cc:137] [Task #0: main] Trial #85: GFLOPs: 39.2724. Time: 46137.6862 us. Best GFLOPs: 99.0119
2026-04-07 12:11:41 [INFO] [task_scheduler.cc:137] [Task #0: main] Trial #86: GFLOPs: 90.5892. Time: 20001.7160 us. Best GFLOPs: 99.0119
2026-04-07 12:11:41 [INFO] [task_scheduler.cc:137] [Task #0: main] Trial #87: GFLOPs: 12.1364. Time: 149297.6077 us. Best GFLOPs: 99.0119
2026-04-07 12:11:41 [INFO] [task_scheduler.cc:137] [Task #0: main] Trial #88: GFLOPs: 9.2231. Time: 196457.6050 us. Best GFLOPs: 99.0119
2026-04-07 12:11:41 [INFO] [task_scheduler.cc:137] [Task #0: main] Trial #89: GFLOPs: 41.5098. Time: 43650.8885 us. Best GFLOPs: 99.0119
2026-04-07 12:11:41 [INFO] [task_scheduler.cc:137] [Task #0: main] Trial #90: GFLOPs: 8.4770. Time: 213747.8135 us. Best GFLOPs: 99.0119
2026-04-07 12:11:41 [INFO] [task_scheduler.cc:137] [Task #0: main] Trial #91: GFLOPs: 59.0703. Time: 30674.2910 us. Best GFLOPs: 99.0119
2026-04-07 12:11:41 [INFO] [task_scheduler.cc:137] [Task #0: main] Trial #92: GFLOPs: 67.8280. Time: 26713.7485 us. Best GFLOPs: 99.0119
2026-04-07 12:11:41 [INFO] [task_scheduler.cc:137] [Task #0: main] Trial #93: GFLOPs: 69.9960. Time: 25886.3355 us. Best GFLOPs: 99.0119
2026-04-07 12:11:41 [INFO] [task_scheduler.cc:137] [Task #0: main] Trial #94: GFLOPs: 60.4255. Time: 29986.3547 us. Best GFLOPs: 99.0119
2026-04-07 12:11:41 [INFO] [task_scheduler.cc:137] [Task #0: main] Trial #95: GFLOPs: 23.1139. Time: 78391.6343 us. Best GFLOPs: 99.0119
2026-04-07 12:11:41 [INFO] [task_scheduler.cc:137] [Task #0: main] Trial #96: GFLOPs: 69.4935. Time: 26073.5240 us. Best GFLOPs: 99.0119
2026-04-07 12:11:41 [INFO] [task_scheduler.cc:137] [Task #0: main] Trial #97: GFLOPs: 32.5735. Time: 55626.1600 us. Best GFLOPs: 99.0119
2026-04-07 12:11:41 [INFO] [task_scheduler.cc:137] [Task #0: main] Trial #98: GFLOPs: 59.4509. Time: 30477.9365 us. Best GFLOPs: 99.0119
2026-04-07 12:11:41 [INFO] [task_scheduler.cc:137] [Task #0: main] Trial #99: GFLOPs: 23.6061. Time: 76757.1683 us. Best GFLOPs: 99.0119
2026-04-07 12:11:41 [INFO] [task_scheduler.cc:137] [Task #0: main] Trial #100: GFLOPs: 32.1690. Time: 56325.6695 us. Best GFLOPs: 99.0119
2026-04-07 12:11:41 [INFO] [task_scheduler.cc:137] [Task #0: main] Trial #101: GFLOPs: 82.0668. Time: 22078.8243 us. Best GFLOPs: 99.0119
2026-04-07 12:11:41 [INFO] [task_scheduler.cc:137] [Task #0: main] Trial #102: GFLOPs: 30.3319. Time: 59737.1080 us. Best GFLOPs: 99.0119
2026-04-07 12:11:41 [INFO] [task_scheduler.cc:137] [Task #0: main] Trial #103: GFLOPs: 17.0034. Time: 106563.2798 us. Best GFLOPs: 99.0119
2026-04-07 12:11:41 [INFO] [task_scheduler.cc:137] [Task #0: main] Trial #104: GFLOPs: 2.6931. Time: 672809.8545 us. Best GFLOPs: 99.0119
2026-04-07 12:11:41 [INFO] [task_scheduler.cc:137] [Task #0: main] Trial #105: GFLOPs: 76.5111. Time: 23682.0537 us. Best GFLOPs: 99.0119
2026-04-07 12:11:41 [INFO] [task_scheduler.cc:137] [Task #0: main] Trial #106: GFLOPs: 103.6499. Time: 17481.3458 us. Best GFLOPs: 103.6499
2026-04-07 12:11:41 [INFO] [task_scheduler.cc:137] [Task #0: main] Trial #107: GFLOPs: 46.3258. Time: 39112.9770 us. Best GFLOPs: 103.6499
2026-04-07 12:11:41 [INFO] [task_scheduler.cc:137] [Task #0: main] Trial #108: GFLOPs: 81.1616. Time: 22325.0743 us. Best GFLOPs: 103.6499
2026-04-07 12:11:41 [INFO] [task_scheduler.cc:137] [Task #0: main] Trial #109: GFLOPs: 75.1823. Time: 24100.6225 us. Best GFLOPs: 103.6499
2026-04-07 12:11:41 [INFO] [task_scheduler.cc:137] [Task #0: main] Trial #110: GFLOPs: 31.0950. Time: 58271.0517 us. Best GFLOPs: 103.6499
2026-04-07 12:11:41 [INFO] [task_scheduler.cc:137] [Task #0: main] Trial #111: GFLOPs: 41.9642. Time: 43178.2513 us. Best GFLOPs: 103.6499
2026-04-07 12:11:41 [INFO] [task_scheduler.cc:137] [Task #0: main] Trial #112: GFLOPs: 86.3680. Time: 20979.2957 us. Best GFLOPs: 103.6499
2026-04-07 12:11:41 [INFO] [task_scheduler.cc:137] [Task #0: main] Trial #113: GFLOPs: 25.4159. Time: 71291.5290 us. Best GFLOPs: 103.6499
2026-04-07 12:11:41 [INFO] [task_scheduler.cc:137] [Task #0: main] Trial #114: GFLOPs: 59.9817. Time: 30208.1778 us. Best GFLOPs: 103.6499
2026-04-07 12:11:41 [INFO] [task_scheduler.cc:137] [Task #0: main] Trial #115: GFLOPs: 21.5768. Time: 83976.1288 us. Best GFLOPs: 103.6499
2026-04-07 12:11:41 [INFO] [task_scheduler.cc:137] [Task #0: main] Trial #116: GFLOPs: 31.0057. Time: 58438.9543 us. Best GFLOPs: 103.6499
2026-04-07 12:11:41 [INFO] [task_scheduler.cc:137] [Task #0: main] Trial #117: GFLOPs: 18.3344. Time: 98827.1968 us. Best GFLOPs: 103.6499
2026-04-07 12:11:41 [INFO] [task_scheduler.cc:137] [Task #0: main] Trial #118: GFLOPs: 23.2103. Time: 78066.0905 us. Best GFLOPs: 103.6499
2026-04-07 12:11:41 [INFO] [task_scheduler.cc:137] [Task #0: main] Trial #119: GFLOPs: 21.1378. Time: 85720.2032 us. Best GFLOPs: 103.6499
2026-04-07 12:11:41 [INFO] [task_scheduler.cc:137] [Task #0: main] Trial #120: GFLOPs: 84.3946. Time: 21469.8615 us. Best GFLOPs: 103.6499
2026-04-07 12:11:41 [INFO] [task_scheduler.cc:137] [Task #0: main] Trial #121: GFLOPs: 20.2821. Time: 89336.7887 us. Best GFLOPs: 103.6499
2026-04-07 12:11:41 [INFO] [task_scheduler.cc:137] [Task #0: main] Trial #122: GFLOPs: 18.1172. Time: 100012.2812 us. Best GFLOPs: 103.6499
2026-04-07 12:11:41 [INFO] [task_scheduler.cc:137] [Task #0: main] Trial #123: GFLOPs: 26.8824. Time: 67402.4280 us. Best GFLOPs: 103.6499
2026-04-07 12:11:41 [INFO] [task_scheduler.cc:137] [Task #0: main] Trial #124: GFLOPs: 44.3609. Time: 40845.3763 us. Best GFLOPs: 103.6499
2026-04-07 12:11:41 [INFO] [task_scheduler.cc:137] [Task #0: main] Trial #125: GFLOPs: 25.4603. Time: 71167.3053 us. Best GFLOPs: 103.6499
2026-04-07 12:11:41 [INFO] [task_scheduler.cc:137] [Task #0: main] Trial #126: GFLOPs: 31.3626. Time: 57773.9742 us. Best GFLOPs: 103.6499
2026-04-07 12:11:41 [INFO] [task_scheduler.cc:137] [Task #0: main] Trial #127: GFLOPs: 27.3597. Time: 66226.6783 us. Best GFLOPs: 103.6499
2026-04-07 12:11:41 [INFO] [task_scheduler.cc:137] [Task #0: main] Trial #128: GFLOPs: 23.8320. Time: 76029.5425 us. Best GFLOPs: 103.6499
2026-04-07 12:11:41 [INFO] [evolutionary_search.cc:711] Generating candidates......
2026-04-07 12:11:41 [INFO] [evolutionary_search.cc:713] Picked top 121 candidate(s) from database
2026-04-07 12:11:42 [INFO] [evolutionary_search.cc:530] Sample-Init-Population summary:
Postproc #0 [meta_schedule.DisallowDynamicLoop(0x5bdf3b3a0fb8)]: 0 failure(s)
Postproc #1 [meta_schedule.RewriteParallelVectorizeUnroll(0x5bdf3a340d88)]: 0 failure(s)
Postproc #2 [meta_schedule.RewriteReductionBlock(0x5bdf3b21eb98)]: 0 failure(s)
Postproc #3 [meta_schedule.RewriteLayout(0x5bdf3b5ad758)]: 0 failure(s)
2026-04-07 12:11:42 [INFO] [evolutionary_search.cc:721] Sampled 488 candidate(s)
2026-04-07 12:11:43 [INFO] [evolutionary_search.cc:619] Evolve iter #0 done. Summary:
Postproc #0 [meta_schedule.DisallowDynamicLoop(0x5bdf3b3a0fb8)]: 0 failure(s)
Postproc #1 [meta_schedule.RewriteParallelVectorizeUnroll(0x5bdf3a340d88)]: 0 failure(s)
Postproc #2 [meta_schedule.RewriteReductionBlock(0x5bdf3b21eb98)]: 0 failure(s)
Postproc #3 [meta_schedule.RewriteLayout(0x5bdf3b5ad758)]: 0 failure(s)
2026-04-07 12:11:44 [INFO] [evolutionary_search.cc:619] Evolve iter #1 done. Summary:
Postproc #0 [meta_schedule.DisallowDynamicLoop(0x5bdf3b3a0fb8)]: 0 failure(s)
Postproc #1 [meta_schedule.RewriteParallelVectorizeUnroll(0x5bdf3a340d88)]: 0 failure(s)
Postproc #2 [meta_schedule.RewriteReductionBlock(0x5bdf3b21eb98)]: 0 failure(s)
Postproc #3 [meta_schedule.RewriteLayout(0x5bdf3b5ad758)]: 0 failure(s)
2026-04-07 12:11:45 [INFO] [evolutionary_search.cc:619] Evolve iter #2 done. Summary:
Postproc #0 [meta_schedule.DisallowDynamicLoop(0x5bdf3b3a0fb8)]: 0 failure(s)
Postproc #1 [meta_schedule.RewriteParallelVectorizeUnroll(0x5bdf3a340d88)]: 0 failure(s)
Postproc #2 [meta_schedule.RewriteReductionBlock(0x5bdf3b21eb98)]: 0 failure(s)
Postproc #3 [meta_schedule.RewriteLayout(0x5bdf3b5ad758)]: 0 failure(s)
2026-04-07 12:11:46 [INFO] [evolutionary_search.cc:619] Evolve iter #3 done. Summary:
Postproc #0 [meta_schedule.DisallowDynamicLoop(0x5bdf3b3a0fb8)]: 0 failure(s)
Postproc #1 [meta_schedule.RewriteParallelVectorizeUnroll(0x5bdf3a340d88)]: 0 failure(s)
Postproc #2 [meta_schedule.RewriteReductionBlock(0x5bdf3b21eb98)]: 0 failure(s)
Postproc #3 [meta_schedule.RewriteLayout(0x5bdf3b5ad758)]: 0 failure(s)
2026-04-07 12:11:47 [INFO] [evolutionary_search.cc:647] Scores of the best 64 candidates:
[1 : 16]:	0.9477  0.9470  0.9204  0.9168  0.9114  0.9021  0.9006  0.8904  0.8899  0.8883  0.8820  0.8762  0.8722  0.8627  0.8625  0.8615
[17 : 32]:	0.8583  0.8581  0.8578  0.8577  0.8577  0.8535  0.8515  0.8515  0.8471  0.8440  0.8430  0.8394  0.8393  0.8388  0.8383  0.8383
[33 : 48]:	0.8382  0.8382  0.8368  0.8318  0.8275  0.8269  0.8249  0.8229  0.8221  0.8201  0.8192  0.8155  0.8146  0.8145  0.8145  0.8139
[49 : 64]:	0.8123  0.8119  0.8110  0.8097  0.8083  0.8076  0.8075  0.8074  0.8074  0.8034  0.8025  0.8011  0.8007  0.7997  0.7997  0.7995
2026-04-07 12:11:47 [INFO] [evolutionary_search.cc:725] Got 64 candidate(s) with evolutionary search
2026-04-07 12:11:47 [INFO] [evolutionary_search.cc:728] Sending 64 candidates(s) for measurement
2026-04-07 12:12:34 [INFO] [task_scheduler.cc:137] [Task #0: main] Trial #129: GFLOPs: 96.1665. Time: 18841.6958 us. Best GFLOPs: 103.6499
2026-04-07 12:12:34 [INFO] [task_scheduler.cc:137] [Task #0: main] Trial #130: GFLOPs: 111.7862. Time: 16208.9713 us. Best GFLOPs: 111.7862
2026-04-07 12:12:34 [INFO] [task_scheduler.cc:137] [Task #0: main] Trial #131: GFLOPs: 114.0716. Time: 15884.2267 us. Best GFLOPs: 114.0716
2026-04-07 12:12:34 [INFO] [task_scheduler.cc:137] [Task #0: main] Trial #132: GFLOPs: 32.3016. Time: 56094.4495 us. Best GFLOPs: 114.0716
2026-04-07 12:12:34 [INFO] [task_scheduler.cc:137] [Task #0: main] Trial #133: GFLOPs: 90.4357. Time: 20035.6620 us. Best GFLOPs: 114.0716
2026-04-07 12:12:34 [INFO] [task_scheduler.cc:137] [Task #0: main] Trial #134: GFLOPs: 86.5084. Time: 20945.2500 us. Best GFLOPs: 114.0716
2026-04-07 12:12:34 [INFO] [task_scheduler.cc:137] [Task #0: main] Trial #135: GFLOPs: 110.1977. Time: 16442.6212 us. Best GFLOPs: 114.0716
2026-04-07 12:12:34 [INFO] [task_scheduler.cc:137] [Task #0: main] Trial #136: GFLOPs: 78.6416. Time: 23040.4667 us. Best GFLOPs: 114.0716
2026-04-07 12:12:34 [INFO] [task_scheduler.cc:137] [Task #0: main] Trial #137: GFLOPs: 89.1568. Time: 20323.0610 us. Best GFLOPs: 114.0716
2026-04-07 12:12:34 [INFO] [task_scheduler.cc:137] [Task #0: main] Trial #138: GFLOPs: 52.0635. Time: 34802.4655 us. Best GFLOPs: 114.0716
2026-04-07 12:12:34 [INFO] [task_scheduler.cc:137] [Task #0: main] Trial #139: GFLOPs: 83.3464. Time: 21739.8592 us. Best GFLOPs: 114.0716
2026-04-07 12:12:34 [INFO] [task_scheduler.cc:137] [Task #0: main] Trial #140: GFLOPs: 49.4229. Time: 36661.9633 us. Best GFLOPs: 114.0716
2026-04-07 12:12:34 [INFO] [task_scheduler.cc:137] [Task #0: main] Trial #141: GFLOPs: 13.7487. Time: 131789.9417 us. Best GFLOPs: 114.0716
2026-04-07 12:12:34 [INFO] [task_scheduler.cc:137] [Task #0: main] Trial #142: GFLOPs: 100.3749. Time: 18051.7183 us. Best GFLOPs: 114.0716
2026-04-07 12:12:34 [INFO] [task_scheduler.cc:137] [Task #0: main] Trial #143: GFLOPs: 12.5725. Time: 144119.5948 us. Best GFLOPs: 114.0716
2026-04-07 12:12:34 [INFO] [task_scheduler.cc:137] [Task #0: main] Trial #144: GFLOPs: 109.7900. Time: 16503.6783 us. Best GFLOPs: 114.0716
2026-04-07 12:12:34 [INFO] [task_scheduler.cc:137] [Task #0: main] Trial #145: GFLOPs: 69.2959. Time: 26147.8700 us. Best GFLOPs: 114.0716
2026-04-07 12:12:34 [INFO] [task_scheduler.cc:137] [Task #0: main] Trial #146: GFLOPs: 85.4691. Time: 21199.9428 us. Best GFLOPs: 114.0716
2026-04-07 12:12:34 [INFO] [task_scheduler.cc:137] [Task #0: main] Trial #147: GFLOPs: 90.2794. Time: 20070.3577 us. Best GFLOPs: 114.0716
2026-04-07 12:12:34 [INFO] [task_scheduler.cc:137] [Task #0: main] Trial #148: GFLOPs: 65.4935. Time: 27665.9317 us. Best GFLOPs: 114.0716
2026-04-07 12:12:34 [INFO] [task_scheduler.cc:137] [Task #0: main] Trial #149: GFLOPs: 70.9843. Time: 25525.9028 us. Best GFLOPs: 114.0716
2026-04-07 12:12:34 [INFO] [task_scheduler.cc:137] [Task #0: main] Trial #150: GFLOPs: 82.2613. Time: 22026.6273 us. Best GFLOPs: 114.0716
2026-04-07 12:12:34 [INFO] [task_scheduler.cc:137] [Task #0: main] Trial #151: GFLOPs: 105.9204. Time: 17106.6102 us. Best GFLOPs: 114.0716
2026-04-07 12:12:34 [INFO] [task_scheduler.cc:137] [Task #0: main] Trial #152: GFLOPs: 87.1402. Time: 20793.3875 us. Best GFLOPs: 114.0716
2026-04-07 12:12:34 [INFO] [task_scheduler.cc:137] [Task #0: main] Trial #153: GFLOPs: 59.3791. Time: 30514.7683 us. Best GFLOPs: 114.0716
2026-04-07 12:12:34 [INFO] [task_scheduler.cc:137] [Task #0: main] Trial #154: GFLOPs: 101.6626. Time: 17823.0668 us. Best GFLOPs: 114.0716
2026-04-07 12:12:34 [INFO] [task_scheduler.cc:137] [Task #0: main] Trial #155: GFLOPs: 87.6157. Time: 20680.5383 us. Best GFLOPs: 114.0716
2026-04-07 12:12:34 [INFO] [task_scheduler.cc:137] [Task #0: main] Trial #156: GFLOPs: 95.6876. Time: 18935.9813 us. Best GFLOPs: 114.0716
2026-04-07 12:12:34 [INFO] [task_scheduler.cc:137] [Task #0: main] Trial #157: GFLOPs: 81.8732. Time: 22131.0500 us. Best GFLOPs: 114.0716
2026-04-07 12:12:34 [INFO] [task_scheduler.cc:137] [Task #0: main] Trial #158: GFLOPs: 82.9792. Time: 21836.0710 us. Best GFLOPs: 114.0716
2026-04-07 12:12:34 [INFO] [task_scheduler.cc:137] [Task #0: main] Trial #159: GFLOPs: 25.0099. Time: 72448.7435 us. Best GFLOPs: 114.0716
2026-04-07 12:12:34 [INFO] [task_scheduler.cc:137] [Task #0: main] Trial #160: GFLOPs: 30.8477. Time: 58738.3230 us. Best GFLOPs: 114.0716
2026-04-07 12:12:34 [INFO] [task_scheduler.cc:137] [Task #0: main] Trial #161: GFLOPs: 21.1954. Time: 85487.5258 us. Best GFLOPs: 114.0716
2026-04-07 12:12:34 [INFO] [task_scheduler.cc:137] [Task #0: main] Trial #162: GFLOPs: 26.9395. Time: 67259.4962 us. Best GFLOPs: 114.0716
2026-04-07 12:12:34 [INFO] [task_scheduler.cc:137] [Task #0: main] Trial #163: GFLOPs: 84.4809. Time: 21447.9188 us. Best GFLOPs: 114.0716
2026-04-07 12:12:34 [INFO] [task_scheduler.cc:137] [Task #0: main] Trial #164: GFLOPs: 22.3597. Time: 81036.0720 us. Best GFLOPs: 114.0716
2026-04-07 12:12:34 [INFO] [task_scheduler.cc:137] [Task #0: main] Trial #165: GFLOPs: 65.0929. Time: 27836.1977 us. Best GFLOPs: 114.0716
2026-04-07 12:12:34 [INFO] [task_scheduler.cc:137] [Task #0: main] Trial #166: GFLOPs: 65.5804. Time: 27629.2908 us. Best GFLOPs: 114.0716
2026-04-07 12:12:34 [INFO] [task_scheduler.cc:137] [Task #0: main] Trial #167: GFLOPs: 85.4056. Time: 21215.6957 us. Best GFLOPs: 114.0716
2026-04-07 12:12:34 [INFO] [task_scheduler.cc:137] [Task #0: main] Trial #168: GFLOPs: 75.3072. Time: 24060.6480 us. Best GFLOPs: 114.0716
2026-04-07 12:12:34 [INFO] [task_scheduler.cc:137] [Task #0: main] Trial #169: GFLOPs: 111.6502. Time: 16228.7117 us. Best GFLOPs: 114.0716
2026-04-07 12:12:34 [INFO] [task_scheduler.cc:137] [Task #0: main] Trial #170: GFLOPs: 85.1261. Time: 21285.3628 us. Best GFLOPs: 114.0716
2026-04-07 12:12:34 [INFO] [task_scheduler.cc:137] [Task #0: main] Trial #171: GFLOPs: 86.5476. Time: 20935.7597 us. Best GFLOPs: 114.0716
2026-04-07 12:12:34 [INFO] [task_scheduler.cc:137] [Task #0: main] Trial #172: GFLOPs: 67.7803. Time: 26732.5428 us. Best GFLOPs: 114.0716
2026-04-07 12:12:34 [INFO] [task_scheduler.cc:137] [Task #0: main] Trial #173: GFLOPs: 62.9614. Time: 28778.5640 us. Best GFLOPs: 114.0716
2026-04-07 12:12:34 [INFO] [task_scheduler.cc:137] [Task #0: main] Trial #174: GFLOPs: 72.4124. Time: 25022.4863 us. Best GFLOPs: 114.0716
2026-04-07 12:12:34 [INFO] [task_scheduler.cc:137] [Task #0: main] Trial #175: GFLOPs: 79.1840. Time: 22882.6315 us. Best GFLOPs: 114.0716
2026-04-07 12:12:34 [INFO] [task_scheduler.cc:137] [Task #0: main] Trial #176: GFLOPs: 77.2174. Time: 23465.4348 us. Best GFLOPs: 114.0716
2026-04-07 12:12:34 [INFO] [task_scheduler.cc:137] [Task #0: main] Trial #177: GFLOPs: 40.8730. Time: 44331.0107 us. Best GFLOPs: 114.0716
2026-04-07 12:12:34 [INFO] [task_scheduler.cc:137] [Task #0: main] Trial #178: GFLOPs: 7.7099. Time: 235014.9977 us. Best GFLOPs: 114.0716
2026-04-07 12:12:34 [INFO] [task_scheduler.cc:137] [Task #0: main] Trial #179: GFLOPs: 53.7233. Time: 33727.2798 us. Best GFLOPs: 114.0716
2026-04-07 12:12:34 [INFO] [task_scheduler.cc:137] [Task #0: main] Trial #180: GFLOPs: 81.6071. Time: 22203.1953 us. Best GFLOPs: 114.0716
2026-04-07 12:12:34 [INFO] [task_scheduler.cc:137] [Task #0: main] Trial #181: GFLOPs: 65.1588. Time: 27808.0730 us. Best GFLOPs: 114.0716
2026-04-07 12:12:34 [INFO] [task_scheduler.cc:137] [Task #0: main] Trial #182: GFLOPs: 70.6088. Time: 25661.6785 us. Best GFLOPs: 114.0716
2026-04-07 12:12:34 [INFO] [task_scheduler.cc:137] [Task #0: main] Trial #183: GFLOPs: 80.4355. Time: 22526.6250 us. Best GFLOPs: 114.0716
2026-04-07 12:12:34 [INFO] [task_scheduler.cc:137] [Task #0: main] Trial #184: GFLOPs: 110.7926. Time: 16354.3292 us. Best GFLOPs: 114.0716
2026-04-07 12:12:34 [INFO] [task_scheduler.cc:137] [Task #0: main] Trial #185: GFLOPs: 76.4336. Time: 23706.0727 us. Best GFLOPs: 114.0716
2026-04-07 12:12:34 [INFO] [task_scheduler.cc:137] [Task #0: main] Trial #186: GFLOPs: 58.1504. Time: 31159.5105 us. Best GFLOPs: 114.0716
2026-04-07 12:12:34 [INFO] [task_scheduler.cc:137] [Task #0: main] Trial #187: GFLOPs: 93.7546. Time: 19326.3975 us. Best GFLOPs: 114.0716
2026-04-07 12:12:34 [INFO] [task_scheduler.cc:137] [Task #0: main] Trial #188: GFLOPs: 80.3222. Time: 22558.3838 us. Best GFLOPs: 114.0716
2026-04-07 12:12:34 [INFO] [task_scheduler.cc:137] [Task #0: main] Trial #189: GFLOPs: 110.2996. Time: 16427.4333 us. Best GFLOPs: 114.0716
2026-04-07 12:12:34 [INFO] [task_scheduler.cc:137] [Task #0: main] Trial #190: GFLOPs: 31.3044. Time: 57881.2410 us. Best GFLOPs: 114.0716
2026-04-07 12:12:34 [INFO] [task_scheduler.cc:137] [Task #0: main] Trial #191: GFLOPs: 8.2124. Time: 220634.6153 us. Best GFLOPs: 114.0716
2026-04-07 12:12:34 [INFO] [task_scheduler.cc:137] [Task #0: main] Trial #192: GFLOPs: 21.1830. Time: 85537.3642 us. Best GFLOPs: 114.0716
2026-04-07 12:12:34 [INFO] [evolutionary_search.cc:711] Generating candidates......
2026-04-07 12:12:34 [INFO] [evolutionary_search.cc:713] Picked top 121 candidate(s) from database
2026-04-07 12:12:34 [INFO] [evolutionary_search.cc:530] Sample-Init-Population summary:
Postproc #0 [meta_schedule.DisallowDynamicLoop(0x5bdf3b3a0fb8)]: 0 failure(s)
Postproc #1 [meta_schedule.RewriteParallelVectorizeUnroll(0x5bdf3a340d88)]: 0 failure(s)
Postproc #2 [meta_schedule.RewriteReductionBlock(0x5bdf3b21eb98)]: 0 failure(s)
Postproc #3 [meta_schedule.RewriteLayout(0x5bdf3b5ad758)]: 0 failure(s)
2026-04-07 12:12:34 [INFO] [evolutionary_search.cc:721] Sampled 488 candidate(s)
2026-04-07 12:12:35 [INFO] [evolutionary_search.cc:619] Evolve iter #0 done. Summary:
Postproc #0 [meta_schedule.DisallowDynamicLoop(0x5bdf3b3a0fb8)]: 0 failure(s)
Postproc #1 [meta_schedule.RewriteParallelVectorizeUnroll(0x5bdf3a340d88)]: 0 failure(s)
Postproc #2 [meta_schedule.RewriteReductionBlock(0x5bdf3b21eb98)]: 0 failure(s)
Postproc #3 [meta_schedule.RewriteLayout(0x5bdf3b5ad758)]: 0 failure(s)
2026-04-07 12:12:36 [INFO] [evolutionary_search.cc:619] Evolve iter #1 done. Summary:
Postproc #0 [meta_schedule.DisallowDynamicLoop(0x5bdf3b3a0fb8)]: 0 failure(s)
Postproc #1 [meta_schedule.RewriteParallelVectorizeUnroll(0x5bdf3a340d88)]: 0 failure(s)
Postproc #2 [meta_schedule.RewriteReductionBlock(0x5bdf3b21eb98)]: 0 failure(s)
Postproc #3 [meta_schedule.RewriteLayout(0x5bdf3b5ad758)]: 0 failure(s)
2026-04-07 12:12:37 [INFO] [evolutionary_search.cc:619] Evolve iter #2 done. Summary:
Postproc #0 [meta_schedule.DisallowDynamicLoop(0x5bdf3b3a0fb8)]: 0 failure(s)
Postproc #1 [meta_schedule.RewriteParallelVectorizeUnroll(0x5bdf3a340d88)]: 0 failure(s)
Postproc #2 [meta_schedule.RewriteReductionBlock(0x5bdf3b21eb98)]: 0 failure(s)
Postproc #3 [meta_schedule.RewriteLayout(0x5bdf3b5ad758)]: 0 failure(s)
2026-04-07 12:12:39 [INFO] [evolutionary_search.cc:619] Evolve iter #3 done. Summary:
Postproc #0 [meta_schedule.DisallowDynamicLoop(0x5bdf3b3a0fb8)]: 0 failure(s)
Postproc #1 [meta_schedule.RewriteParallelVectorizeUnroll(0x5bdf3a340d88)]: 0 failure(s)
Postproc #2 [meta_schedule.RewriteReductionBlock(0x5bdf3b21eb98)]: 0 failure(s)
Postproc #3 [meta_schedule.RewriteLayout(0x5bdf3b5ad758)]: 0 failure(s)
2026-04-07 12:12:39 [INFO] [evolutionary_search.cc:647] Scores of the best 64 candidates:
[1 : 16]:	0.9502  0.9468  0.9428  0.9392  0.9387  0.9387  0.9259  0.9170  0.9118  0.8991  0.8919  0.8903  0.8888  0.8630  0.8630  0.8608
[17 : 32]:	0.8601  0.8542  0.8533  0.8388  0.8308  0.8291  0.8276  0.8257  0.8254  0.8248  0.8233  0.8216  0.8210  0.8194  0.8155  0.8133
[33 : 48]:	0.8130  0.8105  0.8061  0.8030  0.8030  0.8030  0.8019  0.8005  0.7976  0.7957  0.7957  0.7948  0.7921  0.7914  0.7887  0.7871
[49 : 64]:	0.7857  0.7831  0.7813  0.7799  0.7789  0.7787  0.7781  0.7769  0.7762  0.7758  0.7758  0.7739  0.7726  0.7726  0.7700  0.7698
2026-04-07 12:12:39 [INFO] [evolutionary_search.cc:725] Got 64 candidate(s) with evolutionary search
2026-04-07 12:12:39 [INFO] [evolutionary_search.cc:728] Sending 64 candidates(s) for measurement
2026-04-07 12:13:17 [INFO] [task_scheduler.cc:137] [Task #0: main] Trial #193: GFLOPs: 96.6128. Time: 18754.6468 us. Best GFLOPs: 114.0716
2026-04-07 12:13:17 [INFO] [task_scheduler.cc:137] [Task #0: main] Trial #194: GFLOPs: 111.4949. Time: 16251.3135 us. Best GFLOPs: 114.0716
2026-04-07 12:13:17 [INFO] [task_scheduler.cc:137] [Task #0: main] Trial #195: GFLOPs: 123.6803. Time: 14650.1832 us. Best GFLOPs: 123.6803
2026-04-07 12:13:17 [INFO] [task_scheduler.cc:137] [Task #0: main] Trial #196: GFLOPs: 97.3502. Time: 18612.5927 us. Best GFLOPs: 123.6803
2026-04-07 12:13:17 [INFO] [task_scheduler.cc:137] [Task #0: main] Trial #197: GFLOPs: 104.2848. Time: 17374.9110 us. Best GFLOPs: 123.6803
2026-04-07 12:13:17 [INFO] [task_scheduler.cc:137] [Task #0: main] Trial #198: GFLOPs: 104.8007. Time: 17289.3833 us. Best GFLOPs: 123.6803
2026-04-07 12:13:17 [INFO] [task_scheduler.cc:137] [Task #0: main] Trial #199: GFLOPs: 113.6745. Time: 15939.7207 us. Best GFLOPs: 123.6803
2026-04-07 12:13:17 [INFO] [task_scheduler.cc:137] [Task #0: main] Trial #200: GFLOPs: 81.5510. Time: 22218.4747 us. Best GFLOPs: 123.6803
2026-04-07 12:13:17 [INFO] [task_scheduler.cc:137] [Task #0: main] Trial #201: GFLOPs: 74.8031. Time: 24222.7777 us. Best GFLOPs: 123.6803
2026-04-07 12:13:17 [INFO] [task_scheduler.cc:137] [Task #0: main] Trial #202: GFLOPs: 95.7242. Time: 18928.7547 us. Best GFLOPs: 123.6803
2026-04-07 12:13:17 [INFO] [task_scheduler.cc:137] [Task #0: main] Trial #203: GFLOPs: 93.9995. Time: 19276.0487 us. Best GFLOPs: 123.6803
2026-04-07 12:13:17 [INFO] [task_scheduler.cc:137] [Task #0: main] Trial #204: GFLOPs: 99.8066. Time: 18154.5015 us. Best GFLOPs: 123.6803
2026-04-07 12:13:17 [INFO] [task_scheduler.cc:137] [Task #0: main] Trial #205: GFLOPs: 88.7523. Time: 20415.6862 us. Best GFLOPs: 123.6803
2026-04-07 12:13:17 [INFO] [task_scheduler.cc:137] [Task #0: main] Trial #206: GFLOPs: 95.2949. Time: 19014.0150 us. Best GFLOPs: 123.6803
2026-04-07 12:13:17 [INFO] [task_scheduler.cc:137] [Task #0: main] Trial #207: GFLOPs: 111.7382. Time: 16215.9323 us. Best GFLOPs: 123.6803
2026-04-07 12:13:17 [INFO] [task_scheduler.cc:137] [Task #0: main] Trial #208: GFLOPs: 104.7053. Time: 17305.1375 us. Best GFLOPs: 123.6803
2026-04-07 12:13:17 [INFO] [task_scheduler.cc:137] [Task #0: main] Trial #209: GFLOPs: 67.8497. Time: 26705.1865 us. Best GFLOPs: 123.6803
2026-04-07 12:13:17 [INFO] [task_scheduler.cc:137] [Task #0: main] Trial #210: GFLOPs: 71.6408. Time: 25291.9898 us. Best GFLOPs: 123.6803
2026-04-07 12:13:17 [INFO] [task_scheduler.cc:137] [Task #0: main] Trial #211: GFLOPs: 93.9433. Time: 19287.5885 us. Best GFLOPs: 123.6803
2026-04-07 12:13:17 [INFO] [task_scheduler.cc:137] [Task #0: main] Trial #212: GFLOPs: 26.2244. Time: 69093.7390 us. Best GFLOPs: 123.6803
2026-04-07 12:13:17 [INFO] [task_scheduler.cc:137] [Task #0: main] Trial #213: GFLOPs: 88.6116. Time: 20448.0950 us. Best GFLOPs: 123.6803
2026-04-07 12:13:17 [INFO] [task_scheduler.cc:137] [Task #0: main] Trial #214: GFLOPs: 87.1484. Time: 20791.4235 us. Best GFLOPs: 123.6803
2026-04-07 12:13:17 [INFO] [task_scheduler.cc:137] [Task #0: main] Trial #215: GFLOPs: 75.6164. Time: 23962.2440 us. Best GFLOPs: 123.6803
2026-04-07 12:13:17 [INFO] [task_scheduler.cc:137] [Task #0: main] Trial #216: GFLOPs: 98.8662. Time: 18327.1797 us. Best GFLOPs: 123.6803
2026-04-07 12:13:17 [INFO] [task_scheduler.cc:137] [Task #0: main] Trial #217: GFLOPs: 108.2783. Time: 16734.0908 us. Best GFLOPs: 123.6803
2026-04-07 12:13:17 [INFO] [task_scheduler.cc:137] [Task #0: main] Trial #218: GFLOPs: 117.8423. Time: 15375.9627 us. Best GFLOPs: 123.6803
2026-04-07 12:13:17 [INFO] [task_scheduler.cc:137] [Task #0: main] Trial #219: GFLOPs: 21.1261. Time: 85767.8175 us. Best GFLOPs: 123.6803
2026-04-07 12:13:17 [INFO] [task_scheduler.cc:137] [Task #0: main] Trial #220: GFLOPs: 78.9420. Time: 22952.7938 us. Best GFLOPs: 123.6803
2026-04-07 12:13:17 [INFO] [task_scheduler.cc:137] [Task #0: main] Trial #221: GFLOPs: 85.3108. Time: 21239.2760 us. Best GFLOPs: 123.6803
2026-04-07 12:13:17 [INFO] [task_scheduler.cc:137] [Task #0: main] Trial #222: GFLOPs: 94.3514. Time: 19204.1687 us. Best GFLOPs: 123.6803
2026-04-07 12:13:17 [INFO] [task_scheduler.cc:137] [Task #0: main] Trial #223: GFLOPs: 89.9435. Time: 20145.3140 us. Best GFLOPs: 123.6803
2026-04-07 12:13:17 [INFO] [task_scheduler.cc:137] [Task #0: main] Trial #224: GFLOPs: 92.4365. Time: 19601.9968 us. Best GFLOPs: 123.6803
2026-04-07 12:13:17 [INFO] [task_scheduler.cc:137] [Task #0: main] Trial #225: GFLOPs: 87.5334. Time: 20699.9755 us. Best GFLOPs: 123.6803
2026-04-07 12:13:17 [INFO] [task_scheduler.cc:137] [Task #0: main] Trial #226: GFLOPs: 92.1036. Time: 19672.8378 us. Best GFLOPs: 123.6803
2026-04-07 12:13:17 [INFO] [task_scheduler.cc:137] [Task #0: main] Trial #227: GFLOPs: 83.2944. Time: 21753.4350 us. Best GFLOPs: 123.6803
2026-04-07 12:13:17 [INFO] [task_scheduler.cc:137] [Task #0: main] Trial #228: GFLOPs: 67.3712. Time: 26894.8822 us. Best GFLOPs: 123.6803
2026-04-07 12:13:17 [INFO] [task_scheduler.cc:137] [Task #0: main] Trial #229: GFLOPs: 92.6506. Time: 19556.6928 us. Best GFLOPs: 123.6803
2026-04-07 12:13:17 [INFO] [task_scheduler.cc:137] [Task #0: main] Trial #230: GFLOPs: 86.2338. Time: 21011.9387 us. Best GFLOPs: 123.6803
2026-04-07 12:13:17 [INFO] [task_scheduler.cc:137] [Task #0: main] Trial #231: GFLOPs: 36.8182. Time: 49213.2045 us. Best GFLOPs: 123.6803
2026-04-07 12:13:17 [INFO] [task_scheduler.cc:137] [Task #0: main] Trial #232: GFLOPs: 106.0227. Time: 17090.1135 us. Best GFLOPs: 123.6803
2026-04-07 12:13:17 [INFO] [task_scheduler.cc:137] [Task #0: main] Trial #233: GFLOPs: 84.6259. Time: 21411.1735 us. Best GFLOPs: 123.6803
2026-04-07 12:13:17 [INFO] [task_scheduler.cc:137] [Task #0: main] Trial #234: GFLOPs: 89.3486. Time: 20279.4407 us. Best GFLOPs: 123.6803
2026-04-07 12:13:17 [INFO] [task_scheduler.cc:137] [Task #0: main] Trial #235: GFLOPs: 93.5056. Time: 19377.8668 us. Best GFLOPs: 123.6803
2026-04-07 12:13:17 [INFO] [task_scheduler.cc:137] [Task #0: main] Trial #236: GFLOPs: 95.7987. Time: 18914.0197 us. Best GFLOPs: 123.6803
2026-04-07 12:13:17 [INFO] [task_scheduler.cc:137] [Task #0: main] Trial #237: GFLOPs: 115.4772. Time: 15690.8790 us. Best GFLOPs: 123.6803
2026-04-07 12:13:17 [INFO] [task_scheduler.cc:137] [Task #0: main] Trial #238: GFLOPs: 38.2790. Time: 47335.0890 us. Best GFLOPs: 123.6803
2026-04-07 12:13:17 [INFO] [task_scheduler.cc:137] [Task #0: main] Trial #239: GFLOPs: 104.7420. Time: 17299.0688 us. Best GFLOPs: 123.6803
2026-04-07 12:13:17 [INFO] [task_scheduler.cc:137] [Task #0: main] Trial #240: GFLOPs: 86.4883. Time: 20950.1198 us. Best GFLOPs: 123.6803
2026-04-07 12:13:17 [INFO] [task_scheduler.cc:137] [Task #0: main] Trial #241: GFLOPs: 89.5572. Time: 20232.1995 us. Best GFLOPs: 123.6803
2026-04-07 12:13:17 [INFO] [task_scheduler.cc:137] [Task #0: main] Trial #242: GFLOPs: 93.5747. Time: 19363.5580 us. Best GFLOPs: 123.6803
2026-04-07 12:13:17 [INFO] [task_scheduler.cc:137] [Task #0: main] Trial #243: GFLOPs: 88.3252. Time: 20514.4042 us. Best GFLOPs: 123.6803
2026-04-07 12:13:17 [INFO] [task_scheduler.cc:137] [Task #0: main] Trial #244: GFLOPs: 95.2188. Time: 19029.2147 us. Best GFLOPs: 123.6803
2026-04-07 12:13:17 [INFO] [task_scheduler.cc:137] [Task #0: main] Trial #245: GFLOPs: 99.6348. Time: 18185.8000 us. Best GFLOPs: 123.6803
2026-04-07 12:13:17 [INFO] [task_scheduler.cc:137] [Task #0: main] Trial #246: GFLOPs: 94.6721. Time: 19139.1052 us. Best GFLOPs: 123.6803
2026-04-07 12:13:17 [INFO] [task_scheduler.cc:137] [Task #0: main] Trial #247: GFLOPs: 88.0498. Time: 20578.5805 us. Best GFLOPs: 123.6803
2026-04-07 12:13:17 [INFO] [task_scheduler.cc:137] [Task #0: main] Trial #248: GFLOPs: 92.5792. Time: 19571.7730 us. Best GFLOPs: 123.6803
2026-04-07 12:13:17 [INFO] [task_scheduler.cc:137] [Task #0: main] Trial #249: GFLOPs: 25.2055. Time: 71886.7018 us. Best GFLOPs: 123.6803
2026-04-07 12:13:17 [INFO] [task_scheduler.cc:137] [Task #0: main] Trial #250: GFLOPs: 32.0679. Time: 56503.1560 us. Best GFLOPs: 123.6803
2026-04-07 12:13:17 [INFO] [task_scheduler.cc:137] [Task #0: main] Trial #251: GFLOPs: 27.7001. Time: 65412.6245 us. Best GFLOPs: 123.6803
2026-04-07 12:13:17 [INFO] [task_scheduler.cc:137] [Task #0: main] Trial #252: GFLOPs: 102.2799. Time: 17715.4893 us. Best GFLOPs: 123.6803
2026-04-07 12:13:17 [INFO] [task_scheduler.cc:137] [Task #0: main] Trial #253: GFLOPs: 91.8030. Time: 19737.2587 us. Best GFLOPs: 123.6803
2026-04-07 12:13:17 [INFO] [task_scheduler.cc:137] [Task #0: main] Trial #254: GFLOPs: 44.9552. Time: 40305.4872 us. Best GFLOPs: 123.6803
2026-04-07 12:13:17 [INFO] [task_scheduler.cc:137] [Task #0: main] Trial #255: GFLOPs: 20.2390. Time: 89526.9797 us. Best GFLOPs: 123.6803
2026-04-07 12:13:17 [INFO] [task_scheduler.cc:137] [Task #0: main] Trial #256: GFLOPs: 63.6094. Time: 28485.4180 us. Best GFLOPs: 123.6803
2026-04-07 12:13:17 [INFO] [evolutionary_search.cc:711] Generating candidates......
2026-04-07 12:13:17 [INFO] [evolutionary_search.cc:713] Picked top 121 candidate(s) from database
2026-04-07 12:13:17 [INFO] [evolutionary_search.cc:530] Sample-Init-Population summary:
Postproc #0 [meta_schedule.DisallowDynamicLoop(0x5bdf3b3a0fb8)]: 0 failure(s)
Postproc #1 [meta_schedule.RewriteParallelVectorizeUnroll(0x5bdf3a340d88)]: 0 failure(s)
Postproc #2 [meta_schedule.RewriteReductionBlock(0x5bdf3b21eb98)]: 0 failure(s)
Postproc #3 [meta_schedule.RewriteLayout(0x5bdf3b5ad758)]: 0 failure(s)
2026-04-07 12:13:17 [INFO] [evolutionary_search.cc:721] Sampled 488 candidate(s)
2026-04-07 12:13:19 [INFO] [evolutionary_search.cc:619] Evolve iter #0 done. Summary:
Postproc #0 [meta_schedule.DisallowDynamicLoop(0x5bdf3b3a0fb8)]: 0 failure(s)
Postproc #1 [meta_schedule.RewriteParallelVectorizeUnroll(0x5bdf3a340d88)]: 0 failure(s)
Postproc #2 [meta_schedule.RewriteReductionBlock(0x5bdf3b21eb98)]: 0 failure(s)
Postproc #3 [meta_schedule.RewriteLayout(0x5bdf3b5ad758)]: 0 failure(s)
2026-04-07 12:13:20 [INFO] [evolutionary_search.cc:619] Evolve iter #1 done. Summary:
Postproc #0 [meta_schedule.DisallowDynamicLoop(0x5bdf3b3a0fb8)]: 0 failure(s)
Postproc #1 [meta_schedule.RewriteParallelVectorizeUnroll(0x5bdf3a340d88)]: 0 failure(s)
Postproc #2 [meta_schedule.RewriteReductionBlock(0x5bdf3b21eb98)]: 0 failure(s)
Postproc #3 [meta_schedule.RewriteLayout(0x5bdf3b5ad758)]: 0 failure(s)
2026-04-07 12:13:21 [INFO] [evolutionary_search.cc:619] Evolve iter #2 done. Summary:
Postproc #0 [meta_schedule.DisallowDynamicLoop(0x5bdf3b3a0fb8)]: 0 failure(s)
Postproc #1 [meta_schedule.RewriteParallelVectorizeUnroll(0x5bdf3a340d88)]: 0 failure(s)
Postproc #2 [meta_schedule.RewriteReductionBlock(0x5bdf3b21eb98)]: 0 failure(s)
Postproc #3 [meta_schedule.RewriteLayout(0x5bdf3b5ad758)]: 0 failure(s)
2026-04-07 12:13:22 [INFO] [evolutionary_search.cc:619] Evolve iter #3 done. Summary:
Postproc #0 [meta_schedule.DisallowDynamicLoop(0x5bdf3b3a0fb8)]: 0 failure(s)
Postproc #1 [meta_schedule.RewriteParallelVectorizeUnroll(0x5bdf3a340d88)]: 0 failure(s)
Postproc #2 [meta_schedule.RewriteReductionBlock(0x5bdf3b21eb98)]: 0 failure(s)
Postproc #3 [meta_schedule.RewriteLayout(0x5bdf3b5ad758)]: 0 failure(s)
2026-04-07 12:13:23 [INFO] [evolutionary_search.cc:647] Scores of the best 48 candidates:
[1 : 16]:	0.9296  0.8749  0.8673  0.8596  0.8589  0.8497  0.8491  0.8441  0.8436  0.8367  0.8353  0.8308  0.8292  0.8233  0.8209  0.8163
[17 : 32]:	0.8162  0.8111  0.8099  0.8092  0.8081  0.8071  0.8070  0.8053  0.8052  0.8045  0.8044  0.8026  0.8026  0.8025  0.8008  0.7968
[33 : 48]:	0.7967  0.7962  0.7948  0.7948  0.7946  0.7940  0.7927  0.7927  0.7926  0.7921  0.7910  0.7909  0.7904  0.7904  0.7887  0.7881
2026-04-07 12:13:23 [INFO] [evolutionary_search.cc:725] Got 48 candidate(s) with evolutionary search
2026-04-07 12:13:23 [INFO] [evolutionary_search.cc:728] Sending 48 candidates(s) for measurement
2026-04-07 12:13:53 [INFO] [task_scheduler.cc:137] [Task #0: main] Trial #257: GFLOPs: 99.5417. Time: 18202.8225 us. Best GFLOPs: 123.6803
2026-04-07 12:13:53 [INFO] [task_scheduler.cc:137] [Task #0: main] Trial #258: GFLOPs: 116.5134. Time: 15551.3408 us. Best GFLOPs: 123.6803
2026-04-07 12:13:53 [INFO] [task_scheduler.cc:137] [Task #0: main] Trial #259: GFLOPs: 83.6580. Time: 21658.8813 us. Best GFLOPs: 123.6803
2026-04-07 12:13:53 [INFO] [task_scheduler.cc:137] [Task #0: main] Trial #260: GFLOPs: 87.9472. Time: 20602.5718 us. Best GFLOPs: 123.6803
2026-04-07 12:13:53 [INFO] [task_scheduler.cc:137] [Task #0: main] Trial #261: GFLOPs: 78.0869. Time: 23204.1340 us. Best GFLOPs: 123.6803
2026-04-07 12:13:53 [INFO] [task_scheduler.cc:137] [Task #0: main] Trial #262: GFLOPs: 82.4585. Time: 21973.9525 us. Best GFLOPs: 123.6803
2026-04-07 12:13:53 [INFO] [task_scheduler.cc:137] [Task #0: main] Trial #263: GFLOPs: 96.2293. Time: 18829.3875 us. Best GFLOPs: 123.6803
2026-04-07 12:13:53 [INFO] [task_scheduler.cc:137] [Task #0: main] Trial #264: GFLOPs: 46.0345. Time: 39360.4633 us. Best GFLOPs: 123.6803
2026-04-07 12:13:53 [INFO] [task_scheduler.cc:137] [Task #0: main] Trial #265: GFLOPs: 47.3480. Time: 38268.5760 us. Best GFLOPs: 123.6803
2026-04-07 12:13:53 [INFO] [task_scheduler.cc:137] [Task #0: main] Trial #266: GFLOPs: 83.5436. Time: 21688.5365 us. Best GFLOPs: 123.6803
2026-04-07 12:13:53 [INFO] [task_scheduler.cc:137] [Task #0: main] Trial #267: GFLOPs: 81.5353. Time: 22222.7632 us. Best GFLOPs: 123.6803
2026-04-07 12:13:53 [INFO] [task_scheduler.cc:137] [Task #0: main] Trial #268: GFLOPs: 67.8228. Time: 26715.7972 us. Best GFLOPs: 123.6803
2026-04-07 12:13:53 [INFO] [task_scheduler.cc:137] [Task #0: main] Trial #269: GFLOPs: 87.4201. Time: 20726.8007 us. Best GFLOPs: 123.6803
2026-04-07 12:13:53 [INFO] [task_scheduler.cc:137] [Task #0: main] Trial #270: GFLOPs: 81.6888. Time: 22181.0140 us. Best GFLOPs: 123.6803
2026-04-07 12:13:53 [INFO] [task_scheduler.cc:137] [Task #0: main] Trial #271: GFLOPs: 107.6185. Time: 16836.6950 us. Best GFLOPs: 123.6803
2026-04-07 12:13:53 [INFO] [task_scheduler.cc:137] [Task #0: main] Trial #272: GFLOPs: 112.9607. Time: 16040.4433 us. Best GFLOPs: 123.6803
2026-04-07 12:13:53 [INFO] [task_scheduler.cc:137] [Task #0: main] Trial #273: GFLOPs: 116.7439. Time: 15520.6288 us. Best GFLOPs: 123.6803
2026-04-07 12:13:53 [INFO] [task_scheduler.cc:137] [Task #0: main] Trial #274: GFLOPs: 91.9180. Time: 19712.5705 us. Best GFLOPs: 123.6803
2026-04-07 12:13:53 [INFO] [task_scheduler.cc:137] [Task #0: main] Trial #275: GFLOPs: 90.4245. Time: 20038.1393 us. Best GFLOPs: 123.6803
2026-04-07 12:13:53 [INFO] [task_scheduler.cc:137] [Task #0: main] Trial #276: GFLOPs: 85.5076. Time: 21190.4012 us. Best GFLOPs: 123.6803
2026-04-07 12:13:53 [INFO] [task_scheduler.cc:137] [Task #0: main] Trial #277: GFLOPs: 81.2331. Time: 22305.4200 us. Best GFLOPs: 123.6803
2026-04-07 12:13:53 [INFO] [task_scheduler.cc:137] [Task #0: main] Trial #278: GFLOPs: 97.9641. Time: 18495.9572 us. Best GFLOPs: 123.6803
2026-04-07 12:13:53 [INFO] [task_scheduler.cc:137] [Task #0: main] Trial #279: GFLOPs: 96.6683. Time: 18743.8922 us. Best GFLOPs: 123.6803
2026-04-07 12:13:53 [INFO] [task_scheduler.cc:137] [Task #0: main] Trial #280: GFLOPs: 102.5057. Time: 17676.4745 us. Best GFLOPs: 123.6803
2026-04-07 12:13:53 [INFO] [task_scheduler.cc:137] [Task #0: main] Trial #281: GFLOPs: 83.5551. Time: 21685.5712 us. Best GFLOPs: 123.6803
2026-04-07 12:13:53 [INFO] [task_scheduler.cc:137] [Task #0: main] Trial #282: GFLOPs: 85.9163. Time: 21089.5760 us. Best GFLOPs: 123.6803
2026-04-07 12:13:53 [INFO] [task_scheduler.cc:137] [Task #0: main] Trial #283: GFLOPs: 59.2117. Time: 30601.0222 us. Best GFLOPs: 123.6803
2026-04-07 12:13:53 [INFO] [task_scheduler.cc:137] [Task #0: main] Trial #284: GFLOPs: 86.0713. Time: 21051.6128 us. Best GFLOPs: 123.6803
2026-04-07 12:13:53 [INFO] [task_scheduler.cc:137] [Task #0: main] Trial #285: GFLOPs: 72.7140. Time: 24918.7238 us. Best GFLOPs: 123.6803
2026-04-07 12:13:53 [INFO] [task_scheduler.cc:137] [Task #0: main] Trial #286: GFLOPs: 93.8829. Time: 19299.9843 us. Best GFLOPs: 123.6803
2026-04-07 12:13:53 [INFO] [task_scheduler.cc:137] [Task #0: main] Trial #287: GFLOPs: 100.6670. Time: 17999.3318 us. Best GFLOPs: 123.6803
2026-04-07 12:13:53 [INFO] [task_scheduler.cc:137] [Task #0: main] Trial #288: GFLOPs: 91.5605. Time: 19789.5218 us. Best GFLOPs: 123.6803
2026-04-07 12:13:53 [INFO] [task_scheduler.cc:137] [Task #0: main] Trial #289: GFLOPs: 95.7381. Time: 18925.9928 us. Best GFLOPs: 123.6803
2026-04-07 12:13:53 [INFO] [task_scheduler.cc:137] [Task #0: main] Trial #290: GFLOPs: 82.2945. Time: 22017.7568 us. Best GFLOPs: 123.6803
2026-04-07 12:13:53 [INFO] [task_scheduler.cc:137] [Task #0: main] Trial #291: GFLOPs: 96.2360. Time: 18828.0807 us. Best GFLOPs: 123.6803
2026-04-07 12:13:53 [INFO] [task_scheduler.cc:137] [Task #0: main] Trial #292: GFLOPs: 81.1624. Time: 22324.8478 us. Best GFLOPs: 123.6803
2026-04-07 12:13:53 [INFO] [task_scheduler.cc:137] [Task #0: main] Trial #293: GFLOPs: 95.0805. Time: 19056.8938 us. Best GFLOPs: 123.6803
2026-04-07 12:13:53 [INFO] [task_scheduler.cc:137] [Task #0: main] Trial #294: GFLOPs: 77.6782. Time: 23326.2418 us. Best GFLOPs: 123.6803
2026-04-07 12:13:53 [INFO] [task_scheduler.cc:137] [Task #0: main] Trial #295: GFLOPs: 82.5543. Time: 21948.4525 us. Best GFLOPs: 123.6803
2026-04-07 12:13:53 [INFO] [task_scheduler.cc:137] [Task #0: main] Trial #296: GFLOPs: 93.2122. Time: 19438.8625 us. Best GFLOPs: 123.6803
2026-04-07 12:13:53 [INFO] [task_scheduler.cc:137] [Task #0: main] Trial #297: GFLOPs: 81.6213. Time: 22199.3413 us. Best GFLOPs: 123.6803
2026-04-07 12:13:53 [INFO] [task_scheduler.cc:137] [Task #0: main] Trial #298: GFLOPs: 101.0980. Time: 17922.6038 us. Best GFLOPs: 123.6803
2026-04-07 12:13:53 [INFO] [task_scheduler.cc:137] [Task #0: main] Trial #299: GFLOPs: 112.8051. Time: 16062.5605 us. Best GFLOPs: 123.6803
2026-04-07 12:13:53 [INFO] [task_scheduler.cc:137] [Task #0: main] Trial #300: GFLOPs: 96.7294. Time: 18732.0450 us. Best GFLOPs: 123.6803
2026-04-07 12:13:53 [INFO] [task_scheduler.cc:137] [Task #0: main] Trial #301: GFLOPs: 105.7057. Time: 17141.3630 us. Best GFLOPs: 123.6803
2026-04-07 12:13:53 [INFO] [task_scheduler.cc:137] [Task #0: main] Trial #302: GFLOPs: 114.3887. Time: 15840.1937 us. Best GFLOPs: 123.6803
2026-04-07 12:13:53 [INFO] [task_scheduler.cc:137] [Task #0: main] Trial #303: GFLOPs: 85.3815. Time: 21221.6770 us. Best GFLOPs: 123.6803
2026-04-07 12:13:53 [INFO] [task_scheduler.cc:137] [Task #0: main] Trial #304: GFLOPs: 5.8946. Time: 307389.1337 us. Best GFLOPs: 123.6803
