2026-04-07 19:35:19 [INFO] Logging directory: research/results/metaschedule/8020/iter_01/7470aa297c18c9cf/mlp_expand/M_384/logs
2026-04-07 19:35:19 [INFO] [task_scheduler.cc:165] Initializing Task #0: "main"
2026-04-07 19:35:19 [INFO] [task_scheduler.cc:326] 
 ID | Name |       FLOP | Weight | Speed (GFLOPS) | Latency (us) | Weighted Latency (us) | Trials | Done 
---------------------------------------------------------------------------------------------------------
  0 | main | 1811939328 |      1 |            N/A |          N/A |                   N/A |      0 |      
---------------------------------------------------------------------------------------------------------
Total trials: 0
Total latency (us): 0

2026-04-07 19:35:19 [INFO] [task_scheduler.cc:186] TaskScheduler picks Task #0: "main"
2026-04-07 19:35:20 [INFO] [task_scheduler.cc:199] Sending 32 sample(s) to builder
2026-04-07 19:35:29 [INFO] [task_scheduler.cc:201] Sending 32 sample(s) to runner
2026-04-07 19:35:41 [DEBUG] XGB iter   0: tr-p-rmse: 0.413147	tr-a-peak@32: 1.000000	tr-rmse: 0.299044	tr-rmse: 0.299044
2026-04-07 19:35:41 [DEBUG] XGB iter  25: tr-p-rmse: 0.033631	tr-a-peak@32: 1.000000	tr-rmse: 0.320173	tr-rmse: 0.320173
2026-04-07 19:35:41 [DEBUG] XGB iter  50: tr-p-rmse: 0.033628	tr-a-peak@32: 1.000000	tr-rmse: 0.320177	tr-rmse: 0.320177
2026-04-07 19:35:41 [DEBUG] XGB iter  75: tr-p-rmse: 0.033628	tr-a-peak@32: 1.000000	tr-rmse: 0.320177	tr-rmse: 0.320177
2026-04-07 19:35:41 [DEBUG] XGB stopped. Best iteration: [29] tr-p-rmse:0.03363	tr-a-peak@32:1.00000	tr-rmse:0.32018	tr-rmse:0.32018 
2026-04-07 19:35:41 [INFO] [task_scheduler.cc:243] [Updated] Task #0: "main"
2026-04-07 19:35:41 [INFO] [task_scheduler.cc:326] 
 ID | Name |       FLOP | Weight | Speed (GFLOPS) | Latency (us) | Weighted Latency (us) | Trials | Done 
---------------------------------------------------------------------------------------------------------
  0 | main | 1811939328 |      1 |        85.6971 |   21143.5260 |            21143.5260 |     32 |      
---------------------------------------------------------------------------------------------------------
Total trials: 32
Total latency (us): 21143.5

2026-04-07 19:35:41 [INFO] [task_scheduler.cc:186] TaskScheduler picks Task #0: "main"
2026-04-07 19:35:42 [INFO] [task_scheduler.cc:199] Sending 32 sample(s) to builder
2026-04-07 19:35:49 [INFO] [task_scheduler.cc:201] Sending 32 sample(s) to runner
2026-04-07 19:36:07 [DEBUG] XGB validation: p-rmse: 0.335044	a-peak@32: 0.959734
2026-04-07 19:36:07 [DEBUG] XGB iter   0: tr-p-rmse: 0.423826	tr-a-peak@32: 0.995761	tr-rmse: 0.259990	tr-rmse: 0.259990
2026-04-07 19:36:07 [DEBUG] XGB iter  25: tr-p-rmse: 0.045262	tr-a-peak@32: 1.000000	tr-rmse: 0.297592	tr-rmse: 0.297592
2026-04-07 19:36:07 [DEBUG] XGB iter  50: tr-p-rmse: 0.045246	tr-a-peak@32: 1.000000	tr-rmse: 0.297614	tr-rmse: 0.297614
2026-04-07 19:36:07 [DEBUG] XGB iter  75: tr-p-rmse: 0.045246	tr-a-peak@32: 1.000000	tr-rmse: 0.297614	tr-rmse: 0.297614
2026-04-07 19:36:07 [DEBUG] XGB stopped. Best iteration: [32] tr-p-rmse:0.04525	tr-a-peak@32:1.00000	tr-rmse:0.29761	tr-rmse:0.29761 
2026-04-07 19:36:07 [INFO] [task_scheduler.cc:243] [Updated] Task #0: "main"
2026-04-07 19:36:07 [INFO] [task_scheduler.cc:326] 
 ID | Name |       FLOP | Weight | Speed (GFLOPS) | Latency (us) | Weighted Latency (us) | Trials | Done 
---------------------------------------------------------------------------------------------------------
  0 | main | 1811939328 |      1 |       103.1717 |   17562.3597 |            17562.3597 |     64 |      
---------------------------------------------------------------------------------------------------------
Total trials: 64
Total latency (us): 17562.4

2026-04-07 19:36:07 [INFO] [task_scheduler.cc:186] TaskScheduler picks Task #0: "main"
2026-04-07 19:36:08 [INFO] [task_scheduler.cc:199] Sending 12 sample(s) to builder
2026-04-07 19:36:15 [INFO] [task_scheduler.cc:201] Sending 12 sample(s) to runner
2026-04-07 19:36:18 [DEBUG] XGB validation: p-rmse: 0.211946	a-peak@32: 0.977213
2026-04-07 19:36:18 [INFO] [task_scheduler.cc:243] [Updated] Task #0: "main"
2026-04-07 19:36:18 [INFO] [task_scheduler.cc:326] 
 ID | Name |       FLOP | Weight | Speed (GFLOPS) | Latency (us) | Weighted Latency (us) | Trials | Done 
---------------------------------------------------------------------------------------------------------
  0 | main | 1811939328 |      1 |       103.1717 |   17562.3597 |            17562.3597 |     76 |      
---------------------------------------------------------------------------------------------------------
Total trials: 76
Total latency (us): 17562.4

2026-04-07 19:36:18 [INFO] [task_scheduler.cc:266] Task #0 has finished. Remaining task(s): 0
2026-04-07 19:36:18 [INFO] [task_scheduler.cc:326] 
 ID | Name |       FLOP | Weight | Speed (GFLOPS) | Latency (us) | Weighted Latency (us) | Trials | Done 
---------------------------------------------------------------------------------------------------------
  0 | main | 1811939328 |      1 |       103.1717 |   17562.3597 |            17562.3597 |     76 |    Y 
---------------------------------------------------------------------------------------------------------
Total trials: 76
Total latency (us): 17562.4

2026-04-07 19:36:20 [INFO] LocalBuilder: max_workers = 12
2026-04-07 19:36:21 [INFO] LocalRunner: max_workers = 1
