2026-04-07 18:08:47 [INFO] Logging directory: research/results/metaschedule/8020/iter_01/da6b5e26a937444f/mlp_expand/M_128/logs
2026-04-07 18:08:47 [INFO] [task_scheduler.cc:165] Initializing Task #0: "main"
2026-04-07 18:08:47 [INFO] [task_scheduler.cc:326] 
 ID | Name |      FLOP | Weight | Speed (GFLOPS) | Latency (us) | Weighted Latency (us) | Trials | Done 
--------------------------------------------------------------------------------------------------------
  0 | main | 603979776 |      1 |            N/A |          N/A |                   N/A |      0 |      
--------------------------------------------------------------------------------------------------------
Total trials: 0
Total latency (us): 0

2026-04-07 18:08:47 [INFO] [task_scheduler.cc:186] TaskScheduler picks Task #0: "main"
2026-04-07 18:08:48 [INFO] [task_scheduler.cc:199] Sending 64 sample(s) to builder
2026-04-07 18:08:56 [INFO] [task_scheduler.cc:201] Sending 64 sample(s) to runner
2026-04-07 18:09:16 [DEBUG] XGB iter   0: tr-p-rmse: 0.422178	tr-a-peak@32: 1.000000	tr-rmse: 0.277182	tr-rmse: 0.277182
2026-04-07 18:09:16 [DEBUG] XGB iter  25: tr-p-rmse: 0.065638	tr-a-peak@32: 1.000000	tr-rmse: 0.275862	tr-rmse: 0.275862
2026-04-07 18:09:16 [DEBUG] XGB iter  50: tr-p-rmse: 0.065620	tr-a-peak@32: 1.000000	tr-rmse: 0.275885	tr-rmse: 0.275885
2026-04-07 18:09:16 [DEBUG] XGB iter  75: tr-p-rmse: 0.065620	tr-a-peak@32: 1.000000	tr-rmse: 0.275885	tr-rmse: 0.275885
2026-04-07 18:09:16 [DEBUG] XGB stopped. Best iteration: [33] tr-p-rmse:0.06562	tr-a-peak@32:1.00000	tr-rmse:0.27588	tr-rmse:0.27588 
2026-04-07 18:09:16 [INFO] [task_scheduler.cc:243] [Updated] Task #0: "main"
2026-04-07 18:09:16 [INFO] [task_scheduler.cc:326] 
 ID | Name |      FLOP | Weight | Speed (GFLOPS) | Latency (us) | Weighted Latency (us) | Trials | Done 
--------------------------------------------------------------------------------------------------------
  0 | main | 603979776 |      1 |        96.5980 |    6252.5109 |             6252.5109 |     64 |      
--------------------------------------------------------------------------------------------------------
Total trials: 64
Total latency (us): 6252.51

2026-04-07 18:09:16 [INFO] [task_scheduler.cc:186] TaskScheduler picks Task #0: "main"
2026-04-07 18:09:17 [INFO] [task_scheduler.cc:199] Sending 50 sample(s) to builder
2026-04-07 18:09:36 [INFO] [task_scheduler.cc:201] Sending 50 sample(s) to runner
2026-04-07 18:09:51 [DEBUG] XGB validation: p-rmse: 0.305947	a-peak@32: 0.823227
2026-04-07 18:09:51 [DEBUG] XGB iter   0: tr-p-rmse: 0.456106	tr-a-peak@32: 0.914167	tr-rmse: 0.239684	tr-rmse: 0.239684
2026-04-07 18:09:51 [DEBUG] XGB iter  25: tr-p-rmse: 0.060629	tr-a-peak@32: 1.000000	tr-rmse: 0.231702	tr-rmse: 0.231702
2026-04-07 18:09:51 [DEBUG] XGB iter  50: tr-p-rmse: 0.060597	tr-a-peak@32: 1.000000	tr-rmse: 0.231739	tr-rmse: 0.231739
2026-04-07 18:09:51 [DEBUG] XGB iter  75: tr-p-rmse: 0.060597	tr-a-peak@32: 1.000000	tr-rmse: 0.231739	tr-rmse: 0.231739
2026-04-07 18:09:51 [DEBUG] XGB stopped. Best iteration: [34] tr-p-rmse:0.06060	tr-a-peak@32:1.00000	tr-rmse:0.23174	tr-rmse:0.23174 
2026-04-07 18:09:51 [INFO] [task_scheduler.cc:243] [Updated] Task #0: "main"
2026-04-07 18:09:51 [INFO] [task_scheduler.cc:326] 
 ID | Name |      FLOP | Weight | Speed (GFLOPS) | Latency (us) | Weighted Latency (us) | Trials | Done 
--------------------------------------------------------------------------------------------------------
  0 | main | 603979776 |      1 |       114.0430 |    5296.0693 |             5296.0693 |    114 |      
--------------------------------------------------------------------------------------------------------
Total trials: 114
Total latency (us): 5296.07

2026-04-07 18:09:51 [INFO] [task_scheduler.cc:266] Task #0 has finished. Remaining task(s): 0
2026-04-07 18:09:51 [INFO] [task_scheduler.cc:326] 
 ID | Name |      FLOP | Weight | Speed (GFLOPS) | Latency (us) | Weighted Latency (us) | Trials | Done 
--------------------------------------------------------------------------------------------------------
  0 | main | 603979776 |      1 |       114.0430 |    5296.0693 |             5296.0693 |    114 |    Y 
--------------------------------------------------------------------------------------------------------
Total trials: 114
Total latency (us): 5296.07

2026-04-07 18:09:52 [INFO] LocalBuilder: max_workers = 12
2026-04-07 18:09:54 [INFO] LocalRunner: max_workers = 1
