2026-04-07 19:15:33 [INFO] Logging directory: research/results/metaschedule/8020/iter_01/9db4dd383f9f0938/mlp_expand/M_384/logs
2026-04-07 19:15:33 [INFO] [task_scheduler.cc:165] Initializing Task #0: "main"
2026-04-07 19:15:33 [INFO] [task_scheduler.cc:326] 
 ID | Name |       FLOP | Weight | Speed (GFLOPS) | Latency (us) | Weighted Latency (us) | Trials | Done 
---------------------------------------------------------------------------------------------------------
  0 | main | 1811939328 |      1 |            N/A |          N/A |                   N/A |      0 |      
---------------------------------------------------------------------------------------------------------
Total trials: 0
Total latency (us): 0

2026-04-07 19:15:33 [INFO] [task_scheduler.cc:186] TaskScheduler picks Task #0: "main"
2026-04-07 19:15:34 [INFO] [task_scheduler.cc:199] Sending 64 sample(s) to builder
2026-04-07 19:15:48 [INFO] [task_scheduler.cc:201] Sending 64 sample(s) to runner
2026-04-07 19:16:16 [DEBUG] XGB iter   0: tr-p-rmse: 0.437872	tr-a-peak@32: 1.000000	tr-rmse: 0.274189	tr-rmse: 0.274189
2026-04-07 19:16:16 [DEBUG] XGB iter  25: tr-p-rmse: 0.065149	tr-a-peak@32: 1.000000	tr-rmse: 0.302604	tr-rmse: 0.302604
2026-04-07 19:16:16 [DEBUG] XGB iter  50: tr-p-rmse: 0.064356	tr-a-peak@32: 1.000000	tr-rmse: 0.302873	tr-rmse: 0.302873
2026-04-07 19:16:16 [DEBUG] XGB iter  75: tr-p-rmse: 0.064356	tr-a-peak@32: 1.000000	tr-rmse: 0.302873	tr-rmse: 0.302873
2026-04-07 19:16:16 [DEBUG] XGB stopped. Best iteration: [41] tr-p-rmse:0.06436	tr-a-peak@32:1.00000	tr-rmse:0.30287	tr-rmse:0.30287 
2026-04-07 19:16:16 [INFO] [task_scheduler.cc:243] [Updated] Task #0: "main"
2026-04-07 19:16:16 [INFO] [task_scheduler.cc:326] 
 ID | Name |       FLOP | Weight | Speed (GFLOPS) | Latency (us) | Weighted Latency (us) | Trials | Done 
---------------------------------------------------------------------------------------------------------
  0 | main | 1811939328 |      1 |       113.1710 |   16010.6285 |            16010.6285 |     64 |      
---------------------------------------------------------------------------------------------------------
Total trials: 64
Total latency (us): 16010.6

2026-04-07 19:16:16 [INFO] [task_scheduler.cc:186] TaskScheduler picks Task #0: "main"
2026-04-07 19:16:17 [INFO] [task_scheduler.cc:199] Sending 12 sample(s) to builder
2026-04-07 19:16:23 [INFO] [task_scheduler.cc:201] Sending 12 sample(s) to runner
2026-04-07 19:16:28 [DEBUG] XGB validation: p-rmse: 0.259906	a-peak@32: 1.000000
2026-04-07 19:16:28 [INFO] [task_scheduler.cc:243] [Updated] Task #0: "main"
2026-04-07 19:16:28 [INFO] [task_scheduler.cc:326] 
 ID | Name |       FLOP | Weight | Speed (GFLOPS) | Latency (us) | Weighted Latency (us) | Trials | Done 
---------------------------------------------------------------------------------------------------------
  0 | main | 1811939328 |      1 |       113.1710 |   16010.6285 |            16010.6285 |     76 |      
---------------------------------------------------------------------------------------------------------
Total trials: 76
Total latency (us): 16010.6

2026-04-07 19:16:28 [INFO] [task_scheduler.cc:266] Task #0 has finished. Remaining task(s): 0
2026-04-07 19:16:28 [INFO] [task_scheduler.cc:326] 
 ID | Name |       FLOP | Weight | Speed (GFLOPS) | Latency (us) | Weighted Latency (us) | Trials | Done 
---------------------------------------------------------------------------------------------------------
  0 | main | 1811939328 |      1 |       113.1710 |   16010.6285 |            16010.6285 |     76 |    Y 
---------------------------------------------------------------------------------------------------------
Total trials: 76
Total latency (us): 16010.6

2026-04-07 19:16:29 [INFO] LocalBuilder: max_workers = 12
2026-04-07 19:16:30 [INFO] LocalRunner: max_workers = 1
