2026-04-07 16:44:47 [INFO] Logging directory: research/results/metaschedule/8020/iter_01/821538db8a53272c/qkv/M_128/logs
2026-04-07 16:44:47 [INFO] [task_scheduler.cc:165] Initializing Task #0: "main"
2026-04-07 16:44:47 [INFO] [task_scheduler.cc:326] 
 ID | Name |      FLOP | Weight | Speed (GFLOPS) | Latency (us) | Weighted Latency (us) | Trials | Done 
--------------------------------------------------------------------------------------------------------
  0 | main | 150994944 |      1 |            N/A |          N/A |                   N/A |      0 |      
--------------------------------------------------------------------------------------------------------
Total trials: 0
Total latency (us): 0

2026-04-07 16:44:47 [INFO] [task_scheduler.cc:186] TaskScheduler picks Task #0: "main"
2026-04-07 16:44:49 [INFO] [task_scheduler.cc:199] Sending 64 sample(s) to builder
2026-04-07 16:45:01 [INFO] [task_scheduler.cc:201] Sending 64 sample(s) to runner
2026-04-07 16:45:14 [DEBUG] XGB iter   0: tr-p-rmse: 0.391934	tr-a-peak@32: 0.977510	tr-rmse: 0.271086	tr-rmse: 0.271086
2026-04-07 16:45:14 [DEBUG] XGB iter  25: tr-p-rmse: 0.047118	tr-a-peak@32: 0.999363	tr-rmse: 0.303560	tr-rmse: 0.303560
2026-04-07 16:45:14 [DEBUG] XGB iter  50: tr-p-rmse: 0.047071	tr-a-peak@32: 0.999363	tr-rmse: 0.303626	tr-rmse: 0.303626
2026-04-07 16:45:14 [DEBUG] XGB iter  75: tr-p-rmse: 0.047071	tr-a-peak@32: 0.999363	tr-rmse: 0.303626	tr-rmse: 0.303626
2026-04-07 16:45:14 [DEBUG] XGB stopped. Best iteration: [37] tr-p-rmse:0.04707	tr-a-peak@32:0.99936	tr-rmse:0.30363	tr-rmse:0.30363 
2026-04-07 16:45:14 [INFO] [task_scheduler.cc:243] [Updated] Task #0: "main"
2026-04-07 16:45:14 [INFO] [task_scheduler.cc:326] 
 ID | Name |      FLOP | Weight | Speed (GFLOPS) | Latency (us) | Weighted Latency (us) | Trials | Done 
--------------------------------------------------------------------------------------------------------
  0 | main | 150994944 |      1 |       106.8329 |    1413.3745 |             1413.3745 |     64 |      
--------------------------------------------------------------------------------------------------------
Total trials: 64
Total latency (us): 1413.37

2026-04-07 16:45:14 [INFO] [task_scheduler.cc:186] TaskScheduler picks Task #0: "main"
2026-04-07 16:45:16 [INFO] [task_scheduler.cc:199] Sending 64 sample(s) to builder
2026-04-07 16:45:26 [INFO] [task_scheduler.cc:201] Sending 64 sample(s) to runner
2026-04-07 16:45:39 [DEBUG] XGB validation: p-rmse: 0.265453	a-peak@32: 0.917681
2026-04-07 16:45:39 [DEBUG] XGB iter   0: tr-p-rmse: 0.401768	tr-a-peak@32: 0.979624	tr-rmse: 0.269948	tr-rmse: 0.269948
2026-04-07 16:45:39 [DEBUG] XGB iter  25: tr-p-rmse: 0.047115	tr-a-peak@32: 0.998727	tr-rmse: 0.289651	tr-rmse: 0.289651
2026-04-07 16:45:39 [DEBUG] XGB iter  50: tr-p-rmse: 0.047102	tr-a-peak@32: 0.998727	tr-rmse: 0.289667	tr-rmse: 0.289667
2026-04-07 16:45:39 [DEBUG] XGB iter  75: tr-p-rmse: 0.047102	tr-a-peak@32: 0.998727	tr-rmse: 0.289667	tr-rmse: 0.289667
2026-04-07 16:45:39 [DEBUG] XGB stopped. Best iteration: [32] tr-p-rmse:0.04710	tr-a-peak@32:0.99873	tr-rmse:0.28967	tr-rmse:0.28967 
2026-04-07 16:45:39 [INFO] [task_scheduler.cc:243] [Updated] Task #0: "main"
2026-04-07 16:45:39 [INFO] [task_scheduler.cc:326] 
 ID | Name |      FLOP | Weight | Speed (GFLOPS) | Latency (us) | Weighted Latency (us) | Trials | Done 
--------------------------------------------------------------------------------------------------------
  0 | main | 150994944 |      1 |       106.8329 |    1413.3745 |             1413.3745 |    128 |      
--------------------------------------------------------------------------------------------------------
Total trials: 128
Total latency (us): 1413.37

2026-04-07 16:45:39 [INFO] [task_scheduler.cc:186] TaskScheduler picks Task #0: "main"
2026-04-07 16:45:44 [INFO] [task_scheduler.cc:199] Sending 26 sample(s) to builder
2026-04-07 16:45:52 [INFO] [task_scheduler.cc:201] Sending 26 sample(s) to runner
2026-04-07 16:45:57 [DEBUG] XGB validation: p-rmse: 0.271130	a-peak@32: 0.973500
2026-04-07 16:45:57 [DEBUG] XGB iter   0: tr-p-rmse: 0.392746	tr-a-peak@32: 0.990784	tr-rmse: 0.286460	tr-rmse: 0.286460
2026-04-07 16:45:57 [DEBUG] XGB iter  25: tr-p-rmse: 0.046090	tr-a-peak@32: 0.999490	tr-rmse: 0.286723	tr-rmse: 0.286723
2026-04-07 16:45:57 [DEBUG] XGB iter  50: tr-p-rmse: 0.046091	tr-a-peak@32: 0.999490	tr-rmse: 0.286721	tr-rmse: 0.286721
2026-04-07 16:45:57 [DEBUG] XGB stopped. Best iteration: [20] tr-p-rmse:0.04608	tr-a-peak@32:0.99949	tr-rmse:0.28673	tr-rmse:0.28673 
2026-04-07 16:45:57 [INFO] [task_scheduler.cc:243] [Updated] Task #0: "main"
2026-04-07 16:45:57 [INFO] [task_scheduler.cc:326] 
 ID | Name |      FLOP | Weight | Speed (GFLOPS) | Latency (us) | Weighted Latency (us) | Trials | Done 
--------------------------------------------------------------------------------------------------------
  0 | main | 150994944 |      1 |       106.8329 |    1413.3745 |             1413.3745 |    154 |      
--------------------------------------------------------------------------------------------------------
Total trials: 154
Total latency (us): 1413.37

2026-04-07 16:45:57 [INFO] [task_scheduler.cc:266] Task #0 has finished. Remaining task(s): 0
2026-04-07 16:45:57 [INFO] [task_scheduler.cc:326] 
 ID | Name |      FLOP | Weight | Speed (GFLOPS) | Latency (us) | Weighted Latency (us) | Trials | Done 
--------------------------------------------------------------------------------------------------------
  0 | main | 150994944 |      1 |       106.8329 |    1413.3745 |             1413.3745 |    154 |    Y 
--------------------------------------------------------------------------------------------------------
Total trials: 154
Total latency (us): 1413.37

2026-04-07 16:45:58 [INFO] LocalBuilder: max_workers = 12
2026-04-07 16:45:59 [INFO] LocalRunner: max_workers = 1
