2026-04-07 19:16:32 [INFO] Logging directory: research/results/metaschedule/8020/iter_01/9db4dd383f9f0938/mlp_reduce/M_16/logs
2026-04-07 19:16:32 [INFO] [task_scheduler.cc:165] Initializing Task #0: "main"
2026-04-07 19:16:32 [INFO] [task_scheduler.cc:326] 
 ID | Name |     FLOP | Weight | Speed (GFLOPS) | Latency (us) | Weighted Latency (us) | Trials | Done 
-------------------------------------------------------------------------------------------------------
  0 | main | 75497472 |      1 |            N/A |          N/A |                   N/A |      0 |      
-------------------------------------------------------------------------------------------------------
Total trials: 0
Total latency (us): 0

2026-04-07 19:16:32 [INFO] [task_scheduler.cc:186] TaskScheduler picks Task #0: "main"
2026-04-07 19:16:33 [INFO] [task_scheduler.cc:199] Sending 63 sample(s) to builder
2026-04-07 19:16:41 [INFO] [task_scheduler.cc:201] Sending 63 sample(s) to runner
2026-04-07 19:16:54 [DEBUG] XGB iter   0: tr-p-rmse: 0.411552	tr-a-peak@32: 0.946976	tr-rmse: 0.223626	tr-rmse: 0.223626
2026-04-07 19:16:54 [DEBUG] XGB iter  25: tr-p-rmse: 0.069088	tr-a-peak@32: 1.000000	tr-rmse: 0.238256	tr-rmse: 0.238256
2026-04-07 19:16:54 [DEBUG] XGB iter  50: tr-p-rmse: 0.069082	tr-a-peak@32: 1.000000	tr-rmse: 0.238265	tr-rmse: 0.238265
2026-04-07 19:16:54 [DEBUG] XGB iter  75: tr-p-rmse: 0.069082	tr-a-peak@32: 1.000000	tr-rmse: 0.238265	tr-rmse: 0.238265
2026-04-07 19:16:54 [DEBUG] XGB stopped. Best iteration: [31] tr-p-rmse:0.06908	tr-a-peak@32:1.00000	tr-rmse:0.23826	tr-rmse:0.23826 
2026-04-07 19:16:54 [INFO] [task_scheduler.cc:243] [Updated] Task #0: "main"
2026-04-07 19:16:54 [INFO] [task_scheduler.cc:326] 
 ID | Name |     FLOP | Weight | Speed (GFLOPS) | Latency (us) | Weighted Latency (us) | Trials | Done 
-------------------------------------------------------------------------------------------------------
  0 | main | 75497472 |      1 |        71.0359 |    1062.8066 |             1062.8066 |     63 |      
-------------------------------------------------------------------------------------------------------
Total trials: 63
Total latency (us): 1062.81

2026-04-07 19:16:54 [INFO] [task_scheduler.cc:186] TaskScheduler picks Task #0: "main"
2026-04-07 19:16:55 [INFO] [task_scheduler.cc:199] Sending 14 sample(s) to builder
2026-04-07 19:17:02 [INFO] [task_scheduler.cc:201] Sending 14 sample(s) to runner
2026-04-07 19:17:05 [DEBUG] XGB validation: p-rmse: 0.295012	a-peak@32: 0.829283
2026-04-07 19:17:05 [DEBUG] XGB iter   0: tr-p-rmse: 0.418504	tr-a-peak@32: 0.946976	tr-rmse: 0.217724	tr-rmse: 0.217724
2026-04-07 19:17:05 [DEBUG] XGB iter  25: tr-p-rmse: 0.064345	tr-a-peak@32: 1.000000	tr-rmse: 0.233364	tr-rmse: 0.233364
2026-04-07 19:17:05 [DEBUG] XGB iter  50: tr-p-rmse: 0.064337	tr-a-peak@32: 1.000000	tr-rmse: 0.233374	tr-rmse: 0.233374
2026-04-07 19:17:05 [DEBUG] XGB iter  75: tr-p-rmse: 0.064337	tr-a-peak@32: 1.000000	tr-rmse: 0.233374	tr-rmse: 0.233374
2026-04-07 19:17:05 [DEBUG] XGB stopped. Best iteration: [40] tr-p-rmse:0.06434	tr-a-peak@32:1.00000	tr-rmse:0.23337	tr-rmse:0.23337 
2026-04-07 19:17:05 [INFO] [task_scheduler.cc:243] [Updated] Task #0: "main"
2026-04-07 19:17:05 [INFO] [task_scheduler.cc:326] 
 ID | Name |     FLOP | Weight | Speed (GFLOPS) | Latency (us) | Weighted Latency (us) | Trials | Done 
-------------------------------------------------------------------------------------------------------
  0 | main | 75497472 |      1 |        71.0359 |    1062.8066 |             1062.8066 |     77 |      
-------------------------------------------------------------------------------------------------------
Total trials: 77
Total latency (us): 1062.81

2026-04-07 19:17:05 [INFO] [task_scheduler.cc:266] Task #0 has finished. Remaining task(s): 0
2026-04-07 19:17:05 [INFO] [task_scheduler.cc:326] 
 ID | Name |     FLOP | Weight | Speed (GFLOPS) | Latency (us) | Weighted Latency (us) | Trials | Done 
-------------------------------------------------------------------------------------------------------
  0 | main | 75497472 |      1 |        71.0359 |    1062.8066 |             1062.8066 |     77 |    Y 
-------------------------------------------------------------------------------------------------------
Total trials: 77
Total latency (us): 1062.81

2026-04-07 19:17:05 [INFO] LocalBuilder: max_workers = 12
2026-04-07 19:17:06 [INFO] LocalRunner: max_workers = 1
