2026-04-10 14:01:10 [INFO] [task_scheduler.cc:166] Initializing Task #0: "main"
2026-04-10 14:01:10 [INFO] [task_scheduler.cc:41] 
# from tvm.script import ir as I
# from tvm.script import tir as T

@I.ir_module
class Module:
    @T.prim_func
    def main(A: T.Buffer((64, 768), "float32"), B: T.Buffer((768, 768), "float32"), C: T.Buffer((64, 768), "float32")):
        T.func_attr({"tir.noalias": True})
        # with T.block("root"):
        for i, j, k in T.grid(64, 768, 768):
            with T.block("C"):
                vi, vj, vk = T.axis.remap("SSR", [i, j, k])
                T.reads(A[vi, vk], B[vk, vj])
                T.writes(C[vi, vj])
                with T.init():
                    C[vi, vj] = T.float32(0.0)
                C[vi, vj] = C[vi, vj] + A[vi, vk] * B[vk, vj]
2026-04-10 14:01:10 [INFO] [task_scheduler.cc:170] Total 3 design space(s) generated
2026-04-10 14:01:10 [INFO] [task_scheduler.cc:176] Design space #0:
# from tvm.script import ir as I
# from tvm.script import tir as T

@I.ir_module
class Module:
    @T.prim_func
    def main(A: T.Buffer((64, 768), "float32"), B: T.Buffer((768, 768), "float32"), C: T.Buffer((64, 768), "float32")):
        T.func_attr({"tir.noalias": True})
        with T.block("root"):
            T.reads()
            T.writes()
            T.block_attr({"meta_schedule.parallel": 128, "meta_schedule.unroll_explicit": 0, "meta_schedule.vectorize": 64})
            C_global = T.alloc_buffer((64, 768))
            for i_0, j_0, i_1, j_1 in T.grid(32, 384, 1, 1):
                for k_0, i_2, j_2, k_1, i_3, j_3 in T.grid(64, 1, 2, 12, 2, 1):
                    with T.block("C"):
                        vi = T.axis.spatial(64, i_0 * 2 + i_1 * 2 + i_2 * 2 + i_3)
                        vj = T.axis.spatial(768, j_0 * 2 + j_1 * 2 + j_2 + j_3)
                        vk = T.axis.reduce(768, k_0 * 12 + k_1)
                        T.reads(A[vi, vk], B[vk, vj])
                        T.writes(C_global[vi, vj])
                        T.block_attr({"meta_schedule.tiling_structure": "SSRSRS"})
                        with T.init():
                            C_global[vi, vj] = T.float32(0.0)
                        C_global[vi, vj] = C_global[vi, vj] + A[vi, vk] * B[vk, vj]
                for ax0, ax1 in T.grid(2, 2):
                    with T.block("C_global"):
                        v0 = T.axis.spatial(64, i_0 * 2 + ax0)
                        v1 = T.axis.spatial(768, j_0 * 2 + ax1)
                        T.reads(C_global[v0, v1])
                        T.writes(C[v0, v1])
                        C[v0, v1] = C_global[v0, v1]
b0 = sch.get_block(name="C", func_name="main")
b1 = sch.get_block(name="root", func_name="main")
sch.annotate(block_or_loop=b0, ann_key="meta_schedule.tiling_structure", ann_val="SSRSRS")
l2, l3, l4 = sch.get_loops(block=b0)
v5, v6, v7, v8 = sch.sample_perfect_tile(loop=l2, n=4, max_innermost_factor=64, decision=[32, 1, 1, 2])
l9, l10, l11, l12 = sch.split(loop=l2, factors=[v5, v6, v7, v8], preserve_unit_iters=True, disable_predication=False)
v13, v14, v15, v16 = sch.sample_perfect_tile(loop=l3, n=4, max_innermost_factor=64, decision=[384, 1, 2, 1])
l17, l18, l19, l20 = sch.split(loop=l3, factors=[v13, v14, v15, v16], preserve_unit_iters=True, disable_predication=False)
v21, v22 = sch.sample_perfect_tile(loop=l4, n=2, max_innermost_factor=64, decision=[64, 12])
l23, l24 = sch.split(loop=l4, factors=[v21, v22], preserve_unit_iters=True, disable_predication=False)
sch.reorder(l9, l17, l10, l18, l23, l11, l19, l24, l12, l20)
b25 = sch.cache_write(block=b0, write_buffer_index=0, storage_scope="global")
sch.reverse_compute_at(block=b25, loop=l18, preserve_unit_loops=True, index=-1)
sch.annotate(block_or_loop=b1, ann_key="meta_schedule.parallel", ann_val=128)
sch.annotate(block_or_loop=b1, ann_key="meta_schedule.vectorize", ann_val=64)
v26 = sch.sample_categorical(candidates=[0, 16, 64, 512], probs=[0.25, 0.25, 0.25, 0.25], decision=0)
sch.annotate(block_or_loop=b1, ann_key="meta_schedule.unroll_explicit", ann_val=v26)
2026-04-10 14:01:10 [INFO] [task_scheduler.cc:176] Design space #1:
# from tvm.script import ir as I
# from tvm.script import tir as T

@I.ir_module
class Module:
    @T.prim_func
    def main(A: T.Buffer((64, 768), "float32"), B: T.Buffer((768, 768), "float32"), C: T.Buffer((64, 768), "float32")):
        T.func_attr({"tir.noalias": True})
        with T.block("root"):
            T.reads()
            T.writes()
            T.block_attr({"meta_schedule.parallel": 128, "meta_schedule.unroll_explicit": 16, "meta_schedule.vectorize": 64})
            C_global = T.alloc_buffer((64, 768))
            for i_0, j_0 in T.grid(32, 384):
                for i_1, j_1, k_0, i_2, j_2, k_1, i_3, j_3 in T.grid(1, 1, 64, 1, 2, 12, 2, 1):
                    with T.block("C"):
                        vi = T.axis.spatial(64, i_0 * 2 + i_1 * 2 + i_2 * 2 + i_3)
                        vj = T.axis.spatial(768, j_0 * 2 + j_1 * 2 + j_2 + j_3)
                        vk = T.axis.reduce(768, k_0 * 12 + k_1)
                        T.reads(A[vi, vk], B[vk, vj])
                        T.writes(C_global[vi, vj])
                        T.block_attr({"meta_schedule.tiling_structure": "SSRSRS"})
                        with T.init():
                            C_global[vi, vj] = T.float32(0.0)
                        C_global[vi, vj] = C_global[vi, vj] + A[vi, vk] * B[vk, vj]
                for ax0, ax1 in T.grid(2, 2):
                    with T.block("C_global"):
                        v0 = T.axis.spatial(64, i_0 * 2 + ax0)
                        v1 = T.axis.spatial(768, j_0 * 2 + ax1)
                        T.reads(C_global[v0, v1])
                        T.writes(C[v0, v1])
                        C[v0, v1] = C_global[v0, v1]
b0 = sch.get_block(name="C", func_name="main")
b1 = sch.get_block(name="root", func_name="main")
sch.annotate(block_or_loop=b0, ann_key="meta_schedule.tiling_structure", ann_val="SSRSRS")
l2, l3, l4 = sch.get_loops(block=b0)
v5, v6, v7, v8 = sch.sample_perfect_tile(loop=l2, n=4, max_innermost_factor=64, decision=[32, 1, 1, 2])
l9, l10, l11, l12 = sch.split(loop=l2, factors=[v5, v6, v7, v8], preserve_unit_iters=True, disable_predication=False)
v13, v14, v15, v16 = sch.sample_perfect_tile(loop=l3, n=4, max_innermost_factor=64, decision=[384, 1, 2, 1])
l17, l18, l19, l20 = sch.split(loop=l3, factors=[v13, v14, v15, v16], preserve_unit_iters=True, disable_predication=False)
v21, v22 = sch.sample_perfect_tile(loop=l4, n=2, max_innermost_factor=64, decision=[64, 12])
l23, l24 = sch.split(loop=l4, factors=[v21, v22], preserve_unit_iters=True, disable_predication=False)
sch.reorder(l9, l17, l10, l18, l23, l11, l19, l24, l12, l20)
b25 = sch.cache_write(block=b0, write_buffer_index=0, storage_scope="global")
sch.reverse_compute_at(block=b25, loop=l17, preserve_unit_loops=True, index=-1)
sch.annotate(block_or_loop=b1, ann_key="meta_schedule.parallel", ann_val=128)
sch.annotate(block_or_loop=b1, ann_key="meta_schedule.vectorize", ann_val=64)
v26 = sch.sample_categorical(candidates=[0, 16, 64, 512], probs=[0.25, 0.25, 0.25, 0.25], decision=1)
sch.annotate(block_or_loop=b1, ann_key="meta_schedule.unroll_explicit", ann_val=v26)
2026-04-10 14:01:10 [INFO] [task_scheduler.cc:176] Design space #2:
# from tvm.script import ir as I
# from tvm.script import tir as T

@I.ir_module
class Module:
    @T.prim_func
    def main(A: T.Buffer((64, 768), "float32"), B: T.Buffer((768, 768), "float32"), C: T.Buffer((64, 768), "float32")):
        T.func_attr({"tir.noalias": True})
        with T.block("root"):
            T.reads()
            T.writes()
            T.block_attr({"meta_schedule.parallel": 128, "meta_schedule.unroll_explicit": 16, "meta_schedule.vectorize": 64})
            for i_0, j_0, i_1, j_1, k_0, i_2, j_2, k_1, i_3, j_3 in T.grid(32, 384, 1, 1, 64, 1, 2, 12, 2, 1):
                with T.block("C"):
                    vi = T.axis.spatial(64, i_0 * 2 + i_1 * 2 + i_2 * 2 + i_3)
                    vj = T.axis.spatial(768, j_0 * 2 + j_1 * 2 + j_2 + j_3)
                    vk = T.axis.reduce(768, k_0 * 12 + k_1)
                    T.reads(A[vi, vk], B[vk, vj])
                    T.writes(C[vi, vj])
                    T.block_attr({"meta_schedule.tiling_structure": "SSRSRS"})
                    with T.init():
                        C[vi, vj] = T.float32(0.0)
                    C[vi, vj] = C[vi, vj] + A[vi, vk] * B[vk, vj]
b0 = sch.get_block(name="C", func_name="main")
b1 = sch.get_block(name="root", func_name="main")
sch.annotate(block_or_loop=b0, ann_key="meta_schedule.tiling_structure", ann_val="SSRSRS")
l2, l3, l4 = sch.get_loops(block=b0)
v5, v6, v7, v8 = sch.sample_perfect_tile(loop=l2, n=4, max_innermost_factor=64, decision=[32, 1, 1, 2])
l9, l10, l11, l12 = sch.split(loop=l2, factors=[v5, v6, v7, v8], preserve_unit_iters=True, disable_predication=False)
v13, v14, v15, v16 = sch.sample_perfect_tile(loop=l3, n=4, max_innermost_factor=64, decision=[384, 1, 2, 1])
l17, l18, l19, l20 = sch.split(loop=l3, factors=[v13, v14, v15, v16], preserve_unit_iters=True, disable_predication=False)
v21, v22 = sch.sample_perfect_tile(loop=l4, n=2, max_innermost_factor=64, decision=[64, 12])
l23, l24 = sch.split(loop=l4, factors=[v21, v22], preserve_unit_iters=True, disable_predication=False)
sch.reorder(l9, l17, l10, l18, l23, l11, l19, l24, l12, l20)
sch.annotate(block_or_loop=b1, ann_key="meta_schedule.parallel", ann_val=128)
sch.annotate(block_or_loop=b1, ann_key="meta_schedule.vectorize", ann_val=64)
v25 = sch.sample_categorical(candidates=[0, 16, 64, 512], probs=[0.25, 0.25, 0.25, 0.25], decision=1)
sch.annotate(block_or_loop=b1, ann_key="meta_schedule.unroll_explicit", ann_val=v25)
2026-04-10 14:01:10 [INFO] [evolutionary_search.cc:711] Generating candidates......
2026-04-10 14:01:10 [INFO] [evolutionary_search.cc:713] Picked top 0 candidate(s) from database
2026-04-10 14:01:10 [INFO] [evolutionary_search.cc:530] Sample-Init-Population summary:
Postproc #0 [meta_schedule.DisallowDynamicLoop(0x5cca896e9ca8)]: 0 failure(s)
Postproc #1 [meta_schedule.RewriteParallelVectorizeUnroll(0x5cca89aca0f8)]: 0 failure(s)
Postproc #2 [meta_schedule.RewriteReductionBlock(0x5cca89d4b8c8)]: 0 failure(s)
Postproc #3 [meta_schedule.RewriteLayout(0x5cca89826908)]: 0 failure(s)
2026-04-10 14:01:10 [INFO] [evolutionary_search.cc:721] Sampled 384 candidate(s)
2026-04-10 14:01:10 [INFO] [evolutionary_search.cc:619] Evolve iter #0 done. Summary:
Postproc #0 [meta_schedule.DisallowDynamicLoop(0x5cca896e9ca8)]: 0 failure(s)
Postproc #1 [meta_schedule.RewriteParallelVectorizeUnroll(0x5cca89aca0f8)]: 0 failure(s)
Postproc #2 [meta_schedule.RewriteReductionBlock(0x5cca89d4b8c8)]: 0 failure(s)
Postproc #3 [meta_schedule.RewriteLayout(0x5cca89826908)]: 0 failure(s)
2026-04-10 14:01:11 [INFO] [evolutionary_search.cc:619] Evolve iter #1 done. Summary:
Postproc #0 [meta_schedule.DisallowDynamicLoop(0x5cca896e9ca8)]: 0 failure(s)
Postproc #1 [meta_schedule.RewriteParallelVectorizeUnroll(0x5cca89aca0f8)]: 0 failure(s)
Postproc #2 [meta_schedule.RewriteReductionBlock(0x5cca89d4b8c8)]: 0 failure(s)
Postproc #3 [meta_schedule.RewriteLayout(0x5cca89826908)]: 0 failure(s)
2026-04-10 14:01:11 [INFO] [evolutionary_search.cc:619] Evolve iter #2 done. Summary:
Postproc #0 [meta_schedule.DisallowDynamicLoop(0x5cca896e9ca8)]: 0 failure(s)
Postproc #1 [meta_schedule.RewriteParallelVectorizeUnroll(0x5cca89aca0f8)]: 0 failure(s)
Postproc #2 [meta_schedule.RewriteReductionBlock(0x5cca89d4b8c8)]: 0 failure(s)
Postproc #3 [meta_schedule.RewriteLayout(0x5cca89826908)]: 0 failure(s)
2026-04-10 14:01:11 [INFO] [evolutionary_search.cc:647] Scores of the best 64 candidates:
[1 : 16]:	0.9997  0.9963  0.9956  0.9956  0.9955  0.9955  0.9935  0.9915  0.9904  0.9900  0.9895  0.9872  0.9871  0.9871  0.9870  0.9861
[17 : 32]:	0.9859  0.9855  0.9852  0.9848  0.9847  0.9826  0.9806  0.9805  0.9802  0.9797  0.9795  0.9794  0.9788  0.9782  0.9781  0.9780
[33 : 48]:	0.9779  0.9770  0.9766  0.9764  0.9746  0.9740  0.9722  0.9720  0.9673  0.9670  0.9642  0.9617  0.9602  0.9600  0.9576  0.9574
[49 : 64]:	0.9569  0.9567  0.9566  0.9563  0.9559  0.9552  0.9503  0.9503  0.9502  0.9501  0.9487  0.9486  0.9482  0.9473  0.9469  0.9468
2026-04-10 14:01:11 [INFO] [evolutionary_search.cc:725] Got 64 candidate(s) with evolutionary search
2026-04-10 14:01:11 [INFO] [evolutionary_search.cc:728] Sending 64 candidates(s) for measurement
2026-04-10 14:01:34 [INFO] [task_scheduler.cc:137] [Task #0: main] Trial #1: GFLOPs: 39.5572. Time: 1908.5669 us. Best GFLOPs: 39.5572
2026-04-10 14:01:34 [INFO] [task_scheduler.cc:137] [Task #0: main] Trial #2: GFLOPs: 32.9114. Time: 2293.9606 us. Best GFLOPs: 39.5572
2026-04-10 14:01:34 [INFO] [task_scheduler.cc:137] [Task #0: main] Trial #3: GFLOPs: 51.1100. Time: 1477.1561 us. Best GFLOPs: 51.1100
2026-04-10 14:01:34 [INFO] [task_scheduler.cc:137] [Task #0: main] Trial #4: GFLOPs: 82.7552. Time: 912.2989 us. Best GFLOPs: 82.7552
2026-04-10 14:01:34 [INFO] [task_scheduler.cc:137] [Task #0: main] Trial #5: GFLOPs: 74.2470. Time: 1016.8423 us. Best GFLOPs: 82.7552
2026-04-10 14:01:34 [INFO] [task_scheduler.cc:137] [Task #0: main] Trial #6: GFLOPs: 23.9360. Time: 3154.1389 us. Best GFLOPs: 82.7552
2026-04-10 14:01:34 [INFO] [task_scheduler.cc:137] [Task #0: main] Trial #7: GFLOPs: 12.0742. Time: 6252.8083 us. Best GFLOPs: 82.7552
2026-04-10 14:01:34 [INFO] [task_scheduler.cc:137] [Task #0: main] Trial #8: GFLOPs: 16.9055. Time: 4465.8562 us. Best GFLOPs: 82.7552
2026-04-10 14:01:34 [INFO] [task_scheduler.cc:137] [Task #0: main] Trial #9: GFLOPs: 24.8706. Time: 3035.6104 us. Best GFLOPs: 82.7552
2026-04-10 14:01:34 [INFO] [task_scheduler.cc:137] [Task #0: main] Trial #10: GFLOPs: 45.1323. Time: 1672.8025 us. Best GFLOPs: 82.7552
2026-04-10 14:01:34 [INFO] [task_scheduler.cc:137] [Task #0: main] Trial #11: GFLOPs: 20.8620. Time: 3618.9067 us. Best GFLOPs: 82.7552
2026-04-10 14:01:34 [INFO] [task_scheduler.cc:137] [Task #0: main] Trial #12: GFLOPs: 39.9831. Time: 1888.2336 us. Best GFLOPs: 82.7552
2026-04-10 14:01:34 [INFO] [task_scheduler.cc:137] [Task #0: main] Trial #13: GFLOPs: 31.5683. Time: 2391.5611 us. Best GFLOPs: 82.7552
2026-04-10 14:01:34 [INFO] [task_scheduler.cc:137] [Task #0: main] Trial #14: GFLOPs: 23.3613. Time: 3231.7301 us. Best GFLOPs: 82.7552
2026-04-10 14:01:34 [INFO] [task_scheduler.cc:137] [Task #0: main] Trial #15: GFLOPs: 30.3961. Time: 2483.7902 us. Best GFLOPs: 82.7552
2026-04-10 14:01:34 [INFO] [task_scheduler.cc:137] [Task #0: main] Trial #16: GFLOPs: 10.6294. Time: 7102.6747 us. Best GFLOPs: 82.7552
2026-04-10 14:01:34 [INFO] [task_scheduler.cc:137] [Task #0: main] Trial #17: GFLOPs: 22.7271. Time: 3321.9164 us. Best GFLOPs: 82.7552
2026-04-10 14:01:34 [INFO] [task_scheduler.cc:137] [Task #0: main] Trial #18: GFLOPs: 29.9960. Time: 2516.9152 us. Best GFLOPs: 82.7552
2026-04-10 14:01:34 [INFO] [task_scheduler.cc:137] [Task #0: main] Trial #19: GFLOPs: 71.9093. Time: 1049.8991 us. Best GFLOPs: 82.7552
2026-04-10 14:01:34 [INFO] [task_scheduler.cc:137] [Task #0: main] Trial #20: GFLOPs: 18.6047. Time: 4057.9872 us. Best GFLOPs: 82.7552
2026-04-10 14:01:34 [INFO] [task_scheduler.cc:137] [Task #0: main] Trial #21: GFLOPs: 75.7736. Time: 996.3557 us. Best GFLOPs: 82.7552
2026-04-10 14:01:34 [INFO] [task_scheduler.cc:137] [Task #0: main] Trial #22: GFLOPs: 31.5064. Time: 2396.2569 us. Best GFLOPs: 82.7552
2026-04-10 14:01:34 [INFO] [task_scheduler.cc:137] [Task #0: main] Trial #23: GFLOPs: 31.6978. Time: 2381.7908 us. Best GFLOPs: 82.7552
2026-04-10 14:01:34 [INFO] [task_scheduler.cc:137] [Task #0: main] Trial #24: GFLOPs: 81.2205. Time: 929.5370 us. Best GFLOPs: 82.7552
2026-04-10 14:01:34 [INFO] [task_scheduler.cc:137] [Task #0: main] Trial #25: GFLOPs: 34.2870. Time: 2201.9271 us. Best GFLOPs: 82.7552
2026-04-10 14:01:34 [INFO] [task_scheduler.cc:137] [Task #0: main] Trial #26: GFLOPs: 14.1513. Time: 5335.0291 us. Best GFLOPs: 82.7552
2026-04-10 14:01:34 [INFO] [task_scheduler.cc:137] [Task #0: main] Trial #27: GFLOPs: 25.9027. Time: 2914.6546 us. Best GFLOPs: 82.7552
2026-04-10 14:01:34 [INFO] [task_scheduler.cc:137] [Task #0: main] Trial #28: GFLOPs: 57.9089. Time: 1303.7283 us. Best GFLOPs: 82.7552
2026-04-10 14:01:34 [INFO] [task_scheduler.cc:137] [Task #0: main] Trial #29: GFLOPs: 35.0350. Time: 2154.9186 us. Best GFLOPs: 82.7552
2026-04-10 14:01:34 [INFO] [task_scheduler.cc:137] [Task #0: main] Trial #30: GFLOPs: 13.3825. Time: 5641.4999 us. Best GFLOPs: 82.7552
2026-04-10 14:01:34 [INFO] [task_scheduler.cc:137] [Task #0: main] Trial #31: GFLOPs: 25.2247. Time: 2992.9979 us. Best GFLOPs: 82.7552
2026-04-10 14:01:34 [INFO] [task_scheduler.cc:137] [Task #0: main] Trial #32: GFLOPs: 24.2516. Time: 3113.0892 us. Best GFLOPs: 82.7552
2026-04-10 14:01:34 [INFO] [task_scheduler.cc:137] [Task #0: main] Trial #33: GFLOPs: 45.6773. Time: 1652.8449 us. Best GFLOPs: 82.7552
2026-04-10 14:01:34 [INFO] [task_scheduler.cc:137] [Task #0: main] Trial #34: GFLOPs: 48.3818. Time: 1560.4526 us. Best GFLOPs: 82.7552
2026-04-10 14:01:34 [INFO] [task_scheduler.cc:137] [Task #0: main] Trial #35: GFLOPs: 65.1517. Time: 1158.7945 us. Best GFLOPs: 82.7552
2026-04-10 14:01:34 [INFO] [task_scheduler.cc:137] [Task #0: main] Trial #36: GFLOPs: 59.6408. Time: 1265.8693 us. Best GFLOPs: 82.7552
2026-04-10 14:01:34 [INFO] [task_scheduler.cc:137] [Task #0: main] Trial #37: GFLOPs: 50.1704. Time: 1504.8217 us. Best GFLOPs: 82.7552
2026-04-10 14:01:34 [INFO] [task_scheduler.cc:137] [Task #0: main] Trial #38: GFLOPs: 62.3966. Time: 1209.9611 us. Best GFLOPs: 82.7552
2026-04-10 14:01:34 [INFO] [task_scheduler.cc:137] [Task #0: main] Trial #39: GFLOPs: 76.3990. Time: 988.2003 us. Best GFLOPs: 82.7552
2026-04-10 14:01:34 [INFO] [task_scheduler.cc:137] [Task #0: main] Trial #40: GFLOPs: 20.8288. Time: 3624.6592 us. Best GFLOPs: 82.7552
2026-04-10 14:01:34 [INFO] [task_scheduler.cc:137] [Task #0: main] Trial #41: GFLOPs: 27.7250. Time: 2723.0782 us. Best GFLOPs: 82.7552
2026-04-10 14:01:34 [INFO] [task_scheduler.cc:137] [Task #0: main] Trial #42: GFLOPs: 51.3293. Time: 1470.8449 us. Best GFLOPs: 82.7552
2026-04-10 14:01:34 [INFO] [task_scheduler.cc:137] [Task #0: main] Trial #43: GFLOPs: 6.8920. Time: 10954.3823 us. Best GFLOPs: 82.7552
2026-04-10 14:01:34 [INFO] [task_scheduler.cc:137] [Task #0: main] Trial #44: GFLOPs: 90.0869. Time: 838.0516 us. Best GFLOPs: 90.0869
2026-04-10 14:01:34 [INFO] [task_scheduler.cc:137] [Task #0: main] Trial #45: GFLOPs: 78.3183. Time: 963.9826 us. Best GFLOPs: 90.0869
2026-04-10 14:01:34 [INFO] [task_scheduler.cc:137] [Task #0: main] Trial #46: GFLOPs: 34.7716. Time: 2171.2410 us. Best GFLOPs: 90.0869
2026-04-10 14:01:34 [INFO] [task_scheduler.cc:137] [Task #0: main] Trial #47: GFLOPs: 21.5976. Time: 3495.6371 us. Best GFLOPs: 90.0869
2026-04-10 14:01:34 [INFO] [task_scheduler.cc:137] [Task #0: main] Trial #48: GFLOPs: 13.6428. Time: 5533.8499 us. Best GFLOPs: 90.0869
2026-04-10 14:01:34 [INFO] [task_scheduler.cc:137] [Task #0: main] Trial #49: GFLOPs: 24.5055. Time: 3080.8404 us. Best GFLOPs: 90.0869
2026-04-10 14:01:34 [INFO] [task_scheduler.cc:137] [Task #0: main] Trial #50: GFLOPs: 51.1895. Time: 1474.8616 us. Best GFLOPs: 90.0869
2026-04-10 14:01:34 [INFO] [task_scheduler.cc:137] [Task #0: main] Trial #51: GFLOPs: 18.7891. Time: 4018.1562 us. Best GFLOPs: 90.0869
2026-04-10 14:01:34 [INFO] [task_scheduler.cc:137] [Task #0: main] Trial #52: GFLOPs: 58.8790. Time: 1282.2486 us. Best GFLOPs: 90.0869
2026-04-10 14:01:34 [INFO] [task_scheduler.cc:137] [Task #0: main] Trial #53: GFLOPs: 32.5692. Time: 2318.0638 us. Best GFLOPs: 90.0869
2026-04-10 14:01:34 [INFO] [task_scheduler.cc:137] [Task #0: main] Trial #54: GFLOPs: 48.9948. Time: 1540.9280 us. Best GFLOPs: 90.0869
2026-04-10 14:01:34 [INFO] [task_scheduler.cc:137] [Task #0: main] Trial #55: GFLOPs: 17.1722. Time: 4396.4935 us. Best GFLOPs: 90.0869
2026-04-10 14:01:34 [INFO] [task_scheduler.cc:137] [Task #0: main] Trial #56: GFLOPs: 82.4124. Time: 916.0930 us. Best GFLOPs: 90.0869
2026-04-10 14:01:34 [INFO] [task_scheduler.cc:137] [Task #0: main] Trial #57: GFLOPs: 30.4993. Time: 2475.3844 us. Best GFLOPs: 90.0869
2026-04-10 14:01:34 [INFO] [task_scheduler.cc:137] [Task #0: main] Trial #58: GFLOPs: 85.3999. Time: 884.0469 us. Best GFLOPs: 90.0869
2026-04-10 14:01:34 [INFO] [task_scheduler.cc:137] [Task #0: main] Trial #59: GFLOPs: 18.7777. Time: 4020.5964 us. Best GFLOPs: 90.0869
2026-04-10 14:01:34 [INFO] [task_scheduler.cc:137] [Task #0: main] Trial #60: GFLOPs: 52.5701. Time: 1436.1290 us. Best GFLOPs: 90.0869
2026-04-10 14:01:34 [INFO] [task_scheduler.cc:137] [Task #0: main] Trial #61: GFLOPs: 33.2447. Time: 2270.9622 us. Best GFLOPs: 90.0869
2026-04-10 14:01:34 [INFO] [task_scheduler.cc:137] [Task #0: main] Trial #62: GFLOPs: 40.6875. Time: 1855.5465 us. Best GFLOPs: 90.0869
2026-04-10 14:01:34 [INFO] [task_scheduler.cc:137] [Task #0: main] Trial #63: GFLOPs: 67.1939. Time: 1123.5761 us. Best GFLOPs: 90.0869
2026-04-10 14:01:34 [INFO] [task_scheduler.cc:137] [Task #0: main] Trial #64: GFLOPs: 58.7203. Time: 1285.7131 us. Best GFLOPs: 90.0869
2026-04-10 15:05:49 [INFO] [task_scheduler.cc:166] Initializing Task #0: "main"
2026-04-10 15:05:49 [INFO] [task_scheduler.cc:41] 
# from tvm.script import ir as I
# from tvm.script import tir as T

@I.ir_module
class Module:
    @T.prim_func
    def main(A: T.Buffer((64, 768), "float32"), B: T.Buffer((768, 768), "float32"), C: T.Buffer((64, 768), "float32")):
        T.func_attr({"tir.noalias": True})
        # with T.block("root"):
        for i, j, k in T.grid(64, 768, 768):
            with T.block("C"):
                vi, vj, vk = T.axis.remap("SSR", [i, j, k])
                T.reads(A[vi, vk], B[vk, vj])
                T.writes(C[vi, vj])
                with T.init():
                    C[vi, vj] = T.float32(0.0)
                C[vi, vj] = C[vi, vj] + A[vi, vk] * B[vk, vj]
2026-04-10 15:05:49 [INFO] [task_scheduler.cc:170] Total 3 design space(s) generated
2026-04-10 15:05:49 [INFO] [task_scheduler.cc:176] Design space #0:
# from tvm.script import ir as I
# from tvm.script import tir as T

@I.ir_module
class Module:
    @T.prim_func
    def main(A: T.Buffer((64, 768), "float32"), B: T.Buffer((768, 768), "float32"), C: T.Buffer((64, 768), "float32")):
        T.func_attr({"tir.noalias": True})
        with T.block("root"):
            T.reads()
            T.writes()
            T.block_attr({"meta_schedule.parallel": 128, "meta_schedule.unroll_explicit": 64, "meta_schedule.vectorize": 64})
            C_global = T.alloc_buffer((64, 768))
            for i_0, j_0, i_1, j_1 in T.grid(2, 8, 1, 12):
                for k_0, i_2, j_2, k_1, i_3, j_3 in T.grid(768, 2, 1, 1, 16, 8):
                    with T.block("C"):
                        vi = T.axis.spatial(64, i_0 * 32 + i_1 * 32 + i_2 * 16 + i_3)
                        vj = T.axis.spatial(768, j_0 * 96 + j_1 * 8 + j_2 * 8 + j_3)
                        vk = T.axis.reduce(768, k_0 + k_1)
                        T.reads(A[vi, vk], B[vk, vj])
                        T.writes(C_global[vi, vj])
                        T.block_attr({"meta_schedule.tiling_structure": "SSRSRS"})
                        with T.init():
                            C_global[vi, vj] = T.float32(0.0)
                        C_global[vi, vj] = C_global[vi, vj] + A[vi, vk] * B[vk, vj]
                for ax0, ax1 in T.grid(32, 8):
                    with T.block("C_global"):
                        v0 = T.axis.spatial(64, i_0 * 32 + ax0)
                        v1 = T.axis.spatial(768, j_0 * 96 + j_1 * 8 + ax1)
                        T.reads(C_global[v0, v1])
                        T.writes(C[v0, v1])
                        C[v0, v1] = C_global[v0, v1]
b0 = sch.get_block(name="C", func_name="main")
b1 = sch.get_block(name="root", func_name="main")
sch.annotate(block_or_loop=b0, ann_key="meta_schedule.tiling_structure", ann_val="SSRSRS")
l2, l3, l4 = sch.get_loops(block=b0)
v5, v6, v7, v8 = sch.sample_perfect_tile(loop=l2, n=4, max_innermost_factor=64, decision=[2, 1, 2, 16])
l9, l10, l11, l12 = sch.split(loop=l2, factors=[v5, v6, v7, v8], preserve_unit_iters=True, disable_predication=False)
v13, v14, v15, v16 = sch.sample_perfect_tile(loop=l3, n=4, max_innermost_factor=64, decision=[8, 12, 1, 8])
l17, l18, l19, l20 = sch.split(loop=l3, factors=[v13, v14, v15, v16], preserve_unit_iters=True, disable_predication=False)
v21, v22 = sch.sample_perfect_tile(loop=l4, n=2, max_innermost_factor=64, decision=[768, 1])
l23, l24 = sch.split(loop=l4, factors=[v21, v22], preserve_unit_iters=True, disable_predication=False)
sch.reorder(l9, l17, l10, l18, l23, l11, l19, l24, l12, l20)
b25 = sch.cache_write(block=b0, write_buffer_index=0, storage_scope="global")
sch.reverse_compute_at(block=b25, loop=l18, preserve_unit_loops=True, index=-1)
sch.annotate(block_or_loop=b1, ann_key="meta_schedule.parallel", ann_val=128)
sch.annotate(block_or_loop=b1, ann_key="meta_schedule.vectorize", ann_val=64)
v26 = sch.sample_categorical(candidates=[0, 16, 64, 512], probs=[0.25, 0.25, 0.25, 0.25], decision=2)
sch.annotate(block_or_loop=b1, ann_key="meta_schedule.unroll_explicit", ann_val=v26)
2026-04-10 15:05:49 [INFO] [task_scheduler.cc:176] Design space #1:
# from tvm.script import ir as I
# from tvm.script import tir as T

@I.ir_module
class Module:
    @T.prim_func
    def main(A: T.Buffer((64, 768), "float32"), B: T.Buffer((768, 768), "float32"), C: T.Buffer((64, 768), "float32")):
        T.func_attr({"tir.noalias": True})
        with T.block("root"):
            T.reads()
            T.writes()
            T.block_attr({"meta_schedule.parallel": 128, "meta_schedule.unroll_explicit": 0, "meta_schedule.vectorize": 64})
            C_global = T.alloc_buffer((64, 768))
            for i_0, j_0 in T.grid(2, 8):
                for i_1, j_1, k_0, i_2, j_2, k_1, i_3, j_3 in T.grid(1, 12, 768, 2, 1, 1, 16, 8):
                    with T.block("C"):
                        vi = T.axis.spatial(64, i_0 * 32 + i_1 * 32 + i_2 * 16 + i_3)
                        vj = T.axis.spatial(768, j_0 * 96 + j_1 * 8 + j_2 * 8 + j_3)
                        vk = T.axis.reduce(768, k_0 + k_1)
                        T.reads(A[vi, vk], B[vk, vj])
                        T.writes(C_global[vi, vj])
                        T.block_attr({"meta_schedule.tiling_structure": "SSRSRS"})
                        with T.init():
                            C_global[vi, vj] = T.float32(0.0)
                        C_global[vi, vj] = C_global[vi, vj] + A[vi, vk] * B[vk, vj]
                for ax0, ax1 in T.grid(32, 96):
                    with T.block("C_global"):
                        v0 = T.axis.spatial(64, i_0 * 32 + ax0)
                        v1 = T.axis.spatial(768, j_0 * 96 + ax1)
                        T.reads(C_global[v0, v1])
                        T.writes(C[v0, v1])
                        C[v0, v1] = C_global[v0, v1]
b0 = sch.get_block(name="C", func_name="main")
b1 = sch.get_block(name="root", func_name="main")
sch.annotate(block_or_loop=b0, ann_key="meta_schedule.tiling_structure", ann_val="SSRSRS")
l2, l3, l4 = sch.get_loops(block=b0)
v5, v6, v7, v8 = sch.sample_perfect_tile(loop=l2, n=4, max_innermost_factor=64, decision=[2, 1, 2, 16])
l9, l10, l11, l12 = sch.split(loop=l2, factors=[v5, v6, v7, v8], preserve_unit_iters=True, disable_predication=False)
v13, v14, v15, v16 = sch.sample_perfect_tile(loop=l3, n=4, max_innermost_factor=64, decision=[8, 12, 1, 8])
l17, l18, l19, l20 = sch.split(loop=l3, factors=[v13, v14, v15, v16], preserve_unit_iters=True, disable_predication=False)
v21, v22 = sch.sample_perfect_tile(loop=l4, n=2, max_innermost_factor=64, decision=[768, 1])
l23, l24 = sch.split(loop=l4, factors=[v21, v22], preserve_unit_iters=True, disable_predication=False)
sch.reorder(l9, l17, l10, l18, l23, l11, l19, l24, l12, l20)
b25 = sch.cache_write(block=b0, write_buffer_index=0, storage_scope="global")
sch.reverse_compute_at(block=b25, loop=l17, preserve_unit_loops=True, index=-1)
sch.annotate(block_or_loop=b1, ann_key="meta_schedule.parallel", ann_val=128)
sch.annotate(block_or_loop=b1, ann_key="meta_schedule.vectorize", ann_val=64)
v26 = sch.sample_categorical(candidates=[0, 16, 64, 512], probs=[0.25, 0.25, 0.25, 0.25], decision=0)
sch.annotate(block_or_loop=b1, ann_key="meta_schedule.unroll_explicit", ann_val=v26)
2026-04-10 15:05:49 [INFO] [task_scheduler.cc:176] Design space #2:
# from tvm.script import ir as I
# from tvm.script import tir as T

@I.ir_module
class Module:
    @T.prim_func
    def main(A: T.Buffer((64, 768), "float32"), B: T.Buffer((768, 768), "float32"), C: T.Buffer((64, 768), "float32")):
        T.func_attr({"tir.noalias": True})
        with T.block("root"):
            T.reads()
            T.writes()
            T.block_attr({"meta_schedule.parallel": 128, "meta_schedule.unroll_explicit": 64, "meta_schedule.vectorize": 64})
            for i_0, j_0, i_1, j_1, k_0, i_2, j_2, k_1, i_3, j_3 in T.grid(2, 8, 1, 12, 768, 2, 1, 1, 16, 8):
                with T.block("C"):
                    vi = T.axis.spatial(64, i_0 * 32 + i_1 * 32 + i_2 * 16 + i_3)
                    vj = T.axis.spatial(768, j_0 * 96 + j_1 * 8 + j_2 * 8 + j_3)
                    vk = T.axis.reduce(768, k_0 + k_1)
                    T.reads(A[vi, vk], B[vk, vj])
                    T.writes(C[vi, vj])
                    T.block_attr({"meta_schedule.tiling_structure": "SSRSRS"})
                    with T.init():
                        C[vi, vj] = T.float32(0.0)
                    C[vi, vj] = C[vi, vj] + A[vi, vk] * B[vk, vj]
b0 = sch.get_block(name="C", func_name="main")
b1 = sch.get_block(name="root", func_name="main")
sch.annotate(block_or_loop=b0, ann_key="meta_schedule.tiling_structure", ann_val="SSRSRS")
l2, l3, l4 = sch.get_loops(block=b0)
v5, v6, v7, v8 = sch.sample_perfect_tile(loop=l2, n=4, max_innermost_factor=64, decision=[2, 1, 2, 16])
l9, l10, l11, l12 = sch.split(loop=l2, factors=[v5, v6, v7, v8], preserve_unit_iters=True, disable_predication=False)
v13, v14, v15, v16 = sch.sample_perfect_tile(loop=l3, n=4, max_innermost_factor=64, decision=[8, 12, 1, 8])
l17, l18, l19, l20 = sch.split(loop=l3, factors=[v13, v14, v15, v16], preserve_unit_iters=True, disable_predication=False)
v21, v22 = sch.sample_perfect_tile(loop=l4, n=2, max_innermost_factor=64, decision=[768, 1])
l23, l24 = sch.split(loop=l4, factors=[v21, v22], preserve_unit_iters=True, disable_predication=False)
sch.reorder(l9, l17, l10, l18, l23, l11, l19, l24, l12, l20)
sch.annotate(block_or_loop=b1, ann_key="meta_schedule.parallel", ann_val=128)
sch.annotate(block_or_loop=b1, ann_key="meta_schedule.vectorize", ann_val=64)
v25 = sch.sample_categorical(candidates=[0, 16, 64, 512], probs=[0.25, 0.25, 0.25, 0.25], decision=2)
sch.annotate(block_or_loop=b1, ann_key="meta_schedule.unroll_explicit", ann_val=v25)
2026-04-10 15:05:49 [INFO] [evolutionary_search.cc:711] Generating candidates......
2026-04-10 15:05:49 [INFO] [evolutionary_search.cc:713] Picked top 64 candidate(s) from database
2026-04-10 15:05:49 [INFO] [evolutionary_search.cc:530] Sample-Init-Population summary:
Postproc #0 [meta_schedule.DisallowDynamicLoop(0x576591998618)]: 0 failure(s)
Postproc #1 [meta_schedule.RewriteParallelVectorizeUnroll(0x576591a47628)]: 0 failure(s)
Postproc #2 [meta_schedule.RewriteReductionBlock(0x576591ac1248)]: 0 failure(s)
Postproc #3 [meta_schedule.RewriteLayout(0x5765919c0bc8)]: 0 failure(s)
2026-04-10 15:05:49 [INFO] [evolutionary_search.cc:721] Sampled 396 candidate(s)
2026-04-10 15:05:50 [INFO] [evolutionary_search.cc:619] Evolve iter #0 done. Summary:
Postproc #0 [meta_schedule.DisallowDynamicLoop(0x576591998618)]: 0 failure(s)
Postproc #1 [meta_schedule.RewriteParallelVectorizeUnroll(0x576591a47628)]: 0 failure(s)
Postproc #2 [meta_schedule.RewriteReductionBlock(0x576591ac1248)]: 0 failure(s)
Postproc #3 [meta_schedule.RewriteLayout(0x5765919c0bc8)]: 0 failure(s)
2026-04-10 15:05:50 [INFO] [evolutionary_search.cc:619] Evolve iter #1 done. Summary:
Postproc #0 [meta_schedule.DisallowDynamicLoop(0x576591998618)]: 0 failure(s)
Postproc #1 [meta_schedule.RewriteParallelVectorizeUnroll(0x576591a47628)]: 0 failure(s)
Postproc #2 [meta_schedule.RewriteReductionBlock(0x576591ac1248)]: 0 failure(s)
Postproc #3 [meta_schedule.RewriteLayout(0x5765919c0bc8)]: 0 failure(s)
2026-04-10 15:05:50 [INFO] [evolutionary_search.cc:619] Evolve iter #2 done. Summary:
Postproc #0 [meta_schedule.DisallowDynamicLoop(0x576591998618)]: 0 failure(s)
Postproc #1 [meta_schedule.RewriteParallelVectorizeUnroll(0x576591a47628)]: 0 failure(s)
Postproc #2 [meta_schedule.RewriteReductionBlock(0x576591ac1248)]: 0 failure(s)
Postproc #3 [meta_schedule.RewriteLayout(0x5765919c0bc8)]: 0 failure(s)
2026-04-10 15:05:50 [INFO] [evolutionary_search.cc:647] Scores of the best 64 candidates:
[1 : 16]:	0.9989  0.9989  0.9983  0.9970  0.9967  0.9942  0.9941  0.9928  0.9924  0.9923  0.9918  0.9918  0.9918  0.9901  0.9897  0.9891
[17 : 32]:	0.9888  0.9887  0.9867  0.9855  0.9845  0.9829  0.9828  0.9825  0.9812  0.9801  0.9801  0.9783  0.9769  0.9765  0.9760  0.9751
[33 : 48]:	0.9748  0.9744  0.9742  0.9730  0.9723  0.9713  0.9696  0.9685  0.9678  0.9676  0.9674  0.9668  0.9657  0.9647  0.9644  0.9643
[49 : 64]:	0.9640  0.9637  0.9629  0.9629  0.9628  0.9628  0.9614  0.9614  0.9608  0.9605  0.9600  0.9562  0.9549  0.9542  0.9542  0.9533
2026-04-10 15:05:50 [INFO] [evolutionary_search.cc:725] Got 64 candidate(s) with evolutionary search
2026-04-10 15:05:50 [INFO] [evolutionary_search.cc:728] Sending 64 candidates(s) for measurement
2026-04-10 15:06:17 [INFO] [task_scheduler.cc:137] [Task #0: main] Trial #1: GFLOPs: 48.7981. Time: 1547.1396 us. Best GFLOPs: 48.7981
2026-04-10 15:06:17 [INFO] [task_scheduler.cc:137] [Task #0: main] Trial #2: GFLOPs: 36.0987. Time: 2091.4174 us. Best GFLOPs: 48.7981
2026-04-10 15:06:17 [INFO] [task_scheduler.cc:137] [Task #0: main] Trial #3: GFLOPs: 50.7050. Time: 1488.9537 us. Best GFLOPs: 50.7050
2026-04-10 15:06:17 [INFO] [task_scheduler.cc:137] [Task #0: main] Trial #4: GFLOPs: 20.1058. Time: 3755.0011 us. Best GFLOPs: 50.7050
2026-04-10 15:06:17 [INFO] [task_scheduler.cc:137] [Task #0: main] Trial #5: GFLOPs: 24.2673. Time: 3111.0847 us. Best GFLOPs: 50.7050
2026-04-10 15:06:17 [INFO] [task_scheduler.cc:137] [Task #0: main] Trial #6: GFLOPs: 24.8943. Time: 3032.7195 us. Best GFLOPs: 50.7050
2026-04-10 15:06:17 [INFO] [task_scheduler.cc:137] [Task #0: main] Trial #7: GFLOPs: 25.6654. Time: 2941.6042 us. Best GFLOPs: 50.7050
2026-04-10 15:06:17 [INFO] [task_scheduler.cc:137] [Task #0: main] Trial #8: GFLOPs: 54.0634. Time: 1396.4615 us. Best GFLOPs: 54.0634
2026-04-10 15:06:17 [INFO] [task_scheduler.cc:137] [Task #0: main] Trial #9: GFLOPs: 20.5365. Time: 3676.2501 us. Best GFLOPs: 54.0634
2026-04-10 15:06:17 [INFO] [task_scheduler.cc:137] [Task #0: main] Trial #10: GFLOPs: 38.2966. Time: 1971.3890 us. Best GFLOPs: 54.0634
2026-04-10 15:06:17 [INFO] [task_scheduler.cc:137] [Task #0: main] Trial #11: GFLOPs: 24.9267. Time: 3028.7761 us. Best GFLOPs: 54.0634
2026-04-10 15:06:17 [INFO] [task_scheduler.cc:137] [Task #0: main] Trial #12: GFLOPs: 27.0488. Time: 2791.1563 us. Best GFLOPs: 54.0634
2026-04-10 15:06:17 [INFO] [task_scheduler.cc:137] [Task #0: main] Trial #13: GFLOPs: 33.9144. Time: 2226.1190 us. Best GFLOPs: 54.0634
2026-04-10 15:06:17 [INFO] [task_scheduler.cc:137] [Task #0: main] Trial #14: GFLOPs: 22.0217. Time: 3428.3251 us. Best GFLOPs: 54.0634
2026-04-10 15:06:17 [INFO] [task_scheduler.cc:137] [Task #0: main] Trial #15: GFLOPs: 28.6641. Time: 2633.8692 us. Best GFLOPs: 54.0634
2026-04-10 15:06:17 [INFO] [task_scheduler.cc:137] [Task #0: main] Trial #16: GFLOPs: 70.9994. Time: 1063.3542 us. Best GFLOPs: 70.9994
2026-04-10 15:06:17 [INFO] [task_scheduler.cc:137] [Task #0: main] Trial #17: GFLOPs: 11.1332. Time: 6781.2870 us. Best GFLOPs: 70.9994
2026-04-10 15:06:17 [INFO] [task_scheduler.cc:137] [Task #0: main] Trial #18: GFLOPs: 34.1862. Time: 2208.4191 us. Best GFLOPs: 70.9994
2026-04-10 15:06:17 [INFO] [task_scheduler.cc:137] [Task #0: main] Trial #19: GFLOPs: 10.0304. Time: 7526.8505 us. Best GFLOPs: 70.9994
2026-04-10 15:06:17 [INFO] [task_scheduler.cc:137] [Task #0: main] Trial #20: GFLOPs: 36.2121. Time: 2084.8696 us. Best GFLOPs: 70.9994
2026-04-10 15:06:17 [INFO] [task_scheduler.cc:137] [Task #0: main] Trial #21: GFLOPs: 18.1376. Time: 4162.4930 us. Best GFLOPs: 70.9994
2026-04-10 15:06:17 [INFO] [task_scheduler.cc:137] [Task #0: main] Trial #22: GFLOPs: 17.6250. Time: 4283.5465 us. Best GFLOPs: 70.9994
2026-04-10 15:06:17 [INFO] [task_scheduler.cc:137] [Task #0: main] Trial #23: GFLOPs: 26.1668. Time: 2885.2422 us. Best GFLOPs: 70.9994
2026-04-10 15:06:17 [INFO] [task_scheduler.cc:137] [Task #0: main] Trial #24: GFLOPs: 36.5625. Time: 2064.8876 us. Best GFLOPs: 70.9994
2026-04-10 15:06:17 [INFO] [task_scheduler.cc:137] [Task #0: main] Trial #25: GFLOPs: 16.6312. Time: 4539.4977 us. Best GFLOPs: 70.9994
2026-04-10 15:06:17 [INFO] [task_scheduler.cc:137] [Task #0: main] Trial #26: GFLOPs: 17.7432. Time: 4255.0160 us. Best GFLOPs: 70.9994
2026-04-10 15:06:17 [INFO] [task_scheduler.cc:137] [Task #0: main] Trial #27: GFLOPs: 47.6136. Time: 1585.6295 us. Best GFLOPs: 70.9994
2026-04-10 15:06:17 [INFO] [task_scheduler.cc:137] [Task #0: main] Trial #28: GFLOPs: 37.9446. Time: 1989.6779 us. Best GFLOPs: 70.9994
2026-04-10 15:06:17 [INFO] [task_scheduler.cc:137] [Task #0: main] Trial #29: GFLOPs: 68.9973. Time: 1094.2086 us. Best GFLOPs: 70.9994
2026-04-10 15:06:17 [INFO] [task_scheduler.cc:137] [Task #0: main] Trial #30: GFLOPs: 40.2723. Time: 1874.6766 us. Best GFLOPs: 70.9994
2026-04-10 15:06:17 [INFO] [task_scheduler.cc:137] [Task #0: main] Trial #31: GFLOPs: 76.0361. Time: 992.9159 us. Best GFLOPs: 76.0361
2026-04-10 15:06:17 [INFO] [task_scheduler.cc:137] [Task #0: main] Trial #32: GFLOPs: 61.9185. Time: 1219.3039 us. Best GFLOPs: 76.0361
2026-04-10 15:06:17 [INFO] [task_scheduler.cc:137] [Task #0: main] Trial #33: GFLOPs: 57.9440. Time: 1302.9383 us. Best GFLOPs: 76.0361
2026-04-10 15:06:17 [INFO] [task_scheduler.cc:137] [Task #0: main] Trial #34: GFLOPs: 25.2721. Time: 2987.3857 us. Best GFLOPs: 76.0361
2026-04-10 15:06:17 [INFO] [task_scheduler.cc:137] [Task #0: main] Trial #35: GFLOPs: 54.1840. Time: 1393.3525 us. Best GFLOPs: 76.0361
2026-04-10 15:06:17 [INFO] [task_scheduler.cc:137] [Task #0: main] Trial #36: GFLOPs: 26.7694. Time: 2820.2862 us. Best GFLOPs: 76.0361
2026-04-10 15:06:17 [INFO] [task_scheduler.cc:137] [Task #0: main] Trial #37: GFLOPs: 7.3376. Time: 10289.1692 us. Best GFLOPs: 76.0361
2026-04-10 15:06:17 [INFO] [task_scheduler.cc:137] [Task #0: main] Trial #38: GFLOPs: 83.2403. Time: 906.9825 us. Best GFLOPs: 83.2403
2026-04-10 15:06:17 [INFO] [task_scheduler.cc:137] [Task #0: main] Trial #39: GFLOPs: 12.5462. Time: 6017.5407 us. Best GFLOPs: 83.2403
2026-04-10 15:06:17 [INFO] [task_scheduler.cc:137] [Task #0: main] Trial #40: GFLOPs: 59.5968. Time: 1266.8034 us. Best GFLOPs: 83.2403
2026-04-10 15:06:17 [INFO] [task_scheduler.cc:137] [Task #0: main] Trial #41: GFLOPs: 29.7027. Time: 2541.7717 us. Best GFLOPs: 83.2403
2026-04-10 15:06:17 [INFO] [task_scheduler.cc:137] [Task #0: main] Trial #42: GFLOPs: 68.6274. Time: 1100.1073 us. Best GFLOPs: 83.2403
2026-04-10 15:06:17 [INFO] [task_scheduler.cc:137] [Task #0: main] Trial #43: GFLOPs: 9.2332. Time: 8176.7445 us. Best GFLOPs: 83.2403
2026-04-10 15:06:17 [INFO] [task_scheduler.cc:137] [Task #0: main] Trial #44: GFLOPs: 22.5533. Time: 3347.5071 us. Best GFLOPs: 83.2403
2026-04-10 15:06:17 [INFO] [task_scheduler.cc:137] [Task #0: main] Trial #45: GFLOPs: 11.3632. Time: 6644.0559 us. Best GFLOPs: 83.2403
2026-04-10 15:06:17 [INFO] [task_scheduler.cc:137] [Task #0: main] Trial #46: GFLOPs: 26.1771. Time: 2884.1091 us. Best GFLOPs: 83.2403
2026-04-10 15:06:17 [INFO] [task_scheduler.cc:137] [Task #0: main] Trial #47: GFLOPs: 19.3496. Time: 3901.7574 us. Best GFLOPs: 83.2403
2026-04-10 15:06:17 [INFO] [task_scheduler.cc:137] [Task #0: main] Trial #48: GFLOPs: 70.7976. Time: 1066.3844 us. Best GFLOPs: 83.2403
2026-04-10 15:06:17 [INFO] [task_scheduler.cc:137] [Task #0: main] Trial #49: GFLOPs: 39.7100. Time: 1901.2190 us. Best GFLOPs: 83.2403
2026-04-10 15:06:17 [INFO] [task_scheduler.cc:137] [Task #0: main] Trial #50: GFLOPs: 24.8682. Time: 3035.8990 us. Best GFLOPs: 83.2403
2026-04-10 15:06:17 [INFO] [task_scheduler.cc:137] [Task #0: main] Trial #51: GFLOPs: 45.0620. Time: 1675.4122 us. Best GFLOPs: 83.2403
2026-04-10 15:06:17 [INFO] [task_scheduler.cc:137] [Task #0: main] Trial #52: GFLOPs: 6.3484. Time: 11892.3722 us. Best GFLOPs: 83.2403
2026-04-10 15:06:17 [INFO] [task_scheduler.cc:137] [Task #0: main] Trial #53: GFLOPs: 69.5903. Time: 1084.8857 us. Best GFLOPs: 83.2403
2026-04-10 15:06:17 [INFO] [task_scheduler.cc:137] [Task #0: main] Trial #54: GFLOPs: 26.6534. Time: 2832.5626 us. Best GFLOPs: 83.2403
2026-04-10 15:06:17 [INFO] [task_scheduler.cc:137] [Task #0: main] Trial #55: GFLOPs: 65.3261. Time: 1155.7012 us. Best GFLOPs: 83.2403
2026-04-10 15:06:17 [INFO] [task_scheduler.cc:137] [Task #0: main] Trial #56: GFLOPs: 40.5416. Time: 1862.2230 us. Best GFLOPs: 83.2403
2026-04-10 15:06:17 [INFO] [task_scheduler.cc:137] [Task #0: main] Trial #57: GFLOPs: 66.6845. Time: 1132.1594 us. Best GFLOPs: 83.2403
2026-04-10 15:06:17 [INFO] [task_scheduler.cc:137] [Task #0: main] Trial #58: GFLOPs: 48.7988. Time: 1547.1174 us. Best GFLOPs: 83.2403
2026-04-10 15:06:17 [INFO] [task_scheduler.cc:137] [Task #0: main] Trial #59: GFLOPs: 50.0406. Time: 1508.7248 us. Best GFLOPs: 83.2403
2026-04-10 15:06:17 [INFO] [task_scheduler.cc:137] [Task #0: main] Trial #60: GFLOPs: 41.3794. Time: 1824.5188 us. Best GFLOPs: 83.2403
2026-04-10 15:06:17 [INFO] [task_scheduler.cc:137] [Task #0: main] Trial #61: GFLOPs: 82.4804. Time: 915.3380 us. Best GFLOPs: 83.2403
2026-04-10 15:06:17 [INFO] [task_scheduler.cc:137] [Task #0: main] Trial #62: GFLOPs: 35.6802. Time: 2115.9515 us. Best GFLOPs: 83.2403
2026-04-10 15:06:17 [INFO] [task_scheduler.cc:137] [Task #0: main] Trial #63: GFLOPs: 70.8407. Time: 1065.7353 us. Best GFLOPs: 83.2403
2026-04-10 15:06:17 [INFO] [task_scheduler.cc:137] [Task #0: main] Trial #64: GFLOPs: 18.8237. Time: 4010.7648 us. Best GFLOPs: 83.2403
2026-04-10 15:06:17 [INFO] [evolutionary_search.cc:711] Generating candidates......
2026-04-10 15:06:17 [INFO] [evolutionary_search.cc:713] Picked top 92 candidate(s) from database
2026-04-10 15:06:17 [INFO] [evolutionary_search.cc:530] Sample-Init-Population summary:
Postproc #0 [meta_schedule.DisallowDynamicLoop(0x576591998618)]: 0 failure(s)
Postproc #1 [meta_schedule.RewriteParallelVectorizeUnroll(0x576591a47628)]: 0 failure(s)
Postproc #2 [meta_schedule.RewriteReductionBlock(0x576591ac1248)]: 0 failure(s)
Postproc #3 [meta_schedule.RewriteLayout(0x5765919c0bc8)]: 0 failure(s)
2026-04-10 15:06:17 [INFO] [evolutionary_search.cc:721] Sampled 368 candidate(s)
2026-04-10 15:06:17 [INFO] [evolutionary_search.cc:619] Evolve iter #0 done. Summary:
Postproc #0 [meta_schedule.DisallowDynamicLoop(0x576591998618)]: 0 failure(s)
Postproc #1 [meta_schedule.RewriteParallelVectorizeUnroll(0x576591a47628)]: 0 failure(s)
Postproc #2 [meta_schedule.RewriteReductionBlock(0x576591ac1248)]: 0 failure(s)
Postproc #3 [meta_schedule.RewriteLayout(0x5765919c0bc8)]: 0 failure(s)
2026-04-10 15:06:18 [INFO] [evolutionary_search.cc:619] Evolve iter #1 done. Summary:
Postproc #0 [meta_schedule.DisallowDynamicLoop(0x576591998618)]: 0 failure(s)
Postproc #1 [meta_schedule.RewriteParallelVectorizeUnroll(0x576591a47628)]: 0 failure(s)
Postproc #2 [meta_schedule.RewriteReductionBlock(0x576591ac1248)]: 0 failure(s)
Postproc #3 [meta_schedule.RewriteLayout(0x5765919c0bc8)]: 0 failure(s)
2026-04-10 15:06:18 [INFO] [evolutionary_search.cc:619] Evolve iter #2 done. Summary:
Postproc #0 [meta_schedule.DisallowDynamicLoop(0x576591998618)]: 0 failure(s)
Postproc #1 [meta_schedule.RewriteParallelVectorizeUnroll(0x576591a47628)]: 0 failure(s)
Postproc #2 [meta_schedule.RewriteReductionBlock(0x576591ac1248)]: 0 failure(s)
Postproc #3 [meta_schedule.RewriteLayout(0x5765919c0bc8)]: 0 failure(s)
2026-04-10 15:06:18 [INFO] [evolutionary_search.cc:647] Scores of the best 13 candidates:
[1 : 13]:	0.9995  0.9987  0.9985  0.9973  0.9968  0.9965  0.9961  0.9948  0.9944  0.9939  0.9933  0.9931  0.9911
2026-04-10 15:06:18 [INFO] [evolutionary_search.cc:725] Got 13 candidate(s) with evolutionary search
2026-04-10 15:06:18 [INFO] [evolutionary_search.cc:728] Sending 13 candidates(s) for measurement
2026-04-10 15:06:31 [INFO] [task_scheduler.cc:137] [Task #0: main] Trial #65: GFLOPs: 34.3477. Time: 2198.0331 us. Best GFLOPs: 83.2403
2026-04-10 15:06:31 [INFO] [task_scheduler.cc:137] [Task #0: main] Trial #66: GFLOPs: 7.7327. Time: 9763.4582 us. Best GFLOPs: 83.2403
2026-04-10 15:06:31 [INFO] [task_scheduler.cc:137] [Task #0: main] Trial #67: GFLOPs: 38.1432. Time: 1979.3161 us. Best GFLOPs: 83.2403
2026-04-10 15:06:31 [INFO] [task_scheduler.cc:137] [Task #0: main] Trial #68: GFLOPs: 60.9652. Time: 1238.3706 us. Best GFLOPs: 83.2403
2026-04-10 15:06:31 [INFO] [task_scheduler.cc:137] [Task #0: main] Trial #69: GFLOPs: 72.2404. Time: 1045.0860 us. Best GFLOPs: 83.2403
2026-04-10 15:06:31 [INFO] [task_scheduler.cc:137] [Task #0: main] Trial #70: GFLOPs: 11.1573. Time: 6766.6710 us. Best GFLOPs: 83.2403
2026-04-10 15:06:31 [INFO] [task_scheduler.cc:137] [Task #0: main] Trial #71: GFLOPs: 79.0603. Time: 954.9355 us. Best GFLOPs: 83.2403
2026-04-10 15:06:31 [INFO] [task_scheduler.cc:137] [Task #0: main] Trial #72: GFLOPs: 8.7216. Time: 8656.3334 us. Best GFLOPs: 83.2403
2026-04-10 15:06:31 [INFO] [task_scheduler.cc:137] [Task #0: main] Trial #73: GFLOPs: 53.4867. Time: 1411.5181 us. Best GFLOPs: 83.2403
2026-04-10 15:06:31 [INFO] [task_scheduler.cc:137] [Task #0: main] Trial #74: GFLOPs: 6.7973. Time: 11106.9818 us. Best GFLOPs: 83.2403
2026-04-10 15:06:31 [INFO] [task_scheduler.cc:137] [Task #0: main] Trial #75: GFLOPs: 27.8763. Time: 2708.2988 us. Best GFLOPs: 83.2403
2026-04-10 15:06:31 [INFO] [task_scheduler.cc:137] [Task #0: main] Trial #76: GFLOPs: 14.8544. Time: 5082.5059 us. Best GFLOPs: 83.2403
2026-04-10 15:06:31 [INFO] [task_scheduler.cc:137] [Task #0: main] Trial #77: GFLOPs: 62.3408. Time: 1211.0447 us. Best GFLOPs: 83.2403
2026-04-14 00:56:42 [INFO] [task_scheduler.cc:166] Initializing Task #0: "main"
2026-04-14 00:56:42 [INFO] [task_scheduler.cc:41] 
# from tvm.script import ir as I
# from tvm.script import tir as T

@I.ir_module
class Module:
    @T.prim_func
    def main(A: T.Buffer((64, 768), "float32"), B: T.Buffer((768, 768), "float32"), C: T.Buffer((64, 768), "float32")):
        T.func_attr({"tir.noalias": True})
        # with T.block("root"):
        for i, j, k in T.grid(64, 768, 768):
            with T.block("C"):
                vi, vj, vk = T.axis.remap("SSR", [i, j, k])
                T.reads(A[vi, vk], B[vk, vj])
                T.writes(C[vi, vj])
                with T.init():
                    C[vi, vj] = T.float32(0.0)
                C[vi, vj] = C[vi, vj] + A[vi, vk] * B[vk, vj]
2026-04-14 00:56:42 [INFO] [task_scheduler.cc:170] Total 3 design space(s) generated
2026-04-14 00:56:42 [INFO] [task_scheduler.cc:176] Design space #0:
# from tvm.script import ir as I
# from tvm.script import tir as T

@I.ir_module
class Module:
    @T.prim_func
    def main(A: T.Buffer((64, 768), "float32"), B: T.Buffer((768, 768), "float32"), C: T.Buffer((64, 768), "float32")):
        T.func_attr({"tir.noalias": True})
        with T.block("root"):
            T.reads()
            T.writes()
            T.block_attr({"meta_schedule.parallel": 128, "meta_schedule.unroll_explicit": 0, "meta_schedule.vectorize": 64})
            C_global = T.alloc_buffer((64, 768))
            for i_0, j_0, i_1, j_1 in T.grid(32, 24, 2, 32):
                for k_0, i_2, j_2, k_1, i_3, j_3 in T.grid(96, 1, 1, 8, 1, 1):
                    with T.block("C"):
                        vi = T.axis.spatial(64, i_0 * 2 + i_1 + i_2 + i_3)
                        vj = T.axis.spatial(768, j_0 * 32 + j_1 + j_2 + j_3)
                        vk = T.axis.reduce(768, k_0 * 8 + k_1)
                        T.reads(A[vi, vk], B[vk, vj])
                        T.writes(C_global[vi, vj])
                        T.block_attr({"meta_schedule.tiling_structure": "SSRSRS"})
                        with T.init():
                            C_global[vi, vj] = T.float32(0.0)
                        C_global[vi, vj] = C_global[vi, vj] + A[vi, vk] * B[vk, vj]
                for ax0, ax1 in T.grid(1, 1):
                    with T.block("C_global"):
                        v0 = T.axis.spatial(64, i_0 * 2 + i_1 + ax0)
                        v1 = T.axis.spatial(768, j_0 * 32 + j_1 + ax1)
                        T.reads(C_global[v0, v1])
                        T.writes(C[v0, v1])
                        C[v0, v1] = C_global[v0, v1]
b0 = sch.get_block(name="C", func_name="main")
b1 = sch.get_block(name="root", func_name="main")
sch.annotate(block_or_loop=b0, ann_key="meta_schedule.tiling_structure", ann_val="SSRSRS")
l2, l3, l4 = sch.get_loops(block=b0)
v5, v6, v7, v8 = sch.sample_perfect_tile(loop=l2, n=4, max_innermost_factor=64, decision=[32, 2, 1, 1])
l9, l10, l11, l12 = sch.split(loop=l2, factors=[v5, v6, v7, v8], preserve_unit_iters=True, disable_predication=False)
v13, v14, v15, v16 = sch.sample_perfect_tile(loop=l3, n=4, max_innermost_factor=64, decision=[24, 32, 1, 1])
l17, l18, l19, l20 = sch.split(loop=l3, factors=[v13, v14, v15, v16], preserve_unit_iters=True, disable_predication=False)
v21, v22 = sch.sample_perfect_tile(loop=l4, n=2, max_innermost_factor=64, decision=[96, 8])
l23, l24 = sch.split(loop=l4, factors=[v21, v22], preserve_unit_iters=True, disable_predication=False)
sch.reorder(l9, l17, l10, l18, l23, l11, l19, l24, l12, l20)
b25 = sch.cache_write(block=b0, write_buffer_index=0, storage_scope="global")
sch.reverse_compute_at(block=b25, loop=l18, preserve_unit_loops=True, index=-1)
sch.annotate(block_or_loop=b1, ann_key="meta_schedule.parallel", ann_val=128)
sch.annotate(block_or_loop=b1, ann_key="meta_schedule.vectorize", ann_val=64)
v26 = sch.sample_categorical(candidates=[0, 16, 64, 512], probs=[0.25, 0.25, 0.25, 0.25], decision=0)
sch.annotate(block_or_loop=b1, ann_key="meta_schedule.unroll_explicit", ann_val=v26)
2026-04-14 00:56:42 [INFO] [task_scheduler.cc:176] Design space #1:
# from tvm.script import ir as I
# from tvm.script import tir as T

@I.ir_module
class Module:
    @T.prim_func
    def main(A: T.Buffer((64, 768), "float32"), B: T.Buffer((768, 768), "float32"), C: T.Buffer((64, 768), "float32")):
        T.func_attr({"tir.noalias": True})
        with T.block("root"):
            T.reads()
            T.writes()
            T.block_attr({"meta_schedule.parallel": 128, "meta_schedule.unroll_explicit": 512, "meta_schedule.vectorize": 64})
            C_global = T.alloc_buffer((64, 768))
            for i_0, j_0 in T.grid(32, 24):
                for i_1, j_1, k_0, i_2, j_2, k_1, i_3, j_3 in T.grid(2, 32, 96, 1, 1, 8, 1, 1):
                    with T.block("C"):
                        vi = T.axis.spatial(64, i_0 * 2 + i_1 + i_2 + i_3)
                        vj = T.axis.spatial(768, j_0 * 32 + j_1 + j_2 + j_3)
                        vk = T.axis.reduce(768, k_0 * 8 + k_1)
                        T.reads(A[vi, vk], B[vk, vj])
                        T.writes(C_global[vi, vj])
                        T.block_attr({"meta_schedule.tiling_structure": "SSRSRS"})
                        with T.init():
                            C_global[vi, vj] = T.float32(0.0)
                        C_global[vi, vj] = C_global[vi, vj] + A[vi, vk] * B[vk, vj]
                for ax0, ax1 in T.grid(2, 32):
                    with T.block("C_global"):
                        v0 = T.axis.spatial(64, i_0 * 2 + ax0)
                        v1 = T.axis.spatial(768, j_0 * 32 + ax1)
                        T.reads(C_global[v0, v1])
                        T.writes(C[v0, v1])
                        C[v0, v1] = C_global[v0, v1]
b0 = sch.get_block(name="C", func_name="main")
b1 = sch.get_block(name="root", func_name="main")
sch.annotate(block_or_loop=b0, ann_key="meta_schedule.tiling_structure", ann_val="SSRSRS")
l2, l3, l4 = sch.get_loops(block=b0)
v5, v6, v7, v8 = sch.sample_perfect_tile(loop=l2, n=4, max_innermost_factor=64, decision=[32, 2, 1, 1])
l9, l10, l11, l12 = sch.split(loop=l2, factors=[v5, v6, v7, v8], preserve_unit_iters=True, disable_predication=False)
v13, v14, v15, v16 = sch.sample_perfect_tile(loop=l3, n=4, max_innermost_factor=64, decision=[24, 32, 1, 1])
l17, l18, l19, l20 = sch.split(loop=l3, factors=[v13, v14, v15, v16], preserve_unit_iters=True, disable_predication=False)
v21, v22 = sch.sample_perfect_tile(loop=l4, n=2, max_innermost_factor=64, decision=[96, 8])
l23, l24 = sch.split(loop=l4, factors=[v21, v22], preserve_unit_iters=True, disable_predication=False)
sch.reorder(l9, l17, l10, l18, l23, l11, l19, l24, l12, l20)
b25 = sch.cache_write(block=b0, write_buffer_index=0, storage_scope="global")
sch.reverse_compute_at(block=b25, loop=l17, preserve_unit_loops=True, index=-1)
sch.annotate(block_or_loop=b1, ann_key="meta_schedule.parallel", ann_val=128)
sch.annotate(block_or_loop=b1, ann_key="meta_schedule.vectorize", ann_val=64)
v26 = sch.sample_categorical(candidates=[0, 16, 64, 512], probs=[0.25, 0.25, 0.25, 0.25], decision=3)
sch.annotate(block_or_loop=b1, ann_key="meta_schedule.unroll_explicit", ann_val=v26)
2026-04-14 00:56:42 [INFO] [task_scheduler.cc:176] Design space #2:
# from tvm.script import ir as I
# from tvm.script import tir as T

@I.ir_module
class Module:
    @T.prim_func
    def main(A: T.Buffer((64, 768), "float32"), B: T.Buffer((768, 768), "float32"), C: T.Buffer((64, 768), "float32")):
        T.func_attr({"tir.noalias": True})
        with T.block("root"):
            T.reads()
            T.writes()
            T.block_attr({"meta_schedule.parallel": 128, "meta_schedule.unroll_explicit": 0, "meta_schedule.vectorize": 64})
            for i_0, j_0, i_1, j_1, k_0, i_2, j_2, k_1, i_3, j_3 in T.grid(32, 24, 2, 32, 96, 1, 1, 8, 1, 1):
                with T.block("C"):
                    vi = T.axis.spatial(64, i_0 * 2 + i_1 + i_2 + i_3)
                    vj = T.axis.spatial(768, j_0 * 32 + j_1 + j_2 + j_3)
                    vk = T.axis.reduce(768, k_0 * 8 + k_1)
                    T.reads(A[vi, vk], B[vk, vj])
                    T.writes(C[vi, vj])
                    T.block_attr({"meta_schedule.tiling_structure": "SSRSRS"})
                    with T.init():
                        C[vi, vj] = T.float32(0.0)
                    C[vi, vj] = C[vi, vj] + A[vi, vk] * B[vk, vj]
b0 = sch.get_block(name="C", func_name="main")
b1 = sch.get_block(name="root", func_name="main")
sch.annotate(block_or_loop=b0, ann_key="meta_schedule.tiling_structure", ann_val="SSRSRS")
l2, l3, l4 = sch.get_loops(block=b0)
v5, v6, v7, v8 = sch.sample_perfect_tile(loop=l2, n=4, max_innermost_factor=64, decision=[32, 2, 1, 1])
l9, l10, l11, l12 = sch.split(loop=l2, factors=[v5, v6, v7, v8], preserve_unit_iters=True, disable_predication=False)
v13, v14, v15, v16 = sch.sample_perfect_tile(loop=l3, n=4, max_innermost_factor=64, decision=[24, 32, 1, 1])
l17, l18, l19, l20 = sch.split(loop=l3, factors=[v13, v14, v15, v16], preserve_unit_iters=True, disable_predication=False)
v21, v22 = sch.sample_perfect_tile(loop=l4, n=2, max_innermost_factor=64, decision=[96, 8])
l23, l24 = sch.split(loop=l4, factors=[v21, v22], preserve_unit_iters=True, disable_predication=False)
sch.reorder(l9, l17, l10, l18, l23, l11, l19, l24, l12, l20)
sch.annotate(block_or_loop=b1, ann_key="meta_schedule.parallel", ann_val=128)
sch.annotate(block_or_loop=b1, ann_key="meta_schedule.vectorize", ann_val=64)
v25 = sch.sample_categorical(candidates=[0, 16, 64, 512], probs=[0.25, 0.25, 0.25, 0.25], decision=0)
sch.annotate(block_or_loop=b1, ann_key="meta_schedule.unroll_explicit", ann_val=v25)
2026-04-14 00:56:42 [INFO] [evolutionary_search.cc:711] Generating candidates......
2026-04-14 00:56:42 [INFO] [evolutionary_search.cc:713] Picked top 92 candidate(s) from database
2026-04-14 00:56:42 [INFO] [evolutionary_search.cc:530] Sample-Init-Population summary:
Postproc #0 [meta_schedule.DisallowDynamicLoop(0x5c763d57b508)]: 0 failure(s)
Postproc #1 [meta_schedule.RewriteParallelVectorizeUnroll(0x5c763c62bee8)]: 0 failure(s)
Postproc #2 [meta_schedule.RewriteReductionBlock(0x5c763d959708)]: 0 failure(s)
Postproc #3 [meta_schedule.RewriteLayout(0x5c763d5cb638)]: 0 failure(s)
2026-04-14 00:56:42 [INFO] [evolutionary_search.cc:721] Sampled 368 candidate(s)
2026-04-14 00:56:43 [INFO] [evolutionary_search.cc:619] Evolve iter #0 done. Summary:
Postproc #0 [meta_schedule.DisallowDynamicLoop(0x5c763d57b508)]: 0 failure(s)
Postproc #1 [meta_schedule.RewriteParallelVectorizeUnroll(0x5c763c62bee8)]: 0 failure(s)
Postproc #2 [meta_schedule.RewriteReductionBlock(0x5c763d959708)]: 0 failure(s)
Postproc #3 [meta_schedule.RewriteLayout(0x5c763d5cb638)]: 0 failure(s)
2026-04-14 00:56:43 [INFO] [evolutionary_search.cc:619] Evolve iter #1 done. Summary:
Postproc #0 [meta_schedule.DisallowDynamicLoop(0x5c763d57b508)]: 0 failure(s)
Postproc #1 [meta_schedule.RewriteParallelVectorizeUnroll(0x5c763c62bee8)]: 0 failure(s)
Postproc #2 [meta_schedule.RewriteReductionBlock(0x5c763d959708)]: 0 failure(s)
Postproc #3 [meta_schedule.RewriteLayout(0x5c763d5cb638)]: 0 failure(s)
2026-04-14 00:56:44 [INFO] [evolutionary_search.cc:619] Evolve iter #2 done. Summary:
Postproc #0 [meta_schedule.DisallowDynamicLoop(0x5c763d57b508)]: 0 failure(s)
Postproc #1 [meta_schedule.RewriteParallelVectorizeUnroll(0x5c763c62bee8)]: 0 failure(s)
Postproc #2 [meta_schedule.RewriteReductionBlock(0x5c763d959708)]: 0 failure(s)
Postproc #3 [meta_schedule.RewriteLayout(0x5c763d5cb638)]: 0 failure(s)
2026-04-14 00:56:44 [INFO] [evolutionary_search.cc:647] Scores of the best 64 candidates:
[1 : 16]:	0.9994  0.9988  0.9983  0.9978  0.9974  0.9971  0.9968  0.9957  0.9955  0.9927  0.9919  0.9913  0.9911  0.9908  0.9907  0.9905
[17 : 32]:	0.9905  0.9903  0.9900  0.9896  0.9896  0.9896  0.9894  0.9889  0.9874  0.9873  0.9856  0.9856  0.9853  0.9838  0.9831  0.9821
[33 : 48]:	0.9814  0.9813  0.9805  0.9783  0.9779  0.9768  0.9762  0.9754  0.9729  0.9724  0.9723  0.9723  0.9715  0.9700  0.9697  0.9690
[49 : 64]:	0.9689  0.9687  0.9682  0.9682  0.9670  0.9661  0.9656  0.9655  0.9648  0.9635  0.9630  0.9628  0.9628  0.9627  0.9626  0.9620
2026-04-14 00:56:44 [INFO] [evolutionary_search.cc:725] Got 64 candidate(s) with evolutionary search
2026-04-14 00:56:44 [INFO] [evolutionary_search.cc:728] Sending 63 candidates(s) for measurement
2026-04-14 00:57:16 [INFO] [task_scheduler.cc:137] [Task #0: main] Trial #1: GFLOPs: 38.6602. Time: 1952.8482 us. Best GFLOPs: 38.6602
2026-04-14 00:57:16 [INFO] [task_scheduler.cc:137] [Task #0: main] Trial #2: GFLOPs: 48.6835. Time: 1550.7813 us. Best GFLOPs: 48.6835
2026-04-14 00:57:16 [INFO] [task_scheduler.cc:137] [Task #0: main] Trial #3: GFLOPs: 17.3086. Time: 4361.8426 us. Best GFLOPs: 48.6835
2026-04-14 00:57:16 [INFO] [task_scheduler.cc:137] [Task #0: main] Trial #4: GFLOPs: 15.4183. Time: 4896.6181 us. Best GFLOPs: 48.6835
2026-04-14 00:57:16 [INFO] [task_scheduler.cc:137] [Task #0: main] Trial #5: GFLOPs: 23.0232. Time: 3279.1968 us. Best GFLOPs: 48.6835
2026-04-14 00:57:16 [INFO] [task_scheduler.cc:137] [Task #0: main] Trial #6: GFLOPs: 8.0475. Time: 9381.5150 us. Best GFLOPs: 48.6835
2026-04-14 00:57:16 [INFO] [task_scheduler.cc:137] [Task #0: main] Trial #7: GFLOPs: 21.1387. Time: 3571.5281 us. Best GFLOPs: 48.6835
2026-04-14 00:57:16 [INFO] [task_scheduler.cc:137] [Task #0: main] Trial #8: GFLOPs: 43.0267. Time: 1754.6667 us. Best GFLOPs: 48.6835
2026-04-14 00:57:16 [INFO] [task_scheduler.cc:137] [Task #0: main] Trial #9: GFLOPs: 17.9259. Time: 4211.6411 us. Best GFLOPs: 48.6835
2026-04-14 00:57:16 [INFO] [task_scheduler.cc:137] [Task #0: main] Trial #10: GFLOPs: 37.9113. Time: 1991.4227 us. Best GFLOPs: 48.6835
2026-04-14 00:57:16 [INFO] [task_scheduler.cc:137] [Task #0: main] Trial #11: GFLOPs: 14.1408. Time: 5338.9679 us. Best GFLOPs: 48.6835
2026-04-14 00:57:16 [INFO] [task_scheduler.cc:137] [Task #0: main] Trial #12: GFLOPs: 36.3829. Time: 2075.0831 us. Best GFLOPs: 48.6835
2026-04-14 00:57:16 [INFO] [task_scheduler.cc:137] [Task #0: main] Trial #13: GFLOPs: 39.6819. Time: 1902.5647 us. Best GFLOPs: 48.6835
2026-04-14 00:57:16 [INFO] [task_scheduler.cc:137] [Task #0: main] Trial #14: GFLOPs: 44.0500. Time: 1713.9033 us. Best GFLOPs: 48.6835
2026-04-14 00:57:16 [INFO] [task_scheduler.cc:137] [Task #0: main] Trial #15: GFLOPs: 26.7775. Time: 2819.4339 us. Best GFLOPs: 48.6835
2026-04-14 00:57:16 [INFO] [task_scheduler.cc:137] [Task #0: main] Trial #16: GFLOPs: 28.8799. Time: 2614.1906 us. Best GFLOPs: 48.6835
2026-04-14 00:57:16 [INFO] [task_scheduler.cc:137] [Task #0: main] Trial #17: GFLOPs: 22.0188. Time: 3428.7743 us. Best GFLOPs: 48.6835
2026-04-14 00:57:16 [INFO] [task_scheduler.cc:137] [Task #0: main] Trial #18: GFLOPs: 3.0904. Time: 24429.7675 us. Best GFLOPs: 48.6835
2026-04-14 00:57:16 [INFO] [task_scheduler.cc:137] [Task #0: main] Trial #19: GFLOPs: 10.0656. Time: 7500.5272 us. Best GFLOPs: 48.6835
2026-04-14 00:57:16 [INFO] [task_scheduler.cc:137] [Task #0: main] Trial #20: GFLOPs: 12.9819. Time: 5815.6166 us. Best GFLOPs: 48.6835
2026-04-14 00:57:16 [INFO] [task_scheduler.cc:137] [Task #0: main] Trial #21: GFLOPs: 29.9941. Time: 2517.0753 us. Best GFLOPs: 48.6835
2026-04-14 00:57:16 [INFO] [task_scheduler.cc:137] [Task #0: main] Trial #22: GFLOPs: 24.2545. Time: 3112.7207 us. Best GFLOPs: 48.6835
2026-04-14 00:57:16 [INFO] [task_scheduler.cc:137] [Task #0: main] Trial #23: GFLOPs: 17.6136. Time: 4286.3225 us. Best GFLOPs: 48.6835
2026-04-14 00:57:16 [INFO] [task_scheduler.cc:137] [Task #0: main] Trial #24: GFLOPs: 18.0185. Time: 4190.0014 us. Best GFLOPs: 48.6835
2026-04-14 00:57:16 [INFO] [task_scheduler.cc:137] [Task #0: main] Trial #25: GFLOPs: 38.9545. Time: 1938.0950 us. Best GFLOPs: 48.6835
2026-04-14 00:57:16 [INFO] [task_scheduler.cc:137] [Task #0: main] Trial #26: GFLOPs: 14.7057. Time: 5133.9045 us. Best GFLOPs: 48.6835
2026-04-14 00:57:16 [INFO] [task_scheduler.cc:137] [Task #0: main] Trial #27: GFLOPs: 37.7898. Time: 1997.8256 us. Best GFLOPs: 48.6835
2026-04-14 00:57:16 [INFO] [task_scheduler.cc:137] [Task #0: main] Trial #28: GFLOPs: 43.8250. Time: 1722.7022 us. Best GFLOPs: 48.6835
2026-04-14 00:57:16 [INFO] [task_scheduler.cc:137] [Task #0: main] Trial #29: GFLOPs: 38.1320. Time: 1979.8964 us. Best GFLOPs: 48.6835
2026-04-14 00:57:16 [INFO] [task_scheduler.cc:137] [Task #0: main] Trial #30: GFLOPs: 18.1747. Time: 4153.9800 us. Best GFLOPs: 48.6835
2026-04-14 00:57:16 [INFO] [task_scheduler.cc:137] [Task #0: main] Trial #31: GFLOPs: 58.6909. Time: 1286.3569 us. Best GFLOPs: 58.6909
2026-04-14 00:57:16 [INFO] [task_scheduler.cc:137] [Task #0: main] Trial #32: GFLOPs: 35.3728. Time: 2134.3369 us. Best GFLOPs: 58.6909
2026-04-14 00:57:16 [INFO] [task_scheduler.cc:137] [Task #0: main] Trial #33: GFLOPs: 27.6111. Time: 2734.3187 us. Best GFLOPs: 58.6909
2026-04-14 00:57:16 [INFO] [task_scheduler.cc:137] [Task #0: main] Trial #34: GFLOPs: 27.7777. Time: 2717.9146 us. Best GFLOPs: 58.6909
2026-04-14 00:57:16 [INFO] [task_scheduler.cc:137] [Task #0: main] Trial #35: GFLOPs: 20.4955. Time: 3683.6206 us. Best GFLOPs: 58.6909
2026-04-14 00:57:16 [INFO] [task_scheduler.cc:137] [Task #0: main] Trial #36: GFLOPs: 40.3907. Time: 1869.1795 us. Best GFLOPs: 58.6909
2026-04-14 00:57:16 [INFO] [task_scheduler.cc:137] [Task #0: main] Trial #37: GFLOPs: 7.0157. Time: 10761.2430 us. Best GFLOPs: 58.6909
2026-04-14 00:57:16 [INFO] [task_scheduler.cc:137] [Task #0: main] Trial #38: GFLOPs: 46.6163. Time: 1619.5497 us. Best GFLOPs: 58.6909
2026-04-14 00:57:16 [INFO] [task_scheduler.cc:137] [Task #0: main] Trial #39: GFLOPs: 17.6647. Time: 4273.9139 us. Best GFLOPs: 58.6909
2026-04-14 00:57:16 [INFO] [task_scheduler.cc:137] [Task #0: main] Trial #40: GFLOPs: 50.4840. Time: 1495.4740 us. Best GFLOPs: 58.6909
2026-04-14 00:57:16 [INFO] [task_scheduler.cc:137] [Task #0: main] Trial #41: GFLOPs: 38.8050. Time: 1945.5592 us. Best GFLOPs: 58.6909
2026-04-14 00:57:16 [INFO] [task_scheduler.cc:137] [Task #0: main] Trial #42: GFLOPs: 8.1019. Time: 9318.4630 us. Best GFLOPs: 58.6909
2026-04-14 00:57:16 [INFO] [task_scheduler.cc:137] [Task #0: main] Trial #43: GFLOPs: 40.3472. Time: 1871.1956 us. Best GFLOPs: 58.6909
2026-04-14 00:57:16 [INFO] [task_scheduler.cc:137] [Task #0: main] Trial #44: GFLOPs: 8.9407. Time: 8444.1996 us. Best GFLOPs: 58.6909
2026-04-14 00:57:16 [INFO] [task_scheduler.cc:137] [Task #0: main] Trial #45: GFLOPs: 7.1104. Time: 10617.9473 us. Best GFLOPs: 58.6909
2026-04-14 00:57:16 [INFO] [task_scheduler.cc:137] [Task #0: main] Trial #46: GFLOPs: 61.6480. Time: 1224.6534 us. Best GFLOPs: 61.6480
2026-04-14 00:57:16 [INFO] [task_scheduler.cc:137] [Task #0: main] Trial #47: GFLOPs: 20.0987. Time: 3756.3388 us. Best GFLOPs: 61.6480
2026-04-14 00:57:16 [INFO] [task_scheduler.cc:137] [Task #0: main] Trial #48: GFLOPs: 65.5599. Time: 1151.5793 us. Best GFLOPs: 65.5599
2026-04-14 00:57:16 [INFO] [task_scheduler.cc:137] [Task #0: main] Trial #49: GFLOPs: 37.5557. Time: 2010.2826 us. Best GFLOPs: 65.5599
2026-04-14 00:57:16 [INFO] [task_scheduler.cc:137] [Task #0: main] Trial #50: GFLOPs: 28.7181. Time: 2628.9156 us. Best GFLOPs: 65.5599
2026-04-14 00:57:16 [INFO] [task_scheduler.cc:137] [Task #0: main] Trial #51: GFLOPs: 20.0132. Time: 3772.3798 us. Best GFLOPs: 65.5599
2026-04-14 00:57:16 [INFO] [task_scheduler.cc:137] [Task #0: main] Trial #52: GFLOPs: 25.9579. Time: 2908.4567 us. Best GFLOPs: 65.5599
2026-04-14 00:57:16 [INFO] [task_scheduler.cc:137] [Task #0: main] Trial #53: GFLOPs: 59.9170. Time: 1260.0333 us. Best GFLOPs: 65.5599
2026-04-14 00:57:16 [INFO] [task_scheduler.cc:137] [Task #0: main] Trial #54: GFLOPs: 28.1753. Time: 2679.5577 us. Best GFLOPs: 65.5599
2026-04-14 00:57:16 [INFO] [task_scheduler.cc:137] [Task #0: main] Trial #55: GFLOPs: 50.5519. Time: 1493.4634 us. Best GFLOPs: 65.5599
2026-04-14 00:57:16 [INFO] [task_scheduler.cc:137] [Task #0: main] Trial #56: GFLOPs: 14.3296. Time: 5268.6238 us. Best GFLOPs: 65.5599
2026-04-14 00:57:16 [INFO] [task_scheduler.cc:137] [Task #0: main] Trial #57: GFLOPs: 73.7155. Time: 1024.1743 us. Best GFLOPs: 73.7155
2026-04-14 00:57:16 [INFO] [task_scheduler.cc:137] [Task #0: main] Trial #58: GFLOPs: 16.9008. Time: 4467.0883 us. Best GFLOPs: 73.7155
2026-04-14 00:57:16 [INFO] [task_scheduler.cc:137] [Task #0: main] Trial #59: GFLOPs: 16.5651. Time: 4557.6113 us. Best GFLOPs: 73.7155
2026-04-14 00:57:16 [INFO] [task_scheduler.cc:137] [Task #0: main] Trial #60: GFLOPs: 23.9037. Time: 3158.4074 us. Best GFLOPs: 73.7155
2026-04-14 00:57:16 [INFO] [task_scheduler.cc:137] [Task #0: main] Trial #61: GFLOPs: 7.1804. Time: 10514.3126 us. Best GFLOPs: 73.7155
2026-04-14 00:57:16 [INFO] [task_scheduler.cc:137] [Task #0: main] Trial #62: GFLOPs: 30.4675. Time: 2477.9660 us. Best GFLOPs: 73.7155
2026-04-14 00:57:16 [INFO] [task_scheduler.cc:137] [Task #0: main] Trial #63: GFLOPs: 15.7835. Time: 4783.3055 us. Best GFLOPs: 73.7155
2026-04-14 00:57:16 [INFO] [evolutionary_search.cc:711] Generating candidates......
2026-04-14 00:57:17 [INFO] [evolutionary_search.cc:713] Picked top 92 candidate(s) from database
2026-04-14 00:57:17 [INFO] [evolutionary_search.cc:530] Sample-Init-Population summary:
Postproc #0 [meta_schedule.DisallowDynamicLoop(0x5c763d57b508)]: 0 failure(s)
Postproc #1 [meta_schedule.RewriteParallelVectorizeUnroll(0x5c763c62bee8)]: 0 failure(s)
Postproc #2 [meta_schedule.RewriteReductionBlock(0x5c763d959708)]: 0 failure(s)
Postproc #3 [meta_schedule.RewriteLayout(0x5c763d5cb638)]: 0 failure(s)
2026-04-14 00:57:17 [INFO] [evolutionary_search.cc:721] Sampled 368 candidate(s)
2026-04-14 00:57:17 [INFO] [evolutionary_search.cc:619] Evolve iter #0 done. Summary:
Postproc #0 [meta_schedule.DisallowDynamicLoop(0x5c763d57b508)]: 0 failure(s)
Postproc #1 [meta_schedule.RewriteParallelVectorizeUnroll(0x5c763c62bee8)]: 0 failure(s)
Postproc #2 [meta_schedule.RewriteReductionBlock(0x5c763d959708)]: 0 failure(s)
Postproc #3 [meta_schedule.RewriteLayout(0x5c763d5cb638)]: 0 failure(s)
2026-04-14 00:57:18 [INFO] [evolutionary_search.cc:619] Evolve iter #1 done. Summary:
Postproc #0 [meta_schedule.DisallowDynamicLoop(0x5c763d57b508)]: 0 failure(s)
Postproc #1 [meta_schedule.RewriteParallelVectorizeUnroll(0x5c763c62bee8)]: 0 failure(s)
Postproc #2 [meta_schedule.RewriteReductionBlock(0x5c763d959708)]: 0 failure(s)
Postproc #3 [meta_schedule.RewriteLayout(0x5c763d5cb638)]: 0 failure(s)
2026-04-14 00:57:18 [INFO] [evolutionary_search.cc:619] Evolve iter #2 done. Summary:
Postproc #0 [meta_schedule.DisallowDynamicLoop(0x5c763d57b508)]: 0 failure(s)
Postproc #1 [meta_schedule.RewriteParallelVectorizeUnroll(0x5c763c62bee8)]: 0 failure(s)
Postproc #2 [meta_schedule.RewriteReductionBlock(0x5c763d959708)]: 0 failure(s)
Postproc #3 [meta_schedule.RewriteLayout(0x5c763d5cb638)]: 0 failure(s)
2026-04-14 00:57:18 [INFO] [evolutionary_search.cc:647] Scores of the best 14 candidates:
[1 : 14]:	0.9999  0.9993  0.9984  0.9983  0.9976  0.9970  0.9966  0.9962  0.9957  0.9944  0.9942  0.9939  0.9936  0.9931
2026-04-14 00:57:18 [INFO] [evolutionary_search.cc:725] Got 14 candidate(s) with evolutionary search
2026-04-14 00:57:18 [INFO] [evolutionary_search.cc:728] Sending 14 candidates(s) for measurement
2026-04-14 00:57:37 [INFO] [task_scheduler.cc:137] [Task #0: main] Trial #64: GFLOPs: 12.3161. Time: 6129.9914 us. Best GFLOPs: 73.7155
2026-04-14 00:57:37 [INFO] [task_scheduler.cc:137] [Task #0: main] Trial #65: GFLOPs: 0.9130. Time: 82689.3450 us. Best GFLOPs: 73.7155
2026-04-14 00:57:37 [INFO] [task_scheduler.cc:137] [Task #0: main] Trial #66: GFLOPs: 37.4344. Time: 2016.7915 us. Best GFLOPs: 73.7155
2026-04-14 00:57:37 [INFO] [task_scheduler.cc:137] [Task #0: main] Trial #67: GFLOPs: 67.4931. Time: 1118.5953 us. Best GFLOPs: 73.7155
2026-04-14 00:57:37 [INFO] [task_scheduler.cc:137] [Task #0: main] Trial #68: GFLOPs: 21.8527. Time: 3454.8317 us. Best GFLOPs: 73.7155
2026-04-14 00:57:37 [INFO] [task_scheduler.cc:137] [Task #0: main] Trial #69: GFLOPs: 31.6351. Time: 2386.5110 us. Best GFLOPs: 73.7155
2026-04-14 00:57:37 [INFO] [task_scheduler.cc:137] [Task #0: main] Trial #70: GFLOPs: 41.0328. Time: 1839.9298 us. Best GFLOPs: 73.7155
2026-04-14 00:57:37 [INFO] [task_scheduler.cc:137] [Task #0: main] Trial #71: GFLOPs: 5.8536. Time: 12897.6590 us. Best GFLOPs: 73.7155
2026-04-14 00:57:37 [INFO] [task_scheduler.cc:137] [Task #0: main] Trial #72: GFLOPs: 5.1810. Time: 14571.9277 us. Best GFLOPs: 73.7155
2026-04-14 00:57:37 [INFO] [task_scheduler.cc:137] [Task #0: main] Trial #73: GFLOPs: 20.8512. Time: 3620.7769 us. Best GFLOPs: 73.7155
2026-04-14 00:57:37 [INFO] [task_scheduler.cc:137] [Task #0: main] Trial #74: GFLOPs: 52.2925. Time: 1443.7533 us. Best GFLOPs: 73.7155
2026-04-14 00:57:37 [INFO] [task_scheduler.cc:137] [Task #0: main] Trial #75: GFLOPs: 11.0836. Time: 6811.6103 us. Best GFLOPs: 73.7155
2026-04-14 00:57:37 [INFO] [task_scheduler.cc:137] [Task #0: main] Trial #76: GFLOPs: 23.9229. Time: 3155.8624 us. Best GFLOPs: 73.7155
2026-04-14 00:57:37 [INFO] [task_scheduler.cc:137] [Task #0: main] Trial #77: GFLOPs: 29.5418. Time: 2555.6172 us. Best GFLOPs: 73.7155
2026-04-14 01:36:29 [INFO] [task_scheduler.cc:166] Initializing Task #0: "main"
2026-04-14 01:36:29 [INFO] [task_scheduler.cc:41] 
# from tvm.script import ir as I
# from tvm.script import tir as T

@I.ir_module
class Module:
    @T.prim_func
    def main(A: T.Buffer((64, 768), "float32"), B: T.Buffer((768, 768), "float32"), C: T.Buffer((64, 768), "float32")):
        T.func_attr({"tir.noalias": True})
        # with T.block("root"):
        for i, j, k in T.grid(64, 768, 768):
            with T.block("C"):
                vi, vj, vk = T.axis.remap("SSR", [i, j, k])
                T.reads(A[vi, vk], B[vk, vj])
                T.writes(C[vi, vj])
                with T.init():
                    C[vi, vj] = T.float32(0.0)
                C[vi, vj] = C[vi, vj] + A[vi, vk] * B[vk, vj]
2026-04-14 01:36:29 [INFO] [task_scheduler.cc:170] Total 3 design space(s) generated
2026-04-14 01:36:29 [INFO] [task_scheduler.cc:176] Design space #0:
# from tvm.script import ir as I
# from tvm.script import tir as T

@I.ir_module
class Module:
    @T.prim_func
    def main(A: T.Buffer((64, 768), "float32"), B: T.Buffer((768, 768), "float32"), C: T.Buffer((64, 768), "float32")):
        T.func_attr({"tir.noalias": True})
        with T.block("root"):
            T.reads()
            T.writes()
            T.block_attr({"meta_schedule.parallel": 128, "meta_schedule.unroll_explicit": 16, "meta_schedule.vectorize": 64})
            C_global = T.alloc_buffer((64, 768))
            for i_0, j_0, i_1, j_1 in T.grid(4, 8, 8, 24):
                for k_0, i_2, j_2, k_1, i_3, j_3 in T.grid(48, 1, 1, 16, 2, 4):
                    with T.block("C"):
                        vi = T.axis.spatial(64, i_0 * 16 + i_1 * 2 + i_2 * 2 + i_3)
                        vj = T.axis.spatial(768, j_0 * 96 + j_1 * 4 + j_2 * 4 + j_3)
                        vk = T.axis.reduce(768, k_0 * 16 + k_1)
                        T.reads(A[vi, vk], B[vk, vj])
                        T.writes(C_global[vi, vj])
                        T.block_attr({"meta_schedule.tiling_structure": "SSRSRS"})
                        with T.init():
                            C_global[vi, vj] = T.float32(0.0)
                        C_global[vi, vj] = C_global[vi, vj] + A[vi, vk] * B[vk, vj]
                for ax0, ax1 in T.grid(2, 4):
                    with T.block("C_global"):
                        v0 = T.axis.spatial(64, i_0 * 16 + i_1 * 2 + ax0)
                        v1 = T.axis.spatial(768, j_0 * 96 + j_1 * 4 + ax1)
                        T.reads(C_global[v0, v1])
                        T.writes(C[v0, v1])
                        C[v0, v1] = C_global[v0, v1]
b0 = sch.get_block(name="C", func_name="main")
b1 = sch.get_block(name="root", func_name="main")
sch.annotate(block_or_loop=b0, ann_key="meta_schedule.tiling_structure", ann_val="SSRSRS")
l2, l3, l4 = sch.get_loops(block=b0)
v5, v6, v7, v8 = sch.sample_perfect_tile(loop=l2, n=4, max_innermost_factor=64, decision=[4, 8, 1, 2])
l9, l10, l11, l12 = sch.split(loop=l2, factors=[v5, v6, v7, v8], preserve_unit_iters=True, disable_predication=False)
v13, v14, v15, v16 = sch.sample_perfect_tile(loop=l3, n=4, max_innermost_factor=64, decision=[8, 24, 1, 4])
l17, l18, l19, l20 = sch.split(loop=l3, factors=[v13, v14, v15, v16], preserve_unit_iters=True, disable_predication=False)
v21, v22 = sch.sample_perfect_tile(loop=l4, n=2, max_innermost_factor=64, decision=[48, 16])
l23, l24 = sch.split(loop=l4, factors=[v21, v22], preserve_unit_iters=True, disable_predication=False)
sch.reorder(l9, l17, l10, l18, l23, l11, l19, l24, l12, l20)
b25 = sch.cache_write(block=b0, write_buffer_index=0, storage_scope="global")
sch.reverse_compute_at(block=b25, loop=l18, preserve_unit_loops=True, index=-1)
sch.annotate(block_or_loop=b1, ann_key="meta_schedule.parallel", ann_val=128)
sch.annotate(block_or_loop=b1, ann_key="meta_schedule.vectorize", ann_val=64)
v26 = sch.sample_categorical(candidates=[0, 16, 64, 512], probs=[0.25, 0.25, 0.25, 0.25], decision=1)
sch.annotate(block_or_loop=b1, ann_key="meta_schedule.unroll_explicit", ann_val=v26)
2026-04-14 01:36:29 [INFO] [task_scheduler.cc:176] Design space #1:
# from tvm.script import ir as I
# from tvm.script import tir as T

@I.ir_module
class Module:
    @T.prim_func
    def main(A: T.Buffer((64, 768), "float32"), B: T.Buffer((768, 768), "float32"), C: T.Buffer((64, 768), "float32")):
        T.func_attr({"tir.noalias": True})
        with T.block("root"):
            T.reads()
            T.writes()
            T.block_attr({"meta_schedule.parallel": 128, "meta_schedule.unroll_explicit": 0, "meta_schedule.vectorize": 64})
            C_global = T.alloc_buffer((64, 768))
            for i_0, j_0 in T.grid(4, 8):
                for i_1, j_1, k_0, i_2, j_2, k_1, i_3, j_3 in T.grid(8, 24, 48, 1, 1, 16, 2, 4):
                    with T.block("C"):
                        vi = T.axis.spatial(64, i_0 * 16 + i_1 * 2 + i_2 * 2 + i_3)
                        vj = T.axis.spatial(768, j_0 * 96 + j_1 * 4 + j_2 * 4 + j_3)
                        vk = T.axis.reduce(768, k_0 * 16 + k_1)
                        T.reads(A[vi, vk], B[vk, vj])
                        T.writes(C_global[vi, vj])
                        T.block_attr({"meta_schedule.tiling_structure": "SSRSRS"})
                        with T.init():
                            C_global[vi, vj] = T.float32(0.0)
                        C_global[vi, vj] = C_global[vi, vj] + A[vi, vk] * B[vk, vj]
                for ax0, ax1 in T.grid(16, 96):
                    with T.block("C_global"):
                        v0 = T.axis.spatial(64, i_0 * 16 + ax0)
                        v1 = T.axis.spatial(768, j_0 * 96 + ax1)
                        T.reads(C_global[v0, v1])
                        T.writes(C[v0, v1])
                        C[v0, v1] = C_global[v0, v1]
b0 = sch.get_block(name="C", func_name="main")
b1 = sch.get_block(name="root", func_name="main")
sch.annotate(block_or_loop=b0, ann_key="meta_schedule.tiling_structure", ann_val="SSRSRS")
l2, l3, l4 = sch.get_loops(block=b0)
v5, v6, v7, v8 = sch.sample_perfect_tile(loop=l2, n=4, max_innermost_factor=64, decision=[4, 8, 1, 2])
l9, l10, l11, l12 = sch.split(loop=l2, factors=[v5, v6, v7, v8], preserve_unit_iters=True, disable_predication=False)
v13, v14, v15, v16 = sch.sample_perfect_tile(loop=l3, n=4, max_innermost_factor=64, decision=[8, 24, 1, 4])
l17, l18, l19, l20 = sch.split(loop=l3, factors=[v13, v14, v15, v16], preserve_unit_iters=True, disable_predication=False)
v21, v22 = sch.sample_perfect_tile(loop=l4, n=2, max_innermost_factor=64, decision=[48, 16])
l23, l24 = sch.split(loop=l4, factors=[v21, v22], preserve_unit_iters=True, disable_predication=False)
sch.reorder(l9, l17, l10, l18, l23, l11, l19, l24, l12, l20)
b25 = sch.cache_write(block=b0, write_buffer_index=0, storage_scope="global")
sch.reverse_compute_at(block=b25, loop=l17, preserve_unit_loops=True, index=-1)
sch.annotate(block_or_loop=b1, ann_key="meta_schedule.parallel", ann_val=128)
sch.annotate(block_or_loop=b1, ann_key="meta_schedule.vectorize", ann_val=64)
v26 = sch.sample_categorical(candidates=[0, 16, 64, 512], probs=[0.25, 0.25, 0.25, 0.25], decision=0)
sch.annotate(block_or_loop=b1, ann_key="meta_schedule.unroll_explicit", ann_val=v26)
2026-04-14 01:36:29 [INFO] [task_scheduler.cc:176] Design space #2:
# from tvm.script import ir as I
# from tvm.script import tir as T

@I.ir_module
class Module:
    @T.prim_func
    def main(A: T.Buffer((64, 768), "float32"), B: T.Buffer((768, 768), "float32"), C: T.Buffer((64, 768), "float32")):
        T.func_attr({"tir.noalias": True})
        with T.block("root"):
            T.reads()
            T.writes()
            T.block_attr({"meta_schedule.parallel": 128, "meta_schedule.unroll_explicit": 16, "meta_schedule.vectorize": 64})
            for i_0, j_0, i_1, j_1, k_0, i_2, j_2, k_1, i_3, j_3 in T.grid(4, 8, 8, 24, 48, 1, 1, 16, 2, 4):
                with T.block("C"):
                    vi = T.axis.spatial(64, i_0 * 16 + i_1 * 2 + i_2 * 2 + i_3)
                    vj = T.axis.spatial(768, j_0 * 96 + j_1 * 4 + j_2 * 4 + j_3)
                    vk = T.axis.reduce(768, k_0 * 16 + k_1)
                    T.reads(A[vi, vk], B[vk, vj])
                    T.writes(C[vi, vj])
                    T.block_attr({"meta_schedule.tiling_structure": "SSRSRS"})
                    with T.init():
                        C[vi, vj] = T.float32(0.0)
                    C[vi, vj] = C[vi, vj] + A[vi, vk] * B[vk, vj]
b0 = sch.get_block(name="C", func_name="main")
b1 = sch.get_block(name="root", func_name="main")
sch.annotate(block_or_loop=b0, ann_key="meta_schedule.tiling_structure", ann_val="SSRSRS")
l2, l3, l4 = sch.get_loops(block=b0)
v5, v6, v7, v8 = sch.sample_perfect_tile(loop=l2, n=4, max_innermost_factor=64, decision=[4, 8, 1, 2])
l9, l10, l11, l12 = sch.split(loop=l2, factors=[v5, v6, v7, v8], preserve_unit_iters=True, disable_predication=False)
v13, v14, v15, v16 = sch.sample_perfect_tile(loop=l3, n=4, max_innermost_factor=64, decision=[8, 24, 1, 4])
l17, l18, l19, l20 = sch.split(loop=l3, factors=[v13, v14, v15, v16], preserve_unit_iters=True, disable_predication=False)
v21, v22 = sch.sample_perfect_tile(loop=l4, n=2, max_innermost_factor=64, decision=[48, 16])
l23, l24 = sch.split(loop=l4, factors=[v21, v22], preserve_unit_iters=True, disable_predication=False)
sch.reorder(l9, l17, l10, l18, l23, l11, l19, l24, l12, l20)
sch.annotate(block_or_loop=b1, ann_key="meta_schedule.parallel", ann_val=128)
sch.annotate(block_or_loop=b1, ann_key="meta_schedule.vectorize", ann_val=64)
v25 = sch.sample_categorical(candidates=[0, 16, 64, 512], probs=[0.25, 0.25, 0.25, 0.25], decision=1)
sch.annotate(block_or_loop=b1, ann_key="meta_schedule.unroll_explicit", ann_val=v25)
2026-04-14 01:36:29 [INFO] [evolutionary_search.cc:711] Generating candidates......
2026-04-14 01:36:29 [INFO] [evolutionary_search.cc:713] Picked top 92 candidate(s) from database
2026-04-14 01:36:30 [INFO] [evolutionary_search.cc:530] Sample-Init-Population summary:
Postproc #0 [meta_schedule.DisallowDynamicLoop(0x60fddd02b5d8)]: 0 failure(s)
Postproc #1 [meta_schedule.RewriteParallelVectorizeUnroll(0x60fddc962af8)]: 0 failure(s)
Postproc #2 [meta_schedule.RewriteReductionBlock(0x60fddc6756a8)]: 0 failure(s)
Postproc #3 [meta_schedule.RewriteLayout(0x60fddc7c55e8)]: 0 failure(s)
2026-04-14 01:36:30 [INFO] [evolutionary_search.cc:721] Sampled 368 candidate(s)
2026-04-14 01:36:30 [INFO] [evolutionary_search.cc:619] Evolve iter #0 done. Summary:
Postproc #0 [meta_schedule.DisallowDynamicLoop(0x60fddd02b5d8)]: 0 failure(s)
Postproc #1 [meta_schedule.RewriteParallelVectorizeUnroll(0x60fddc962af8)]: 0 failure(s)
Postproc #2 [meta_schedule.RewriteReductionBlock(0x60fddc6756a8)]: 0 failure(s)
Postproc #3 [meta_schedule.RewriteLayout(0x60fddc7c55e8)]: 0 failure(s)
2026-04-14 01:36:30 [INFO] [evolutionary_search.cc:619] Evolve iter #1 done. Summary:
Postproc #0 [meta_schedule.DisallowDynamicLoop(0x60fddd02b5d8)]: 0 failure(s)
Postproc #1 [meta_schedule.RewriteParallelVectorizeUnroll(0x60fddc962af8)]: 0 failure(s)
Postproc #2 [meta_schedule.RewriteReductionBlock(0x60fddc6756a8)]: 0 failure(s)
Postproc #3 [meta_schedule.RewriteLayout(0x60fddc7c55e8)]: 0 failure(s)
2026-04-14 01:36:31 [INFO] [evolutionary_search.cc:619] Evolve iter #2 done. Summary:
Postproc #0 [meta_schedule.DisallowDynamicLoop(0x60fddd02b5d8)]: 0 failure(s)
Postproc #1 [meta_schedule.RewriteParallelVectorizeUnroll(0x60fddc962af8)]: 0 failure(s)
Postproc #2 [meta_schedule.RewriteReductionBlock(0x60fddc6756a8)]: 0 failure(s)
Postproc #3 [meta_schedule.RewriteLayout(0x60fddc7c55e8)]: 0 failure(s)
2026-04-14 01:36:31 [INFO] [evolutionary_search.cc:647] Scores of the best 64 candidates:
[1 : 16]:	0.9997  0.9996  0.9987  0.9973  0.9957  0.9952  0.9950  0.9938  0.9936  0.9928  0.9924  0.9906  0.9897  0.9891  0.9884  0.9874
[17 : 32]:	0.9845  0.9841  0.9841  0.9817  0.9814  0.9810  0.9805  0.9802  0.9796  0.9796  0.9789  0.9771  0.9757  0.9747  0.9744  0.9730
[33 : 48]:	0.9719  0.9718  0.9714  0.9701  0.9701  0.9697  0.9693  0.9687  0.9678  0.9673  0.9671  0.9668  0.9660  0.9659  0.9648  0.9648
[49 : 64]:	0.9646  0.9633  0.9628  0.9620  0.9617  0.9616  0.9609  0.9579  0.9577  0.9575  0.9571  0.9571  0.9564  0.9555  0.9547  0.9544
2026-04-14 01:36:31 [INFO] [evolutionary_search.cc:725] Got 64 candidate(s) with evolutionary search
2026-04-14 01:36:31 [INFO] [evolutionary_search.cc:728] Sending 64 candidates(s) for measurement
2026-04-14 01:37:02 [INFO] [task_scheduler.cc:137] [Task #0: main] Trial #1: GFLOPs: 24.9401. Time: 3027.1568 us. Best GFLOPs: 24.9401
2026-04-14 01:37:02 [INFO] [task_scheduler.cc:137] [Task #0: main] Trial #2: GFLOPs: 4.7942. Time: 15747.6710 us. Best GFLOPs: 24.9401
2026-04-14 01:37:02 [INFO] [task_scheduler.cc:137] [Task #0: main] Trial #3: GFLOPs: 32.8918. Time: 2295.3271 us. Best GFLOPs: 32.8918
2026-04-14 01:37:02 [INFO] [task_scheduler.cc:137] [Task #0: main] Trial #4: GFLOPs: 12.5898. Time: 5996.7314 us. Best GFLOPs: 32.8918
2026-04-14 01:37:02 [INFO] [task_scheduler.cc:137] [Task #0: main] Trial #5: GFLOPs: 43.1592. Time: 1749.2803 us. Best GFLOPs: 43.1592
2026-04-14 01:37:02 [INFO] [task_scheduler.cc:137] [Task #0: main] Trial #6: GFLOPs: 10.0629. Time: 7502.5450 us. Best GFLOPs: 43.1592
2026-04-14 01:37:02 [INFO] [task_scheduler.cc:137] [Task #0: main] Trial #7: GFLOPs: 12.6998. Time: 5944.7784 us. Best GFLOPs: 43.1592
2026-04-14 01:37:02 [INFO] [task_scheduler.cc:137] [Task #0: main] Trial #8: GFLOPs: 35.1807. Time: 2145.9890 us. Best GFLOPs: 43.1592
2026-04-14 01:37:02 [INFO] [task_scheduler.cc:137] [Task #0: main] Trial #9: GFLOPs: 4.5268. Time: 16677.8017 us. Best GFLOPs: 43.1592
2026-04-14 01:37:02 [INFO] [task_scheduler.cc:137] [Task #0: main] Trial #10: GFLOPs: 35.0131. Time: 2156.2664 us. Best GFLOPs: 43.1592
2026-04-14 01:37:02 [INFO] [task_scheduler.cc:137] [Task #0: main] Trial #11: GFLOPs: 54.9298. Time: 1374.4351 us. Best GFLOPs: 54.9298
2026-04-14 01:37:02 [INFO] [task_scheduler.cc:137] [Task #0: main] Trial #12: GFLOPs: 15.1340. Time: 4988.6118 us. Best GFLOPs: 54.9298
2026-04-14 01:37:02 [INFO] [task_scheduler.cc:137] [Task #0: main] Trial #13: GFLOPs: 20.9306. Time: 3607.0331 us. Best GFLOPs: 54.9298
2026-04-14 01:37:02 [INFO] [task_scheduler.cc:137] [Task #0: main] Trial #14: GFLOPs: 41.8199. Time: 1805.3017 us. Best GFLOPs: 54.9298
2026-04-14 01:37:02 [INFO] [task_scheduler.cc:137] [Task #0: main] Trial #15: GFLOPs: 22.8702. Time: 3301.1340 us. Best GFLOPs: 54.9298
2026-04-14 01:37:02 [INFO] [task_scheduler.cc:137] [Task #0: main] Trial #16: GFLOPs: 51.9867. Time: 1452.2454 us. Best GFLOPs: 54.9298
2026-04-14 01:37:02 [INFO] [task_scheduler.cc:137] [Task #0: main] Trial #17: GFLOPs: 37.9504. Time: 1989.3718 us. Best GFLOPs: 54.9298
2026-04-14 01:37:02 [INFO] [task_scheduler.cc:137] [Task #0: main] Trial #18: GFLOPs: 60.5627. Time: 1246.6005 us. Best GFLOPs: 60.5627
2026-04-14 01:37:02 [INFO] [task_scheduler.cc:137] [Task #0: main] Trial #19: GFLOPs: 37.5462. Time: 2010.7880 us. Best GFLOPs: 60.5627
2026-04-14 01:37:02 [INFO] [task_scheduler.cc:137] [Task #0: main] Trial #20: GFLOPs: 5.4568. Time: 13835.5670 us. Best GFLOPs: 60.5627
2026-04-14 01:37:02 [INFO] [task_scheduler.cc:137] [Task #0: main] Trial #21: GFLOPs: 21.3211. Time: 3540.9771 us. Best GFLOPs: 60.5627
2026-04-14 01:37:02 [INFO] [task_scheduler.cc:137] [Task #0: main] Trial #22: GFLOPs: 13.0309. Time: 5793.7127 us. Best GFLOPs: 60.5627
2026-04-14 01:37:02 [INFO] [task_scheduler.cc:137] [Task #0: main] Trial #23: GFLOPs: 22.0567. Time: 3422.8745 us. Best GFLOPs: 60.5627
2026-04-14 01:37:02 [INFO] [task_scheduler.cc:137] [Task #0: main] Trial #24: GFLOPs: 50.1629. Time: 1505.0468 us. Best GFLOPs: 60.5627
2026-04-14 01:37:02 [INFO] [task_scheduler.cc:137] [Task #0: main] Trial #25: GFLOPs: 10.0331. Time: 7524.8571 us. Best GFLOPs: 60.5627
2026-04-14 01:37:02 [INFO] [task_scheduler.cc:137] [Task #0: main] Trial #26: GFLOPs: 20.5203. Time: 3679.1633 us. Best GFLOPs: 60.5627
2026-04-14 01:37:02 [INFO] [task_scheduler.cc:137] [Task #0: main] Trial #27: GFLOPs: 33.3760. Time: 2262.0277 us. Best GFLOPs: 60.5627
2026-04-14 01:37:02 [INFO] [task_scheduler.cc:137] [Task #0: main] Trial #28: GFLOPs: 13.8769. Time: 5440.5285 us. Best GFLOPs: 60.5627
2026-04-14 01:37:02 [INFO] [task_scheduler.cc:137] [Task #0: main] Trial #29: GFLOPs: 5.2157. Time: 14475.1660 us. Best GFLOPs: 60.5627
2026-04-14 01:37:02 [INFO] [task_scheduler.cc:137] [Task #0: main] Trial #30: GFLOPs: 25.7103. Time: 2936.4656 us. Best GFLOPs: 60.5627
2026-04-14 01:37:02 [INFO] [task_scheduler.cc:137] [Task #0: main] Trial #31: GFLOPs: 14.6956. Time: 5137.4298 us. Best GFLOPs: 60.5627
2026-04-14 01:37:02 [INFO] [task_scheduler.cc:137] [Task #0: main] Trial #32: GFLOPs: 34.5547. Time: 2184.8715 us. Best GFLOPs: 60.5627
2026-04-14 01:37:02 [INFO] [task_scheduler.cc:137] [Task #0: main] Trial #33: GFLOPs: 7.8456. Time: 9622.8532 us. Best GFLOPs: 60.5627
2026-04-14 01:37:02 [INFO] [task_scheduler.cc:137] [Task #0: main] Trial #34: GFLOPs: 52.9776. Time: 1425.0819 us. Best GFLOPs: 60.5627
2026-04-14 01:37:02 [INFO] [task_scheduler.cc:137] [Task #0: main] Trial #35: GFLOPs: 2.0110. Time: 37543.0590 us. Best GFLOPs: 60.5627
2026-04-14 01:37:02 [INFO] [task_scheduler.cc:137] [Task #0: main] Trial #36: GFLOPs: 67.9829. Time: 1110.5356 us. Best GFLOPs: 67.9829
2026-04-14 01:37:02 [INFO] [task_scheduler.cc:137] [Task #0: main] Trial #37: GFLOPs: 51.8891. Time: 1454.9764 us. Best GFLOPs: 67.9829
2026-04-14 01:37:02 [INFO] [task_scheduler.cc:137] [Task #0: main] Trial #38: GFLOPs: 21.3487. Time: 3536.3966 us. Best GFLOPs: 67.9829
2026-04-14 01:37:02 [INFO] [task_scheduler.cc:137] [Task #0: main] Trial #39: GFLOPs: 32.9765. Time: 2289.4343 us. Best GFLOPs: 67.9829
2026-04-14 01:37:02 [INFO] [task_scheduler.cc:137] [Task #0: main] Trial #40: GFLOPs: 4.7025. Time: 16054.8927 us. Best GFLOPs: 67.9829
2026-04-14 01:37:02 [INFO] [task_scheduler.cc:137] [Task #0: main] Trial #41: GFLOPs: 15.4283. Time: 4893.4328 us. Best GFLOPs: 67.9829
2026-04-14 01:37:02 [INFO] [task_scheduler.cc:137] [Task #0: main] Trial #42: GFLOPs: 67.0112. Time: 1126.6404 us. Best GFLOPs: 67.9829
2026-04-14 01:37:02 [INFO] [task_scheduler.cc:137] [Task #0: main] Trial #43: GFLOPs: 61.9261. Time: 1219.1539 us. Best GFLOPs: 67.9829
2026-04-14 01:37:02 [INFO] [task_scheduler.cc:137] [Task #0: main] Trial #44: GFLOPs: 25.8427. Time: 2921.4285 us. Best GFLOPs: 67.9829
2026-04-14 01:37:02 [INFO] [task_scheduler.cc:137] [Task #0: main] Trial #45: GFLOPs: 33.7031. Time: 2240.0757 us. Best GFLOPs: 67.9829
2026-04-14 01:37:02 [INFO] [task_scheduler.cc:137] [Task #0: main] Trial #46: GFLOPs: 17.0094. Time: 4438.5865 us. Best GFLOPs: 67.9829
2026-04-14 01:37:02 [INFO] [task_scheduler.cc:137] [Task #0: main] Trial #47: GFLOPs: 5.5644. Time: 13567.8628 us. Best GFLOPs: 67.9829
2026-04-14 01:37:02 [INFO] [task_scheduler.cc:137] [Task #0: main] Trial #48: GFLOPs: 37.4789. Time: 2014.4017 us. Best GFLOPs: 67.9829
2026-04-14 01:37:02 [INFO] [task_scheduler.cc:137] [Task #0: main] Trial #49: GFLOPs: 41.2014. Time: 1832.4014 us. Best GFLOPs: 67.9829
2026-04-14 01:37:02 [INFO] [task_scheduler.cc:137] [Task #0: main] Trial #50: GFLOPs: 20.3878. Time: 3703.0732 us. Best GFLOPs: 67.9829
2026-04-14 01:37:02 [INFO] [task_scheduler.cc:137] [Task #0: main] Trial #51: GFLOPs: 42.3456. Time: 1782.8871 us. Best GFLOPs: 67.9829
2026-04-14 01:37:02 [INFO] [task_scheduler.cc:137] [Task #0: main] Trial #52: GFLOPs: 32.5597. Time: 2318.7431 us. Best GFLOPs: 67.9829
2026-04-14 01:37:02 [INFO] [task_scheduler.cc:137] [Task #0: main] Trial #53: GFLOPs: 38.6788. Time: 1951.9097 us. Best GFLOPs: 67.9829
2026-04-14 01:37:02 [INFO] [task_scheduler.cc:137] [Task #0: main] Trial #54: GFLOPs: 8.5841. Time: 8794.9928 us. Best GFLOPs: 67.9829
2026-04-14 01:37:02 [INFO] [task_scheduler.cc:137] [Task #0: main] Trial #55: GFLOPs: 35.3465. Time: 2135.9242 us. Best GFLOPs: 67.9829
2026-04-14 01:37:02 [INFO] [task_scheduler.cc:137] [Task #0: main] Trial #56: GFLOPs: 55.9508. Time: 1349.3535 us. Best GFLOPs: 67.9829
2026-04-14 01:37:02 [INFO] [task_scheduler.cc:137] [Task #0: main] Trial #57: GFLOPs: 31.4800. Time: 2398.2702 us. Best GFLOPs: 67.9829
2026-04-14 01:37:02 [INFO] [task_scheduler.cc:137] [Task #0: main] Trial #58: GFLOPs: 43.1111. Time: 1751.2286 us. Best GFLOPs: 67.9829
2026-04-14 01:37:02 [INFO] [task_scheduler.cc:137] [Task #0: main] Trial #59: GFLOPs: 14.1735. Time: 5326.6694 us. Best GFLOPs: 67.9829
2026-04-14 01:37:02 [INFO] [task_scheduler.cc:137] [Task #0: main] Trial #60: GFLOPs: 1.8837. Time: 40079.2015 us. Best GFLOPs: 67.9829
2026-04-14 01:37:02 [INFO] [task_scheduler.cc:137] [Task #0: main] Trial #61: GFLOPs: 9.4862. Time: 7958.6662 us. Best GFLOPs: 67.9829
2026-04-14 01:37:02 [INFO] [task_scheduler.cc:137] [Task #0: main] Trial #62: GFLOPs: 47.0836. Time: 1603.4782 us. Best GFLOPs: 67.9829
2026-04-14 01:37:02 [INFO] [task_scheduler.cc:137] [Task #0: main] Trial #63: GFLOPs: 46.0600. Time: 1639.1114 us. Best GFLOPs: 67.9829
2026-04-14 01:37:02 [INFO] [task_scheduler.cc:137] [Task #0: main] Trial #64: GFLOPs: 24.2457. Time: 3113.8517 us. Best GFLOPs: 67.9829
2026-04-14 01:37:02 [INFO] [evolutionary_search.cc:711] Generating candidates......
2026-04-14 01:37:02 [INFO] [evolutionary_search.cc:713] Picked top 92 candidate(s) from database
2026-04-14 01:37:02 [INFO] [evolutionary_search.cc:530] Sample-Init-Population summary:
Postproc #0 [meta_schedule.DisallowDynamicLoop(0x60fddd02b5d8)]: 0 failure(s)
Postproc #1 [meta_schedule.RewriteParallelVectorizeUnroll(0x60fddc962af8)]: 0 failure(s)
Postproc #2 [meta_schedule.RewriteReductionBlock(0x60fddc6756a8)]: 0 failure(s)
Postproc #3 [meta_schedule.RewriteLayout(0x60fddc7c55e8)]: 0 failure(s)
2026-04-14 01:37:02 [INFO] [evolutionary_search.cc:721] Sampled 368 candidate(s)
2026-04-14 01:37:03 [INFO] [evolutionary_search.cc:619] Evolve iter #0 done. Summary:
Postproc #0 [meta_schedule.DisallowDynamicLoop(0x60fddd02b5d8)]: 0 failure(s)
Postproc #1 [meta_schedule.RewriteParallelVectorizeUnroll(0x60fddc962af8)]: 0 failure(s)
Postproc #2 [meta_schedule.RewriteReductionBlock(0x60fddc6756a8)]: 0 failure(s)
Postproc #3 [meta_schedule.RewriteLayout(0x60fddc7c55e8)]: 0 failure(s)
2026-04-14 01:37:03 [INFO] [evolutionary_search.cc:619] Evolve iter #1 done. Summary:
Postproc #0 [meta_schedule.DisallowDynamicLoop(0x60fddd02b5d8)]: 0 failure(s)
Postproc #1 [meta_schedule.RewriteParallelVectorizeUnroll(0x60fddc962af8)]: 0 failure(s)
Postproc #2 [meta_schedule.RewriteReductionBlock(0x60fddc6756a8)]: 0 failure(s)
Postproc #3 [meta_schedule.RewriteLayout(0x60fddc7c55e8)]: 0 failure(s)
2026-04-14 01:37:03 [INFO] [evolutionary_search.cc:619] Evolve iter #2 done. Summary:
Postproc #0 [meta_schedule.DisallowDynamicLoop(0x60fddd02b5d8)]: 0 failure(s)
Postproc #1 [meta_schedule.RewriteParallelVectorizeUnroll(0x60fddc962af8)]: 0 failure(s)
Postproc #2 [meta_schedule.RewriteReductionBlock(0x60fddc6756a8)]: 0 failure(s)
Postproc #3 [meta_schedule.RewriteLayout(0x60fddc7c55e8)]: 0 failure(s)
2026-04-14 01:37:04 [INFO] [evolutionary_search.cc:647] Scores of the best 13 candidates:
[1 : 13]:	0.9996  0.9995  0.9992  0.9983  0.9979  0.9973  0.9967  0.9962  0.9962  0.9960  0.9950  0.9934  0.9907
2026-04-14 01:37:04 [INFO] [evolutionary_search.cc:725] Got 13 candidate(s) with evolutionary search
2026-04-14 01:37:04 [INFO] [evolutionary_search.cc:728] Sending 13 candidates(s) for measurement
2026-04-14 01:37:19 [INFO] [task_scheduler.cc:137] [Task #0: main] Trial #65: GFLOPs: 10.0868. Time: 7484.7467 us. Best GFLOPs: 67.9829
2026-04-14 01:37:19 [INFO] [task_scheduler.cc:137] [Task #0: main] Trial #66: GFLOPs: 45.4385. Time: 1661.5314 us. Best GFLOPs: 67.9829
2026-04-14 01:37:19 [INFO] [task_scheduler.cc:137] [Task #0: main] Trial #67: GFLOPs: 34.0976. Time: 2214.1592 us. Best GFLOPs: 67.9829
2026-04-14 01:37:19 [INFO] [task_scheduler.cc:137] [Task #0: main] Trial #68: GFLOPs: 28.7746. Time: 2623.7576 us. Best GFLOPs: 67.9829
2026-04-14 01:37:19 [INFO] [task_scheduler.cc:137] [Task #0: main] Trial #69: GFLOPs: 28.1182. Time: 2685.0034 us. Best GFLOPs: 67.9829
2026-04-14 01:37:19 [INFO] [task_scheduler.cc:137] [Task #0: main] Trial #70: GFLOPs: 46.2702. Time: 1631.6653 us. Best GFLOPs: 67.9829
2026-04-14 01:37:19 [INFO] [task_scheduler.cc:137] [Task #0: main] Trial #71: GFLOPs: 24.2180. Time: 3117.4157 us. Best GFLOPs: 67.9829
2026-04-14 01:37:19 [INFO] [task_scheduler.cc:137] [Task #0: main] Trial #72: GFLOPs: 55.5839. Time: 1358.2621 us. Best GFLOPs: 67.9829
2026-04-14 01:37:19 [INFO] [task_scheduler.cc:137] [Task #0: main] Trial #73: GFLOPs: 34.1029. Time: 2213.8127 us. Best GFLOPs: 67.9829
2026-04-14 01:37:19 [INFO] [task_scheduler.cc:137] [Task #0: main] Trial #74: GFLOPs: 49.8397. Time: 1514.8051 us. Best GFLOPs: 67.9829
2026-04-14 01:37:19 [INFO] [task_scheduler.cc:137] [Task #0: main] Trial #75: GFLOPs: 38.8442. Time: 1943.5974 us. Best GFLOPs: 67.9829
2026-04-14 01:37:19 [INFO] [task_scheduler.cc:137] [Task #0: main] Trial #76: GFLOPs: 61.9269. Time: 1219.1379 us. Best GFLOPs: 67.9829
2026-04-14 01:37:19 [INFO] [task_scheduler.cc:137] [Task #0: main] Trial #77: GFLOPs: 24.1971. Time: 3120.1078 us. Best GFLOPs: 67.9829
