2026-04-07 16:52:44 [INFO] [task_scheduler.cc:166] Initializing Task #0: "main"
2026-04-07 16:52:44 [INFO] [task_scheduler.cc:41] 
# from tvm.script import ir as I
# from tvm.script import tir as T

@I.ir_module
class Module:
    @T.prim_func
    def main(A: T.Buffer((128, 3072), "float32"), B: T.Buffer((3072, 768), "float32"), C: T.Buffer((128, 768), "float32")):
        T.func_attr({"tir.noalias": True})
        # with T.block("root"):
        for i, j, k in T.grid(128, 768, 3072):
            with T.block("C"):
                vi, vj, vk = T.axis.remap("SSR", [i, j, k])
                T.reads(A[vi, vk], B[vk, vj])
                T.writes(C[vi, vj])
                with T.init():
                    C[vi, vj] = T.float32(0.0)
                C[vi, vj] = C[vi, vj] + A[vi, vk] * B[vk, vj]
2026-04-07 16:52:44 [INFO] [task_scheduler.cc:170] Total 3 design space(s) generated
2026-04-07 16:52:44 [INFO] [task_scheduler.cc:176] Design space #0:
# from tvm.script import ir as I
# from tvm.script import tir as T

@I.ir_module
class Module:
    @T.prim_func
    def main(A: T.Buffer((128, 3072), "float32"), B: T.Buffer((3072, 768), "float32"), C: T.Buffer((128, 768), "float32")):
        T.func_attr({"tir.noalias": True})
        with T.block("root"):
            T.reads()
            T.writes()
            T.block_attr({"meta_schedule.parallel": 128, "meta_schedule.unroll_explicit": 16, "meta_schedule.vectorize": 64})
            C_global = T.alloc_buffer((128, 768))
            for i_0, j_0, i_1, j_1 in T.grid(2, 24, 1, 2):
                for k_0, i_2, j_2, k_1, i_3, j_3 in T.grid(384, 8, 8, 8, 8, 2):
                    with T.block("C"):
                        vi = T.axis.spatial(128, i_0 * 64 + i_1 * 64 + i_2 * 8 + i_3)
                        vj = T.axis.spatial(768, j_0 * 32 + j_1 * 16 + j_2 * 2 + j_3)
                        vk = T.axis.reduce(3072, k_0 * 8 + k_1)
                        T.reads(A[vi, vk], B[vk, vj])
                        T.writes(C_global[vi, vj])
                        T.block_attr({"meta_schedule.tiling_structure": "SSRSRS"})
                        with T.init():
                            C_global[vi, vj] = T.float32(0.0)
                        C_global[vi, vj] = C_global[vi, vj] + A[vi, vk] * B[vk, vj]
                for ax0, ax1 in T.grid(64, 16):
                    with T.block("C_global"):
                        v0 = T.axis.spatial(128, i_0 * 64 + ax0)
                        v1 = T.axis.spatial(768, j_0 * 32 + j_1 * 16 + ax1)
                        T.reads(C_global[v0, v1])
                        T.writes(C[v0, v1])
                        C[v0, v1] = C_global[v0, v1]
b0 = sch.get_block(name="C", func_name="main")
b1 = sch.get_block(name="root", func_name="main")
sch.annotate(block_or_loop=b0, ann_key="meta_schedule.tiling_structure", ann_val="SSRSRS")
l2, l3, l4 = sch.get_loops(block=b0)
v5, v6, v7, v8 = sch.sample_perfect_tile(loop=l2, n=4, max_innermost_factor=64, decision=[2, 1, 8, 8])
l9, l10, l11, l12 = sch.split(loop=l2, factors=[v5, v6, v7, v8], preserve_unit_iters=True, disable_predication=False)
v13, v14, v15, v16 = sch.sample_perfect_tile(loop=l3, n=4, max_innermost_factor=64, decision=[24, 2, 8, 2])
l17, l18, l19, l20 = sch.split(loop=l3, factors=[v13, v14, v15, v16], preserve_unit_iters=True, disable_predication=False)
v21, v22 = sch.sample_perfect_tile(loop=l4, n=2, max_innermost_factor=64, decision=[384, 8])
l23, l24 = sch.split(loop=l4, factors=[v21, v22], preserve_unit_iters=True, disable_predication=False)
sch.reorder(l9, l17, l10, l18, l23, l11, l19, l24, l12, l20)
b25 = sch.cache_write(block=b0, write_buffer_index=0, storage_scope="global")
sch.reverse_compute_at(block=b25, loop=l18, preserve_unit_loops=True, index=-1)
sch.annotate(block_or_loop=b1, ann_key="meta_schedule.parallel", ann_val=128)
sch.annotate(block_or_loop=b1, ann_key="meta_schedule.vectorize", ann_val=64)
v26 = sch.sample_categorical(candidates=[0, 16, 64, 512], probs=[0.25, 0.25, 0.25, 0.25], decision=1)
sch.annotate(block_or_loop=b1, ann_key="meta_schedule.unroll_explicit", ann_val=v26)
2026-04-07 16:52:44 [INFO] [task_scheduler.cc:176] Design space #1:
# from tvm.script import ir as I
# from tvm.script import tir as T

@I.ir_module
class Module:
    @T.prim_func
    def main(A: T.Buffer((128, 3072), "float32"), B: T.Buffer((3072, 768), "float32"), C: T.Buffer((128, 768), "float32")):
        T.func_attr({"tir.noalias": True})
        with T.block("root"):
            T.reads()
            T.writes()
            T.block_attr({"meta_schedule.parallel": 128, "meta_schedule.unroll_explicit": 0, "meta_schedule.vectorize": 64})
            C_global = T.alloc_buffer((128, 768))
            for i_0, j_0 in T.grid(2, 24):
                for i_1, j_1, k_0, i_2, j_2, k_1, i_3, j_3 in T.grid(1, 2, 384, 8, 8, 8, 8, 2):
                    with T.block("C"):
                        vi = T.axis.spatial(128, i_0 * 64 + i_1 * 64 + i_2 * 8 + i_3)
                        vj = T.axis.spatial(768, j_0 * 32 + j_1 * 16 + j_2 * 2 + j_3)
                        vk = T.axis.reduce(3072, k_0 * 8 + k_1)
                        T.reads(A[vi, vk], B[vk, vj])
                        T.writes(C_global[vi, vj])
                        T.block_attr({"meta_schedule.tiling_structure": "SSRSRS"})
                        with T.init():
                            C_global[vi, vj] = T.float32(0.0)
                        C_global[vi, vj] = C_global[vi, vj] + A[vi, vk] * B[vk, vj]
                for ax0, ax1 in T.grid(64, 32):
                    with T.block("C_global"):
                        v0 = T.axis.spatial(128, i_0 * 64 + ax0)
                        v1 = T.axis.spatial(768, j_0 * 32 + ax1)
                        T.reads(C_global[v0, v1])
                        T.writes(C[v0, v1])
                        C[v0, v1] = C_global[v0, v1]
b0 = sch.get_block(name="C", func_name="main")
b1 = sch.get_block(name="root", func_name="main")
sch.annotate(block_or_loop=b0, ann_key="meta_schedule.tiling_structure", ann_val="SSRSRS")
l2, l3, l4 = sch.get_loops(block=b0)
v5, v6, v7, v8 = sch.sample_perfect_tile(loop=l2, n=4, max_innermost_factor=64, decision=[2, 1, 8, 8])
l9, l10, l11, l12 = sch.split(loop=l2, factors=[v5, v6, v7, v8], preserve_unit_iters=True, disable_predication=False)
v13, v14, v15, v16 = sch.sample_perfect_tile(loop=l3, n=4, max_innermost_factor=64, decision=[24, 2, 8, 2])
l17, l18, l19, l20 = sch.split(loop=l3, factors=[v13, v14, v15, v16], preserve_unit_iters=True, disable_predication=False)
v21, v22 = sch.sample_perfect_tile(loop=l4, n=2, max_innermost_factor=64, decision=[384, 8])
l23, l24 = sch.split(loop=l4, factors=[v21, v22], preserve_unit_iters=True, disable_predication=False)
sch.reorder(l9, l17, l10, l18, l23, l11, l19, l24, l12, l20)
b25 = sch.cache_write(block=b0, write_buffer_index=0, storage_scope="global")
sch.reverse_compute_at(block=b25, loop=l17, preserve_unit_loops=True, index=-1)
sch.annotate(block_or_loop=b1, ann_key="meta_schedule.parallel", ann_val=128)
sch.annotate(block_or_loop=b1, ann_key="meta_schedule.vectorize", ann_val=64)
v26 = sch.sample_categorical(candidates=[0, 16, 64, 512], probs=[0.25, 0.25, 0.25, 0.25], decision=0)
sch.annotate(block_or_loop=b1, ann_key="meta_schedule.unroll_explicit", ann_val=v26)
2026-04-07 16:52:44 [INFO] [task_scheduler.cc:176] Design space #2:
# from tvm.script import ir as I
# from tvm.script import tir as T

@I.ir_module
class Module:
    @T.prim_func
    def main(A: T.Buffer((128, 3072), "float32"), B: T.Buffer((3072, 768), "float32"), C: T.Buffer((128, 768), "float32")):
        T.func_attr({"tir.noalias": True})
        with T.block("root"):
            T.reads()
            T.writes()
            T.block_attr({"meta_schedule.parallel": 128, "meta_schedule.unroll_explicit": 0, "meta_schedule.vectorize": 64})
            for i_0, j_0, i_1, j_1, k_0, i_2, j_2, k_1, i_3, j_3 in T.grid(2, 24, 1, 2, 384, 8, 8, 8, 8, 2):
                with T.block("C"):
                    vi = T.axis.spatial(128, i_0 * 64 + i_1 * 64 + i_2 * 8 + i_3)
                    vj = T.axis.spatial(768, j_0 * 32 + j_1 * 16 + j_2 * 2 + j_3)
                    vk = T.axis.reduce(3072, k_0 * 8 + k_1)
                    T.reads(A[vi, vk], B[vk, vj])
                    T.writes(C[vi, vj])
                    T.block_attr({"meta_schedule.tiling_structure": "SSRSRS"})
                    with T.init():
                        C[vi, vj] = T.float32(0.0)
                    C[vi, vj] = C[vi, vj] + A[vi, vk] * B[vk, vj]
b0 = sch.get_block(name="C", func_name="main")
b1 = sch.get_block(name="root", func_name="main")
sch.annotate(block_or_loop=b0, ann_key="meta_schedule.tiling_structure", ann_val="SSRSRS")
l2, l3, l4 = sch.get_loops(block=b0)
v5, v6, v7, v8 = sch.sample_perfect_tile(loop=l2, n=4, max_innermost_factor=64, decision=[2, 1, 8, 8])
l9, l10, l11, l12 = sch.split(loop=l2, factors=[v5, v6, v7, v8], preserve_unit_iters=True, disable_predication=False)
v13, v14, v15, v16 = sch.sample_perfect_tile(loop=l3, n=4, max_innermost_factor=64, decision=[24, 2, 8, 2])
l17, l18, l19, l20 = sch.split(loop=l3, factors=[v13, v14, v15, v16], preserve_unit_iters=True, disable_predication=False)
v21, v22 = sch.sample_perfect_tile(loop=l4, n=2, max_innermost_factor=64, decision=[384, 8])
l23, l24 = sch.split(loop=l4, factors=[v21, v22], preserve_unit_iters=True, disable_predication=False)
sch.reorder(l9, l17, l10, l18, l23, l11, l19, l24, l12, l20)
sch.annotate(block_or_loop=b1, ann_key="meta_schedule.parallel", ann_val=128)
sch.annotate(block_or_loop=b1, ann_key="meta_schedule.vectorize", ann_val=64)
v25 = sch.sample_categorical(candidates=[0, 16, 64, 512], probs=[0.25, 0.25, 0.25, 0.25], decision=0)
sch.annotate(block_or_loop=b1, ann_key="meta_schedule.unroll_explicit", ann_val=v25)
2026-04-07 16:52:44 [INFO] [evolutionary_search.cc:711] Generating candidates......
2026-04-07 16:52:44 [INFO] [evolutionary_search.cc:713] Picked top 0 candidate(s) from database
2026-04-07 16:52:44 [INFO] [evolutionary_search.cc:530] Sample-Init-Population summary:
Postproc #0 [meta_schedule.DisallowDynamicLoop(0x5bdf4220a068)]: 0 failure(s)
Postproc #1 [meta_schedule.RewriteParallelVectorizeUnroll(0x5bdf41eea838)]: 0 failure(s)
Postproc #2 [meta_schedule.RewriteReductionBlock(0x5bdf41e61128)]: 0 failure(s)
Postproc #3 [meta_schedule.RewriteLayout(0x5bdf4262fd68)]: 0 failure(s)
2026-04-07 16:52:44 [INFO] [evolutionary_search.cc:721] Sampled 614 candidate(s)
2026-04-07 16:52:44 [INFO] [evolutionary_search.cc:619] Evolve iter #0 done. Summary:
Postproc #0 [meta_schedule.DisallowDynamicLoop(0x5bdf4220a068)]: 0 failure(s)
Postproc #1 [meta_schedule.RewriteParallelVectorizeUnroll(0x5bdf41eea838)]: 0 failure(s)
Postproc #2 [meta_schedule.RewriteReductionBlock(0x5bdf41e61128)]: 0 failure(s)
Postproc #3 [meta_schedule.RewriteLayout(0x5bdf4262fd68)]: 0 failure(s)
2026-04-07 16:52:45 [INFO] [evolutionary_search.cc:619] Evolve iter #1 done. Summary:
Postproc #0 [meta_schedule.DisallowDynamicLoop(0x5bdf4220a068)]: 0 failure(s)
Postproc #1 [meta_schedule.RewriteParallelVectorizeUnroll(0x5bdf41eea838)]: 0 failure(s)
Postproc #2 [meta_schedule.RewriteReductionBlock(0x5bdf41e61128)]: 0 failure(s)
Postproc #3 [meta_schedule.RewriteLayout(0x5bdf4262fd68)]: 0 failure(s)
2026-04-07 16:52:45 [INFO] [evolutionary_search.cc:619] Evolve iter #2 done. Summary:
Postproc #0 [meta_schedule.DisallowDynamicLoop(0x5bdf4220a068)]: 0 failure(s)
Postproc #1 [meta_schedule.RewriteParallelVectorizeUnroll(0x5bdf41eea838)]: 0 failure(s)
Postproc #2 [meta_schedule.RewriteReductionBlock(0x5bdf41e61128)]: 0 failure(s)
Postproc #3 [meta_schedule.RewriteLayout(0x5bdf4262fd68)]: 0 failure(s)
2026-04-07 16:52:45 [INFO] [evolutionary_search.cc:619] Evolve iter #3 done. Summary:
Postproc #0 [meta_schedule.DisallowDynamicLoop(0x5bdf4220a068)]: 0 failure(s)
Postproc #1 [meta_schedule.RewriteParallelVectorizeUnroll(0x5bdf41eea838)]: 0 failure(s)
Postproc #2 [meta_schedule.RewriteReductionBlock(0x5bdf41e61128)]: 0 failure(s)
Postproc #3 [meta_schedule.RewriteLayout(0x5bdf4262fd68)]: 0 failure(s)
2026-04-07 16:52:45 [INFO] [evolutionary_search.cc:647] Scores of the best 64 candidates:
[1 : 16]:	0.9997  0.9997  0.9995  0.9986  0.9974  0.9967  0.9962  0.9960  0.9959  0.9958  0.9957  0.9956  0.9952  0.9951  0.9946  0.9943
[17 : 32]:	0.9934  0.9934  0.9925  0.9923  0.9922  0.9921  0.9921  0.9913  0.9910  0.9909  0.9909  0.9906  0.9904  0.9903  0.9900  0.9899
[33 : 48]:	0.9888  0.9885  0.9884  0.9878  0.9877  0.9872  0.9871  0.9868  0.9866  0.9863  0.9859  0.9859  0.9857  0.9848  0.9834  0.9827
[49 : 64]:	0.9827  0.9826  0.9825  0.9821  0.9818  0.9818  0.9818  0.9807  0.9803  0.9798  0.9796  0.9787  0.9782  0.9779  0.9778  0.9773
2026-04-07 16:52:45 [INFO] [evolutionary_search.cc:725] Got 64 candidate(s) with evolutionary search
2026-04-07 16:52:45 [INFO] [evolutionary_search.cc:728] Sending 64 candidates(s) for measurement
2026-04-07 16:53:14 [INFO] [task_scheduler.cc:137] [Task #0: main] Trial #1: GFLOPs: 94.9897. Time: 6358.3735 us. Best GFLOPs: 94.9897
2026-04-07 16:53:14 [INFO] [task_scheduler.cc:137] [Task #0: main] Trial #2: GFLOPs: 25.4346. Time: 23746.3517 us. Best GFLOPs: 94.9897
2026-04-07 16:53:14 [INFO] [task_scheduler.cc:137] [Task #0: main] Trial #3: GFLOPs: 46.6985. Time: 12933.6002 us. Best GFLOPs: 94.9897
2026-04-07 16:53:14 [INFO] [task_scheduler.cc:137] [Task #0: main] Trial #4: GFLOPs: 26.4578. Time: 22828.0077 us. Best GFLOPs: 94.9897
2026-04-07 16:53:14 [INFO] [task_scheduler.cc:137] [Task #0: main] Trial #5: GFLOPs: 27.4973. Time: 21965.0967 us. Best GFLOPs: 94.9897
2026-04-07 16:53:14 [INFO] [task_scheduler.cc:137] [Task #0: main] Trial #6: GFLOPs: 17.3994. Time: 34712.6340 us. Best GFLOPs: 94.9897
2026-04-07 16:53:14 [INFO] [task_scheduler.cc:137] [Task #0: main] Trial #7: GFLOPs: 20.2240. Time: 29864.4487 us. Best GFLOPs: 94.9897
2026-04-07 16:53:14 [INFO] [task_scheduler.cc:137] [Task #0: main] Trial #8: GFLOPs: 37.2404. Time: 16218.4145 us. Best GFLOPs: 94.9897
2026-04-07 16:53:14 [INFO] [task_scheduler.cc:137] [Task #0: main] Trial #9: GFLOPs: 61.2640. Time: 9858.6366 us. Best GFLOPs: 94.9897
2026-04-07 16:53:14 [INFO] [task_scheduler.cc:137] [Task #0: main] Trial #10: GFLOPs: 43.4607. Time: 13897.1426 us. Best GFLOPs: 94.9897
2026-04-07 16:53:14 [INFO] [task_scheduler.cc:137] [Task #0: main] Trial #11: GFLOPs: 68.3053. Time: 8842.3514 us. Best GFLOPs: 94.9897
2026-04-07 16:53:14 [INFO] [task_scheduler.cc:137] [Task #0: main] Trial #12: GFLOPs: 10.8224. Time: 55808.3843 us. Best GFLOPs: 94.9897
2026-04-07 16:53:14 [INFO] [task_scheduler.cc:137] [Task #0: main] Trial #13: GFLOPs: 39.6167. Time: 15245.5745 us. Best GFLOPs: 94.9897
2026-04-07 16:53:14 [INFO] [task_scheduler.cc:137] [Task #0: main] Trial #14: GFLOPs: 42.1151. Time: 14341.1740 us. Best GFLOPs: 94.9897
2026-04-07 16:53:14 [INFO] [task_scheduler.cc:137] [Task #0: main] Trial #15: GFLOPs: 58.0535. Time: 10403.8497 us. Best GFLOPs: 94.9897
2026-04-07 16:53:14 [INFO] [task_scheduler.cc:137] [Task #0: main] Trial #16: GFLOPs: 3.1360. Time: 192595.4560 us. Best GFLOPs: 94.9897
2026-04-07 16:53:14 [INFO] [task_scheduler.cc:137] [Task #0: main] Trial #17: GFLOPs: 27.3487. Time: 22084.3840 us. Best GFLOPs: 94.9897
2026-04-07 16:53:14 [INFO] [task_scheduler.cc:137] [Task #0: main] Trial #18: GFLOPs: 37.1112. Time: 16274.8845 us. Best GFLOPs: 94.9897
2026-04-07 16:53:14 [INFO] [task_scheduler.cc:137] [Task #0: main] Trial #19: GFLOPs: 54.8505. Time: 11011.3730 us. Best GFLOPs: 94.9897
2026-04-07 16:53:14 [INFO] [task_scheduler.cc:137] [Task #0: main] Trial #20: GFLOPs: 10.8322. Time: 55757.7290 us. Best GFLOPs: 94.9897
2026-04-07 16:53:14 [INFO] [task_scheduler.cc:137] [Task #0: main] Trial #21: GFLOPs: 39.4937. Time: 15293.0545 us. Best GFLOPs: 94.9897
2026-04-07 16:53:14 [INFO] [task_scheduler.cc:137] [Task #0: main] Trial #22: GFLOPs: 85.6884. Time: 7048.5618 us. Best GFLOPs: 94.9897
2026-04-07 16:53:14 [INFO] [task_scheduler.cc:137] [Task #0: main] Trial #23: GFLOPs: 19.1752. Time: 31497.9050 us. Best GFLOPs: 94.9897
2026-04-07 16:53:14 [INFO] [task_scheduler.cc:137] [Task #0: main] Trial #24: GFLOPs: 23.7781. Time: 25400.7190 us. Best GFLOPs: 94.9897
2026-04-07 16:53:14 [INFO] [task_scheduler.cc:137] [Task #0: main] Trial #25: GFLOPs: 28.4977. Time: 21193.9833 us. Best GFLOPs: 94.9897
2026-04-07 16:53:14 [INFO] [task_scheduler.cc:137] [Task #0: main] Trial #26: GFLOPs: 57.2519. Time: 10549.5115 us. Best GFLOPs: 94.9897
2026-04-07 16:53:14 [INFO] [task_scheduler.cc:137] [Task #0: main] Trial #27: GFLOPs: 20.9622. Time: 28812.7940 us. Best GFLOPs: 94.9897
2026-04-07 16:53:14 [INFO] [task_scheduler.cc:137] [Task #0: main] Trial #28: GFLOPs: 73.8058. Time: 8183.3682 us. Best GFLOPs: 94.9897
2026-04-07 16:53:14 [INFO] [task_scheduler.cc:137] [Task #0: main] Trial #29: GFLOPs: 78.8493. Time: 7659.9240 us. Best GFLOPs: 94.9897
2026-04-07 16:53:14 [INFO] [task_scheduler.cc:137] [Task #0: main] Trial #30: GFLOPs: 3.1117. Time: 194097.2367 us. Best GFLOPs: 94.9897
2026-04-07 16:53:14 [INFO] [task_scheduler.cc:137] [Task #0: main] Trial #31: GFLOPs: 22.3503. Time: 27023.3763 us. Best GFLOPs: 94.9897
2026-04-07 16:53:14 [INFO] [task_scheduler.cc:137] [Task #0: main] Trial #32: GFLOPs: 22.9157. Time: 26356.6347 us. Best GFLOPs: 94.9897
2026-04-07 16:53:14 [INFO] [task_scheduler.cc:137] [Task #0: main] Trial #33: GFLOPs: 27.7945. Time: 21730.1757 us. Best GFLOPs: 94.9897
2026-04-07 16:53:14 [INFO] [task_scheduler.cc:137] [Task #0: main] Trial #34: GFLOPs: 86.6312. Time: 6971.8496 us. Best GFLOPs: 94.9897
2026-04-07 16:53:14 [INFO] [task_scheduler.cc:137] [Task #0: main] Trial #35: GFLOPs: 24.5070. Time: 24645.2170 us. Best GFLOPs: 94.9897
2026-04-07 16:53:14 [INFO] [task_scheduler.cc:137] [Task #0: main] Trial #36: GFLOPs: 28.0921. Time: 21499.9877 us. Best GFLOPs: 94.9897
2026-04-07 16:53:14 [INFO] [task_scheduler.cc:137] [Task #0: main] Trial #37: GFLOPs: 89.2565. Time: 6766.7874 us. Best GFLOPs: 94.9897
2026-04-07 16:53:14 [INFO] [task_scheduler.cc:137] [Task #0: main] Trial #38: GFLOPs: 11.9680. Time: 50466.2543 us. Best GFLOPs: 94.9897
2026-04-07 16:53:14 [INFO] [task_scheduler.cc:137] [Task #0: main] Trial #39: GFLOPs: 20.8708. Time: 28939.0203 us. Best GFLOPs: 94.9897
2026-04-07 16:53:14 [INFO] [task_scheduler.cc:137] [Task #0: main] Trial #40: GFLOPs: 18.4845. Time: 32674.8787 us. Best GFLOPs: 94.9897
2026-04-07 16:53:14 [INFO] [task_scheduler.cc:137] [Task #0: main] Trial #41: GFLOPs: 78.6323. Time: 7681.0676 us. Best GFLOPs: 94.9897
2026-04-07 16:53:14 [INFO] [task_scheduler.cc:137] [Task #0: main] Trial #42: GFLOPs: 27.4680. Time: 21988.4543 us. Best GFLOPs: 94.9897
2026-04-07 16:53:14 [INFO] [task_scheduler.cc:137] [Task #0: main] Trial #43: GFLOPs: 5.6283. Time: 107311.8653 us. Best GFLOPs: 94.9897
2026-04-07 16:53:14 [INFO] [task_scheduler.cc:137] [Task #0: main] Trial #44: GFLOPs: 37.9040. Time: 15934.4610 us. Best GFLOPs: 94.9897
2026-04-07 16:53:14 [INFO] [task_scheduler.cc:137] [Task #0: main] Trial #45: GFLOPs: 10.5115. Time: 57459.1957 us. Best GFLOPs: 94.9897
2026-04-07 16:53:14 [INFO] [task_scheduler.cc:137] [Task #0: main] Trial #46: GFLOPs: 20.0244. Time: 30162.2030 us. Best GFLOPs: 94.9897
2026-04-07 16:53:14 [INFO] [task_scheduler.cc:137] [Task #0: main] Trial #47: GFLOPs: 20.4948. Time: 29469.9160 us. Best GFLOPs: 94.9897
2026-04-07 16:53:14 [INFO] [task_scheduler.cc:137] [Task #0: main] Trial #48: GFLOPs: 24.4860. Time: 24666.3353 us. Best GFLOPs: 94.9897
2026-04-07 16:53:14 [INFO] [task_scheduler.cc:137] [Task #0: main] Trial #49: GFLOPs: 31.5940. Time: 19116.9145 us. Best GFLOPs: 94.9897
2026-04-07 16:53:14 [INFO] [task_scheduler.cc:137] [Task #0: main] Trial #50: GFLOPs: 8.2071. Time: 73591.9273 us. Best GFLOPs: 94.9897
2026-04-07 16:53:14 [INFO] [task_scheduler.cc:137] [Task #0: main] Trial #51: GFLOPs: 27.3810. Time: 22058.3807 us. Best GFLOPs: 94.9897
2026-04-07 16:53:14 [INFO] [task_scheduler.cc:137] [Task #0: main] Trial #52: GFLOPs: 50.2469. Time: 12020.2313 us. Best GFLOPs: 94.9897
2026-04-07 16:53:14 [INFO] [task_scheduler.cc:137] [Task #0: main] Trial #53: GFLOPs: 30.0651. Time: 20089.0523 us. Best GFLOPs: 94.9897
2026-04-07 16:53:14 [INFO] [task_scheduler.cc:137] [Task #0: main] Trial #54: GFLOPs: 37.9396. Time: 15919.5008 us. Best GFLOPs: 94.9897
2026-04-07 16:53:14 [INFO] [task_scheduler.cc:137] [Task #0: main] Trial #55: GFLOPs: 6.2839. Time: 96114.9617 us. Best GFLOPs: 94.9897
2026-04-07 16:53:14 [INFO] [task_scheduler.cc:137] [Task #0: main] Trial #56: GFLOPs: 89.2731. Time: 6765.5319 us. Best GFLOPs: 94.9897
2026-04-07 16:53:14 [INFO] [task_scheduler.cc:137] [Task #0: main] Trial #57: GFLOPs: 29.2434. Time: 20653.5187 us. Best GFLOPs: 94.9897
2026-04-07 16:53:14 [INFO] [task_scheduler.cc:137] [Task #0: main] Trial #58: GFLOPs: 28.4435. Time: 21234.3820 us. Best GFLOPs: 94.9897
2026-04-07 16:53:14 [INFO] [task_scheduler.cc:137] [Task #0: main] Trial #59: GFLOPs: 9.5205. Time: 63440.0393 us. Best GFLOPs: 94.9897
2026-04-07 16:53:14 [INFO] [task_scheduler.cc:137] [Task #0: main] Trial #60: GFLOPs: 41.1606. Time: 14673.7260 us. Best GFLOPs: 94.9897
2026-04-07 16:53:14 [INFO] [task_scheduler.cc:137] [Task #0: main] Trial #61: GFLOPs: 21.4392. Time: 28171.7383 us. Best GFLOPs: 94.9897
2026-04-07 16:53:14 [INFO] [task_scheduler.cc:137] [Task #0: main] Trial #62: GFLOPs: 38.6159. Time: 15640.7115 us. Best GFLOPs: 94.9897
2026-04-07 16:53:14 [INFO] [task_scheduler.cc:137] [Task #0: main] Trial #63: GFLOPs: 69.7316. Time: 8661.4883 us. Best GFLOPs: 94.9897
2026-04-07 16:53:14 [INFO] [task_scheduler.cc:137] [Task #0: main] Trial #64: GFLOPs: 16.2753. Time: 37110.2573 us. Best GFLOPs: 94.9897
2026-04-07 16:53:14 [INFO] [evolutionary_search.cc:711] Generating candidates......
2026-04-07 16:53:14 [INFO] [evolutionary_search.cc:713] Picked top 64 candidate(s) from database
2026-04-07 16:53:15 [INFO] [evolutionary_search.cc:530] Sample-Init-Population summary:
Postproc #0 [meta_schedule.DisallowDynamicLoop(0x5bdf4220a068)]: 0 failure(s)
Postproc #1 [meta_schedule.RewriteParallelVectorizeUnroll(0x5bdf41eea838)]: 0 failure(s)
Postproc #2 [meta_schedule.RewriteReductionBlock(0x5bdf41e61128)]: 0 failure(s)
Postproc #3 [meta_schedule.RewriteLayout(0x5bdf4262fd68)]: 0 failure(s)
2026-04-07 16:53:15 [INFO] [evolutionary_search.cc:721] Sampled 550 candidate(s)
2026-04-07 16:53:15 [INFO] [evolutionary_search.cc:619] Evolve iter #0 done. Summary:
Postproc #0 [meta_schedule.DisallowDynamicLoop(0x5bdf4220a068)]: 0 failure(s)
Postproc #1 [meta_schedule.RewriteParallelVectorizeUnroll(0x5bdf41eea838)]: 0 failure(s)
Postproc #2 [meta_schedule.RewriteReductionBlock(0x5bdf41e61128)]: 0 failure(s)
Postproc #3 [meta_schedule.RewriteLayout(0x5bdf4262fd68)]: 0 failure(s)
2026-04-07 16:53:16 [INFO] [evolutionary_search.cc:619] Evolve iter #1 done. Summary:
Postproc #0 [meta_schedule.DisallowDynamicLoop(0x5bdf4220a068)]: 0 failure(s)
Postproc #1 [meta_schedule.RewriteParallelVectorizeUnroll(0x5bdf41eea838)]: 0 failure(s)
Postproc #2 [meta_schedule.RewriteReductionBlock(0x5bdf41e61128)]: 0 failure(s)
Postproc #3 [meta_schedule.RewriteLayout(0x5bdf4262fd68)]: 0 failure(s)
2026-04-07 16:53:16 [INFO] [evolutionary_search.cc:619] Evolve iter #2 done. Summary:
Postproc #0 [meta_schedule.DisallowDynamicLoop(0x5bdf4220a068)]: 0 failure(s)
Postproc #1 [meta_schedule.RewriteParallelVectorizeUnroll(0x5bdf41eea838)]: 0 failure(s)
Postproc #2 [meta_schedule.RewriteReductionBlock(0x5bdf41e61128)]: 0 failure(s)
Postproc #3 [meta_schedule.RewriteLayout(0x5bdf4262fd68)]: 0 failure(s)
2026-04-07 16:53:16 [INFO] [evolutionary_search.cc:619] Evolve iter #3 done. Summary:
Postproc #0 [meta_schedule.DisallowDynamicLoop(0x5bdf4220a068)]: 0 failure(s)
Postproc #1 [meta_schedule.RewriteParallelVectorizeUnroll(0x5bdf41eea838)]: 0 failure(s)
Postproc #2 [meta_schedule.RewriteReductionBlock(0x5bdf41e61128)]: 0 failure(s)
Postproc #3 [meta_schedule.RewriteLayout(0x5bdf4262fd68)]: 0 failure(s)
2026-04-07 16:53:16 [INFO] [evolutionary_search.cc:647] Scores of the best 64 candidates:
[1 : 16]:	0.9998  0.9993  0.9991  0.9988  0.9984  0.9982  0.9979  0.9970  0.9968  0.9967  0.9965  0.9963  0.9958  0.9958  0.9954  0.9954
[17 : 32]:	0.9950  0.9947  0.9943  0.9938  0.9932  0.9924  0.9922  0.9921  0.9914  0.9909  0.9902  0.9899  0.9898  0.9894  0.9889  0.9881
[33 : 48]:	0.9864  0.9857  0.9850  0.9850  0.9849  0.9848  0.9844  0.9842  0.9840  0.9825  0.9823  0.9821  0.9812  0.9811  0.9803  0.9798
[49 : 64]:	0.9793  0.9793  0.9793  0.9791  0.9786  0.9782  0.9771  0.9750  0.9750  0.9749  0.9746  0.9739  0.9735  0.9726  0.9721  0.9711
2026-04-07 16:53:16 [INFO] [evolutionary_search.cc:725] Got 64 candidate(s) with evolutionary search
2026-04-07 16:53:16 [INFO] [evolutionary_search.cc:728] Sending 64 candidates(s) for measurement
2026-04-07 16:53:44 [INFO] [task_scheduler.cc:137] [Task #0: main] Trial #65: GFLOPs: 21.3424. Time: 28299.5543 us. Best GFLOPs: 94.9897
2026-04-07 16:53:44 [INFO] [task_scheduler.cc:137] [Task #0: main] Trial #66: GFLOPs: 9.1997. Time: 65651.8430 us. Best GFLOPs: 94.9897
2026-04-07 16:53:44 [INFO] [task_scheduler.cc:137] [Task #0: main] Trial #67: GFLOPs: 24.3598. Time: 24794.1500 us. Best GFLOPs: 94.9897
2026-04-07 16:53:44 [INFO] [task_scheduler.cc:137] [Task #0: main] Trial #68: GFLOPs: 55.3118. Time: 10919.5470 us. Best GFLOPs: 94.9897
2026-04-07 16:53:44 [INFO] [task_scheduler.cc:137] [Task #0: main] Trial #69: GFLOPs: 7.7968. Time: 77465.4650 us. Best GFLOPs: 94.9897
2026-04-07 16:53:44 [INFO] [task_scheduler.cc:137] [Task #0: main] Trial #70: GFLOPs: 12.0501. Time: 50122.3430 us. Best GFLOPs: 94.9897
2026-04-07 16:53:44 [INFO] [task_scheduler.cc:137] [Task #0: main] Trial #71: GFLOPs: 18.8115. Time: 32106.9987 us. Best GFLOPs: 94.9897
2026-04-07 16:53:44 [INFO] [task_scheduler.cc:137] [Task #0: main] Trial #72: GFLOPs: 26.6353. Time: 22675.8803 us. Best GFLOPs: 94.9897
2026-04-07 16:53:44 [INFO] [task_scheduler.cc:137] [Task #0: main] Trial #73: GFLOPs: 16.5432. Time: 36509.2817 us. Best GFLOPs: 94.9897
2026-04-07 16:53:44 [INFO] [task_scheduler.cc:137] [Task #0: main] Trial #74: GFLOPs: 3.2431. Time: 186237.5887 us. Best GFLOPs: 94.9897
2026-04-07 16:53:44 [INFO] [task_scheduler.cc:137] [Task #0: main] Trial #75: GFLOPs: 10.2031. Time: 59195.7903 us. Best GFLOPs: 94.9897
2026-04-07 16:53:44 [INFO] [task_scheduler.cc:137] [Task #0: main] Trial #76: GFLOPs: 31.9281. Time: 18916.8735 us. Best GFLOPs: 94.9897
2026-04-07 16:53:44 [INFO] [task_scheduler.cc:137] [Task #0: main] Trial #77: GFLOPs: 6.4116. Time: 94200.6573 us. Best GFLOPs: 94.9897
2026-04-07 16:53:44 [INFO] [task_scheduler.cc:137] [Task #0: main] Trial #78: GFLOPs: 13.8642. Time: 43564.1257 us. Best GFLOPs: 94.9897
2026-04-07 16:53:44 [INFO] [task_scheduler.cc:137] [Task #0: main] Trial #79: GFLOPs: 32.7186. Time: 18459.8082 us. Best GFLOPs: 94.9897
2026-04-07 16:53:44 [INFO] [task_scheduler.cc:137] [Task #0: main] Trial #80: GFLOPs: 16.7673. Time: 36021.2330 us. Best GFLOPs: 94.9897
2026-04-07 16:53:44 [INFO] [task_scheduler.cc:137] [Task #0: main] Trial #81: GFLOPs: 16.3591. Time: 36920.0953 us. Best GFLOPs: 94.9897
2026-04-07 16:53:44 [INFO] [task_scheduler.cc:137] [Task #0: main] Trial #82: GFLOPs: 15.6640. Time: 38558.5400 us. Best GFLOPs: 94.9897
2026-04-07 16:53:44 [INFO] [task_scheduler.cc:137] [Task #0: main] Trial #83: GFLOPs: 15.8753. Time: 38045.1717 us. Best GFLOPs: 94.9897
2026-04-07 16:53:44 [INFO] [task_scheduler.cc:137] [Task #0: main] Trial #84: GFLOPs: 74.2842. Time: 8130.6574 us. Best GFLOPs: 94.9897
2026-04-07 16:53:44 [INFO] [task_scheduler.cc:137] [Task #0: main] Trial #85: GFLOPs: 64.6548. Time: 9341.6051 us. Best GFLOPs: 94.9897
2026-04-07 16:53:44 [INFO] [task_scheduler.cc:137] [Task #0: main] Trial #86: GFLOPs: 35.3294. Time: 17095.6775 us. Best GFLOPs: 94.9897
2026-04-07 16:53:44 [INFO] [task_scheduler.cc:137] [Task #0: main] Trial #87: GFLOPs: 28.2335. Time: 21392.3410 us. Best GFLOPs: 94.9897
2026-04-07 16:53:44 [INFO] [task_scheduler.cc:137] [Task #0: main] Trial #88: GFLOPs: 6.9510. Time: 86891.1793 us. Best GFLOPs: 94.9897
2026-04-07 16:53:44 [INFO] [task_scheduler.cc:137] [Task #0: main] Trial #89: GFLOPs: 42.7817. Time: 14117.7202 us. Best GFLOPs: 94.9897
2026-04-07 16:53:44 [INFO] [task_scheduler.cc:137] [Task #0: main] Trial #90: GFLOPs: 12.7386. Time: 47413.1990 us. Best GFLOPs: 94.9897
2026-04-07 16:53:44 [INFO] [task_scheduler.cc:137] [Task #0: main] Trial #91: GFLOPs: 21.7295. Time: 27795.4340 us. Best GFLOPs: 94.9897
2026-04-07 16:53:44 [INFO] [task_scheduler.cc:137] [Task #0: main] Trial #92: GFLOPs: 49.1069. Time: 12299.2952 us. Best GFLOPs: 94.9897
2026-04-07 16:53:44 [INFO] [task_scheduler.cc:137] [Task #0: main] Trial #93: GFLOPs: 16.5845. Time: 36418.3937 us. Best GFLOPs: 94.9897
2026-04-07 16:53:44 [INFO] [task_scheduler.cc:137] [Task #0: main] Trial #94: GFLOPs: 12.1664. Time: 49643.2603 us. Best GFLOPs: 94.9897
2026-04-07 16:53:44 [INFO] [task_scheduler.cc:137] [Task #0: main] Trial #95: GFLOPs: 43.4532. Time: 13899.5356 us. Best GFLOPs: 94.9897
2026-04-07 16:53:44 [INFO] [task_scheduler.cc:137] [Task #0: main] Trial #96: GFLOPs: 35.0836. Time: 17215.4503 us. Best GFLOPs: 94.9897
2026-04-07 16:53:44 [INFO] [task_scheduler.cc:137] [Task #0: main] Trial #97: GFLOPs: 102.9274. Time: 5868.0175 us. Best GFLOPs: 102.9274
2026-04-07 16:53:44 [INFO] [task_scheduler.cc:137] [Task #0: main] Trial #98: GFLOPs: 39.2401. Time: 15391.9165 us. Best GFLOPs: 102.9274
2026-04-07 16:53:44 [INFO] [task_scheduler.cc:137] [Task #0: main] Trial #99: GFLOPs: 43.7329. Time: 13810.6594 us. Best GFLOPs: 102.9274
2026-04-07 16:53:44 [INFO] [task_scheduler.cc:137] [Task #0: main] Trial #100: GFLOPs: 32.4976. Time: 18585.3445 us. Best GFLOPs: 102.9274
2026-04-07 16:53:44 [INFO] [task_scheduler.cc:137] [Task #0: main] Trial #101: GFLOPs: 75.2304. Time: 8028.3966 us. Best GFLOPs: 102.9274
2026-04-07 16:53:44 [INFO] [task_scheduler.cc:137] [Task #0: main] Trial #102: GFLOPs: 10.4225. Time: 57949.4000 us. Best GFLOPs: 102.9274
2026-04-07 16:53:44 [INFO] [task_scheduler.cc:137] [Task #0: main] Trial #103: GFLOPs: 67.2832. Time: 8976.6750 us. Best GFLOPs: 102.9274
2026-04-07 16:53:44 [INFO] [task_scheduler.cc:137] [Task #0: main] Trial #104: GFLOPs: 104.4252. Time: 5783.8498 us. Best GFLOPs: 104.4252
2026-04-07 16:53:44 [INFO] [task_scheduler.cc:137] [Task #0: main] Trial #105: GFLOPs: 18.0067. Time: 33541.9773 us. Best GFLOPs: 104.4252
2026-04-07 16:53:44 [INFO] [task_scheduler.cc:137] [Task #0: main] Trial #106: GFLOPs: 47.7387. Time: 12651.7732 us. Best GFLOPs: 104.4252
2026-04-07 16:53:44 [INFO] [task_scheduler.cc:137] [Task #0: main] Trial #107: GFLOPs: 42.3049. Time: 14276.8176 us. Best GFLOPs: 104.4252
2026-04-07 16:53:44 [INFO] [task_scheduler.cc:137] [Task #0: main] Trial #108: GFLOPs: 70.6655. Time: 8547.0214 us. Best GFLOPs: 104.4252
2026-04-07 16:53:44 [INFO] [task_scheduler.cc:137] [Task #0: main] Trial #109: GFLOPs: 65.5749. Time: 9210.5389 us. Best GFLOPs: 104.4252
2026-04-07 16:53:44 [INFO] [task_scheduler.cc:137] [Task #0: main] Trial #110: GFLOPs: 46.0401. Time: 13118.5494 us. Best GFLOPs: 104.4252
2026-04-07 16:53:44 [INFO] [task_scheduler.cc:137] [Task #0: main] Trial #111: GFLOPs: 7.0103. Time: 86155.8343 us. Best GFLOPs: 104.4252
2026-04-07 16:53:44 [INFO] [task_scheduler.cc:137] [Task #0: main] Trial #112: GFLOPs: 63.3368. Time: 9536.0050 us. Best GFLOPs: 104.4252
2026-04-07 16:53:44 [INFO] [task_scheduler.cc:137] [Task #0: main] Trial #113: GFLOPs: 7.0633. Time: 85508.9850 us. Best GFLOPs: 104.4252
2026-04-07 16:53:44 [INFO] [task_scheduler.cc:137] [Task #0: main] Trial #114: GFLOPs: 17.0945. Time: 35331.8857 us. Best GFLOPs: 104.4252
2026-04-07 16:53:44 [INFO] [task_scheduler.cc:137] [Task #0: main] Trial #115: GFLOPs: 44.5072. Time: 13570.3952 us. Best GFLOPs: 104.4252
2026-04-07 16:53:44 [INFO] [task_scheduler.cc:137] [Task #0: main] Trial #116: GFLOPs: 84.2199. Time: 7171.4638 us. Best GFLOPs: 104.4252
2026-04-07 16:53:44 [INFO] [task_scheduler.cc:137] [Task #0: main] Trial #117: GFLOPs: 68.2478. Time: 8849.8106 us. Best GFLOPs: 104.4252
2026-04-07 16:53:44 [INFO] [task_scheduler.cc:137] [Task #0: main] Trial #118: GFLOPs: 28.4516. Time: 21228.3330 us. Best GFLOPs: 104.4252
2026-04-07 16:53:44 [INFO] [task_scheduler.cc:137] [Task #0: main] Trial #119: GFLOPs: 17.5799. Time: 34356.2350 us. Best GFLOPs: 104.4252
2026-04-07 16:53:44 [INFO] [task_scheduler.cc:137] [Task #0: main] Trial #120: GFLOPs: 44.2689. Time: 13643.4418 us. Best GFLOPs: 104.4252
2026-04-07 16:53:44 [INFO] [task_scheduler.cc:137] [Task #0: main] Trial #121: GFLOPs: 18.3210. Time: 32966.4483 us. Best GFLOPs: 104.4252
2026-04-07 16:53:44 [INFO] [task_scheduler.cc:137] [Task #0: main] Trial #122: GFLOPs: 6.8038. Time: 88770.8663 us. Best GFLOPs: 104.4252
2026-04-07 16:53:44 [INFO] [task_scheduler.cc:137] [Task #0: main] Trial #123: GFLOPs: 29.5673. Time: 20427.2957 us. Best GFLOPs: 104.4252
2026-04-07 16:53:44 [INFO] [task_scheduler.cc:137] [Task #0: main] Trial #124: GFLOPs: 45.1934. Time: 13364.3286 us. Best GFLOPs: 104.4252
2026-04-07 16:53:44 [INFO] [task_scheduler.cc:137] [Task #0: main] Trial #125: GFLOPs: 29.6492. Time: 20370.8440 us. Best GFLOPs: 104.4252
2026-04-07 16:53:44 [INFO] [task_scheduler.cc:137] [Task #0: main] Trial #126: GFLOPs: 17.3601. Time: 34791.2200 us. Best GFLOPs: 104.4252
2026-04-07 16:53:44 [INFO] [task_scheduler.cc:137] [Task #0: main] Trial #127: GFLOPs: 44.1193. Time: 13689.6904 us. Best GFLOPs: 104.4252
2026-04-07 16:53:44 [INFO] [task_scheduler.cc:137] [Task #0: main] Trial #128: GFLOPs: 23.9319. Time: 25237.4103 us. Best GFLOPs: 104.4252
2026-04-07 16:53:44 [INFO] [evolutionary_search.cc:711] Generating candidates......
2026-04-07 16:53:44 [INFO] [evolutionary_search.cc:713] Picked top 122 candidate(s) from database
2026-04-07 16:53:45 [INFO] [evolutionary_search.cc:530] Sample-Init-Population summary:
Postproc #0 [meta_schedule.DisallowDynamicLoop(0x5bdf4220a068)]: 0 failure(s)
Postproc #1 [meta_schedule.RewriteParallelVectorizeUnroll(0x5bdf41eea838)]: 0 failure(s)
Postproc #2 [meta_schedule.RewriteReductionBlock(0x5bdf41e61128)]: 0 failure(s)
Postproc #3 [meta_schedule.RewriteLayout(0x5bdf4262fd68)]: 0 failure(s)
2026-04-07 16:53:45 [INFO] [evolutionary_search.cc:721] Sampled 492 candidate(s)
2026-04-07 16:53:46 [INFO] [evolutionary_search.cc:619] Evolve iter #0 done. Summary:
Postproc #0 [meta_schedule.DisallowDynamicLoop(0x5bdf4220a068)]: 0 failure(s)
Postproc #1 [meta_schedule.RewriteParallelVectorizeUnroll(0x5bdf41eea838)]: 0 failure(s)
Postproc #2 [meta_schedule.RewriteReductionBlock(0x5bdf41e61128)]: 0 failure(s)
Postproc #3 [meta_schedule.RewriteLayout(0x5bdf4262fd68)]: 0 failure(s)
2026-04-07 16:53:47 [INFO] [evolutionary_search.cc:619] Evolve iter #1 done. Summary:
Postproc #0 [meta_schedule.DisallowDynamicLoop(0x5bdf4220a068)]: 0 failure(s)
Postproc #1 [meta_schedule.RewriteParallelVectorizeUnroll(0x5bdf41eea838)]: 0 failure(s)
Postproc #2 [meta_schedule.RewriteReductionBlock(0x5bdf41e61128)]: 0 failure(s)
Postproc #3 [meta_schedule.RewriteLayout(0x5bdf4262fd68)]: 0 failure(s)
2026-04-07 16:53:48 [INFO] [evolutionary_search.cc:619] Evolve iter #2 done. Summary:
Postproc #0 [meta_schedule.DisallowDynamicLoop(0x5bdf4220a068)]: 0 failure(s)
Postproc #1 [meta_schedule.RewriteParallelVectorizeUnroll(0x5bdf41eea838)]: 0 failure(s)
Postproc #2 [meta_schedule.RewriteReductionBlock(0x5bdf41e61128)]: 0 failure(s)
Postproc #3 [meta_schedule.RewriteLayout(0x5bdf4262fd68)]: 0 failure(s)
2026-04-07 16:53:49 [INFO] [evolutionary_search.cc:619] Evolve iter #3 done. Summary:
Postproc #0 [meta_schedule.DisallowDynamicLoop(0x5bdf4220a068)]: 0 failure(s)
Postproc #1 [meta_schedule.RewriteParallelVectorizeUnroll(0x5bdf41eea838)]: 0 failure(s)
Postproc #2 [meta_schedule.RewriteReductionBlock(0x5bdf41e61128)]: 0 failure(s)
Postproc #3 [meta_schedule.RewriteLayout(0x5bdf4262fd68)]: 0 failure(s)
2026-04-07 16:53:50 [INFO] [evolutionary_search.cc:647] Scores of the best 25 candidates:
[1 : 16]:	0.9647  0.8933  0.8725  0.8529  0.8499  0.8472  0.8352  0.8343  0.8278  0.8263  0.8246  0.8168  0.8133  0.8073  0.8058  0.8053
[17 : 25]:	0.8010  0.7991  0.7945  0.7932  0.7900  0.7879  0.7879  0.7872  0.7864
2026-04-07 16:53:50 [INFO] [evolutionary_search.cc:725] Got 25 candidate(s) with evolutionary search
2026-04-07 16:53:50 [INFO] [evolutionary_search.cc:728] Sending 25 candidates(s) for measurement
2026-04-07 16:54:04 [INFO] [task_scheduler.cc:137] [Task #0: main] Trial #129: GFLOPs: 109.3951. Time: 5521.0879 us. Best GFLOPs: 109.3951
2026-04-07 16:54:04 [INFO] [task_scheduler.cc:137] [Task #0: main] Trial #130: GFLOPs: 36.5910. Time: 16506.2440 us. Best GFLOPs: 109.3951
2026-04-07 16:54:04 [INFO] [task_scheduler.cc:137] [Task #0: main] Trial #131: GFLOPs: 31.3642. Time: 19256.9937 us. Best GFLOPs: 109.3951
2026-04-07 16:54:04 [INFO] [task_scheduler.cc:137] [Task #0: main] Trial #132: GFLOPs: 105.2755. Time: 5737.1332 us. Best GFLOPs: 109.3951
2026-04-07 16:54:04 [INFO] [task_scheduler.cc:137] [Task #0: main] Trial #133: GFLOPs: 49.3984. Time: 12226.7118 us. Best GFLOPs: 109.3951
2026-04-07 16:54:04 [INFO] [task_scheduler.cc:137] [Task #0: main] Trial #134: GFLOPs: 34.8904. Time: 17310.7918 us. Best GFLOPs: 109.3951
2026-04-07 16:54:04 [INFO] [task_scheduler.cc:137] [Task #0: main] Trial #135: GFLOPs: 80.8137. Time: 7473.7262 us. Best GFLOPs: 109.3951
2026-04-07 16:54:04 [INFO] [task_scheduler.cc:137] [Task #0: main] Trial #136: GFLOPs: 88.0737. Time: 6857.6645 us. Best GFLOPs: 109.3951
2026-04-07 16:54:04 [INFO] [task_scheduler.cc:137] [Task #0: main] Trial #137: GFLOPs: 25.2539. Time: 23916.2697 us. Best GFLOPs: 109.3951
2026-04-07 16:54:04 [INFO] [task_scheduler.cc:137] [Task #0: main] Trial #138: GFLOPs: 99.5175. Time: 6069.0798 us. Best GFLOPs: 109.3951
2026-04-07 16:54:04 [INFO] [task_scheduler.cc:137] [Task #0: main] Trial #139: GFLOPs: 52.5468. Time: 11494.1198 us. Best GFLOPs: 109.3951
2026-04-07 16:54:04 [INFO] [task_scheduler.cc:137] [Task #0: main] Trial #140: GFLOPs: 63.8582. Time: 9458.1433 us. Best GFLOPs: 109.3951
2026-04-07 16:54:04 [INFO] [task_scheduler.cc:137] [Task #0: main] Trial #141: GFLOPs: 27.6897. Time: 21812.4725 us. Best GFLOPs: 109.3951
2026-04-07 16:54:04 [INFO] [task_scheduler.cc:137] [Task #0: main] Trial #142: GFLOPs: 81.7086. Time: 7391.8722 us. Best GFLOPs: 109.3951
2026-04-07 16:54:04 [INFO] [task_scheduler.cc:137] [Task #0: main] Trial #143: GFLOPs: 17.7534. Time: 34020.5377 us. Best GFLOPs: 109.3951
2026-04-07 16:54:04 [INFO] [task_scheduler.cc:137] [Task #0: main] Trial #144: GFLOPs: 104.7320. Time: 5766.9055 us. Best GFLOPs: 109.3951
2026-04-07 16:54:04 [INFO] [task_scheduler.cc:137] [Task #0: main] Trial #145: GFLOPs: 77.8772. Time: 7755.5355 us. Best GFLOPs: 109.3951
2026-04-07 16:54:04 [INFO] [task_scheduler.cc:137] [Task #0: main] Trial #146: GFLOPs: 30.5875. Time: 19745.9732 us. Best GFLOPs: 109.3951
2026-04-07 16:54:04 [INFO] [task_scheduler.cc:137] [Task #0: main] Trial #147: GFLOPs: 89.6410. Time: 6737.7621 us. Best GFLOPs: 109.3951
2026-04-07 16:54:04 [INFO] [task_scheduler.cc:137] [Task #0: main] Trial #148: GFLOPs: 77.0049. Time: 7843.3933 us. Best GFLOPs: 109.3951
2026-04-07 16:54:04 [INFO] [task_scheduler.cc:137] [Task #0: main] Trial #149: GFLOPs: 79.4760. Time: 7599.5220 us. Best GFLOPs: 109.3951
2026-04-07 16:54:04 [INFO] [task_scheduler.cc:137] [Task #0: main] Trial #150: GFLOPs: 57.4767. Time: 10508.2618 us. Best GFLOPs: 109.3951
2026-04-07 16:54:04 [INFO] [task_scheduler.cc:137] [Task #0: main] Trial #151: GFLOPs: 77.1983. Time: 7823.7418 us. Best GFLOPs: 109.3951
2026-04-07 16:54:04 [INFO] [task_scheduler.cc:137] [Task #0: main] Trial #152: GFLOPs: 73.5579. Time: 8210.9419 us. Best GFLOPs: 109.3951
2026-04-07 16:54:04 [INFO] [task_scheduler.cc:137] [Task #0: main] Trial #153: GFLOPs: 6.3114. Time: 95696.9800 us. Best GFLOPs: 109.3951
